#-----------------------------------------------------------
# Vivado v2025.2 (64-bit)
# SW Build 6299465 on Fri Nov 14 12:34:56 MST 2025
# IP Build 6300035 on Fri Nov 14 10:48:45 MST 2025
# SharedData Build 6298862 on Thu Nov 13 04:50:51 MST 2025
# Start of session at: Mon Aug 31 22:39:15 2026
# Process ID         : 308288
# Current directory  : /home/khwl/Desktop/claude_RISCOF_RV-IM100/RV-IM100/RV32s/SoCs
# Command line       : vivado
# Log file           : /home/khwl/Desktop/claude_RISCOF_RV-IM100/RV-IM100/RV32s/SoCs/vivado.log
# Journal file       : /home/khwl/Desktop/claude_RISCOF_RV-IM100/RV-IM100/RV32s/SoCs/vivado.jou
# Running On         : khwl-ThinkPad-X1-Carbon-Gen-13
# Platform           : Ubuntu
# Operating System   : Ubuntu 24.04.4 LTS
# Processor Detail   : Intel(R) Core(TM) Ultra 7 255H
# CPU Frequency      : 1570.802 MHz
# CPU Physical cores : 16
# CPU Logical cores  : 16
# Host memory        : 33110 MB
# Swap memory        : 8589 MB
# Total Virtual      : 41700 MB
# Available Virtual  : 32939 MB
#-----------------------------------------------------------
start_gui
WARNING: [Board 49-26] cannot add Board Part xilinx.com:emb-plus-vpr-4616:part0:1.0 available at /tools/Xilinx/2025.2/data/xhub/boards/XilinxBoardStore/boards/Xilinx/emb-plus-vpr-4616/1.0/board.xml as part xcve2302-sfva784-2mp-e-s specified in board_part file is either invalid or not available
WARNING: [Board 49-26] cannot add Board Part xilinx.com:emb-plus-vpr-4616:part0:1.1 available at /tools/Xilinx/2025.2/data/xhub/boards/XilinxBoardStore/boards/Xilinx/emb-plus-vpr-4616/1.1/board.xml as part xcve2302-sfva784-2mp-e-s specified in board_part file is either invalid or not available
WARNING: [Board 49-26] cannot add Board Part xilinx.com:kc705:part0:1.6 available at /tools/Xilinx/2025.2/data/xhub/boards/XilinxBoardStore/boards/Xilinx/kc705/1.6/board.xml as part xc7k325tffg900-2 specified in board_part file is either invalid or not available
WARNING: [Board 49-26] cannot add Board Part xilinx.com:kc705:part0:1.7 available at /tools/Xilinx/2025.2/data/xhub/boards/XilinxBoardStore/boards/Xilinx/kc705/1.7/board.xml as part xc7k325tffg900-2 specified in board_part file is either invalid or not available
WARNING: [Board 49-26] cannot add Board Part xilinx.com:kcu105:part0:1.6 available at /tools/Xilinx/2025.2/data/xhub/boards/XilinxBoardStore/boards/Xilinx/kcu105/1.6/board.xml as part xcku040-ffva1156-2-e specified in board_part file is either invalid or not available
WARNING: [Board 49-26] cannot add Board Part xilinx.com:kcu105:part0:1.7 available at /tools/Xilinx/2025.2/data/xhub/boards/XilinxBoardStore/boards/Xilinx/kcu105/1.7/board.xml as part xcku040-ffva1156-2-e specified in board_part file is either invalid or not available
WARNING: [Board 49-26] cannot add Board Part xilinx.com:kcu116:part0:1.4 available at /tools/Xilinx/2025.2/data/xhub/boards/XilinxBoardStore/boards/Xilinx/kcu116/1.4/board.xml as part xcku5p-ffvb676-2-e specified in board_part file is either invalid or not available
WARNING: [Board 49-26] cannot add Board Part xilinx.com:kcu116:part0:1.5 available at /tools/Xilinx/2025.2/data/xhub/boards/XilinxBoardStore/boards/Xilinx/kcu116/1.5/board.xml as part xcku5p-ffvb676-2-e specified in board_part file is either invalid or not available
WARNING: [Board 49-26] cannot add Board Part xilinx.com:kcu1500:part0:1.2 available at /tools/Xilinx/2025.2/data/xhub/boards/XilinxBoardStore/boards/Xilinx/kcu1500/1.2/board.xml as part xcku115-flvb2104-2-e specified in board_part file is either invalid or not available
WARNING: [Board 49-26] cannot add Board Part xilinx.com:scu35:part0:1.0 available at /tools/Xilinx/2025.2/data/xhub/boards/XilinxBoardStore/boards/Xilinx/scu35/1.0/board.xml as part xcsu35p-sbvb625-2-e specified in board_part file is either invalid or not available
WARNING: [Board 49-26] cannot add Board Part xilinx.com:v80:part0:1.0 available at /tools/Xilinx/2025.2/data/xhub/boards/XilinxBoardStore/boards/Xilinx/v80/1.0/board.xml as part xcv80-lsva4737-2mhp-e-s specified in board_part file is either invalid or not available
WARNING: [Board 49-26] cannot add Board Part xilinx.com:vc707:part0:1.4 available at /tools/Xilinx/2025.2/data/xhub/boards/XilinxBoardStore/boards/Xilinx/vc707/1.4/board.xml as part xc7vx485tffg1761-2 specified in board_part file is either invalid or not available
WARNING: [Board 49-26] cannot add Board Part xilinx.com:vc707:part0:1.5 available at /tools/Xilinx/2025.2/data/xhub/boards/XilinxBoardStore/boards/Xilinx/vc707/1.5/board.xml as part xc7vx485tffg1761-2 specified in board_part file is either invalid or not available
WARNING: [Board 49-26] cannot add Board Part xilinx.com:vc709:part0:1.8 available at /tools/Xilinx/2025.2/data/xhub/boards/XilinxBoardStore/boards/Xilinx/vc709/1.8/board.xml as part xc7vx690tffg1761-2 specified in board_part file is either invalid or not available
WARNING: [Board 49-26] cannot add Board Part xilinx.com:vck190:part0:2.2 available at /tools/Xilinx/2025.2/data/xhub/boards/XilinxBoardStore/boards/Xilinx/vck190/production/2.2/board.xml as part xcvc1902-vsva2197-2mp-e-s specified in board_part file is either invalid or not available
WARNING: [Board 49-26] cannot add Board Part xilinx.com:vck190:part0:3.0 available at /tools/Xilinx/2025.2/data/xhub/boards/XilinxBoardStore/boards/Xilinx/vck190/production/3.0/board.xml as part xcvc1902-vsva2197-2mp-e-s specified in board_part file is either invalid or not available
WARNING: [Board 49-26] cannot add Board Part xilinx.com:vck190:part0:3.1 available at /tools/Xilinx/2025.2/data/xhub/boards/XilinxBoardStore/boards/Xilinx/vck190/production/3.1/board.xml as part xcvc1902-vsva2197-2mp-e-s specified in board_part file is either invalid or not available
WARNING: [Board 49-26] cannot add Board Part xilinx.com:vck190:part0:3.2 available at /tools/Xilinx/2025.2/data/xhub/boards/XilinxBoardStore/boards/Xilinx/vck190/production/3.2/board.xml as part xcvc1902-vsva2197-2mp-e-s specified in board_part file is either invalid or not available
WARNING: [Board 49-26] cannot add Board Part xilinx.com:vck190:part0:3.3 available at /tools/Xilinx/2025.2/data/xhub/boards/XilinxBoardStore/boards/Xilinx/vck190/production/3.3/board.xml as part xcvc1902-vsva2197-2mp-e-s specified in board_part file is either invalid or not available
WARNING: [Board 49-26] cannot add Board Part xilinx.com:vck190:part0:3.4 available at /tools/Xilinx/2025.2/data/xhub/boards/XilinxBoardStore/boards/Xilinx/vck190/production/3.4/board.xml as part xcvc1902-vsva2197-2mp-e-s specified in board_part file is either invalid or not available
WARNING: [Board 49-26] cannot add Board Part xilinx.com:vck190_newl:part0:1.0 available at /tools/Xilinx/2025.2/data/xhub/boards/XilinxBoardStore/boards/Xilinx/vck190_newl/production/1.0/board.xml as part xcvc1902-vsva2197-2mp-e-s specified in board_part file is either invalid or not available
WARNING: [Board 49-26] cannot add Board Part xilinx.com:vck190_newl:part0:1.1 available at /tools/Xilinx/2025.2/data/xhub/boards/XilinxBoardStore/boards/Xilinx/vck190_newl/production/1.1/board.xml as part xcvc1902-vsva2197-2mp-e-s specified in board_part file is either invalid or not available
WARNING: [Board 49-26] cannot add Board Part xilinx.com:vck190_newl:part0:1.2 available at /tools/Xilinx/2025.2/data/xhub/boards/XilinxBoardStore/boards/Xilinx/vck190_newl/production/1.2/board.xml as part xcvc1902-vsva2197-2mp-e-s specified in board_part file is either invalid or not available
WARNING: [Board 49-26] cannot add Board Part xilinx.com:vck190_newl:part0:1.3 available at /tools/Xilinx/2025.2/data/xhub/boards/XilinxBoardStore/boards/Xilinx/vck190_newl/production/1.3/board.xml as part xcvc1902-vsva2197-2mp-e-s specified in board_part file is either invalid or not available
WARNING: [Board 49-26] cannot add Board Part xilinx.com:vcu108:part0:1.6 available at /tools/Xilinx/2025.2/data/xhub/boards/XilinxBoardStore/boards/Xilinx/vcu108/1.6/board.xml as part xcvu095-ffva2104-2-e specified in board_part file is either invalid or not available
WARNING: [Board 49-26] cannot add Board Part xilinx.com:vcu108:part0:1.7 available at /tools/Xilinx/2025.2/data/xhub/boards/XilinxBoardStore/boards/Xilinx/vcu108/1.7/board.xml as part xcvu095-ffva2104-2-e specified in board_part file is either invalid or not available
WARNING: [Board 49-26] cannot add Board Part xilinx.com:vcu110:part0:1.4 available at /tools/Xilinx/2025.2/data/xhub/boards/XilinxBoardStore/boards/Xilinx/vcu110/1.4/board.xml as part xcvu190-flgc2104-2-e specified in board_part file is either invalid or not available
WARNING: [Board 49-26] cannot add Board Part xilinx.com:vcu118:part0:2.0 available at /tools/Xilinx/2025.2/data/xhub/boards/XilinxBoardStore/boards/Xilinx/vcu118/2.0/board.xml as part xcvu9p-flga2104-2l-e specified in board_part file is either invalid or not available
WARNING: [Board 49-26] cannot add Board Part xilinx.com:vcu118:part0:2.3 available at /tools/Xilinx/2025.2/data/xhub/boards/XilinxBoardStore/boards/Xilinx/vcu118/2.3/board.xml as part xcvu9p-flga2104-2l-e specified in board_part file is either invalid or not available
WARNING: [Board 49-26] cannot add Board Part xilinx.com:vcu118:part0:2.4 available at /tools/Xilinx/2025.2/data/xhub/boards/XilinxBoardStore/boards/Xilinx/vcu118/2.4/board.xml as part xcvu9p-flga2104-2l-e specified in board_part file is either invalid or not available
WARNING: [Board 49-26] cannot add Board Part xilinx.com:vcu128:part0:1.0 available at /tools/Xilinx/2025.2/data/xhub/boards/XilinxBoardStore/boards/Xilinx/vcu128/production/1.0/board.xml as part xcvu37p-fsvh2892-2l-e specified in board_part file is either invalid or not available
WARNING: [Board 49-26] cannot add Board Part xilinx.com:vcu129:part0:1.0 available at /tools/Xilinx/2025.2/data/xhub/boards/XilinxBoardStore/boards/Xilinx/vcu129/production/1.0/board.xml as part xcvu29p-fsga2577-2l-e specified in board_part file is either invalid or not available
WARNING: [Board 49-26] cannot add Board Part xilinx.com:vcu1525:part0:1.3 available at /tools/Xilinx/2025.2/data/xhub/boards/XilinxBoardStore/boards/Xilinx/vcu1525/1.3/board.xml as part xcvu9p-fsgd2104-2l-e specified in board_part file is either invalid or not available
WARNING: [Board 49-26] cannot add Board Part xilinx.com:vek280:part0:1.0 available at /tools/Xilinx/2025.2/data/xhub/boards/XilinxBoardStore/boards/Xilinx/vek280/production/1.0/board.xml as part xcve2802-vsvh1760-2mp-e-s specified in board_part file is either invalid or not available
WARNING: [Board 49-26] cannot add Board Part xilinx.com:vek280:part0:1.1 available at /tools/Xilinx/2025.2/data/xhub/boards/XilinxBoardStore/boards/Xilinx/vek280/production/1.1/board.xml as part xcve2802-vsvh1760-2mp-e-s specified in board_part file is either invalid or not available
WARNING: [Board 49-26] cannot add Board Part xilinx.com:vek280:part0:1.2 available at /tools/Xilinx/2025.2/data/xhub/boards/XilinxBoardStore/boards/Xilinx/vek280/production/1.2/board.xml as part xcve2802-vsvh1760-2mp-e-s specified in board_part file is either invalid or not available
WARNING: [Board 49-26] cannot add Board Part xilinx.com:vek385:part0:1.0 available at /tools/Xilinx/2025.2/data/xhub/boards/XilinxBoardStore/boards/Xilinx/vek385/1.0/board.xml as part xc2ve3858-ssva2112-2mp-e-s specified in board_part file is either invalid or not available
WARNING: [Board 49-26] cannot add Board Part xilinx.com:vek385:part0:1.1 available at /tools/Xilinx/2025.2/data/xhub/boards/XilinxBoardStore/boards/Xilinx/vek385/1.1/board.xml as part xc2ve3858-ssva2112-2mp-e-s specified in board_part file is either invalid or not available
WARNING: [Board 49-26] cannot add Board Part xilinx.com:vek385_1:part0:1.0 available at /tools/Xilinx/2025.2/data/xhub/boards/XilinxBoardStore/boards/Xilinx/vek385_2/1.0/board.xml as part xc2ve3858-ssva2112-2mp-e-s specified in board_part file is either invalid or not available
WARNING: [Board 49-26] cannot add Board Part xilinx.com:vermeo_t1_mpsoc:part0:1.0 available at /tools/Xilinx/2025.2/data/xhub/boards/XilinxBoardStore/boards/Xilinx/vermeo_t1_mpsoc/1.0/board.xml as part xczu19eg-ffvd1760-2l-e specified in board_part file is either invalid or not available
WARNING: [Board 49-26] cannot add Board Part xilinx.com:vermeo_t1_rfsoc:part0:1.0 available at /tools/Xilinx/2025.2/data/xhub/boards/XilinxBoardStore/boards/Xilinx/vermeo_t1_rfsoc/1.0/board.xml as part xczu21dr-ffvd1156-2l-e specified in board_part file is either invalid or not available
WARNING: [Board 49-26] cannot add Board Part xilinx.com:vhk158:part0:1.0 available at /tools/Xilinx/2025.2/data/xhub/boards/XilinxBoardStore/boards/Xilinx/vhk158/production/1.0/board.xml as part xcvh1582-vsva3697-2mp-e-s specified in board_part file is either invalid or not available
WARNING: [Board 49-26] cannot add Board Part xilinx.com:vhk158:part0:1.1 available at /tools/Xilinx/2025.2/data/xhub/boards/XilinxBoardStore/boards/Xilinx/vhk158/production/1.1/board.xml as part xcvh1582-vsva3697-2mp-e-s specified in board_part file is either invalid or not available
WARNING: [Board 49-26] cannot add Board Part xilinx.com:vhk158:part0:1.2 available at /tools/Xilinx/2025.2/data/xhub/boards/XilinxBoardStore/boards/Xilinx/vhk158/production/1.2/board.xml as part xcvh1582-vsva3697-2mp-e-s specified in board_part file is either invalid or not available
WARNING: [Board 49-26] cannot add Board Part xilinx.com:vmk180:part0:2.2 available at /tools/Xilinx/2025.2/data/xhub/boards/XilinxBoardStore/boards/Xilinx/vmk180/production/2.2/board.xml as part xcvm1802-vsva2197-2mp-e-s specified in board_part file is either invalid or not available
WARNING: [Board 49-26] cannot add Board Part xilinx.com:vmk180:part0:3.0 available at /tools/Xilinx/2025.2/data/xhub/boards/XilinxBoardStore/boards/Xilinx/vmk180/production/3.0/board.xml as part xcvm1802-vsva2197-2mp-e-s specified in board_part file is either invalid or not available
WARNING: [Board 49-26] cannot add Board Part xilinx.com:vmk180:part0:3.1 available at /tools/Xilinx/2025.2/data/xhub/boards/XilinxBoardStore/boards/Xilinx/vmk180/production/3.1/board.xml as part xcvm1802-vsva2197-2mp-e-s specified in board_part file is either invalid or not available
WARNING: [Board 49-26] cannot add Board Part xilinx.com:vmk180:part0:3.2 available at /tools/Xilinx/2025.2/data/xhub/boards/XilinxBoardStore/boards/Xilinx/vmk180/production/3.2/board.xml as part xcvm1802-vsva2197-2mp-e-s specified in board_part file is either invalid or not available
WARNING: [Board 49-26] cannot add Board Part xilinx.com:vmk180:part0:3.3 available at /tools/Xilinx/2025.2/data/xhub/boards/XilinxBoardStore/boards/Xilinx/vmk180/production/3.3/board.xml as part xcvm1802-vsva2197-2mp-e-s specified in board_part file is either invalid or not available
WARNING: [Board 49-26] cannot add Board Part xilinx.com:vmk180_newl:part0:1.0 available at /tools/Xilinx/2025.2/data/xhub/boards/XilinxBoardStore/boards/Xilinx/vmk180_newl/production/1.0/board.xml as part xcvm1802-vsva2197-2mp-e-s specified in board_part file is either invalid or not available
WARNING: [Board 49-26] cannot add Board Part xilinx.com:vmk180_newl:part0:1.1 available at /tools/Xilinx/2025.2/data/xhub/boards/XilinxBoardStore/boards/Xilinx/vmk180_newl/production/1.1/board.xml as part xcvm1802-vsva2197-2mp-e-s specified in board_part file is either invalid or not available
WARNING: [Board 49-26] cannot add Board Part xilinx.com:vpk120:part0:1.0 available at /tools/Xilinx/2025.2/data/xhub/boards/XilinxBoardStore/boards/Xilinx/vpk120/production/1.0/board.xml as part xcvp1202-vsva2785-2mp-e-s specified in board_part file is either invalid or not available
WARNING: [Board 49-26] cannot add Board Part xilinx.com:vpk120:part0:1.1 available at /tools/Xilinx/2025.2/data/xhub/boards/XilinxBoardStore/boards/Xilinx/vpk120/production/1.1/board.xml as part xcvp1202-vsva2785-2mp-e-s specified in board_part file is either invalid or not available
WARNING: [Board 49-26] cannot add Board Part xilinx.com:vpk120:part0:1.2 available at /tools/Xilinx/2025.2/data/xhub/boards/XilinxBoardStore/boards/Xilinx/vpk120/production/1.2/board.xml as part xcvp1202-vsva2785-2mp-e-s specified in board_part file is either invalid or not available
WARNING: [Board 49-26] cannot add Board Part xilinx.com:vpk180:part0:1.0 available at /tools/Xilinx/2025.2/data/xhub/boards/XilinxBoardStore/boards/Xilinx/vpk180/production/1.0/board.xml as part xcvp1802-lsvc4072-2mp-e-s specified in board_part file is either invalid or not available
WARNING: [Board 49-26] cannot add Board Part xilinx.com:vpk180:part0:1.1 available at /tools/Xilinx/2025.2/data/xhub/boards/XilinxBoardStore/boards/Xilinx/vpk180/production/1.1/board.xml as part xcvp1802-lsvc4072-2mp-e-s specified in board_part file is either invalid or not available
WARNING: [Board 49-26] cannot add Board Part xilinx.com:vpk180:part0:1.2 available at /tools/Xilinx/2025.2/data/xhub/boards/XilinxBoardStore/boards/Xilinx/vpk180/production/1.2/board.xml as part xcvp1802-lsvc4072-2mp-e-s specified in board_part file is either invalid or not available
WARNING: [Board 49-26] cannot add Board Part xilinx.com:vrk160:part0:1.0 available at /tools/Xilinx/2025.2/data/xhub/boards/XilinxBoardStore/boards/Xilinx/vrk160/1.0/board.xml as part xcvr1602-vsva2488-2mp-e-s-es1 specified in board_part file is either invalid or not available
WARNING: [Board 49-26] cannot add Board Part xilinx.com:vrk160:part0:1.1 available at /tools/Xilinx/2025.2/data/xhub/boards/XilinxBoardStore/boards/Xilinx/vrk160/1.1/board.xml as part xcvr1602-vsva2488-2mp-e-s-es1 specified in board_part file is either invalid or not available
WARNING: [Board 49-26] cannot add Board Part xilinx.com:zc706:part0:1.4 available at /tools/Xilinx/2025.2/data/xhub/boards/XilinxBoardStore/boards/Xilinx/zc706/1.4/board.xml as part xc7z045ffg900-2 specified in board_part file is either invalid or not available
WARNING: [Board 49-26] cannot add Board Part xilinx.com:zc706:part0:1.5 available at /tools/Xilinx/2025.2/data/xhub/boards/XilinxBoardStore/boards/Xilinx/zc706/1.5/board.xml as part xc7z045ffg900-2 specified in board_part file is either invalid or not available
WARNING: [Board 49-26] cannot add Board Part xilinx.com:zcu102:part0:3.3 available at /tools/Xilinx/2025.2/data/xhub/boards/XilinxBoardStore/boards/Xilinx/zcu102/3.3/board.xml as part xczu9eg-ffvb1156-2-e specified in board_part file is either invalid or not available
WARNING: [Board 49-26] cannot add Board Part xilinx.com:zcu102:part0:3.4 available at /tools/Xilinx/2025.2/data/xhub/boards/XilinxBoardStore/boards/Xilinx/zcu102/3.4/board.xml as part xczu9eg-ffvb1156-2-e specified in board_part file is either invalid or not available
WARNING: [Board 49-26] cannot add Board Part xilinx.com:zcu111:part0:1.2 available at /tools/Xilinx/2025.2/data/xhub/boards/XilinxBoardStore/boards/Xilinx/zcu111/1.2/board.xml as part xczu28dr-ffvg1517-2-e specified in board_part file is either invalid or not available
WARNING: [Board 49-26] cannot add Board Part xilinx.com:zcu111:part0:1.3 available at /tools/Xilinx/2025.2/data/xhub/boards/XilinxBoardStore/boards/Xilinx/zcu111/1.3/board.xml as part xczu28dr-ffvg1517-2-e specified in board_part file is either invalid or not available
WARNING: [Board 49-26] cannot add Board Part xilinx.com:zcu111:part0:1.4 available at /tools/Xilinx/2025.2/data/xhub/boards/XilinxBoardStore/boards/Xilinx/zcu111/1.4/board.xml as part xczu28dr-ffvg1517-2-e specified in board_part file is either invalid or not available
WARNING: [Board 49-26] cannot add Board Part xilinx.com:zcu1275:part0:1.0 available at /tools/Xilinx/2025.2/data/xhub/boards/XilinxBoardStore/boards/Xilinx/zcu1275/1.0/board.xml as part xczu29dr-ffvf1760-2-e specified in board_part file is either invalid or not available
WARNING: [Board 49-26] cannot add Board Part xilinx.com:zcu1285:part0:1.0 available at /tools/Xilinx/2025.2/data/xhub/boards/XilinxBoardStore/boards/Xilinx/zcu1285/1.0/board.xml as part xczu39dr-ffvf1760-2-i specified in board_part file is either invalid or not available
WARNING: [Board 49-26] cannot add Board Part xilinx.com:zcu208:part0:2.0 available at /tools/Xilinx/2025.2/data/xhub/boards/XilinxBoardStore/boards/Xilinx/zcu208/production/2.0/board.xml as part xczu48dr-fsvg1517-2-e specified in board_part file is either invalid or not available
WARNING: [Board 49-26] cannot add Board Part xilinx.com:zcu208ld:part0:2.0 available at /tools/Xilinx/2025.2/data/xhub/boards/XilinxBoardStore/boards/Xilinx/zcu208ld/production/2.0/board.xml as part xczu58dr-fsvg1517-2-i specified in board_part file is either invalid or not available
WARNING: [Board 49-26] cannot add Board Part xilinx.com:zcu216:part0:2.0 available at /tools/Xilinx/2025.2/data/xhub/boards/XilinxBoardStore/boards/Xilinx/zcu216/production/2.0/board.xml as part xczu49dr-ffvf1760-2-e specified in board_part file is either invalid or not available
WARNING: [Board 49-26] cannot add Board Part xilinx.com:zcu216ld:part0:2.0 available at /tools/Xilinx/2025.2/data/xhub/boards/XilinxBoardStore/boards/Xilinx/zcu216ld/production/2.0/board.xml as part xczu59dr-ffvf1760-2-i specified in board_part file is either invalid or not available
WARNING: [Board 49-26] cannot add Board Part xilinx.com:zcu670:part0:2.0 available at /tools/Xilinx/2025.2/data/xhub/boards/XilinxBoardStore/boards/Xilinx/zcu670/2.0/board.xml as part xczu67dr-fsve1156-2-i specified in board_part file is either invalid or not available
WARNING: [Board 49-26] cannot add Board Part xilinx.com:zcu670ld:part0:1.0 available at /tools/Xilinx/2025.2/data/xhub/boards/XilinxBoardStore/boards/Xilinx/zcu670ld/1.0/board.xml as part xczu57dr-fsve1156-2-i specified in board_part file is either invalid or not available
open_project /home/khwl/Desktop/claude_RISCOF_RV-IM100/RV-IM100/RV32s/SoCs/RV32I_5SP/RV32I46F5SP_MMIO_Dhrystone.xpr
INFO: [Project 1-313] Project file moved from '/home/khwl/Desktop/RV-IM100/RV32s/SoCs/RV32I_5SP' since last save.
Scanning sources...
Finished scanning sources
WARNING: [Board 49-26] cannot add Board Part xilinx.com:emb-plus-vpr-4616:part0:1.0 available at /tools/Xilinx/2025.2/data/xhub/boards/XilinxBoardStore/boards/Xilinx/emb-plus-vpr-4616/1.0/board.xml as part xcve2302-sfva784-2mp-e-s specified in board_part file is either invalid or not available
WARNING: [Board 49-26] cannot add Board Part xilinx.com:emb-plus-vpr-4616:part0:1.1 available at /tools/Xilinx/2025.2/data/xhub/boards/XilinxBoardStore/boards/Xilinx/emb-plus-vpr-4616/1.1/board.xml as part xcve2302-sfva784-2mp-e-s specified in board_part file is either invalid or not available
WARNING: [Board 49-26] cannot add Board Part xilinx.com:kc705:part0:1.6 available at /tools/Xilinx/2025.2/data/xhub/boards/XilinxBoardStore/boards/Xilinx/kc705/1.6/board.xml as part xc7k325tffg900-2 specified in board_part file is either invalid or not available
WARNING: [Board 49-26] cannot add Board Part xilinx.com:kc705:part0:1.7 available at /tools/Xilinx/2025.2/data/xhub/boards/XilinxBoardStore/boards/Xilinx/kc705/1.7/board.xml as part xc7k325tffg900-2 specified in board_part file is either invalid or not available
WARNING: [Board 49-26] cannot add Board Part xilinx.com:kcu105:part0:1.6 available at /tools/Xilinx/2025.2/data/xhub/boards/XilinxBoardStore/boards/Xilinx/kcu105/1.6/board.xml as part xcku040-ffva1156-2-e specified in board_part file is either invalid or not available
WARNING: [Board 49-26] cannot add Board Part xilinx.com:kcu105:part0:1.7 available at /tools/Xilinx/2025.2/data/xhub/boards/XilinxBoardStore/boards/Xilinx/kcu105/1.7/board.xml as part xcku040-ffva1156-2-e specified in board_part file is either invalid or not available
WARNING: [Board 49-26] cannot add Board Part xilinx.com:kcu116:part0:1.4 available at /tools/Xilinx/2025.2/data/xhub/boards/XilinxBoardStore/boards/Xilinx/kcu116/1.4/board.xml as part xcku5p-ffvb676-2-e specified in board_part file is either invalid or not available
WARNING: [Board 49-26] cannot add Board Part xilinx.com:kcu116:part0:1.5 available at /tools/Xilinx/2025.2/data/xhub/boards/XilinxBoardStore/boards/Xilinx/kcu116/1.5/board.xml as part xcku5p-ffvb676-2-e specified in board_part file is either invalid or not available
WARNING: [Board 49-26] cannot add Board Part xilinx.com:kcu1500:part0:1.2 available at /tools/Xilinx/2025.2/data/xhub/boards/XilinxBoardStore/boards/Xilinx/kcu1500/1.2/board.xml as part xcku115-flvb2104-2-e specified in board_part file is either invalid or not available
WARNING: [Board 49-26] cannot add Board Part xilinx.com:scu35:part0:1.0 available at /tools/Xilinx/2025.2/data/xhub/boards/XilinxBoardStore/boards/Xilinx/scu35/1.0/board.xml as part xcsu35p-sbvb625-2-e specified in board_part file is either invalid or not available
WARNING: [Board 49-26] cannot add Board Part xilinx.com:v80:part0:1.0 available at /tools/Xilinx/2025.2/data/xhub/boards/XilinxBoardStore/boards/Xilinx/v80/1.0/board.xml as part xcv80-lsva4737-2mhp-e-s specified in board_part file is either invalid or not available
WARNING: [Board 49-26] cannot add Board Part xilinx.com:vc707:part0:1.4 available at /tools/Xilinx/2025.2/data/xhub/boards/XilinxBoardStore/boards/Xilinx/vc707/1.4/board.xml as part xc7vx485tffg1761-2 specified in board_part file is either invalid or not available
WARNING: [Board 49-26] cannot add Board Part xilinx.com:vc707:part0:1.5 available at /tools/Xilinx/2025.2/data/xhub/boards/XilinxBoardStore/boards/Xilinx/vc707/1.5/board.xml as part xc7vx485tffg1761-2 specified in board_part file is either invalid or not available
WARNING: [Board 49-26] cannot add Board Part xilinx.com:vc709:part0:1.8 available at /tools/Xilinx/2025.2/data/xhub/boards/XilinxBoardStore/boards/Xilinx/vc709/1.8/board.xml as part xc7vx690tffg1761-2 specified in board_part file is either invalid or not available
WARNING: [Board 49-26] cannot add Board Part xilinx.com:vck190:part0:2.2 available at /tools/Xilinx/2025.2/data/xhub/boards/XilinxBoardStore/boards/Xilinx/vck190/production/2.2/board.xml as part xcvc1902-vsva2197-2mp-e-s specified in board_part file is either invalid or not available
WARNING: [Board 49-26] cannot add Board Part xilinx.com:vck190:part0:3.0 available at /tools/Xilinx/2025.2/data/xhub/boards/XilinxBoardStore/boards/Xilinx/vck190/production/3.0/board.xml as part xcvc1902-vsva2197-2mp-e-s specified in board_part file is either invalid or not available
WARNING: [Board 49-26] cannot add Board Part xilinx.com:vck190:part0:3.1 available at /tools/Xilinx/2025.2/data/xhub/boards/XilinxBoardStore/boards/Xilinx/vck190/production/3.1/board.xml as part xcvc1902-vsva2197-2mp-e-s specified in board_part file is either invalid or not available
WARNING: [Board 49-26] cannot add Board Part xilinx.com:vck190:part0:3.2 available at /tools/Xilinx/2025.2/data/xhub/boards/XilinxBoardStore/boards/Xilinx/vck190/production/3.2/board.xml as part xcvc1902-vsva2197-2mp-e-s specified in board_part file is either invalid or not available
WARNING: [Board 49-26] cannot add Board Part xilinx.com:vck190:part0:3.3 available at /tools/Xilinx/2025.2/data/xhub/boards/XilinxBoardStore/boards/Xilinx/vck190/production/3.3/board.xml as part xcvc1902-vsva2197-2mp-e-s specified in board_part file is either invalid or not available
WARNING: [Board 49-26] cannot add Board Part xilinx.com:vck190:part0:3.4 available at /tools/Xilinx/2025.2/data/xhub/boards/XilinxBoardStore/boards/Xilinx/vck190/production/3.4/board.xml as part xcvc1902-vsva2197-2mp-e-s specified in board_part file is either invalid or not available
WARNING: [Board 49-26] cannot add Board Part xilinx.com:vck190_newl:part0:1.0 available at /tools/Xilinx/2025.2/data/xhub/boards/XilinxBoardStore/boards/Xilinx/vck190_newl/production/1.0/board.xml as part xcvc1902-vsva2197-2mp-e-s specified in board_part file is either invalid or not available
WARNING: [Board 49-26] cannot add Board Part xilinx.com:vck190_newl:part0:1.1 available at /tools/Xilinx/2025.2/data/xhub/boards/XilinxBoardStore/boards/Xilinx/vck190_newl/production/1.1/board.xml as part xcvc1902-vsva2197-2mp-e-s specified in board_part file is either invalid or not available
WARNING: [Board 49-26] cannot add Board Part xilinx.com:vck190_newl:part0:1.2 available at /tools/Xilinx/2025.2/data/xhub/boards/XilinxBoardStore/boards/Xilinx/vck190_newl/production/1.2/board.xml as part xcvc1902-vsva2197-2mp-e-s specified in board_part file is either invalid or not available
WARNING: [Board 49-26] cannot add Board Part xilinx.com:vck190_newl:part0:1.3 available at /tools/Xilinx/2025.2/data/xhub/boards/XilinxBoardStore/boards/Xilinx/vck190_newl/production/1.3/board.xml as part xcvc1902-vsva2197-2mp-e-s specified in board_part file is either invalid or not available
WARNING: [Board 49-26] cannot add Board Part xilinx.com:vcu108:part0:1.6 available at /tools/Xilinx/2025.2/data/xhub/boards/XilinxBoardStore/boards/Xilinx/vcu108/1.6/board.xml as part xcvu095-ffva2104-2-e specified in board_part file is either invalid or not available
WARNING: [Board 49-26] cannot add Board Part xilinx.com:vcu108:part0:1.7 available at /tools/Xilinx/2025.2/data/xhub/boards/XilinxBoardStore/boards/Xilinx/vcu108/1.7/board.xml as part xcvu095-ffva2104-2-e specified in board_part file is either invalid or not available
WARNING: [Board 49-26] cannot add Board Part xilinx.com:vcu110:part0:1.4 available at /tools/Xilinx/2025.2/data/xhub/boards/XilinxBoardStore/boards/Xilinx/vcu110/1.4/board.xml as part xcvu190-flgc2104-2-e specified in board_part file is either invalid or not available
WARNING: [Board 49-26] cannot add Board Part xilinx.com:vcu118:part0:2.0 available at /tools/Xilinx/2025.2/data/xhub/boards/XilinxBoardStore/boards/Xilinx/vcu118/2.0/board.xml as part xcvu9p-flga2104-2l-e specified in board_part file is either invalid or not available
WARNING: [Board 49-26] cannot add Board Part xilinx.com:vcu118:part0:2.3 available at /tools/Xilinx/2025.2/data/xhub/boards/XilinxBoardStore/boards/Xilinx/vcu118/2.3/board.xml as part xcvu9p-flga2104-2l-e specified in board_part file is either invalid or not available
WARNING: [Board 49-26] cannot add Board Part xilinx.com:vcu118:part0:2.4 available at /tools/Xilinx/2025.2/data/xhub/boards/XilinxBoardStore/boards/Xilinx/vcu118/2.4/board.xml as part xcvu9p-flga2104-2l-e specified in board_part file is either invalid or not available
WARNING: [Board 49-26] cannot add Board Part xilinx.com:vcu128:part0:1.0 available at /tools/Xilinx/2025.2/data/xhub/boards/XilinxBoardStore/boards/Xilinx/vcu128/production/1.0/board.xml as part xcvu37p-fsvh2892-2l-e specified in board_part file is either invalid or not available
WARNING: [Board 49-26] cannot add Board Part xilinx.com:vcu129:part0:1.0 available at /tools/Xilinx/2025.2/data/xhub/boards/XilinxBoardStore/boards/Xilinx/vcu129/production/1.0/board.xml as part xcvu29p-fsga2577-2l-e specified in board_part file is either invalid or not available
WARNING: [Board 49-26] cannot add Board Part xilinx.com:vcu1525:part0:1.3 available at /tools/Xilinx/2025.2/data/xhub/boards/XilinxBoardStore/boards/Xilinx/vcu1525/1.3/board.xml as part xcvu9p-fsgd2104-2l-e specified in board_part file is either invalid or not available
WARNING: [Board 49-26] cannot add Board Part xilinx.com:vek280:part0:1.0 available at /tools/Xilinx/2025.2/data/xhub/boards/XilinxBoardStore/boards/Xilinx/vek280/production/1.0/board.xml as part xcve2802-vsvh1760-2mp-e-s specified in board_part file is either invalid or not available
WARNING: [Board 49-26] cannot add Board Part xilinx.com:vek280:part0:1.1 available at /tools/Xilinx/2025.2/data/xhub/boards/XilinxBoardStore/boards/Xilinx/vek280/production/1.1/board.xml as part xcve2802-vsvh1760-2mp-e-s specified in board_part file is either invalid or not available
WARNING: [Board 49-26] cannot add Board Part xilinx.com:vek280:part0:1.2 available at /tools/Xilinx/2025.2/data/xhub/boards/XilinxBoardStore/boards/Xilinx/vek280/production/1.2/board.xml as part xcve2802-vsvh1760-2mp-e-s specified in board_part file is either invalid or not available
WARNING: [Board 49-26] cannot add Board Part xilinx.com:vek385:part0:1.0 available at /tools/Xilinx/2025.2/data/xhub/boards/XilinxBoardStore/boards/Xilinx/vek385/1.0/board.xml as part xc2ve3858-ssva2112-2mp-e-s specified in board_part file is either invalid or not available
WARNING: [Board 49-26] cannot add Board Part xilinx.com:vek385:part0:1.1 available at /tools/Xilinx/2025.2/data/xhub/boards/XilinxBoardStore/boards/Xilinx/vek385/1.1/board.xml as part xc2ve3858-ssva2112-2mp-e-s specified in board_part file is either invalid or not available
WARNING: [Board 49-26] cannot add Board Part xilinx.com:vek385_1:part0:1.0 available at /tools/Xilinx/2025.2/data/xhub/boards/XilinxBoardStore/boards/Xilinx/vek385_2/1.0/board.xml as part xc2ve3858-ssva2112-2mp-e-s specified in board_part file is either invalid or not available
WARNING: [Board 49-26] cannot add Board Part xilinx.com:vermeo_t1_mpsoc:part0:1.0 available at /tools/Xilinx/2025.2/data/xhub/boards/XilinxBoardStore/boards/Xilinx/vermeo_t1_mpsoc/1.0/board.xml as part xczu19eg-ffvd1760-2l-e specified in board_part file is either invalid or not available
WARNING: [Board 49-26] cannot add Board Part xilinx.com:vermeo_t1_rfsoc:part0:1.0 available at /tools/Xilinx/2025.2/data/xhub/boards/XilinxBoardStore/boards/Xilinx/vermeo_t1_rfsoc/1.0/board.xml as part xczu21dr-ffvd1156-2l-e specified in board_part file is either invalid or not available
WARNING: [Board 49-26] cannot add Board Part xilinx.com:vhk158:part0:1.0 available at /tools/Xilinx/2025.2/data/xhub/boards/XilinxBoardStore/boards/Xilinx/vhk158/production/1.0/board.xml as part xcvh1582-vsva3697-2mp-e-s specified in board_part file is either invalid or not available
WARNING: [Board 49-26] cannot add Board Part xilinx.com:vhk158:part0:1.1 available at /tools/Xilinx/2025.2/data/xhub/boards/XilinxBoardStore/boards/Xilinx/vhk158/production/1.1/board.xml as part xcvh1582-vsva3697-2mp-e-s specified in board_part file is either invalid or not available
WARNING: [Board 49-26] cannot add Board Part xilinx.com:vhk158:part0:1.2 available at /tools/Xilinx/2025.2/data/xhub/boards/XilinxBoardStore/boards/Xilinx/vhk158/production/1.2/board.xml as part xcvh1582-vsva3697-2mp-e-s specified in board_part file is either invalid or not available
WARNING: [Board 49-26] cannot add Board Part xilinx.com:vmk180:part0:2.2 available at /tools/Xilinx/2025.2/data/xhub/boards/XilinxBoardStore/boards/Xilinx/vmk180/production/2.2/board.xml as part xcvm1802-vsva2197-2mp-e-s specified in board_part file is either invalid or not available
WARNING: [Board 49-26] cannot add Board Part xilinx.com:vmk180:part0:3.0 available at /tools/Xilinx/2025.2/data/xhub/boards/XilinxBoardStore/boards/Xilinx/vmk180/production/3.0/board.xml as part xcvm1802-vsva2197-2mp-e-s specified in board_part file is either invalid or not available
WARNING: [Board 49-26] cannot add Board Part xilinx.com:vmk180:part0:3.1 available at /tools/Xilinx/2025.2/data/xhub/boards/XilinxBoardStore/boards/Xilinx/vmk180/production/3.1/board.xml as part xcvm1802-vsva2197-2mp-e-s specified in board_part file is either invalid or not available
WARNING: [Board 49-26] cannot add Board Part xilinx.com:vmk180:part0:3.2 available at /tools/Xilinx/2025.2/data/xhub/boards/XilinxBoardStore/boards/Xilinx/vmk180/production/3.2/board.xml as part xcvm1802-vsva2197-2mp-e-s specified in board_part file is either invalid or not available
WARNING: [Board 49-26] cannot add Board Part xilinx.com:vmk180:part0:3.3 available at /tools/Xilinx/2025.2/data/xhub/boards/XilinxBoardStore/boards/Xilinx/vmk180/production/3.3/board.xml as part xcvm1802-vsva2197-2mp-e-s specified in board_part file is either invalid or not available
WARNING: [Board 49-26] cannot add Board Part xilinx.com:vmk180_newl:part0:1.0 available at /tools/Xilinx/2025.2/data/xhub/boards/XilinxBoardStore/boards/Xilinx/vmk180_newl/production/1.0/board.xml as part xcvm1802-vsva2197-2mp-e-s specified in board_part file is either invalid or not available
WARNING: [Board 49-26] cannot add Board Part xilinx.com:vmk180_newl:part0:1.1 available at /tools/Xilinx/2025.2/data/xhub/boards/XilinxBoardStore/boards/Xilinx/vmk180_newl/production/1.1/board.xml as part xcvm1802-vsva2197-2mp-e-s specified in board_part file is either invalid or not available
WARNING: [Board 49-26] cannot add Board Part xilinx.com:vpk120:part0:1.0 available at /tools/Xilinx/2025.2/data/xhub/boards/XilinxBoardStore/boards/Xilinx/vpk120/production/1.0/board.xml as part xcvp1202-vsva2785-2mp-e-s specified in board_part file is either invalid or not available
WARNING: [Board 49-26] cannot add Board Part xilinx.com:vpk120:part0:1.1 available at /tools/Xilinx/2025.2/data/xhub/boards/XilinxBoardStore/boards/Xilinx/vpk120/production/1.1/board.xml as part xcvp1202-vsva2785-2mp-e-s specified in board_part file is either invalid or not available
WARNING: [Board 49-26] cannot add Board Part xilinx.com:vpk120:part0:1.2 available at /tools/Xilinx/2025.2/data/xhub/boards/XilinxBoardStore/boards/Xilinx/vpk120/production/1.2/board.xml as part xcvp1202-vsva2785-2mp-e-s specified in board_part file is either invalid or not available
WARNING: [Board 49-26] cannot add Board Part xilinx.com:vpk180:part0:1.0 available at /tools/Xilinx/2025.2/data/xhub/boards/XilinxBoardStore/boards/Xilinx/vpk180/production/1.0/board.xml as part xcvp1802-lsvc4072-2mp-e-s specified in board_part file is either invalid or not available
WARNING: [Board 49-26] cannot add Board Part xilinx.com:vpk180:part0:1.1 available at /tools/Xilinx/2025.2/data/xhub/boards/XilinxBoardStore/boards/Xilinx/vpk180/production/1.1/board.xml as part xcvp1802-lsvc4072-2mp-e-s specified in board_part file is either invalid or not available
WARNING: [Board 49-26] cannot add Board Part xilinx.com:vpk180:part0:1.2 available at /tools/Xilinx/2025.2/data/xhub/boards/XilinxBoardStore/boards/Xilinx/vpk180/production/1.2/board.xml as part xcvp1802-lsvc4072-2mp-e-s specified in board_part file is either invalid or not available
WARNING: [Board 49-26] cannot add Board Part xilinx.com:vrk160:part0:1.0 available at /tools/Xilinx/2025.2/data/xhub/boards/XilinxBoardStore/boards/Xilinx/vrk160/1.0/board.xml as part xcvr1602-vsva2488-2mp-e-s-es1 specified in board_part file is either invalid or not available
WARNING: [Board 49-26] cannot add Board Part xilinx.com:vrk160:part0:1.1 available at /tools/Xilinx/2025.2/data/xhub/boards/XilinxBoardStore/boards/Xilinx/vrk160/1.1/board.xml as part xcvr1602-vsva2488-2mp-e-s-es1 specified in board_part file is either invalid or not available
WARNING: [Board 49-26] cannot add Board Part xilinx.com:zc706:part0:1.4 available at /tools/Xilinx/2025.2/data/xhub/boards/XilinxBoardStore/boards/Xilinx/zc706/1.4/board.xml as part xc7z045ffg900-2 specified in board_part file is either invalid or not available
WARNING: [Board 49-26] cannot add Board Part xilinx.com:zc706:part0:1.5 available at /tools/Xilinx/2025.2/data/xhub/boards/XilinxBoardStore/boards/Xilinx/zc706/1.5/board.xml as part xc7z045ffg900-2 specified in board_part file is either invalid or not available
WARNING: [Board 49-26] cannot add Board Part xilinx.com:zcu102:part0:3.3 available at /tools/Xilinx/2025.2/data/xhub/boards/XilinxBoardStore/boards/Xilinx/zcu102/3.3/board.xml as part xczu9eg-ffvb1156-2-e specified in board_part file is either invalid or not available
WARNING: [Board 49-26] cannot add Board Part xilinx.com:zcu102:part0:3.4 available at /tools/Xilinx/2025.2/data/xhub/boards/XilinxBoardStore/boards/Xilinx/zcu102/3.4/board.xml as part xczu9eg-ffvb1156-2-e specified in board_part file is either invalid or not available
WARNING: [Board 49-26] cannot add Board Part xilinx.com:zcu111:part0:1.2 available at /tools/Xilinx/2025.2/data/xhub/boards/XilinxBoardStore/boards/Xilinx/zcu111/1.2/board.xml as part xczu28dr-ffvg1517-2-e specified in board_part file is either invalid or not available
WARNING: [Board 49-26] cannot add Board Part xilinx.com:zcu111:part0:1.3 available at /tools/Xilinx/2025.2/data/xhub/boards/XilinxBoardStore/boards/Xilinx/zcu111/1.3/board.xml as part xczu28dr-ffvg1517-2-e specified in board_part file is either invalid or not available
WARNING: [Board 49-26] cannot add Board Part xilinx.com:zcu111:part0:1.4 available at /tools/Xilinx/2025.2/data/xhub/boards/XilinxBoardStore/boards/Xilinx/zcu111/1.4/board.xml as part xczu28dr-ffvg1517-2-e specified in board_part file is either invalid or not available
WARNING: [Board 49-26] cannot add Board Part xilinx.com:zcu1275:part0:1.0 available at /tools/Xilinx/2025.2/data/xhub/boards/XilinxBoardStore/boards/Xilinx/zcu1275/1.0/board.xml as part xczu29dr-ffvf1760-2-e specified in board_part file is either invalid or not available
WARNING: [Board 49-26] cannot add Board Part xilinx.com:zcu1285:part0:1.0 available at /tools/Xilinx/2025.2/data/xhub/boards/XilinxBoardStore/boards/Xilinx/zcu1285/1.0/board.xml as part xczu39dr-ffvf1760-2-i specified in board_part file is either invalid or not available
WARNING: [Board 49-26] cannot add Board Part xilinx.com:zcu208:part0:2.0 available at /tools/Xilinx/2025.2/data/xhub/boards/XilinxBoardStore/boards/Xilinx/zcu208/production/2.0/board.xml as part xczu48dr-fsvg1517-2-e specified in board_part file is either invalid or not available
WARNING: [Board 49-26] cannot add Board Part xilinx.com:zcu208ld:part0:2.0 available at /tools/Xilinx/2025.2/data/xhub/boards/XilinxBoardStore/boards/Xilinx/zcu208ld/production/2.0/board.xml as part xczu58dr-fsvg1517-2-i specified in board_part file is either invalid or not available
WARNING: [Board 49-26] cannot add Board Part xilinx.com:zcu216:part0:2.0 available at /tools/Xilinx/2025.2/data/xhub/boards/XilinxBoardStore/boards/Xilinx/zcu216/production/2.0/board.xml as part xczu49dr-ffvf1760-2-e specified in board_part file is either invalid or not available
WARNING: [Board 49-26] cannot add Board Part xilinx.com:zcu216ld:part0:2.0 available at /tools/Xilinx/2025.2/data/xhub/boards/XilinxBoardStore/boards/Xilinx/zcu216ld/production/2.0/board.xml as part xczu59dr-ffvf1760-2-i specified in board_part file is either invalid or not available
WARNING: [Board 49-26] cannot add Board Part xilinx.com:zcu670:part0:2.0 available at /tools/Xilinx/2025.2/data/xhub/boards/XilinxBoardStore/boards/Xilinx/zcu670/2.0/board.xml as part xczu67dr-fsve1156-2-i specified in board_part file is either invalid or not available
WARNING: [Board 49-26] cannot add Board Part xilinx.com:zcu670ld:part0:1.0 available at /tools/Xilinx/2025.2/data/xhub/boards/XilinxBoardStore/boards/Xilinx/zcu670ld/1.0/board.xml as part xczu57dr-fsve1156-2-i specified in board_part file is either invalid or not available
WARNING: [Project 1-5713] Board part '' set for the project  is not found. BoardPart property will be unset. Please select board from latest repo build 
INFO: [IP_Flow 19-234] Refreshing IP repositories
INFO: [IP_Flow 19-1704] No user IP repositories specified
INFO: [IP_Flow 19-2313] Loaded Vivado IP repository '/tools/Xilinx/2025.2/data/ip'.
update_compile_order -fileset sources_1
INFO: [Device 21-403] Loading part xc7a200tsbg484-1
synth_design -top RV32I46F5SPMMIOSoCTOP -part xc7a200tsbg484-1 -lint 
Command: synth_design -top RV32I46F5SPMMIOSoCTOP -part xc7a200tsbg484-1 -lint
Starting synth_design
Attempting to get a license for feature 'Synthesis' and/or device 'xc7a200t'
INFO: [Common 17-349] Got license for feature 'Synthesis' and/or device 'xc7a200t'
INFO: [Synth 8-7079] Multithreading enabled for synth_design using a maximum of 7 processes.
INFO: [Synth 8-7078] Launching helper process for spawning children vivado processes
INFO: [Synth 8-7075] Helper process launched with PID 309472
---------------------------------------------------------------------------------
Starting Synthesize : Time (s): cpu = 00:00:08 ; elapsed = 00:00:05 . Memory (MB): peak = 10734.500 ; gain = 463.516 ; free physical = 501 ; free virtual = 28727
---------------------------------------------------------------------------------
Clean up Linter database...
INFO: [Synth 8-6157] synthesizing module 'RV32I46F5SPMMIOSoCTOP' [/home/khwl/Desktop/claude_RISCOF_RV-IM100/RV-IM100/RV32s/SoCs/RV32I_5SP/RV32I46F5SP_MMIO_Dhrystone.srcs/sources_1/imports/sources/46F5SP_MMIO_SoC_TOP.v:1]
INFO: [Synth 8-6157] synthesizing module 'clk_wiz_0' [/home/khwl/Desktop/claude_RISCOF_RV-IM100/RV-IM100/RV32s/SoCs/.Xil/Vivado-308288-khwl-ThinkPad-X1-Carbon-Gen-13/realtime/clk_wiz_0_stub.v:6]
INFO: [Synth 8-6155] done synthesizing module 'clk_wiz_0' (1#1) [/home/khwl/Desktop/claude_RISCOF_RV-IM100/RV-IM100/RV32s/SoCs/.Xil/Vivado-308288-khwl-ThinkPad-X1-Carbon-Gen-13/realtime/clk_wiz_0_stub.v:6]
INFO: [Synth 8-6157] synthesizing module 'UnifiedUARTController' [/home/khwl/Desktop/claude_RISCOF_RV-IM100/RV-IM100/RV32s/SoCs/RV32I_5SP/RV32I46F5SP_MMIO_Dhrystone.srcs/sources_1/imports/sources/Unified_UART_Controller.v:1]
INFO: [Synth 8-6155] done synthesizing module 'UnifiedUARTController' (2#1) [/home/khwl/Desktop/claude_RISCOF_RV-IM100/RV-IM100/RV32s/SoCs/RV32I_5SP/RV32I46F5SP_MMIO_Dhrystone.srcs/sources_1/imports/sources/Unified_UART_Controller.v:1]
INFO: [Synth 8-6157] synthesizing module 'UARTTX' [/home/khwl/Desktop/claude_RISCOF_RV-IM100/RV-IM100/RV32s/SoCs/RV32I_5SP/RV32I46F5SP_MMIO_Dhrystone.srcs/sources_1/imports/sources/UART_TX.v:1]
INFO: [Synth 8-6155] done synthesizing module 'UARTTX' (3#1) [/home/khwl/Desktop/claude_RISCOF_RV-IM100/RV-IM100/RV32s/SoCs/RV32I_5SP/RV32I46F5SP_MMIO_Dhrystone.srcs/sources_1/imports/sources/UART_TX.v:1]
INFO: [Synth 8-6157] synthesizing module 'MMIOInterface' [/home/khwl/Desktop/claude_RISCOF_RV-IM100/RV-IM100/RV32s/SoCs/RV32I_5SP/RV32I46F5SP_MMIO_Dhrystone.srcs/sources_1/imports/sources/MMIO_Interface.v:1]
	Parameter XLEN bound to: 32 - type: integer 
INFO: [Synth 8-6155] done synthesizing module 'MMIOInterface' (4#1) [/home/khwl/Desktop/claude_RISCOF_RV-IM100/RV-IM100/RV32s/SoCs/RV32I_5SP/RV32I46F5SP_MMIO_Dhrystone.srcs/sources_1/imports/sources/MMIO_Interface.v:1]
INFO: [Synth 8-6157] synthesizing module 'RV32I46F5SPMMIO' [/home/khwl/Desktop/claude_RISCOF_RV-IM100/RV-IM100/RV32s/SoCs/RV32I_5SP/RV32I46F5SP_MMIO_Dhrystone.srcs/sources_1/imports/sources/RV32I46F_5SP_MMIO.v:6]
	Parameter XLEN bound to: 32 - type: integer 
INFO: [Synth 8-6157] synthesizing module 'ALU' [/home/khwl/Desktop/claude_RISCOF_RV-IM100/RV-IM100/RV32s/SoCs/RV32I_5SP/RV32I46F5SP_MMIO_Dhrystone.srcs/sources_1/imports/sources/ALU.v:3]
INFO: [Synth 8-6155] done synthesizing module 'ALU' (5#1) [/home/khwl/Desktop/claude_RISCOF_RV-IM100/RV-IM100/RV32s/SoCs/RV32I_5SP/RV32I46F5SP_MMIO_Dhrystone.srcs/sources_1/imports/sources/ALU.v:3]
INFO: [Synth 8-6157] synthesizing module 'ALUController' [/home/khwl/Desktop/claude_RISCOF_RV-IM100/RV-IM100/RV32s/SoCs/RV32I_5SP/RV32I46F5SP_MMIO_Dhrystone.srcs/sources_1/imports/sources/ALU_Controller.v:8]
INFO: [Synth 8-226] default block is never used [/home/khwl/Desktop/claude_RISCOF_RV-IM100/RV-IM100/RV32s/SoCs/RV32I_5SP/RV32I46F5SP_MMIO_Dhrystone.srcs/sources_1/imports/sources/ALU_Controller.v:60]
INFO: [Synth 8-226] default block is never used [/home/khwl/Desktop/claude_RISCOF_RV-IM100/RV-IM100/RV32s/SoCs/RV32I_5SP/RV32I46F5SP_MMIO_Dhrystone.srcs/sources_1/imports/sources/ALU_Controller.v:96]
INFO: [Synth 8-6155] done synthesizing module 'ALUController' (6#1) [/home/khwl/Desktop/claude_RISCOF_RV-IM100/RV-IM100/RV32s/SoCs/RV32I_5SP/RV32I46F5SP_MMIO_Dhrystone.srcs/sources_1/imports/sources/ALU_Controller.v:8]
INFO: [Synth 8-6157] synthesizing module 'BranchLogic' [/home/khwl/Desktop/claude_RISCOF_RV-IM100/RV-IM100/RV32s/SoCs/RV32I_5SP/RV32I46F5SP_MMIO_Dhrystone.srcs/sources_1/imports/sources/Branch_Logic.v:3]
INFO: [Synth 8-6155] done synthesizing module 'BranchLogic' (7#1) [/home/khwl/Desktop/claude_RISCOF_RV-IM100/RV-IM100/RV32s/SoCs/RV32I_5SP/RV32I46F5SP_MMIO_Dhrystone.srcs/sources_1/imports/sources/Branch_Logic.v:3]
INFO: [Synth 8-6157] synthesizing module 'BranchPredictor' [/home/khwl/Desktop/claude_RISCOF_RV-IM100/RV-IM100/RV32s/SoCs/RV32I_5SP/RV32I46F5SP_MMIO_Dhrystone.srcs/sources_1/imports/sources/Branch_Predictor.v:3]
	Parameter XLEN bound to: 32 - type: integer 
WARNING: [Synth 8-6014] Unused sequential element branch_prediction_reg was removed.  [/home/khwl/Desktop/claude_RISCOF_RV-IM100/RV-IM100/RV32s/SoCs/RV32I_5SP/RV32I46F5SP_MMIO_Dhrystone.srcs/sources_1/imports/sources/Branch_Predictor.v:35]
INFO: [Synth 8-6155] done synthesizing module 'BranchPredictor' (8#1) [/home/khwl/Desktop/claude_RISCOF_RV-IM100/RV-IM100/RV32s/SoCs/RV32I_5SP/RV32I46F5SP_MMIO_Dhrystone.srcs/sources_1/imports/sources/Branch_Predictor.v:3]
INFO: [Synth 8-6157] synthesizing module 'ByteEnableLogic' [/home/khwl/Desktop/claude_RISCOF_RV-IM100/RV-IM100/RV32s/SoCs/RV32I_5SP/RV32I46F5SP_MMIO_Dhrystone.srcs/sources_1/imports/sources/Byte_Enable_Logic.v:4]
INFO: [Synth 8-6155] done synthesizing module 'ByteEnableLogic' (9#1) [/home/khwl/Desktop/claude_RISCOF_RV-IM100/RV-IM100/RV32s/SoCs/RV32I_5SP/RV32I46F5SP_MMIO_Dhrystone.srcs/sources_1/imports/sources/Byte_Enable_Logic.v:4]
INFO: [Synth 8-6157] synthesizing module 'ControlUnit' [/home/khwl/Desktop/claude_RISCOF_RV-IM100/RV-IM100/RV32s/SoCs/RV32I_5SP/RV32I46F5SP_MMIO_Dhrystone.srcs/sources_1/imports/sources/Control_Unit.v:7]
INFO: [Synth 8-6155] done synthesizing module 'ControlUnit' (10#1) [/home/khwl/Desktop/claude_RISCOF_RV-IM100/RV-IM100/RV32s/SoCs/RV32I_5SP/RV32I46F5SP_MMIO_Dhrystone.srcs/sources_1/imports/sources/Control_Unit.v:7]
INFO: [Synth 8-6157] synthesizing module 'CSRFile' [/home/khwl/Desktop/claude_RISCOF_RV-IM100/RV-IM100/RV32s/SoCs/RV32I_5SP/RV32I46F5SP_MMIO_Dhrystone.srcs/sources_1/imports/sources/CSR_File.v:3]
	Parameter XLEN bound to: 32 - type: integer 
INFO: [Synth 8-6155] done synthesizing module 'CSRFile' (11#1) [/home/khwl/Desktop/claude_RISCOF_RV-IM100/RV-IM100/RV32s/SoCs/RV32I_5SP/RV32I46F5SP_MMIO_Dhrystone.srcs/sources_1/imports/sources/CSR_File.v:3]
INFO: [Synth 8-6157] synthesizing module 'DataMemory' [/home/khwl/Desktop/claude_RISCOF_RV-IM100/RV-IM100/RV32s/SoCs/RV32I_5SP/RV32I46F5SP_MMIO_Dhrystone.srcs/sources_1/imports/sources/Data_Memory.v:1]
INFO: [Synth 8-3876] $readmem data file './data_init.mem' is read successfully [/home/khwl/Desktop/claude_RISCOF_RV-IM100/RV-IM100/RV32s/SoCs/RV32I_5SP/RV32I46F5SP_MMIO_Dhrystone.srcs/sources_1/imports/sources/Data_Memory.v:29]
WARNING: [Synth 8-6014] Unused sequential element new_word_reg was removed.  [/home/khwl/Desktop/claude_RISCOF_RV-IM100/RV-IM100/RV32s/SoCs/RV32I_5SP/RV32I46F5SP_MMIO_Dhrystone.srcs/sources_1/imports/sources/Data_Memory.v:44]
INFO: [Synth 8-6155] done synthesizing module 'DataMemory' (12#1) [/home/khwl/Desktop/claude_RISCOF_RV-IM100/RV-IM100/RV32s/SoCs/RV32I_5SP/RV32I46F5SP_MMIO_Dhrystone.srcs/sources_1/imports/sources/Data_Memory.v:1]
INFO: [Synth 8-6157] synthesizing module 'ExceptionDetector' [/home/khwl/Desktop/claude_RISCOF_RV-IM100/RV-IM100/RV32s/SoCs/RV32I_5SP/RV32I46F5SP_MMIO_Dhrystone.srcs/sources_1/imports/sources/Exception_Detector.v:6]
INFO: [Synth 8-6155] done synthesizing module 'ExceptionDetector' (13#1) [/home/khwl/Desktop/claude_RISCOF_RV-IM100/RV-IM100/RV32s/SoCs/RV32I_5SP/RV32I46F5SP_MMIO_Dhrystone.srcs/sources_1/imports/sources/Exception_Detector.v:6]
INFO: [Synth 8-6157] synthesizing module 'ForwardUnit' [/home/khwl/Desktop/claude_RISCOF_RV-IM100/RV-IM100/RV32s/SoCs/RV32I_5SP/RV32I46F5SP_MMIO_Dhrystone.srcs/sources_1/imports/sources/Forward_Unit.v:3]
INFO: [Synth 8-6155] done synthesizing module 'ForwardUnit' (14#1) [/home/khwl/Desktop/claude_RISCOF_RV-IM100/RV-IM100/RV32s/SoCs/RV32I_5SP/RV32I46F5SP_MMIO_Dhrystone.srcs/sources_1/imports/sources/Forward_Unit.v:3]
INFO: [Synth 8-6157] synthesizing module 'HazardUnit' [/home/khwl/Desktop/claude_RISCOF_RV-IM100/RV-IM100/RV32s/SoCs/RV32I_5SP/RV32I46F5SP_MMIO_Dhrystone.srcs/sources_1/imports/sources/Hazard_Unit.v:4]
INFO: [Synth 8-6155] done synthesizing module 'HazardUnit' (15#1) [/home/khwl/Desktop/claude_RISCOF_RV-IM100/RV-IM100/RV32s/SoCs/RV32I_5SP/RV32I46F5SP_MMIO_Dhrystone.srcs/sources_1/imports/sources/Hazard_Unit.v:4]
INFO: [Synth 8-6157] synthesizing module 'ImmediateGenerator' [/home/khwl/Desktop/claude_RISCOF_RV-IM100/RV-IM100/RV32s/SoCs/RV32I_5SP/RV32I46F5SP_MMIO_Dhrystone.srcs/sources_1/imports/sources/Immediate_Generator.v:3]
INFO: [Synth 8-6155] done synthesizing module 'ImmediateGenerator' (16#1) [/home/khwl/Desktop/claude_RISCOF_RV-IM100/RV-IM100/RV32s/SoCs/RV32I_5SP/RV32I46F5SP_MMIO_Dhrystone.srcs/sources_1/imports/sources/Immediate_Generator.v:3]
INFO: [Synth 8-6157] synthesizing module 'InstructionDecoder' [/home/khwl/Desktop/claude_RISCOF_RV-IM100/RV-IM100/RV32s/SoCs/RV32I_5SP/RV32I46F5SP_MMIO_Dhrystone.srcs/sources_1/imports/sources/Instruction_Decoder.v:3]
INFO: [Synth 8-6155] done synthesizing module 'InstructionDecoder' (17#1) [/home/khwl/Desktop/claude_RISCOF_RV-IM100/RV-IM100/RV32s/SoCs/RV32I_5SP/RV32I46F5SP_MMIO_Dhrystone.srcs/sources_1/imports/sources/Instruction_Decoder.v:3]
INFO: [Synth 8-6157] synthesizing module 'InstructionMemory' [/home/khwl/Desktop/claude_RISCOF_RV-IM100/RV-IM100/RV32s/SoCs/RV32I_5SP/RV32I46F5SP_MMIO_Dhrystone.srcs/sources_1/imports/sources/Instruction_Memory.v:9]
INFO: [Synth 8-3876] $readmem data file './dhrystone_RV32I_45MHz.mem' is read successfully [/home/khwl/Desktop/claude_RISCOF_RV-IM100/RV-IM100/RV32s/SoCs/RV32I_5SP/RV32I46F5SP_MMIO_Dhrystone.srcs/sources_1/imports/sources/Instruction_Memory.v:20]
INFO: [Synth 8-6155] done synthesizing module 'InstructionMemory' (18#1) [/home/khwl/Desktop/claude_RISCOF_RV-IM100/RV-IM100/RV32s/SoCs/RV32I_5SP/RV32I46F5SP_MMIO_Dhrystone.srcs/sources_1/imports/sources/Instruction_Memory.v:9]
INFO: [Synth 8-6157] synthesizing module 'ProgramCounter' [/home/khwl/Desktop/claude_RISCOF_RV-IM100/RV-IM100/RV32s/SoCs/RV32I_5SP/RV32I46F5SP_MMIO_Dhrystone.srcs/sources_1/imports/sources/Program_Counter.v:1]
INFO: [Synth 8-6155] done synthesizing module 'ProgramCounter' (19#1) [/home/khwl/Desktop/claude_RISCOF_RV-IM100/RV-IM100/RV32s/SoCs/RV32I_5SP/RV32I46F5SP_MMIO_Dhrystone.srcs/sources_1/imports/sources/Program_Counter.v:1]
INFO: [Synth 8-6157] synthesizing module 'PCPlus4' [/home/khwl/Desktop/claude_RISCOF_RV-IM100/RV-IM100/RV32s/SoCs/RV32I_5SP/RV32I46F5SP_MMIO_Dhrystone.srcs/sources_1/imports/sources/PC_Plus_4.v:1]
INFO: [Synth 8-6155] done synthesizing module 'PCPlus4' (20#1) [/home/khwl/Desktop/claude_RISCOF_RV-IM100/RV-IM100/RV32s/SoCs/RV32I_5SP/RV32I46F5SP_MMIO_Dhrystone.srcs/sources_1/imports/sources/PC_Plus_4.v:1]
INFO: [Synth 8-6157] synthesizing module 'PCController' [/home/khwl/Desktop/claude_RISCOF_RV-IM100/RV-IM100/RV32s/SoCs/RV32I_5SP/RV32I46F5SP_MMIO_Dhrystone.srcs/sources_1/imports/sources/PC_Controller.v:1]
INFO: [Synth 8-6155] done synthesizing module 'PCController' (21#1) [/home/khwl/Desktop/claude_RISCOF_RV-IM100/RV-IM100/RV32s/SoCs/RV32I_5SP/RV32I46F5SP_MMIO_Dhrystone.srcs/sources_1/imports/sources/PC_Controller.v:1]
INFO: [Synth 8-6157] synthesizing module 'RegisterFile' [/home/khwl/Desktop/claude_RISCOF_RV-IM100/RV-IM100/RV32s/SoCs/RV32I_5SP/RV32I46F5SP_MMIO_Dhrystone.srcs/sources_1/imports/sources/Register_File.v:1]
INFO: [Synth 8-6155] done synthesizing module 'RegisterFile' (22#1) [/home/khwl/Desktop/claude_RISCOF_RV-IM100/RV-IM100/RV32s/SoCs/RV32I_5SP/RV32I46F5SP_MMIO_Dhrystone.srcs/sources_1/imports/sources/Register_File.v:1]
INFO: [Synth 8-6157] synthesizing module 'TrapController' [/home/khwl/Desktop/claude_RISCOF_RV-IM100/RV-IM100/RV32s/SoCs/RV32I_5SP/RV32I46F5SP_MMIO_Dhrystone.srcs/sources_1/imports/sources/Trap_Controller.v:3]
	Parameter XLEN bound to: 32 - type: integer 
INFO: [Synth 8-6155] done synthesizing module 'TrapController' (23#1) [/home/khwl/Desktop/claude_RISCOF_RV-IM100/RV-IM100/RV32s/SoCs/RV32I_5SP/RV32I46F5SP_MMIO_Dhrystone.srcs/sources_1/imports/sources/Trap_Controller.v:3]
WARNING: [Synth 8-7071] port 'ic_clean' of module 'TrapController' is unconnected for instance 'trap_controller' [/home/khwl/Desktop/claude_RISCOF_RV-IM100/RV-IM100/RV32s/SoCs/RV32I_5SP/RV32I46F5SP_MMIO_Dhrystone.srcs/sources_1/imports/sources/RV32I46F_5SP_MMIO.v:514]
WARNING: [Synth 8-7023] instance 'trap_controller' of module 'TrapController' has 20 connections declared, but only 19 given [/home/khwl/Desktop/claude_RISCOF_RV-IM100/RV-IM100/RV32s/SoCs/RV32I_5SP/RV32I46F5SP_MMIO_Dhrystone.srcs/sources_1/imports/sources/RV32I46F_5SP_MMIO.v:514]
INFO: [Synth 8-6157] synthesizing module 'IF_ID_Register' [/home/khwl/Desktop/claude_RISCOF_RV-IM100/RV-IM100/RV32s/SoCs/RV32I_5SP/RV32I46F5SP_MMIO_Dhrystone.srcs/sources_1/imports/sources/IF_ID_Register.v:1]
	Parameter XLEN bound to: 32 - type: integer 
INFO: [Synth 8-6155] done synthesizing module 'IF_ID_Register' (24#1) [/home/khwl/Desktop/claude_RISCOF_RV-IM100/RV-IM100/RV32s/SoCs/RV32I_5SP/RV32I46F5SP_MMIO_Dhrystone.srcs/sources_1/imports/sources/IF_ID_Register.v:1]
INFO: [Synth 8-6157] synthesizing module 'ID_EX_Register' [/home/khwl/Desktop/claude_RISCOF_RV-IM100/RV-IM100/RV32s/SoCs/RV32I_5SP/RV32I46F5SP_MMIO_Dhrystone.srcs/sources_1/imports/sources/ID_EX_Register.v:1]
	Parameter XLEN bound to: 32 - type: integer 
INFO: [Synth 8-6155] done synthesizing module 'ID_EX_Register' (25#1) [/home/khwl/Desktop/claude_RISCOF_RV-IM100/RV-IM100/RV32s/SoCs/RV32I_5SP/RV32I46F5SP_MMIO_Dhrystone.srcs/sources_1/imports/sources/ID_EX_Register.v:1]
INFO: [Synth 8-6157] synthesizing module 'EX_MEM_Register' [/home/khwl/Desktop/claude_RISCOF_RV-IM100/RV-IM100/RV32s/SoCs/RV32I_5SP/RV32I46F5SP_MMIO_Dhrystone.srcs/sources_1/imports/sources/EX_MEM_Register.v:1]
	Parameter XLEN bound to: 32 - type: integer 
INFO: [Synth 8-6155] done synthesizing module 'EX_MEM_Register' (26#1) [/home/khwl/Desktop/claude_RISCOF_RV-IM100/RV-IM100/RV32s/SoCs/RV32I_5SP/RV32I46F5SP_MMIO_Dhrystone.srcs/sources_1/imports/sources/EX_MEM_Register.v:1]
INFO: [Synth 8-6157] synthesizing module 'MEM_WB_Register' [/home/khwl/Desktop/claude_RISCOF_RV-IM100/RV-IM100/RV32s/SoCs/RV32I_5SP/RV32I46F5SP_MMIO_Dhrystone.srcs/sources_1/imports/sources/MEM_WB_Register.v:1]
	Parameter XLEN bound to: 32 - type: integer 
INFO: [Synth 8-6155] done synthesizing module 'MEM_WB_Register' (27#1) [/home/khwl/Desktop/claude_RISCOF_RV-IM100/RV-IM100/RV32s/SoCs/RV32I_5SP/RV32I46F5SP_MMIO_Dhrystone.srcs/sources_1/imports/sources/MEM_WB_Register.v:1]
WARNING: [Synth 8-6014] Unused sequential element retired_alu_result_reg was removed.  [/home/khwl/Desktop/claude_RISCOF_RV-IM100/RV-IM100/RV32s/SoCs/RV32I_5SP/RV32I46F5SP_MMIO_Dhrystone.srcs/sources_1/imports/sources/RV32I46F_5SP_MMIO.v:704]
WARNING: [Synth 8-6014] Unused sequential element retired_csr_read_data_reg was removed.  [/home/khwl/Desktop/claude_RISCOF_RV-IM100/RV-IM100/RV32s/SoCs/RV32I_5SP/RV32I46F5SP_MMIO_Dhrystone.srcs/sources_1/imports/sources/RV32I46F_5SP_MMIO.v:705]
INFO: [Synth 8-6155] done synthesizing module 'RV32I46F5SPMMIO' (28#1) [/home/khwl/Desktop/claude_RISCOF_RV-IM100/RV-IM100/RV32s/SoCs/RV32I_5SP/RV32I46F5SP_MMIO_Dhrystone.srcs/sources_1/imports/sources/RV32I46F_5SP_MMIO.v:6]
INFO: [Synth 8-6155] done synthesizing module 'RV32I46F5SPMMIOSoCTOP' (29#1) [/home/khwl/Desktop/claude_RISCOF_RV-IM100/RV-IM100/RV32s/SoCs/RV32I_5SP/RV32I46F5SP_MMIO_Dhrystone.srcs/sources_1/imports/sources/46F5SP_MMIO_SoC_TOP.v:1]
---------------------------------------------------------------------------------
Finished Synthesize : Time (s): cpu = 00:00:11 ; elapsed = 00:00:07 . Memory (MB): peak = 10829.469 ; gain = 558.484 ; free physical = 443 ; free virtual = 28649
---------------------------------------------------------------------------------
Copyright 1986-2022 Xilinx, Inc. All Rights Reserved. Copyright 2022-2025 Advanced Micro Devices, Inc. All Rights Reserved.
---------------------------------------------------------------------------------------------------------------------------------------------
| Tool Version : Vivado v.2025.2 (lin64) Build 6299465 Fri Nov 14 12:34:56 MST 2025
| Date         : Mon Aug 31 22:46:00 2026
| Host         : khwl-ThinkPad-X1-Carbon-Gen-13 running 64-bit Ubuntu 24.04.4 LTS
---------------------------------------------------------------------------------------------------------------------------------------------

RTL Linter Report

Table of Contents
-----------------
1. Summary

1. Summary
----------

+---------+----------+--------------+----------+
| Rule ID | Severity | # Violations | # Waived |
+---------+----------+--------------+----------+


INFO: [Synth 37-85] Total of 0 linter message(s) generated.
INFO: [Synth 37-45] Linter Run Finished!
Synthesis Optimization Runtime : Time (s): cpu = 00:00:11 ; elapsed = 00:00:07 . Memory (MB): peak = 10838.375 ; gain = 567.391 ; free physical = 451 ; free virtual = 28655
INFO: [Common 17-83] Releasing license: Synthesis
69 Infos, 6 Warnings, 0 Critical Warnings and 0 Errors encountered.
synth_design completed successfully
synth_design: Time (s): cpu = 00:00:14 ; elapsed = 00:00:07 . Memory (MB): peak = 10851.016 ; gain = 580.031 ; free physical = 634 ; free virtual = 28838
INFO: [Common 17-2834] synth_design peak Physical Memory [PSS] (MB): overall = 2383.124; main = 2383.124; forked = 0.000
INFO: [Common 17-2834] synth_design peak Virtual Memory [VSS] (MB): overall = 10851.020; main = 10851.020; forked = 0.000
reset_run synth_1
INFO: [Project 1-1161] Replacing file /home/khwl/Desktop/claude_RISCOF_RV-IM100/RV-IM100/RV32s/SoCs/RV32I_5SP/RV32I46F5SP_MMIO_Dhrystone.srcs/utils_1/imports/synth_1/RV32I46F5SPMMIOSoCTOP.dcp with file /home/khwl/Desktop/claude_RISCOF_RV-IM100/RV-IM100/RV32s/SoCs/RV32I_5SP/RV32I46F5SP_MMIO_Dhrystone.runs/synth_1/RV32I46F5SPMMIOSoCTOP.dcp
launch_runs impl_1 -jobs 16
[Mon Aug 31 22:46:54 2026] Launched synth_1...
Run output will be captured here: /home/khwl/Desktop/claude_RISCOF_RV-IM100/RV-IM100/RV32s/SoCs/RV32I_5SP/RV32I46F5SP_MMIO_Dhrystone.runs/synth_1/runme.log
[Mon Aug 31 22:46:54 2026] Launched impl_1...
Run output will be captured here: /home/khwl/Desktop/claude_RISCOF_RV-IM100/RV-IM100/RV32s/SoCs/RV32I_5SP/RV32I46F5SP_MMIO_Dhrystone.runs/impl_1/runme.log
open_run impl_1
Netlist sorting complete. Time (s): cpu = 00:00:00.02 ; elapsed = 00:00:00.03 . Memory (MB): peak = 10871.016 ; gain = 0.000 ; free physical = 3190 ; free virtual = 28398
INFO: [Netlist 29-17] Analyzing 2727 Unisim elements for replacement
INFO: [Netlist 29-28] Unisim Transformation completed in 0 CPU seconds
INFO: [Project 1-479] Netlist was created with Vivado 2025.2
INFO: [Project 1-570] Preparing netlist for logic optimization
Read ShapeDB Complete: Time (s): cpu = 00:00:00.01 ; elapsed = 00:00:00.01 . Memory (MB): peak = 10871.016 ; gain = 0.000 ; free physical = 3183 ; free virtual = 28400
INFO: [Timing 38-478] Restoring timing data from binary archive.
INFO: [Timing 38-479] Binary timing data restore complete.
INFO: [Project 1-856] Restoring constraints from binary archive.
INFO: [Project 1-853] Binary constraint restore complete.
INFO: [Designutils 20-5722] Start Reading Physical Databases.
Reading placement.
Read Netlist Cache: Time (s): cpu = 00:00:00.01 ; elapsed = 00:00:00.01 . Memory (MB): peak = 11352.156 ; gain = 0.000 ; free physical = 2809 ; free virtual = 27978
Reading placer database...
Read Device Cache: Time (s): cpu = 00:00:00 ; elapsed = 00:00:00.01 . Memory (MB): peak = 11352.156 ; gain = 0.000 ; free physical = 2809 ; free virtual = 27978
Read PlaceDB: Time (s): cpu = 00:00:00 ; elapsed = 00:00:00 . Memory (MB): peak = 11352.156 ; gain = 0.000 ; free physical = 2809 ; free virtual = 27978
Read placeStorage: Time (s): cpu = 00:00:00.2 ; elapsed = 00:00:00.19 . Memory (MB): peak = 11362.156 ; gain = 10.000 ; free physical = 2801 ; free virtual = 27970
Read PulsedLatchDB: Time (s): cpu = 00:00:00 ; elapsed = 00:00:00 . Memory (MB): peak = 11362.156 ; gain = 0.000 ; free physical = 2801 ; free virtual = 27970
Reading routing.
Read RouteStorage: Time (s): cpu = 00:00:00.25 ; elapsed = 00:00:00.09 . Memory (MB): peak = 11370.539 ; gain = 8.383 ; free physical = 2793 ; free virtual = 27962
Read Physdb Files: Time (s): cpu = 00:00:00.47 ; elapsed = 00:00:00.3 . Memory (MB): peak = 11370.539 ; gain = 18.383 ; free physical = 2793 ; free virtual = 27962
Restored from archive | CPU: 0.510000 secs | Memory: 16.704903 MB |
Finished XDEF File Restore: Time (s): cpu = 00:00:00.47 ; elapsed = 00:00:00.3 . Memory (MB): peak = 11370.539 ; gain = 18.383 ; free physical = 2793 ; free virtual = 27962
Netlist sorting complete. Time (s): cpu = 00:00:00 ; elapsed = 00:00:00 . Memory (MB): peak = 11375.539 ; gain = 0.000 ; free physical = 2790 ; free virtual = 27963
INFO: [Project 1-111] Unisim Transformation Summary:
  A total of 1038 instances were transformed.
  RAM256X1S => RAM256X1S (MUXF7(x2), MUXF8, RAMS64E(x4)): 1024 instances
  RAM32M => RAM32M (RAMD32(x6), RAMS32(x2)): 10 instances
  RAM32X1D => RAM32X1D (RAMD32(x2)): 4 instances

open_run: Time (s): cpu = 00:00:13 ; elapsed = 00:00:06 . Memory (MB): peak = 11944.754 ; gain = 1073.738 ; free physical = 2209 ; free virtual = 27394
WARNING: [Power 33-325] Unable to locate instance 'rv32i46f_5sp_mmio/mem_wb_register/prediction_counter[1]_i_27' in design.
WARNING: [Power 33-325] Unable to locate instance 'rv32i46f_5sp_mmio/mem_wb_register/prediction_counter[1]_i_12' in design.
WARNING: [Power 33-325] Unable to locate instance 'rv32i46f_5sp_mmio/mem_wb_register/MEM_alu_result[8]_i_3' in design.
WARNING: [Power 33-325] Unable to locate instance 'rv32i46f_5sp_mmio/mem_wb_register/MEM_alu_result[8]_i_8' in design.
WARNING: [Power 33-325] Unable to locate instance 'rv32i46f_5sp_mmio/program_counter/pc[13]_rep_i_1__4' in design.
WARNING: [Power 33-325] Unable to locate instance 'rv32i46f_5sp_mmio/program_counter/pc[26]_i_1' in design.
WARNING: [Power 33-325] Unable to locate instance 'rv32i46f_5sp_mmio/program_counter/pc[25]_i_1' in design.
WARNING: [Power 33-325] Unable to locate instance 'rv32i46f_5sp_mmio/id_ex_register/pc[7]_i_10' in design.
WARNING: [Power 33-325] Unable to locate instance 'rv32i46f_5sp_mmio/id_ex_register/pc[26]_i_3' in design.
WARNING: [Power 33-325] Unable to locate instance 'rv32i46f_5sp_mmio/mem_wb_register/MEM_alu_result[1]_i_21' in design.
WARNING: [Power 33-325] Unable to locate instance 'rv32i46f_5sp_mmio/id_ex_register/pc[25]_i_3' in design.
launch_runs impl_1 -to_step write_bitstream -jobs 16
[Mon Aug 31 23:05:50 2026] Launched impl_1...
Run output will be captured here: /home/khwl/Desktop/claude_RISCOF_RV-IM100/RV-IM100/RV32s/SoCs/RV32I_5SP/RV32I46F5SP_MMIO_Dhrystone.runs/impl_1/runme.log
report_utilization -hierarchical_min_primitive_count 50 -name utilization_1
report_power -name {power_1}
Command: report_power -name power_1
Running Vector-less Activity Propagation...

Finished Running Vector-less Activity Propagation
0 Infos, 0 Warnings, 0 Critical Warnings and 0 Errors encountered.
report_power completed successfully
WARNING: [filemgmt 56-199] Attempt to get parsing info during refresh. "On-the-fly" syntax checking information may be incorrect. [/home/khwl/Desktop/claude_RISCOF_RV-IM100/RV-IM100/RV32s/SoCs/RV32I_5SP/RV32I46F5SP_MMIO_Dhrystone.srcs/sources_1/imports/sources/Instruction_Memory.v:]
WARNING: [filemgmt 56-199] Attempt to get parsing info during refresh. "On-the-fly" syntax checking information may be incorrect. [/home/khwl/Desktop/claude_RISCOF_RV-IM100/RV-IM100/RV32s/SoCs/RV32I_5SP/RV32I46F5SP_MMIO_Dhrystone.srcs/sources_1/imports/sources/RV32I46F_5SP_MMIO.v:]
WARNING: [filemgmt 56-199] Attempt to get parsing info during refresh. "On-the-fly" syntax checking information may be incorrect. [/home/khwl/Desktop/claude_RISCOF_RV-IM100/RV-IM100/RV32s/SoCs/RV32I_5SP/RV32I46F5SP_MMIO_Dhrystone.srcs/sources_1/imports/sources/Instruction_Memory.v:]
WARNING: [filemgmt 56-199] Attempt to get parsing info during refresh. "On-the-fly" syntax checking information may be incorrect. [/home/khwl/Desktop/claude_RISCOF_RV-IM100/RV-IM100/RV32s/SoCs/RV32I_5SP/RV32I46F5SP_MMIO_Dhrystone.srcs/sources_1/imports/sources/Instruction_Memory.v:]
reset_run synth_1
INFO: [Project 1-1161] Replacing file /home/khwl/Desktop/claude_RISCOF_RV-IM100/RV-IM100/RV32s/SoCs/RV32I_5SP/RV32I46F5SP_MMIO_Dhrystone.srcs/utils_1/imports/synth_1/RV32I46F5SPMMIOSoCTOP.dcp with file /home/khwl/Desktop/claude_RISCOF_RV-IM100/RV-IM100/RV32s/SoCs/RV32I_5SP/RV32I46F5SP_MMIO_Dhrystone.runs/synth_1/RV32I46F5SPMMIOSoCTOP.dcp
WARNING: [filemgmt 56-199] Attempt to get parsing info during refresh. "On-the-fly" syntax checking information may be incorrect. [/home/khwl/Desktop/claude_RISCOF_RV-IM100/RV-IM100/RV32s/SoCs/RV32I_5SP/RV32I46F5SP_MMIO_Dhrystone.srcs/sources_1/imports/sources/Instruction_Memory.v:]
WARNING: [filemgmt 56-199] Attempt to get parsing info during refresh. "On-the-fly" syntax checking information may be incorrect. [/home/khwl/Desktop/claude_RISCOF_RV-IM100/RV-IM100/RV32s/SoCs/RV32I_5SP/RV32I46F5SP_MMIO_Dhrystone.srcs/sources_1/imports/sources/RV32I46F_5SP_MMIO.v:]
WARNING: [filemgmt 56-199] Attempt to get parsing info during refresh. "On-the-fly" syntax checking information may be incorrect. [/home/khwl/Desktop/claude_RISCOF_RV-IM100/RV-IM100/RV32s/SoCs/RV32I_5SP/RV32I46F5SP_MMIO_Dhrystone.srcs/sources_1/imports/sources/Instruction_Memory.v:]
WARNING: [filemgmt 56-199] Attempt to get parsing info during refresh. "On-the-fly" syntax checking information may be incorrect. [/home/khwl/Desktop/claude_RISCOF_RV-IM100/RV-IM100/RV32s/SoCs/RV32I_5SP/RV32I46F5SP_MMIO_Dhrystone.srcs/sources_1/imports/sources/Instruction_Memory.v:]
launch_runs impl_1 -jobs 16
[Mon Aug 31 23:15:27 2026] Launched synth_1...
Run output will be captured here: /home/khwl/Desktop/claude_RISCOF_RV-IM100/RV-IM100/RV32s/SoCs/RV32I_5SP/RV32I46F5SP_MMIO_Dhrystone.runs/synth_1/runme.log
[Mon Aug 31 23:15:27 2026] Launched impl_1...
Run output will be captured here: /home/khwl/Desktop/claude_RISCOF_RV-IM100/RV-IM100/RV32s/SoCs/RV32I_5SP/RV32I46F5SP_MMIO_Dhrystone.runs/impl_1/runme.log
launch_runs impl_1 -to_step write_bitstream -jobs 16
[Mon Aug 31 23:41:15 2026] Launched impl_1...
Run output will be captured here: /home/khwl/Desktop/claude_RISCOF_RV-IM100/RV-IM100/RV32s/SoCs/RV32I_5SP/RV32I46F5SP_MMIO_Dhrystone.runs/impl_1/runme.log
refresh_design
Netlist sorting complete. Time (s): cpu = 00:00:00.03 ; elapsed = 00:00:00.02 . Memory (MB): peak = 12139.496 ; gain = 0.000 ; free physical = 2550 ; free virtual = 27191
INFO: [Netlist 29-17] Analyzing 4759 Unisim elements for replacement
INFO: [Netlist 29-28] Unisim Transformation completed in 0 CPU seconds
INFO: [Project 1-479] Netlist was created with Vivado 2025.2
INFO: [Project 1-570] Preparing netlist for logic optimization
Read ShapeDB Complete: Time (s): cpu = 00:00:00.03 ; elapsed = 00:00:00.02 . Memory (MB): peak = 12139.496 ; gain = 0.000 ; free physical = 2569 ; free virtual = 27175
INFO: [Timing 38-478] Restoring timing data from binary archive.
INFO: [Timing 38-479] Binary timing data restore complete.
INFO: [Project 1-856] Restoring constraints from binary archive.
INFO: [Project 1-853] Binary constraint restore complete.
INFO: [Designutils 20-5722] Start Reading Physical Databases.
Reading placement.
Read Netlist Cache: Time (s): cpu = 00:00:00 ; elapsed = 00:00:00.01 . Memory (MB): peak = 12139.496 ; gain = 0.000 ; free physical = 2573 ; free virtual = 27181
Reading placer database...
Read Device Cache: Time (s): cpu = 00:00:00 ; elapsed = 00:00:00 . Memory (MB): peak = 12139.496 ; gain = 0.000 ; free physical = 2573 ; free virtual = 27181
Read PlaceDB: Time (s): cpu = 00:00:00 ; elapsed = 00:00:00 . Memory (MB): peak = 12139.496 ; gain = 0.000 ; free physical = 2573 ; free virtual = 27181
Read placeStorage: Time (s): cpu = 00:00:00.19 ; elapsed = 00:00:00.18 . Memory (MB): peak = 12139.496 ; gain = 0.000 ; free physical = 2571 ; free virtual = 27181
Read PulsedLatchDB: Time (s): cpu = 00:00:00 ; elapsed = 00:00:00.01 . Memory (MB): peak = 12139.496 ; gain = 0.000 ; free physical = 2571 ; free virtual = 27181
Reading routing.
Read RouteStorage: Time (s): cpu = 00:00:00.16 ; elapsed = 00:00:00.05 . Memory (MB): peak = 12139.496 ; gain = 0.000 ; free physical = 2572 ; free virtual = 27181
Read Physdb Files: Time (s): cpu = 00:00:00.36 ; elapsed = 00:00:00.25 . Memory (MB): peak = 12139.496 ; gain = 0.000 ; free physical = 2572 ; free virtual = 27181
Restored from archive | CPU: 0.360000 secs | Memory: 15.455894 MB |
Finished XDEF File Restore: Time (s): cpu = 00:00:00.36 ; elapsed = 00:00:00.25 . Memory (MB): peak = 12139.496 ; gain = 0.000 ; free physical = 2572 ; free virtual = 27181
exit
INFO: [Common 17-206] Exiting Vivado at Mon Aug 31 23:43:06 2026...
