Copyright 1986-2022 Xilinx, Inc. All Rights Reserved. Copyright 2022-2025 Advanced Micro Devices, Inc. All Rights Reserved.
---------------------------------------------------------------------------------------------------------------------------------------------
| Tool Version : Vivado v.2025.2 (lin64) Build 6299465 Fri Nov 14 12:34:56 MST 2025
| Date         : Tue Sep  1 10:14:50 2026
| Host         : khwl-ThinkPad-X1-Carbon-Gen-13 running 64-bit Ubuntu 24.04.4 LTS
| Command      : report_timing_summary -file /home/khwl/Desktop/RV-IM100/riscof-env/logs/core_reports/RV64I_5SP/timing.rpt
| Design       : RV64I59F5SP
| Device       : 7a200t-sbg484
| Speed File   : -1  PRODUCTION 1.23 2018-06-13
| Design State : Synthesized
---------------------------------------------------------------------------------------------------------------------------------------------

Timing Summary Report

------------------------------------------------------------------------------------------------
| Timer Settings
| --------------
------------------------------------------------------------------------------------------------

  Enable Multi Corner Analysis               :  Yes
  Enable Pessimism Removal                   :  Yes
  Pessimism Removal Resolution               :  Nearest Common Node
  Enable Input Delay Default Clock           :  No
  Enable Preset / Clear Arcs                 :  No
  Disable Flight Delays                      :  No
  Ignore I/O Paths                           :  No
  Timing Early Launch at Borrowing Latches   :  No
  Borrow Time for Max Delay Exceptions       :  Yes
  Merge Timing Exceptions                    :  Yes
  Inter-SLR Compensation                     :  Conservative

  Corner  Analyze    Analyze    
  Name    Max Paths  Min Paths  
  ------  ---------  ---------  
  Slow    Yes        Yes        
  Fast    Yes        Yes        


------------------------------------------------------------------------------------------------
| Report Methodology
| ------------------
------------------------------------------------------------------------------------------------

No report available as report_methodology has not been run prior. Run report_methodology on the current design for the summary of methodology violations.



check_timing report

Table of Contents
-----------------
1. checking no_clock (0)
2. checking constant_clock (0)
3. checking pulse_width_clock (0)
4. checking unconstrained_internal_endpoints (0)
5. checking no_input_delay (99)
6. checking no_output_delay (362)
7. checking multiple_clock (0)
8. checking generated_clocks (0)
9. checking loops (0)
10. checking partial_input_delay (0)
11. checking partial_output_delay (0)
12. checking latch_loops (0)

1. checking no_clock (0)
------------------------
 There are 0 register/latch pins with no clock.


2. checking constant_clock (0)
------------------------------
 There are 0 register/latch pins with constant_clock.


3. checking pulse_width_clock (0)
---------------------------------
 There are 0 register/latch pins which need pulse_width check


4. checking unconstrained_internal_endpoints (0)
------------------------------------------------
 There are 0 pins that are not constrained for maximum delay.

 There are 0 pins that are not constrained for maximum delay due to constant clock.


5. checking no_input_delay (99)
-------------------------------
 There are 99 input ports with no input delay specified. (HIGH)

 There are 0 input ports with no input delay but user has a false path constraint.


6. checking no_output_delay (362)
---------------------------------
 There are 362 ports with no output delay specified. (HIGH)

 There are 0 ports with no output delay but user has a false path constraint

 There are 0 ports with no output delay but with a timing clock defined on it or propagating through it


7. checking multiple_clock (0)
------------------------------
 There are 0 register/latch pins with multiple clocks.


8. checking generated_clocks (0)
--------------------------------
 There are 0 generated clocks that are not connected to a clock source.


9. checking loops (0)
---------------------
 There are 0 combinational loops in the design.


10. checking partial_input_delay (0)
------------------------------------
 There are 0 input ports with partial input delay specified.


11. checking partial_output_delay (0)
-------------------------------------
 There are 0 ports with partial output delay specified.


12. checking latch_loops (0)
----------------------------
 There are 0 combinational latch loops in the design through latch input



------------------------------------------------------------------------------------------------
| Design Timing Summary
| ---------------------
------------------------------------------------------------------------------------------------

    WNS(ns)      TNS(ns)  TNS Failing Endpoints  TNS Total Endpoints      WHS(ns)      THS(ns)  THS Failing Endpoints  THS Total Endpoints     WPWS(ns)     TPWS(ns)  TPWS Failing Endpoints  TPWS Total Endpoints  
    -------      -------  ---------------------  -------------------      -------      -------  ---------------------  -------------------     --------     --------  ----------------------  --------------------  
    -14.502   -21375.529                   2729                 5367        0.239        0.000                      0                 5367        1.250        0.000                       0                  2508  


Timing constraints are not met.


------------------------------------------------------------------------------------------------
| Clock Summary
| -------------
------------------------------------------------------------------------------------------------

Clock  Waveform(ns)         Period(ns)      Frequency(MHz)
-----  ------------         ----------      --------------
clk    {0.000 2.500}        5.000           200.000         


------------------------------------------------------------------------------------------------
| Intra Clock Table
| -----------------
------------------------------------------------------------------------------------------------

Clock             WNS(ns)      TNS(ns)  TNS Failing Endpoints  TNS Total Endpoints      WHS(ns)      THS(ns)  THS Failing Endpoints  THS Total Endpoints     WPWS(ns)     TPWS(ns)  TPWS Failing Endpoints  TPWS Total Endpoints  
-----             -------      -------  ---------------------  -------------------      -------      -------  ---------------------  -------------------     --------     --------  ----------------------  --------------------  
clk               -14.502   -21375.529                   2729                 5367        0.239        0.000                      0                 5367        1.250        0.000                       0                  2508  


------------------------------------------------------------------------------------------------
| Inter Clock Table
| -----------------
------------------------------------------------------------------------------------------------

From Clock    To Clock          WNS(ns)      TNS(ns)  TNS Failing Endpoints  TNS Total Endpoints      WHS(ns)      THS(ns)  THS Failing Endpoints  THS Total Endpoints  
----------    --------          -------      -------  ---------------------  -------------------      -------      -------  ---------------------  -------------------  


------------------------------------------------------------------------------------------------
| Other Path Groups Table
| -----------------------
------------------------------------------------------------------------------------------------

Path Group    From Clock    To Clock          WNS(ns)      TNS(ns)  TNS Failing Endpoints  TNS Total Endpoints      WHS(ns)      THS(ns)  THS Failing Endpoints  THS Total Endpoints  
----------    ----------    --------          -------      -------  ---------------------  -------------------      -------      -------  ---------------------  -------------------  


------------------------------------------------------------------------------------------------
| Timing Details
| --------------
------------------------------------------------------------------------------------------------


---------------------------------------------------------------------------------------------------
From Clock:  clk
  To Clock:  clk

Setup :         2729  Failing Endpoints,  Worst Slack      -14.502ns,  Total Violation   -21375.530ns
Hold  :            0  Failing Endpoints,  Worst Slack        0.239ns,  Total Violation        0.000ns
PW    :            0  Failing Endpoints,  Worst Slack        1.250ns,  Total Violation        0.000ns
---------------------------------------------------------------------------------------------------


Max Delay Paths
--------------------------------------------------------------------------------------
Slack (VIOLATED) :        -14.502ns  (required time - arrival time)
  Source:                 ex_mem_register/MEM_alu_result_reg[1]/C
                            (rising edge-triggered cell FDCE clocked by clk  {rise@0.000ns fall@2.500ns period=5.000ns})
  Destination:            program_counter/pc_reg[63]/D
                            (rising edge-triggered cell FDCE clocked by clk  {rise@0.000ns fall@2.500ns period=5.000ns})
  Path Group:             clk
  Path Type:              Setup (Max at Slow Process Corner)
  Requirement:            5.000ns  (clk rise@5.000ns - clk rise@0.000ns)
  Data Path Delay:        19.447ns  (logic 7.913ns (40.690%)  route 11.534ns (59.310%))
  Logic Levels:           44  (CARRY4=26 LUT3=2 LUT4=1 LUT5=1 LUT6=14)
  Clock Path Skew:        -0.049ns (DCD - SCD + CPR)
    Destination Clock Delay (DCD):    0.924ns = ( 5.924 - 5.000 ) 
    Source Clock Delay      (SCD):    0.973ns
    Clock Pessimism Removal (CPR):    0.000ns
  Clock Uncertainty:      0.035ns  ((TSJ^2 + TIJ^2)^1/2 + DJ) / 2 + PE
    Total System Jitter     (TSJ):    0.071ns
    Total Input Jitter      (TIJ):    0.000ns
    Discrete Jitter          (DJ):    0.000ns
    Phase Error              (PE):    0.000ns

    Location             Delay type                Incr(ns)  Path(ns)    Netlist Resource(s)
  -------------------------------------------------------------------    -------------------
                         (clock clk rise edge)        0.000     0.000 r  
                                                      0.000     0.000 r  clk (IN)
                         net (fo=2507, unset)         0.973     0.973    ex_mem_register/clk
                         FDCE                                         r  ex_mem_register/MEM_alu_result_reg[1]/C
  -------------------------------------------------------------------    -------------------
                         FDCE (Prop_fdce_C_Q)         0.456     1.429 f  ex_mem_register/MEM_alu_result_reg[1]/Q
                         net (fo=63, unplaced)        0.829     2.258    ex_mem_register/Q[1]
                         LUT3 (Prop_lut3_I0_O)        0.295     2.553 r  ex_mem_register/dm_write_enable_INST_0_i_28/O
                         net (fo=1, unplaced)         0.000     2.553    ex_mem_register/dm_write_enable_INST_0_i_28_n_0
                         CARRY4 (Prop_carry4_S[0]_CO[3])
                                                      0.513     3.066 r  ex_mem_register/dm_write_enable_INST_0_i_20/CO[3]
                         net (fo=1, unplaced)         0.009     3.075    ex_mem_register/dm_write_enable_INST_0_i_20_n_0
                         CARRY4 (Prop_carry4_CI_CO[3])
                                                      0.117     3.192 r  ex_mem_register/dm_write_enable_INST_0_i_15/CO[3]
                         net (fo=1, unplaced)         0.000     3.192    ex_mem_register/dm_write_enable_INST_0_i_15_n_0
                         CARRY4 (Prop_carry4_CI_CO[3])
                                                      0.117     3.309 r  ex_mem_register/dm_write_enable_INST_0_i_10/CO[3]
                         net (fo=1, unplaced)         0.000     3.309    ex_mem_register/dm_write_enable_INST_0_i_10_n_0
                         CARRY4 (Prop_carry4_CI_CO[3])
                                                      0.117     3.426 r  ex_mem_register/dm_write_enable_INST_0_i_5/CO[3]
                         net (fo=1, unplaced)         0.000     3.426    ex_mem_register/dm_write_enable_INST_0_i_5_n_0
                         CARRY4 (Prop_carry4_CI_CO[3])
                                                      0.117     3.543 r  ex_mem_register/dm_write_enable_INST_0_i_2/CO[3]
                         net (fo=1, unplaced)         0.000     3.543    ex_mem_register/dm_write_enable_INST_0_i_2_n_0
                         CARRY4 (Prop_carry4_CI_CO[1])
                                                      0.179     3.722 f  ex_mem_register/dm_write_enable_INST_0_i_1/CO[1]
                         net (fo=202, unplaced)       0.429     4.151    ex_mem_register/mmio_uart_status_hit
                         LUT5 (Prop_lut5_I2_O)        0.332     4.483 r  ex_mem_register/WB_byte_enable_logic_register_file_write_data[5]_i_6/O
                         net (fo=1, unplaced)         0.449     4.932    ex_mem_register/WB_byte_enable_logic_register_file_write_data[5]_i_6_n_0
                         LUT6 (Prop_lut6_I5_O)        0.124     5.056 r  ex_mem_register/WB_byte_enable_logic_register_file_write_data[5]_i_3/O
                         net (fo=1, unplaced)         0.902     5.958    ex_mem_register/WB_byte_enable_logic_register_file_write_data[5]_i_3_n_0
                         LUT6 (Prop_lut6_I1_O)        0.124     6.082 r  ex_mem_register/WB_byte_enable_logic_register_file_write_data[5]_i_2/O
                         net (fo=2, unplaced)         0.460     6.542    ex_mem_register/byte_enable_logic_register_file_write_data[5]
                         LUT6 (Prop_lut6_I5_O)        0.124     6.666 r  ex_mem_register/i___0_carry__0_i_19/O
                         net (fo=3, unplaced)         0.467     7.133    id_ex_register/MEM_forward_data_value[5]
                         LUT6 (Prop_lut6_I0_O)        0.124     7.257 r  id_ex_register/i___0_carry__0_i_32/O
                         net (fo=9, unplaced)         0.490     7.747    id_ex_register/alu_forward_source_data_b[5]
                         LUT6 (Prop_lut6_I5_O)        0.124     7.871 r  id_ex_register/MEM_alu_result[15]_i_22/O
                         net (fo=128, unplaced)       1.008     8.879    id_ex_register/MEM_alu_result[15]_i_22_n_0
                         LUT4 (Prop_lut4_I3_O)        0.124     9.003 f  id_ex_register/alu_zero0_carry__1_i_72/O
                         net (fo=3, unplaced)         0.920     9.923    id_ex_register/alu_zero0_carry__1_i_72_n_0
                         LUT6 (Prop_lut6_I1_O)        0.124    10.047 f  id_ex_register/alu_zero0_carry__1_i_44/O
                         net (fo=4, unplaced)         0.926    10.973    id_ex_register/alu_zero0_carry__1_i_44_n_0
                         LUT6 (Prop_lut6_I0_O)        0.124    11.097 f  id_ex_register/alu_zero0_carry__1_i_17/O
                         net (fo=2, unplaced)         0.460    11.557    id_ex_register/alu_zero0_carry__1_i_17_n_0
                         LUT6 (Prop_lut6_I5_O)        0.124    11.681 f  id_ex_register/MEM_alu_result[31]_i_7/O
                         net (fo=2, unplaced)         0.460    12.141    id_ex_register/MEM_alu_result[31]_i_7_n_0
                         LUT6 (Prop_lut6_I4_O)        0.124    12.265 f  id_ex_register/alu_zero0_carry__1_i_20/O
                         net (fo=1, unplaced)         0.902    13.167    id_ex_register/alu_zero0_carry__1_i_20_n_0
                         LUT6 (Prop_lut6_I5_O)        0.124    13.291 f  id_ex_register/alu_zero0_carry__1_i_6/O
                         net (fo=1, unplaced)         0.902    14.193    id_ex_register/alu_zero0_carry__1_i_6_n_0
                         LUT3 (Prop_lut3_I1_O)        0.124    14.317 r  id_ex_register/alu_zero0_carry__1_i_2/O
                         net (fo=1, unplaced)         0.000    14.317    alu/alu_dword/alu_zero0_carry__2_0[2]
                         CARRY4 (Prop_carry4_S[2]_CO[3])
                                                      0.380    14.697 r  alu/alu_dword/alu_zero0_carry__1/CO[3]
                         net (fo=1, unplaced)         0.000    14.697    alu/alu_dword/alu_zero0_carry__1_n_0
                         CARRY4 (Prop_carry4_CI_CO[3])
                                                      0.117    14.814 r  alu/alu_dword/alu_zero0_carry__2/CO[3]
                         net (fo=1, unplaced)         0.000    14.814    alu/alu_dword/alu_zero0_carry__2_n_0
                         CARRY4 (Prop_carry4_CI_CO[3])
                                                      0.117    14.931 r  alu/alu_dword/alu_zero0_carry__3/CO[3]
                         net (fo=1, unplaced)         0.000    14.931    alu/alu_dword/alu_zero0_carry__3_n_0
                         CARRY4 (Prop_carry4_CI_CO[1])
                                                      0.179    15.110 r  alu/alu_dword/alu_zero0_carry__4/CO[1]
                         net (fo=1, unplaced)         0.312    15.422    id_ex_register/pc[63]_i_6_0[0]
                         LUT6 (Prop_lut6_I5_O)        0.332    15.754 r  id_ex_register/prediction_counter[1]_i_3/O
                         net (fo=53, unplaced)        0.533    16.287    id_ex_register/alu_zero
                         LUT6 (Prop_lut6_I2_O)        0.124    16.411 r  id_ex_register/pc[3]_i_9/O
                         net (fo=1, unplaced)         0.000    16.411    id_ex_register/pc[3]_i_9_n_0
                         CARRY4 (Prop_carry4_S[1]_CO[3])
                                                      0.533    16.944 r  id_ex_register/pc_reg[3]_i_5/CO[3]
                         net (fo=1, unplaced)         0.009    16.953    id_ex_register/pc_reg[3]_i_5_n_0
                         CARRY4 (Prop_carry4_CI_CO[3])
                                                      0.117    17.070 r  id_ex_register/pc_reg[7]_i_5/CO[3]
                         net (fo=1, unplaced)         0.000    17.070    id_ex_register/pc_reg[7]_i_5_n_0
                         CARRY4 (Prop_carry4_CI_CO[3])
                                                      0.117    17.187 r  id_ex_register/pc_reg[11]_i_5/CO[3]
                         net (fo=1, unplaced)         0.000    17.187    id_ex_register/pc_reg[11]_i_5_n_0
                         CARRY4 (Prop_carry4_CI_CO[3])
                                                      0.117    17.304 r  id_ex_register/pc_reg[15]_i_5/CO[3]
                         net (fo=1, unplaced)         0.000    17.304    id_ex_register/pc_reg[15]_i_5_n_0
                         CARRY4 (Prop_carry4_CI_CO[3])
                                                      0.117    17.421 r  id_ex_register/pc_reg[19]_i_5/CO[3]
                         net (fo=1, unplaced)         0.000    17.421    id_ex_register/pc_reg[19]_i_5_n_0
                         CARRY4 (Prop_carry4_CI_CO[3])
                                                      0.117    17.538 r  id_ex_register/pc_reg[23]_i_5/CO[3]
                         net (fo=1, unplaced)         0.000    17.538    id_ex_register/pc_reg[23]_i_5_n_0
                         CARRY4 (Prop_carry4_CI_CO[3])
                                                      0.117    17.655 r  id_ex_register/pc_reg[27]_i_5/CO[3]
                         net (fo=1, unplaced)         0.000    17.655    id_ex_register/pc_reg[27]_i_5_n_0
                         CARRY4 (Prop_carry4_CI_CO[3])
                                                      0.117    17.772 r  id_ex_register/pc_reg[31]_i_5/CO[3]
                         net (fo=1, unplaced)         0.000    17.772    id_ex_register/pc_reg[31]_i_5_n_0
                         CARRY4 (Prop_carry4_CI_CO[3])
                                                      0.117    17.889 r  id_ex_register/pc_reg[35]_i_5/CO[3]
                         net (fo=1, unplaced)         0.000    17.889    id_ex_register/pc_reg[35]_i_5_n_0
                         CARRY4 (Prop_carry4_CI_CO[3])
                                                      0.117    18.006 r  id_ex_register/pc_reg[39]_i_5/CO[3]
                         net (fo=1, unplaced)         0.000    18.006    id_ex_register/pc_reg[39]_i_5_n_0
                         CARRY4 (Prop_carry4_CI_CO[3])
                                                      0.117    18.123 r  id_ex_register/pc_reg[43]_i_5/CO[3]
                         net (fo=1, unplaced)         0.000    18.123    id_ex_register/pc_reg[43]_i_5_n_0
                         CARRY4 (Prop_carry4_CI_CO[3])
                                                      0.117    18.240 r  id_ex_register/pc_reg[47]_i_5/CO[3]
                         net (fo=1, unplaced)         0.000    18.240    id_ex_register/pc_reg[47]_i_5_n_0
                         CARRY4 (Prop_carry4_CI_CO[3])
                                                      0.117    18.357 r  id_ex_register/pc_reg[51]_i_5/CO[3]
                         net (fo=1, unplaced)         0.000    18.357    id_ex_register/pc_reg[51]_i_5_n_0
                         CARRY4 (Prop_carry4_CI_CO[3])
                                                      0.117    18.474 r  id_ex_register/pc_reg[55]_i_5/CO[3]
                         net (fo=1, unplaced)         0.000    18.474    id_ex_register/pc_reg[55]_i_5_n_0
                         CARRY4 (Prop_carry4_CI_CO[3])
                                                      0.117    18.591 r  id_ex_register/pc_reg[59]_i_5/CO[3]
                         net (fo=1, unplaced)         0.000    18.591    id_ex_register/pc_reg[59]_i_5_n_0
                         CARRY4 (Prop_carry4_CI_O[3])
                                                      0.331    18.922 r  id_ex_register/pc_reg[63]_i_7/O[3]
                         net (fo=1, unplaced)         0.618    19.540    id_ex_register/pc_reg[63]_i_7_n_4
                         LUT6 (Prop_lut6_I5_O)        0.307    19.847 r  id_ex_register/pc[63]_i_2/O
                         net (fo=1, unplaced)         0.449    20.296    id_ex_register/pc[63]_i_2_n_0
                         LUT6 (Prop_lut6_I3_O)        0.124    20.420 r  id_ex_register/pc[63]_i_1/O
                         net (fo=1, unplaced)         0.000    20.420    program_counter/D[63]
                         FDCE                                         r  program_counter/pc_reg[63]/D
  -------------------------------------------------------------------    -------------------

                         (clock clk rise edge)        5.000     5.000 r  
                                                      0.000     5.000 r  clk (IN)
                         net (fo=2507, unset)         0.924     5.924    program_counter/clk
                         FDCE                                         r  program_counter/pc_reg[63]/C
                         clock pessimism              0.000     5.924    
                         clock uncertainty           -0.035     5.889    
                         FDCE (Setup_fdce_C_D)        0.029     5.918    program_counter/pc_reg[63]
  -------------------------------------------------------------------
                         required time                          5.918    
                         arrival time                         -20.420    
  -------------------------------------------------------------------
                         slack                                -14.502    





Min Delay Paths
--------------------------------------------------------------------------------------
Slack (MET) :             0.239ns  (arrival time - required time)
  Source:                 mem_wb_register/WB_rd_reg[3]/C
                            (rising edge-triggered cell FDCE clocked by clk  {rise@0.000ns fall@2.500ns period=5.000ns})
  Destination:            register_file/registers_reg_r1_0_31_0_5/RAMA/WADR3
                            (rising edge-triggered cell RAMD32 clocked by clk  {rise@0.000ns fall@2.500ns period=5.000ns})
  Path Group:             clk
  Path Type:              Hold (Min at Fast Process Corner)
  Requirement:            0.000ns  (clk rise@0.000ns - clk rise@0.000ns)
  Data Path Delay:        0.447ns  (logic 0.141ns (31.512%)  route 0.306ns (68.488%))
  Logic Levels:           0  
  Clock Path Skew:        0.022ns (DCD - SCD - CPR)
    Destination Clock Delay (DCD):    0.432ns
    Source Clock Delay      (SCD):    0.410ns
    Clock Pessimism Removal (CPR):    -0.000ns

    Location             Delay type                Incr(ns)  Path(ns)    Netlist Resource(s)
  -------------------------------------------------------------------    -------------------
                         (clock clk rise edge)        0.000     0.000 r  
                                                      0.000     0.000 r  clk (IN)
                         net (fo=2507, unset)         0.410     0.410    mem_wb_register/clk
                         FDCE                                         r  mem_wb_register/WB_rd_reg[3]/C
  -------------------------------------------------------------------    -------------------
                         FDCE (Prop_fdce_C_Q)         0.141     0.551 r  mem_wb_register/WB_rd_reg[3]/Q
                         net (fo=184, unplaced)       0.306     0.858    register_file/registers_reg_r1_0_31_0_5/ADDRD3
                         RAMD32                                       r  register_file/registers_reg_r1_0_31_0_5/RAMA/WADR3
  -------------------------------------------------------------------    -------------------

                         (clock clk rise edge)        0.000     0.000 r  
                                                      0.000     0.000 r  clk (IN)
                         net (fo=2507, unset)         0.432     0.432    register_file/registers_reg_r1_0_31_0_5/WCLK
                         RAMD32                                       r  register_file/registers_reg_r1_0_31_0_5/RAMA/CLK
                         clock pessimism              0.000     0.432    
                         RAMD32 (Hold_ramd32_CLK_WADR3)
                                                      0.187     0.619    register_file/registers_reg_r1_0_31_0_5/RAMA
  -------------------------------------------------------------------
                         required time                         -0.619    
                         arrival time                           0.858    
  -------------------------------------------------------------------
                         slack                                  0.239    





Pulse Width Checks
--------------------------------------------------------------------------------------
Clock Name:         clk
Waveform(ns):       { 0.000 2.500 }
Period(ns):         5.000
Sources:            { clk }

Check Type        Corner  Lib Pin     Reference Pin  Required(ns)  Actual(ns)  Slack(ns)  Location  Pin
Min Period        n/a     FDCE/C      n/a            1.000         5.000       4.000                instruction_retired_reg/C
Low Pulse Width   Slow    RAMD32/CLK  n/a            1.250         2.500       1.250                register_file/registers_reg_r1_0_31_0_5/RAMA/CLK
High Pulse Width  Slow    RAMD32/CLK  n/a            1.250         2.500       1.250                register_file/registers_reg_r1_0_31_0_5/RAMA/CLK



