Copyright 1986-2022 Xilinx, Inc. All Rights Reserved. Copyright 2022-2025 Advanced Micro Devices, Inc. All Rights Reserved.
-----------------------------------------------------------------------------------------------------------------------------------------------------
| Tool Version : Vivado v.2025.2 (lin64) Build 6299465 Fri Nov 14 12:34:56 MST 2025
| Date         : Tue Sep  1 10:12:09 2026
| Host         : khwl-ThinkPad-X1-Carbon-Gen-13 running 64-bit Ubuntu 24.04.4 LTS
| Command      : report_timing_summary -file /home/khwl/Desktop/RV-IM100/riscof-env/logs/core_reports/RV32IM_8SP_withoutOpt/timing.rpt
| Design       : RV32IM72F8SP_CORE
| Device       : 7a200t-sbg484
| Speed File   : -1  PRODUCTION 1.23 2018-06-13
| Design State : Synthesized
-----------------------------------------------------------------------------------------------------------------------------------------------------

Timing Summary Report

------------------------------------------------------------------------------------------------
| Timer Settings
| --------------
------------------------------------------------------------------------------------------------

  Enable Multi Corner Analysis               :  Yes
  Enable Pessimism Removal                   :  Yes
  Pessimism Removal Resolution               :  Nearest Common Node
  Enable Input Delay Default Clock           :  No
  Enable Preset / Clear Arcs                 :  No
  Disable Flight Delays                      :  No
  Ignore I/O Paths                           :  No
  Timing Early Launch at Borrowing Latches   :  No
  Borrow Time for Max Delay Exceptions       :  Yes
  Merge Timing Exceptions                    :  Yes
  Inter-SLR Compensation                     :  Conservative

  Corner  Analyze    Analyze    
  Name    Max Paths  Min Paths  
  ------  ---------  ---------  
  Slow    Yes        Yes        
  Fast    Yes        Yes        


------------------------------------------------------------------------------------------------
| Report Methodology
| ------------------
------------------------------------------------------------------------------------------------

No report available as report_methodology has not been run prior. Run report_methodology on the current design for the summary of methodology violations.



check_timing report

Table of Contents
-----------------
1. checking no_clock (0)
2. checking constant_clock (0)
3. checking pulse_width_clock (0)
4. checking unconstrained_internal_endpoints (0)
5. checking no_input_delay (68)
6. checking no_output_delay (233)
7. checking multiple_clock (0)
8. checking generated_clocks (0)
9. checking loops (0)
10. checking partial_input_delay (0)
11. checking partial_output_delay (0)
12. checking latch_loops (0)

1. checking no_clock (0)
------------------------
 There are 0 register/latch pins with no clock.


2. checking constant_clock (0)
------------------------------
 There are 0 register/latch pins with constant_clock.


3. checking pulse_width_clock (0)
---------------------------------
 There are 0 register/latch pins which need pulse_width check


4. checking unconstrained_internal_endpoints (0)
------------------------------------------------
 There are 0 pins that are not constrained for maximum delay.

 There are 0 pins that are not constrained for maximum delay due to constant clock.


5. checking no_input_delay (68)
-------------------------------
 There are 68 input ports with no input delay specified. (HIGH)

 There are 0 input ports with no input delay but user has a false path constraint.


6. checking no_output_delay (233)
---------------------------------
 There are 233 ports with no output delay specified. (HIGH)

 There are 0 ports with no output delay but user has a false path constraint

 There are 0 ports with no output delay but with a timing clock defined on it or propagating through it


7. checking multiple_clock (0)
------------------------------
 There are 0 register/latch pins with multiple clocks.


8. checking generated_clocks (0)
--------------------------------
 There are 0 generated clocks that are not connected to a clock source.


9. checking loops (0)
---------------------
 There are 0 combinational loops in the design.


10. checking partial_input_delay (0)
------------------------------------
 There are 0 input ports with partial input delay specified.


11. checking partial_output_delay (0)
-------------------------------------
 There are 0 ports with partial output delay specified.


12. checking latch_loops (0)
----------------------------
 There are 0 combinational latch loops in the design through latch input



------------------------------------------------------------------------------------------------
| Design Timing Summary
| ---------------------
------------------------------------------------------------------------------------------------

    WNS(ns)      TNS(ns)  TNS Failing Endpoints  TNS Total Endpoints      WHS(ns)      THS(ns)  THS Failing Endpoints  THS Total Endpoints     WPWS(ns)     TPWS(ns)  TPWS Failing Endpoints  TPWS Total Endpoints  
    -------      -------  ---------------------  -------------------      -------      -------  ---------------------  -------------------     --------     --------  ----------------------  --------------------  
     -5.126    -8177.341                   3003                 6544        0.233        0.000                      0                 6544        1.250        0.000                       0                  2508  


Timing constraints are not met.


------------------------------------------------------------------------------------------------
| Clock Summary
| -------------
------------------------------------------------------------------------------------------------

Clock  Waveform(ns)         Period(ns)      Frequency(MHz)
-----  ------------         ----------      --------------
clk    {0.000 2.500}        5.000           200.000         


------------------------------------------------------------------------------------------------
| Intra Clock Table
| -----------------
------------------------------------------------------------------------------------------------

Clock             WNS(ns)      TNS(ns)  TNS Failing Endpoints  TNS Total Endpoints      WHS(ns)      THS(ns)  THS Failing Endpoints  THS Total Endpoints     WPWS(ns)     TPWS(ns)  TPWS Failing Endpoints  TPWS Total Endpoints  
-----             -------      -------  ---------------------  -------------------      -------      -------  ---------------------  -------------------     --------     --------  ----------------------  --------------------  
clk                -5.126    -8177.341                   3003                 6544        0.233        0.000                      0                 6544        1.250        0.000                       0                  2508  


------------------------------------------------------------------------------------------------
| Inter Clock Table
| -----------------
------------------------------------------------------------------------------------------------

From Clock    To Clock          WNS(ns)      TNS(ns)  TNS Failing Endpoints  TNS Total Endpoints      WHS(ns)      THS(ns)  THS Failing Endpoints  THS Total Endpoints  
----------    --------          -------      -------  ---------------------  -------------------      -------      -------  ---------------------  -------------------  


------------------------------------------------------------------------------------------------
| Other Path Groups Table
| -----------------------
------------------------------------------------------------------------------------------------

Path Group    From Clock    To Clock          WNS(ns)      TNS(ns)  TNS Failing Endpoints  TNS Total Endpoints      WHS(ns)      THS(ns)  THS Failing Endpoints  THS Total Endpoints  
----------    ----------    --------          -------      -------  ---------------------  -------------------      -------      -------  ---------------------  -------------------  


------------------------------------------------------------------------------------------------
| Timing Details
| --------------
------------------------------------------------------------------------------------------------


---------------------------------------------------------------------------------------------------
From Clock:  clk
  To Clock:  clk

Setup :         3003  Failing Endpoints,  Worst Slack       -5.126ns,  Total Violation    -8177.341ns
Hold  :            0  Failing Endpoints,  Worst Slack        0.233ns,  Total Violation        0.000ns
PW    :            0  Failing Endpoints,  Worst Slack        1.250ns,  Total Violation        0.000ns
---------------------------------------------------------------------------------------------------


Max Delay Paths
--------------------------------------------------------------------------------------
Slack (VIOLATED) :        -5.126ns  (required time - arrival time)
  Source:                 exr_ex_register/EX_opcode_reg[3]/C
                            (rising edge-triggered cell FDRE clocked by clk  {rise@0.000ns fall@2.500ns period=5.000ns})
  Destination:            ex_ex2_register/EX2_alu_zero_reg/D
                            (rising edge-triggered cell FDRE clocked by clk  {rise@0.000ns fall@2.500ns period=5.000ns})
  Path Group:             clk
  Path Type:              Setup (Max at Slow Process Corner)
  Requirement:            5.000ns  (clk rise@5.000ns - clk rise@0.000ns)
  Data Path Delay:        10.155ns  (logic 2.405ns (23.683%)  route 7.750ns (76.317%))
  Logic Levels:           11  (LUT2=1 LUT3=1 LUT4=1 LUT5=2 LUT6=4 MUXF7=2)
  Clock Path Skew:        -0.049ns (DCD - SCD + CPR)
    Destination Clock Delay (DCD):    0.924ns = ( 5.924 - 5.000 ) 
    Source Clock Delay      (SCD):    0.973ns
    Clock Pessimism Removal (CPR):    0.000ns
  Clock Uncertainty:      0.035ns  ((TSJ^2 + TIJ^2)^1/2 + DJ) / 2 + PE
    Total System Jitter     (TSJ):    0.071ns
    Total Input Jitter      (TIJ):    0.000ns
    Discrete Jitter          (DJ):    0.000ns
    Phase Error              (PE):    0.000ns

    Location             Delay type                Incr(ns)  Path(ns)    Netlist Resource(s)
  -------------------------------------------------------------------    -------------------
                         (clock clk rise edge)        0.000     0.000 r  
                                                      0.000     0.000 r  clk (IN)
                         net (fo=2507, unset)         0.973     0.973    exr_ex_register/clk
                         FDRE                                         r  exr_ex_register/EX_opcode_reg[3]/C
  -------------------------------------------------------------------    -------------------
                         FDRE (Prop_fdre_C_Q)         0.456     1.429 r  exr_ex_register/EX_opcode_reg[3]/Q
                         net (fo=11, unplaced)        0.787     2.216    exr_ex_register/EX_opcode_reg[6]_1[3]
                         LUT3 (Prop_lut3_I0_O)        0.295     2.511 r  exr_ex_register/EX2_alu_result[1]_i_31/O
                         net (fo=1, unplaced)         0.902     3.413    exr_ex_register/EX2_alu_result[1]_i_31_n_0
                         LUT6 (Prop_lut6_I3_O)        0.124     3.537 r  exr_ex_register/EX2_alu_result[1]_i_20/O
                         net (fo=1, unplaced)         0.902     4.439    exr_ex_register/EX2_alu_result[1]_i_20_n_0
                         LUT6 (Prop_lut6_I1_O)        0.124     4.563 r  exr_ex_register/EX2_alu_result[1]_i_10/O
                         net (fo=10, unplaced)        1.154     5.717    exr_ex_register/EX_funct3_reg[0]_0[0]
                         LUT5 (Prop_lut5_I0_O)        0.124     5.841 f  exr_ex_register/EX2_alu_result[1]_i_7/O
                         net (fo=67, unplaced)        0.539     6.380    exr_ex_register/EX2_alu_result[1]_i_7_n_0
                         LUT2 (Prop_lut2_I1_O)        0.124     6.504 r  exr_ex_register/EX2_alu_result[31]_i_10/O
                         net (fo=40, unplaced)        0.979     7.483    exr_ex_register/EX2_alu_result[31]_i_10_n_0
                         LUT6 (Prop_lut6_I1_O)        0.124     7.607 f  exr_ex_register/EX2_alu_result[14]_i_4/O
                         net (fo=1, unplaced)         0.000     7.607    exr_ex_register/EX2_alu_result[14]_i_4_n_0
                         MUXF7 (Prop_muxf7_I0_O)      0.241     7.848 f  exr_ex_register/EX2_alu_result_reg[14]_i_2/O
                         net (fo=2, unplaced)         0.916     8.764    exr_ex_register/alu/alu_word_result[14]
                         LUT4 (Prop_lut4_I1_O)        0.298     9.062 r  exr_ex_register/EX2_alu_zero_i_24/O
                         net (fo=1, unplaced)         1.111    10.173    exr_ex_register/EX2_alu_zero_i_24_n_0
                         LUT6 (Prop_lut6_I3_O)        0.124    10.297 r  exr_ex_register/EX2_alu_zero_i_13/O
                         net (fo=2, unplaced)         0.460    10.757    exr_ex_register/alu/alu_word_zero
                         LUT5 (Prop_lut5_I4_O)        0.124    10.881 r  exr_ex_register/EX2_alu_zero_i_4/O
                         net (fo=1, unplaced)         0.000    10.881    exr_ex_register/EX2_alu_zero_i_4_n_0
                         MUXF7 (Prop_muxf7_I1_O)      0.247    11.128 r  exr_ex_register/EX2_alu_zero_reg_i_1/O
                         net (fo=1, unplaced)         0.000    11.128    ex_ex2_register/alu_zero
                         FDRE                                         r  ex_ex2_register/EX2_alu_zero_reg/D
  -------------------------------------------------------------------    -------------------

                         (clock clk rise edge)        5.000     5.000 r  
                                                      0.000     5.000 r  clk (IN)
                         net (fo=2507, unset)         0.924     5.924    ex_ex2_register/clk
                         FDRE                                         r  ex_ex2_register/EX2_alu_zero_reg/C
                         clock pessimism              0.000     5.924    
                         clock uncertainty           -0.035     5.889    
                         FDRE (Setup_fdre_C_D)        0.113     6.002    ex_ex2_register/EX2_alu_zero_reg
  -------------------------------------------------------------------
                         required time                          6.002    
                         arrival time                         -11.128    
  -------------------------------------------------------------------
                         slack                                 -5.126    





Min Delay Paths
--------------------------------------------------------------------------------------
Slack (MET) :             0.233ns  (arrival time - required time)
  Source:                 mem_wb_register/WB_rd_reg[3]/C
                            (rising edge-triggered cell FDRE clocked by clk  {rise@0.000ns fall@2.500ns period=5.000ns})
  Destination:            register_file/registers_reg_r1_0_31_0_5/RAMA/WADR3
                            (rising edge-triggered cell RAMD32 clocked by clk  {rise@0.000ns fall@2.500ns period=5.000ns})
  Path Group:             clk
  Path Type:              Hold (Min at Fast Process Corner)
  Requirement:            0.000ns  (clk rise@0.000ns - clk rise@0.000ns)
  Data Path Delay:        0.441ns  (logic 0.141ns (31.964%)  route 0.300ns (68.036%))
  Logic Levels:           0  
  Clock Path Skew:        0.022ns (DCD - SCD - CPR)
    Destination Clock Delay (DCD):    0.432ns
    Source Clock Delay      (SCD):    0.410ns
    Clock Pessimism Removal (CPR):    -0.000ns

    Location             Delay type                Incr(ns)  Path(ns)    Netlist Resource(s)
  -------------------------------------------------------------------    -------------------
                         (clock clk rise edge)        0.000     0.000 r  
                                                      0.000     0.000 r  clk (IN)
                         net (fo=2507, unset)         0.410     0.410    mem_wb_register/clk
                         FDRE                                         r  mem_wb_register/WB_rd_reg[3]/C
  -------------------------------------------------------------------    -------------------
                         FDRE (Prop_fdre_C_Q)         0.141     0.551 r  mem_wb_register/WB_rd_reg[3]/Q
                         net (fo=100, unplaced)       0.300     0.851    register_file/registers_reg_r1_0_31_0_5/ADDRD3
                         RAMD32                                       r  register_file/registers_reg_r1_0_31_0_5/RAMA/WADR3
  -------------------------------------------------------------------    -------------------

                         (clock clk rise edge)        0.000     0.000 r  
                                                      0.000     0.000 r  clk (IN)
                         net (fo=2507, unset)         0.432     0.432    register_file/registers_reg_r1_0_31_0_5/WCLK
                         RAMD32                                       r  register_file/registers_reg_r1_0_31_0_5/RAMA/CLK
                         clock pessimism              0.000     0.432    
                         RAMD32 (Hold_ramd32_CLK_WADR3)
                                                      0.187     0.619    register_file/registers_reg_r1_0_31_0_5/RAMA
  -------------------------------------------------------------------
                         required time                         -0.619    
                         arrival time                           0.851    
  -------------------------------------------------------------------
                         slack                                  0.233    





Pulse Width Checks
--------------------------------------------------------------------------------------
Clock Name:         clk
Waveform(ns):       { 0.000 2.500 }
Period(ns):         5.000
Sources:            { clk }

Check Type        Corner  Lib Pin      Reference Pin  Required(ns)  Actual(ns)  Slack(ns)  Location  Pin
Min Period        n/a     DSP48E1/CLK  n/a            2.154         5.000       2.846                alu/multiplier_word/mult_result__0/CLK
Low Pulse Width   Slow    RAMD32/CLK   n/a            1.250         2.500       1.250                register_file/registers_reg_r1_0_31_0_5/RAMA/CLK
High Pulse Width  Slow    RAMD32/CLK   n/a            1.250         2.500       1.250                register_file/registers_reg_r1_0_31_0_5/RAMA/CLK



