
*** Running vivado
    with args -log RV32IM72F8SPSoCTOP.vdi -applog -m64 -product Vivado -messageDb vivado.pb -mode batch -source RV32IM72F8SPSoCTOP.tcl -notrace


****** Vivado v2025.2 (64-bit)
  **** SW Build 6299465 on Fri Nov 14 12:34:56 MST 2025
  **** IP Build 6300035 on Fri Nov 14 10:48:45 MST 2025
  **** SharedData Build 6298862 on Thu Nov 13 04:50:51 MST 2025
  **** Start of session at: Wed Sep 16 01:53:16 2026
    ** Copyright 1986-2022 Xilinx, Inc. All Rights Reserved.
    ** Copyright 2022-2025 Advanced Micro Devices, Inc. All Rights Reserved.

source RV32IM72F8SPSoCTOP.tcl -notrace
Command: link_design -top RV32IM72F8SPSoCTOP -part xc7a200tsbg484-1
Design is defaulting to srcset: sources_1
Design is defaulting to constrset: constrs_1
INFO: [Device 21-403] Loading part xc7a200tsbg484-1
INFO: [Project 1-5699] Read binary netlist with skipMacroContent - 1
INFO: [Project 1-454] Reading design checkpoint '/home/khwl/Desktop/claude_RISCOF_RV-IM100/RV-IM100/RV32s/SoCs/RV32IM_8SP_Coremark/RV64IM72F_8SP_100MHz.gen/sources_1/ip/clk_wiz_0_1/clk_wiz_0.dcp' for cell 'clk_gen'
Netlist sorting complete. Time (s): cpu = 00:00:00.02 ; elapsed = 00:00:00.01 . Memory (MB): peak = 1796.359 ; gain = 0.000 ; free physical = 12004 ; free virtual = 28797
INFO: [Netlist 29-17] Analyzing 258 Unisim elements for replacement
INFO: [Netlist 29-28] Unisim Transformation completed in 0 CPU seconds
INFO: [Project 1-479] Netlist was created with Vivado 2025.2
INFO: [Project 1-570] Preparing netlist for logic optimization
Parsing XDC File [/home/khwl/Desktop/claude_RISCOF_RV-IM100/RV-IM100/RV32s/SoCs/RV32IM_8SP_Coremark/RV64IM72F_8SP_100MHz.gen/sources_1/ip/clk_wiz_0_1/clk_wiz_0_board.xdc] for cell 'clk_gen/inst'
Finished Parsing XDC File [/home/khwl/Desktop/claude_RISCOF_RV-IM100/RV-IM100/RV32s/SoCs/RV32IM_8SP_Coremark/RV64IM72F_8SP_100MHz.gen/sources_1/ip/clk_wiz_0_1/clk_wiz_0_board.xdc] for cell 'clk_gen/inst'
Parsing XDC File [/home/khwl/Desktop/claude_RISCOF_RV-IM100/RV-IM100/RV32s/SoCs/RV32IM_8SP_Coremark/RV64IM72F_8SP_100MHz.gen/sources_1/ip/clk_wiz_0_1/clk_wiz_0.xdc] for cell 'clk_gen/inst'
INFO: [Timing 38-35] Done setting XDC timing constraints. [/home/khwl/Desktop/claude_RISCOF_RV-IM100/RV-IM100/RV32s/SoCs/RV32IM_8SP_Coremark/RV64IM72F_8SP_100MHz.gen/sources_1/ip/clk_wiz_0_1/clk_wiz_0.xdc:54]
INFO: [Timing 38-2] Deriving generated clocks [/home/khwl/Desktop/claude_RISCOF_RV-IM100/RV-IM100/RV32s/SoCs/RV32IM_8SP_Coremark/RV64IM72F_8SP_100MHz.gen/sources_1/ip/clk_wiz_0_1/clk_wiz_0.xdc:54]
Finished Parsing XDC File [/home/khwl/Desktop/claude_RISCOF_RV-IM100/RV-IM100/RV32s/SoCs/RV32IM_8SP_Coremark/RV64IM72F_8SP_100MHz.gen/sources_1/ip/clk_wiz_0_1/clk_wiz_0.xdc] for cell 'clk_gen/inst'
Parsing XDC File [/home/khwl/Desktop/claude_RISCOF_RV-IM100/RV-IM100/RV32s/SoCs/RV32IM_8SP_Coremark/RV64IM72F_8SP_100MHz.srcs/constrs_1/imports/100MHz_RV64IM72F_8SP/RV64IM72F_5SP_Debug_XDC.xdc]
Finished Parsing XDC File [/home/khwl/Desktop/claude_RISCOF_RV-IM100/RV-IM100/RV32s/SoCs/RV32IM_8SP_Coremark/RV64IM72F_8SP_100MHz.srcs/constrs_1/imports/100MHz_RV64IM72F_8SP/RV64IM72F_5SP_Debug_XDC.xdc]
INFO: [Opt 31-138] Pushed 0 inverter(s) to 0 load pin(s).
Netlist sorting complete. Time (s): cpu = 00:00:00 ; elapsed = 00:00:00 . Memory (MB): peak = 2521.898 ; gain = 0.000 ; free physical = 11411 ; free virtual = 28204
INFO: [Project 1-111] Unisim Transformation Summary:
  A total of 14 instances were transformed.
  RAM32M => RAM32M (RAMD32(x6), RAMS32(x2)): 10 instances
  RAM32X1D => RAM32X1D (RAMD32(x2)): 4 instances

11 Infos, 0 Warnings, 0 Critical Warnings and 0 Errors encountered.
link_design completed successfully
link_design: Time (s): cpu = 00:00:05 ; elapsed = 00:00:05 . Memory (MB): peak = 2521.934 ; gain = 802.629 ; free physical = 11411 ; free virtual = 28204
Command: opt_design -directive Explore
INFO: [Vivado_Tcl 4-136] Directive used for opt_design is: Explore
Attempting to get a license for feature 'Implementation' and/or device 'xc7a200t'
INFO: [Common 17-349] Got license for feature 'Implementation' and/or device 'xc7a200t'
Running DRC as a precondition to command opt_design

Starting DRC Task
INFO: [DRC 23-27] Running DRC with 16 threads
INFO: [Project 1-461] DRC finished with 0 Errors
INFO: [Project 1-462] Please refer to the DRC report (report_drc) for more information.

Time (s): cpu = 00:00:01 ; elapsed = 00:00:00.34 . Memory (MB): peak = 2694.578 ; gain = 172.645 ; free physical = 11332 ; free virtual = 28125

Starting Logic Optimization Task

Phase 1 Initialization

Phase 1.1 Core Generation And Design Setup
Phase 1.1 Core Generation And Design Setup | Checksum: 1d0ae40d0

Time (s): cpu = 00:00:00.01 ; elapsed = 00:00:00.01 . Memory (MB): peak = 2880.391 ; gain = 0.000 ; free physical = 11063 ; free virtual = 27856

Phase 1.2 Setup Constraints And Sort Netlist
Phase 1.2 Setup Constraints And Sort Netlist | Checksum: 1d0ae40d0

Time (s): cpu = 00:00:00.01 ; elapsed = 00:00:00.01 . Memory (MB): peak = 2880.391 ; gain = 0.000 ; free physical = 11063 ; free virtual = 27856
Phase 1 Initialization | Checksum: 1d0ae40d0

Time (s): cpu = 00:00:00.01 ; elapsed = 00:00:00.01 . Memory (MB): peak = 2880.391 ; gain = 0.000 ; free physical = 11063 ; free virtual = 27856

Phase 2 Timer Update And Timing Data Collection

Phase 2.1 Detect if minReqCache needed
Phase 2.1 Detect if minReqCache needed | Checksum: 1d0ae40d0

Time (s): cpu = 00:00:00.01 ; elapsed = 00:00:00.01 . Memory (MB): peak = 2880.391 ; gain = 0.000 ; free physical = 11063 ; free virtual = 27856

Phase 2.2 Timer Update
INFO: [Timing 38-35] Done setting XDC timing constraints.
Phase 2.2 Timer Update | Checksum: 1d0ae40d0

Time (s): cpu = 00:00:00.57 ; elapsed = 00:00:00.19 . Memory (MB): peak = 2932.203 ; gain = 51.812 ; free physical = 11063 ; free virtual = 27856

Phase 2.3 Timing Data Collection
Phase 2.3 Timing Data Collection | Checksum: 1d0ae40d0

Time (s): cpu = 00:00:00.57 ; elapsed = 00:00:00.19 . Memory (MB): peak = 2932.203 ; gain = 51.812 ; free physical = 11063 ; free virtual = 27856
Phase 2 Timer Update And Timing Data Collection | Checksum: 1d0ae40d0

Time (s): cpu = 00:00:00.57 ; elapsed = 00:00:00.19 . Memory (MB): peak = 2932.203 ; gain = 51.812 ; free physical = 11063 ; free virtual = 27856

Phase 3 Retarget
INFO: [Opt 31-1851] Number of loadless carry chains removed were: 0
INFO: [Opt 31-1834] Total Chains To Be Transformed Were: 0 AND Number of Transformed insts Created are: 0
INFO: [Opt 31-1566] Pulled 1 inverters resulting in an inversion of 33 pins
INFO: [Opt 31-138] Pushed 1 inverter(s) to 1 load pin(s).
INFO: [Opt 31-49] Retargeted 0 cell(s).
Phase 3 Retarget | Checksum: 2160ecb7d

Time (s): cpu = 00:00:00.6 ; elapsed = 00:00:00.22 . Memory (MB): peak = 2932.203 ; gain = 51.812 ; free physical = 11063 ; free virtual = 27856
Retarget | Checksum: 2160ecb7d
INFO: [Opt 31-389] Phase Retarget created 0 cells and removed 2 cells
INFO: [Opt 31-1021] In phase Retarget, 1 netlist objects are constrained preventing optimization. Please run opt_design with -debug_log to get more detail. 

Phase 4 Constant propagation
INFO: [Opt 31-138] Pushed 0 inverter(s) to 0 load pin(s).
Phase 4 Constant propagation | Checksum: 2b5af43e9

Time (s): cpu = 00:00:00.61 ; elapsed = 00:00:00.24 . Memory (MB): peak = 2932.203 ; gain = 51.812 ; free physical = 11063 ; free virtual = 27856
Constant propagation | Checksum: 2b5af43e9
INFO: [Opt 31-389] Phase Constant propagation created 0 cells and removed 0 cells

Phase 5 Sweep
INFO: [Constraints 18-11670] Building netlist checker database with flags, 0x8
Done building netlist checker database: Time (s): cpu = 00:00:00 ; elapsed = 00:00:00 . Memory (MB): peak = 2932.203 ; gain = 0.000 ; free physical = 11063 ; free virtual = 27856
INFO: [Constraints 18-11670] Building netlist checker database with flags, 0x8
Done building netlist checker database: Time (s): cpu = 00:00:00.01 ; elapsed = 00:00:00 . Memory (MB): peak = 2932.203 ; gain = 0.000 ; free physical = 11063 ; free virtual = 27856
Phase 5 Sweep | Checksum: 1c2b6ad6c

Time (s): cpu = 00:00:00.63 ; elapsed = 00:00:00.26 . Memory (MB): peak = 2932.203 ; gain = 51.812 ; free physical = 11063 ; free virtual = 27856
Sweep | Checksum: 1c2b6ad6c
INFO: [Opt 31-389] Phase Sweep created 7 cells and removed 0 cells

Phase 6 BUFG optimization
Phase 6 BUFG optimization | Checksum: 1c2b6ad6c

Time (s): cpu = 00:00:00.66 ; elapsed = 00:00:00.28 . Memory (MB): peak = 2964.219 ; gain = 83.828 ; free physical = 11063 ; free virtual = 27856
BUFG optimization | Checksum: 1c2b6ad6c
INFO: [Opt 31-662] Phase BUFG optimization created 0 cells of which 0 are BUFGs and removed 0 cells.

Phase 7 Shift Register Optimization
INFO: [Opt 31-1064] SRL Remap converted 0 SRLs to 0 registers and converted 0 registers of register chains to 0 SRLs
Phase 7 Shift Register Optimization | Checksum: 1c2b6ad6c

Time (s): cpu = 00:00:00.67 ; elapsed = 00:00:00.28 . Memory (MB): peak = 2964.219 ; gain = 83.828 ; free physical = 11063 ; free virtual = 27856
Shift Register Optimization | Checksum: 1c2b6ad6c
INFO: [Opt 31-389] Phase Shift Register Optimization created 0 cells and removed 0 cells
INFO: [Opt 31-1555] control_set_opt supports Versal devices only, and device 7a200t is unsupported

Phase 8 Post Processing Netlist
Phase 8 Post Processing Netlist | Checksum: 29bab9ba4

Time (s): cpu = 00:00:00.67 ; elapsed = 00:00:00.28 . Memory (MB): peak = 2964.219 ; gain = 83.828 ; free physical = 11063 ; free virtual = 27856
Post Processing Netlist | Checksum: 29bab9ba4
INFO: [Opt 31-389] Phase Post Processing Netlist created 0 cells and removed 0 cells

Phase 9 Finalization

Phase 9.1 Finalizing Design Cores and Updating Shapes
Phase 9.1 Finalizing Design Cores and Updating Shapes | Checksum: 1a0be3967

Time (s): cpu = 00:00:00.7 ; elapsed = 00:00:00.32 . Memory (MB): peak = 2964.219 ; gain = 83.828 ; free physical = 11063 ; free virtual = 27856

Phase 9.2 Verifying Netlist Connectivity

Starting Connectivity Check Task

Time (s): cpu = 00:00:00 ; elapsed = 00:00:00 . Memory (MB): peak = 2964.219 ; gain = 0.000 ; free physical = 11063 ; free virtual = 27856
Phase 9.2 Verifying Netlist Connectivity | Checksum: 1a0be3967

Time (s): cpu = 00:00:00.71 ; elapsed = 00:00:00.32 . Memory (MB): peak = 2964.219 ; gain = 83.828 ; free physical = 11063 ; free virtual = 27856
Phase 9 Finalization | Checksum: 1a0be3967

Time (s): cpu = 00:00:00.71 ; elapsed = 00:00:00.32 . Memory (MB): peak = 2964.219 ; gain = 83.828 ; free physical = 11063 ; free virtual = 27856
Opt_design Change Summary
=========================


-------------------------------------------------------------------------------------------------------------------------
|  Phase                        |  #Cells created  |  #Cells Removed  |  #Constrained objects preventing optimizations  |
-------------------------------------------------------------------------------------------------------------------------
|  Retarget                     |               0  |               2  |                                              1  |
|  Constant propagation         |               0  |               0  |                                              0  |
|  Sweep                        |               7  |               0  |                                              0  |
|  BUFG optimization            |               0  |               0  |                                              0  |
|  Shift Register Optimization  |               0  |               0  |                                              0  |
|  Post Processing Netlist      |               0  |               0  |                                              0  |
-------------------------------------------------------------------------------------------------------------------------


Ending Logic Optimization Task | Checksum: 1a0be3967

Time (s): cpu = 00:00:00.71 ; elapsed = 00:00:00.32 . Memory (MB): peak = 2964.219 ; gain = 83.828 ; free physical = 11063 ; free virtual = 27856
Netlist sorting complete. Time (s): cpu = 00:00:00 ; elapsed = 00:00:00 . Memory (MB): peak = 2964.219 ; gain = 0.000 ; free physical = 11063 ; free virtual = 27856
INFO: [Common 17-83] Releasing license: Implementation
35 Infos, 0 Warnings, 0 Critical Warnings and 0 Errors encountered.
opt_design completed successfully
INFO: [Vivado 12-24828] Executing command : report_drc -file RV32IM72F8SPSoCTOP_drc_opted.rpt -pb RV32IM72F8SPSoCTOP_drc_opted.pb -rpx RV32IM72F8SPSoCTOP_drc_opted.rpx
Command: report_drc -file RV32IM72F8SPSoCTOP_drc_opted.rpt -pb RV32IM72F8SPSoCTOP_drc_opted.pb -rpx RV32IM72F8SPSoCTOP_drc_opted.rpx
INFO: [IP_Flow 19-1839] IP Catalog is up to date.
INFO: [DRC 23-27] Running DRC with 16 threads
INFO: [Vivado_Tcl 2-168] The results of DRC are in file /home/khwl/Desktop/claude_RISCOF_RV-IM100/RV-IM100/RV32s/SoCs/RV32IM_8SP_Coremark/RV64IM72F_8SP_100MHz.runs/impl_1/RV32IM72F8SPSoCTOP_drc_opted.rpt.
report_drc completed successfully
INFO: [Timing 38-480] Writing timing data to binary archive.
Wrote PlaceDB: Time (s): cpu = 00:00:00 ; elapsed = 00:00:00 . Memory (MB): peak = 2964.219 ; gain = 0.000 ; free physical = 11056 ; free virtual = 27849
Wrote PulsedLatchDB: Time (s): cpu = 00:00:00 ; elapsed = 00:00:00 . Memory (MB): peak = 2964.219 ; gain = 0.000 ; free physical = 11056 ; free virtual = 27849
Writing XDEF routing.
Write ShapeDB Complete: Time (s): cpu = 00:00:00.01 ; elapsed = 00:00:00 . Memory (MB): peak = 2964.219 ; gain = 0.000 ; free physical = 11056 ; free virtual = 27849
Writing XDEF routing logical nets.
Writing XDEF routing special nets.
Wrote RouteStorage: Time (s): cpu = 00:00:00.04 ; elapsed = 00:00:00.01 . Memory (MB): peak = 2964.219 ; gain = 0.000 ; free physical = 11056 ; free virtual = 27849
Wrote PlaceStorage: Time (s): cpu = 00:00:00 ; elapsed = 00:00:00 . Memory (MB): peak = 2964.219 ; gain = 0.000 ; free physical = 11056 ; free virtual = 27849
Wrote Netlist Cache: Time (s): cpu = 00:00:00 ; elapsed = 00:00:00 . Memory (MB): peak = 2964.219 ; gain = 0.000 ; free physical = 11056 ; free virtual = 27849
Wrote Device Cache: Time (s): cpu = 00:00:00.01 ; elapsed = 00:00:00 . Memory (MB): peak = 2964.219 ; gain = 0.000 ; free physical = 11056 ; free virtual = 27849
Write Physdb Complete: Time (s): cpu = 00:00:00.06 ; elapsed = 00:00:00.01 . Memory (MB): peak = 2964.219 ; gain = 0.000 ; free physical = 11056 ; free virtual = 27849
INFO: [Common 17-1381] The checkpoint '/home/khwl/Desktop/claude_RISCOF_RV-IM100/RV-IM100/RV32s/SoCs/RV32IM_8SP_Coremark/RV64IM72F_8SP_100MHz.runs/impl_1/RV32IM72F8SPSoCTOP_opt.dcp' has been generated.
Command: place_design -directive Explore
Attempting to get a license for feature 'Implementation' and/or device 'xc7a200t'
INFO: [Common 17-349] Got license for feature 'Implementation' and/or device 'xc7a200t'
INFO: [Common 17-83] Releasing license: Implementation
INFO: [DRC 23-27] Running DRC with 16 threads
INFO: [Vivado_Tcl 4-198] DRC finished with 0 Errors
INFO: [Vivado_Tcl 4-199] Please refer to the DRC report (report_drc) for more information.
INFO: [Timing 38-35] Done setting XDC timing constraints.
INFO: [Vivado_Tcl 4-2302] The placer was invoked with the 'Explore' directive.
Running DRC as a precondition to command place_design
INFO: [DRC 23-27] Running DRC with 16 threads
INFO: [Vivado_Tcl 4-198] DRC finished with 0 Errors, 21 Warnings
INFO: [Vivado_Tcl 4-199] Please refer to the DRC report (report_drc) for more information.
INFO: [Place 30-611] Multithreading enabled for place_design using a maximum of 16 CPUs

Starting Placer Task

Phase 1 Placer Initialization

Phase 1.1 Placer Initialization Netlist Sorting
Netlist sorting complete. Time (s): cpu = 00:00:00 ; elapsed = 00:00:00 . Memory (MB): peak = 2964.219 ; gain = 0.000 ; free physical = 11046 ; free virtual = 27840
Phase 1.1 Placer Initialization Netlist Sorting | Checksum: ced96990

Time (s): cpu = 00:00:00 ; elapsed = 00:00:00.01 . Memory (MB): peak = 2964.219 ; gain = 0.000 ; free physical = 11046 ; free virtual = 27840
Netlist sorting complete. Time (s): cpu = 00:00:00 ; elapsed = 00:00:00 . Memory (MB): peak = 2964.219 ; gain = 0.000 ; free physical = 11046 ; free virtual = 27840

Phase 1.2 IO Placement/ Clock Placement/ Build Placer Device
Phase 1.2 IO Placement/ Clock Placement/ Build Placer Device | Checksum: 18c20d845

Time (s): cpu = 00:00:00.4 ; elapsed = 00:00:00.17 . Memory (MB): peak = 3052.262 ; gain = 88.043 ; free physical = 11045 ; free virtual = 27839

Phase 1.3 Build Placer Netlist Model
Phase 1.3 Build Placer Netlist Model | Checksum: 1d58a9361

Time (s): cpu = 00:00:02 ; elapsed = 00:00:00.62 . Memory (MB): peak = 3131.352 ; gain = 167.133 ; free physical = 11040 ; free virtual = 27833

Phase 1.4 Constrain Clocks/Macros
Phase 1.4 Constrain Clocks/Macros | Checksum: 1d58a9361

Time (s): cpu = 00:00:02 ; elapsed = 00:00:00.63 . Memory (MB): peak = 3131.352 ; gain = 167.133 ; free physical = 11040 ; free virtual = 27833
Phase 1 Placer Initialization | Checksum: 1d58a9361

Time (s): cpu = 00:00:02 ; elapsed = 00:00:00.63 . Memory (MB): peak = 3131.352 ; gain = 167.133 ; free physical = 11040 ; free virtual = 27833

Phase 2 Global Placement

Phase 2.1 Floorplanning
Phase 2.1 Floorplanning | Checksum: 21ca3023e

Time (s): cpu = 00:00:03 ; elapsed = 00:00:00.86 . Memory (MB): peak = 3131.352 ; gain = 167.133 ; free physical = 11037 ; free virtual = 27830

Phase 2.2 Update Timing before SLR Path Opt
Phase 2.2 Update Timing before SLR Path Opt | Checksum: 1d59afbc2

Time (s): cpu = 00:00:04 ; elapsed = 00:00:01 . Memory (MB): peak = 3131.352 ; gain = 167.133 ; free physical = 11036 ; free virtual = 27830

Phase 2.3 Post-Processing in Floorplanning
Phase 2.3 Post-Processing in Floorplanning | Checksum: 1d59afbc2

Time (s): cpu = 00:00:04 ; elapsed = 00:00:01 . Memory (MB): peak = 3131.352 ; gain = 167.133 ; free physical = 11036 ; free virtual = 27830

Phase 2.4 Global Place Phase1
Phase 2.4 Global Place Phase1 | Checksum: 3462fb1a3

Time (s): cpu = 00:00:16 ; elapsed = 00:00:05 . Memory (MB): peak = 3131.352 ; gain = 167.133 ; free physical = 11041 ; free virtual = 27834

Phase 2.5 Global Place Phase2

Phase 2.5.1 UpdateTiming Before Physical Synthesis
Phase 2.5.1 UpdateTiming Before Physical Synthesis | Checksum: 25091ca32

Time (s): cpu = 00:00:17 ; elapsed = 00:00:05 . Memory (MB): peak = 3131.352 ; gain = 167.133 ; free physical = 11041 ; free virtual = 27834

Phase 2.5.2 Physical Synthesis In Placer
INFO: [Physopt 32-1035] Found 0 LUTNM shape to break, 341 LUT instances to create LUTNM shape
INFO: [Physopt 32-1044] Break lutnm for timing: one critical 0, two critical 0, total 0, new lutff created 0
INFO: [Physopt 32-1138] End 1 Pass. Optimized 124 nets or LUTs. Breaked 0 LUT, combined 124 existing LUTs and moved 0 existing LUT
INFO: [Physopt 32-65] No nets found for high-fanout optimization.
INFO: [Physopt 32-232] Optimized 0 net. Created 0 new instance.
INFO: [Physopt 32-775] End 1 Pass. Optimized 0 net or cell. Created 0 new cell, deleted 0 existing cell and moved 0 existing cell
INFO: [Physopt 32-46] Identified 13 candidate nets for critical-cell optimization.
INFO: [Physopt 32-232] Optimized 0 net. Created 0 new instance.
INFO: [Physopt 32-775] End 1 Pass. Optimized 0 net or cell. Created 0 new cell, deleted 0 existing cell and moved 0 existing cell
INFO: [Physopt 32-456] No candidate cells for DSP register optimization found in the design.
INFO: [Physopt 32-775] End 2 Pass. Optimized 0 net or cell. Created 0 new cell, deleted 0 existing cell and moved 0 existing cell
INFO: [Physopt 32-1123] No candidate cells found for Shift Register to Pipeline optimization
INFO: [Physopt 32-775] End 2 Pass. Optimized 0 net or cell. Created 0 new cell, deleted 0 existing cell and moved 0 existing cell
INFO: [Physopt 32-1401] No candidate cells found for Shift Register optimization.
INFO: [Physopt 32-677] No candidate cells for Shift Register optimization found in the design
INFO: [Physopt 32-775] End 1 Pass. Optimized 0 net or cell. Created 0 new cell, deleted 0 existing cell and moved 0 existing cell
INFO: [Physopt 32-526] No candidate cells for BRAM register optimization found in the design
INFO: [Physopt 32-775] End 1 Pass. Optimized 0 net or cell. Created 0 new cell, deleted 0 existing cell and moved 0 existing cell
INFO: [Physopt 32-846] No candidate cells for URAM register optimization found in the design
INFO: [Physopt 32-775] End 1 Pass. Optimized 0 net or cell. Created 0 new cell, deleted 0 existing cell and moved 0 existing cell
INFO: [Physopt 32-846] No candidate cells for URAM register optimization found in the design
INFO: [Physopt 32-775] End 1 Pass. Optimized 0 net or cell. Created 0 new cell, deleted 0 existing cell and moved 0 existing cell
INFO: [Physopt 32-949] No candidate nets found for dynamic/static region interface net replication
INFO: [Physopt 32-775] End 1 Pass. Optimized 0 net or cell. Created 0 new cell, deleted 0 existing cell and moved 0 existing cell
Netlist sorting complete. Time (s): cpu = 00:00:00 ; elapsed = 00:00:00 . Memory (MB): peak = 3131.352 ; gain = 0.000 ; free physical = 11041 ; free virtual = 27834

Summary of Physical Synthesis Optimizations
============================================


-----------------------------------------------------------------------------------------------------------------------------------------------------------
|  Optimization                                     |  Added Cells  |  Removed Cells  |  Optimized Cells/Nets  |  Dont Touch  |  Iterations  |  Elapsed   |
-----------------------------------------------------------------------------------------------------------------------------------------------------------
|  LUT Combining                                    |            0  |            124  |                   124  |           0  |           1  |  00:00:00  |
|  Retime                                           |            0  |              0  |                     0  |           0  |           1  |  00:00:00  |
|  Very High Fanout                                 |            0  |              0  |                     0  |           0  |           1  |  00:00:00  |
|  Critical Cell                                    |            0  |              0  |                     0  |           0  |           1  |  00:00:00  |
|  DSP Register                                     |            0  |              0  |                     0  |           0  |           1  |  00:00:00  |
|  Shift Register to Pipeline                       |            0  |              0  |                     0  |           0  |           1  |  00:00:00  |
|  Shift Register                                   |            0  |              0  |                     0  |           0  |           1  |  00:00:00  |
|  BRAM Register                                    |            0  |              0  |                     0  |           0  |           1  |  00:00:00  |
|  URAM Register                                    |            0  |              0  |                     0  |           0  |           1  |  00:00:00  |
|  Dynamic/Static Region Interface Net Replication  |            0  |              0  |                     0  |           0  |           1  |  00:00:00  |
|  Total                                            |            0  |            124  |                   124  |           0  |          10  |  00:00:00  |
-----------------------------------------------------------------------------------------------------------------------------------------------------------


Phase 2.5.2 Physical Synthesis In Placer | Checksum: 24f152367

Time (s): cpu = 00:00:18 ; elapsed = 00:00:05 . Memory (MB): peak = 3131.352 ; gain = 167.133 ; free physical = 11041 ; free virtual = 27834
Phase 2.5 Global Place Phase2 | Checksum: 21e872294

Time (s): cpu = 00:00:19 ; elapsed = 00:00:05 . Memory (MB): peak = 3131.352 ; gain = 167.133 ; free physical = 11041 ; free virtual = 27834
Phase 2 Global Placement | Checksum: 21e872294

Time (s): cpu = 00:00:19 ; elapsed = 00:00:05 . Memory (MB): peak = 3131.352 ; gain = 167.133 ; free physical = 11041 ; free virtual = 27834

Phase 3 Detail Placement

Phase 3.1 Commit Multi Column Macros
Phase 3.1 Commit Multi Column Macros | Checksum: 23f7fc5e5

Time (s): cpu = 00:00:19 ; elapsed = 00:00:06 . Memory (MB): peak = 3131.352 ; gain = 167.133 ; free physical = 11040 ; free virtual = 27834

Phase 3.2 Commit Most Macros & LUTRAMs
Phase 3.2 Commit Most Macros & LUTRAMs | Checksum: 22ae301ed

Time (s): cpu = 00:00:21 ; elapsed = 00:00:06 . Memory (MB): peak = 3131.352 ; gain = 167.133 ; free physical = 11040 ; free virtual = 27834

Phase 3.3 Area Swap Optimization
Phase 3.3 Area Swap Optimization | Checksum: 1d0813471

Time (s): cpu = 00:00:21 ; elapsed = 00:00:06 . Memory (MB): peak = 3131.352 ; gain = 167.133 ; free physical = 11040 ; free virtual = 27834

Phase 3.4 Pipeline Register Optimization
Phase 3.4 Pipeline Register Optimization | Checksum: 17284183b

Time (s): cpu = 00:00:21 ; elapsed = 00:00:06 . Memory (MB): peak = 3131.352 ; gain = 167.133 ; free physical = 11040 ; free virtual = 27834

Phase 3.5 Fast Optimization
Phase 3.5 Fast Optimization | Checksum: 1d7106967

Time (s): cpu = 00:00:23 ; elapsed = 00:00:07 . Memory (MB): peak = 3131.352 ; gain = 167.133 ; free physical = 11020 ; free virtual = 27814

Phase 3.6 Small Shape Detail Placement
Phase 3.6 Small Shape Detail Placement | Checksum: 1b3ac2e54

Time (s): cpu = 00:00:25 ; elapsed = 00:00:08 . Memory (MB): peak = 3131.352 ; gain = 167.133 ; free physical = 11021 ; free virtual = 27815

Phase 3.7 Re-assign LUT pins
Phase 3.7 Re-assign LUT pins | Checksum: 20bb90738

Time (s): cpu = 00:00:25 ; elapsed = 00:00:08 . Memory (MB): peak = 3131.352 ; gain = 167.133 ; free physical = 11021 ; free virtual = 27815

Phase 3.8 Pipeline Register Optimization
Phase 3.8 Pipeline Register Optimization | Checksum: 19c291986

Time (s): cpu = 00:00:25 ; elapsed = 00:00:08 . Memory (MB): peak = 3131.352 ; gain = 167.133 ; free physical = 11021 ; free virtual = 27815
Phase 3 Detail Placement | Checksum: 19c291986

Time (s): cpu = 00:00:25 ; elapsed = 00:00:08 . Memory (MB): peak = 3131.352 ; gain = 167.133 ; free physical = 11021 ; free virtual = 27815

Phase 4 Post Placement Optimization and Clean-Up

Phase 4.1 Post Commit Optimization
INFO: [Timing 38-35] Done setting XDC timing constraints.

Phase 4.1.1 Post Placement Optimization
Post Placement Optimization Initialization | Checksum: eac0df7f

Phase 4.1.1.1 BUFG Insertion

Starting Physical Synthesis Task

Phase 1 Physical Synthesis Initialization
INFO: [Physopt 32-721] Multithreading enabled for phys_opt_design using a maximum of 16 CPUs
INFO: [Physopt 32-619] Estimated Timing Summary | WNS=-1.147 | TNS=-264.259 |
Phase 1 Physical Synthesis Initialization | Checksum: f9877a62

Time (s): cpu = 00:00:00.21 ; elapsed = 00:00:00.05 . Memory (MB): peak = 3131.352 ; gain = 0.000 ; free physical = 11021 ; free virtual = 27814
INFO: [Place 46-56] BUFG insertion identified 0 candidate nets. Inserted BUFG: 0, Replicated BUFG Driver: 0, Skipped due to Placement/Routing Conflicts: 0, Skipped due to Timing Degradation: 0, Skipped due to netlist editing failed: 0.
Ending Physical Synthesis Task | Checksum: 1a9d82727

Time (s): cpu = 00:00:00.22 ; elapsed = 00:00:00.06 . Memory (MB): peak = 3131.352 ; gain = 0.000 ; free physical = 11021 ; free virtual = 27814
Phase 4.1.1.1 BUFG Insertion | Checksum: eac0df7f

Time (s): cpu = 00:00:29 ; elapsed = 00:00:08 . Memory (MB): peak = 3131.352 ; gain = 167.133 ; free physical = 11021 ; free virtual = 27814

Phase 4.1.1.2 Post Placement Timing Optimization
INFO: [Place 30-746] Post Placement Timing Summary WNS=0.108. For the most accurate timing information please run report_timing.
Phase 4.1.1.2 Post Placement Timing Optimization | Checksum: 1e6be76f6

Time (s): cpu = 00:01:28 ; elapsed = 00:01:09 . Memory (MB): peak = 3131.352 ; gain = 167.133 ; free physical = 11042 ; free virtual = 27836

Time (s): cpu = 00:01:28 ; elapsed = 00:01:09 . Memory (MB): peak = 3131.352 ; gain = 167.133 ; free physical = 11042 ; free virtual = 27836
Phase 4.1 Post Commit Optimization | Checksum: 1e6be76f6

Time (s): cpu = 00:01:28 ; elapsed = 00:01:09 . Memory (MB): peak = 3131.352 ; gain = 167.133 ; free physical = 11042 ; free virtual = 27836

Phase 4.2 Post Placement Cleanup
Phase 4.2 Post Placement Cleanup | Checksum: 1e6be76f6

Time (s): cpu = 00:01:28 ; elapsed = 00:01:09 . Memory (MB): peak = 3131.352 ; gain = 167.133 ; free physical = 11042 ; free virtual = 27836

Phase 4.3 Placer Reporting

Phase 4.3.1 Print Estimated Congestion
INFO: [Place 30-612] Post-Placement Estimated Congestion 
 ____________________________________________________
|           | Global Congestion | Short Congestion  |
| Direction | Region Size       | Region Size       |
|___________|___________________|___________________|
|      North|                1x1|                2x2|
|___________|___________________|___________________|
|      South|                1x1|                8x8|
|___________|___________________|___________________|
|       East|                2x2|                8x8|
|___________|___________________|___________________|
|       West|                2x2|                8x8|
|___________|___________________|___________________|

Phase 4.3.1 Print Estimated Congestion | Checksum: 1e6be76f6

Time (s): cpu = 00:01:28 ; elapsed = 00:01:09 . Memory (MB): peak = 3131.352 ; gain = 167.133 ; free physical = 11042 ; free virtual = 27836
Phase 4.3 Placer Reporting | Checksum: 1e6be76f6

Time (s): cpu = 00:01:28 ; elapsed = 00:01:09 . Memory (MB): peak = 3131.352 ; gain = 167.133 ; free physical = 11042 ; free virtual = 27836

Phase 4.4 Final Placement Cleanup
Netlist sorting complete. Time (s): cpu = 00:00:00 ; elapsed = 00:00:00 . Memory (MB): peak = 3131.352 ; gain = 0.000 ; free physical = 11042 ; free virtual = 27836

Time (s): cpu = 00:01:28 ; elapsed = 00:01:09 . Memory (MB): peak = 3131.352 ; gain = 167.133 ; free physical = 11042 ; free virtual = 27836
Phase 4 Post Placement Optimization and Clean-Up | Checksum: 2631db1f4

Time (s): cpu = 00:01:28 ; elapsed = 00:01:09 . Memory (MB): peak = 3131.352 ; gain = 167.133 ; free physical = 11042 ; free virtual = 27836
Ending Placer Task | Checksum: 180f66681

Time (s): cpu = 00:01:28 ; elapsed = 00:01:09 . Memory (MB): peak = 3131.352 ; gain = 167.133 ; free physical = 11042 ; free virtual = 27836
82 Infos, 0 Warnings, 0 Critical Warnings and 0 Errors encountered.
place_design completed successfully
place_design: Time (s): cpu = 00:01:30 ; elapsed = 00:01:10 . Memory (MB): peak = 3131.352 ; gain = 167.133 ; free physical = 11042 ; free virtual = 27836
INFO: [Vivado 12-24838] Running report commands "report_control_sets, report_io, report_utilization" in parallel.
Running report generation with 3 threads.
INFO: [Vivado 12-24828] Executing command : report_control_sets -verbose -file RV32IM72F8SPSoCTOP_control_sets_placed.rpt
report_control_sets: Time (s): cpu = 00:00:00.08 ; elapsed = 00:00:00.1 . Memory (MB): peak = 3131.352 ; gain = 0.000 ; free physical = 11035 ; free virtual = 27829
INFO: [Vivado 12-24828] Executing command : report_utilization -file RV32IM72F8SPSoCTOP_utilization_placed.rpt -pb RV32IM72F8SPSoCTOP_utilization_placed.pb
INFO: [Vivado 12-24828] Executing command : report_io -file RV32IM72F8SPSoCTOP_io_placed.rpt
report_io: Time (s): cpu = 00:00:00.13 ; elapsed = 00:00:00.19 . Memory (MB): peak = 3131.352 ; gain = 0.000 ; free physical = 11033 ; free virtual = 27827
INFO: [Timing 38-480] Writing timing data to binary archive.
Wrote PlaceDB: Time (s): cpu = 00:00:00 ; elapsed = 00:00:00 . Memory (MB): peak = 3131.352 ; gain = 0.000 ; free physical = 11033 ; free virtual = 27827
Wrote PulsedLatchDB: Time (s): cpu = 00:00:00 ; elapsed = 00:00:00 . Memory (MB): peak = 3131.352 ; gain = 0.000 ; free physical = 11033 ; free virtual = 27827
Writing XDEF routing.
Write ShapeDB Complete: Time (s): cpu = 00:00:00.01 ; elapsed = 00:00:00 . Memory (MB): peak = 3131.352 ; gain = 0.000 ; free physical = 11033 ; free virtual = 27827
Writing XDEF routing logical nets.
Writing XDEF routing special nets.
Wrote RouteStorage: Time (s): cpu = 00:00:00.04 ; elapsed = 00:00:00.01 . Memory (MB): peak = 3131.352 ; gain = 0.000 ; free physical = 11033 ; free virtual = 27827
Wrote PlaceStorage: Time (s): cpu = 00:00:00.21 ; elapsed = 00:00:00.07 . Memory (MB): peak = 3131.352 ; gain = 0.000 ; free physical = 11030 ; free virtual = 27827
Wrote Netlist Cache: Time (s): cpu = 00:00:00.01 ; elapsed = 00:00:00.01 . Memory (MB): peak = 3131.352 ; gain = 0.000 ; free physical = 11027 ; free virtual = 27826
Wrote Device Cache: Time (s): cpu = 00:00:00 ; elapsed = 00:00:00 . Memory (MB): peak = 3131.352 ; gain = 0.000 ; free physical = 11027 ; free virtual = 27826
Write Physdb Complete: Time (s): cpu = 00:00:00.26 ; elapsed = 00:00:00.09 . Memory (MB): peak = 3131.352 ; gain = 0.000 ; free physical = 11027 ; free virtual = 27826
INFO: [Common 17-1381] The checkpoint '/home/khwl/Desktop/claude_RISCOF_RV-IM100/RV-IM100/RV32s/SoCs/RV32IM_8SP_Coremark/RV64IM72F_8SP_100MHz.runs/impl_1/RV32IM72F8SPSoCTOP_placed.dcp' has been generated.
Command: phys_opt_design -directive Explore
Attempting to get a license for feature 'Implementation' and/or device 'xc7a200t'
INFO: [Common 17-349] Got license for feature 'Implementation' and/or device 'xc7a200t'
INFO: [Vivado_Tcl 4-137] Directive used for phys_opt_design is: Explore

Starting Initial Update Timing Task

Time (s): cpu = 00:00:03 ; elapsed = 00:00:00.28 . Memory (MB): peak = 3131.352 ; gain = 0.000 ; free physical = 11032 ; free virtual = 27828
INFO: [Vivado_Tcl 4-2279] Estimated Timing Summary | WNS= 0.108 | TNS= 0.000 | 
INFO: [Vivado_Tcl 4-383] Design worst setup slack (WNS) is greater than or equal to 0.000 ns. All physical synthesis setup optimizations will be skipped.
INFO: [Vivado_Tcl 4-232] No setup violation found. The netlist was not modified.
INFO: [Common 17-83] Releasing license: Implementation
94 Infos, 0 Warnings, 0 Critical Warnings and 0 Errors encountered.
phys_opt_design completed successfully
INFO: [Timing 38-480] Writing timing data to binary archive.
Wrote PlaceDB: Time (s): cpu = 00:00:00 ; elapsed = 00:00:00 . Memory (MB): peak = 3131.352 ; gain = 0.000 ; free physical = 11032 ; free virtual = 27828
Wrote PulsedLatchDB: Time (s): cpu = 00:00:00 ; elapsed = 00:00:00 . Memory (MB): peak = 3131.352 ; gain = 0.000 ; free physical = 11032 ; free virtual = 27828
Writing XDEF routing.
Write ShapeDB Complete: Time (s): cpu = 00:00:00.02 ; elapsed = 00:00:00.01 . Memory (MB): peak = 3131.352 ; gain = 0.000 ; free physical = 11032 ; free virtual = 27828
Writing XDEF routing logical nets.
Writing XDEF routing special nets.
Wrote RouteStorage: Time (s): cpu = 00:00:00.05 ; elapsed = 00:00:00.02 . Memory (MB): peak = 3131.352 ; gain = 0.000 ; free physical = 11032 ; free virtual = 27828
Wrote PlaceStorage: Time (s): cpu = 00:00:00.21 ; elapsed = 00:00:00.07 . Memory (MB): peak = 3131.352 ; gain = 0.000 ; free physical = 11029 ; free virtual = 27830
Wrote Netlist Cache: Time (s): cpu = 00:00:00 ; elapsed = 00:00:00 . Memory (MB): peak = 3131.352 ; gain = 0.000 ; free physical = 11027 ; free virtual = 27828
Wrote Device Cache: Time (s): cpu = 00:00:00.01 ; elapsed = 00:00:00.01 . Memory (MB): peak = 3131.352 ; gain = 0.000 ; free physical = 11023 ; free virtual = 27824
Write Physdb Complete: Time (s): cpu = 00:00:00.27 ; elapsed = 00:00:00.1 . Memory (MB): peak = 3131.352 ; gain = 0.000 ; free physical = 11023 ; free virtual = 27824
INFO: [Common 17-1381] The checkpoint '/home/khwl/Desktop/claude_RISCOF_RV-IM100/RV-IM100/RV32s/SoCs/RV32IM_8SP_Coremark/RV64IM72F_8SP_100MHz.runs/impl_1/RV32IM72F8SPSoCTOP_physopt.dcp' has been generated.
Command: route_design -directive Explore -tns_cleanup
Attempting to get a license for feature 'Implementation' and/or device 'xc7a200t'
INFO: [Common 17-349] Got license for feature 'Implementation' and/or device 'xc7a200t'


Starting Routing Task
INFO: [Route 35-270] Using Router directive 'Explore'.
INFO: [Route 35-254] Multithreading enabled for route_design using a maximum of 16 CPUs

Phase 1 Build RT Design
Checksum: PlaceDB: 9363cdc6 ConstDB: 0 ShapeSum: 5577ad57 RouteDB: 981aeb64
Post Restoration Checksum: NetGraph: ad5bfc8 | NumContArr: a0545461 | Constraints: c2a8fa9d | Timing: c2a8fa9d
Phase 1 Build RT Design | Checksum: 2307c0963

Time (s): cpu = 00:00:25 ; elapsed = 00:00:18 . Memory (MB): peak = 3131.352 ; gain = 0.000 ; free physical = 10956 ; free virtual = 27754

Phase 2 Router Initialization

Phase 2.1 Fix Topology Constraints
Phase 2.1 Fix Topology Constraints | Checksum: 2307c0963

Time (s): cpu = 00:00:25 ; elapsed = 00:00:18 . Memory (MB): peak = 3131.352 ; gain = 0.000 ; free physical = 10956 ; free virtual = 27754

Phase 2.2 Pre Route Cleanup
Phase 2.2 Pre Route Cleanup | Checksum: 2307c0963

Time (s): cpu = 00:00:25 ; elapsed = 00:00:18 . Memory (MB): peak = 3131.352 ; gain = 0.000 ; free physical = 10956 ; free virtual = 27754
 Number of Nodes with overlaps = 0

Phase 2.3 Update Timing
Phase 2.3 Update Timing | Checksum: 2fa8f67fc

Time (s): cpu = 00:00:30 ; elapsed = 00:00:19 . Memory (MB): peak = 3175.625 ; gain = 44.273 ; free physical = 10847 ; free virtual = 27645
INFO: [Route 35-416] Intermediate Timing Summary | WNS=0.197  | TNS=0.000  | WHS=-0.198 | THS=-55.457|


Phase 2.4 Soft Constraint Pins - Fast Budgeting
Phase 2.4 Soft Constraint Pins - Fast Budgeting | Checksum: 2ca8a86c5

Time (s): cpu = 00:00:30 ; elapsed = 00:00:20 . Memory (MB): peak = 3175.625 ; gain = 44.273 ; free physical = 10847 ; free virtual = 27645

Router Utilization Summary
  Global Vertical Routing Utilization    = 0 %
  Global Horizontal Routing Utilization  = 0 %
  Routable Net Status*
  *Does not include unroutable nets such as driverless and loadless.
  Run report_route_status for detailed report.
  Number of Failed Nets               = 5064
    (Failed Nets is the sum of unrouted and partially routed nets)
  Number of Unrouted Nets             = 5064
  Number of Partially Routed Nets     = 0
  Number of Node Overlaps             = 0

Phase 2 Router Initialization | Checksum: 3193a627c

Time (s): cpu = 00:00:31 ; elapsed = 00:00:20 . Memory (MB): peak = 3183.016 ; gain = 51.664 ; free physical = 10839 ; free virtual = 27637

Phase 3 Global Routing
Phase 3 Global Routing | Checksum: 3193a627c

Time (s): cpu = 00:00:31 ; elapsed = 00:00:20 . Memory (MB): peak = 3183.016 ; gain = 51.664 ; free physical = 10839 ; free virtual = 27637

Phase 4 Initial Routing

Phase 4.1 Initial Net Routing Pass
Phase 4.1 Initial Net Routing Pass | Checksum: 1b2a9bf40

Time (s): cpu = 00:00:33 ; elapsed = 00:00:20 . Memory (MB): peak = 3183.016 ; gain = 51.664 ; free physical = 10839 ; free virtual = 27637
Phase 4 Initial Routing | Checksum: 1b2a9bf40

Time (s): cpu = 00:00:33 ; elapsed = 00:00:20 . Memory (MB): peak = 3183.016 ; gain = 51.664 ; free physical = 10839 ; free virtual = 27637
INFO: [Route 35-580] Design has 15 pins with tight setup and hold constraints.

The top 5 pins with tight setup and hold constraints:

+====================+====================+======================================================+
| Launch Setup Clock | Launch Hold Clock  | Pin                                                  |
+====================+====================+======================================================+
| clk_out1_clk_wiz_0 | clk_out1_clk_wiz_0 | rv32im72f_8sp/exr_ex_register/EX_read_data2_reg[9]/D |
| clk_out1_clk_wiz_0 | clk_out1_clk_wiz_0 | rv32im72f_8sp/exr_ex_register/EX_src_B_reg[13]/D     |
| clk_out1_clk_wiz_0 | clk_out1_clk_wiz_0 | rv32im72f_8sp/program_counter/pc_reg[25]/D           |
| clk_out1_clk_wiz_0 | clk_out1_clk_wiz_0 | rv32im72f_8sp/program_counter/pc_reg[28]/D           |
| clk_out1_clk_wiz_0 | clk_out1_clk_wiz_0 | rv32im72f_8sp/exr_ex_register/EX_src_B_reg[26]/D     |
+--------------------+--------------------+------------------------------------------------------+

File with complete list of pins: tight_setup_hold_pins.txt


Phase 5 Rip-up And Reroute

Phase 5.1 Global Iteration 0
 Number of Nodes with overlaps = 1744
 Number of Nodes with overlaps = 735
 Number of Nodes with overlaps = 419
 Number of Nodes with overlaps = 190
 Number of Nodes with overlaps = 61
 Number of Nodes with overlaps = 36
 Number of Nodes with overlaps = 11
 Number of Nodes with overlaps = 2
 Number of Nodes with overlaps = 2
 Number of Nodes with overlaps = 5
 Number of Nodes with overlaps = 6
 Number of Nodes with overlaps = 2
 Number of Nodes with overlaps = 0
INFO: [Route 35-416] Intermediate Timing Summary | WNS=-0.765 | TNS=-41.909| WHS=N/A    | THS=N/A    |

Phase 5.1 Global Iteration 0 | Checksum: 184ff80d6

Time (s): cpu = 00:00:55 ; elapsed = 00:00:30 . Memory (MB): peak = 3183.016 ; gain = 51.664 ; free physical = 10838 ; free virtual = 27636

Phase 5.2 Global Iteration 1
 Number of Nodes with overlaps = 338
 Number of Nodes with overlaps = 148
 Number of Nodes with overlaps = 30
 Number of Nodes with overlaps = 14
 Number of Nodes with overlaps = 8
 Number of Nodes with overlaps = 0
INFO: [Route 35-416] Intermediate Timing Summary | WNS=-0.720 | TNS=-100.360| WHS=N/A    | THS=N/A    |

Phase 5.2 Global Iteration 1 | Checksum: 248dde1ef

Time (s): cpu = 00:00:59 ; elapsed = 00:00:33 . Memory (MB): peak = 3183.016 ; gain = 51.664 ; free physical = 10840 ; free virtual = 27638

Phase 5.3 Global Iteration 2
 Number of Nodes with overlaps = 235
 Number of Nodes with overlaps = 74
 Number of Nodes with overlaps = 34
 Number of Nodes with overlaps = 12
 Number of Nodes with overlaps = 7
 Number of Nodes with overlaps = 10
 Number of Nodes with overlaps = 11
 Number of Nodes with overlaps = 3
 Number of Nodes with overlaps = 0
INFO: [Route 35-416] Intermediate Timing Summary | WNS=-0.356 | TNS=-37.702| WHS=N/A    | THS=N/A    |

Phase 5.3 Global Iteration 2 | Checksum: 1f59344a4

Time (s): cpu = 00:01:03 ; elapsed = 00:00:35 . Memory (MB): peak = 3183.016 ; gain = 51.664 ; free physical = 10841 ; free virtual = 27639

Phase 5.4 Global Iteration 3
 Number of Nodes with overlaps = 248
 Number of Nodes with overlaps = 103
 Number of Nodes with overlaps = 56
 Number of Nodes with overlaps = 17
 Number of Nodes with overlaps = 9
 Number of Nodes with overlaps = 4
 Number of Nodes with overlaps = 5
 Number of Nodes with overlaps = 3
 Number of Nodes with overlaps = 2
 Number of Nodes with overlaps = 3
 Number of Nodes with overlaps = 2
 Number of Nodes with overlaps = 0
INFO: [Route 35-416] Intermediate Timing Summary | WNS=-0.263 | TNS=-10.174| WHS=N/A    | THS=N/A    |

Phase 5.4 Global Iteration 3 | Checksum: 25e502d09

Time (s): cpu = 00:01:10 ; elapsed = 00:00:40 . Memory (MB): peak = 3183.016 ; gain = 51.664 ; free physical = 10840 ; free virtual = 27638

Phase 5.5 Global Iteration 4
 Number of Nodes with overlaps = 145
 Number of Nodes with overlaps = 59
 Number of Nodes with overlaps = 21
 Number of Nodes with overlaps = 8
 Number of Nodes with overlaps = 4
 Number of Nodes with overlaps = 3
 Number of Nodes with overlaps = 2
 Number of Nodes with overlaps = 0
INFO: [Route 35-416] Intermediate Timing Summary | WNS=-0.464 | TNS=-2.707 | WHS=N/A    | THS=N/A    |

Phase 5.5 Global Iteration 4 | Checksum: 1d7f29a10

Time (s): cpu = 00:01:13 ; elapsed = 00:00:42 . Memory (MB): peak = 3183.016 ; gain = 51.664 ; free physical = 10841 ; free virtual = 27639
Phase 5 Rip-up And Reroute | Checksum: 1d7f29a10

Time (s): cpu = 00:01:13 ; elapsed = 00:00:42 . Memory (MB): peak = 3183.016 ; gain = 51.664 ; free physical = 10841 ; free virtual = 27639

Phase 6 Delay and Skew Optimization

Phase 6.1 TNS Cleanup

Phase 6.1.1 Delay CleanUp

Phase 6.1.1.1 Update Timing
Phase 6.1.1.1 Update Timing | Checksum: 2a20fa0e4

Time (s): cpu = 00:01:13 ; elapsed = 00:00:42 . Memory (MB): peak = 3183.016 ; gain = 51.664 ; free physical = 10841 ; free virtual = 27639
INFO: [Route 35-416] Intermediate Timing Summary | WNS=-0.167 | TNS=-1.464 | WHS=N/A    | THS=N/A    |

 Number of Nodes with overlaps = 0

Phase 6.1.1.2 Update Timing
Phase 6.1.1.2 Update Timing | Checksum: 1f887d4b2

Time (s): cpu = 00:01:14 ; elapsed = 00:00:42 . Memory (MB): peak = 3183.016 ; gain = 51.664 ; free physical = 10840 ; free virtual = 27638
INFO: [Route 35-416] Intermediate Timing Summary | WNS=-0.167 | TNS=-1.438 | WHS=N/A    | THS=N/A    |

Phase 6.1.1 Delay CleanUp | Checksum: 291524968

Time (s): cpu = 00:01:14 ; elapsed = 00:00:42 . Memory (MB): peak = 3183.016 ; gain = 51.664 ; free physical = 10840 ; free virtual = 27638
Phase 6.1 TNS Cleanup | Checksum: 291524968

Time (s): cpu = 00:01:14 ; elapsed = 00:00:42 . Memory (MB): peak = 3183.016 ; gain = 51.664 ; free physical = 10840 ; free virtual = 27638

Phase 6.2 Clock Skew Optimization
Phase 6.2 Clock Skew Optimization | Checksum: 291524968

Time (s): cpu = 00:01:14 ; elapsed = 00:00:42 . Memory (MB): peak = 3183.016 ; gain = 51.664 ; free physical = 10840 ; free virtual = 27638
Phase 6 Delay and Skew Optimization | Checksum: 291524968

Time (s): cpu = 00:01:14 ; elapsed = 00:00:42 . Memory (MB): peak = 3183.016 ; gain = 51.664 ; free physical = 10840 ; free virtual = 27638

Phase 7 Post Hold Fix

Phase 7.1 Hold Fix Iter
INFO: [Route 35-416] Intermediate Timing Summary | WNS=-0.167 | TNS=-1.438 | WHS=0.082  | THS=0.000  |

Phase 7.1 Hold Fix Iter | Checksum: 2137a6b9f

Time (s): cpu = 00:01:14 ; elapsed = 00:00:42 . Memory (MB): peak = 3183.016 ; gain = 51.664 ; free physical = 10840 ; free virtual = 27638
Phase 7 Post Hold Fix | Checksum: 2137a6b9f

Time (s): cpu = 00:01:14 ; elapsed = 00:00:42 . Memory (MB): peak = 3183.016 ; gain = 51.664 ; free physical = 10840 ; free virtual = 27638

Phase 8 Timing Verification

Phase 8.1 Update Timing
Phase 8.1 Update Timing | Checksum: 2137a6b9f

Time (s): cpu = 00:01:15 ; elapsed = 00:00:42 . Memory (MB): peak = 3183.016 ; gain = 51.664 ; free physical = 10840 ; free virtual = 27638
INFO: [Route 35-416] Intermediate Timing Summary | WNS=-0.167 | TNS=-1.438 | WHS=0.082  | THS=0.000  |

Phase 8 Timing Verification | Checksum: 2137a6b9f

Time (s): cpu = 00:01:15 ; elapsed = 00:00:42 . Memory (MB): peak = 3183.016 ; gain = 51.664 ; free physical = 10840 ; free virtual = 27638

Phase 9 Route finalize

Router Utilization Summary
  Global Vertical Routing Utilization    = 0.854176 %
  Global Horizontal Routing Utilization  = 0.995803 %
  Routable Net Status*
  *Does not include unroutable nets such as driverless and loadless.
  Run report_route_status for detailed report.
  Number of Failed Nets               = 0
    (Failed Nets is the sum of unrouted and partially routed nets)
  Number of Unrouted Nets             = 0
  Number of Partially Routed Nets     = 0
  Number of Node Overlaps             = 0


--GLOBAL Congestion:
Utilization threshold used for congestion level computation: 0.85
Congestion Report
North Dir 1x1 Area, Max Cong = 79.2793%, No Congested Regions.
South Dir 1x1 Area, Max Cong = 86.4865%, Congestion bounded by tiles (Lower Left Tile -> Upper Right Tile):
   INT_R_X21Y29 -> INT_R_X21Y29
East Dir 1x1 Area, Max Cong = 89.7059%, Congestion bounded by tiles (Lower Left Tile -> Upper Right Tile):
   INT_L_X14Y28 -> INT_L_X14Y28
   INT_L_X18Y28 -> INT_L_X18Y28
   INT_R_X17Y26 -> INT_R_X17Y26
West Dir 2x2 Area, Max Cong = 93.0147%, Congestion bounded by tiles (Lower Left Tile -> Upper Right Tile):
   INT_L_X22Y30 -> INT_R_X23Y31

------------------------------
Reporting congestion hotspots
------------------------------
Direction: North
----------------
Congested clusters found at Level 0
Effective congestion level: 0 Aspect Ratio: 1 Sparse Ratio: 0
Direction: South
----------------
Congested clusters found at Level 0
Effective congestion level: 0 Aspect Ratio: 1 Sparse Ratio: 1
Direction: East
----------------
Congested clusters found at Level 0
Effective congestion level: 0 Aspect Ratio: 1 Sparse Ratio: 1
Direction: West
----------------
Congested clusters found at Level 0
Effective congestion level: 1 Aspect Ratio: 0.666667 Sparse Ratio: 1

Phase 9 Route finalize | Checksum: 2137a6b9f

Time (s): cpu = 00:01:15 ; elapsed = 00:00:42 . Memory (MB): peak = 3183.016 ; gain = 51.664 ; free physical = 10840 ; free virtual = 27638

Phase 10 Verifying routed nets

 Verification completed successfully
Phase 10 Verifying routed nets | Checksum: 2137a6b9f

Time (s): cpu = 00:01:15 ; elapsed = 00:00:42 . Memory (MB): peak = 3183.016 ; gain = 51.664 ; free physical = 10840 ; free virtual = 27638

Phase 11 Depositing Routes
Phase 11 Depositing Routes | Checksum: 18629a845

Time (s): cpu = 00:01:15 ; elapsed = 00:00:42 . Memory (MB): peak = 3183.016 ; gain = 51.664 ; free physical = 10840 ; free virtual = 27638

Phase 12 Incr Placement Change
Netlist sorting complete. Time (s): cpu = 00:00:00 ; elapsed = 00:00:00 . Memory (MB): peak = 3183.016 ; gain = 0.000 ; free physical = 10840 ; free virtual = 27638
INFO: [Place 30-746] Post Placement Timing Summary WNS=0.062. For the most accurate timing information please run report_timing.
Ending IncrPlace Task | Checksum: 1d6923474

Time (s): cpu = 00:00:13 ; elapsed = 00:00:08 . Memory (MB): peak = 3215.031 ; gain = 32.016 ; free physical = 10843 ; free virtual = 27642
Phase 12 Incr Placement Change | Checksum: 1d6923474

Time (s): cpu = 00:01:28 ; elapsed = 00:00:51 . Memory (MB): peak = 3215.031 ; gain = 83.680 ; free physical = 10843 ; free virtual = 27642

Phase 13 Build RT Design
Checksum: PlaceDB: e53389a6 ConstDB: 0 ShapeSum: ea1e6347 RouteDB: 7404787
Post Restoration Checksum: NetGraph: 809e0817 | NumContArr: 38c9e5ec | Constraints: c2a8fa9d | Timing: c2a8fa9d
Phase 13 Build RT Design | Checksum: 23eb9e33d

Time (s): cpu = 00:01:32 ; elapsed = 00:00:51 . Memory (MB): peak = 3215.031 ; gain = 83.680 ; free physical = 10844 ; free virtual = 27642

Phase 14 Router Initialization

Phase 14.1 Fix Topology Constraints
Phase 14.1 Fix Topology Constraints | Checksum: 23eb9e33d

Time (s): cpu = 00:01:32 ; elapsed = 00:00:51 . Memory (MB): peak = 3215.031 ; gain = 83.680 ; free physical = 10844 ; free virtual = 27642

Phase 14.2 Pre Route Cleanup
Phase 14.2 Pre Route Cleanup | Checksum: 23a4ea3ce

Time (s): cpu = 00:01:32 ; elapsed = 00:00:51 . Memory (MB): peak = 3215.031 ; gain = 83.680 ; free physical = 10844 ; free virtual = 27642
 Number of Nodes with overlaps = 0

Phase 14.3 Update Timing
Phase 14.3 Update Timing | Checksum: 1c5fd4f79

Time (s): cpu = 00:01:36 ; elapsed = 00:00:52 . Memory (MB): peak = 3215.031 ; gain = 83.680 ; free physical = 10843 ; free virtual = 27642
INFO: [Route 35-416] Intermediate Timing Summary | WNS=0.046  | TNS=0.000  | WHS=-0.198 | THS=-54.963|


Phase 14.4 Soft Constraint Pins - Fast Budgeting
Phase 14.4 Soft Constraint Pins - Fast Budgeting | Checksum: 1ed48c0f3

Time (s): cpu = 00:01:37 ; elapsed = 00:00:52 . Memory (MB): peak = 3215.031 ; gain = 83.680 ; free physical = 10844 ; free virtual = 27642

Router Utilization Summary
  Global Vertical Routing Utilization    = 0.847292 %
  Global Horizontal Routing Utilization  = 0.985195 %
  Routable Net Status*
  *Does not include unroutable nets such as driverless and loadless.
  Run report_route_status for detailed report.
  Number of Failed Nets               = 169
    (Failed Nets is the sum of unrouted and partially routed nets)
  Number of Unrouted Nets             = 49
  Number of Partially Routed Nets     = 120
  Number of Node Overlaps             = 0

Phase 14 Router Initialization | Checksum: 1ed48c0f3

Time (s): cpu = 00:01:38 ; elapsed = 00:00:52 . Memory (MB): peak = 3215.031 ; gain = 83.680 ; free physical = 10843 ; free virtual = 27641

Phase 15 Global Routing
Phase 15 Global Routing | Checksum: 1ed48c0f3

Time (s): cpu = 00:01:38 ; elapsed = 00:00:52 . Memory (MB): peak = 3215.031 ; gain = 83.680 ; free physical = 10843 ; free virtual = 27641

Phase 16 Initial Routing

Phase 16.1 Initial Net Routing Pass
Phase 16.1 Initial Net Routing Pass | Checksum: 2336063ae

Time (s): cpu = 00:01:38 ; elapsed = 00:00:52 . Memory (MB): peak = 3215.031 ; gain = 83.680 ; free physical = 10843 ; free virtual = 27641
Phase 16 Initial Routing | Checksum: 2336063ae

Time (s): cpu = 00:01:38 ; elapsed = 00:00:52 . Memory (MB): peak = 3215.031 ; gain = 83.680 ; free physical = 10843 ; free virtual = 27641
INFO: [Route 35-580] Design has 20 pins with tight setup and hold constraints.

The top 5 pins with tight setup and hold constraints:

+====================+====================+======================================================+
| Launch Setup Clock | Launch Hold Clock  | Pin                                                  |
+====================+====================+======================================================+
| clk_out1_clk_wiz_0 | clk_out1_clk_wiz_0 | rv32im72f_8sp/program_counter/pc_reg[28]/D           |
| clk_out1_clk_wiz_0 | clk_out1_clk_wiz_0 | rv32im72f_8sp/exr_ex_register/EX_read_data2_reg[9]/D |
| clk_out1_clk_wiz_0 | clk_out1_clk_wiz_0 | rv32im72f_8sp/program_counter/pc_reg[30]/D           |
| clk_out1_clk_wiz_0 | clk_out1_clk_wiz_0 | rv32im72f_8sp/program_counter/pc_reg[29]/D           |
| clk_out1_clk_wiz_0 | clk_out1_clk_wiz_0 | rv32im72f_8sp/program_counter/pc_reg[24]/D           |
+--------------------+--------------------+------------------------------------------------------+

File with complete list of pins: tight_setup_hold_pins.txt


Phase 17 Rip-up And Reroute

Phase 17.1 Global Iteration 0
 Number of Nodes with overlaps = 482
 Number of Nodes with overlaps = 224
 Number of Nodes with overlaps = 126
 Number of Nodes with overlaps = 81
 Number of Nodes with overlaps = 52
 Number of Nodes with overlaps = 11
 Number of Nodes with overlaps = 5
 Number of Nodes with overlaps = 3
 Number of Nodes with overlaps = 2
 Number of Nodes with overlaps = 5
 Number of Nodes with overlaps = 6
 Number of Nodes with overlaps = 1
 Number of Nodes with overlaps = 1
 Number of Nodes with overlaps = 0
INFO: [Route 35-416] Intermediate Timing Summary | WNS=-0.253 | TNS=-14.704| WHS=N/A    | THS=N/A    |

Phase 17.1 Global Iteration 0 | Checksum: 30a25dafa

Time (s): cpu = 00:01:47 ; elapsed = 00:00:57 . Memory (MB): peak = 3215.031 ; gain = 83.680 ; free physical = 10843 ; free virtual = 27641

Phase 17.2 Global Iteration 1
 Number of Nodes with overlaps = 180
 Number of Nodes with overlaps = 132
 Number of Nodes with overlaps = 42
 Number of Nodes with overlaps = 34
 Number of Nodes with overlaps = 19
 Number of Nodes with overlaps = 12
 Number of Nodes with overlaps = 5
 Number of Nodes with overlaps = 6
 Number of Nodes with overlaps = 5
 Number of Nodes with overlaps = 3
 Number of Nodes with overlaps = 4
 Number of Nodes with overlaps = 3
 Number of Nodes with overlaps = 2
 Number of Nodes with overlaps = 2
 Number of Nodes with overlaps = 2
 Number of Nodes with overlaps = 2
 Number of Nodes with overlaps = 4
 Number of Nodes with overlaps = 0
INFO: [Route 35-416] Intermediate Timing Summary | WNS=-0.278 | TNS=-20.024| WHS=N/A    | THS=N/A    |

Phase 17.2 Global Iteration 1 | Checksum: 267c9ad6c

Time (s): cpu = 00:01:52 ; elapsed = 00:01:00 . Memory (MB): peak = 3215.031 ; gain = 83.680 ; free physical = 10843 ; free virtual = 27641
Phase 17 Rip-up And Reroute | Checksum: 267c9ad6c

Time (s): cpu = 00:01:52 ; elapsed = 00:01:00 . Memory (MB): peak = 3215.031 ; gain = 83.680 ; free physical = 10843 ; free virtual = 27641

Phase 18 Delay and Skew Optimization

Phase 18.1 TNS Cleanup

Phase 18.1.1 Delay CleanUp

Phase 18.1.1.1 Update Timing
Phase 18.1.1.1 Update Timing | Checksum: 282e15d99

Time (s): cpu = 00:01:52 ; elapsed = 00:01:00 . Memory (MB): peak = 3215.031 ; gain = 83.680 ; free physical = 10843 ; free virtual = 27641
INFO: [Route 35-416] Intermediate Timing Summary | WNS=-0.157 | TNS=-1.886 | WHS=N/A    | THS=N/A    |

 Number of Nodes with overlaps = 0

Phase 18.1.1.2 Update Timing
Phase 18.1.1.2 Update Timing | Checksum: 2a702e776

Time (s): cpu = 00:01:52 ; elapsed = 00:01:00 . Memory (MB): peak = 3215.031 ; gain = 83.680 ; free physical = 10843 ; free virtual = 27641
INFO: [Route 35-416] Intermediate Timing Summary | WNS=-0.144 | TNS=-1.786 | WHS=N/A    | THS=N/A    |

 Number of Nodes with overlaps = 0

Phase 18.1.1.3 Update Timing
Phase 18.1.1.3 Update Timing | Checksum: 268a0543b

Time (s): cpu = 00:01:53 ; elapsed = 00:01:00 . Memory (MB): peak = 3215.031 ; gain = 83.680 ; free physical = 10843 ; free virtual = 27641
INFO: [Route 35-416] Intermediate Timing Summary | WNS=-0.144 | TNS=-1.786 | WHS=N/A    | THS=N/A    |

Phase 18.1.1 Delay CleanUp | Checksum: 24656d5e9

Time (s): cpu = 00:01:53 ; elapsed = 00:01:00 . Memory (MB): peak = 3215.031 ; gain = 83.680 ; free physical = 10843 ; free virtual = 27641
Phase 18.1 TNS Cleanup | Checksum: 24656d5e9

Time (s): cpu = 00:01:53 ; elapsed = 00:01:00 . Memory (MB): peak = 3215.031 ; gain = 83.680 ; free physical = 10843 ; free virtual = 27641

Phase 18.2 Clock Skew Optimization
Phase 18.2 Clock Skew Optimization | Checksum: 24656d5e9

Time (s): cpu = 00:01:53 ; elapsed = 00:01:00 . Memory (MB): peak = 3215.031 ; gain = 83.680 ; free physical = 10843 ; free virtual = 27641
Phase 18 Delay and Skew Optimization | Checksum: 24656d5e9

Time (s): cpu = 00:01:53 ; elapsed = 00:01:00 . Memory (MB): peak = 3215.031 ; gain = 83.680 ; free physical = 10843 ; free virtual = 27641

Phase 19 Post Hold Fix

Phase 19.1 Hold Fix Iter
INFO: [Route 35-416] Intermediate Timing Summary | WNS=-0.144 | TNS=-1.786 | WHS=0.082  | THS=0.000  |

Phase 19.1 Hold Fix Iter | Checksum: 233ee028f

Time (s): cpu = 00:01:53 ; elapsed = 00:01:01 . Memory (MB): peak = 3215.031 ; gain = 83.680 ; free physical = 10843 ; free virtual = 27641
Phase 19 Post Hold Fix | Checksum: 233ee028f

Time (s): cpu = 00:01:53 ; elapsed = 00:01:01 . Memory (MB): peak = 3215.031 ; gain = 83.680 ; free physical = 10843 ; free virtual = 27641

Phase 20 Timing Verification

Phase 20.1 Update Timing
Phase 20.1 Update Timing | Checksum: 2b02a3866

Time (s): cpu = 00:01:54 ; elapsed = 00:01:01 . Memory (MB): peak = 3215.031 ; gain = 83.680 ; free physical = 10843 ; free virtual = 27641
INFO: [Route 35-416] Intermediate Timing Summary | WNS=-0.144 | TNS=-1.786 | WHS=0.082  | THS=0.000  |

Phase 20 Timing Verification | Checksum: 2b02a3866

Time (s): cpu = 00:01:54 ; elapsed = 00:01:01 . Memory (MB): peak = 3215.031 ; gain = 83.680 ; free physical = 10843 ; free virtual = 27641

Phase 21 Route finalize

Router Utilization Summary
  Global Vertical Routing Utilization    = 0.852637 %
  Global Horizontal Routing Utilization  = 0.991375 %
  Routable Net Status*
  *Does not include unroutable nets such as driverless and loadless.
  Run report_route_status for detailed report.
  Number of Failed Nets               = 0
    (Failed Nets is the sum of unrouted and partially routed nets)
  Number of Unrouted Nets             = 0
  Number of Partially Routed Nets     = 0
  Number of Node Overlaps             = 0


--GLOBAL Congestion:
Utilization threshold used for congestion level computation: 0.85
Congestion Report
North Dir 1x1 Area, Max Cong = 81.0811%, No Congested Regions.
South Dir 1x1 Area, Max Cong = 82.8829%, No Congested Regions.
East Dir 1x1 Area, Max Cong = 83.8235%, No Congested Regions.
West Dir 2x2 Area, Max Cong = 90.8088%, Congestion bounded by tiles (Lower Left Tile -> Upper Right Tile):
   INT_L_X22Y30 -> INT_R_X23Y31

------------------------------
Reporting congestion hotspots
------------------------------
Direction: North
----------------
Congested clusters found at Level 0
Effective congestion level: 0 Aspect Ratio: 1 Sparse Ratio: 0
Direction: South
----------------
Congested clusters found at Level 0
Effective congestion level: 0 Aspect Ratio: 1 Sparse Ratio: 0
Direction: East
----------------
Congested clusters found at Level 0
Effective congestion level: 0 Aspect Ratio: 1 Sparse Ratio: 0
Direction: West
----------------
Congested clusters found at Level 0
Effective congestion level: 1 Aspect Ratio: 1 Sparse Ratio: 1.5

Phase 21 Route finalize | Checksum: 2b02a3866

Time (s): cpu = 00:01:54 ; elapsed = 00:01:01 . Memory (MB): peak = 3215.031 ; gain = 83.680 ; free physical = 10843 ; free virtual = 27641

Phase 22 Verifying routed nets

 Verification completed successfully
Phase 22 Verifying routed nets | Checksum: 2b02a3866

Time (s): cpu = 00:01:54 ; elapsed = 00:01:01 . Memory (MB): peak = 3215.031 ; gain = 83.680 ; free physical = 10843 ; free virtual = 27641

Phase 23 Depositing Routes
Phase 23 Depositing Routes | Checksum: 2c578392b

Time (s): cpu = 00:01:54 ; elapsed = 00:01:01 . Memory (MB): peak = 3215.031 ; gain = 83.680 ; free physical = 10843 ; free virtual = 27641

Phase 24 Post Process Routing
Phase 24 Post Process Routing | Checksum: 2c578392b

Time (s): cpu = 00:01:54 ; elapsed = 00:01:01 . Memory (MB): peak = 3215.031 ; gain = 83.680 ; free physical = 10843 ; free virtual = 27641

Phase 25 Post Router Timing
INFO: [Route 35-20] Post Routing Timing Summary | WNS=-0.137 | TNS=-1.372 | WHS=0.082  | THS=0.000  |

Phase 25 Post Router Timing | Checksum: 1ea226007

Time (s): cpu = 00:01:58 ; elapsed = 00:01:01 . Memory (MB): peak = 3215.031 ; gain = 83.680 ; free physical = 10843 ; free virtual = 27642
WARNING: [Route 35-39] The design did not meet timing requirements. Please run report_timing_summary for detailed reports.
Resolution: Verify that the timing was met or had small violations at all previous steps (synthesis, placement, power_opt, and phys_opt). Run report_timing_summary and analyze individual timing paths.
INFO: [Route 35-253] TNS is the sum of the worst slack violation on every endpoint in the design. Review the paths with the biggest WNS violations in the timing reports and modify your constraints or your design to improve both WNS and TNS.
Total Elapsed time in route_design: 61.24 secs

Phase 26 Post-Route Event Processing
Phase 26 Post-Route Event Processing | Checksum: 22ec51f52

Time (s): cpu = 00:01:58 ; elapsed = 00:01:01 . Memory (MB): peak = 3215.031 ; gain = 83.680 ; free physical = 10843 ; free virtual = 27642
INFO: [Route 35-16] Router Completed Successfully
Ending Routing Task | Checksum: 22ec51f52

Time (s): cpu = 00:01:58 ; elapsed = 00:01:01 . Memory (MB): peak = 3215.031 ; gain = 83.680 ; free physical = 10843 ; free virtual = 27642

Routing Is Done.
INFO: [Common 17-83] Releasing license: Implementation
124 Infos, 1 Warnings, 0 Critical Warnings and 0 Errors encountered.
route_design completed successfully
route_design: Time (s): cpu = 00:01:58 ; elapsed = 00:01:01 . Memory (MB): peak = 3215.031 ; gain = 83.680 ; free physical = 10843 ; free virtual = 27642
INFO: [Vivado 12-24828] Executing command : report_drc -file RV32IM72F8SPSoCTOP_drc_routed.rpt -pb RV32IM72F8SPSoCTOP_drc_routed.pb -rpx RV32IM72F8SPSoCTOP_drc_routed.rpx
Command: report_drc -file RV32IM72F8SPSoCTOP_drc_routed.rpt -pb RV32IM72F8SPSoCTOP_drc_routed.pb -rpx RV32IM72F8SPSoCTOP_drc_routed.rpx
INFO: [IP_Flow 19-1839] IP Catalog is up to date.
INFO: [DRC 23-27] Running DRC with 16 threads
INFO: [Vivado_Tcl 2-168] The results of DRC are in file /home/khwl/Desktop/claude_RISCOF_RV-IM100/RV-IM100/RV32s/SoCs/RV32IM_8SP_Coremark/RV64IM72F_8SP_100MHz.runs/impl_1/RV32IM72F8SPSoCTOP_drc_routed.rpt.
report_drc completed successfully
INFO: [Vivado 12-24828] Executing command : report_methodology -file RV32IM72F8SPSoCTOP_methodology_drc_routed.rpt -pb RV32IM72F8SPSoCTOP_methodology_drc_routed.pb -rpx RV32IM72F8SPSoCTOP_methodology_drc_routed.rpx
Command: report_methodology -file RV32IM72F8SPSoCTOP_methodology_drc_routed.rpt -pb RV32IM72F8SPSoCTOP_methodology_drc_routed.pb -rpx RV32IM72F8SPSoCTOP_methodology_drc_routed.rpx
INFO: [Timing 38-35] Done setting XDC timing constraints.
INFO: [DRC 23-133] Running Methodology with 16 threads
INFO: [Vivado_Tcl 2-1520] The results of Report Methodology are in file /home/khwl/Desktop/claude_RISCOF_RV-IM100/RV-IM100/RV32s/SoCs/RV32IM_8SP_Coremark/RV64IM72F_8SP_100MHz.runs/impl_1/RV32IM72F8SPSoCTOP_methodology_drc_routed.rpt.
report_methodology completed successfully
INFO: [Vivado 12-24828] Executing command : report_timing_summary -max_paths 10 -routable_nets -report_unconstrained -file RV32IM72F8SPSoCTOP_timing_summary_routed.rpt -pb RV32IM72F8SPSoCTOP_timing_summary_routed.pb -rpx RV32IM72F8SPSoCTOP_timing_summary_routed.rpx
INFO: [Timing 38-35] Done setting XDC timing constraints.
INFO: [Timing 38-91] UpdateTimingParams: Speed grade: -1, Delay Type: min_max.
INFO: [Timing 38-191] Multithreading enabled for timing update using a maximum of 16 CPUs
INFO: [Vivado 12-24838] Running report commands "report_bus_skew, report_incremental_reuse, report_route_status" in parallel.
Running report generation with 3 threads.
INFO: [Vivado 12-24828] Executing command : report_incremental_reuse -file RV32IM72F8SPSoCTOP_incremental_reuse_routed.rpt
INFO: [Vivado_Tcl 4-1062] Incremental flow is disabled. No incremental reuse Info to report.
INFO: [Vivado 12-24828] Executing command : report_route_status -file RV32IM72F8SPSoCTOP_route_status.rpt -pb RV32IM72F8SPSoCTOP_route_status.pb
INFO: [Vivado 12-24828] Executing command : report_bus_skew -warn_on_violation -file RV32IM72F8SPSoCTOP_bus_skew_routed.rpt -pb RV32IM72F8SPSoCTOP_bus_skew_routed.pb -rpx RV32IM72F8SPSoCTOP_bus_skew_routed.rpx
INFO: [Timing 38-91] UpdateTimingParams: Speed grade: -1, Delay Type: min_max.
INFO: [Timing 38-191] Multithreading enabled for timing update using a maximum of 16 CPUs
INFO: [Vivado 12-24828] Executing command : report_power -file RV32IM72F8SPSoCTOP_power_routed.rpt -pb RV32IM72F8SPSoCTOP_power_summary_routed.pb -rpx RV32IM72F8SPSoCTOP_power_routed.rpx
Command: report_power -file RV32IM72F8SPSoCTOP_power_routed.rpt -pb RV32IM72F8SPSoCTOP_power_summary_routed.pb -rpx RV32IM72F8SPSoCTOP_power_routed.rpx
Running Vector-less Activity Propagation...

Finished Running Vector-less Activity Propagation
144 Infos, 1 Warnings, 0 Critical Warnings and 0 Errors encountered.
report_power completed successfully
INFO: [Vivado 12-24828] Executing command : report_clock_utilization -file RV32IM72F8SPSoCTOP_clock_utilization_routed.rpt
INFO: [Timing 38-480] Writing timing data to binary archive.
Wrote PlaceDB: Time (s): cpu = 00:00:00 ; elapsed = 00:00:00 . Memory (MB): peak = 3386.512 ; gain = 0.000 ; free physical = 10844 ; free virtual = 27645
Wrote PulsedLatchDB: Time (s): cpu = 00:00:00 ; elapsed = 00:00:00 . Memory (MB): peak = 3386.512 ; gain = 0.000 ; free physical = 10844 ; free virtual = 27645
Writing XDEF routing.
Write ShapeDB Complete: Time (s): cpu = 00:00:00.02 ; elapsed = 00:00:00 . Memory (MB): peak = 3386.512 ; gain = 0.000 ; free physical = 10844 ; free virtual = 27645
Writing XDEF routing logical nets.
Writing XDEF routing special nets.
Wrote RouteStorage: Time (s): cpu = 00:00:00.18 ; elapsed = 00:00:00.03 . Memory (MB): peak = 3386.512 ; gain = 0.000 ; free physical = 10842 ; free virtual = 27645
Wrote PlaceStorage: Time (s): cpu = 00:00:00.15 ; elapsed = 00:00:00.08 . Memory (MB): peak = 3386.512 ; gain = 0.000 ; free physical = 10840 ; free virtual = 27646
Wrote Netlist Cache: Time (s): cpu = 00:00:00 ; elapsed = 00:00:00 . Memory (MB): peak = 3386.512 ; gain = 0.000 ; free physical = 10840 ; free virtual = 27647
Wrote Device Cache: Time (s): cpu = 00:00:00.01 ; elapsed = 00:00:00.01 . Memory (MB): peak = 3386.512 ; gain = 0.000 ; free physical = 10837 ; free virtual = 27645
Write Physdb Complete: Time (s): cpu = 00:00:00.34 ; elapsed = 00:00:00.12 . Memory (MB): peak = 3386.512 ; gain = 0.000 ; free physical = 10837 ; free virtual = 27645
INFO: [Common 17-1381] The checkpoint '/home/khwl/Desktop/claude_RISCOF_RV-IM100/RV-IM100/RV32s/SoCs/RV32IM_8SP_Coremark/RV64IM72F_8SP_100MHz.runs/impl_1/RV32IM72F8SPSoCTOP_routed.dcp' has been generated.
Command: phys_opt_design -directive Explore
Attempting to get a license for feature 'Implementation' and/or device 'xc7a200t'
INFO: [Common 17-349] Got license for feature 'Implementation' and/or device 'xc7a200t'
INFO: [Vivado_Tcl 4-241] Physical synthesis in post route mode 
INFO: [Vivado_Tcl 4-137] Directive used for phys_opt_design is: Explore
INFO: [Vivado_Tcl 4-1435] PhysOpt_Tcl_Interface Runtime Before Starting Physical Synthesis Task | CPU: 0.05s |  WALL: 0.05s
Netlist sorting complete. Time (s): cpu = 00:00:00 ; elapsed = 00:00:00 . Memory (MB): peak = 3386.512 ; gain = 0.000 ; free physical = 10844 ; free virtual = 27648

Starting Physical Synthesis Task

Phase 1 Physical Synthesis Initialization
INFO: [Physopt 32-721] Multithreading enabled for phys_opt_design using a maximum of 16 CPUs
INFO: [Physopt 32-668] Current Timing Summary | WNS=-0.137 | TNS=-1.372 | WHS=0.082 | THS=0.000 |
Phase 1 Physical Synthesis Initialization | Checksum: 2b7d8ccfb

Time (s): cpu = 00:00:03 ; elapsed = 00:00:00.32 . Memory (MB): peak = 3386.512 ; gain = 0.000 ; free physical = 10844 ; free virtual = 27648

Phase 2 Critical Path Optimization
INFO: [Physopt 32-668] Current Timing Summary | WNS=-0.137 | TNS=-1.372 | WHS=0.082 | THS=0.000 |
INFO: [Physopt 32-953] Path group WNS did not improve. Path group: clk_out1_clk_wiz_0. Processed net: rv32im72f_8sp/exr_ex_register/EX_src_B_reg[31]_0[19].
INFO: [Physopt 32-953] Path group WNS did not improve. Path group: clk_out1_clk_wiz_0. Processed net: clk_gen/inst/clk_out1_clk_wiz_0.
INFO: [Physopt 32-710] Processed net rv32im72f_8sp/ex_ex2_register/cpu_clk_enable_reg_6[0]. Critical path length was reduced through logic transformation on cell rv32im72f_8sp/ex_ex2_register/EX_src_A[31]_i_1_comp.
INFO: [Physopt 32-952] Improved path group WNS = -0.115. Path group: clk_out1_clk_wiz_0. Processed net: rv32im72f_8sp/ex_ex2_register/EXR_EX_flush.
INFO: [Physopt 32-953] Path group WNS did not improve. Path group: clk_out1_clk_wiz_0. Processed net: rv32im72f_8sp/EXR_store_data_hold_reg_n_0_[10].
INFO: [Physopt 32-953] Path group WNS did not improve. Path group: clk_out1_clk_wiz_0. Processed net: rv32im72f_8sp/ex_ex2_register/EXR_store_data_hold[31]_i_3_n_0.
INFO: [Physopt 32-953] Path group WNS did not improve. Path group: clk_out1_clk_wiz_0. Processed net: rv32im72f_8sp/ex_ex2_register/EXR_EX_flush.
INFO: [Physopt 32-953] Path group WNS did not improve. Path group: clk_out1_clk_wiz_0. Processed net: rv32im72f_8sp/exr_ex_register/mul_busy_reg_0.
INFO: [Physopt 32-953] Path group WNS did not improve. Path group: clk_out1_clk_wiz_0. Processed net: rv32im72f_8sp/exr_ex_register/mul_start.
INFO: [Physopt 32-953] Path group WNS did not improve. Path group: clk_out1_clk_wiz_0. Processed net: rv32im72f_8sp/ex_ex2_register/ID_EXR_flush.
INFO: [Physopt 32-953] Path group WNS did not improve. Path group: clk_out1_clk_wiz_0. Processed net: rv32im72f_8sp/ex_ex2_register/EX2_funct3_reg[2]_0.
INFO: [Physopt 32-953] Path group WNS did not improve. Path group: clk_out1_clk_wiz_0. Processed net: rv32im72f_8sp/ex_ex2_register/prediction_counter[1]_i_3_n_0.
INFO: [Physopt 32-953] Path group WNS did not improve. Path group: clk_out1_clk_wiz_0. Processed net: rv32im72f_8sp/ex_ex2_register/EX2_alu_result_reg[28]_0.
INFO: [Physopt 32-953] Path group WNS did not improve. Path group: clk_out1_clk_wiz_0. Processed net: rv32im72f_8sp/ex_ex2_register/instruction_reg_0_i_7_n_0.
INFO: [Physopt 32-953] Path group WNS did not improve. Path group: clk_out1_clk_wiz_0. Processed net: rv32im72f_8sp/ex_ex2_register/cpu_clk_enable_reg_7[0].
INFO: [Physopt 32-703] Processed net rv32im72f_8sp/ex_ex2_register/EX2_alu_result_reg[31]_0[30]. Clock skew was adjusted for instance rv32im72f_8sp/ex_ex2_register/EX2_alu_result_reg[30].
INFO: [Physopt 32-952] Improved path group WNS = -0.084. Path group: clk_out1_clk_wiz_0. Processed net: rv32im72f_8sp/ex_ex2_register/EX2_alu_result_reg[31]_0[30].
INFO: [Physopt 32-953] Path group WNS did not improve. Path group: clk_out1_clk_wiz_0. Processed net: rv32im72f_8sp/ex_ex2_register/EX2_alu_result_reg[31]_0[19].
INFO: [Physopt 32-710] Processed net rv32im72f_8sp/exception_detector/E[0]. Critical path length was reduced through logic transformation on cell rv32im72f_8sp/exception_detector/memory_bank0_reg_0_i_2_comp.
INFO: [Physopt 32-952] Improved path group WNS = -0.025. Path group: clk_out1_clk_wiz_0. Processed net: rv32im72f_8sp/exception_detector/MEM_WB_stall.
INFO: [Physopt 32-953] Path group WNS did not improve. Path group: clk_out1_clk_wiz_0. Processed net: rv32im72f_8sp/exception_detector/trap_status_reg[2]_1[2].
INFO: [Physopt 32-953] Path group WNS did not improve. Path group: clk_out1_clk_wiz_0. Processed net: rv32im72f_8sp/exr_ex_register/trap_status[2]_i_2_n_0.
INFO: [Physopt 32-953] Path group WNS did not improve. Path group: clk_out1_clk_wiz_0. Processed net: rv32im72f_8sp/exr_ex_register/trap_status[2]_i_8_n_0.
INFO: [Physopt 32-953] Path group WNS did not improve. Path group: clk_out1_clk_wiz_0. Processed net: rv32im72f_8sp/exr_ex_register/prod_low_reg[31][1].
INFO: [Physopt 32-953] Path group WNS did not improve. Path group: clk_out1_clk_wiz_0. Processed net: rv32im72f_8sp/exr_ex_register/alu/alu_word_result[1].
INFO: [Physopt 32-608] Optimized 1 net.  Swapped 22 pins.
INFO: [Physopt 32-735] Processed net rv32im72f_8sp/exr_ex_register/EX2_alu_result[1]_i_8_n_0. Optimization improves timing on the net.
INFO: [Physopt 32-668] Current Timing Summary | WNS=0.012 | TNS=0.000 | WHS=0.082 | THS=0.000 |
INFO: [Physopt 32-668] Current Timing Summary | WNS=0.012 | TNS=0.000 | WHS=0.082 | THS=0.000 |
Netlist sorting complete. Time (s): cpu = 00:00:00 ; elapsed = 00:00:00 . Memory (MB): peak = 3386.512 ; gain = 0.000 ; free physical = 10845 ; free virtual = 27645
Phase 2 Critical Path Optimization | Checksum: 2b7d8ccfb

Time (s): cpu = 00:00:59 ; elapsed = 00:00:36 . Memory (MB): peak = 3386.512 ; gain = 0.000 ; free physical = 10845 ; free virtual = 27645
Netlist sorting complete. Time (s): cpu = 00:00:00 ; elapsed = 00:00:00 . Memory (MB): peak = 3386.512 ; gain = 0.000 ; free physical = 10845 ; free virtual = 27645
INFO: [Physopt 32-669] Post Physical Optimization Timing Summary | WNS=0.012 | TNS=0.000 | WHS=0.082 | THS=0.000 |

Summary of Physical Synthesis Optimizations
============================================


-------------------------------------------------------------------------------------------------------------------------------------------------------------
|  Optimization   |  WNS Gain (ns)  |  TNS Gain (ns)  |  Added Cells  |  Removed Cells  |  Optimized Cells/Nets  |  Dont Touch  |  Iterations  |  Elapsed   |
-------------------------------------------------------------------------------------------------------------------------------------------------------------
|  Critical Path  |          0.149  |          1.372  |            0  |              0  |                     4  |           0  |           1  |  00:00:35  |
-------------------------------------------------------------------------------------------------------------------------------------------------------------


Netlist sorting complete. Time (s): cpu = 00:00:00 ; elapsed = 00:00:00 . Memory (MB): peak = 3386.512 ; gain = 0.000 ; free physical = 10845 ; free virtual = 27645
Ending Physical Synthesis Task | Checksum: 349be8ad2

Time (s): cpu = 00:00:59 ; elapsed = 00:00:36 . Memory (MB): peak = 3386.512 ; gain = 0.000 ; free physical = 10845 ; free virtual = 27645
INFO: [Common 17-83] Releasing license: Implementation
185 Infos, 1 Warnings, 0 Critical Warnings and 0 Errors encountered.
phys_opt_design completed successfully
phys_opt_design: Time (s): cpu = 00:00:59 ; elapsed = 00:00:36 . Memory (MB): peak = 3386.512 ; gain = 0.000 ; free physical = 10845 ; free virtual = 27645
INFO: [Vivado 12-24828] Executing command : report_timing_summary -max_paths 10 -report_unconstrained -warn_on_violation -file RV32IM72F8SPSoCTOP_timing_summary_postroute_physopted.rpt -pb RV32IM72F8SPSoCTOP_timing_summary_postroute_physopted.pb -rpx RV32IM72F8SPSoCTOP_timing_summary_postroute_physopted.rpx
INFO: [Timing 38-91] UpdateTimingParams: Speed grade: -1, Delay Type: min_max.
INFO: [Timing 38-191] Multithreading enabled for timing update using a maximum of 16 CPUs
INFO: [Vivado 12-24828] Executing command : report_bus_skew -warn_on_violation -file RV32IM72F8SPSoCTOP_bus_skew_postroute_physopted.rpt -pb RV32IM72F8SPSoCTOP_bus_skew_postroute_physopted.pb -rpx RV32IM72F8SPSoCTOP_bus_skew_postroute_physopted.rpx
INFO: [Timing 38-91] UpdateTimingParams: Speed grade: -1, Delay Type: min_max.
INFO: [Timing 38-191] Multithreading enabled for timing update using a maximum of 16 CPUs
INFO: [Timing 38-480] Writing timing data to binary archive.
Wrote PlaceDB: Time (s): cpu = 00:00:00 ; elapsed = 00:00:00 . Memory (MB): peak = 3386.512 ; gain = 0.000 ; free physical = 10841 ; free virtual = 27642
Wrote PulsedLatchDB: Time (s): cpu = 00:00:00 ; elapsed = 00:00:00 . Memory (MB): peak = 3386.512 ; gain = 0.000 ; free physical = 10841 ; free virtual = 27642
Writing XDEF routing.
Write ShapeDB Complete: Time (s): cpu = 00:00:00.01 ; elapsed = 00:00:00 . Memory (MB): peak = 3386.512 ; gain = 0.000 ; free physical = 10841 ; free virtual = 27642
Writing XDEF routing logical nets.
Writing XDEF routing special nets.
Wrote RouteStorage: Time (s): cpu = 00:00:00.19 ; elapsed = 00:00:00.04 . Memory (MB): peak = 3386.512 ; gain = 0.000 ; free physical = 10840 ; free virtual = 27642
Wrote PlaceStorage: Time (s): cpu = 00:00:00.15 ; elapsed = 00:00:00.07 . Memory (MB): peak = 3386.512 ; gain = 0.000 ; free physical = 10837 ; free virtual = 27644
Wrote Netlist Cache: Time (s): cpu = 00:00:00 ; elapsed = 00:00:00.01 . Memory (MB): peak = 3386.512 ; gain = 0.000 ; free physical = 10836 ; free virtual = 27642
Wrote Device Cache: Time (s): cpu = 00:00:00.01 ; elapsed = 00:00:00 . Memory (MB): peak = 3386.512 ; gain = 0.000 ; free physical = 10836 ; free virtual = 27643
Write Physdb Complete: Time (s): cpu = 00:00:00.35 ; elapsed = 00:00:00.12 . Memory (MB): peak = 3386.512 ; gain = 0.000 ; free physical = 10836 ; free virtual = 27643
INFO: [Common 17-1381] The checkpoint '/home/khwl/Desktop/claude_RISCOF_RV-IM100/RV-IM100/RV32s/SoCs/RV32IM_8SP_Coremark/RV64IM72F_8SP_100MHz.runs/impl_1/RV32IM72F8SPSoCTOP_postroute_physopt.dcp' has been generated.
INFO: [Common 17-206] Exiting Vivado at Wed Sep 16 01:56:19 2026...
