Copyright 1986-2022 Xilinx, Inc. All Rights Reserved. Copyright 2022-2025 Advanced Micro Devices, Inc. All Rights Reserved.
--------------------------------------------------------------------------------------------------------------------------------------------------------------------
| Tool Version     : Vivado v.2025.2 (lin64) Build 6299465 Fri Nov 14 12:34:56 MST 2025
| Date             : Tue Sep 22 17:23:12 2026
| Host             : khwl-ThinkPad-X1-Carbon-Gen-13 running 64-bit Ubuntu 24.04.4 LTS
| Command          : report_power -hier all -file /home/khwl/Desktop/RV-IM100/riscof-env/saif_recost/RV32IM_8SP_dhrystone/power_saif_hier.rpt
| Design           : RV32IM72F8SPSoCTOP
| Device           : xc7a200tsbg484-1
| Design State     : routed
| Grade            : commercial
| Process          : typical
| Characterization : Production
--------------------------------------------------------------------------------------------------------------------------------------------------------------------

Power Report

Table of Contents
-----------------
1. Summary
1.1 On-Chip Components
1.2 Power Supply Summary
1.3 Confidence Level
2. Settings
2.1 Environment
2.2 Clock Constraints
3. Detailed Reports
3.1 By Hierarchy

1. Summary
----------

+--------------------------+--------------------------------------------------------------------------------------------+
| Total On-Chip Power (W)  | 0.359                                                                                      |
| Design Power Budget (W)  | Unspecified*                                                                               |
| Power Budget Margin (W)  | NA                                                                                         |
| Dynamic (W)              | 0.223                                                                                      |
| Device Static (W)        | 0.136                                                                                      |
| Effective TJA (C/W)      | 3.3                                                                                        |
| Max Ambient (C)          | 83.8                                                                                       |
| Junction Temperature (C) | 26.2                                                                                       |
| Confidence Level         | High                                                                                       |
| Setting File             | ---                                                                                        |
| Simulation Activity File | /home/khwl/Desktop/RV-IM100/riscof-env/saif/RV32IM_8SP_dhrystone/kernel.saif |
| Design Nets Matched      | 79%   (5297/6733)                                                                          |
+--------------------------+--------------------------------------------------------------------------------------------+
* Specify Design Power Budget using, set_operating_conditions -design_power_budget <value in Watts>


1.1 On-Chip Components
----------------------

+--------------------------+-----------+----------+-----------+-----------------+
| On-Chip                  | Power (W) | Used     | Available | Utilization (%) |
+--------------------------+-----------+----------+-----------+-----------------+
| Clocks                   |     0.015 |        5 |       --- |             --- |
| Slice Logic              |     0.011 |     5725 |       --- |             --- |
|   LUT as Logic           |     0.010 |     2825 |    134600 |            2.10 |
|   Register               |    <0.001 |     2351 |    269200 |            0.87 |
|   CARRY4                 |    <0.001 |      192 |     33650 |            0.57 |
|   LUT as Distributed RAM |    <0.001 |       44 |     46200 |            0.10 |
|   F7/F8 Muxes            |    <0.001 |       31 |    134600 |            0.02 |
|   Others                 |     0.000 |       34 |       --- |             --- |
| Signals                  |     0.023 |     5066 |       --- |             --- |
| Block RAM                |     0.048 |       16 |       365 |            4.38 |
| PLL                      |     0.122 |        1 |        10 |           10.00 |
| DSPs                     |     0.000 |        4 |       740 |            0.54 |
| I/O                      |     0.003 |       12 |       285 |            4.21 |
| Static Power             |     0.136 |          |           |                 |
| Total                    |     0.359 |          |           |                 |
+--------------------------+-----------+----------+-----------+-----------------+


1.2 Power Supply Summary
------------------------

+-----------+-------------+-----------+-------------+------------+-------------+-------------+------------+
| Source    | Voltage (V) | Total (A) | Dynamic (A) | Static (A) | Powerup (A) | Budget (A)  | Margin (A) |
+-----------+-------------+-----------+-------------+------------+-------------+-------------+------------+
| Vccint    |       1.000 |     0.138 |       0.107 |      0.032 |       NA    | Unspecified | NA         |
| Vccaux    |       1.800 |     0.091 |       0.061 |      0.031 |       NA    | Unspecified | NA         |
| Vcco33    |       3.300 |     0.000 |       0.000 |      0.000 |       NA    | Unspecified | NA         |
| Vcco25    |       2.500 |     0.006 |       0.001 |      0.005 |       NA    | Unspecified | NA         |
| Vcco18    |       1.800 |     0.000 |       0.000 |      0.000 |       NA    | Unspecified | NA         |
| Vcco15    |       1.500 |     0.000 |       0.000 |      0.000 |       NA    | Unspecified | NA         |
| Vcco135   |       1.350 |     0.000 |       0.000 |      0.000 |       NA    | Unspecified | NA         |
| Vcco12    |       1.200 |     0.000 |       0.000 |      0.000 |       NA    | Unspecified | NA         |
| Vccaux_io |       1.800 |     0.000 |       0.000 |      0.000 |       NA    | Unspecified | NA         |
| Vccbram   |       1.000 |     0.005 |       0.004 |      0.001 |       NA    | Unspecified | NA         |
| MGTAVcc   |       1.000 |     0.000 |       0.000 |      0.000 |       NA    | Unspecified | NA         |
| MGTAVtt   |       1.200 |     0.000 |       0.000 |      0.000 |       NA    | Unspecified | NA         |
| Vccadc    |       1.800 |     0.020 |       0.000 |      0.020 |       NA    | Unspecified | NA         |
+-----------+-------------+-----------+-------------+------------+-------------+-------------+------------+


1.3 Confidence Level
--------------------

+-----------------------------+------------+------------------------------------------------+--------+
| User Input Data             | Confidence | Details                                        | Action |
+-----------------------------+------------+------------------------------------------------+--------+
| Design implementation state | High       | Design is routed                               |        |
| Clock nodes activity        | High       | User specified more than 95% of clocks         |        |
| I/O nodes activity          | High       | User specified more than 95% of inputs         |        |
| Internal nodes activity     | High       | User specified more than 25% of internal nodes |        |
| Device models               | High       | Device models are Production                   |        |
|                             |            |                                                |        |
| Overall confidence level    | High       |                                                |        |
+-----------------------------+------------+------------------------------------------------+--------+


2. Settings
-----------

2.1 Environment
---------------

+-----------------------+--------------------------+
| Ambient Temp (C)      | 25.0                     |
| ThetaJA (C/W)         | 3.3                      |
| Airflow (LFM)         | 250                      |
| Heat Sink             | medium (Medium Profile)  |
| ThetaSA (C/W)         | 4.6                      |
| Board Selection       | medium (10"x10")         |
| # of Board Layers     | 12to15 (12 to 15 Layers) |
| Board Temperature (C) | 25.0                     |
+-----------------------+--------------------------+


2.2 Clock Constraints
---------------------

+--------------------+---------------------------------+-----------------+
| Clock              | Domain                          | Constraint (ns) |
+--------------------+---------------------------------+-----------------+
| clk                | clk                             |            10.0 |
| clk_out1_clk_wiz_0 | clk_gen/inst/clk_out1_clk_wiz_0 |             8.2 |
| clkfbout_clk_wiz_0 | clk_gen/inst/clkfbout_clk_wiz_0 |            50.0 |
+--------------------+---------------------------------+-----------------+


3. Detailed Reports
-------------------

3.1 By Hierarchy
----------------

+------------------------+-----------+---------+-----------+------+--------+----------+------------+---------+-----------+--------+----------+-------+---------+------------+--------------+
| Name                   | Power (W) | Clock # | Clock (W) | Io # | Io (W) | Signal # | Signal (W) | Logic # | Logic (W) | Bram # | Bram (W) | Dsp # | Dsp (W) | Clock IP # | Clock IP (W) |
+------------------------+-----------+---------+-----------+------+--------+----------+------------+---------+-----------+--------+----------+-------+---------+------------+--------------+
| RV32IM72F8SPSoCTOP     |     0.223 |       5 |     0.015 |   12 |  0.003 |     5066 |      0.023 |    5725 |     0.011 |     16 |    0.048 |     4 |   0.000 |          1 |        0.122 |
|   clk_gen              |     0.122 |       5 |    <0.001 |    1 | <0.001 |        1 |      0.000 |       2 |     0.000 |      0 |    0.000 |     0 |   0.000 |          1 |        0.122 |
|     inst               |     0.122 |       5 |    <0.001 |    1 | <0.001 |        1 |      0.000 |       2 |     0.000 |      0 |    0.000 |     0 |   0.000 |          1 |        0.122 |
|   rv32im72f_8sp        |     0.097 |       5 |     0.014 |    0 |  0.000 |     4954 |      0.023 |    5577 |     0.011 |     16 |    0.048 |     4 |   0.000 |          0 |        0.000 |
|     alu                |     0.003 |       5 |     0.002 |    0 |  0.000 |     1156 |     <0.001 |    1146 |    <0.001 |      0 |    0.000 |     4 |   0.000 |          0 |        0.000 |
|       divider_word     |     0.001 |       5 |     0.001 |    0 |  0.000 |      479 |     <0.001 |     652 |    <0.001 |      0 |    0.000 |     0 |   0.000 |          0 |        0.000 |
|       multiplier_word  |     0.001 |       5 |    <0.001 |    0 |  0.000 |      630 |     <0.001 |     476 |    <0.001 |      0 |    0.000 |     4 |   0.000 |          0 |        0.000 |
|     csr_file           |     0.002 |       5 |     0.001 |    0 |  0.000 |      358 |     <0.001 |     337 |    <0.001 |      0 |    0.000 |     0 |   0.000 |          0 |        0.000 |
|     data_memory        |     0.019 |       5 |    <0.001 |    0 |  0.000 |       91 |     <0.001 |      62 |    <0.001 |      8 |    0.018 |     0 |   0.000 |          0 |        0.000 |
|     ex_ex2_register    |     0.008 |       5 |     0.002 |    0 |  0.000 |      481 |      0.005 |     536 |     0.001 |      0 |    0.000 |     0 |   0.000 |          0 |        0.000 |
|     ex_mem_register    |     0.003 |       5 |    <0.001 |    0 |  0.000 |      260 |      0.002 |     269 |    <0.001 |      0 |    0.000 |     0 |   0.000 |          0 |        0.000 |
|     exr_ex_register    |     0.013 |       5 |     0.002 |    0 |  0.000 |      907 |      0.007 |    1189 |     0.005 |      0 |    0.000 |     0 |   0.000 |          0 |        0.000 |
|     id_exr_register    |     0.005 |       5 |     0.002 |    0 |  0.000 |      491 |      0.002 |     634 |     0.001 |      0 |    0.000 |     0 |   0.000 |          0 |        0.000 |
|     if_io_register     |     0.002 |       5 |    <0.001 |    0 |  0.000 |      222 |     <0.001 |     251 |    <0.001 |      0 |    0.000 |     0 |   0.000 |          0 |        0.000 |
|     instruction_memory |     0.031 |       5 |    <0.001 |    0 |  0.000 |       64 |     <0.001 |       2 |     0.000 |      8 |    0.030 |     0 |   0.000 |          0 |        0.000 |
|     io_id_register     |     0.004 |       5 |    <0.001 |    0 |  0.000 |      196 |      0.002 |     276 |    <0.001 |      0 |    0.000 |     0 |   0.000 |          0 |        0.000 |
|     mem_wb_register    |     0.002 |       5 |    <0.001 |    0 |  0.000 |      181 |      0.001 |     182 |    <0.001 |      0 |    0.000 |     0 |   0.000 |          0 |        0.000 |
+------------------------+-----------+---------+-----------+------+--------+----------+------------+---------+-----------+--------+----------+-------+---------+------------+--------------+


