
*** Running vivado
    with args -log RV32IM72F8SPSoCTOP.vdi -applog -m64 -product Vivado -messageDb vivado.pb -mode batch -source RV32IM72F8SPSoCTOP.tcl -notrace


****** Vivado v2025.2 (64-bit)
  **** SW Build 6299465 on Fri Nov 14 12:34:56 MST 2025
  **** IP Build 6300035 on Fri Nov 14 10:48:45 MST 2025
  **** SharedData Build 6298862 on Thu Nov 13 04:50:51 MST 2025
  **** Start of session at: Tue Sep 15 18:29:17 2026
    ** Copyright 1986-2022 Xilinx, Inc. All Rights Reserved.
    ** Copyright 2022-2025 Advanced Micro Devices, Inc. All Rights Reserved.

source RV32IM72F8SPSoCTOP.tcl -notrace
Command: link_design -top RV32IM72F8SPSoCTOP -part xc7a200tsbg484-1
Design is defaulting to srcset: sources_1
Design is defaulting to constrset: constrs_1
INFO: [Device 21-403] Loading part xc7a200tsbg484-1
INFO: [Project 1-5699] Read binary netlist with skipMacroContent - 1
INFO: [Project 1-454] Reading design checkpoint '/home/khwl/Desktop/claude_RISCOF_RV-IM100/RV-IM100/RV32s/SoCs/RV32IM_8SP_withoutOpt_Coremark/RV32IM_8SP_withoutOpt.gen/sources_1/ip/clk_wiz_0/clk_wiz_0.dcp' for cell 'clk_gen'
Netlist sorting complete. Time (s): cpu = 00:00:00.02 ; elapsed = 00:00:00.02 . Memory (MB): peak = 1794.270 ; gain = 0.000 ; free physical = 14083 ; free virtual = 30639
INFO: [Netlist 29-17] Analyzing 272 Unisim elements for replacement
INFO: [Netlist 29-28] Unisim Transformation completed in 0 CPU seconds
INFO: [Project 1-479] Netlist was created with Vivado 2025.2
INFO: [Project 1-570] Preparing netlist for logic optimization
Parsing XDC File [/home/khwl/Desktop/claude_RISCOF_RV-IM100/RV-IM100/RV32s/SoCs/RV32IM_8SP_withoutOpt_Coremark/RV32IM_8SP_withoutOpt.gen/sources_1/ip/clk_wiz_0/clk_wiz_0_board.xdc] for cell 'clk_gen/inst'
Finished Parsing XDC File [/home/khwl/Desktop/claude_RISCOF_RV-IM100/RV-IM100/RV32s/SoCs/RV32IM_8SP_withoutOpt_Coremark/RV32IM_8SP_withoutOpt.gen/sources_1/ip/clk_wiz_0/clk_wiz_0_board.xdc] for cell 'clk_gen/inst'
Parsing XDC File [/home/khwl/Desktop/claude_RISCOF_RV-IM100/RV-IM100/RV32s/SoCs/RV32IM_8SP_withoutOpt_Coremark/RV32IM_8SP_withoutOpt.gen/sources_1/ip/clk_wiz_0/clk_wiz_0.xdc] for cell 'clk_gen/inst'
INFO: [Timing 38-35] Done setting XDC timing constraints. [/home/khwl/Desktop/claude_RISCOF_RV-IM100/RV-IM100/RV32s/SoCs/RV32IM_8SP_withoutOpt_Coremark/RV32IM_8SP_withoutOpt.gen/sources_1/ip/clk_wiz_0/clk_wiz_0.xdc:54]
INFO: [Timing 38-2] Deriving generated clocks [/home/khwl/Desktop/claude_RISCOF_RV-IM100/RV-IM100/RV32s/SoCs/RV32IM_8SP_withoutOpt_Coremark/RV32IM_8SP_withoutOpt.gen/sources_1/ip/clk_wiz_0/clk_wiz_0.xdc:54]
Finished Parsing XDC File [/home/khwl/Desktop/claude_RISCOF_RV-IM100/RV-IM100/RV32s/SoCs/RV32IM_8SP_withoutOpt_Coremark/RV32IM_8SP_withoutOpt.gen/sources_1/ip/clk_wiz_0/clk_wiz_0.xdc] for cell 'clk_gen/inst'
Parsing XDC File [/home/khwl/Desktop/claude_RISCOF_RV-IM100/RV-IM100/RV32s/SoCs/RV32IM_8SP_withoutOpt_Coremark/RV32IM_8SP_withoutOpt.srcs/constrs_1/imports/constraints/RV64IM72F_5SP_Debug_XDC.xdc]
Finished Parsing XDC File [/home/khwl/Desktop/claude_RISCOF_RV-IM100/RV-IM100/RV32s/SoCs/RV32IM_8SP_withoutOpt_Coremark/RV32IM_8SP_withoutOpt.srcs/constrs_1/imports/constraints/RV64IM72F_5SP_Debug_XDC.xdc]
INFO: [Opt 31-138] Pushed 0 inverter(s) to 0 load pin(s).
Netlist sorting complete. Time (s): cpu = 00:00:00 ; elapsed = 00:00:00 . Memory (MB): peak = 2524.746 ; gain = 0.000 ; free physical = 13495 ; free virtual = 30053
INFO: [Project 1-111] Unisim Transformation Summary:
  A total of 14 instances were transformed.
  RAM32M => RAM32M (RAMD32(x6), RAMS32(x2)): 10 instances
  RAM32X1D => RAM32X1D (RAMD32(x2)): 4 instances

11 Infos, 0 Warnings, 0 Critical Warnings and 0 Errors encountered.
link_design completed successfully
link_design: Time (s): cpu = 00:00:05 ; elapsed = 00:00:05 . Memory (MB): peak = 2524.781 ; gain = 814.480 ; free physical = 13494 ; free virtual = 30053
Command: opt_design -directive Explore
INFO: [Vivado_Tcl 4-136] Directive used for opt_design is: Explore
Attempting to get a license for feature 'Implementation' and/or device 'xc7a200t'
INFO: [Common 17-349] Got license for feature 'Implementation' and/or device 'xc7a200t'
Running DRC as a precondition to command opt_design

Starting DRC Task
INFO: [DRC 23-27] Running DRC with 16 threads
INFO: [Project 1-461] DRC finished with 0 Errors
INFO: [Project 1-462] Please refer to the DRC report (report_drc) for more information.

Time (s): cpu = 00:00:01 ; elapsed = 00:00:00.32 . Memory (MB): peak = 2687.965 ; gain = 163.184 ; free physical = 13422 ; free virtual = 29980

Starting Logic Optimization Task

Phase 1 Initialization

Phase 1.1 Core Generation And Design Setup
Phase 1.1 Core Generation And Design Setup | Checksum: 1099755e9

Time (s): cpu = 00:00:00 ; elapsed = 00:00:00 . Memory (MB): peak = 2881.777 ; gain = 0.000 ; free physical = 13116 ; free virtual = 29672

Phase 1.2 Setup Constraints And Sort Netlist
Phase 1.2 Setup Constraints And Sort Netlist | Checksum: 1099755e9

Time (s): cpu = 00:00:00 ; elapsed = 00:00:00.01 . Memory (MB): peak = 2881.777 ; gain = 0.000 ; free physical = 13116 ; free virtual = 29672
Phase 1 Initialization | Checksum: 1099755e9

Time (s): cpu = 00:00:00 ; elapsed = 00:00:00.01 . Memory (MB): peak = 2881.777 ; gain = 0.000 ; free physical = 13116 ; free virtual = 29672

Phase 2 Timer Update And Timing Data Collection

Phase 2.1 Detect if minReqCache needed
Phase 2.1 Detect if minReqCache needed | Checksum: 1099755e9

Time (s): cpu = 00:00:00.01 ; elapsed = 00:00:00.01 . Memory (MB): peak = 2881.777 ; gain = 0.000 ; free physical = 13108 ; free virtual = 29664

Phase 2.2 Timer Update
INFO: [Timing 38-35] Done setting XDC timing constraints.
Phase 2.2 Timer Update | Checksum: 1099755e9

Time (s): cpu = 00:00:00.54 ; elapsed = 00:00:00.18 . Memory (MB): peak = 2934.590 ; gain = 52.812 ; free physical = 13102 ; free virtual = 29658

Phase 2.3 Timing Data Collection
Phase 2.3 Timing Data Collection | Checksum: 1099755e9

Time (s): cpu = 00:00:00.54 ; elapsed = 00:00:00.18 . Memory (MB): peak = 2934.590 ; gain = 52.812 ; free physical = 13101 ; free virtual = 29658
Phase 2 Timer Update And Timing Data Collection | Checksum: 1099755e9

Time (s): cpu = 00:00:00.54 ; elapsed = 00:00:00.18 . Memory (MB): peak = 2934.590 ; gain = 52.812 ; free physical = 13101 ; free virtual = 29658

Phase 3 Retarget
INFO: [Opt 31-1851] Number of loadless carry chains removed were: 0
INFO: [Opt 31-1834] Total Chains To Be Transformed Were: 0 AND Number of Transformed insts Created are: 0
INFO: [Opt 31-138] Pushed 1 inverter(s) to 1 load pin(s).
INFO: [Opt 31-49] Retargeted 0 cell(s).
Phase 3 Retarget | Checksum: 1f48bf312

Time (s): cpu = 00:00:00.58 ; elapsed = 00:00:00.23 . Memory (MB): peak = 2934.590 ; gain = 52.812 ; free physical = 13101 ; free virtual = 29657
Retarget | Checksum: 1f48bf312
INFO: [Opt 31-389] Phase Retarget created 0 cells and removed 1 cells
INFO: [Opt 31-1021] In phase Retarget, 1 netlist objects are constrained preventing optimization. Please run opt_design with -debug_log to get more detail. 

Phase 4 Constant propagation
INFO: [Opt 31-138] Pushed 0 inverter(s) to 0 load pin(s).
Phase 4 Constant propagation | Checksum: 1d0ce9026

Time (s): cpu = 00:00:00.6 ; elapsed = 00:00:00.25 . Memory (MB): peak = 2934.590 ; gain = 52.812 ; free physical = 13101 ; free virtual = 29657
Constant propagation | Checksum: 1d0ce9026
INFO: [Opt 31-389] Phase Constant propagation created 0 cells and removed 0 cells

Phase 5 Sweep
INFO: [Constraints 18-11670] Building netlist checker database with flags, 0x8
Done building netlist checker database: Time (s): cpu = 00:00:00 ; elapsed = 00:00:00 . Memory (MB): peak = 2934.590 ; gain = 0.000 ; free physical = 13101 ; free virtual = 29657
INFO: [Constraints 18-11670] Building netlist checker database with flags, 0x8
Done building netlist checker database: Time (s): cpu = 00:00:00 ; elapsed = 00:00:00 . Memory (MB): peak = 2934.590 ; gain = 0.000 ; free physical = 13101 ; free virtual = 29657
Phase 5 Sweep | Checksum: 24d238fe1

Time (s): cpu = 00:00:00.63 ; elapsed = 00:00:00.27 . Memory (MB): peak = 2934.590 ; gain = 52.812 ; free physical = 13101 ; free virtual = 29657
Sweep | Checksum: 24d238fe1
INFO: [Opt 31-389] Phase Sweep created 7 cells and removed 0 cells

Phase 6 BUFG optimization
Phase 6 BUFG optimization | Checksum: 24d238fe1

Time (s): cpu = 00:00:00.66 ; elapsed = 00:00:00.29 . Memory (MB): peak = 2966.605 ; gain = 84.828 ; free physical = 13101 ; free virtual = 29657
BUFG optimization | Checksum: 24d238fe1
INFO: [Opt 31-662] Phase BUFG optimization created 0 cells of which 0 are BUFGs and removed 0 cells.

Phase 7 Shift Register Optimization
INFO: [Opt 31-1064] SRL Remap converted 0 SRLs to 0 registers and converted 0 registers of register chains to 0 SRLs
Phase 7 Shift Register Optimization | Checksum: 24d238fe1

Time (s): cpu = 00:00:00.66 ; elapsed = 00:00:00.3 . Memory (MB): peak = 2966.605 ; gain = 84.828 ; free physical = 13101 ; free virtual = 29657
Shift Register Optimization | Checksum: 24d238fe1
INFO: [Opt 31-389] Phase Shift Register Optimization created 0 cells and removed 0 cells
INFO: [Opt 31-1555] control_set_opt supports Versal devices only, and device 7a200t is unsupported

Phase 8 Post Processing Netlist
Phase 8 Post Processing Netlist | Checksum: 1d618b9d5

Time (s): cpu = 00:00:00.67 ; elapsed = 00:00:00.31 . Memory (MB): peak = 2966.605 ; gain = 84.828 ; free physical = 13101 ; free virtual = 29657
Post Processing Netlist | Checksum: 1d618b9d5
INFO: [Opt 31-389] Phase Post Processing Netlist created 0 cells and removed 0 cells

Phase 9 Finalization

Phase 9.1 Finalizing Design Cores and Updating Shapes
Phase 9.1 Finalizing Design Cores and Updating Shapes | Checksum: 2317e60d0

Time (s): cpu = 00:00:00.71 ; elapsed = 00:00:00.34 . Memory (MB): peak = 2966.605 ; gain = 84.828 ; free physical = 13101 ; free virtual = 29657

Phase 9.2 Verifying Netlist Connectivity

Starting Connectivity Check Task

Time (s): cpu = 00:00:00 ; elapsed = 00:00:00.01 . Memory (MB): peak = 2966.605 ; gain = 0.000 ; free physical = 13101 ; free virtual = 29657
Phase 9.2 Verifying Netlist Connectivity | Checksum: 2317e60d0

Time (s): cpu = 00:00:00.71 ; elapsed = 00:00:00.35 . Memory (MB): peak = 2966.605 ; gain = 84.828 ; free physical = 13101 ; free virtual = 29657
Phase 9 Finalization | Checksum: 2317e60d0

Time (s): cpu = 00:00:00.71 ; elapsed = 00:00:00.35 . Memory (MB): peak = 2966.605 ; gain = 84.828 ; free physical = 13101 ; free virtual = 29657
Opt_design Change Summary
=========================


-------------------------------------------------------------------------------------------------------------------------
|  Phase                        |  #Cells created  |  #Cells Removed  |  #Constrained objects preventing optimizations  |
-------------------------------------------------------------------------------------------------------------------------
|  Retarget                     |               0  |               1  |                                              1  |
|  Constant propagation         |               0  |               0  |                                              0  |
|  Sweep                        |               7  |               0  |                                              0  |
|  BUFG optimization            |               0  |               0  |                                              0  |
|  Shift Register Optimization  |               0  |               0  |                                              0  |
|  Post Processing Netlist      |               0  |               0  |                                              0  |
-------------------------------------------------------------------------------------------------------------------------


Ending Logic Optimization Task | Checksum: 2317e60d0

Time (s): cpu = 00:00:00.71 ; elapsed = 00:00:00.35 . Memory (MB): peak = 2966.605 ; gain = 84.828 ; free physical = 13101 ; free virtual = 29657
Netlist sorting complete. Time (s): cpu = 00:00:00 ; elapsed = 00:00:00 . Memory (MB): peak = 2966.605 ; gain = 0.000 ; free physical = 13101 ; free virtual = 29657
INFO: [Common 17-83] Releasing license: Implementation
34 Infos, 0 Warnings, 0 Critical Warnings and 0 Errors encountered.
opt_design completed successfully
INFO: [Vivado 12-24828] Executing command : report_drc -file RV32IM72F8SPSoCTOP_drc_opted.rpt -pb RV32IM72F8SPSoCTOP_drc_opted.pb -rpx RV32IM72F8SPSoCTOP_drc_opted.rpx
Command: report_drc -file RV32IM72F8SPSoCTOP_drc_opted.rpt -pb RV32IM72F8SPSoCTOP_drc_opted.pb -rpx RV32IM72F8SPSoCTOP_drc_opted.rpx
INFO: [IP_Flow 19-1839] IP Catalog is up to date.
INFO: [DRC 23-27] Running DRC with 16 threads
INFO: [Vivado_Tcl 2-168] The results of DRC are in file /home/khwl/Desktop/claude_RISCOF_RV-IM100/RV-IM100/RV32s/SoCs/RV32IM_8SP_withoutOpt_Coremark/RV32IM_8SP_withoutOpt.runs/impl_1/RV32IM72F8SPSoCTOP_drc_opted.rpt.
report_drc completed successfully
INFO: [Timing 38-480] Writing timing data to binary archive.
Wrote PlaceDB: Time (s): cpu = 00:00:00 ; elapsed = 00:00:00 . Memory (MB): peak = 2966.605 ; gain = 0.000 ; free physical = 13094 ; free virtual = 29651
Wrote PulsedLatchDB: Time (s): cpu = 00:00:00 ; elapsed = 00:00:00 . Memory (MB): peak = 2966.605 ; gain = 0.000 ; free physical = 13094 ; free virtual = 29651
Writing XDEF routing.
Write ShapeDB Complete: Time (s): cpu = 00:00:00.01 ; elapsed = 00:00:00 . Memory (MB): peak = 2966.605 ; gain = 0.000 ; free physical = 13095 ; free virtual = 29651
Writing XDEF routing logical nets.
Writing XDEF routing special nets.
Wrote RouteStorage: Time (s): cpu = 00:00:00.04 ; elapsed = 00:00:00.01 . Memory (MB): peak = 2966.605 ; gain = 0.000 ; free physical = 13095 ; free virtual = 29651
Wrote PlaceStorage: Time (s): cpu = 00:00:00.01 ; elapsed = 00:00:00 . Memory (MB): peak = 2966.605 ; gain = 0.000 ; free physical = 13095 ; free virtual = 29651
Wrote Netlist Cache: Time (s): cpu = 00:00:00 ; elapsed = 00:00:00 . Memory (MB): peak = 2966.605 ; gain = 0.000 ; free physical = 13095 ; free virtual = 29651
Wrote Device Cache: Time (s): cpu = 00:00:00.01 ; elapsed = 00:00:00 . Memory (MB): peak = 2966.605 ; gain = 0.000 ; free physical = 13095 ; free virtual = 29651
Write Physdb Complete: Time (s): cpu = 00:00:00.06 ; elapsed = 00:00:00.01 . Memory (MB): peak = 2966.605 ; gain = 0.000 ; free physical = 13095 ; free virtual = 29651
INFO: [Common 17-1381] The checkpoint '/home/khwl/Desktop/claude_RISCOF_RV-IM100/RV-IM100/RV32s/SoCs/RV32IM_8SP_withoutOpt_Coremark/RV32IM_8SP_withoutOpt.runs/impl_1/RV32IM72F8SPSoCTOP_opt.dcp' has been generated.
Command: place_design -directive Explore
Attempting to get a license for feature 'Implementation' and/or device 'xc7a200t'
INFO: [Common 17-349] Got license for feature 'Implementation' and/or device 'xc7a200t'
INFO: [Common 17-83] Releasing license: Implementation
INFO: [DRC 23-27] Running DRC with 16 threads
INFO: [Vivado_Tcl 4-198] DRC finished with 0 Errors
INFO: [Vivado_Tcl 4-199] Please refer to the DRC report (report_drc) for more information.
INFO: [Timing 38-35] Done setting XDC timing constraints.
INFO: [Vivado_Tcl 4-2302] The placer was invoked with the 'Explore' directive.
Running DRC as a precondition to command place_design
INFO: [DRC 23-27] Running DRC with 16 threads
INFO: [Vivado_Tcl 4-198] DRC finished with 0 Errors, 21 Warnings
INFO: [Vivado_Tcl 4-199] Please refer to the DRC report (report_drc) for more information.
INFO: [Place 30-611] Multithreading enabled for place_design using a maximum of 16 CPUs

Starting Placer Task

Phase 1 Placer Initialization

Phase 1.1 Placer Initialization Netlist Sorting
Netlist sorting complete. Time (s): cpu = 00:00:00 ; elapsed = 00:00:00.01 . Memory (MB): peak = 2966.605 ; gain = 0.000 ; free physical = 13090 ; free virtual = 29647
Phase 1.1 Placer Initialization Netlist Sorting | Checksum: 1b80c08d2

Time (s): cpu = 00:00:00 ; elapsed = 00:00:00.01 . Memory (MB): peak = 2966.605 ; gain = 0.000 ; free physical = 13090 ; free virtual = 29647
Netlist sorting complete. Time (s): cpu = 00:00:00 ; elapsed = 00:00:00 . Memory (MB): peak = 2966.605 ; gain = 0.000 ; free physical = 13090 ; free virtual = 29647

Phase 1.2 IO Placement/ Clock Placement/ Build Placer Device
Phase 1.2 IO Placement/ Clock Placement/ Build Placer Device | Checksum: 1bb39e472

Time (s): cpu = 00:00:00.43 ; elapsed = 00:00:00.17 . Memory (MB): peak = 3054.648 ; gain = 88.043 ; free physical = 13089 ; free virtual = 29647

Phase 1.3 Build Placer Netlist Model
Phase 1.3 Build Placer Netlist Model | Checksum: 248d47e5a

Time (s): cpu = 00:00:03 ; elapsed = 00:00:00.66 . Memory (MB): peak = 3133.738 ; gain = 167.133 ; free physical = 13087 ; free virtual = 29645

Phase 1.4 Constrain Clocks/Macros
Phase 1.4 Constrain Clocks/Macros | Checksum: 248d47e5a

Time (s): cpu = 00:00:03 ; elapsed = 00:00:00.66 . Memory (MB): peak = 3133.738 ; gain = 167.133 ; free physical = 13087 ; free virtual = 29645
Phase 1 Placer Initialization | Checksum: 248d47e5a

Time (s): cpu = 00:00:03 ; elapsed = 00:00:00.67 . Memory (MB): peak = 3133.738 ; gain = 167.133 ; free physical = 13087 ; free virtual = 29645

Phase 2 Global Placement

Phase 2.1 Floorplanning
Phase 2.1 Floorplanning | Checksum: 208290dcf

Time (s): cpu = 00:00:04 ; elapsed = 00:00:00.97 . Memory (MB): peak = 3133.738 ; gain = 167.133 ; free physical = 13108 ; free virtual = 29665

Phase 2.2 Update Timing before SLR Path Opt
Phase 2.2 Update Timing before SLR Path Opt | Checksum: 204a8d50d

Time (s): cpu = 00:00:05 ; elapsed = 00:00:01 . Memory (MB): peak = 3133.738 ; gain = 167.133 ; free physical = 13107 ; free virtual = 29664

Phase 2.3 Post-Processing in Floorplanning
Phase 2.3 Post-Processing in Floorplanning | Checksum: 204a8d50d

Time (s): cpu = 00:00:05 ; elapsed = 00:00:01 . Memory (MB): peak = 3133.738 ; gain = 167.133 ; free physical = 13107 ; free virtual = 29664

Phase 2.4 Global Place Phase1
Phase 2.4 Global Place Phase1 | Checksum: 2ef19b93b

Time (s): cpu = 00:00:22 ; elapsed = 00:00:06 . Memory (MB): peak = 3133.738 ; gain = 167.133 ; free physical = 13104 ; free virtual = 29661

Phase 2.5 Global Place Phase2

Phase 2.5.1 UpdateTiming Before Physical Synthesis
Phase 2.5.1 UpdateTiming Before Physical Synthesis | Checksum: 24faddf60

Time (s): cpu = 00:00:23 ; elapsed = 00:00:06 . Memory (MB): peak = 3133.738 ; gain = 167.133 ; free physical = 13103 ; free virtual = 29660

Phase 2.5.2 Physical Synthesis In Placer
INFO: [Physopt 32-1035] Found 0 LUTNM shape to break, 446 LUT instances to create LUTNM shape
INFO: [Physopt 32-1044] Break lutnm for timing: one critical 0, two critical 0, total 0, new lutff created 0
INFO: [Physopt 32-1138] End 1 Pass. Optimized 161 nets or LUTs. Breaked 0 LUT, combined 161 existing LUTs and moved 0 existing LUT
INFO: [Physopt 32-1408] Pass 1. Identified 1 candidate net for high-fanout optimization.
INFO: [Physopt 32-81] Processed net internal_reset. Replicated 6 times.
INFO: [Physopt 32-232] Optimized 1 net. Created 6 new instances.
INFO: [Physopt 32-775] End 1 Pass. Optimized 1 net or cell. Created 6 new cells, deleted 0 existing cell and moved 0 existing cell
Netlist sorting complete. Time (s): cpu = 00:00:00.01 ; elapsed = 00:00:00.01 . Memory (MB): peak = 3133.738 ; gain = 0.000 ; free physical = 13103 ; free virtual = 29660
INFO: [Physopt 32-456] No candidate cells for DSP register optimization found in the design.
INFO: [Physopt 32-775] End 2 Pass. Optimized 0 net or cell. Created 0 new cell, deleted 0 existing cell and moved 0 existing cell
INFO: [Physopt 32-1123] No candidate cells found for Shift Register to Pipeline optimization
INFO: [Physopt 32-775] End 2 Pass. Optimized 0 net or cell. Created 0 new cell, deleted 0 existing cell and moved 0 existing cell
INFO: [Physopt 32-1401] No candidate cells found for Shift Register optimization.
INFO: [Physopt 32-677] No candidate cells for Shift Register optimization found in the design
INFO: [Physopt 32-775] End 1 Pass. Optimized 0 net or cell. Created 0 new cell, deleted 0 existing cell and moved 0 existing cell
INFO: [Physopt 32-526] No candidate cells for BRAM register optimization found in the design
INFO: [Physopt 32-775] End 1 Pass. Optimized 0 net or cell. Created 0 new cell, deleted 0 existing cell and moved 0 existing cell
INFO: [Physopt 32-846] No candidate cells for URAM register optimization found in the design
INFO: [Physopt 32-775] End 1 Pass. Optimized 0 net or cell. Created 0 new cell, deleted 0 existing cell and moved 0 existing cell
INFO: [Physopt 32-846] No candidate cells for URAM register optimization found in the design
INFO: [Physopt 32-775] End 1 Pass. Optimized 0 net or cell. Created 0 new cell, deleted 0 existing cell and moved 0 existing cell
INFO: [Physopt 32-949] No candidate nets found for dynamic/static region interface net replication
INFO: [Physopt 32-775] End 1 Pass. Optimized 0 net or cell. Created 0 new cell, deleted 0 existing cell and moved 0 existing cell
Netlist sorting complete. Time (s): cpu = 00:00:00 ; elapsed = 00:00:00 . Memory (MB): peak = 3133.738 ; gain = 0.000 ; free physical = 13103 ; free virtual = 29660

Summary of Physical Synthesis Optimizations
============================================


-----------------------------------------------------------------------------------------------------------------------------------------------------------
|  Optimization                                     |  Added Cells  |  Removed Cells  |  Optimized Cells/Nets  |  Dont Touch  |  Iterations  |  Elapsed   |
-----------------------------------------------------------------------------------------------------------------------------------------------------------
|  LUT Combining                                    |            0  |            161  |                   161  |           0  |           1  |  00:00:00  |
|  Retime                                           |            0  |              0  |                     0  |           0  |           1  |  00:00:00  |
|  Very High Fanout                                 |            6  |              0  |                     1  |           0  |           1  |  00:00:00  |
|  DSP Register                                     |            0  |              0  |                     0  |           0  |           1  |  00:00:00  |
|  Shift Register to Pipeline                       |            0  |              0  |                     0  |           0  |           1  |  00:00:00  |
|  Shift Register                                   |            0  |              0  |                     0  |           0  |           1  |  00:00:00  |
|  BRAM Register                                    |            0  |              0  |                     0  |           0  |           1  |  00:00:00  |
|  URAM Register                                    |            0  |              0  |                     0  |           0  |           1  |  00:00:00  |
|  Dynamic/Static Region Interface Net Replication  |            0  |              0  |                     0  |           0  |           1  |  00:00:00  |
|  Total                                            |            6  |            161  |                   162  |           0  |           9  |  00:00:00  |
-----------------------------------------------------------------------------------------------------------------------------------------------------------


Phase 2.5.2 Physical Synthesis In Placer | Checksum: 2bbe434fa

Time (s): cpu = 00:00:24 ; elapsed = 00:00:07 . Memory (MB): peak = 3133.738 ; gain = 167.133 ; free physical = 13102 ; free virtual = 29660
Phase 2.5 Global Place Phase2 | Checksum: 21d7caeb2

Time (s): cpu = 00:00:25 ; elapsed = 00:00:07 . Memory (MB): peak = 3133.738 ; gain = 167.133 ; free physical = 13102 ; free virtual = 29660
Phase 2 Global Placement | Checksum: 21d7caeb2

Time (s): cpu = 00:00:25 ; elapsed = 00:00:07 . Memory (MB): peak = 3133.738 ; gain = 167.133 ; free physical = 13102 ; free virtual = 29660

Phase 3 Detail Placement

Phase 3.1 Commit Multi Column Macros
Phase 3.1 Commit Multi Column Macros | Checksum: 2a8d4607d

Time (s): cpu = 00:00:26 ; elapsed = 00:00:07 . Memory (MB): peak = 3133.738 ; gain = 167.133 ; free physical = 13101 ; free virtual = 29658

Phase 3.2 Commit Most Macros & LUTRAMs
Phase 3.2 Commit Most Macros & LUTRAMs | Checksum: 2136f8e1e

Time (s): cpu = 00:00:28 ; elapsed = 00:00:08 . Memory (MB): peak = 3133.738 ; gain = 167.133 ; free physical = 13100 ; free virtual = 29658

Phase 3.3 Area Swap Optimization
Phase 3.3 Area Swap Optimization | Checksum: 23f2a9eb4

Time (s): cpu = 00:00:28 ; elapsed = 00:00:08 . Memory (MB): peak = 3133.738 ; gain = 167.133 ; free physical = 13100 ; free virtual = 29658

Phase 3.4 Pipeline Register Optimization
Phase 3.4 Pipeline Register Optimization | Checksum: 28e3b1045

Time (s): cpu = 00:00:28 ; elapsed = 00:00:08 . Memory (MB): peak = 3133.738 ; gain = 167.133 ; free physical = 13100 ; free virtual = 29658

Phase 3.5 Fast Optimization
Phase 3.5 Fast Optimization | Checksum: 1d5836cd4

Time (s): cpu = 00:00:32 ; elapsed = 00:00:09 . Memory (MB): peak = 3133.738 ; gain = 167.133 ; free physical = 13084 ; free virtual = 29644

Phase 3.6 Small Shape Detail Placement
Phase 3.6 Small Shape Detail Placement | Checksum: 331668668

Time (s): cpu = 00:00:33 ; elapsed = 00:00:10 . Memory (MB): peak = 3133.738 ; gain = 167.133 ; free physical = 13086 ; free virtual = 29643

Phase 3.7 Re-assign LUT pins
Phase 3.7 Re-assign LUT pins | Checksum: 2a128c5e8

Time (s): cpu = 00:00:33 ; elapsed = 00:00:10 . Memory (MB): peak = 3133.738 ; gain = 167.133 ; free physical = 13086 ; free virtual = 29643

Phase 3.8 Pipeline Register Optimization
Phase 3.8 Pipeline Register Optimization | Checksum: 28d005131

Time (s): cpu = 00:00:33 ; elapsed = 00:00:10 . Memory (MB): peak = 3133.738 ; gain = 167.133 ; free physical = 13086 ; free virtual = 29643
Phase 3 Detail Placement | Checksum: 28d005131

Time (s): cpu = 00:00:33 ; elapsed = 00:00:10 . Memory (MB): peak = 3133.738 ; gain = 167.133 ; free physical = 13086 ; free virtual = 29643

Phase 4 Post Placement Optimization and Clean-Up

Phase 4.1 Post Commit Optimization
INFO: [Timing 38-35] Done setting XDC timing constraints.

Phase 4.1.1 Post Placement Optimization
Post Placement Optimization Initialization | Checksum: 2a5596e9d

Phase 4.1.1.1 BUFG Insertion

Starting Physical Synthesis Task

Phase 1 Physical Synthesis Initialization
INFO: [Physopt 32-721] Multithreading enabled for phys_opt_design using a maximum of 16 CPUs
INFO: [Physopt 32-619] Estimated Timing Summary | WNS=-0.971 | TNS=-302.500 |
Phase 1 Physical Synthesis Initialization | Checksum: 1f967aa2a

Time (s): cpu = 00:00:00.24 ; elapsed = 00:00:00.04 . Memory (MB): peak = 3133.738 ; gain = 0.000 ; free physical = 13084 ; free virtual = 29642
INFO: [Place 46-56] BUFG insertion identified 0 candidate nets. Inserted BUFG: 0, Replicated BUFG Driver: 0, Skipped due to Placement/Routing Conflicts: 0, Skipped due to Timing Degradation: 0, Skipped due to netlist editing failed: 0.
Ending Physical Synthesis Task | Checksum: 1f515cc2d

Time (s): cpu = 00:00:00.26 ; elapsed = 00:00:00.05 . Memory (MB): peak = 3133.738 ; gain = 0.000 ; free physical = 13085 ; free virtual = 29642
Phase 4.1.1.1 BUFG Insertion | Checksum: 2a5596e9d

Time (s): cpu = 00:00:38 ; elapsed = 00:00:11 . Memory (MB): peak = 3133.738 ; gain = 167.133 ; free physical = 13085 ; free virtual = 29642

Phase 4.1.1.2 Post Placement Timing Optimization
INFO: [Place 30-746] Post Placement Timing Summary WNS=0.219. For the most accurate timing information please run report_timing.
Phase 4.1.1.2 Post Placement Timing Optimization | Checksum: 1fe48b071

Time (s): cpu = 00:01:04 ; elapsed = 00:00:32 . Memory (MB): peak = 3133.738 ; gain = 167.133 ; free physical = 13129 ; free virtual = 29686

Time (s): cpu = 00:01:04 ; elapsed = 00:00:32 . Memory (MB): peak = 3133.738 ; gain = 167.133 ; free physical = 13129 ; free virtual = 29686
Phase 4.1 Post Commit Optimization | Checksum: 1fe48b071

Time (s): cpu = 00:01:04 ; elapsed = 00:00:32 . Memory (MB): peak = 3133.738 ; gain = 167.133 ; free physical = 13129 ; free virtual = 29686

Phase 4.2 Post Placement Cleanup
Phase 4.2 Post Placement Cleanup | Checksum: 1fe48b071

Time (s): cpu = 00:01:04 ; elapsed = 00:00:32 . Memory (MB): peak = 3133.738 ; gain = 167.133 ; free physical = 13128 ; free virtual = 29687

Phase 4.3 Placer Reporting

Phase 4.3.1 Print Estimated Congestion
INFO: [Place 30-612] Post-Placement Estimated Congestion 
 ____________________________________________________
|           | Global Congestion | Short Congestion  |
| Direction | Region Size       | Region Size       |
|___________|___________________|___________________|
|      North|                2x2|                8x8|
|___________|___________________|___________________|
|      South|                1x1|                2x2|
|___________|___________________|___________________|
|       East|                4x4|                8x8|
|___________|___________________|___________________|
|       West|                1x1|                1x1|
|___________|___________________|___________________|

Phase 4.3.1 Print Estimated Congestion | Checksum: 1fe48b071

Time (s): cpu = 00:01:04 ; elapsed = 00:00:32 . Memory (MB): peak = 3133.738 ; gain = 167.133 ; free physical = 13129 ; free virtual = 29687
Phase 4.3 Placer Reporting | Checksum: 1fe48b071

Time (s): cpu = 00:01:04 ; elapsed = 00:00:32 . Memory (MB): peak = 3133.738 ; gain = 167.133 ; free physical = 13128 ; free virtual = 29686

Phase 4.4 Final Placement Cleanup
Netlist sorting complete. Time (s): cpu = 00:00:00 ; elapsed = 00:00:00 . Memory (MB): peak = 3133.738 ; gain = 0.000 ; free physical = 13128 ; free virtual = 29686

Time (s): cpu = 00:01:04 ; elapsed = 00:00:32 . Memory (MB): peak = 3133.738 ; gain = 167.133 ; free physical = 13128 ; free virtual = 29686
Phase 4 Post Placement Optimization and Clean-Up | Checksum: 2381eefca

Time (s): cpu = 00:01:04 ; elapsed = 00:00:32 . Memory (MB): peak = 3133.738 ; gain = 167.133 ; free physical = 13128 ; free virtual = 29686
Ending Placer Task | Checksum: 1a5fdb3de

Time (s): cpu = 00:01:04 ; elapsed = 00:00:32 . Memory (MB): peak = 3133.738 ; gain = 167.133 ; free physical = 13128 ; free virtual = 29686
79 Infos, 0 Warnings, 0 Critical Warnings and 0 Errors encountered.
place_design completed successfully
place_design: Time (s): cpu = 00:01:06 ; elapsed = 00:00:33 . Memory (MB): peak = 3133.738 ; gain = 167.133 ; free physical = 13128 ; free virtual = 29686
INFO: [Vivado 12-24838] Running report commands "report_control_sets, report_io, report_utilization" in parallel.
Running report generation with 3 threads.
INFO: [Vivado 12-24828] Executing command : report_control_sets -verbose -file RV32IM72F8SPSoCTOP_control_sets_placed.rpt
report_control_sets: Time (s): cpu = 00:00:00.12 ; elapsed = 00:00:00.11 . Memory (MB): peak = 3133.738 ; gain = 0.000 ; free physical = 13119 ; free virtual = 29678
INFO: [Vivado 12-24828] Executing command : report_io -file RV32IM72F8SPSoCTOP_io_placed.rpt
report_io: Time (s): cpu = 00:00:00.15 ; elapsed = 00:00:00.16 . Memory (MB): peak = 3133.738 ; gain = 0.000 ; free physical = 13104 ; free virtual = 29663
INFO: [Vivado 12-24828] Executing command : report_utilization -file RV32IM72F8SPSoCTOP_utilization_placed.rpt -pb RV32IM72F8SPSoCTOP_utilization_placed.pb
INFO: [Timing 38-480] Writing timing data to binary archive.
Wrote PlaceDB: Time (s): cpu = 00:00:00 ; elapsed = 00:00:00 . Memory (MB): peak = 3133.738 ; gain = 0.000 ; free physical = 13119 ; free virtual = 29678
Wrote PulsedLatchDB: Time (s): cpu = 00:00:00 ; elapsed = 00:00:00 . Memory (MB): peak = 3133.738 ; gain = 0.000 ; free physical = 13119 ; free virtual = 29678
Writing XDEF routing.
Write ShapeDB Complete: Time (s): cpu = 00:00:00.02 ; elapsed = 00:00:00.01 . Memory (MB): peak = 3133.738 ; gain = 0.000 ; free physical = 13119 ; free virtual = 29678
Writing XDEF routing logical nets.
Writing XDEF routing special nets.
Wrote RouteStorage: Time (s): cpu = 00:00:00.06 ; elapsed = 00:00:00.02 . Memory (MB): peak = 3133.738 ; gain = 0.000 ; free physical = 13119 ; free virtual = 29678
Wrote PlaceStorage: Time (s): cpu = 00:00:00.25 ; elapsed = 00:00:00.09 . Memory (MB): peak = 3133.738 ; gain = 0.000 ; free physical = 13116 ; free virtual = 29679
Wrote Netlist Cache: Time (s): cpu = 00:00:00 ; elapsed = 00:00:00 . Memory (MB): peak = 3133.738 ; gain = 0.000 ; free physical = 13116 ; free virtual = 29679
Wrote Device Cache: Time (s): cpu = 00:00:00 ; elapsed = 00:00:00.01 . Memory (MB): peak = 3133.738 ; gain = 0.000 ; free physical = 13116 ; free virtual = 29679
Write Physdb Complete: Time (s): cpu = 00:00:00.32 ; elapsed = 00:00:00.12 . Memory (MB): peak = 3133.738 ; gain = 0.000 ; free physical = 13116 ; free virtual = 29679
INFO: [Common 17-1381] The checkpoint '/home/khwl/Desktop/claude_RISCOF_RV-IM100/RV-IM100/RV32s/SoCs/RV32IM_8SP_withoutOpt_Coremark/RV32IM_8SP_withoutOpt.runs/impl_1/RV32IM72F8SPSoCTOP_placed.dcp' has been generated.
Command: phys_opt_design -directive Explore
Attempting to get a license for feature 'Implementation' and/or device 'xc7a200t'
INFO: [Common 17-349] Got license for feature 'Implementation' and/or device 'xc7a200t'
INFO: [Vivado_Tcl 4-137] Directive used for phys_opt_design is: Explore

Starting Initial Update Timing Task

Time (s): cpu = 00:00:04 ; elapsed = 00:00:00.35 . Memory (MB): peak = 3133.738 ; gain = 0.000 ; free physical = 13115 ; free virtual = 29677
INFO: [Vivado_Tcl 4-2279] Estimated Timing Summary | WNS= 0.219 | TNS= 0.000 | 
INFO: [Vivado_Tcl 4-383] Design worst setup slack (WNS) is greater than or equal to 0.000 ns. All physical synthesis setup optimizations will be skipped.
INFO: [Vivado_Tcl 4-232] No setup violation found. The netlist was not modified.
INFO: [Common 17-83] Releasing license: Implementation
91 Infos, 0 Warnings, 0 Critical Warnings and 0 Errors encountered.
phys_opt_design completed successfully
INFO: [Timing 38-480] Writing timing data to binary archive.
Wrote PlaceDB: Time (s): cpu = 00:00:00 ; elapsed = 00:00:00 . Memory (MB): peak = 3133.738 ; gain = 0.000 ; free physical = 13115 ; free virtual = 29677
Wrote PulsedLatchDB: Time (s): cpu = 00:00:00 ; elapsed = 00:00:00 . Memory (MB): peak = 3133.738 ; gain = 0.000 ; free physical = 13115 ; free virtual = 29677
Writing XDEF routing.
Write ShapeDB Complete: Time (s): cpu = 00:00:00.02 ; elapsed = 00:00:00 . Memory (MB): peak = 3133.738 ; gain = 0.000 ; free physical = 13115 ; free virtual = 29677
Writing XDEF routing logical nets.
Writing XDEF routing special nets.
Wrote RouteStorage: Time (s): cpu = 00:00:00.05 ; elapsed = 00:00:00.01 . Memory (MB): peak = 3133.738 ; gain = 0.000 ; free physical = 13114 ; free virtual = 29677
Wrote PlaceStorage: Time (s): cpu = 00:00:00.24 ; elapsed = 00:00:00.09 . Memory (MB): peak = 3133.738 ; gain = 0.000 ; free physical = 13111 ; free virtual = 29678
Wrote Netlist Cache: Time (s): cpu = 00:00:00.01 ; elapsed = 00:00:00 . Memory (MB): peak = 3133.738 ; gain = 0.000 ; free physical = 13109 ; free virtual = 29677
Wrote Device Cache: Time (s): cpu = 00:00:00 ; elapsed = 00:00:00 . Memory (MB): peak = 3133.738 ; gain = 0.000 ; free physical = 13109 ; free virtual = 29677
Write Physdb Complete: Time (s): cpu = 00:00:00.3 ; elapsed = 00:00:00.1 . Memory (MB): peak = 3133.738 ; gain = 0.000 ; free physical = 13109 ; free virtual = 29677
INFO: [Common 17-1381] The checkpoint '/home/khwl/Desktop/claude_RISCOF_RV-IM100/RV-IM100/RV32s/SoCs/RV32IM_8SP_withoutOpt_Coremark/RV32IM_8SP_withoutOpt.runs/impl_1/RV32IM72F8SPSoCTOP_physopt.dcp' has been generated.
Command: route_design -directive Explore -tns_cleanup
Attempting to get a license for feature 'Implementation' and/or device 'xc7a200t'
INFO: [Common 17-349] Got license for feature 'Implementation' and/or device 'xc7a200t'


Starting Routing Task
INFO: [Route 35-270] Using Router directive 'Explore'.
INFO: [Route 35-254] Multithreading enabled for route_design using a maximum of 16 CPUs

Phase 1 Build RT Design
Checksum: PlaceDB: c6ee1110 ConstDB: 0 ShapeSum: 46f4b76a RouteDB: 981aeb64
Post Restoration Checksum: NetGraph: 22020c4a | NumContArr: cf1e4665 | Constraints: c2a8fa9d | Timing: c2a8fa9d
Phase 1 Build RT Design | Checksum: 2767247e9

Time (s): cpu = 00:00:29 ; elapsed = 00:00:21 . Memory (MB): peak = 3133.738 ; gain = 0.000 ; free physical = 13058 ; free virtual = 29620

Phase 2 Router Initialization

Phase 2.1 Fix Topology Constraints
Phase 2.1 Fix Topology Constraints | Checksum: 2767247e9

Time (s): cpu = 00:00:29 ; elapsed = 00:00:21 . Memory (MB): peak = 3133.738 ; gain = 0.000 ; free physical = 13058 ; free virtual = 29620

Phase 2.2 Pre Route Cleanup
Phase 2.2 Pre Route Cleanup | Checksum: 2767247e9

Time (s): cpu = 00:00:29 ; elapsed = 00:00:21 . Memory (MB): peak = 3133.738 ; gain = 0.000 ; free physical = 13058 ; free virtual = 29620
 Number of Nodes with overlaps = 0

Phase 2.3 Update Timing
Phase 2.3 Update Timing | Checksum: 2eb80e16c

Time (s): cpu = 00:00:35 ; elapsed = 00:00:22 . Memory (MB): peak = 3166.012 ; gain = 32.273 ; free physical = 12941 ; free virtual = 29503
INFO: [Route 35-416] Intermediate Timing Summary | WNS=0.236  | TNS=0.000  | WHS=-0.171 | THS=-34.065|


Phase 2.4 Soft Constraint Pins - Fast Budgeting
Phase 2.4 Soft Constraint Pins - Fast Budgeting | Checksum: 360407977

Time (s): cpu = 00:00:36 ; elapsed = 00:00:22 . Memory (MB): peak = 3166.012 ; gain = 32.273 ; free physical = 12940 ; free virtual = 29503

Router Utilization Summary
  Global Vertical Routing Utilization    = 0 %
  Global Horizontal Routing Utilization  = 0 %
  Routable Net Status*
  *Does not include unroutable nets such as driverless and loadless.
  Run report_route_status for detailed report.
  Number of Failed Nets               = 5886
    (Failed Nets is the sum of unrouted and partially routed nets)
  Number of Unrouted Nets             = 5886
  Number of Partially Routed Nets     = 0
  Number of Node Overlaps             = 0

Phase 2 Router Initialization | Checksum: 360407977

Time (s): cpu = 00:00:36 ; elapsed = 00:00:22 . Memory (MB): peak = 3173.402 ; gain = 39.664 ; free physical = 12934 ; free virtual = 29495

Phase 3 Global Routing
Phase 3 Global Routing | Checksum: 360407977

Time (s): cpu = 00:00:36 ; elapsed = 00:00:22 . Memory (MB): peak = 3173.402 ; gain = 39.664 ; free physical = 12934 ; free virtual = 29495

Phase 4 Initial Routing

Phase 4.1 Initial Net Routing Pass
Phase 4.1 Initial Net Routing Pass | Checksum: 38087091f

Time (s): cpu = 00:00:39 ; elapsed = 00:00:23 . Memory (MB): peak = 3173.402 ; gain = 39.664 ; free physical = 12933 ; free virtual = 29495
Phase 4 Initial Routing | Checksum: 38087091f

Time (s): cpu = 00:00:39 ; elapsed = 00:00:23 . Memory (MB): peak = 3173.402 ; gain = 39.664 ; free physical = 12933 ; free virtual = 29495

Phase 5 Rip-up And Reroute

Phase 5.1 Global Iteration 0
 Number of Nodes with overlaps = 2591
 Number of Nodes with overlaps = 1092
 Number of Nodes with overlaps = 652
 Number of Nodes with overlaps = 356
 Number of Nodes with overlaps = 257
 Number of Nodes with overlaps = 91
 Number of Nodes with overlaps = 49
 Number of Nodes with overlaps = 45
 Number of Nodes with overlaps = 11
 Number of Nodes with overlaps = 22
 Number of Nodes with overlaps = 16
 Number of Nodes with overlaps = 3
 Number of Nodes with overlaps = 10
 Number of Nodes with overlaps = 2
 Number of Nodes with overlaps = 1
 Number of Nodes with overlaps = 1
 Number of Nodes with overlaps = 0
INFO: [Route 35-416] Intermediate Timing Summary | WNS=-0.633 | TNS=-7.481 | WHS=N/A    | THS=N/A    |

Phase 5.1 Global Iteration 0 | Checksum: 1fee44665

Time (s): cpu = 00:01:20 ; elapsed = 00:00:42 . Memory (MB): peak = 3173.402 ; gain = 39.664 ; free physical = 12946 ; free virtual = 29508

Phase 5.2 Global Iteration 1
 Number of Nodes with overlaps = 401
 Number of Nodes with overlaps = 244
 Number of Nodes with overlaps = 99
 Number of Nodes with overlaps = 70
 Number of Nodes with overlaps = 29
 Number of Nodes with overlaps = 23
 Number of Nodes with overlaps = 15
 Number of Nodes with overlaps = 6
 Number of Nodes with overlaps = 6
 Number of Nodes with overlaps = 3
 Number of Nodes with overlaps = 2
 Number of Nodes with overlaps = 1
 Number of Nodes with overlaps = 0
INFO: [Route 35-416] Intermediate Timing Summary | WNS=-0.638 | TNS=-4.442 | WHS=N/A    | THS=N/A    |

Phase 5.2 Global Iteration 1 | Checksum: 2af627b3c

Time (s): cpu = 00:01:38 ; elapsed = 00:00:55 . Memory (MB): peak = 3173.402 ; gain = 39.664 ; free physical = 12946 ; free virtual = 29510
Phase 5 Rip-up And Reroute | Checksum: 2af627b3c

Time (s): cpu = 00:01:38 ; elapsed = 00:00:55 . Memory (MB): peak = 3173.402 ; gain = 39.664 ; free physical = 12946 ; free virtual = 29510

Phase 6 Delay and Skew Optimization

Phase 6.1 TNS Cleanup

Phase 6.1.1 Delay CleanUp

Phase 6.1.1.1 Update Timing
Phase 6.1.1.1 Update Timing | Checksum: 3943e4aab

Time (s): cpu = 00:01:38 ; elapsed = 00:00:55 . Memory (MB): peak = 3173.402 ; gain = 39.664 ; free physical = 12946 ; free virtual = 29510
INFO: [Route 35-416] Intermediate Timing Summary | WNS=-0.537 | TNS=-2.883 | WHS=N/A    | THS=N/A    |

 Number of Nodes with overlaps = 0

Phase 6.1.1.2 Update Timing
Phase 6.1.1.2 Update Timing | Checksum: 2a57ee062

Time (s): cpu = 00:01:39 ; elapsed = 00:00:56 . Memory (MB): peak = 3173.402 ; gain = 39.664 ; free physical = 12948 ; free virtual = 29510
INFO: [Route 35-416] Intermediate Timing Summary | WNS=-0.525 | TNS=-2.754 | WHS=N/A    | THS=N/A    |

 Number of Nodes with overlaps = 0

Phase 6.1.1.3 Update Timing
Phase 6.1.1.3 Update Timing | Checksum: 28c506d00

Time (s): cpu = 00:01:39 ; elapsed = 00:00:56 . Memory (MB): peak = 3173.402 ; gain = 39.664 ; free physical = 12948 ; free virtual = 29510
INFO: [Route 35-416] Intermediate Timing Summary | WNS=-0.525 | TNS=-2.754 | WHS=N/A    | THS=N/A    |

 Number of Nodes with overlaps = 0

Phase 6.1.1.4 Update Timing
Phase 6.1.1.4 Update Timing | Checksum: 23c12e131

Time (s): cpu = 00:01:40 ; elapsed = 00:00:56 . Memory (MB): peak = 3173.402 ; gain = 39.664 ; free physical = 12947 ; free virtual = 29510
INFO: [Route 35-416] Intermediate Timing Summary | WNS=-0.525 | TNS=-2.754 | WHS=N/A    | THS=N/A    |

 Number of Nodes with overlaps = 0

Phase 6.1.1.5 Update Timing
Phase 6.1.1.5 Update Timing | Checksum: 266e930e8

Time (s): cpu = 00:01:40 ; elapsed = 00:00:56 . Memory (MB): peak = 3173.402 ; gain = 39.664 ; free physical = 12948 ; free virtual = 29510
INFO: [Route 35-416] Intermediate Timing Summary | WNS=-0.525 | TNS=-2.754 | WHS=N/A    | THS=N/A    |

 Number of Nodes with overlaps = 0

Phase 6.1.1.6 Update Timing
Phase 6.1.1.6 Update Timing | Checksum: 25a6d79a5

Time (s): cpu = 00:01:40 ; elapsed = 00:00:56 . Memory (MB): peak = 3173.402 ; gain = 39.664 ; free physical = 12948 ; free virtual = 29510
INFO: [Route 35-416] Intermediate Timing Summary | WNS=-0.525 | TNS=-2.754 | WHS=N/A    | THS=N/A    |

Phase 6.1.1 Delay CleanUp | Checksum: 1f09d4b52

Time (s): cpu = 00:01:40 ; elapsed = 00:00:56 . Memory (MB): peak = 3173.402 ; gain = 39.664 ; free physical = 12948 ; free virtual = 29510
Phase 6.1 TNS Cleanup | Checksum: 1f09d4b52

Time (s): cpu = 00:01:40 ; elapsed = 00:00:56 . Memory (MB): peak = 3173.402 ; gain = 39.664 ; free physical = 12948 ; free virtual = 29510

Phase 6.2 Clock Skew Optimization
Phase 6.2 Clock Skew Optimization | Checksum: 1f09d4b52

Time (s): cpu = 00:01:40 ; elapsed = 00:00:56 . Memory (MB): peak = 3173.402 ; gain = 39.664 ; free physical = 12948 ; free virtual = 29510
Phase 6 Delay and Skew Optimization | Checksum: 1f09d4b52

Time (s): cpu = 00:01:40 ; elapsed = 00:00:56 . Memory (MB): peak = 3173.402 ; gain = 39.664 ; free physical = 12948 ; free virtual = 29510

Phase 7 Post Hold Fix

Phase 7.1 Hold Fix Iter
INFO: [Route 35-416] Intermediate Timing Summary | WNS=-0.525 | TNS=-2.754 | WHS=0.128  | THS=0.000  |

Phase 7.1 Hold Fix Iter | Checksum: 1baa5bacf

Time (s): cpu = 00:01:41 ; elapsed = 00:00:56 . Memory (MB): peak = 3173.402 ; gain = 39.664 ; free physical = 12947 ; free virtual = 29510
Phase 7 Post Hold Fix | Checksum: 1baa5bacf

Time (s): cpu = 00:01:41 ; elapsed = 00:00:56 . Memory (MB): peak = 3173.402 ; gain = 39.664 ; free physical = 12947 ; free virtual = 29510

Phase 8 Timing Verification

Phase 8.1 Update Timing
Phase 8.1 Update Timing | Checksum: 1ab9f1d13

Time (s): cpu = 00:01:41 ; elapsed = 00:00:56 . Memory (MB): peak = 3173.402 ; gain = 39.664 ; free physical = 12948 ; free virtual = 29510
INFO: [Route 35-416] Intermediate Timing Summary | WNS=-0.525 | TNS=-2.754 | WHS=0.128  | THS=0.000  |

Phase 8 Timing Verification | Checksum: 1ab9f1d13

Time (s): cpu = 00:01:41 ; elapsed = 00:00:56 . Memory (MB): peak = 3173.402 ; gain = 39.664 ; free physical = 12948 ; free virtual = 29510

Phase 9 Route finalize

Router Utilization Summary
  Global Vertical Routing Utilization    = 0.988197 %
  Global Horizontal Routing Utilization  = 1.17204 %
  Routable Net Status*
  *Does not include unroutable nets such as driverless and loadless.
  Run report_route_status for detailed report.
  Number of Failed Nets               = 0
    (Failed Nets is the sum of unrouted and partially routed nets)
  Number of Unrouted Nets             = 0
  Number of Partially Routed Nets     = 0
  Number of Node Overlaps             = 0


--GLOBAL Congestion:
Utilization threshold used for congestion level computation: 0.85
Congestion Report
North Dir 1x1 Area, Max Cong = 74.7748%, No Congested Regions.
South Dir 1x1 Area, Max Cong = 84.6847%, No Congested Regions.
East Dir 2x2 Area, Max Cong = 85.2941%, Congestion bounded by tiles (Lower Left Tile -> Upper Right Tile):
   INT_L_X16Y18 -> INT_R_X17Y19
West Dir 1x1 Area, Max Cong = 79.4118%, No Congested Regions.

------------------------------
Reporting congestion hotspots
------------------------------
Direction: North
----------------
Congested clusters found at Level 0
Effective congestion level: 0 Aspect Ratio: 1 Sparse Ratio: 0
Direction: South
----------------
Congested clusters found at Level 0
Effective congestion level: 0 Aspect Ratio: 1 Sparse Ratio: 0
Direction: East
----------------
Congested clusters found at Level 0
Effective congestion level: 1 Aspect Ratio: 0.666667 Sparse Ratio: 1
Direction: West
----------------
Congested clusters found at Level 0
Effective congestion level: 0 Aspect Ratio: 1 Sparse Ratio: 0

Phase 9 Route finalize | Checksum: 1ab9f1d13

Time (s): cpu = 00:01:42 ; elapsed = 00:00:56 . Memory (MB): peak = 3173.402 ; gain = 39.664 ; free physical = 12947 ; free virtual = 29510

Phase 10 Verifying routed nets

 Verification completed successfully
Phase 10 Verifying routed nets | Checksum: 1ab9f1d13

Time (s): cpu = 00:01:42 ; elapsed = 00:00:56 . Memory (MB): peak = 3173.402 ; gain = 39.664 ; free physical = 12948 ; free virtual = 29510

Phase 11 Depositing Routes
Phase 11 Depositing Routes | Checksum: 24018ed6c

Time (s): cpu = 00:01:42 ; elapsed = 00:00:57 . Memory (MB): peak = 3173.402 ; gain = 39.664 ; free physical = 12948 ; free virtual = 29510

Phase 12 Incr Placement Change
Netlist sorting complete. Time (s): cpu = 00:00:00 ; elapsed = 00:00:00 . Memory (MB): peak = 3173.402 ; gain = 0.000 ; free physical = 12948 ; free virtual = 29510
INFO: [Place 30-746] Post Placement Timing Summary WNS=-0.093. For the most accurate timing information please run report_timing.
Ending IncrPlace Task | Checksum: 9ff571fa

Time (s): cpu = 00:00:13 ; elapsed = 00:00:07 . Memory (MB): peak = 3205.418 ; gain = 32.016 ; free physical = 12950 ; free virtual = 29513
Phase 12 Incr Placement Change | Checksum: 9ff571fa

Time (s): cpu = 00:01:55 ; elapsed = 00:01:03 . Memory (MB): peak = 3205.418 ; gain = 71.680 ; free physical = 12950 ; free virtual = 29513

Phase 13 Build RT Design
Checksum: PlaceDB: 1afad662 ConstDB: 0 ShapeSum: 19713917 RouteDB: 6b896281
Post Restoration Checksum: NetGraph: a28b2d7d | NumContArr: 8b59e7b5 | Constraints: c2a8fa9d | Timing: c2a8fa9d
Phase 13 Build RT Design | Checksum: 2b3370a6c

Time (s): cpu = 00:02:00 ; elapsed = 00:01:04 . Memory (MB): peak = 3205.418 ; gain = 71.680 ; free physical = 12951 ; free virtual = 29513

Phase 14 Router Initialization

Phase 14.1 Fix Topology Constraints
Phase 14.1 Fix Topology Constraints | Checksum: 2b3370a6c

Time (s): cpu = 00:02:00 ; elapsed = 00:01:04 . Memory (MB): peak = 3205.418 ; gain = 71.680 ; free physical = 12951 ; free virtual = 29513

Phase 14.2 Pre Route Cleanup
Phase 14.2 Pre Route Cleanup | Checksum: 236e0b8a6

Time (s): cpu = 00:02:00 ; elapsed = 00:01:04 . Memory (MB): peak = 3205.418 ; gain = 71.680 ; free physical = 12951 ; free virtual = 29513
 Number of Nodes with overlaps = 0

Phase 14.3 Update Timing
Phase 14.3 Update Timing | Checksum: 370b29062

Time (s): cpu = 00:02:05 ; elapsed = 00:01:04 . Memory (MB): peak = 3205.418 ; gain = 71.680 ; free physical = 12950 ; free virtual = 29512
INFO: [Route 35-416] Intermediate Timing Summary | WNS=-0.149 | TNS=-0.182 | WHS=-0.171 | THS=-33.888|


Phase 14.4 Soft Constraint Pins - Fast Budgeting
Phase 14.4 Soft Constraint Pins - Fast Budgeting | Checksum: 2c711e31b

Time (s): cpu = 00:02:06 ; elapsed = 00:01:05 . Memory (MB): peak = 3205.418 ; gain = 71.680 ; free physical = 12950 ; free virtual = 29513

Router Utilization Summary
  Global Vertical Routing Utilization    = 0.977204 %
  Global Horizontal Routing Utilization  = 1.16107 %
  Routable Net Status*
  *Does not include unroutable nets such as driverless and loadless.
  Run report_route_status for detailed report.
  Number of Failed Nets               = 213
    (Failed Nets is the sum of unrouted and partially routed nets)
  Number of Unrouted Nets             = 81
  Number of Partially Routed Nets     = 132
  Number of Node Overlaps             = 0

Phase 14 Router Initialization | Checksum: 2c711e31b

Time (s): cpu = 00:02:07 ; elapsed = 00:01:05 . Memory (MB): peak = 3205.418 ; gain = 71.680 ; free physical = 12949 ; free virtual = 29511

Phase 15 Global Routing
Phase 15 Global Routing | Checksum: 2c711e31b

Time (s): cpu = 00:02:07 ; elapsed = 00:01:05 . Memory (MB): peak = 3205.418 ; gain = 71.680 ; free physical = 12949 ; free virtual = 29511

Phase 16 Initial Routing

Phase 16.1 Initial Net Routing Pass
Phase 16.1 Initial Net Routing Pass | Checksum: 2a2466919

Time (s): cpu = 00:02:07 ; elapsed = 00:01:05 . Memory (MB): peak = 3205.418 ; gain = 71.680 ; free physical = 12949 ; free virtual = 29511
Phase 16 Initial Routing | Checksum: 2a2466919

Time (s): cpu = 00:02:07 ; elapsed = 00:01:05 . Memory (MB): peak = 3205.418 ; gain = 71.680 ; free physical = 12949 ; free virtual = 29511
INFO: [Route 35-580] Design has 12 pins with tight setup and hold constraints.

The top 5 pins with tight setup and hold constraints:

+====================+====================+============================================+
| Launch Setup Clock | Launch Hold Clock  | Pin                                        |
+====================+====================+============================================+
| clk_out1_clk_wiz_0 | clk_out1_clk_wiz_0 | rv32im72f_8sp/program_counter/pc_reg[3]/D  |
| clk_out1_clk_wiz_0 | clk_out1_clk_wiz_0 | rv32im72f_8sp/program_counter/pc_reg[7]/D  |
| clk_out1_clk_wiz_0 | clk_out1_clk_wiz_0 | rv32im72f_8sp/program_counter/pc_reg[10]/D |
| clk_out1_clk_wiz_0 | clk_out1_clk_wiz_0 | rv32im72f_8sp/program_counter/pc_reg[11]/D |
| clk_out1_clk_wiz_0 | clk_out1_clk_wiz_0 | rv32im72f_8sp/program_counter/pc_reg[18]/D |
+--------------------+--------------------+--------------------------------------------+

File with complete list of pins: tight_setup_hold_pins.txt


Phase 17 Rip-up And Reroute

Phase 17.1 Global Iteration 0
 Number of Nodes with overlaps = 719
 Number of Nodes with overlaps = 441
 Number of Nodes with overlaps = 281
 Number of Nodes with overlaps = 191
 Number of Nodes with overlaps = 114
 Number of Nodes with overlaps = 64
 Number of Nodes with overlaps = 28
 Number of Nodes with overlaps = 9
 Number of Nodes with overlaps = 5
 Number of Nodes with overlaps = 3
 Number of Nodes with overlaps = 3
 Number of Nodes with overlaps = 1
 Number of Nodes with overlaps = 1
 Number of Nodes with overlaps = 0
INFO: [Route 35-416] Intermediate Timing Summary | WNS=-0.608 | TNS=-1.879 | WHS=N/A    | THS=N/A    |

Phase 17.1 Global Iteration 0 | Checksum: 27954964b

Time (s): cpu = 00:02:23 ; elapsed = 00:01:13 . Memory (MB): peak = 3205.418 ; gain = 71.680 ; free physical = 12942 ; free virtual = 29507

Phase 17.2 Global Iteration 1
 Number of Nodes with overlaps = 566
 Number of Nodes with overlaps = 384
 Number of Nodes with overlaps = 160
 Number of Nodes with overlaps = 83
 Number of Nodes with overlaps = 45
 Number of Nodes with overlaps = 31
 Number of Nodes with overlaps = 29
 Number of Nodes with overlaps = 18
 Number of Nodes with overlaps = 14
 Number of Nodes with overlaps = 7
 Number of Nodes with overlaps = 0
INFO: [Route 35-416] Intermediate Timing Summary | WNS=-0.546 | TNS=-3.466 | WHS=N/A    | THS=N/A    |

Phase 17.2 Global Iteration 1 | Checksum: 2044cf22f

Time (s): cpu = 00:02:33 ; elapsed = 00:01:18 . Memory (MB): peak = 3205.418 ; gain = 71.680 ; free physical = 12946 ; free virtual = 29508

Phase 17.3 Global Iteration 2
 Number of Nodes with overlaps = 367
 Number of Nodes with overlaps = 265
 Number of Nodes with overlaps = 138
 Number of Nodes with overlaps = 107
 Number of Nodes with overlaps = 65
 Number of Nodes with overlaps = 46
 Number of Nodes with overlaps = 28
 Number of Nodes with overlaps = 24
 Number of Nodes with overlaps = 7
 Number of Nodes with overlaps = 12
 Number of Nodes with overlaps = 2
 Number of Nodes with overlaps = 0
INFO: [Route 35-416] Intermediate Timing Summary | WNS=-0.229 | TNS=-3.061 | WHS=N/A    | THS=N/A    |

Phase 17.3 Global Iteration 2 | Checksum: 107aec526

Time (s): cpu = 00:02:43 ; elapsed = 00:01:24 . Memory (MB): peak = 3205.418 ; gain = 71.680 ; free physical = 12947 ; free virtual = 29509

Phase 17.4 Global Iteration 3
 Number of Nodes with overlaps = 547
 Number of Nodes with overlaps = 288
 Number of Nodes with overlaps = 140
 Number of Nodes with overlaps = 108
 Number of Nodes with overlaps = 96
 Number of Nodes with overlaps = 66
 Number of Nodes with overlaps = 49
 Number of Nodes with overlaps = 34
 Number of Nodes with overlaps = 29
 Number of Nodes with overlaps = 18
 Number of Nodes with overlaps = 11
 Number of Nodes with overlaps = 6
 Number of Nodes with overlaps = 4
 Number of Nodes with overlaps = 3
 Number of Nodes with overlaps = 0
INFO: [Route 35-416] Intermediate Timing Summary | WNS=-0.354 | TNS=-1.783 | WHS=N/A    | THS=N/A    |

Phase 17.4 Global Iteration 3 | Checksum: 2e6c6be10

Time (s): cpu = 00:03:02 ; elapsed = 00:01:37 . Memory (MB): peak = 3205.418 ; gain = 71.680 ; free physical = 12946 ; free virtual = 29508
Phase 17 Rip-up And Reroute | Checksum: 2e6c6be10

Time (s): cpu = 00:03:02 ; elapsed = 00:01:37 . Memory (MB): peak = 3205.418 ; gain = 71.680 ; free physical = 12946 ; free virtual = 29508

Phase 18 Delay and Skew Optimization

Phase 18.1 TNS Cleanup

Phase 18.1.1 Delay CleanUp

Phase 18.1.1.1 Update Timing
Phase 18.1.1.1 Update Timing | Checksum: 2a387f36e

Time (s): cpu = 00:03:03 ; elapsed = 00:01:37 . Memory (MB): peak = 3205.418 ; gain = 71.680 ; free physical = 12946 ; free virtual = 29508
INFO: [Route 35-416] Intermediate Timing Summary | WNS=-0.133 | TNS=-0.346 | WHS=N/A    | THS=N/A    |

 Number of Nodes with overlaps = 0

Phase 18.1.1.2 Update Timing
Phase 18.1.1.2 Update Timing | Checksum: 24591a430

Time (s): cpu = 00:03:03 ; elapsed = 00:01:37 . Memory (MB): peak = 3205.418 ; gain = 71.680 ; free physical = 12945 ; free virtual = 29508
INFO: [Route 35-416] Intermediate Timing Summary | WNS=-0.108 | TNS=-0.282 | WHS=N/A    | THS=N/A    |

 Number of Nodes with overlaps = 0

Phase 18.1.1.3 Update Timing
Phase 18.1.1.3 Update Timing | Checksum: 27455d146

Time (s): cpu = 00:03:04 ; elapsed = 00:01:37 . Memory (MB): peak = 3205.418 ; gain = 71.680 ; free physical = 12946 ; free virtual = 29508
INFO: [Route 35-416] Intermediate Timing Summary | WNS=-0.108 | TNS=-0.282 | WHS=N/A    | THS=N/A    |

Phase 18.1.1 Delay CleanUp | Checksum: 27e1e5745

Time (s): cpu = 00:03:04 ; elapsed = 00:01:37 . Memory (MB): peak = 3205.418 ; gain = 71.680 ; free physical = 12945 ; free virtual = 29510
Phase 18.1 TNS Cleanup | Checksum: 27e1e5745

Time (s): cpu = 00:03:04 ; elapsed = 00:01:37 . Memory (MB): peak = 3205.418 ; gain = 71.680 ; free physical = 12945 ; free virtual = 29510

Phase 18.2 Clock Skew Optimization
Phase 18.2 Clock Skew Optimization | Checksum: 27e1e5745

Time (s): cpu = 00:03:04 ; elapsed = 00:01:37 . Memory (MB): peak = 3205.418 ; gain = 71.680 ; free physical = 12945 ; free virtual = 29510
Phase 18 Delay and Skew Optimization | Checksum: 27e1e5745

Time (s): cpu = 00:03:04 ; elapsed = 00:01:37 . Memory (MB): peak = 3205.418 ; gain = 71.680 ; free physical = 12945 ; free virtual = 29510

Phase 19 Post Hold Fix

Phase 19.1 Hold Fix Iter
INFO: [Route 35-416] Intermediate Timing Summary | WNS=-0.108 | TNS=-0.282 | WHS=0.128  | THS=0.000  |

Phase 19.1 Hold Fix Iter | Checksum: 2e393d8c6

Time (s): cpu = 00:03:04 ; elapsed = 00:01:37 . Memory (MB): peak = 3205.418 ; gain = 71.680 ; free physical = 12945 ; free virtual = 29510
Phase 19 Post Hold Fix | Checksum: 2e393d8c6

Time (s): cpu = 00:03:04 ; elapsed = 00:01:37 . Memory (MB): peak = 3205.418 ; gain = 71.680 ; free physical = 12945 ; free virtual = 29510

Phase 20 Timing Verification

Phase 20.1 Update Timing
Phase 20.1 Update Timing | Checksum: 2e393d8c6

Time (s): cpu = 00:03:05 ; elapsed = 00:01:37 . Memory (MB): peak = 3205.418 ; gain = 71.680 ; free physical = 12945 ; free virtual = 29510
INFO: [Route 35-416] Intermediate Timing Summary | WNS=-0.108 | TNS=-0.282 | WHS=0.128  | THS=0.000  |

Phase 20 Timing Verification | Checksum: 2e393d8c6

Time (s): cpu = 00:03:05 ; elapsed = 00:01:37 . Memory (MB): peak = 3205.418 ; gain = 71.680 ; free physical = 12945 ; free virtual = 29510

Phase 21 Route finalize

Router Utilization Summary
  Global Vertical Routing Utilization    = 1.00854 %
  Global Horizontal Routing Utilization  = 1.19187 %
  Routable Net Status*
  *Does not include unroutable nets such as driverless and loadless.
  Run report_route_status for detailed report.
  Number of Failed Nets               = 0
    (Failed Nets is the sum of unrouted and partially routed nets)
  Number of Unrouted Nets             = 0
  Number of Partially Routed Nets     = 0
  Number of Node Overlaps             = 0


--GLOBAL Congestion:
Utilization threshold used for congestion level computation: 0.85
Congestion Report
North Dir 1x1 Area, Max Cong = 80.1802%, No Congested Regions.
South Dir 1x1 Area, Max Cong = 85.5856%, Congestion bounded by tiles (Lower Left Tile -> Upper Right Tile):
   INT_L_X12Y17 -> INT_L_X12Y17
East Dir 1x1 Area, Max Cong = 97.0588%, Congestion bounded by tiles (Lower Left Tile -> Upper Right Tile):
   INT_R_X19Y24 -> INT_R_X19Y24
   INT_R_X17Y22 -> INT_R_X17Y22
   INT_L_X14Y21 -> INT_L_X14Y21
   INT_L_X18Y21 -> INT_L_X18Y21
   INT_R_X17Y20 -> INT_R_X17Y20
West Dir 1x1 Area, Max Cong = 91.1765%, Congestion bounded by tiles (Lower Left Tile -> Upper Right Tile):
   INT_L_X24Y26 -> INT_L_X24Y26
   INT_L_X24Y22 -> INT_L_X24Y22
   INT_R_X15Y18 -> INT_R_X15Y18

------------------------------
Reporting congestion hotspots
------------------------------
Direction: North
----------------
Congested clusters found at Level 0
Effective congestion level: 0 Aspect Ratio: 1 Sparse Ratio: 0
Direction: South
----------------
Congested clusters found at Level 0
Effective congestion level: 0 Aspect Ratio: 1 Sparse Ratio: 1
Direction: East
----------------
Congested clusters found at Level 0
Effective congestion level: 1 Aspect Ratio: 0.666667 Sparse Ratio: 1
Direction: West
----------------
Congested clusters found at Level 0
Effective congestion level: 1 Aspect Ratio: 0.333333 Sparse Ratio: 0.75

Phase 21 Route finalize | Checksum: 2e393d8c6

Time (s): cpu = 00:03:05 ; elapsed = 00:01:37 . Memory (MB): peak = 3205.418 ; gain = 71.680 ; free physical = 12945 ; free virtual = 29510

Phase 22 Verifying routed nets

 Verification completed successfully
Phase 22 Verifying routed nets | Checksum: 2e393d8c6

Time (s): cpu = 00:03:05 ; elapsed = 00:01:38 . Memory (MB): peak = 3205.418 ; gain = 71.680 ; free physical = 12945 ; free virtual = 29510

Phase 23 Depositing Routes
Phase 23 Depositing Routes | Checksum: 26cce4103

Time (s): cpu = 00:03:05 ; elapsed = 00:01:38 . Memory (MB): peak = 3205.418 ; gain = 71.680 ; free physical = 12945 ; free virtual = 29510

Phase 24 Post Process Routing
Phase 24 Post Process Routing | Checksum: 26cce4103

Time (s): cpu = 00:03:05 ; elapsed = 00:01:38 . Memory (MB): peak = 3205.418 ; gain = 71.680 ; free physical = 12945 ; free virtual = 29510

Phase 25 Post Router Timing
INFO: [Route 35-20] Post Routing Timing Summary | WNS=-0.103 | TNS=-0.257 | WHS=0.132  | THS=0.000  |

Phase 25 Post Router Timing | Checksum: 1d5a4172a

Time (s): cpu = 00:03:10 ; elapsed = 00:01:38 . Memory (MB): peak = 3205.418 ; gain = 71.680 ; free physical = 12946 ; free virtual = 29510
WARNING: [Route 35-39] The design did not meet timing requirements. Please run report_timing_summary for detailed reports.
Resolution: Verify that the timing was met or had small violations at all previous steps (synthesis, placement, power_opt, and phys_opt). Run report_timing_summary and analyze individual timing paths.
INFO: [Route 35-253] TNS is the sum of the worst slack violation on every endpoint in the design. Review the paths with the biggest WNS violations in the timing reports and modify your constraints or your design to improve both WNS and TNS.
Total Elapsed time in route_design: 98.22 secs

Phase 26 Post-Route Event Processing
Phase 26 Post-Route Event Processing | Checksum: 140b343c1

Time (s): cpu = 00:03:10 ; elapsed = 00:01:38 . Memory (MB): peak = 3205.418 ; gain = 71.680 ; free physical = 12946 ; free virtual = 29510
INFO: [Route 35-16] Router Completed Successfully
Ending Routing Task | Checksum: 140b343c1

Time (s): cpu = 00:03:10 ; elapsed = 00:01:38 . Memory (MB): peak = 3205.418 ; gain = 71.680 ; free physical = 12946 ; free virtual = 29510

Routing Is Done.
INFO: [Common 17-83] Releasing license: Implementation
123 Infos, 1 Warnings, 0 Critical Warnings and 0 Errors encountered.
route_design completed successfully
route_design: Time (s): cpu = 00:03:10 ; elapsed = 00:01:38 . Memory (MB): peak = 3205.418 ; gain = 71.680 ; free physical = 12946 ; free virtual = 29510
INFO: [Vivado 12-24828] Executing command : report_drc -file RV32IM72F8SPSoCTOP_drc_routed.rpt -pb RV32IM72F8SPSoCTOP_drc_routed.pb -rpx RV32IM72F8SPSoCTOP_drc_routed.rpx
Command: report_drc -file RV32IM72F8SPSoCTOP_drc_routed.rpt -pb RV32IM72F8SPSoCTOP_drc_routed.pb -rpx RV32IM72F8SPSoCTOP_drc_routed.rpx
INFO: [IP_Flow 19-1839] IP Catalog is up to date.
INFO: [DRC 23-27] Running DRC with 16 threads
INFO: [Vivado_Tcl 2-168] The results of DRC are in file /home/khwl/Desktop/claude_RISCOF_RV-IM100/RV-IM100/RV32s/SoCs/RV32IM_8SP_withoutOpt_Coremark/RV32IM_8SP_withoutOpt.runs/impl_1/RV32IM72F8SPSoCTOP_drc_routed.rpt.
report_drc completed successfully
INFO: [Vivado 12-24828] Executing command : report_methodology -file RV32IM72F8SPSoCTOP_methodology_drc_routed.rpt -pb RV32IM72F8SPSoCTOP_methodology_drc_routed.pb -rpx RV32IM72F8SPSoCTOP_methodology_drc_routed.rpx
Command: report_methodology -file RV32IM72F8SPSoCTOP_methodology_drc_routed.rpt -pb RV32IM72F8SPSoCTOP_methodology_drc_routed.pb -rpx RV32IM72F8SPSoCTOP_methodology_drc_routed.rpx
INFO: [Timing 38-35] Done setting XDC timing constraints.
INFO: [DRC 23-133] Running Methodology with 16 threads
INFO: [Vivado_Tcl 2-1520] The results of Report Methodology are in file /home/khwl/Desktop/claude_RISCOF_RV-IM100/RV-IM100/RV32s/SoCs/RV32IM_8SP_withoutOpt_Coremark/RV32IM_8SP_withoutOpt.runs/impl_1/RV32IM72F8SPSoCTOP_methodology_drc_routed.rpt.
report_methodology completed successfully
INFO: [Vivado 12-24828] Executing command : report_timing_summary -max_paths 10 -routable_nets -report_unconstrained -file RV32IM72F8SPSoCTOP_timing_summary_routed.rpt -pb RV32IM72F8SPSoCTOP_timing_summary_routed.pb -rpx RV32IM72F8SPSoCTOP_timing_summary_routed.rpx
INFO: [Timing 38-35] Done setting XDC timing constraints.
INFO: [Timing 38-91] UpdateTimingParams: Speed grade: -1, Delay Type: min_max.
INFO: [Timing 38-191] Multithreading enabled for timing update using a maximum of 16 CPUs
INFO: [Vivado 12-24838] Running report commands "report_bus_skew, report_incremental_reuse, report_route_status" in parallel.
Running report generation with 3 threads.
INFO: [Vivado 12-24828] Executing command : report_incremental_reuse -file RV32IM72F8SPSoCTOP_incremental_reuse_routed.rpt
INFO: [Vivado_Tcl 4-1062] Incremental flow is disabled. No incremental reuse Info to report.
INFO: [Vivado 12-24828] Executing command : report_route_status -file RV32IM72F8SPSoCTOP_route_status.rpt -pb RV32IM72F8SPSoCTOP_route_status.pb
INFO: [Vivado 12-24828] Executing command : report_bus_skew -warn_on_violation -file RV32IM72F8SPSoCTOP_bus_skew_routed.rpt -pb RV32IM72F8SPSoCTOP_bus_skew_routed.pb -rpx RV32IM72F8SPSoCTOP_bus_skew_routed.rpx
INFO: [Timing 38-91] UpdateTimingParams: Speed grade: -1, Delay Type: min_max.
INFO: [Timing 38-191] Multithreading enabled for timing update using a maximum of 16 CPUs
INFO: [Vivado 12-24828] Executing command : report_power -file RV32IM72F8SPSoCTOP_power_routed.rpt -pb RV32IM72F8SPSoCTOP_power_summary_routed.pb -rpx RV32IM72F8SPSoCTOP_power_routed.rpx
Command: report_power -file RV32IM72F8SPSoCTOP_power_routed.rpt -pb RV32IM72F8SPSoCTOP_power_summary_routed.pb -rpx RV32IM72F8SPSoCTOP_power_routed.rpx
Running Vector-less Activity Propagation...

Finished Running Vector-less Activity Propagation
143 Infos, 1 Warnings, 0 Critical Warnings and 0 Errors encountered.
report_power completed successfully
INFO: [Vivado 12-24828] Executing command : report_clock_utilization -file RV32IM72F8SPSoCTOP_clock_utilization_routed.rpt
generate_parallel_reports: Time (s): cpu = 00:00:18 ; elapsed = 00:00:05 . Memory (MB): peak = 3395.711 ; gain = 190.293 ; free physical = 12924 ; free virtual = 29489
INFO: [Timing 38-480] Writing timing data to binary archive.
Wrote PlaceDB: Time (s): cpu = 00:00:00 ; elapsed = 00:00:00 . Memory (MB): peak = 3395.711 ; gain = 0.000 ; free physical = 12924 ; free virtual = 29489
Wrote PulsedLatchDB: Time (s): cpu = 00:00:00 ; elapsed = 00:00:00 . Memory (MB): peak = 3395.711 ; gain = 0.000 ; free physical = 12924 ; free virtual = 29489
Writing XDEF routing.
Write ShapeDB Complete: Time (s): cpu = 00:00:00.02 ; elapsed = 00:00:00.01 . Memory (MB): peak = 3395.711 ; gain = 0.000 ; free physical = 12924 ; free virtual = 29489
Writing XDEF routing logical nets.
Writing XDEF routing special nets.
Wrote RouteStorage: Time (s): cpu = 00:00:00.23 ; elapsed = 00:00:00.05 . Memory (MB): peak = 3395.711 ; gain = 0.000 ; free physical = 12923 ; free virtual = 29491
Wrote PlaceStorage: Time (s): cpu = 00:00:00.17 ; elapsed = 00:00:00.09 . Memory (MB): peak = 3395.711 ; gain = 0.000 ; free physical = 12920 ; free virtual = 29495
Wrote Netlist Cache: Time (s): cpu = 00:00:00 ; elapsed = 00:00:00 . Memory (MB): peak = 3395.711 ; gain = 0.000 ; free physical = 12921 ; free virtual = 29495
Wrote Device Cache: Time (s): cpu = 00:00:00 ; elapsed = 00:00:00 . Memory (MB): peak = 3395.711 ; gain = 0.000 ; free physical = 12919 ; free virtual = 29494
Write Physdb Complete: Time (s): cpu = 00:00:00.41 ; elapsed = 00:00:00.15 . Memory (MB): peak = 3395.711 ; gain = 0.000 ; free physical = 12919 ; free virtual = 29494
INFO: [Common 17-1381] The checkpoint '/home/khwl/Desktop/claude_RISCOF_RV-IM100/RV-IM100/RV32s/SoCs/RV32IM_8SP_withoutOpt_Coremark/RV32IM_8SP_withoutOpt.runs/impl_1/RV32IM72F8SPSoCTOP_routed.dcp' has been generated.
Command: phys_opt_design -directive Explore
Attempting to get a license for feature 'Implementation' and/or device 'xc7a200t'
INFO: [Common 17-349] Got license for feature 'Implementation' and/or device 'xc7a200t'
INFO: [Vivado_Tcl 4-241] Physical synthesis in post route mode 
INFO: [Vivado_Tcl 4-137] Directive used for phys_opt_design is: Explore
INFO: [Vivado_Tcl 4-1435] PhysOpt_Tcl_Interface Runtime Before Starting Physical Synthesis Task | CPU: 0.06s |  WALL: 0.05s
Netlist sorting complete. Time (s): cpu = 00:00:00 ; elapsed = 00:00:00 . Memory (MB): peak = 3395.711 ; gain = 0.000 ; free physical = 12928 ; free virtual = 29498

Starting Physical Synthesis Task

Phase 1 Physical Synthesis Initialization
INFO: [Physopt 32-721] Multithreading enabled for phys_opt_design using a maximum of 16 CPUs
INFO: [Physopt 32-668] Current Timing Summary | WNS=-0.103 | TNS=-0.257 | WHS=0.132 | THS=0.000 |
Phase 1 Physical Synthesis Initialization | Checksum: 240720b55

Time (s): cpu = 00:00:03 ; elapsed = 00:00:00.37 . Memory (MB): peak = 3395.711 ; gain = 0.000 ; free physical = 12927 ; free virtual = 29497

Phase 2 Critical Path Optimization
INFO: [Physopt 32-668] Current Timing Summary | WNS=-0.103 | TNS=-0.257 | WHS=0.132 | THS=0.000 |
INFO: [Physopt 32-953] Path group WNS did not improve. Path group: clk_out1_clk_wiz_0. Processed net: rv32im72f_8sp/instruction_memory/rom_read_data[24].
INFO: [Physopt 32-953] Path group WNS did not improve. Path group: clk_out1_clk_wiz_0. Processed net: clk_gen/inst/clk_out1_clk_wiz_0.
INFO: [Physopt 32-710] Processed net rv32im72f_8sp/io_id_register/E[0]. Critical path length was reduced through logic transformation on cell rv32im72f_8sp/io_id_register/instruction_reg_0_i_1_comp.
INFO: [Physopt 32-952] Improved path group WNS = -0.088. Path group: clk_out1_clk_wiz_0. Processed net: rv32im72f_8sp/control_unit/pc_stall.
INFO: [Physopt 32-953] Path group WNS did not improve. Path group: clk_out1_clk_wiz_0. Processed net: rv32im72f_8sp/ex_ex2_register/EX2_alu_zero.
INFO: [Physopt 32-953] Path group WNS did not improve. Path group: clk_out1_clk_wiz_0. Processed net: rv32im72f_8sp/exr_ex_register/EX2_alu_zero_i_4_n_0.
INFO: [Physopt 32-953] Path group WNS did not improve. Path group: clk_out1_clk_wiz_0. Processed net: rv32im72f_8sp/exr_ex_register/alu/alu_word_zero.
INFO: [Physopt 32-953] Path group WNS did not improve. Path group: clk_out1_clk_wiz_0. Processed net: rv32im72f_8sp/exr_ex_register/EX2_alu_zero_i_21_n_0.
INFO: [Physopt 32-953] Path group WNS did not improve. Path group: clk_out1_clk_wiz_0. Processed net: rv32im72f_8sp/exr_ex_register/alu/alu_word_result[18].
INFO: [Physopt 32-608] Optimized 1 net.  Swapped 22 pins.
INFO: [Physopt 32-952] Improved path group WNS = -0.057. Path group: clk_out1_clk_wiz_0. Processed net: rv32im72f_8sp/exr_ex_register/EX2_alu_result[18]_i_4_n_0.
INFO: [Physopt 32-953] Path group WNS did not improve. Path group: clk_out1_clk_wiz_0. Processed net: rv32im72f_8sp/exr_ex_register/EX_src_A_reg[31]_0[20].
INFO: [Physopt 32-953] Path group WNS did not improve. Path group: clk_out1_clk_wiz_0. Processed net: rv32im72f_8sp/id_exr_register/EX_src_A[31]_i_3_n_0.
INFO: [Physopt 32-953] Path group WNS did not improve. Path group: clk_out1_clk_wiz_0. Processed net: rv32im72f_8sp/io_id_register/div_by_zero_flag_reg.
INFO: [Physopt 32-953] Path group WNS did not improve. Path group: clk_out1_clk_wiz_0. Processed net: rv32im72f_8sp/io_id_register/pc_stall0_i_14_n_0.
INFO: [Physopt 32-952] Improved path group WNS = -0.023. Path group: clk_out1_clk_wiz_0. Processed net: rv32im72f_8sp/io_id_register/csr_read_address[10].
INFO: [Physopt 32-953] Path group WNS did not improve. Path group: clk_out1_clk_wiz_0. Processed net: rv32im72f_8sp/exr_ex_register/EX2_alu_result[18]_i_5_n_0.
INFO: [Physopt 32-608] Optimized 1 net.  Swapped 22 pins.
INFO: [Physopt 32-952] Improved path group WNS = -0.010. Path group: clk_out1_clk_wiz_0. Processed net: rv32im72f_8sp/exr_ex_register/EX2_alu_result[18]_i_9_n_0.
INFO: [Physopt 32-608] Optimized 1 net.  Swapped 20 pins.
INFO: [Physopt 32-952] Improved path group WNS = -0.004. Path group: clk_out1_clk_wiz_0. Processed net: rv32im72f_8sp/exr_ex_register/EX2_alu_result[18]_i_10_n_0.
INFO: [Physopt 32-608] Optimized 1 net.  Swapped 18 pins.
INFO: [Physopt 32-735] Processed net rv32im72f_8sp/io_id_register/csr_read_address[10]. Optimization improves timing on the net.
INFO: [Physopt 32-668] Current Timing Summary | WNS=0.023 | TNS=0.000 | WHS=0.132 | THS=0.000 |
INFO: [Physopt 32-668] Current Timing Summary | WNS=0.023 | TNS=0.000 | WHS=0.132 | THS=0.000 |
Netlist sorting complete. Time (s): cpu = 00:00:00 ; elapsed = 00:00:00 . Memory (MB): peak = 3395.711 ; gain = 0.000 ; free physical = 12920 ; free virtual = 29489
Phase 2 Critical Path Optimization | Checksum: 240720b55

Time (s): cpu = 00:00:54 ; elapsed = 00:00:30 . Memory (MB): peak = 3395.711 ; gain = 0.000 ; free physical = 12920 ; free virtual = 29489
Netlist sorting complete. Time (s): cpu = 00:00:00 ; elapsed = 00:00:00 . Memory (MB): peak = 3395.711 ; gain = 0.000 ; free physical = 12920 ; free virtual = 29489
INFO: [Physopt 32-669] Post Physical Optimization Timing Summary | WNS=0.023 | TNS=0.000 | WHS=0.132 | THS=0.000 |

Summary of Physical Synthesis Optimizations
============================================


-------------------------------------------------------------------------------------------------------------------------------------------------------------
|  Optimization   |  WNS Gain (ns)  |  TNS Gain (ns)  |  Added Cells  |  Removed Cells  |  Optimized Cells/Nets  |  Dont Touch  |  Iterations  |  Elapsed   |
-------------------------------------------------------------------------------------------------------------------------------------------------------------
|  Critical Path  |          0.126  |          0.257  |            0  |              0  |                     6  |           0  |           1  |  00:00:30  |
-------------------------------------------------------------------------------------------------------------------------------------------------------------


Netlist sorting complete. Time (s): cpu = 00:00:00 ; elapsed = 00:00:00 . Memory (MB): peak = 3395.711 ; gain = 0.000 ; free physical = 12920 ; free virtual = 29489
Ending Physical Synthesis Task | Checksum: 2fa49c845

Time (s): cpu = 00:00:54 ; elapsed = 00:00:30 . Memory (MB): peak = 3395.711 ; gain = 0.000 ; free physical = 12921 ; free virtual = 29489
INFO: [Common 17-83] Releasing license: Implementation
180 Infos, 1 Warnings, 0 Critical Warnings and 0 Errors encountered.
phys_opt_design completed successfully
phys_opt_design: Time (s): cpu = 00:00:54 ; elapsed = 00:00:30 . Memory (MB): peak = 3395.711 ; gain = 0.000 ; free physical = 12920 ; free virtual = 29489
INFO: [Vivado 12-24828] Executing command : report_timing_summary -max_paths 10 -report_unconstrained -warn_on_violation -file RV32IM72F8SPSoCTOP_timing_summary_postroute_physopted.rpt -pb RV32IM72F8SPSoCTOP_timing_summary_postroute_physopted.pb -rpx RV32IM72F8SPSoCTOP_timing_summary_postroute_physopted.rpx
INFO: [Timing 38-91] UpdateTimingParams: Speed grade: -1, Delay Type: min_max.
INFO: [Timing 38-191] Multithreading enabled for timing update using a maximum of 16 CPUs
INFO: [Vivado 12-24828] Executing command : report_bus_skew -warn_on_violation -file RV32IM72F8SPSoCTOP_bus_skew_postroute_physopted.rpt -pb RV32IM72F8SPSoCTOP_bus_skew_postroute_physopted.pb -rpx RV32IM72F8SPSoCTOP_bus_skew_postroute_physopted.rpx
INFO: [Timing 38-91] UpdateTimingParams: Speed grade: -1, Delay Type: min_max.
INFO: [Timing 38-191] Multithreading enabled for timing update using a maximum of 16 CPUs
INFO: [Timing 38-480] Writing timing data to binary archive.
Wrote PlaceDB: Time (s): cpu = 00:00:00 ; elapsed = 00:00:00 . Memory (MB): peak = 3395.711 ; gain = 0.000 ; free physical = 12917 ; free virtual = 29488
Wrote PulsedLatchDB: Time (s): cpu = 00:00:00 ; elapsed = 00:00:00 . Memory (MB): peak = 3395.711 ; gain = 0.000 ; free physical = 12917 ; free virtual = 29488
Writing XDEF routing.
Write ShapeDB Complete: Time (s): cpu = 00:00:00.02 ; elapsed = 00:00:00.01 . Memory (MB): peak = 3395.711 ; gain = 0.000 ; free physical = 12917 ; free virtual = 29488
Writing XDEF routing logical nets.
Writing XDEF routing special nets.
Wrote RouteStorage: Time (s): cpu = 00:00:00.22 ; elapsed = 00:00:00.05 . Memory (MB): peak = 3395.711 ; gain = 0.000 ; free physical = 12916 ; free virtual = 29489
Wrote PlaceStorage: Time (s): cpu = 00:00:00.17 ; elapsed = 00:00:00.09 . Memory (MB): peak = 3395.711 ; gain = 0.000 ; free physical = 12914 ; free virtual = 29490
Wrote Netlist Cache: Time (s): cpu = 00:00:00 ; elapsed = 00:00:00 . Memory (MB): peak = 3395.711 ; gain = 0.000 ; free physical = 12911 ; free virtual = 29489
Wrote Device Cache: Time (s): cpu = 00:00:00 ; elapsed = 00:00:00 . Memory (MB): peak = 3395.711 ; gain = 0.000 ; free physical = 12911 ; free virtual = 29489
Write Physdb Complete: Time (s): cpu = 00:00:00.39 ; elapsed = 00:00:00.14 . Memory (MB): peak = 3395.711 ; gain = 0.000 ; free physical = 12911 ; free virtual = 29489
INFO: [Common 17-1381] The checkpoint '/home/khwl/Desktop/claude_RISCOF_RV-IM100/RV-IM100/RV32s/SoCs/RV32IM_8SP_withoutOpt_Coremark/RV32IM_8SP_withoutOpt.runs/impl_1/RV32IM72F8SPSoCTOP_postroute_physopt.dcp' has been generated.
INFO: [Common 17-206] Exiting Vivado at Tue Sep 15 18:32:17 2026...
