Copyright 1986-2022 Xilinx, Inc. All Rights Reserved. Copyright 2022-2025 Advanced Micro Devices, Inc. All Rights Reserved.
-------------------------------------------------------------------------------------------------------------------------------------------------------
| Tool Version : Vivado v.2025.2 (lin64) Build 6299465 Fri Nov 14 12:34:56 MST 2025
| Date         : Tue Sep 15 18:53:58 2026
| Host         : khwl-ThinkPad-X1-Carbon-Gen-13 running 64-bit Ubuntu 24.04.4 LTS
| Command      : report_timing_summary -file /home/khwl/Desktop/RV-IM100/riscof-env/logs/final_impl/RV32IM_7SP_BRAM_dhrystone/timing.rpt
| Design       : RV64IM72F5SPSoCTOP
| Device       : 7a200t-sbg484
| Speed File   : -1  PRODUCTION 1.23 2018-06-13
| Design State : Physopt postRoute
-------------------------------------------------------------------------------------------------------------------------------------------------------

Timing Summary Report

------------------------------------------------------------------------------------------------
| Timer Settings
| --------------
------------------------------------------------------------------------------------------------

  Enable Multi Corner Analysis               :  Yes
  Enable Pessimism Removal                   :  Yes
  Pessimism Removal Resolution               :  Nearest Common Node
  Enable Input Delay Default Clock           :  No
  Enable Preset / Clear Arcs                 :  No
  Disable Flight Delays                      :  No
  Ignore I/O Paths                           :  No
  Timing Early Launch at Borrowing Latches   :  No
  Borrow Time for Max Delay Exceptions       :  Yes
  Merge Timing Exceptions                    :  Yes
  Inter-SLR Compensation                     :  Conservative

  Corner  Analyze    Analyze    
  Name    Max Paths  Min Paths  
  ------  ---------  ---------  
  Slow    Yes        Yes        
  Fast    Yes        Yes        


------------------------------------------------------------------------------------------------
| Report Methodology
| ------------------
------------------------------------------------------------------------------------------------

Rule      Severity  Description                                 Violations  
--------  --------  ------------------------------------------  ----------  
DPIR-1    Warning   Asynchronous driver check                   111         
SYNTH-6   Warning   Timing of a RAM block might be sub-optimal  10          
SYNTH-10  Warning   Wide multiplier                             4           

Note: This report is based on the most recent report_methodology run and may not be up-to-date. Run report_methodology on the current design for the latest report.



check_timing report

Table of Contents
-----------------
1. checking no_clock (0)
2. checking constant_clock (0)
3. checking pulse_width_clock (0)
4. checking unconstrained_internal_endpoints (0)
5. checking no_input_delay (2)
6. checking no_output_delay (9)
7. checking multiple_clock (0)
8. checking generated_clocks (0)
9. checking loops (0)
10. checking partial_input_delay (0)
11. checking partial_output_delay (0)
12. checking latch_loops (0)

1. checking no_clock (0)
------------------------
 There are 0 register/latch pins with no clock.


2. checking constant_clock (0)
------------------------------
 There are 0 register/latch pins with constant_clock.


3. checking pulse_width_clock (0)
---------------------------------
 There are 0 register/latch pins which need pulse_width check


4. checking unconstrained_internal_endpoints (0)
------------------------------------------------
 There are 0 pins that are not constrained for maximum delay.

 There are 0 pins that are not constrained for maximum delay due to constant clock.


5. checking no_input_delay (2)
------------------------------
 There are 0 input ports with no input delay specified.

 There are 2 input ports with no input delay but user has a false path constraint. (MEDIUM)


6. checking no_output_delay (9)
-------------------------------
 There are 0 ports with no output delay specified.

 There are 9 ports with no output delay but user has a false path constraint (MEDIUM)

 There are 0 ports with no output delay but with a timing clock defined on it or propagating through it


7. checking multiple_clock (0)
------------------------------
 There are 0 register/latch pins with multiple clocks.


8. checking generated_clocks (0)
--------------------------------
 There are 0 generated clocks that are not connected to a clock source.


9. checking loops (0)
---------------------
 There are 0 combinational loops in the design.


10. checking partial_input_delay (0)
------------------------------------
 There are 0 input ports with partial input delay specified.


11. checking partial_output_delay (0)
-------------------------------------
 There are 0 ports with partial output delay specified.


12. checking latch_loops (0)
----------------------------
 There are 0 combinational latch loops in the design through latch input



------------------------------------------------------------------------------------------------
| Design Timing Summary
| ---------------------
------------------------------------------------------------------------------------------------

    WNS(ns)      TNS(ns)  TNS Failing Endpoints  TNS Total Endpoints      WHS(ns)      THS(ns)  THS Failing Endpoints  THS Total Endpoints     WPWS(ns)     TPWS(ns)  TPWS Failing Endpoints  TPWS Total Endpoints  
    -------      -------  ---------------------  -------------------      -------      -------  ---------------------  -------------------     --------     --------  ----------------------  --------------------  
      0.091        0.000                      0                 7622        0.079        0.000                      0                 7622        2.633        0.000                       0                  2338  


All user specified timing constraints are met.


------------------------------------------------------------------------------------------------
| Clock Summary
| -------------
------------------------------------------------------------------------------------------------

Clock                 Waveform(ns)       Period(ns)      Frequency(MHz)
-----                 ------------       ----------      --------------
clk                   {0.000 5.000}      10.000          100.000         
  clk_out1_clk_wiz_0  {0.000 6.944}      13.889          72.000          
  clkfbout_clk_wiz_0  {0.000 25.000}     50.000          20.000          


------------------------------------------------------------------------------------------------
| Intra Clock Table
| -----------------
------------------------------------------------------------------------------------------------

Clock                     WNS(ns)      TNS(ns)  TNS Failing Endpoints  TNS Total Endpoints      WHS(ns)      THS(ns)  THS Failing Endpoints  THS Total Endpoints     WPWS(ns)     TPWS(ns)  TPWS Failing Endpoints  TPWS Total Endpoints  
-----                     -------      -------  ---------------------  -------------------      -------      -------  ---------------------  -------------------     --------     --------  ----------------------  --------------------  
clk                                                                                                                                                                     3.000        0.000                       0                     1  
  clk_out1_clk_wiz_0        0.091        0.000                      0                 6636        0.079        0.000                      0                 6636        5.694        0.000                       0                  2334  
  clkfbout_clk_wiz_0                                                                                                                                                    2.633        0.000                       0                     3  


------------------------------------------------------------------------------------------------
| Inter Clock Table
| -----------------
------------------------------------------------------------------------------------------------

From Clock    To Clock          WNS(ns)      TNS(ns)  TNS Failing Endpoints  TNS Total Endpoints      WHS(ns)      THS(ns)  THS Failing Endpoints  THS Total Endpoints  
----------    --------          -------      -------  ---------------------  -------------------      -------      -------  ---------------------  -------------------  


------------------------------------------------------------------------------------------------
| Other Path Groups Table
| -----------------------
------------------------------------------------------------------------------------------------

Path Group          From Clock          To Clock                WNS(ns)      TNS(ns)  TNS Failing Endpoints  TNS Total Endpoints      WHS(ns)      THS(ns)  THS Failing Endpoints  THS Total Endpoints  
----------          ----------          --------                -------      -------  ---------------------  -------------------      -------      -------  ---------------------  -------------------  
**async_default**   clk_out1_clk_wiz_0  clk_out1_clk_wiz_0        5.930        0.000                      0                  986        0.400        0.000                      0                  986  


------------------------------------------------------------------------------------------------
| Timing Details
| --------------
------------------------------------------------------------------------------------------------


---------------------------------------------------------------------------------------------------
From Clock:  clk
  To Clock:  clk

Setup :           NA  Failing Endpoints,  Worst Slack           NA  ,  Total Violation           NA
Hold  :           NA  Failing Endpoints,  Worst Slack           NA  ,  Total Violation           NA
PW    :            0  Failing Endpoints,  Worst Slack        3.000ns,  Total Violation        0.000ns
---------------------------------------------------------------------------------------------------


Pulse Width Checks
--------------------------------------------------------------------------------------
Clock Name:         clk
Waveform(ns):       { 0.000 5.000 }
Period(ns):         10.000
Sources:            { clk }

Check Type        Corner  Lib Pin           Reference Pin  Required(ns)  Actual(ns)  Slack(ns)  Location        Pin
Min Period        n/a     PLLE2_ADV/CLKIN1  n/a            1.249         10.000      8.751      PLLE2_ADV_X1Y2  clk_gen/inst/plle2_adv_inst/CLKIN1
Max Period        n/a     PLLE2_ADV/CLKIN1  n/a            52.633        10.000      42.633     PLLE2_ADV_X1Y2  clk_gen/inst/plle2_adv_inst/CLKIN1
Low Pulse Width   Slow    PLLE2_ADV/CLKIN1  n/a            2.000         5.000       3.000      PLLE2_ADV_X1Y2  clk_gen/inst/plle2_adv_inst/CLKIN1
High Pulse Width  Slow    PLLE2_ADV/CLKIN1  n/a            2.000         5.000       3.000      PLLE2_ADV_X1Y2  clk_gen/inst/plle2_adv_inst/CLKIN1



---------------------------------------------------------------------------------------------------
From Clock:  clk_out1_clk_wiz_0
  To Clock:  clk_out1_clk_wiz_0

Setup :            0  Failing Endpoints,  Worst Slack        0.091ns,  Total Violation        0.000ns
Hold  :            0  Failing Endpoints,  Worst Slack        0.079ns,  Total Violation        0.000ns
PW    :            0  Failing Endpoints,  Worst Slack        5.694ns,  Total Violation        0.000ns
---------------------------------------------------------------------------------------------------


Max Delay Paths
--------------------------------------------------------------------------------------
Slack (MET) :             0.091ns  (required time - arrival time)
  Source:                 rv32im72f_7sp/instruction_memory/instruction_reg_1/CLKBWRCLK
                            (rising edge-triggered cell RAMB36E1 clocked by clk_out1_clk_wiz_0  {rise@0.000ns fall@6.944ns period=13.889ns})
  Destination:            rv32im72f_7sp/exception_detector/trap_status_reg[2]/D
                            (rising edge-triggered cell FDCE clocked by clk_out1_clk_wiz_0  {rise@0.000ns fall@6.944ns period=13.889ns})
  Path Group:             clk_out1_clk_wiz_0
  Path Type:              Setup (Max at Slow Process Corner)
  Requirement:            13.889ns  (clk_out1_clk_wiz_0 rise@13.889ns - clk_out1_clk_wiz_0 rise@0.000ns)
  Data Path Delay:        13.620ns  (logic 4.702ns (34.523%)  route 8.918ns (65.477%))
  Logic Levels:           16  (CARRY4=2 LUT3=1 LUT4=2 LUT5=1 LUT6=10)
  Clock Path Skew:        -0.087ns (DCD - SCD + CPR)
    Destination Clock Delay (DCD):    -1.833ns = ( 12.056 - 13.889 ) 
    Source Clock Delay      (SCD):    -2.164ns
    Clock Pessimism Removal (CPR):    -0.418ns
  Clock Uncertainty:      0.122ns  ((TSJ^2 + DJ^2)^1/2) / 2 + PE
    Total System Jitter     (TSJ):    0.071ns
    Discrete Jitter          (DJ):    0.234ns
    Phase Error              (PE):    0.000ns

    Location             Delay type                Incr(ns)  Path(ns)    Netlist Resource(s)
  -------------------------------------------------------------------    -------------------
                         (clock clk_out1_clk_wiz_0 rise edge)
                                                      0.000     0.000 r  
    R4                                                0.000     0.000 r  clk (IN)
                         net (fo=0)                   0.000     0.000    clk_gen/inst/clk_in1
    R4                   IBUF (Prop_ibuf_I_O)         1.475     1.475 r  clk_gen/inst/clkin1_ibufg/O
                         net (fo=1, routed)           1.253     2.728    clk_gen/inst/clk_in1_clk_wiz_0
    PLLE2_ADV_X1Y2       PLLE2_ADV (Prop_plle2_adv_CLKIN1_CLKOUT0)
                                                     -8.953    -6.225 r  clk_gen/inst/plle2_adv_inst/CLKOUT0
                         net (fo=1, routed)           1.802    -4.422    clk_gen/inst/clk_out1_clk_wiz_0
    BUFGCTRL_X0Y0        BUFG (Prop_bufg_I_O)         0.096    -4.326 r  clk_gen/inst/clkout1_buf/O
                         net (fo=2332, routed)        2.162    -2.164    rv32im72f_7sp/instruction_memory/clk_out1
    RAMB36_X1Y3          RAMB36E1                                     r  rv32im72f_7sp/instruction_memory/instruction_reg_1/CLKBWRCLK
  -------------------------------------------------------------------    -------------------
    RAMB36_X1Y3          RAMB36E1 (Prop_ramb36e1_CLKBWRCLK_DOBDO[7])
                                                      2.454     0.290 r  rv32im72f_7sp/instruction_memory/instruction_reg_1/DOBDO[7]
                         net (fo=2, routed)           1.009     1.298    rv32im72f_7sp/data_memory/D[23]
    SLICE_X11Y18         LUT6 (Prop_lut6_I4_O)        0.124     1.422 r  rv32im72f_7sp/data_memory/WB_byte_enable_logic_register_file_write_data[31]_i_10/O
                         net (fo=3, routed)           0.714     2.136    rv32im72f_7sp/data_memory/memory_bank3_reg_1_0[16]
    SLICE_X11Y10         LUT4 (Prop_lut4_I0_O)        0.124     2.260 r  rv32im72f_7sp/data_memory/WB_byte_enable_logic_register_file_write_data[14]_i_2/O
                         net (fo=10, routed)          0.545     2.805    rv32im72f_7sp/ex_mem_register/WB_byte_enable_logic_register_file_write_data_reg[8]
    SLICE_X12Y12         LUT6 (Prop_lut6_I1_O)        0.124     2.929 r  rv32im72f_7sp/ex_mem_register/WB_byte_enable_logic_register_file_write_data[30]_i_3/O
                         net (fo=28, routed)          0.813     3.742    rv32im72f_7sp/ex_mem_register/WB_byte_enable_logic_register_file_write_data[30]_i_3_n_0
    SLICE_X14Y16         LUT6 (Prop_lut6_I1_O)        0.124     3.866 r  rv32im72f_7sp/ex_mem_register/dividend_reg[21]_i_4/O
                         net (fo=3, routed)           0.569     4.435    rv32im72f_7sp/id_ex_register/EX2_read_data2_reg[21]_0
    SLICE_X15Y20         LUT6 (Prop_lut6_I3_O)        0.124     4.559 r  rv32im72f_7sp/id_ex_register/divisor_latch[21]_i_4/O
                         net (fo=1, routed)           0.545     5.104    rv32im72f_7sp/id_ex_register/divisor_latch[21]_i_4_n_0
    SLICE_X13Y19         LUT3 (Prop_lut3_I2_O)        0.124     5.228 r  rv32im72f_7sp/id_ex_register/divisor_latch[21]_i_2/O
                         net (fo=1, routed)           0.445     5.673    rv32im72f_7sp/id_ex_register/alu_forward_source_data_b[21]
    SLICE_X16Y20         LUT6 (Prop_lut6_I0_O)        0.124     5.797 r  rv32im72f_7sp/id_ex_register/divisor_latch[21]_i_1/O
                         net (fo=14, routed)          1.041     6.838    rv32im72f_7sp/id_ex_register/src_B[21]
    SLICE_X19Y16         LUT4 (Prop_lut4_I1_O)        0.124     6.962 r  rv32im72f_7sp/id_ex_register/i__carry__1_i_6/O
                         net (fo=1, routed)           0.000     6.962    rv32im72f_7sp/alu/alu_word/alu_result2_inferred__0/i__carry__2_1[2]
    SLICE_X19Y16         CARRY4 (Prop_carry4_S[2]_CO[3])
                                                      0.398     7.360 r  rv32im72f_7sp/alu/alu_word/alu_result2_inferred__0/i__carry__1/CO[3]
                         net (fo=1, routed)           0.000     7.360    rv32im72f_7sp/alu/alu_word/alu_result2_inferred__0/i__carry__1_n_0
    SLICE_X19Y17         CARRY4 (Prop_carry4_CI_CO[3])
                                                      0.114     7.474 r  rv32im72f_7sp/alu/alu_word/alu_result2_inferred__0/i__carry__2/CO[3]
                         net (fo=1, routed)           0.991     8.465    rv32im72f_7sp/id_ex_register/EX2_alu_result[0]_i_5_0[0]
    SLICE_X25Y17         LUT6 (Prop_lut6_I0_O)        0.124     8.589 r  rv32im72f_7sp/id_ex_register/EX2_alu_result[0]_i_10/O
                         net (fo=1, routed)           0.343     8.931    rv32im72f_7sp/id_ex_register/EX2_alu_result[0]_i_10_n_0
    SLICE_X25Y16         LUT6 (Prop_lut6_I0_O)        0.124     9.055 r  rv32im72f_7sp/id_ex_register/EX2_alu_result[0]_i_5/O
                         net (fo=4, routed)           0.447     9.502    rv32im72f_7sp/id_ex_register/EX2_alu_result[0]_i_5_n_0
    SLICE_X28Y16         LUT6 (Prop_lut6_I3_O)        0.124     9.626 r  rv32im72f_7sp/id_ex_register/EX2_alu_result[0]_i_1/O
                         net (fo=7, routed)           0.603    10.229    rv32im72f_7sp/id_ex_register/prod_high_reg[31][0]
    SLICE_X29Y17         LUT5 (Prop_lut5_I3_O)        0.124    10.353 r  rv32im72f_7sp/id_ex_register/trap_status[2]_i_9/O
                         net (fo=2, routed)           0.445    10.797    rv32im72f_7sp/id_ex_register/trap_status[2]_i_9_n_0
    SLICE_X29Y17         LUT6 (Prop_lut6_I0_O)        0.124    10.921 r  rv32im72f_7sp/id_ex_register/trap_status[2]_i_3/O
                         net (fo=1, routed)           0.410    11.332    rv32im72f_7sp/id_ex_register/trap_status[2]_i_3_n_0
    SLICE_X31Y16         LUT6 (Prop_lut6_I3_O)        0.124    11.456 r  rv32im72f_7sp/id_ex_register/trap_status[2]_i_1/O
                         net (fo=1, routed)           0.000    11.456    rv32im72f_7sp/exception_detector/trap_status_reg[2]_3[2]
    SLICE_X31Y16         FDCE                                         r  rv32im72f_7sp/exception_detector/trap_status_reg[2]/D
  -------------------------------------------------------------------    -------------------

                         (clock clk_out1_clk_wiz_0 rise edge)
                                                     13.889    13.889 r  
    R4                                                0.000    13.889 r  clk (IN)
                         net (fo=0)                   0.000    13.889    clk_gen/inst/clk_in1
    R4                   IBUF (Prop_ibuf_I_O)         1.405    15.293 r  clk_gen/inst/clkin1_ibufg/O
                         net (fo=1, routed)           1.181    16.474    clk_gen/inst/clk_in1_clk_wiz_0
    PLLE2_ADV_X1Y2       PLLE2_ADV (Prop_plle2_adv_CLKIN1_CLKOUT0)
                                                     -8.206     8.269 r  clk_gen/inst/plle2_adv_inst/CLKOUT0
                         net (fo=1, routed)           1.718     9.987    clk_gen/inst/clk_out1_clk_wiz_0
    BUFGCTRL_X0Y0        BUFG (Prop_bufg_I_O)         0.091    10.078 r  clk_gen/inst/clkout1_buf/O
                         net (fo=2332, routed)        1.978    12.056    rv32im72f_7sp/exception_detector/clk_out1
    SLICE_X31Y16         FDCE                                         r  rv32im72f_7sp/exception_detector/trap_status_reg[2]/C
                         clock pessimism             -0.418    11.637    
                         clock uncertainty           -0.122    11.515    
    SLICE_X31Y16         FDCE (Setup_fdce_C_D)        0.032    11.547    rv32im72f_7sp/exception_detector/trap_status_reg[2]
  -------------------------------------------------------------------
                         required time                         11.547    
                         arrival time                         -11.456    
  -------------------------------------------------------------------
                         slack                                  0.091    





Min Delay Paths
--------------------------------------------------------------------------------------
Slack (MET) :             0.079ns  (arrival time - required time)
  Source:                 rv32im72f_7sp/alu/multiplier_word/prod_unsigned_s2_reg[13]__1/C
                            (rising edge-triggered cell FDCE clocked by clk_out1_clk_wiz_0  {rise@0.000ns fall@6.944ns period=13.889ns})
  Destination:            rv32im72f_7sp/alu/multiplier_word/prod_low_reg[13]/D
                            (rising edge-triggered cell FDCE clocked by clk_out1_clk_wiz_0  {rise@0.000ns fall@6.944ns period=13.889ns})
  Path Group:             clk_out1_clk_wiz_0
  Path Type:              Hold (Min at Fast Process Corner)
  Requirement:            0.000ns  (clk_out1_clk_wiz_0 rise@0.000ns - clk_out1_clk_wiz_0 rise@0.000ns)
  Data Path Delay:        0.543ns  (logic 0.186ns (34.270%)  route 0.357ns (65.730%))
  Logic Levels:           1  (LUT3=1)
  Clock Path Skew:        0.343ns (DCD - SCD - CPR)
    Destination Clock Delay (DCD):    -0.249ns
    Source Clock Delay      (SCD):    -0.555ns
    Clock Pessimism Removal (CPR):    -0.037ns

    Location             Delay type                Incr(ns)  Path(ns)    Netlist Resource(s)
  -------------------------------------------------------------------    -------------------
                         (clock clk_out1_clk_wiz_0 rise edge)
                                                      0.000     0.000 r  
    R4                                                0.000     0.000 r  clk (IN)
                         net (fo=0)                   0.000     0.000    clk_gen/inst/clk_in1
    R4                   IBUF (Prop_ibuf_I_O)         0.243     0.243 r  clk_gen/inst/clkin1_ibufg/O
                         net (fo=1, routed)           0.440     0.683    clk_gen/inst/clk_in1_clk_wiz_0
    PLLE2_ADV_X1Y2       PLLE2_ADV (Prop_plle2_adv_CLKIN1_CLKOUT0)
                                                     -2.503    -1.819 r  clk_gen/inst/plle2_adv_inst/CLKOUT0
                         net (fo=1, routed)           0.546    -1.273    clk_gen/inst/clk_out1_clk_wiz_0
    BUFGCTRL_X0Y0        BUFG (Prop_bufg_I_O)         0.026    -1.247 r  clk_gen/inst/clkout1_buf/O
                         net (fo=2332, routed)        0.692    -0.555    rv32im72f_7sp/alu/multiplier_word/clk_out1
    SLICE_X21Y51         FDCE                                         r  rv32im72f_7sp/alu/multiplier_word/prod_unsigned_s2_reg[13]__1/C
  -------------------------------------------------------------------    -------------------
    SLICE_X21Y51         FDCE (Prop_fdce_C_Q)         0.141    -0.414 r  rv32im72f_7sp/alu/multiplier_word/prod_unsigned_s2_reg[13]__1/Q
                         net (fo=2, routed)           0.357    -0.057    rv32im72f_7sp/alu/multiplier_word/prod_unsigned_s2_reg[13]__1_n_0
    SLICE_X22Y49         LUT3 (Prop_lut3_I2_O)        0.045    -0.012 r  rv32im72f_7sp/alu/multiplier_word/prod_low[13]_i_1/O
                         net (fo=1, routed)           0.000    -0.012    rv32im72f_7sp/alu/multiplier_word/prod_low[13]_i_1_n_0
    SLICE_X22Y49         FDCE                                         r  rv32im72f_7sp/alu/multiplier_word/prod_low_reg[13]/D
  -------------------------------------------------------------------    -------------------

                         (clock clk_out1_clk_wiz_0 rise edge)
                                                      0.000     0.000 r  
    R4                                                0.000     0.000 r  clk (IN)
                         net (fo=0)                   0.000     0.000    clk_gen/inst/clk_in1
    R4                   IBUF (Prop_ibuf_I_O)         0.431     0.431 r  clk_gen/inst/clkin1_ibufg/O
                         net (fo=1, routed)           0.481     0.912    clk_gen/inst/clk_in1_clk_wiz_0
    PLLE2_ADV_X1Y2       PLLE2_ADV (Prop_plle2_adv_CLKIN1_CLKOUT0)
                                                     -2.828    -1.916 r  clk_gen/inst/plle2_adv_inst/CLKOUT0
                         net (fo=1, routed)           0.595    -1.322    clk_gen/inst/clk_out1_clk_wiz_0
    BUFGCTRL_X0Y0        BUFG (Prop_bufg_I_O)         0.029    -1.293 r  clk_gen/inst/clkout1_buf/O
                         net (fo=2332, routed)        1.044    -0.249    rv32im72f_7sp/alu/multiplier_word/clk_out1
    SLICE_X22Y49         FDCE                                         r  rv32im72f_7sp/alu/multiplier_word/prod_low_reg[13]/C
                         clock pessimism              0.037    -0.212    
    SLICE_X22Y49         FDCE (Hold_fdce_C_D)         0.121    -0.091    rv32im72f_7sp/alu/multiplier_word/prod_low_reg[13]
  -------------------------------------------------------------------
                         required time                          0.091    
                         arrival time                          -0.012    
  -------------------------------------------------------------------
                         slack                                  0.079    





Pulse Width Checks
--------------------------------------------------------------------------------------
Clock Name:         clk_out1_clk_wiz_0
Waveform(ns):       { 0.000 6.944 }
Period(ns):         13.889
Sources:            { clk_gen/inst/plle2_adv_inst/CLKOUT0 }

Check Type        Corner  Lib Pin             Reference Pin  Required(ns)  Actual(ns)  Slack(ns)  Location        Pin
Min Period        n/a     RAMB36E1/CLKARDCLK  n/a            2.944         13.889      10.945     RAMB36_X1Y5     rv32im72f_7sp/data_memory/memory_bank0_reg_0/CLKARDCLK
Max Period        n/a     PLLE2_ADV/CLKOUT0   n/a            160.000       13.889      146.111    PLLE2_ADV_X1Y2  clk_gen/inst/plle2_adv_inst/CLKOUT0
Low Pulse Width   Slow    RAMD32/CLK          n/a            1.250         6.944       5.694      SLICE_X2Y23     rv32im72f_7sp/register_file/registers_reg_r1_0_31_0_5/RAMA/CLK
High Pulse Width  Slow    RAMD32/CLK          n/a            1.250         6.944       5.694      SLICE_X2Y23     rv32im72f_7sp/register_file/registers_reg_r1_0_31_0_5/RAMA/CLK



---------------------------------------------------------------------------------------------------
From Clock:  clkfbout_clk_wiz_0
  To Clock:  clkfbout_clk_wiz_0

Setup :           NA  Failing Endpoints,  Worst Slack           NA  ,  Total Violation           NA
Hold  :           NA  Failing Endpoints,  Worst Slack           NA  ,  Total Violation           NA
PW    :            0  Failing Endpoints,  Worst Slack        2.633ns,  Total Violation        0.000ns
---------------------------------------------------------------------------------------------------


Pulse Width Checks
--------------------------------------------------------------------------------------
Clock Name:         clkfbout_clk_wiz_0
Waveform(ns):       { 0.000 25.000 }
Period(ns):         50.000
Sources:            { clk_gen/inst/plle2_adv_inst/CLKFBOUT }

Check Type  Corner  Lib Pin            Reference Pin  Required(ns)  Actual(ns)  Slack(ns)  Location        Pin
Min Period  n/a     BUFG/I             n/a            2.155         50.000      47.845     BUFGCTRL_X0Y1   clk_gen/inst/clkf_buf/I
Max Period  n/a     PLLE2_ADV/CLKFBIN  n/a            52.633        50.000      2.633      PLLE2_ADV_X1Y2  clk_gen/inst/plle2_adv_inst/CLKFBIN



---------------------------------------------------------------------------------------------------
Path Group:  **async_default**
From Clock:  clk_out1_clk_wiz_0
  To Clock:  clk_out1_clk_wiz_0

Setup :            0  Failing Endpoints,  Worst Slack        5.930ns,  Total Violation        0.000ns
Hold  :            0  Failing Endpoints,  Worst Slack        0.400ns,  Total Violation        0.000ns
---------------------------------------------------------------------------------------------------


Max Delay Paths
--------------------------------------------------------------------------------------
Slack (MET) :             5.930ns  (required time - arrival time)
  Source:                 reset_sync_reg[2]/C
                            (rising edge-triggered cell FDPE clocked by clk_out1_clk_wiz_0  {rise@0.000ns fall@6.944ns period=13.889ns})
  Destination:            rv32im72f_7sp/rom_read_data_held_reg[8]/CLR
                            (recovery check against rising-edge clock clk_out1_clk_wiz_0  {rise@0.000ns fall@6.944ns period=13.889ns})
  Path Group:             **async_default**
  Path Type:              Recovery (Max at Slow Process Corner)
  Requirement:            13.889ns  (clk_out1_clk_wiz_0 rise@13.889ns - clk_out1_clk_wiz_0 rise@0.000ns)
  Data Path Delay:        7.579ns  (logic 0.518ns (6.834%)  route 7.061ns (93.166%))
  Logic Levels:           0  
  Clock Path Skew:        0.062ns (DCD - SCD + CPR)
    Destination Clock Delay (DCD):    -1.821ns = ( 12.068 - 13.889 ) 
    Source Clock Delay      (SCD):    -2.382ns
    Clock Pessimism Removal (CPR):    -0.499ns
  Clock Uncertainty:      0.122ns  ((TSJ^2 + DJ^2)^1/2) / 2 + PE
    Total System Jitter     (TSJ):    0.071ns
    Discrete Jitter          (DJ):    0.234ns
    Phase Error              (PE):    0.000ns

    Location             Delay type                Incr(ns)  Path(ns)    Netlist Resource(s)
  -------------------------------------------------------------------    -------------------
                         (clock clk_out1_clk_wiz_0 rise edge)
                                                      0.000     0.000 r  
    R4                                                0.000     0.000 r  clk (IN)
                         net (fo=0)                   0.000     0.000    clk_gen/inst/clk_in1
    R4                   IBUF (Prop_ibuf_I_O)         1.475     1.475 r  clk_gen/inst/clkin1_ibufg/O
                         net (fo=1, routed)           1.253     2.728    clk_gen/inst/clk_in1_clk_wiz_0
    PLLE2_ADV_X1Y2       PLLE2_ADV (Prop_plle2_adv_CLKIN1_CLKOUT0)
                                                     -8.953    -6.225 r  clk_gen/inst/plle2_adv_inst/CLKOUT0
                         net (fo=1, routed)           1.802    -4.422    clk_gen/inst/clk_out1_clk_wiz_0
    BUFGCTRL_X0Y0        BUFG (Prop_bufg_I_O)         0.096    -4.326 r  clk_gen/inst/clkout1_buf/O
                         net (fo=2332, routed)        1.944    -2.382    clk_cpu
    SLICE_X20Y53         FDPE                                         r  reset_sync_reg[2]/C
  -------------------------------------------------------------------    -------------------
    SLICE_X20Y53         FDPE (Prop_fdpe_C_Q)         0.518    -1.864 f  reset_sync_reg[2]/Q
                         net (fo=992, routed)         7.061     5.198    rv32im72f_7sp/Q[0]
    SLICE_X10Y14         FDCE                                         f  rv32im72f_7sp/rom_read_data_held_reg[8]/CLR
  -------------------------------------------------------------------    -------------------

                         (clock clk_out1_clk_wiz_0 rise edge)
                                                     13.889    13.889 r  
    R4                                                0.000    13.889 r  clk (IN)
                         net (fo=0)                   0.000    13.889    clk_gen/inst/clk_in1
    R4                   IBUF (Prop_ibuf_I_O)         1.405    15.293 r  clk_gen/inst/clkin1_ibufg/O
                         net (fo=1, routed)           1.181    16.474    clk_gen/inst/clk_in1_clk_wiz_0
    PLLE2_ADV_X1Y2       PLLE2_ADV (Prop_plle2_adv_CLKIN1_CLKOUT0)
                                                     -8.206     8.269 r  clk_gen/inst/plle2_adv_inst/CLKOUT0
                         net (fo=1, routed)           1.718     9.987    clk_gen/inst/clk_out1_clk_wiz_0
    BUFGCTRL_X0Y0        BUFG (Prop_bufg_I_O)         0.091    10.078 r  clk_gen/inst/clkout1_buf/O
                         net (fo=2332, routed)        1.990    12.068    rv32im72f_7sp/clk_out1
    SLICE_X10Y14         FDCE                                         r  rv32im72f_7sp/rom_read_data_held_reg[8]/C
                         clock pessimism             -0.499    11.569    
                         clock uncertainty           -0.122    11.447    
    SLICE_X10Y14         FDCE (Recov_fdce_C_CLR)     -0.319    11.128    rv32im72f_7sp/rom_read_data_held_reg[8]
  -------------------------------------------------------------------
                         required time                         11.128    
                         arrival time                          -5.198    
  -------------------------------------------------------------------
                         slack                                  5.930    





Min Delay Paths
--------------------------------------------------------------------------------------
Slack (MET) :             0.400ns  (arrival time - required time)
  Source:                 reset_sync_reg[2]/C
                            (rising edge-triggered cell FDPE clocked by clk_out1_clk_wiz_0  {rise@0.000ns fall@6.944ns period=13.889ns})
  Destination:            rv32im72f_7sp/alu/multiplier_word/prod_low_reg[28]/CLR
                            (removal check against rising-edge clock clk_out1_clk_wiz_0  {rise@0.000ns fall@6.944ns period=13.889ns})
  Path Group:             **async_default**
  Path Type:              Removal (Min at Fast Process Corner)
  Requirement:            0.000ns  (clk_out1_clk_wiz_0 rise@0.000ns - clk_out1_clk_wiz_0 rise@0.000ns)
  Data Path Delay:        0.370ns  (logic 0.164ns (44.371%)  route 0.206ns (55.629%))
  Logic Levels:           0  
  Clock Path Skew:        0.037ns (DCD - SCD - CPR)
    Destination Clock Delay (DCD):    -0.327ns
    Source Clock Delay      (SCD):    -0.556ns
    Clock Pessimism Removal (CPR):    0.192ns

    Location             Delay type                Incr(ns)  Path(ns)    Netlist Resource(s)
  -------------------------------------------------------------------    -------------------
                         (clock clk_out1_clk_wiz_0 rise edge)
                                                      0.000     0.000 r  
    R4                                                0.000     0.000 r  clk (IN)
                         net (fo=0)                   0.000     0.000    clk_gen/inst/clk_in1
    R4                   IBUF (Prop_ibuf_I_O)         0.243     0.243 r  clk_gen/inst/clkin1_ibufg/O
                         net (fo=1, routed)           0.440     0.683    clk_gen/inst/clk_in1_clk_wiz_0
    PLLE2_ADV_X1Y2       PLLE2_ADV (Prop_plle2_adv_CLKIN1_CLKOUT0)
                                                     -2.503    -1.819 r  clk_gen/inst/plle2_adv_inst/CLKOUT0
                         net (fo=1, routed)           0.546    -1.273    clk_gen/inst/clk_out1_clk_wiz_0
    BUFGCTRL_X0Y0        BUFG (Prop_bufg_I_O)         0.026    -1.247 r  clk_gen/inst/clkout1_buf/O
                         net (fo=2332, routed)        0.691    -0.556    clk_cpu
    SLICE_X20Y53         FDPE                                         r  reset_sync_reg[2]/C
  -------------------------------------------------------------------    -------------------
    SLICE_X20Y53         FDPE (Prop_fdpe_C_Q)         0.164    -0.392 f  reset_sync_reg[2]/Q
                         net (fo=992, routed)         0.206    -0.187    rv32im72f_7sp/alu/multiplier_word/Q[0]
    SLICE_X22Y53         FDCE                                         f  rv32im72f_7sp/alu/multiplier_word/prod_low_reg[28]/CLR
  -------------------------------------------------------------------    -------------------

                         (clock clk_out1_clk_wiz_0 rise edge)
                                                      0.000     0.000 r  
    R4                                                0.000     0.000 r  clk (IN)
                         net (fo=0)                   0.000     0.000    clk_gen/inst/clk_in1
    R4                   IBUF (Prop_ibuf_I_O)         0.431     0.431 r  clk_gen/inst/clkin1_ibufg/O
                         net (fo=1, routed)           0.481     0.912    clk_gen/inst/clk_in1_clk_wiz_0
    PLLE2_ADV_X1Y2       PLLE2_ADV (Prop_plle2_adv_CLKIN1_CLKOUT0)
                                                     -2.828    -1.916 r  clk_gen/inst/plle2_adv_inst/CLKOUT0
                         net (fo=1, routed)           0.595    -1.322    clk_gen/inst/clk_out1_clk_wiz_0
    BUFGCTRL_X0Y0        BUFG (Prop_bufg_I_O)         0.029    -1.293 r  clk_gen/inst/clkout1_buf/O
                         net (fo=2332, routed)        0.966    -0.327    rv32im72f_7sp/alu/multiplier_word/clk_out1
    SLICE_X22Y53         FDCE                                         r  rv32im72f_7sp/alu/multiplier_word/prod_low_reg[28]/C
                         clock pessimism             -0.192    -0.519    
    SLICE_X22Y53         FDCE (Remov_fdce_C_CLR)     -0.067    -0.586    rv32im72f_7sp/alu/multiplier_word/prod_low_reg[28]
  -------------------------------------------------------------------
                         required time                          0.586    
                         arrival time                          -0.187    
  -------------------------------------------------------------------
                         slack                                  0.400    





