Copyright 1986-2022 Xilinx, Inc. All Rights Reserved. Copyright 2022-2025 Advanced Micro Devices, Inc. All Rights Reserved.
-------------------------------------------------------------------------------------------------------------------------------------------------
| Tool Version     : Vivado v.2025.2 (lin64) Build 6299465 Fri Nov 14 12:34:56 MST 2025
| Date             : Mon Sep 14 17:02:48 2026
| Host             : khwl-ThinkPad-X1-Carbon-Gen-13 running 64-bit Ubuntu 24.04.4 LTS
| Command          : report_power -file /home/khwl/Desktop/RV-IM100/riscof-env/saif/RV64I_5SP_coremark/power_saif.rpt
| Design           : RV64I59F5SPSoCTOP
| Device           : xc7a200tsbg484-1
| Design State     : routed
| Grade            : commercial
| Process          : typical
| Characterization : Production
-------------------------------------------------------------------------------------------------------------------------------------------------

Power Report

Table of Contents
-----------------
1. Summary
1.1 On-Chip Components
1.2 Power Supply Summary
1.3 Confidence Level
2. Settings
2.1 Environment
2.2 Clock Constraints
3. Detailed Reports
3.1 By Hierarchy

1. Summary
----------

+--------------------------+------------------------------------------------------------------------------------------+
| Total On-Chip Power (W)  | 0.422                                                                                    |
| Design Power Budget (W)  | Unspecified*                                                                             |
| Power Budget Margin (W)  | NA                                                                                       |
| Dynamic (W)              | 0.270                                                                                    |
| Device Static (W)        | 0.152                                                                                    |
| Effective TJA (C/W)      | 3.3                                                                                      |
| Max Ambient (C)          | 83.6                                                                                     |
| Junction Temperature (C) | 26.4                                                                                     |
| Confidence Level         | High                                                                                     |
| Setting File             | ---                                                                                      |
| Simulation Activity File | /home/khwl/Desktop/RV-IM100/riscof-env/saif/RV64I_5SP_coremark/kernel.saif |
| Design Nets Matched      | 72%   (23872/33079)                                                                      |
+--------------------------+------------------------------------------------------------------------------------------+
* Specify Design Power Budget using, set_operating_conditions -design_power_budget <value in Watts>


1.1 On-Chip Components
----------------------

+--------------------------+-----------+----------+-----------+-----------------+
| On-Chip                  | Power (W) | Used     | Available | Utilization (%) |
+--------------------------+-----------+----------+-----------+-----------------+
| Clocks                   |     0.017 |        5 |       --- |             --- |
| Slice Logic              |     0.047 |    32437 |       --- |             --- |
|   LUT as Logic           |     0.044 |    12270 |    134600 |            9.12 |
|   F7/F8 Muxes            |    <0.001 |     7812 |    134600 |            5.80 |
|   LUT as Distributed RAM |    <0.001 |     8280 |     46200 |           17.92 |
|   Register               |    <0.001 |     3409 |    269200 |            1.27 |
|   CARRY4                 |    <0.001 |      201 |     33650 |            0.60 |
|   Others                 |     0.000 |       22 |       --- |             --- |
| Signals                  |     0.097 |    15240 |       --- |             --- |
| PLL                      |     0.107 |        1 |        10 |           10.00 |
| I/O                      |     0.002 |       12 |       285 |            4.21 |
| Static Power             |     0.152 |          |           |                 |
| Total                    |     0.422 |          |           |                 |
+--------------------------+-----------+----------+-----------+-----------------+


1.2 Power Supply Summary
------------------------

+-----------+-------------+-----------+-------------+------------+-------------+-------------+------------+
| Source    | Voltage (V) | Total (A) | Dynamic (A) | Static (A) | Powerup (A) | Budget (A)  | Margin (A) |
+-----------+-------------+-----------+-------------+------------+-------------+-------------+------------+
| Vccint    |       1.000 |     0.203 |       0.171 |      0.031 |       NA    | Unspecified | NA         |
| Vccaux    |       1.800 |     0.084 |       0.054 |      0.031 |       NA    | Unspecified | NA         |
| Vcco33    |       3.300 |     0.005 |       0.000 |      0.005 |       NA    | Unspecified | NA         |
| Vcco25    |       2.500 |     0.006 |       0.001 |      0.005 |       NA    | Unspecified | NA         |
| Vcco18    |       1.800 |     0.000 |       0.000 |      0.000 |       NA    | Unspecified | NA         |
| Vcco15    |       1.500 |     0.000 |       0.000 |      0.000 |       NA    | Unspecified | NA         |
| Vcco135   |       1.350 |     0.000 |       0.000 |      0.000 |       NA    | Unspecified | NA         |
| Vcco12    |       1.200 |     0.000 |       0.000 |      0.000 |       NA    | Unspecified | NA         |
| Vccaux_io |       1.800 |     0.000 |       0.000 |      0.000 |       NA    | Unspecified | NA         |
| Vccbram   |       1.000 |     0.001 |       0.000 |      0.001 |       NA    | Unspecified | NA         |
| MGTAVcc   |       1.000 |     0.000 |       0.000 |      0.000 |       NA    | Unspecified | NA         |
| MGTAVtt   |       1.200 |     0.000 |       0.000 |      0.000 |       NA    | Unspecified | NA         |
| Vccadc    |       1.800 |     0.020 |       0.000 |      0.020 |       NA    | Unspecified | NA         |
+-----------+-------------+-----------+-------------+------------+-------------+-------------+------------+


1.3 Confidence Level
--------------------

+-----------------------------+------------+------------------------------------------------+--------+
| User Input Data             | Confidence | Details                                        | Action |
+-----------------------------+------------+------------------------------------------------+--------+
| Design implementation state | High       | Design is routed                               |        |
| Clock nodes activity        | High       | User specified more than 95% of clocks         |        |
| I/O nodes activity          | High       | User specified more than 95% of inputs         |        |
| Internal nodes activity     | High       | User specified more than 25% of internal nodes |        |
| Device models               | High       | Device models are Production                   |        |
|                             |            |                                                |        |
| Overall confidence level    | High       |                                                |        |
+-----------------------------+------------+------------------------------------------------+--------+


2. Settings
-----------

2.1 Environment
---------------

+-----------------------+--------------------------+
| Ambient Temp (C)      | 25.0                     |
| ThetaJA (C/W)         | 3.3                      |
| Airflow (LFM)         | 250                      |
| Heat Sink             | medium (Medium Profile)  |
| ThetaSA (C/W)         | 4.6                      |
| Board Selection       | medium (10"x10")         |
| # of Board Layers     | 12to15 (12 to 15 Layers) |
| Board Temperature (C) | 25.0                     |
+-----------------------+--------------------------+


2.2 Clock Constraints
---------------------

+--------------------+---------------------------------+-----------------+
| Clock              | Domain                          | Constraint (ns) |
+--------------------+---------------------------------+-----------------+
| clk                | clk                             |            10.0 |
| clk_out1_clk_wiz_0 | clk_gen/inst/clk_out1_clk_wiz_0 |            25.6 |
| clkfbout_clk_wiz_0 | clk_gen/inst/clkfbout_clk_wiz_0 |            40.0 |
+--------------------+---------------------------------+-----------------+


3. Detailed Reports
-------------------

3.1 By Hierarchy
----------------

+------------------------+-----------+
| Name                   | Power (W) |
+------------------------+-----------+
| RV64I59F5SPSoCTOP      |     0.270 |
|   clk_gen              |     0.107 |
|     inst               |     0.107 |
|   rv64i59f_5sp         |     0.160 |
|     alu                |     0.002 |
|       alu_dword        |     0.002 |
|     data_memory        |     0.013 |
|     ex_mem_register    |     0.079 |
|     id_ex_register     |     0.023 |
|     if_id_register     |     0.003 |
|     instruction_memory |     0.020 |
|     mem_wb_register    |     0.004 |
|     program_counter    |     0.012 |
+------------------------+-----------+


