Copyright 1986-2022 Xilinx, Inc. All Rights Reserved. Copyright 2022-2025 Advanced Micro Devices, Inc. All Rights Reserved.
-------------------------------------------------------------------------------------------------------------------------------------------------
| Tool Version     : Vivado v.2025.2 (lin64) Build 6299465 Fri Nov 14 12:34:56 MST 2025
| Date             : Wed Sep 23 00:14:28 2026
| Host             : khwl-ThinkPad-X1-Carbon-Gen-13 running 64-bit Ubuntu 24.04.4 LTS
| Command          : report_power -hier all -file power_saif_hier.rpt
| Design           : RV64IM72F8SPSoCTOP
| Device           : xc7a200tsbg484-1
| Design State     : routed
| Grade            : commercial
| Process          : typical
| Characterization : Production
-------------------------------------------------------------------------------------------------------------------------------------------------

Power Report

Table of Contents
-----------------
1. Summary
1.1 On-Chip Components
1.2 Power Supply Summary
1.3 Confidence Level
2. Settings
2.1 Environment
2.2 Clock Constraints
3. Detailed Reports
3.1 By Hierarchy

1. Summary
----------

+--------------------------+----------------------------------------------------------------------------------------------+
| Total On-Chip Power (W)  | 0.497                                                                                        |
| Design Power Budget (W)  | Unspecified*                                                                                 |
| Power Budget Margin (W)  | NA                                                                                           |
| Dynamic (W)              | 0.343                                                                                        |
| Device Static (W)        | 0.154                                                                                        |
| Effective TJA (C/W)      | 3.3                                                                                          |
| Max Ambient (C)          | 83.4                                                                                         |
| Junction Temperature (C) | 26.6                                                                                         |
| Confidence Level         | High                                                                                         |
| Setting File             | ---                                                                                          |
| Simulation Activity File | /home/khwl/Desktop/RV-IM100/riscof-env/saif_v2/RV64IM_8SP_coremark/kernel.saif |
| Design Nets Matched      | 69%   (18075/26072)                                                                          |
+--------------------------+----------------------------------------------------------------------------------------------+
* Specify Design Power Budget using, set_operating_conditions -design_power_budget <value in Watts>


1.1 On-Chip Components
----------------------

+--------------------------+-----------+----------+-----------+-----------------+
| On-Chip                  | Power (W) | Used     | Available | Utilization (%) |
+--------------------------+-----------+----------+-----------+-----------------+
| Clocks                   |     0.024 |        8 |       --- |             --- |
| Slice Logic              |     0.077 |    23107 |       --- |             --- |
|   LUT as Logic           |     0.071 |    12578 |    134600 |            9.34 |
|   F7/F8 Muxes            |     0.004 |     3216 |    134600 |            2.39 |
|   CARRY4                 |    <0.001 |      531 |     33650 |            1.58 |
|   Register               |    <0.001 |     5144 |    269200 |            1.91 |
|   LUT as Distributed RAM |    <0.001 |       88 |     46200 |            0.19 |
|   Others                 |     0.000 |       42 |       --- |             --- |
| Signals                  |     0.088 |    15201 |       --- |             --- |
| Block RAM                |     0.041 |       24 |       365 |            6.58 |
| PLL                      |     0.110 |        1 |        10 |           10.00 |
| DSPs                     |    <0.001 |       20 |       740 |            2.70 |
| I/O                      |     0.003 |       12 |       285 |            4.21 |
| Static Power             |     0.154 |          |           |                 |
| Total                    |     0.497 |          |           |                 |
+--------------------------+-----------+----------+-----------+-----------------+


1.2 Power Supply Summary
------------------------

+-----------+-------------+-----------+-------------+------------+-------------+-------------+------------+
| Source    | Voltage (V) | Total (A) | Dynamic (A) | Static (A) | Powerup (A) | Budget (A)  | Margin (A) |
+-----------+-------------+-----------+-------------+------------+-------------+-------------+------------+
| Vccint    |       1.000 |     0.270 |       0.238 |      0.032 |       NA    | Unspecified | NA         |
| Vccaux    |       1.800 |     0.086 |       0.055 |      0.031 |       NA    | Unspecified | NA         |
| Vcco33    |       3.300 |     0.005 |       0.000 |      0.005 |       NA    | Unspecified | NA         |
| Vcco25    |       2.500 |     0.006 |       0.001 |      0.005 |       NA    | Unspecified | NA         |
| Vcco18    |       1.800 |     0.000 |       0.000 |      0.000 |       NA    | Unspecified | NA         |
| Vcco15    |       1.500 |     0.000 |       0.000 |      0.000 |       NA    | Unspecified | NA         |
| Vcco135   |       1.350 |     0.000 |       0.000 |      0.000 |       NA    | Unspecified | NA         |
| Vcco12    |       1.200 |     0.000 |       0.000 |      0.000 |       NA    | Unspecified | NA         |
| Vccaux_io |       1.800 |     0.000 |       0.000 |      0.000 |       NA    | Unspecified | NA         |
| Vccbram   |       1.000 |     0.005 |       0.004 |      0.001 |       NA    | Unspecified | NA         |
| MGTAVcc   |       1.000 |     0.000 |       0.000 |      0.000 |       NA    | Unspecified | NA         |
| MGTAVtt   |       1.200 |     0.000 |       0.000 |      0.000 |       NA    | Unspecified | NA         |
| Vccadc    |       1.800 |     0.020 |       0.000 |      0.020 |       NA    | Unspecified | NA         |
+-----------+-------------+-----------+-------------+------------+-------------+-------------+------------+


1.3 Confidence Level
--------------------

+-----------------------------+------------+------------------------------------------------+--------+
| User Input Data             | Confidence | Details                                        | Action |
+-----------------------------+------------+------------------------------------------------+--------+
| Design implementation state | High       | Design is routed                               |        |
| Clock nodes activity        | High       | User specified more than 95% of clocks         |        |
| I/O nodes activity          | High       | User specified more than 95% of inputs         |        |
| Internal nodes activity     | High       | User specified more than 25% of internal nodes |        |
| Device models               | High       | Device models are Production                   |        |
|                             |            |                                                |        |
| Overall confidence level    | High       |                                                |        |
+-----------------------------+------------+------------------------------------------------+--------+


2. Settings
-----------

2.1 Environment
---------------

+-----------------------+--------------------------+
| Ambient Temp (C)      | 25.0                     |
| ThetaJA (C/W)         | 3.3                      |
| Airflow (LFM)         | 250                      |
| Heat Sink             | medium (Medium Profile)  |
| ThetaSA (C/W)         | 4.6                      |
| Board Selection       | medium (10"x10")         |
| # of Board Layers     | 12to15 (12 to 15 Layers) |
| Board Temperature (C) | 25.0                     |
+-----------------------+--------------------------+


2.2 Clock Constraints
---------------------

+----------------------+---------------------------------+-----------------+
| Clock                | Domain                          | Constraint (ns) |
+----------------------+---------------------------------+-----------------+
| clk                  | clk                             |            10.0 |
| clk_out1_clk_wiz_0   | clk_gen/inst/clk_out1_clk_wiz_0 |             9.8 |
| clk_out1_clk_wiz_0_1 | clk_gen/inst/clk_out1_clk_wiz_0 |             9.8 |
| clkfbout_clk_wiz_0   | clk_gen/inst/clkfbout_clk_wiz_0 |            50.0 |
| clkfbout_clk_wiz_0_1 | clk_gen/inst/clkfbout_clk_wiz_0 |            50.0 |
| sys_clk_pin          | clk                             |            10.0 |
+----------------------+---------------------------------+-----------------+


3. Detailed Reports
-------------------

3.1 By Hierarchy
----------------

+------------------------+-----------+---------+-----------+------+--------+----------+------------+---------+-----------+--------+----------+-------+---------+------------+--------------+
| Name                   | Power (W) | Clock # | Clock (W) | Io # | Io (W) | Signal # | Signal (W) | Logic # | Logic (W) | Bram # | Bram (W) | Dsp # | Dsp (W) | Clock IP # | Clock IP (W) |
+------------------------+-----------+---------+-----------+------+--------+----------+------------+---------+-----------+--------+----------+-------+---------+------------+--------------+
| RV64IM72F8SPSoCTOP     |     0.343 |       8 |     0.024 |   12 |  0.003 |    15201 |      0.088 |   23107 |     0.077 |     24 |    0.041 |    20 |  <0.001 |          1 |        0.110 |
|   clk_gen              |     0.110 |       8 |    <0.001 |    1 | <0.001 |        1 |      0.000 |       2 |     0.000 |      0 |    0.000 |     0 |   0.000 |          1 |        0.110 |
|     inst               |     0.110 |       8 |    <0.001 |    1 | <0.001 |        1 |      0.000 |       2 |     0.000 |      0 |    0.000 |     0 |   0.000 |          1 |        0.110 |
|   rv64im72f_6sp        |     0.230 |       8 |     0.023 |    0 |  0.000 |    15074 |      0.088 |   22944 |     0.077 |     24 |    0.041 |    20 |  <0.001 |          0 |        0.000 |
|     alu                |     0.010 |       8 |     0.006 |    0 |  0.000 |     4504 |      0.002 |    4304 |     0.002 |      0 |    0.000 |    20 |  <0.001 |          0 |        0.000 |
|       divider_dword    |     0.002 |       8 |     0.002 |    0 |  0.000 |     1028 |     <0.001 |    1232 |    <0.001 |      0 |    0.000 |     0 |   0.000 |          0 |        0.000 |
|       divider_word     |     0.002 |       8 |     0.001 |    0 |  0.000 |      536 |     <0.001 |     642 |    <0.001 |      0 |    0.000 |     0 |   0.000 |          0 |        0.000 |
|       multiplier_dword |     0.002 |       8 |     0.002 |    0 |  0.000 |     1869 |     <0.001 |    1144 |    <0.001 |      0 |    0.000 |    16 |   0.000 |          0 |        0.000 |
|       multiplier_word  |     0.001 |       8 |    <0.001 |    0 |  0.000 |      690 |     <0.001 |     285 |    <0.001 |      0 |    0.000 |     4 |  <0.001 |          0 |        0.000 |
|     csr_file           |     0.002 |       8 |     0.002 |    0 |  0.000 |      622 |     <0.001 |     624 |    <0.001 |      0 |    0.000 |     0 |   0.000 |          0 |        0.000 |
|     data_memory        |     0.032 |       8 |    <0.001 |    0 |  0.000 |      191 |      0.001 |     144 |    <0.001 |     16 |    0.030 |     0 |   0.000 |          0 |        0.000 |
|     ex_ex2_register    |     0.066 |       8 |     0.004 |    0 |  0.000 |     3008 |      0.046 |    5431 |     0.016 |      0 |    0.000 |     0 |   0.000 |          0 |        0.000 |
|     ex_mem_register    |     0.006 |       8 |     0.001 |    0 |  0.000 |      656 |      0.004 |     690 |     0.001 |      0 |    0.000 |     0 |   0.000 |          0 |        0.000 |
|     exception_detector |     0.001 |       8 |    <0.001 |    0 |  0.000 |      252 |     <0.001 |     268 |    <0.001 |      0 |    0.000 |     0 |   0.000 |          0 |        0.000 |
|     exr_ex_register    |     0.037 |       8 |     0.002 |    0 |  0.000 |     1937 |      0.021 |    3176 |     0.013 |      0 |    0.000 |     0 |   0.000 |          0 |        0.000 |
|     id_exr_register    |     0.007 |       8 |     0.002 |    0 |  0.000 |      968 |      0.003 |    1304 |     0.002 |      0 |    0.000 |     0 |   0.000 |          0 |        0.000 |
|     if_io_register     |     0.002 |       8 |     0.001 |    0 |  0.000 |      413 |     <0.001 |     466 |    <0.001 |      0 |    0.000 |     0 |   0.000 |          0 |        0.000 |
|     instruction_memory |     0.013 |       8 |    <0.001 |    0 |  0.000 |       96 |     <0.001 |      98 |    <0.001 |      8 |    0.012 |     0 |   0.000 |          0 |        0.000 |
|     io_id_register     |     0.004 |       8 |    <0.001 |    0 |  0.000 |      268 |      0.003 |     409 |     0.001 |      0 |    0.000 |     0 |   0.000 |          0 |        0.000 |
|     mem_wb_register    |     0.003 |       8 |    <0.001 |    0 |  0.000 |      292 |      0.002 |     292 |    <0.001 |      0 |    0.000 |     0 |   0.000 |          0 |        0.000 |
|     register_file      |     0.001 |       8 |    <0.001 |    0 |  0.000 |      128 |     <0.001 |     177 |    <0.001 |      0 |    0.000 |     0 |   0.000 |          0 |        0.000 |
+------------------------+-----------+---------+-----------+------+--------+----------+------------+---------+-----------+--------+----------+-------+---------+------------+--------------+


