Vivado Simulator v2025.2
Copyright 1986-2022 Xilinx, Inc. All Rights Reserved.
Copyright 2022-2025 Advanced Micro Devices, Inc. All Rights Reserved.
Running: /tools/Xilinx/2025.2/Vivado/bin/unwrapped/lnx64.o/xelab -relax -debug typical -mt auto -L simprims_ver -L unisims_ver -L secureip tb_saif glbl -s tb_ns 
Multi-threading is on. Using 14 slave threads.
WARNING: [XSIM 43-3431] One or more environment variables have been detected which affect the operation of the C compiler. These are typically not set in standard installations and are not tested by AMD, however they may be appropriate for your system, so the flow will attempt to continue.  If errors occur, try running xelab with the "-mt off -v 1" switches to see more information from the C compiler. The following environment variables have been detected:
Starting static elaboration
Pass Through NonSizing Optimizer
Completed static elaboration
Starting simulation data flow analysis
Completed simulation data flow analysis
INFO: [XSIM 43-3451] SDF backannotation process started with SDF file "netlist.sdf", for root module "tb_saif/dut".
INFO: [XSIM 43-3452] SDF backannotation was successful for SDF file "netlist.sdf", for root module "tb_saif/dut".
Time Resolution for simulation is 1ps
Compiling module simprims_ver.IBUF
Compiling module simprims_ver.BUFG
Compiling module simprims_ver.PLLE2_ADV(CLKFBOUT_MULT=51,CLKIN...
Compiling module work.clk_wiz_0_clk_wiz
Compiling module work.clk_wiz_0
Compiling module simprims_ver.x_lut1_mux2
Compiling module simprims_ver.LUT1
Compiling module simprims_ver.FDCE_default
Compiling module simprims_ver.OBUF
Compiling module simprims_ver.x_lut2_mux4
Compiling module simprims_ver.LUT2
Compiling module simprims_ver.LUT4
Compiling module simprims_ver.x_lut3_mux8
Compiling module simprims_ver.LUT3
Compiling module simprims_ver.CARRY4
Compiling module work.MMIOInterface
Compiling module simprims_ver.FDPE_default
Compiling module simprims_ver.LUT6
Compiling module simprims_ver.LUT5
Compiling module simprims_ver.FDRE_default
Compiling module work.Divider_DWORD
Compiling module work.Divider_WORD
Compiling module simprims_ver.GND
Compiling module simprims_ver.DSP48E1(ACASCREG=0,ALUMODEREG=0,...
Compiling module simprims_ver.DSP48E1(ACASCREG=0,ALUMODEREG=0,...
Compiling module work.Multiplier_DWORD
Compiling module simprims_ver.DSP48E1(ACASCREG=0,ALUMODEREG=0,...
Compiling module work.Multiplier_WORD
Compiling module work.ALU
Compiling module work.ALUController
Compiling module work.BranchPredictor
Compiling module work.ControlUnit
Compiling module work.CSRFile
Compiling module simprims_ver.MUXF7
Compiling module simprims_ver.RB36_INTERNAL_VLOG(READ_WIDTH_A=...
Compiling module simprims_ver.RAMB36E1(READ_WIDTH_A=4,READ_WID...
Compiling module work.DataMemory
Compiling module simprims_ver.FDSE_default
Compiling module simprims_ver.MUXF8
Compiling module work.EX_EX2_Register
Compiling module work.EX_MEM_Register
Compiling module work.ExceptionDetector
Compiling module work.EXR_EX_Register
Compiling module work.ForwardUnit
Compiling module work.ID_EX_Register
Compiling module work.IF_IO_Register
Compiling module work.ImmediateGenerator
Compiling module simprims_ver.RB36_INTERNAL_VLOG(RDADDR_COLLIS...
Compiling module simprims_ver.RAMB36E1(INIT_00=256'b0110011001...
Compiling module simprims_ver.RB36_INTERNAL_VLOG(RDADDR_COLLIS...
Compiling module simprims_ver.RAMB36E1(INIT_00=256'b0100010001...
Compiling module simprims_ver.RB36_INTERNAL_VLOG(RDADDR_COLLIS...
Compiling module simprims_ver.RAMB36E1(INIT_00=256'b1100010001...
Compiling module simprims_ver.RB36_INTERNAL_VLOG(RDADDR_COLLIS...
Compiling module simprims_ver.RAMB36E1(INIT_00=256'b0110011100...
Compiling module simprims_ver.RB36_INTERNAL_VLOG(RDADDR_COLLIS...
Compiling module simprims_ver.RAMB36E1(INIT_00=256'b0100010011...
Compiling module simprims_ver.RB36_INTERNAL_VLOG(RDADDR_COLLIS...
Compiling module simprims_ver.RAMB36E1(INIT_00=256'b1001000101...
Compiling module simprims_ver.RB36_INTERNAL_VLOG(RDADDR_COLLIS...
Compiling module simprims_ver.RAMB36E1(INIT_00=256'b0100000001...
Compiling module simprims_ver.RB36_INTERNAL_VLOG(RDADDR_COLLIS...
Compiling module simprims_ver.RAMB36E1(INIT_00=256'b0111100000...
Compiling module work.InstructionMemory
Compiling module work.IO_ID_Register
Compiling module work.MEM_WB_Register
Compiling module work.ProgramCounter
Compiling module simprims_ver.RAMD32
Compiling module simprims_ver.RAMS32
Compiling module work.RAM32M_UNIQ_BASE_
Compiling module work.RAM32M_HD1
Compiling module work.RAM32M_HD2
Compiling module work.RAM32M_HD3
Compiling module work.RAM32M_HD4
Compiling module work.RAM32M_HD5
Compiling module work.RAM32M_HD6
Compiling module work.RAM32M_HD7
Compiling module work.RAM32M_HD8
Compiling module work.RAM32M_HD9
Compiling module work.RAM32M_HD10
Compiling module work.RAM32M_HD11
Compiling module work.RAM32M_HD12
Compiling module work.RAM32M_HD13
Compiling module work.RAM32M_HD14
Compiling module work.RAM32M_HD15
Compiling module work.RAM32M_HD16
Compiling module work.RAM32M_HD17
Compiling module work.RAM32M_HD18
Compiling module work.RAM32M_HD19
Compiling module work.RAM32M_HD20
Compiling module work.RAM32M_HD21
Compiling module work.RegisterFile
Compiling module work.TrapController
Compiling module work.RV64IM72F8SP
Compiling module work.UARTTX
Compiling module work.UnifiedUARTController
Compiling module work.RV64IM72F8SPSoCTOP
Compiling module work.tb_saif
Compiling module work.glbl
Built simulation snapshot tb_ns
n snapshot tb_ns
