Copyright 1986-2022 Xilinx, Inc. All Rights Reserved. Copyright 2022-2025 Advanced Micro Devices, Inc. All Rights Reserved.
---------------------------------------------------------------------------------------------------------------------------------------------
| Tool Version : Vivado v.2025.2 (lin64) Build 6299465 Fri Nov 14 12:34:56 MST 2025
| Date         : Sun Sep 13 19:29:36 2026
| Host         : khwl-ThinkPad-X1-Carbon-Gen-13 running 64-bit Ubuntu 24.04.4 LTS
| Command      : report_control_sets -verbose -file RV32IM72F8SPSoCTOP_control_sets_placed.rpt
| Design       : RV32IM72F8SPSoCTOP
| Device       : xc7a200t
---------------------------------------------------------------------------------------------------------------------------------------------

Control Set Information

Table of Contents
-----------------
1. Summary
2. Histogram
3. Flip-Flop Distribution
4. Detailed Control Set Information

1. Summary
----------

+----------------------------------------------------------+-------+
|                          Status                          | Count |
+----------------------------------------------------------+-------+
| Total control sets                                       |    67 |
|    Minimum number of control sets                        |    13 |
|    Addition due to synthesis replication                 |     0 |
|    Addition due to physical synthesis replication        |    54 |
| Unused register locations in slices containing registers |   237 |
+----------------------------------------------------------+-------+
* Control sets can be merged at opt_design using control_set_merge or merge_equivalent_drivers
** Run report_qor_suggestions for automated merging and remapping suggestions


2. Histogram
------------

+--------------------+-------+
|       Fanout       | Count |
+--------------------+-------+
| Total control sets |    67 |
| >= 0 to < 4        |    13 |
| >= 4 to < 6        |     6 |
| >= 6 to < 8        |     1 |
| >= 8 to < 10       |     3 |
| >= 10 to < 12      |     3 |
| >= 12 to < 14      |     3 |
| >= 14 to < 16      |     5 |
| >= 16              |    33 |
+--------------------+-------+
* Control sets can be remapped at either synth_design or opt_design


3. Flip-Flop Distribution
-------------------------

+--------------+-----------------------+------------------------+-----------------+--------------+
| Clock Enable | Synchronous Set/Reset | Asynchronous Set/Reset | Total Registers | Total Slices |
+--------------+-----------------------+------------------------+-----------------+--------------+
| No           | No                    | No                     |               8 |            6 |
| No           | No                    | Yes                    |              55 |           33 |
| No           | Yes                   | No                     |               0 |            0 |
| Yes          | No                    | No                     |              32 |           16 |
| Yes          | No                    | Yes                    |             973 |          356 |
| Yes          | Yes                   | No                     |            1527 |          412 |
+--------------+-----------------------+------------------------+-----------------+--------------+


4. Detailed Control Set Information
-----------------------------------

+------------------------+---------------------------------------------------------------+--------------------------------------------------------+------------------+----------------+--------------+
|      Clock Signal      |                         Enable Signal                         |                    Set/Reset Signal                    | Slice Load Count | Bel Load Count | Bels / Slice |
+------------------------+---------------------------------------------------------------+--------------------------------------------------------+------------------+----------------+--------------+
|  clk_gen/inst/clk_out1 | uart_tx/tx_i_1_n_0                                            | internal_reset_repN_4                                  |                1 |              1 |         1.00 |
|  clk_gen/inst/clk_out1 | rv32im72f_8sp/mem_wb_register/E[0]                            | internal_reset_repN_5                                  |                1 |              1 |         1.00 |
|  clk_gen/inst/clk_out1 | rv32im72f_8sp/csr_file/minstret[0]                            | internal_reset_repN_5                                  |                1 |              1 |         1.00 |
|  clk_gen/inst/clk_out1 | cpu_clk_enable                                                | internal_reset                                         |                1 |              1 |         1.00 |
|  clk_gen/inst/clk_out1 | rv32im72f_8sp/ex_ex2_register/E[0]                            | internal_reset_repN                                    |                1 |              1 |         1.00 |
|  clk_gen/inst/clk_out1 | rv32im72f_8sp/ex_ex2_register/E[0]                            | internal_reset_repN_1                                  |                1 |              1 |         1.00 |
|  clk_gen/inst/clk_out1 | rv32im72f_8sp/exception_detector/csr_processing_reg[0]        | internal_reset_repN_5                                  |                1 |              1 |         1.00 |
|  clk_gen/inst/clk_out1 |                                                               | internal_reset_repN_5                                  |                1 |              1 |         1.00 |
|  clk_gen/inst/clk_out1 | rv32im72f_8sp/mem_wb_register/E[0]                            | internal_reset_repN_3                                  |                1 |              2 |         2.00 |
|  clk_gen/inst/clk_out1 |                                                               | internal_reset_repN_3                                  |                2 |              3 |         1.50 |
|  clk_gen/inst/clk_out1 | rv32im72f_8sp/alu/divider_word/bit_counter[5]_i_1_n_0         | internal_reset_repN_3                                  |                2 |              3 |         1.50 |
|  clk_gen/inst/clk_out1 | rv32im72f_8sp/mem_wb_register/WB_raw_imm_reg[4]_0[0]          | internal_reset_repN_3                                  |                2 |              3 |         1.50 |
|  clk_gen/inst/clk_out1 | rv32im72f_8sp/trap_controller/cpu_clk_enable_reg_2[0]         | internal_reset_repN_4                                  |                2 |              3 |         1.50 |
|  clk_gen/inst/clk_out1 | rv32im72f_8sp/alu/multiplier_word/FSM_onehot_stage[3]_i_1_n_0 | internal_reset_repN_3                                  |                1 |              4 |         4.00 |
|  clk_gen/inst/clk_out1 | rv32im72f_8sp/alu/divider_word/FSM_onehot_state[3]_i_1_n_0    | internal_reset_repN_2                                  |                1 |              4 |         4.00 |
|  clk_gen/inst/clk_out1 | rv32im72f_8sp/mem_wb_register/WB_raw_imm_reg[7]_0[0]          | internal_reset_repN_3                                  |                3 |              4 |         1.33 |
|  clk_gen/inst/clk_out1 | uart_tx/bit_counter[3]_i_1_n_0                                | internal_reset_repN_4                                  |                2 |              4 |         2.00 |
|  clk_gen/inst/clk_out1 | rv32im72f_8sp/trap_controller/cpu_clk_enable_reg_2[0]         | internal_reset_repN                                    |                3 |              4 |         1.33 |
|  clk_gen/inst/clk_out1 | rv32im72f_8sp/trap_controller/E[0]                            | internal_reset_repN_1                                  |                2 |              5 |         2.50 |
|  clk_gen/inst/clk_out1 |                                                               | internal_reset_repN                                    |                5 |              6 |         1.20 |
|  clk_gen/inst/clk_out1 |                                                               |                                                        |                6 |              8 |         1.33 |
|  clk_gen/inst/clk_out1 |                                                               | reset                                                  |                8 |              9 |         1.12 |
|  clk_gen/inst/clk_out1 | uart_tx/shift_reg[8]_i_1_n_0                                  | internal_reset_repN_4                                  |                3 |              9 |         3.00 |
|  clk_gen/inst/clk_out1 |                                                               | internal_reset_repN_4                                  |                6 |             10 |         1.67 |
|  clk_gen/inst/clk_out1 | mmio_interface/E[0]                                           | internal_reset_repN_4                                  |                5 |             10 |         2.00 |
|  clk_gen/inst/clk_out1 | rv32im72f_8sp/trap_controller/E[0]                            | internal_reset_repN                                    |                6 |             11 |         1.83 |
|  clk_gen/inst/clk_out1 | rv32im72f_8sp/mem_wb_register/WB_raw_imm_reg[7]_0[0]          | internal_reset_repN_1                                  |                6 |             13 |         2.17 |
|  clk_gen/inst/clk_out1 | rv32im72f_8sp/mem_wb_register/E[0]                            | internal_reset_repN_4                                  |                4 |             13 |         3.25 |
|  clk_gen/inst/clk_out1 | rv32im72f_8sp/alu/divider_word/quotient_reg[31]_i_1_n_0       | internal_reset_repN_1                                  |                4 |             13 |         3.25 |
|  clk_gen/inst/clk_out1 | rv32im72f_8sp/mem_wb_register/WB_raw_imm_reg[4]_0[0]          | internal_reset_repN_4                                  |                4 |             14 |         3.50 |
|  clk_gen/inst/clk_out1 | rv32im72f_8sp/mem_wb_register/WB_raw_imm_reg[4]_0[0]          | internal_reset_repN_1                                  |                5 |             15 |         3.00 |
|  clk_gen/inst/clk_out1 | rv32im72f_8sp/mem_wb_register/WB_raw_imm_reg[7]_0[0]          | internal_reset_repN_4                                  |                6 |             15 |         2.50 |
|  clk_gen/inst/clk_out1 | rv32im72f_8sp/ex_ex2_register/E[0]                            | internal_reset_repN_3                                  |                7 |             15 |         2.14 |
|  clk_gen/inst/clk_out1 | rv32im72f_8sp/alu/divider_word/quotient_sign4_out             | internal_reset_repN_1                                  |                4 |             15 |         3.75 |
|  clk_gen/inst/clk_out1 | rv32im72f_8sp/trap_controller/E[0]                            | internal_reset_repN_5                                  |                8 |             16 |         2.00 |
|  clk_gen/inst/clk_out1 | rv32im72f_8sp/alu/multiplier_word/cpu_clk_enable_reg          | internal_reset_repN_3                                  |                7 |             16 |         2.29 |
|  clk_gen/inst/clk_out1 | rv32im72f_8sp/mem_wb_register/E[0]                            | internal_reset_repN_1                                  |                6 |             16 |         2.67 |
|  clk_gen/inst/clk_out1 | cpu_clk_enable                                                | internal_reset_repN_3                                  |                8 |             16 |         2.00 |
|  clk_gen/inst/clk_out1 | rv32im72f_8sp/ex_ex2_register/E[0]                            | internal_reset_repN_2                                  |                8 |             17 |         2.12 |
|  clk_gen/inst/clk_out1 | rv32im72f_8sp/alu/divider_word/quotient_sign4_out             | internal_reset_repN_2                                  |                7 |             19 |         2.71 |
|  clk_gen/inst/clk_out1 | rv32im72f_8sp/alu/multiplier_word/cpu_clk_enable_reg          | internal_reset_repN_2                                  |                9 |             21 |         2.33 |
|  clk_gen/inst/clk_out1 | rv32im72f_8sp/alu/divider_word/bit_counter[5]_i_1_n_0         | internal_reset_repN_1                                  |                8 |             24 |         3.00 |
|  clk_gen/inst/clk_out1 | cpu_clk_enable                                                | internal_reset_repN_5                                  |                7 |             25 |         3.57 |
|  clk_gen/inst/clk_out1 | rv32im72f_8sp/trap_controller/cpu_clk_enable_reg_2[0]         | internal_reset_repN_5                                  |               11 |             25 |         2.27 |
|  clk_gen/inst/clk_out1 |                                                               | internal_reset_repN_2                                  |               11 |             26 |         2.36 |
|  clk_gen/inst/clk_out1 | rv32im72f_8sp/alu/multiplier_word/result_sign_s11_out         | internal_reset_repN_2                                  |               13 |             30 |         2.31 |
|  clk_gen/inst/clk_out1 | rv32im72f_8sp/exception_detector/csr_processing_reg[0]        | internal_reset_repN_1                                  |               12 |             31 |         2.58 |
|  clk_gen/inst/clk_out1 | rv32im72f_8sp/alu/multiplier_word/prod_low[31]_i_1_n_0        | internal_reset_repN_3                                  |                9 |             31 |         3.44 |
|  clk_gen/inst/clk_out1 | rv32im72f_8sp/ex_ex2_register/cpu_clk_enable_reg[0]           |                                                        |               16 |             32 |         2.00 |
|  clk_gen/inst/clk_out1 | rv32im72f_8sp/io_id_register/est_target[0]                    | rv32im72f_8sp/io_id_register/cpu_clk_enable_reg        |                9 |             32 |         3.56 |
|  clk_gen/inst/clk_out1 | rv32im72f_8sp/io_id_register/E[0]                             | internal_reset_repN                                    |                6 |             32 |         5.33 |
|  clk_gen/inst/clk_out1 | rv32im72f_8sp/alu/multiplier_word/prod_low[31]_i_1_n_0        | internal_reset_repN_2                                  |               10 |             33 |         3.30 |
|  clk_gen/inst/clk_out1 | rv32im72f_8sp/alu/multiplier_word/result_sign_s11_out         | internal_reset_repN_3                                  |               13 |             35 |         2.69 |
|  clk_gen/inst/clk_out1 | rv32im72f_8sp/alu/divider_word/bit_counter[5]_i_1_n_0         | internal_reset_repN_2                                  |               16 |             43 |         2.69 |
|  clk_gen/inst/clk_out1 | rv32im72f_8sp/alu/divider_word/quotient_reg[31]_i_1_n_0       | internal_reset_repN_2                                  |               14 |             51 |         3.64 |
|  clk_gen/inst/clk_out1 | rv32im72f_8sp/csr_file/minstret[0]                            | internal_reset_repN_1                                  |               16 |             63 |         3.94 |
|  clk_gen/inst/clk_out1 | cpu_clk_enable                                                | internal_reset_repN_1                                  |               23 |             68 |         2.96 |
|  clk_gen/inst/clk_out1 | cpu_clk_enable                                                | internal_reset_repN_4                                  |               23 |             72 |         3.13 |
|  clk_gen/inst/clk_out1 | rv32im72f_8sp/mem_wb_register/p_0_in2_out                     |                                                        |               11 |             88 |         8.00 |
|  clk_gen/inst/clk_out1 | rv32im72f_8sp/if_io_register/IO_pc[31]_i_2_n_0                | rv32im72f_8sp/if_io_register/IO_pc[31]_i_1_n_0         |               19 |             96 |         5.05 |
|  clk_gen/inst/clk_out1 | rv32im72f_8sp/id_exr_register/cpu_clk_enable_reg              | rv32im72f_8sp/ex_ex2_register/cpu_clk_enable_reg_1[0]  |               30 |             96 |         3.20 |
|  clk_gen/inst/clk_out1 | cpu_clk_enable                                                | internal_reset_repN                                    |               42 |            103 |         2.45 |
|  clk_gen/inst/clk_out1 | rv32im72f_8sp/exception_detector/ram_read_data0               | rv32im72f_8sp/mem_wb_register/WB_pc_plus_4[31]_i_1_n_0 |               70 |            228 |         3.26 |
|  clk_gen/inst/clk_out1 | rv32im72f_8sp/exception_detector/ram_read_data0               | rv32im72f_8sp/trap_controller/cpu_clk_enable_reg       |               62 |            231 |         3.73 |
|  clk_gen/inst/clk_out1 | rv32im72f_8sp/exception_detector/ram_read_data0               | rv32im72f_8sp/exception_detector/SR[0]                 |               67 |            266 |         3.97 |
|  clk_gen/inst/clk_out1 | rv32im72f_8sp/id_exr_register/cpu_clk_enable_reg              | rv32im72f_8sp/trap_controller/SR[0]                    |               88 |            278 |         3.16 |
|  clk_gen/inst/clk_out1 | rv32im72f_8sp/exception_detector/ram_read_data0               | rv32im72f_8sp/id_exr_register/cpu_clk_enable_reg_0[0]  |               67 |            300 |         4.48 |
+------------------------+---------------------------------------------------------------+--------------------------------------------------------+------------------+----------------+--------------+


