Copyright 1986-2022 Xilinx, Inc. All Rights Reserved. Copyright 2022-2025 Advanced Micro Devices, Inc. All Rights Reserved.
---------------------------------------------------------------------------------------------------------------------------------------------
| Tool Version : Vivado v.2025.2 (lin64) Build 6299465 Fri Nov 14 12:34:56 MST 2025
| Date         : Wed Sep  2 10:02:55 2026
| Host         : khwl-ThinkPad-X1-Carbon-Gen-13 running 64-bit Ubuntu 24.04.4 LTS
| Command      : report_timing_summary -file /home/khwl/Desktop/RV-IM100/riscof-env/logs/core_reports/RV32IM_5SP/timing.rpt
| Design       : RV32IM72F5SP_CORE
| Device       : 7a200t-sbg484
| Speed File   : -1  PRODUCTION 1.23 2018-06-13
| Design State : Synthesized
---------------------------------------------------------------------------------------------------------------------------------------------

Timing Summary Report

------------------------------------------------------------------------------------------------
| Timer Settings
| --------------
------------------------------------------------------------------------------------------------

  Enable Multi Corner Analysis               :  Yes
  Enable Pessimism Removal                   :  Yes
  Pessimism Removal Resolution               :  Nearest Common Node
  Enable Input Delay Default Clock           :  No
  Enable Preset / Clear Arcs                 :  No
  Disable Flight Delays                      :  No
  Ignore I/O Paths                           :  No
  Timing Early Launch at Borrowing Latches   :  No
  Borrow Time for Max Delay Exceptions       :  Yes
  Merge Timing Exceptions                    :  Yes
  Inter-SLR Compensation                     :  Conservative

  Corner  Analyze    Analyze    
  Name    Max Paths  Min Paths  
  ------  ---------  ---------  
  Slow    Yes        Yes        
  Fast    Yes        Yes        


------------------------------------------------------------------------------------------------
| Report Methodology
| ------------------
------------------------------------------------------------------------------------------------

No report available as report_methodology has not been run prior. Run report_methodology on the current design for the summary of methodology violations.



check_timing report

Table of Contents
-----------------
1. checking no_clock (0)
2. checking constant_clock (0)
3. checking pulse_width_clock (0)
4. checking unconstrained_internal_endpoints (0)
5. checking no_input_delay (67)
6. checking no_output_delay (198)
7. checking multiple_clock (0)
8. checking generated_clocks (0)
9. checking loops (0)
10. checking partial_input_delay (0)
11. checking partial_output_delay (0)
12. checking latch_loops (0)

1. checking no_clock (0)
------------------------
 There are 0 register/latch pins with no clock.


2. checking constant_clock (0)
------------------------------
 There are 0 register/latch pins with constant_clock.


3. checking pulse_width_clock (0)
---------------------------------
 There are 0 register/latch pins which need pulse_width check


4. checking unconstrained_internal_endpoints (0)
------------------------------------------------
 There are 0 pins that are not constrained for maximum delay.

 There are 0 pins that are not constrained for maximum delay due to constant clock.


5. checking no_input_delay (67)
-------------------------------
 There are 67 input ports with no input delay specified. (HIGH)

 There are 0 input ports with no input delay but user has a false path constraint.


6. checking no_output_delay (198)
---------------------------------
 There are 198 ports with no output delay specified. (HIGH)

 There are 0 ports with no output delay but user has a false path constraint

 There are 0 ports with no output delay but with a timing clock defined on it or propagating through it


7. checking multiple_clock (0)
------------------------------
 There are 0 register/latch pins with multiple clocks.


8. checking generated_clocks (0)
--------------------------------
 There are 0 generated clocks that are not connected to a clock source.


9. checking loops (0)
---------------------
 There are 0 combinational loops in the design.


10. checking partial_input_delay (0)
------------------------------------
 There are 0 input ports with partial input delay specified.


11. checking partial_output_delay (0)
-------------------------------------
 There are 0 ports with partial output delay specified.


12. checking latch_loops (0)
----------------------------
 There are 0 combinational latch loops in the design through latch input



------------------------------------------------------------------------------------------------
| Design Timing Summary
| ---------------------
------------------------------------------------------------------------------------------------

    WNS(ns)      TNS(ns)  TNS Failing Endpoints  TNS Total Endpoints      WHS(ns)      THS(ns)  THS Failing Endpoints  THS Total Endpoints     WPWS(ns)     TPWS(ns)  TPWS Failing Endpoints  TPWS Total Endpoints  
    -------      -------  ---------------------  -------------------      -------      -------  ---------------------  -------------------     --------     --------  ----------------------  --------------------  
    -12.242   -11709.792                   2026                 3882        0.233        0.000                      0                 3882        1.250        0.000                       0                  1809  


Timing constraints are not met.


------------------------------------------------------------------------------------------------
| Clock Summary
| -------------
------------------------------------------------------------------------------------------------

Clock  Waveform(ns)         Period(ns)      Frequency(MHz)
-----  ------------         ----------      --------------
clk    {0.000 2.500}        5.000           200.000         


------------------------------------------------------------------------------------------------
| Intra Clock Table
| -----------------
------------------------------------------------------------------------------------------------

Clock             WNS(ns)      TNS(ns)  TNS Failing Endpoints  TNS Total Endpoints      WHS(ns)      THS(ns)  THS Failing Endpoints  THS Total Endpoints     WPWS(ns)     TPWS(ns)  TPWS Failing Endpoints  TPWS Total Endpoints  
-----             -------      -------  ---------------------  -------------------      -------      -------  ---------------------  -------------------     --------     --------  ----------------------  --------------------  
clk               -12.242   -11709.792                   2026                 3882        0.233        0.000                      0                 3882        1.250        0.000                       0                  1809  


------------------------------------------------------------------------------------------------
| Inter Clock Table
| -----------------
------------------------------------------------------------------------------------------------

From Clock    To Clock          WNS(ns)      TNS(ns)  TNS Failing Endpoints  TNS Total Endpoints      WHS(ns)      THS(ns)  THS Failing Endpoints  THS Total Endpoints  
----------    --------          -------      -------  ---------------------  -------------------      -------      -------  ---------------------  -------------------  


------------------------------------------------------------------------------------------------
| Other Path Groups Table
| -----------------------
------------------------------------------------------------------------------------------------

Path Group    From Clock    To Clock          WNS(ns)      TNS(ns)  TNS Failing Endpoints  TNS Total Endpoints      WHS(ns)      THS(ns)  THS Failing Endpoints  THS Total Endpoints  
----------    ----------    --------          -------      -------  ---------------------  -------------------      -------      -------  ---------------------  -------------------  


------------------------------------------------------------------------------------------------
| Timing Details
| --------------
------------------------------------------------------------------------------------------------


---------------------------------------------------------------------------------------------------
From Clock:  clk
  To Clock:  clk

Setup :         2026  Failing Endpoints,  Worst Slack      -12.242ns,  Total Violation   -11709.792ns
Hold  :            0  Failing Endpoints,  Worst Slack        0.233ns,  Total Violation        0.000ns
PW    :            0  Failing Endpoints,  Worst Slack        1.250ns,  Total Violation        0.000ns
---------------------------------------------------------------------------------------------------


Max Delay Paths
--------------------------------------------------------------------------------------
Slack (VIOLATED) :        -12.242ns  (required time - arrival time)
  Source:                 ex_mem_register/MEM_alu_result_reg[4]/C
                            (rising edge-triggered cell FDCE clocked by clk  {rise@0.000ns fall@2.500ns period=5.000ns})
  Destination:            program_counter/pc_reg[31]/D
                            (rising edge-triggered cell FDCE clocked by clk  {rise@0.000ns fall@2.500ns period=5.000ns})
  Path Group:             clk
  Path Type:              Setup (Max at Slow Process Corner)
  Requirement:            5.000ns  (clk rise@5.000ns - clk rise@0.000ns)
  Data Path Delay:        17.187ns  (logic 4.905ns (28.539%)  route 12.282ns (71.461%))
  Logic Levels:           26  (CARRY4=8 LUT3=1 LUT4=3 LUT5=1 LUT6=12 MUXF7=1)
  Clock Path Skew:        -0.049ns (DCD - SCD + CPR)
    Destination Clock Delay (DCD):    0.924ns = ( 5.924 - 5.000 ) 
    Source Clock Delay      (SCD):    0.973ns
    Clock Pessimism Removal (CPR):    0.000ns
  Clock Uncertainty:      0.035ns  ((TSJ^2 + TIJ^2)^1/2 + DJ) / 2 + PE
    Total System Jitter     (TSJ):    0.071ns
    Total Input Jitter      (TIJ):    0.000ns
    Discrete Jitter          (DJ):    0.000ns
    Phase Error              (PE):    0.000ns

    Location             Delay type                Incr(ns)  Path(ns)    Netlist Resource(s)
  -------------------------------------------------------------------    -------------------
                         (clock clk rise edge)        0.000     0.000 r  
                                                      0.000     0.000 r  clk (IN)
                         net (fo=1808, unset)         0.973     0.973    ex_mem_register/clk
                         FDCE                                         r  ex_mem_register/MEM_alu_result_reg[4]/C
  -------------------------------------------------------------------    -------------------
                         FDCE (Prop_fdce_C_Q)         0.456     1.429 f  ex_mem_register/MEM_alu_result_reg[4]/Q
                         net (fo=5, unplaced)         0.769     2.198    ex_mem_register/Q[4]
                         LUT4 (Prop_lut4_I1_O)        0.295     2.493 r  ex_mem_register/WB_byte_enable_logic_register_file_write_data[15]_i_10/O
                         net (fo=1, unplaced)         0.902     3.395    ex_mem_register/WB_byte_enable_logic_register_file_write_data[15]_i_10_n_0
                         LUT4 (Prop_lut4_I1_O)        0.124     3.519 f  ex_mem_register/WB_byte_enable_logic_register_file_write_data[15]_i_6/O
                         net (fo=16, unplaced)        0.956     4.475    ex_mem_register/WB_byte_enable_logic_register_file_write_data[15]_i_6_n_0
                         LUT6 (Prop_lut6_I3_O)        0.124     4.599 f  ex_mem_register/WB_byte_enable_logic_register_file_write_data[15]_i_3/O
                         net (fo=15, unplaced)        0.955     5.554    ex_mem_register/WB_byte_enable_logic_register_file_write_data[15]_i_3_n_0
                         LUT6 (Prop_lut6_I3_O)        0.124     5.678 f  ex_mem_register/alu_result0_carry__2_i_37/O
                         net (fo=1, unplaced)         0.449     6.127    ex_mem_register/byte_enable_logic_register_file_write_data[14]
                         LUT6 (Prop_lut6_I3_O)        0.124     6.251 f  ex_mem_register/alu_result0_carry__2_i_15/O
                         net (fo=3, unplaced)         0.437     6.688    id_ex_register/abs_A_s1_reg[14]
                         LUT6 (Prop_lut6_I4_O)        0.124     6.812 f  id_ex_register/alu_result0_carry__2_i_2/O
                         net (fo=24, unplaced)        1.175     7.987    id_ex_register/EX_alu_src_A_select_reg[1]_0[9]
                         LUT6 (Prop_lut6_I1_O)        0.124     8.111 f  id_ex_register/MEM_alu_result[6]_i_12/O
                         net (fo=6, unplaced)         0.934     9.045    id_ex_register/MEM_alu_result[6]_i_12_n_0
                         LUT6 (Prop_lut6_I1_O)        0.124     9.169 f  id_ex_register/MEM_alu_result[4]_i_10/O
                         net (fo=2, unplaced)         0.913    10.082    id_ex_register/MEM_alu_result[4]_i_10_n_0
                         LUT5 (Prop_lut5_I0_O)        0.124    10.206 f  id_ex_register/MEM_alu_result[3]_i_9/O
                         net (fo=1, unplaced)         0.449    10.655    id_ex_register/alu/alu_word/data9[3]
                         LUT6 (Prop_lut6_I2_O)        0.124    10.779 f  id_ex_register/MEM_alu_result[3]_i_6/O
                         net (fo=1, unplaced)         0.000    10.779    id_ex_register/MEM_alu_result[3]_i_6_n_0
                         MUXF7 (Prop_muxf7_I1_O)      0.247    11.026 f  id_ex_register/MEM_alu_result_reg[3]_i_3/O
                         net (fo=2, unplaced)         0.916    11.942    id_ex_register/alu/alu_word_result[3]
                         LUT4 (Prop_lut4_I2_O)        0.298    12.240 f  id_ex_register/prediction_counter[1]_i_20/O
                         net (fo=1, unplaced)         0.902    13.142    id_ex_register/prediction_counter[1]_i_20_n_0
                         LUT6 (Prop_lut6_I5_O)        0.124    13.266 r  id_ex_register/prediction_counter[1]_i_7/O
                         net (fo=2, unplaced)         0.460    13.726    id_ex_register/alu/alu_word_zero
                         LUT6 (Prop_lut6_I5_O)        0.124    13.850 r  id_ex_register/prediction_counter[1]_i_4/O
                         net (fo=1, unplaced)         0.449    14.299    id_ex_register/prediction_counter[1]_i_4_n_0
                         LUT6 (Prop_lut6_I4_O)        0.124    14.423 r  id_ex_register/prediction_counter[1]_i_2/O
                         net (fo=70, unplaced)        0.540    14.963    id_ex_register/prediction_counter[1]_i_2_n_0
                         LUT3 (Prop_lut3_I2_O)        0.124    15.087 r  id_ex_register/pc[3]_i_10/O
                         net (fo=1, unplaced)         0.000    15.087    id_ex_register/pc[3]_i_10_n_0
                         CARRY4 (Prop_carry4_S[1]_CO[3])
                                                      0.533    15.620 r  id_ex_register/pc_reg[3]_i_6/CO[3]
                         net (fo=1, unplaced)         0.009    15.629    id_ex_register/pc_reg[3]_i_6_n_0
                         CARRY4 (Prop_carry4_CI_CO[3])
                                                      0.117    15.746 r  id_ex_register/pc_reg[7]_i_6/CO[3]
                         net (fo=1, unplaced)         0.000    15.746    id_ex_register/pc_reg[7]_i_6_n_0
                         CARRY4 (Prop_carry4_CI_CO[3])
                                                      0.117    15.863 r  id_ex_register/pc_reg[11]_i_6/CO[3]
                         net (fo=1, unplaced)         0.000    15.863    id_ex_register/pc_reg[11]_i_6_n_0
                         CARRY4 (Prop_carry4_CI_CO[3])
                                                      0.117    15.980 r  id_ex_register/pc_reg[15]_i_6/CO[3]
                         net (fo=1, unplaced)         0.000    15.980    id_ex_register/pc_reg[15]_i_6_n_0
                         CARRY4 (Prop_carry4_CI_CO[3])
                                                      0.117    16.097 r  id_ex_register/pc_reg[19]_i_6/CO[3]
                         net (fo=1, unplaced)         0.000    16.097    id_ex_register/pc_reg[19]_i_6_n_0
                         CARRY4 (Prop_carry4_CI_CO[3])
                                                      0.117    16.214 r  id_ex_register/pc_reg[23]_i_6/CO[3]
                         net (fo=1, unplaced)         0.000    16.214    id_ex_register/pc_reg[23]_i_6_n_0
                         CARRY4 (Prop_carry4_CI_CO[3])
                                                      0.117    16.331 r  id_ex_register/pc_reg[27]_i_6/CO[3]
                         net (fo=1, unplaced)         0.000    16.331    id_ex_register/pc_reg[27]_i_6_n_0
                         CARRY4 (Prop_carry4_CI_O[3])
                                                      0.331    16.662 r  id_ex_register/pc_reg[31]_i_6/O[3]
                         net (fo=1, unplaced)         0.618    17.280    id_ex_register/pc_reg[31]_i_6_n_4
                         LUT6 (Prop_lut6_I5_O)        0.307    17.587 r  id_ex_register/pc[31]_i_2/O
                         net (fo=1, unplaced)         0.449    18.036    exception_detector/pc_reg[31]_1
                         LUT6 (Prop_lut6_I3_O)        0.124    18.160 r  exception_detector/pc[31]_i_1/O
                         net (fo=1, unplaced)         0.000    18.160    program_counter/pc_reg[31]_1[31]
                         FDCE                                         r  program_counter/pc_reg[31]/D
  -------------------------------------------------------------------    -------------------

                         (clock clk rise edge)        5.000     5.000 r  
                                                      0.000     5.000 r  clk (IN)
                         net (fo=1808, unset)         0.924     5.924    program_counter/clk
                         FDCE                                         r  program_counter/pc_reg[31]/C
                         clock pessimism              0.000     5.924    
                         clock uncertainty           -0.035     5.889    
                         FDCE (Setup_fdce_C_D)        0.029     5.918    program_counter/pc_reg[31]
  -------------------------------------------------------------------
                         required time                          5.918    
                         arrival time                         -18.160    
  -------------------------------------------------------------------
                         slack                                -12.242    





Min Delay Paths
--------------------------------------------------------------------------------------
Slack (MET) :             0.233ns  (arrival time - required time)
  Source:                 mem_wb_register/WB_rd_reg[3]/C
                            (rising edge-triggered cell FDCE clocked by clk  {rise@0.000ns fall@2.500ns period=5.000ns})
  Destination:            register_file/registers_reg_r1_0_31_0_5/RAMA/WADR3
                            (rising edge-triggered cell RAMD32 clocked by clk  {rise@0.000ns fall@2.500ns period=5.000ns})
  Path Group:             clk
  Path Type:              Hold (Min at Fast Process Corner)
  Requirement:            0.000ns  (clk rise@0.000ns - clk rise@0.000ns)
  Data Path Delay:        0.441ns  (logic 0.141ns (31.964%)  route 0.300ns (68.036%))
  Logic Levels:           0  
  Clock Path Skew:        0.022ns (DCD - SCD - CPR)
    Destination Clock Delay (DCD):    0.432ns
    Source Clock Delay      (SCD):    0.410ns
    Clock Pessimism Removal (CPR):    -0.000ns

    Location             Delay type                Incr(ns)  Path(ns)    Netlist Resource(s)
  -------------------------------------------------------------------    -------------------
                         (clock clk rise edge)        0.000     0.000 r  
                                                      0.000     0.000 r  clk (IN)
                         net (fo=1808, unset)         0.410     0.410    mem_wb_register/clk
                         FDCE                                         r  mem_wb_register/WB_rd_reg[3]/C
  -------------------------------------------------------------------    -------------------
                         FDCE (Prop_fdce_C_Q)         0.141     0.551 r  mem_wb_register/WB_rd_reg[3]/Q
                         net (fo=100, unplaced)       0.300     0.851    register_file/registers_reg_r1_0_31_0_5/ADDRD3
                         RAMD32                                       r  register_file/registers_reg_r1_0_31_0_5/RAMA/WADR3
  -------------------------------------------------------------------    -------------------

                         (clock clk rise edge)        0.000     0.000 r  
                                                      0.000     0.000 r  clk (IN)
                         net (fo=1808, unset)         0.432     0.432    register_file/registers_reg_r1_0_31_0_5/WCLK
                         RAMD32                                       r  register_file/registers_reg_r1_0_31_0_5/RAMA/CLK
                         clock pessimism              0.000     0.432    
                         RAMD32 (Hold_ramd32_CLK_WADR3)
                                                      0.187     0.619    register_file/registers_reg_r1_0_31_0_5/RAMA
  -------------------------------------------------------------------
                         required time                         -0.619    
                         arrival time                           0.851    
  -------------------------------------------------------------------
                         slack                                  0.233    





Pulse Width Checks
--------------------------------------------------------------------------------------
Clock Name:         clk
Waveform(ns):       { 0.000 2.500 }
Period(ns):         5.000
Sources:            { clk }

Check Type        Corner  Lib Pin      Reference Pin  Required(ns)  Actual(ns)  Slack(ns)  Location  Pin
Min Period        n/a     DSP48E1/CLK  n/a            2.154         5.000       2.846                alu/multiplier_word/mult_result__0/CLK
Low Pulse Width   Slow    RAMD32/CLK   n/a            1.250         2.500       1.250                register_file/registers_reg_r1_0_31_0_5/RAMA/CLK
High Pulse Width  Slow    RAMD32/CLK   n/a            1.250         2.500       1.250                register_file/registers_reg_r1_0_31_0_5/RAMA/CLK



