Copyright 1986-2022 Xilinx, Inc. All Rights Reserved. Copyright 2022-2025 Advanced Micro Devices, Inc. All Rights Reserved.
---------------------------------------------------------------------------------------------------------------------------------------------
| Tool Version : Vivado v.2025.2 (lin64) Build 6299465 Fri Nov 14 12:34:56 MST 2025
| Date         : Tue Sep 15 20:11:59 2026
| Host         : khwl-ThinkPad-X1-Carbon-Gen-13 running 64-bit Ubuntu 24.04.4 LTS
| Command      : report_control_sets -verbose -file RV64IM72F8SPSoCTOP_control_sets_placed.rpt
| Design       : RV64IM72F8SPSoCTOP
| Device       : xc7a200t
---------------------------------------------------------------------------------------------------------------------------------------------

Control Set Information

Table of Contents
-----------------
1. Summary
2. Histogram
3. Flip-Flop Distribution
4. Detailed Control Set Information

1. Summary
----------

+----------------------------------------------------------+-------+
|                          Status                          | Count |
+----------------------------------------------------------+-------+
| Total control sets                                       |   113 |
|    Minimum number of control sets                        |    17 |
|    Addition due to synthesis replication                 |     0 |
|    Addition due to physical synthesis replication        |    96 |
| Unused register locations in slices containing registers |   416 |
+----------------------------------------------------------+-------+
* Control sets can be merged at opt_design using control_set_merge or merge_equivalent_drivers
** Run report_qor_suggestions for automated merging and remapping suggestions


2. Histogram
------------

+--------------------+-------+
|       Fanout       | Count |
+--------------------+-------+
| Total control sets |   113 |
| >= 0 to < 4        |    13 |
| >= 4 to < 6        |    14 |
| >= 6 to < 8        |     7 |
| >= 8 to < 10       |    10 |
| >= 10 to < 12      |     4 |
| >= 12 to < 14      |     4 |
| >= 14 to < 16      |     5 |
| >= 16              |    56 |
+--------------------+-------+
* Control sets can be remapped at either synth_design or opt_design


3. Flip-Flop Distribution
-------------------------

+--------------+-----------------------+------------------------+-----------------+--------------+
| Clock Enable | Synchronous Set/Reset | Asynchronous Set/Reset | Total Registers | Total Slices |
+--------------+-----------------------+------------------------+-----------------+--------------+
| No           | No                    | No                     |               7 |            6 |
| No           | No                    | Yes                    |              65 |           39 |
| No           | Yes                   | No                     |               0 |            0 |
| Yes          | No                    | No                     |             271 |           90 |
| Yes          | No                    | Yes                    |            1997 |          790 |
| Yes          | Yes                   | No                     |            2804 |          886 |
+--------------+-----------------------+------------------------+-----------------+--------------+


4. Detailed Control Set Information
-----------------------------------

+------------------------+------------------------------------------------------------------+--------------------------------------------------------------+------------------+----------------+--------------+
|      Clock Signal      |                           Enable Signal                          |                       Set/Reset Signal                       | Slice Load Count | Bel Load Count | Bels / Slice |
+------------------------+------------------------------------------------------------------+--------------------------------------------------------------+------------------+----------------+--------------+
|  clk_gen/inst/clk_out1 |                                                                  | internal_reset                                               |                1 |              1 |         1.00 |
|  clk_gen/inst/clk_out1 | rv64im72f_6sp/exr_ex_register/cpu_clk_enable_reg_2[0]            | internal_reset_repN_1                                        |                1 |              1 |         1.00 |
|  clk_gen/inst/clk_out1 | rv64im72f_6sp/exr_ex_register/cpu_clk_enable_reg_2[0]            | internal_reset_repN                                          |                1 |              1 |         1.00 |
|  clk_gen/inst/clk_out1 | rv64im72f_6sp/ex_ex2_register/cpu_clk_enable_reg_1[0]            | internal_reset_repN_7                                        |                1 |              1 |         1.00 |
|  clk_gen/inst/clk_out1 | uart_tx/tx_i_1_n_0                                               | internal_reset_repN                                          |                1 |              1 |         1.00 |
|  clk_gen/inst/clk_out1 | rv64im72f_6sp/exception_detector/E[0]                            | internal_reset_repN_10                                       |                1 |              1 |         1.00 |
|  clk_gen/inst/clk_out1 | cpu_clk_enable                                                   | internal_reset_repN_1                                        |                1 |              1 |         1.00 |
|  clk_gen/inst/clk_out1 | rv64im72f_6sp/exception_detector/trapped_reg_0[0]                | internal_reset_repN_10                                       |                1 |              1 |         1.00 |
|  clk_gen/inst/clk_out1 | rv64im72f_6sp/exr_ex_register/cpu_clk_enable_reg_2[0]            | internal_reset_repN_3                                        |                1 |              2 |         2.00 |
|  clk_gen/inst/clk_out1 | rv64im72f_6sp/alu/multiplier_dword/result_sign_s22_out           | internal_reset_repN_2                                        |                1 |              2 |         2.00 |
|  clk_gen/inst/clk_out1 |                                                                  | internal_reset_repN_7                                        |                2 |              2 |         1.00 |
|  clk_gen/inst/clk_out1 |                                                                  | internal_reset_repN_11                                       |                2 |              3 |         1.50 |
|  clk_gen/inst/clk_out1 | rv64im72f_6sp/alu/multiplier_word/result_sign_s22_out            | internal_reset_repN_8                                        |                2 |              3 |         1.50 |
|  clk_gen/inst/clk_out1 | rv64im72f_6sp/alu/multiplier_dword/FSM_onehot_stage[3]_i_1_n_0   | internal_reset_repN_2                                        |                2 |              4 |         2.00 |
|  clk_gen/inst/clk_out1 | uart_tx/bit_counter[3]_i_1__1_n_0                                | internal_reset_repN                                          |                2 |              4 |         2.00 |
|  clk_gen/inst/clk_out1 | rv64im72f_6sp/ex_ex2_register/cpu_clk_enable_reg_6[0]            | internal_reset_repN_7                                        |                2 |              4 |         2.00 |
|  clk_gen/inst/clk_out1 | rv64im72f_6sp/alu/multiplier_dword/result_sign_s22_out           | internal_reset_repN_6                                        |                2 |              4 |         2.00 |
|  clk_gen/inst/clk_out1 | rv64im72f_6sp/alu/multiplier_word/FSM_onehot_stage[3]_i_1__0_n_0 | internal_reset_repN_2                                        |                1 |              4 |         4.00 |
|  clk_gen/inst/clk_out1 | cpu_clk_enable                                                   | internal_reset_repN_7                                        |                3 |              4 |         1.33 |
|  clk_gen/inst/clk_out1 | rv64im72f_6sp/alu/divider_dword/bit_counter[6]_i_1_n_0           | internal_reset_repN_3                                        |                2 |              4 |         2.00 |
|  clk_gen/inst/clk_out1 | rv64im72f_6sp/alu/divider_dword/FSM_onehot_state[3]_i_1__0_n_0   | internal_reset_repN_4                                        |                1 |              4 |         4.00 |
|  clk_gen/inst/clk_out1 | rv64im72f_6sp/alu/divider_word/FSM_onehot_state[3]_i_1_n_0       | internal_reset_repN_2                                        |                2 |              4 |         2.00 |
|  clk_gen/inst/clk_out1 | rv64im72f_6sp/alu/divider_word/quotient_reg[31]_i_1_n_0          | internal_reset_repN_3                                        |                1 |              4 |         4.00 |
|  clk_gen/inst/clk_out1 | rv64im72f_6sp/alu/divider_dword/quotient_sign4_out               | internal_reset_repN_1                                        |                3 |              5 |         1.67 |
|  clk_gen/inst/clk_out1 | rv64im72f_6sp/exr_ex_register/cpu_clk_enable_reg_0[0]            | internal_reset_repN_6                                        |                2 |              5 |         2.50 |
|  clk_gen/inst/clk_out1 | rv64im72f_6sp/exr_ex_register/E[0]                               | internal_reset_repN_6                                        |                2 |              5 |         2.50 |
|  clk_gen/inst/clk_out1 | rv64im72f_6sp/exception_detector/cpu_clk_enable_reg[0]           | internal_reset_repN_10                                       |                3 |              5 |         1.67 |
|  clk_gen/inst/clk_out1 | rv64im72f_6sp/alu/divider_dword/bit_counter[6]_i_1_n_0           | internal_reset_repN_7                                        |                5 |              6 |         1.20 |
|  clk_gen/inst/clk_out1 | rv64im72f_6sp/alu/divider_word/bit_counter[5]_i_1_n_0            | internal_reset_repN_3                                        |                4 |              6 |         1.50 |
|  clk_gen/inst/clk_out1 | rv64im72f_6sp/alu/multiplier_word/result_sign_s22_out            | internal_reset_repN_7                                        |                3 |              7 |         2.33 |
|  clk_gen/inst/clk_out1 |                                                                  |                                                              |                6 |              7 |         1.17 |
|  clk_gen/inst/clk_out1 | rv64im72f_6sp/exception_detector/cpu_clk_enable_reg[0]           | internal_reset_repN_11                                       |                5 |              7 |         1.40 |
|  clk_gen/inst/clk_out1 | rv64im72f_6sp/exception_detector/E[0]                            | internal_reset_repN_11                                       |                1 |              7 |         7.00 |
|  clk_gen/inst/clk_out1 | rv64im72f_6sp/alu/divider_word/quotient_sign4_out                | internal_reset_repN_3                                        |                3 |              7 |         2.33 |
|  clk_gen/inst/clk_out1 | rv64im72f_6sp/alu/multiplier_word/prod_low[31]_i_1__0_n_0        | internal_reset_repN_6                                        |                4 |              8 |         2.00 |
|  clk_gen/inst/clk_out1 | rv64im72f_6sp/exr_ex_register/cpu_clk_enable_reg_0[0]            | internal_reset_repN_3                                        |                4 |              8 |         2.00 |
|  clk_gen/inst/clk_out1 | rv64im72f_6sp/exception_detector/trapped_reg_1[0]                | internal_reset_repN_11                                       |                5 |              8 |         1.60 |
|  clk_gen/inst/clk_out1 | rv64im72f_6sp/exception_detector/trapped_reg_0[0]                | internal_reset_repN_11                                       |                3 |              9 |         3.00 |
|  clk_gen/inst/clk_out1 | rv64im72f_6sp/exr_ex_register/cpu_clk_enable_reg_0[0]            | internal_reset_repN_2                                        |                5 |              9 |         1.80 |
|  clk_gen/inst/clk_out1 | rv64im72f_6sp/alu/multiplier_word/prod_low[31]_i_1__0_n_0        | internal_reset_repN_7                                        |                4 |              9 |         2.25 |
|  clk_gen/inst/clk_out1 | rv64im72f_6sp/exr_ex_register/cpu_clk_enable_reg_2[0]            | internal_reset_repN_5                                        |                7 |              9 |         1.29 |
|  clk_gen/inst/clk_out1 | rv64im72f_6sp/alu/multiplier_word/prod_low[31]_i_1__0_n_0        | internal_reset_repN_8                                        |                3 |              9 |         3.00 |
|  clk_gen/inst/clk_out1 | cpu_clk_enable                                                   | rv64im72f_6sp/ex_ex2_register/ID_branch_estimation0_out      |                3 |              9 |         3.00 |
|  clk_gen/inst/clk_out1 | uart_tx/shift_reg[8]_i_1_n_0                                     | internal_reset_repN                                          |                3 |              9 |         3.00 |
|  clk_gen/inst/clk_out1 | rv64im72f_6sp/exception_detector/trapped_reg_0[0]                | internal_reset_repN_2                                        |                4 |             10 |         2.50 |
|  clk_gen/inst/clk_out1 | rv64im72f_6sp/exr_ex_register/cpu_clk_enable_reg_3[0]            | internal_reset_repN_8                                        |                4 |             10 |         2.50 |
|  clk_gen/inst/clk_out1 | mmio_interface/E[0]                                              | internal_reset_repN                                          |                5 |             10 |         2.00 |
|  clk_gen/inst/clk_out1 | rv64im72f_6sp/exception_detector/trapped_reg_1[0]                | internal_reset_repN_2                                        |                4 |             10 |         2.50 |
|  clk_gen/inst/clk_out1 | rv64im72f_6sp/exr_ex_register/cpu_clk_enable_reg_0[0]            | internal_reset_repN_7                                        |                7 |             12 |         1.71 |
|  clk_gen/inst/clk_out1 | rv64im72f_6sp/alu/multiplier_dword/prod_high[63]_i_1_n_0         | internal_reset_repN_2                                        |                6 |             12 |         2.00 |
|  clk_gen/inst/clk_out1 | rv64im72f_6sp/exception_detector/E[0]                            | internal_reset_repN_8                                        |                5 |             13 |         2.60 |
|  clk_gen/inst/clk_out1 | rv64im72f_6sp/exception_detector/E[0]                            | internal_reset_repN_2                                        |                2 |             13 |         6.50 |
|  clk_gen/inst/clk_out1 | rv64im72f_6sp/exception_detector/trapped_reg_0[0]                | internal_reset_repN_8                                        |                6 |             15 |         2.50 |
|  clk_gen/inst/clk_out1 |                                                                  | reset                                                        |               11 |             15 |         1.36 |
|  clk_gen/inst/clk_out1 | rv64im72f_6sp/alu/multiplier_dword/prod_high[63]_i_1_n_0         | internal_reset_repN_6                                        |                9 |             15 |         1.67 |
|  clk_gen/inst/clk_out1 | rv64im72f_6sp/ex_ex2_register/E[0]                               | internal_reset_repN                                          |                6 |             15 |         2.50 |
|  clk_gen/inst/clk_out1 | rv64im72f_6sp/ex_ex2_register/cpu_clk_enable_reg_1[0]            | internal_reset_repN                                          |                8 |             15 |         1.88 |
|  clk_gen/inst/clk_out1 | rv64im72f_6sp/exception_detector/trapped_reg_1[0]                | internal_reset_repN_8                                        |                7 |             16 |         2.29 |
|  clk_gen/inst/clk_out1 | rv64im72f_6sp/alu/divider_word/bit_counter[5]_i_1_n_0            | internal_reset_repN_2                                        |                8 |             18 |         2.25 |
|  clk_gen/inst/clk_out1 | rv64im72f_6sp/alu/divider_dword/bit_counter[6]_i_1_n_0           | internal_reset_repN_1                                        |                8 |             19 |         2.38 |
|  clk_gen/inst/clk_out1 |                                                                  | internal_reset_repN                                          |               11 |             19 |         1.73 |
|  clk_gen/inst/clk_out1 | rv64im72f_6sp/alu/multiplier_dword/result_sign_s22_out           | internal_reset_repN_5                                        |                7 |             19 |         2.71 |
|  clk_gen/inst/clk_out1 | cpu_clk_enable                                                   |                                                              |                8 |             21 |         2.62 |
|  clk_gen/inst/clk_out1 | rv64im72f_6sp/ex_ex2_register/cpu_clk_enable_reg_6[0]            | internal_reset_repN_8                                        |               10 |             21 |         2.10 |
|  clk_gen/inst/clk_out1 | rv64im72f_6sp/exr_ex_register/E[0]                               | internal_reset_repN_5                                        |                8 |             22 |         2.75 |
|  clk_gen/inst/clk_out1 | rv64im72f_6sp/exr_ex_register/cpu_clk_enable_reg_2[0]            | internal_reset_repN_4                                        |               13 |             23 |         1.77 |
|  clk_gen/inst/clk_out1 | rv64im72f_6sp/exception_detector/cpu_clk_enable_reg[0]           | internal_reset_repN_8                                        |               11 |             24 |         2.18 |
|  clk_gen/inst/clk_out1 |                                                                  | internal_reset_repN_3                                        |               12 |             25 |         2.08 |
|  clk_gen/inst/clk_out1 | rv64im72f_6sp/alu/divider_word/quotient_reg[31]_i_1_n_0          | internal_reset_repN_6                                        |                8 |             26 |         3.25 |
|  clk_gen/inst/clk_out1 | rv64im72f_6sp/alu/multiplier_word/result_sign_s22_out            | internal_reset_repN_2                                        |               12 |             27 |         2.25 |
|  clk_gen/inst/clk_out1 | rv64im72f_6sp/alu/divider_word/quotient_sign4_out                | internal_reset_repN_6                                        |                8 |             27 |         3.38 |
|  clk_gen/inst/clk_out1 | cpu_clk_enable                                                   | internal_reset_repN_11                                       |               16 |             27 |         1.69 |
|  clk_gen/inst/clk_out1 | rv64im72f_6sp/exception_detector/cpu_clk_enable_reg[0]           | internal_reset_repN_9                                        |               14 |             28 |         2.00 |
|  clk_gen/inst/clk_out1 | rv64im72f_6sp/exception_detector/trapped_reg_0[0]                | internal_reset_repN_9                                        |                8 |             29 |         3.62 |
|  clk_gen/inst/clk_out1 | rv64im72f_6sp/exr_ex_register/cpu_clk_enable_reg_2[0]            | internal_reset_repN_7                                        |               10 |             30 |         3.00 |
|  clk_gen/inst/clk_out1 | rv64im72f_6sp/exception_detector/E[0]                            | internal_reset_repN_9                                        |               10 |             30 |         3.00 |
|  clk_gen/inst/clk_out1 | rv64im72f_6sp/exception_detector/trapped_reg_1[0]                | internal_reset_repN_9                                        |               13 |             30 |         2.31 |
|  clk_gen/inst/clk_out1 | rv64im72f_6sp/exr_ex_register/cpu_clk_enable_reg[0]              |                                                              |               14 |             32 |         2.29 |
|  clk_gen/inst/clk_out1 | cpu_clk_enable                                                   | internal_reset_repN_10                                       |               18 |             34 |         1.89 |
|  clk_gen/inst/clk_out1 | rv64im72f_6sp/alu/divider_word/quotient_reg[31]_i_1_n_0          | internal_reset_repN_2                                        |                9 |             34 |         3.78 |
|  clk_gen/inst/clk_out1 | cpu_clk_enable                                                   | internal_reset_repN_8                                        |               17 |             35 |         2.06 |
|  clk_gen/inst/clk_out1 | rv64im72f_6sp/alu/multiplier_dword/prod_high[63]_i_1_n_0         | internal_reset_repN_7                                        |               16 |             37 |         2.31 |
|  clk_gen/inst/clk_out1 | rv64im72f_6sp/alu/multiplier_word/prod_low[31]_i_1__0_n_0        | internal_reset_repN_2                                        |               13 |             38 |         2.92 |
|  clk_gen/inst/clk_out1 | rv64im72f_6sp/alu/divider_dword/bit_counter[6]_i_1_n_0           | internal_reset_repN_5                                        |               20 |             39 |         1.95 |
|  clk_gen/inst/clk_out1 | rv64im72f_6sp/ex_ex2_register/cpu_clk_enable_reg_6[0]            | internal_reset_repN                                          |               16 |             39 |         2.44 |
|  clk_gen/inst/clk_out1 | rv64im72f_6sp/alu/multiplier_dword/result_sign_s22_out           | internal_reset_repN_7                                        |               17 |             43 |         2.53 |
|  clk_gen/inst/clk_out1 | rv64im72f_6sp/alu/divider_word/bit_counter[5]_i_1_n_0            | internal_reset_repN_6                                        |               14 |             46 |         3.29 |
|  clk_gen/inst/clk_out1 | rv64im72f_6sp/ex_ex2_register/cpu_clk_enable_reg_1[0]            | internal_reset_repN_8                                        |               19 |             48 |         2.53 |
|  clk_gen/inst/clk_out1 | rv64im72f_6sp/exr_ex_register/E[0]                               | internal_reset_repN_3                                        |               16 |             49 |         3.06 |
|  clk_gen/inst/clk_out1 | rv64im72f_6sp/ex_ex2_register/E[0]                               | internal_reset_repN_8                                        |               25 |             49 |         1.96 |
|  clk_gen/inst/clk_out1 | cpu_clk_enable                                                   | internal_reset_repN                                          |               29 |             50 |         1.72 |
|  clk_gen/inst/clk_out1 | rv64im72f_6sp/exr_ex_register/E[0]                               | internal_reset_repN_7                                        |               20 |             53 |         2.65 |
|  clk_gen/inst/clk_out1 | rv64im72f_6sp/alu/divider_dword/quotient_reg[63]_i_1_n_0         | internal_reset_repN_4                                        |               15 |             55 |         3.67 |
|  clk_gen/inst/clk_out1 | rv64im72f_6sp/exr_ex_register/cpu_clk_enable_reg_3[0]            | internal_reset_repN_2                                        |               18 |             55 |         3.06 |
|  clk_gen/inst/clk_out1 | rv64im72f_6sp/alu/divider_dword/quotient_sign4_out               | internal_reset_repN_4                                        |               21 |             61 |         2.90 |
|  clk_gen/inst/clk_out1 | rv64im72f_6sp/exr_ex_register/cpu_clk_enable_reg_1[0]            |                                                              |               26 |             64 |         2.46 |
|  clk_gen/inst/clk_out1 | rv64im72f_6sp/ex_ex2_register/est_target[0]                      | rv64im72f_6sp/ex_ex2_register/EX_jump_reg_1                  |               17 |             64 |         3.76 |
|  clk_gen/inst/clk_out1 | rv64im72f_6sp/csr_file/minstret[0]                               | internal_reset_repN_9                                        |               17 |             64 |         3.76 |
|  clk_gen/inst/clk_out1 | rv64im72f_6sp/data_memory/E[0]                                   | internal_reset_repN_11                                       |               16 |             64 |         4.00 |
|  clk_gen/inst/clk_out1 | rv64im72f_6sp/exception_detector/cpu_clk_enable_reg_1            | rv64im72f_6sp/exception_detector/SR[0]                       |               64 |             64 |         1.00 |
|  clk_gen/inst/clk_out1 | rv64im72f_6sp/alu/multiplier_dword/prod_high[63]_i_1_n_0         | internal_reset_repN_3                                        |               30 |             64 |         2.13 |
|  clk_gen/inst/clk_out1 | cpu_clk_enable                                                   | internal_reset_repN_9                                        |               18 |             65 |         3.61 |
|  clk_gen/inst/clk_out1 | rv64im72f_6sp/exception_detector/cpu_clk_enable_reg_1            | rv64im72f_6sp/exception_detector/EX_MEM_flush                |               37 |             67 |         1.81 |
|  clk_gen/inst/clk_out1 | rv64im72f_6sp/alu/divider_dword/bit_counter[6]_i_1_n_0           | internal_reset_repN_4                                        |               20 |             67 |         3.35 |
|  clk_gen/inst/clk_out1 | rv64im72f_6sp/alu/divider_dword/quotient_reg[63]_i_1_n_0         | internal_reset_repN_1                                        |               19 |             73 |         3.84 |
|  clk_gen/inst/clk_out1 | rv64im72f_6sp/alu/multiplier_dword/result_sign_s22_out           | internal_reset_repN_3                                        |               32 |             77 |         2.41 |
|  clk_gen/inst/clk_out1 | rv64im72f_6sp/alu/multiplier_dword/result_sign_s22_out           |                                                              |               42 |            154 |         3.67 |
|  clk_gen/inst/clk_out1 | rv64im72f_6sp/if_io_register/IO_pc[63]_i_2_n_0                   | rv64im72f_6sp/ex_ex2_register/SR[0]                          |               32 |            160 |         5.00 |
|  clk_gen/inst/clk_out1 | rv64im72f_6sp/mem_wb_register/p_0_in2_out                        |                                                              |               22 |            176 |         8.00 |
|  clk_gen/inst/clk_out1 | rv64im72f_6sp/trap_controller/cpu_clk_enable_reg_0               | rv64im72f_6sp/exception_detector/cpu_clk_enable_reg_0[0]     |              137 |            446 |         3.26 |
|  clk_gen/inst/clk_out1 | rv64im72f_6sp/trap_controller/cpu_clk_enable_reg_0               | rv64im72f_6sp/ex_ex2_register/cpu_clk_enable_reg_5           |              132 |            542 |         4.11 |
|  clk_gen/inst/clk_out1 | rv64im72f_6sp/ex_ex2_register/cpu_clk_enable_reg_8[0]            | rv64im72f_6sp/ex_ex2_register/ID_branch_estimation0_out      |              142 |            609 |         4.29 |
|  clk_gen/inst/clk_out1 | rv64im72f_6sp/trap_controller/cpu_clk_enable_reg_0               | rv64im72f_6sp/ex_ex2_register/EX2_register_write_enable0_out |              322 |            843 |         2.62 |
+------------------------+------------------------------------------------------------------+--------------------------------------------------------------+------------------+----------------+--------------+


