Copyright 1986-2022 Xilinx, Inc. All Rights Reserved. Copyright 2022-2025 Advanced Micro Devices, Inc. All Rights Reserved.
---------------------------------------------------------------------------------------------------------------------------------------------
| Tool Version : Vivado v.2025.2 (lin64) Build 6299465 Fri Nov 14 12:34:56 MST 2025
| Date         : Wed Sep  9 09:15:20 2026
| Host         : khwl-ThinkPad-X1-Carbon-Gen-13 running 64-bit Ubuntu 24.04.4 LTS
| Command      : report_control_sets -verbose -file RV64IM72F5SPSoCTOP_control_sets_placed.rpt
| Design       : RV64IM72F5SPSoCTOP
| Device       : xc7a200t
---------------------------------------------------------------------------------------------------------------------------------------------

Control Set Information

Table of Contents
-----------------
1. Summary
2. Histogram
3. Flip-Flop Distribution
4. Detailed Control Set Information

1. Summary
----------

+----------------------------------------------------------+-------+
|                          Status                          | Count |
+----------------------------------------------------------+-------+
| Total control sets                                       |   111 |
|    Minimum number of control sets                        |    24 |
|    Addition due to synthesis replication                 |     0 |
|    Addition due to physical synthesis replication        |    87 |
| Unused register locations in slices containing registers |   422 |
+----------------------------------------------------------+-------+
* Control sets can be merged at opt_design using control_set_merge or merge_equivalent_drivers
** Run report_qor_suggestions for automated merging and remapping suggestions


2. Histogram
------------

+--------------------+-------+
|       Fanout       | Count |
+--------------------+-------+
| Total control sets |   111 |
| >= 0 to < 4        |    20 |
| >= 4 to < 6        |    13 |
| >= 6 to < 8        |     3 |
| >= 8 to < 10       |     9 |
| >= 10 to < 12      |     9 |
| >= 12 to < 14      |     4 |
| >= 14 to < 16      |     3 |
| >= 16              |    50 |
+--------------------+-------+
* Control sets can be remapped at either synth_design or opt_design


3. Flip-Flop Distribution
-------------------------

+--------------+-----------------------+------------------------+-----------------+--------------+
| Clock Enable | Synchronous Set/Reset | Asynchronous Set/Reset | Total Registers | Total Slices |
+--------------+-----------------------+------------------------+-----------------+--------------+
| No           | No                    | No                     |               4 |            4 |
| No           | No                    | Yes                    |              62 |           31 |
| No           | Yes                   | No                     |               0 |            0 |
| Yes          | No                    | No                     |             123 |           45 |
| Yes          | No                    | Yes                    |            1803 |          709 |
| Yes          | Yes                   | No                     |            2194 |          750 |
+--------------+-----------------------+------------------------+-----------------+--------------+


4. Detailed Control Set Information
-----------------------------------

+------------------------+------------------------------------------------------------------+-----------------------------------------------------------------+------------------+----------------+--------------+
|      Clock Signal      |                           Enable Signal                          |                         Set/Reset Signal                        | Slice Load Count | Bel Load Count | Bels / Slice |
+------------------------+------------------------------------------------------------------+-----------------------------------------------------------------+------------------+----------------+--------------+
|  clk_gen/inst/clk_out1 | rv64im72f_6sp/id_ex_register/cpu_clk_enable_reg_4[0]             | internal_reset_repN_10                                          |                1 |              1 |         1.00 |
|  clk_gen/inst/clk_out1 | rv64im72f_6sp/alu/multiplier_word/cpu_clk_enable_reg             | internal_reset_repN_2                                           |                1 |              1 |         1.00 |
|  clk_gen/inst/clk_out1 |                                                                  | internal_reset_repN_6                                           |                1 |              1 |         1.00 |
|  clk_gen/inst/clk_out1 |                                                                  | internal_reset_repN_10                                          |                1 |              1 |         1.00 |
|  clk_gen/inst/clk_out1 | rv64im72f_6sp/alu/multiplier_word/FSM_onehot_stage[3]_i_1__0_n_0 | internal_reset_repN                                             |                1 |              1 |         1.00 |
|  clk_gen/inst/clk_out1 | rv64im72f_6sp/alu/divider_dword/quotient_reg[63]_i_1_n_0         | internal_reset_repN_3                                           |                1 |              1 |         1.00 |
|  clk_gen/inst/clk_out1 | cpu_clk_enable                                                   | internal_reset_repN_11                                          |                1 |              1 |         1.00 |
|  clk_gen/inst/clk_out1 | rv64im72f_6sp/alu/multiplier_word/prod_low[31]_i_1__0_n_0        | internal_reset_repN_2                                           |                1 |              1 |         1.00 |
|  clk_gen/inst/clk_out1 | rv64im72f_6sp/alu/divider_word/quotient_reg[31]_i_1_n_0          | internal_reset_repN_5                                           |                1 |              1 |         1.00 |
|  clk_gen/inst/clk_out1 | uart_tx/tx_i_1_n_0                                               | internal_reset                                                  |                1 |              1 |         1.00 |
|  clk_gen/inst/clk_out1 | rv64im72f_6sp/alu/divider_word/FSM_onehot_state[3]_i_1_n_0       | internal_reset_repN                                             |                1 |              2 |         2.00 |
|  clk_gen/inst/clk_out1 | rv64im72f_6sp/alu/divider_word/FSM_onehot_state[3]_i_1_n_0       | internal_reset_repN_3                                           |                1 |              2 |         2.00 |
|  clk_gen/inst/clk_out1 | rv64im72f_6sp/alu/divider_word/quotient_sign4_out                | internal_reset_repN_8                                           |                1 |              2 |         2.00 |
|  clk_gen/inst/clk_out1 | rv64im72f_6sp/id_ex_register/cpu_clk_enable_reg_3[0]             | internal_reset_repN_1                                           |                1 |              3 |         3.00 |
|  clk_gen/inst/clk_out1 | rv64im72f_6sp/id_ex_register/cpu_clk_enable_reg_4[0]             | internal_reset_repN_7                                           |                2 |              3 |         1.50 |
|  clk_gen/inst/clk_out1 | cpu_clk_enable                                                   | rv64im72f_6sp/ex_ex2_register/ID_branch_estimation0_out         |                2 |              3 |         1.50 |
|  clk_gen/inst/clk_out1 | rv64im72f_6sp/id_ex_register/cpu_clk_enable_reg_4[0]             | internal_reset_repN_8                                           |                3 |              3 |         1.00 |
|  clk_gen/inst/clk_out1 | rv64im72f_6sp/id_ex_register/cpu_clk_enable_reg_3[0]             | internal_reset_repN_7                                           |                1 |              3 |         3.00 |
|  clk_gen/inst/clk_out1 | rv64im72f_6sp/id_ex_register/cpu_clk_enable_reg_3[0]             | internal_reset_repN_5                                           |                1 |              3 |         3.00 |
|  clk_gen/inst/clk_out1 | rv64im72f_6sp/alu/multiplier_word/FSM_onehot_stage[3]_i_1__0_n_0 | internal_reset                                                  |                1 |              3 |         3.00 |
|  clk_gen/inst/clk_out1 | rv64im72f_6sp/alu/divider_word/bit_counter[5]_i_1_n_0            | internal_reset_repN_8                                           |                3 |              4 |         1.33 |
|  clk_gen/inst/clk_out1 | rv64im72f_6sp/alu/multiplier_dword/FSM_onehot_stage[3]_i_1_n_0   | internal_reset                                                  |                1 |              4 |         4.00 |
|  clk_gen/inst/clk_out1 | rv64im72f_6sp/exception_detector/cpu_clk_enable_reg_0[0]         | internal_reset_repN_10                                          |                1 |              4 |         4.00 |
|  clk_gen/inst/clk_out1 | uart_tx/bit_counter[3]_i_1__1_n_0                                | internal_reset                                                  |                1 |              4 |         4.00 |
|  clk_gen/inst/clk_out1 | rv64im72f_6sp/alu/divider_dword/FSM_onehot_state[3]_i_1__0_n_0   | internal_reset_repN_6                                           |                2 |              4 |         2.00 |
|  clk_gen/inst/clk_out1 |                                                                  |                                                                 |                4 |              4 |         1.00 |
|  clk_gen/inst/clk_out1 | rv64im72f_6sp/alu/multiplier_word/prod_low[31]_i_1__0_n_0        | internal_reset_repN_6                                           |                3 |              4 |         1.33 |
|  clk_gen/inst/clk_out1 | rv64im72f_6sp/alu/multiplier_word/cpu_clk_enable_reg             | internal_reset_repN_6                                           |                3 |              5 |         1.67 |
|  clk_gen/inst/clk_out1 | rv64im72f_6sp/mem_wb_register/WB_raw_imm_reg[2]_0[0]             | internal_reset_repN_10                                          |                1 |              5 |         5.00 |
|  clk_gen/inst/clk_out1 | rv64im72f_6sp/exception_detector/E[0]                            | internal_reset_repN_10                                          |                2 |              5 |         2.50 |
|  clk_gen/inst/clk_out1 | cpu_clk_enable                                                   | internal_reset_repN_10                                          |                4 |              5 |         1.25 |
|  clk_gen/inst/clk_out1 | rv64im72f_6sp/mem_wb_register/WB_raw_imm_reg[2]_2[0]             | internal_reset_repN_10                                          |                1 |              5 |         5.00 |
|  clk_gen/inst/clk_out1 | rv64im72f_6sp/id_ex_register/cpu_clk_enable_reg_4[0]             | internal_reset_repN_1                                           |                3 |              5 |         1.67 |
|  clk_gen/inst/clk_out1 | rv64im72f_6sp/alu/multiplier_dword/cpu_clk_enable_reg            | internal_reset_repN_6                                           |                3 |              6 |         2.00 |
|  clk_gen/inst/clk_out1 | rv64im72f_6sp/id_ex_register/cpu_clk_enable_reg_3[0]             | internal_reset_repN_8                                           |                5 |              6 |         1.20 |
|  clk_gen/inst/clk_out1 | rv64im72f_6sp/id_ex_register/cpu_clk_enable_reg_4[0]             | internal_reset_repN                                             |                6 |              7 |         1.17 |
|  clk_gen/inst/clk_out1 | rv64im72f_6sp/mem_wb_register/WB_raw_imm_reg[2]_2[0]             | internal_reset_repN_1                                           |                4 |              8 |         2.00 |
|  clk_gen/inst/clk_out1 | rv64im72f_6sp/exception_detector/E[0]                            | internal_reset_repN_1                                           |                3 |              8 |         2.67 |
|  clk_gen/inst/clk_out1 | rv64im72f_6sp/alu/divider_word/quotient_sign4_out                | internal_reset_repN_5                                           |                3 |              8 |         2.67 |
|  clk_gen/inst/clk_out1 | rv64im72f_6sp/exception_detector/cpu_clk_enable_reg_0[0]         | internal_reset                                                  |                3 |              8 |         2.67 |
|  clk_gen/inst/clk_out1 | rv64im72f_6sp/exception_detector/cpu_clk_enable_reg_0[0]         | internal_reset_repN_1                                           |                4 |              8 |         2.00 |
|  clk_gen/inst/clk_out1 | rv64im72f_6sp/alu/multiplier_dword/cpu_clk_enable_reg            | internal_reset_repN_5                                           |                4 |              8 |         2.00 |
|  clk_gen/inst/clk_out1 | rv64im72f_6sp/mem_wb_register/WB_raw_imm_reg[2]_0[0]             | internal_reset_repN_1                                           |                3 |              8 |         2.67 |
|  clk_gen/inst/clk_out1 | uart_tx/shift_reg[8]_i_1_n_0                                     | internal_reset                                                  |                3 |              9 |         3.00 |
|  clk_gen/inst/clk_out1 | rv64im72f_6sp/id_ex_register/cpu_clk_enable_reg_3[0]             | internal_reset_repN                                             |                7 |              9 |         1.29 |
|  clk_gen/inst/clk_out1 |                                                                  | internal_reset                                                  |                4 |             10 |         2.50 |
|  clk_gen/inst/clk_out1 | rv64im72f_6sp/id_ex_register/cpu_clk_enable_reg_3[0]             | internal_reset_repN_6                                           |                5 |             10 |         2.00 |
|  clk_gen/inst/clk_out1 | rv64im72f_6sp/mem_wb_register/WB_raw_imm_reg[2]_0[0]             | internal_reset                                                  |                5 |             10 |         2.00 |
|  clk_gen/inst/clk_out1 | mmio_interface/E[0]                                              | internal_reset_repN_9                                           |                4 |             10 |         2.50 |
|  clk_gen/inst/clk_out1 | rv64im72f_6sp/mem_wb_register/WB_raw_imm_reg[2]_2[0]             | internal_reset                                                  |                3 |             10 |         3.33 |
|  clk_gen/inst/clk_out1 | rv64im72f_6sp/alu/divider_dword/bit_counter[6]_i_1_n_0           | internal_reset_repN_2                                           |                7 |             10 |         1.43 |
|  clk_gen/inst/clk_out1 |                                                                  | internal_reset_repN                                             |                6 |             10 |         1.67 |
|  clk_gen/inst/clk_out1 | cpu_clk_enable                                                   | internal_reset_repN_7                                           |                7 |             11 |         1.57 |
|  clk_gen/inst/clk_out1 | rv64im72f_6sp/exception_detector/E[0]                            | internal_reset                                                  |                3 |             11 |         3.67 |
|  clk_gen/inst/clk_out1 | rv64im72f_6sp/id_ex_register/cpu_clk_enable_reg_2[0]             | internal_reset_repN_6                                           |                6 |             12 |         2.00 |
|  clk_gen/inst/clk_out1 | rv64im72f_6sp/id_ex_register/cpu_clk_enable_reg_4[0]             | internal_reset_repN_2                                           |                6 |             12 |         2.00 |
|  clk_gen/inst/clk_out1 | rv64im72f_6sp/alu/divider_dword/quotient_reg[63]_i_1_n_0         | internal_reset_repN_8                                           |                4 |             13 |         3.25 |
|  clk_gen/inst/clk_out1 | rv64im72f_6sp/alu/multiplier_dword/prod_high[63]_i_1_n_0         | internal_reset_repN_1                                           |                5 |             13 |         2.60 |
|  clk_gen/inst/clk_out1 | rv64im72f_6sp/alu/multiplier_dword/cpu_clk_enable_reg            | internal_reset_repN_1                                           |                8 |             14 |         1.75 |
|  clk_gen/inst/clk_out1 |                                                                  | reset                                                           |                9 |             15 |         1.67 |
|  clk_gen/inst/clk_out1 | rv64im72f_6sp/alu/multiplier_word/prod_low[31]_i_1__0_n_0        | internal_reset_repN_4                                           |                5 |             15 |         3.00 |
|  clk_gen/inst/clk_out1 | rv64im72f_6sp/id_ex_register/cpu_clk_enable_reg_4[0]             | internal_reset_repN_5                                           |               10 |             17 |         1.70 |
|  clk_gen/inst/clk_out1 | rv64im72f_6sp/alu/divider_dword/bit_counter[6]_i_1_n_0           | internal_reset_repN_8                                           |                7 |             18 |         2.57 |
|  clk_gen/inst/clk_out1 | rv64im72f_6sp/id_ex_register/cpu_clk_enable_reg_4[0]             | internal_reset_repN_6                                           |                9 |             18 |         2.00 |
|  clk_gen/inst/clk_out1 | rv64im72f_6sp/exception_detector/E[0]                            | internal_reset_repN_9                                           |                5 |             19 |         3.80 |
|  clk_gen/inst/clk_out1 | rv64im72f_6sp/mem_wb_register/WB_raw_imm_reg[2]_0[0]             | internal_reset_repN_9                                           |                6 |             20 |         3.33 |
|  clk_gen/inst/clk_out1 | rv64im72f_6sp/mem_wb_register/WB_raw_imm_reg[2]_2[0]             | internal_reset_repN_11                                          |                6 |             20 |         3.33 |
|  clk_gen/inst/clk_out1 | rv64im72f_6sp/mem_wb_register/WB_raw_imm_reg[2]_0[0]             | internal_reset_repN_11                                          |                6 |             21 |         3.50 |
|  clk_gen/inst/clk_out1 | rv64im72f_6sp/mem_wb_register/WB_raw_imm_reg[2]_2[0]             | internal_reset_repN_9                                           |                7 |             21 |         3.00 |
|  clk_gen/inst/clk_out1 | rv64im72f_6sp/alu/multiplier_dword/prod_high[63]_i_1_n_0         | internal_reset_repN_4                                           |               12 |             21 |         1.75 |
|  clk_gen/inst/clk_out1 | rv64im72f_6sp/exception_detector/E[0]                            | internal_reset_repN_11                                          |                8 |             21 |         2.62 |
|  clk_gen/inst/clk_out1 | rv64im72f_6sp/exception_detector/cpu_clk_enable_reg_0[0]         | internal_reset_repN_9                                           |               12 |             21 |         1.75 |
|  clk_gen/inst/clk_out1 | rv64im72f_6sp/exception_detector/cpu_clk_enable_reg_0[0]         | internal_reset_repN_11                                          |               13 |             23 |         1.77 |
|  clk_gen/inst/clk_out1 | rv64im72f_6sp/alu/divider_dword/quotient_sign4_out               | internal_reset_repN_8                                           |                7 |             23 |         3.29 |
|  clk_gen/inst/clk_out1 | rv64im72f_6sp/alu/divider_word/quotient_sign4_out                | internal_reset_repN_3                                           |                7 |             24 |         3.43 |
|  clk_gen/inst/clk_out1 | rv64im72f_6sp/id_ex_register/cpu_clk_enable_reg_5[0]             | internal_reset_repN_1                                           |                9 |             24 |         2.67 |
|  clk_gen/inst/clk_out1 | rv64im72f_6sp/alu/multiplier_dword/prod_high[63]_i_1_n_0         | internal_reset_repN_6                                           |               11 |             24 |         2.18 |
|  clk_gen/inst/clk_out1 |                                                                  | internal_reset_repN_3                                           |               10 |             25 |         2.50 |
|  clk_gen/inst/clk_out1 | rv64im72f_6sp/alu/divider_dword/bit_counter[6]_i_1_n_0           | internal_reset_repN_6                                           |               10 |             25 |         2.50 |
|  clk_gen/inst/clk_out1 | rv64im72f_6sp/alu/divider_word/bit_counter[5]_i_1_n_0            | internal_reset_repN_5                                           |               12 |             26 |         2.17 |
|  clk_gen/inst/clk_out1 | cpu_clk_enable                                                   |                                                                 |               10 |             27 |         2.70 |
|  clk_gen/inst/clk_out1 | rv64im72f_6sp/alu/divider_word/quotient_reg[31]_i_1_n_0          | internal_reset_repN_3                                           |                8 |             29 |         3.62 |
|  clk_gen/inst/clk_out1 | rv64im72f_6sp/alu/multiplier_dword/cpu_clk_enable_reg            | internal_reset_repN_4                                           |               11 |             30 |         2.73 |
|  clk_gen/inst/clk_out1 | rv64im72f_6sp/alu/multiplier_word/cpu_clk_enable_reg             | internal_reset_repN_1                                           |               14 |             31 |         2.21 |
|  clk_gen/inst/clk_out1 | rv64im72f_6sp/id_ex_register/cpu_clk_enable_reg[0]               |                                                                 |               15 |             32 |         2.13 |
|  clk_gen/inst/clk_out1 | rv64im72f_6sp/id_ex_register/cpu_clk_enable_reg_2[0]             | internal_reset_repN_1                                           |               11 |             33 |         3.00 |
|  clk_gen/inst/clk_out1 | rv64im72f_6sp/alu/divider_word/quotient_reg[31]_i_1_n_0          | internal_reset_repN_8                                           |                9 |             34 |         3.78 |
|  clk_gen/inst/clk_out1 | cpu_clk_enable                                                   | internal_reset_repN_1                                           |               21 |             34 |         1.62 |
|  clk_gen/inst/clk_out1 | rv64im72f_6sp/alu/divider_word/bit_counter[5]_i_1_n_0            | internal_reset_repN_3                                           |               13 |             40 |         3.08 |
|  clk_gen/inst/clk_out1 | rv64im72f_6sp/id_ex_register/cpu_clk_enable_reg_5[0]             | internal_reset_repN_7                                           |               13 |             41 |         3.15 |
|  clk_gen/inst/clk_out1 | rv64im72f_6sp/alu/divider_dword/quotient_sign4_out               | internal_reset_repN_5                                           |               13 |             43 |         3.31 |
|  clk_gen/inst/clk_out1 | rv64im72f_6sp/alu/multiplier_word/prod_low[31]_i_1__0_n_0        | internal_reset_repN_1                                           |               13 |             44 |         3.38 |
|  clk_gen/inst/clk_out1 | cpu_clk_enable                                                   | internal_reset_repN                                             |               27 |             46 |         1.70 |
|  clk_gen/inst/clk_out1 | rv64im72f_6sp/alu/divider_dword/quotient_reg[63]_i_1_n_0         | internal_reset_repN_5                                           |               19 |             50 |         2.63 |
|  clk_gen/inst/clk_out1 | cpu_clk_enable                                                   | internal_reset                                                  |               25 |             52 |         2.08 |
|  clk_gen/inst/clk_out1 | rv64im72f_6sp/csr_file/minstret[0]                               | internal_reset_repN_9                                           |               17 |             64 |         3.76 |
|  clk_gen/inst/clk_out1 | rv64im72f_6sp/id_ex_register/cpu_clk_enable_reg_0[0]             |                                                                 |               20 |             64 |         3.20 |
|  clk_gen/inst/clk_out1 | rv64im72f_6sp/exception_detector/cpu_clk_enable_reg              | rv64im72f_6sp/ex_ex2_register/SR[0]                             |               61 |             64 |         1.05 |
|  clk_gen/inst/clk_out1 | rv64im72f_6sp/exception_detector/cpu_clk_enable_reg_2[0]         | internal_reset_repN                                             |               14 |             64 |         4.57 |
|  clk_gen/inst/clk_out1 | rv64im72f_6sp/alu/divider_dword/quotient_reg[63]_i_1_n_0         | internal_reset_repN_2                                           |               16 |             64 |         4.00 |
|  clk_gen/inst/clk_out1 | rv64im72f_6sp/exception_detector/cpu_clk_enable_reg              | rv64im72f_6sp/exception_detector/MEM_WB_flush                   |               43 |             65 |         1.51 |
|  clk_gen/inst/clk_out1 | cpu_clk_enable                                                   | internal_reset_repN_9                                           |               18 |             65 |         3.61 |
|  clk_gen/inst/clk_out1 | rv64im72f_6sp/alu/multiplier_dword/prod_high[63]_i_1_n_0         | internal_reset_repN_2                                           |               38 |             70 |         1.84 |
|  clk_gen/inst/clk_out1 | rv64im72f_6sp/alu/divider_dword/bit_counter[6]_i_1_n_0           | internal_reset_repN_5                                           |               27 |             82 |         3.04 |
|  clk_gen/inst/clk_out1 | rv64im72f_6sp/id_ex_register/cpu_clk_enable_reg_2[0]             | internal_reset_repN_7                                           |               29 |             84 |         2.90 |
|  clk_gen/inst/clk_out1 | rv64im72f_6sp/alu/multiplier_dword/cpu_clk_enable_reg            | internal_reset_repN_2                                           |               35 |             87 |         2.49 |
|  clk_gen/inst/clk_out1 | rv64im72f_6sp/id_ex_register/cpu_clk_enable_reg_1                | rv64im72f_6sp/id_ex_register/SR[0]                              |               33 |            160 |         4.85 |
|  clk_gen/inst/clk_out1 | rv64im72f_6sp/mem_wb_register/p_0_in2_out                        |                                                                 |               22 |            176 |         8.00 |
|  clk_gen/inst/clk_out1 | rv64im72f_6sp/exception_detector/cpu_clk_enable_reg              | rv64im72f_6sp/exception_detector/SR[0]                          |              157 |            446 |         2.84 |
|  clk_gen/inst/clk_out1 | rv64im72f_6sp/id_ex_register/cpu_clk_enable_reg_1                | rv64im72f_6sp/ex_ex2_register/ID_branch_estimation0_out         |              159 |            612 |         3.85 |
|  clk_gen/inst/clk_out1 | rv64im72f_6sp/exception_detector/cpu_clk_enable_reg              | rv64im72f_6sp/exception_detector/EX2_register_write_enable0_out |              295 |            844 |         2.86 |
+------------------------+------------------------------------------------------------------+-----------------------------------------------------------------+------------------+----------------+--------------+


