Copyright 1986-2022 Xilinx, Inc. All Rights Reserved. Copyright 2022-2025 Advanced Micro Devices, Inc. All Rights Reserved.
--------------------------------------------------------------------------------------------------------------------------------------------------------------------
| Tool Version     : Vivado v.2025.2 (lin64) Build 6299465 Fri Nov 14 12:34:56 MST 2025
| Date             : Tue Sep 22 17:20:43 2026
| Host             : khwl-ThinkPad-X1-Carbon-Gen-13 running 64-bit Ubuntu 24.04.4 LTS
| Command          : report_power -hier all -file /home/khwl/Desktop/RV-IM100/riscof-env/saif_recost/RV32IM_5SP_dhrystone/power_saif_hier.rpt
| Design           : RV32IM72F5SPSoCTOP
| Device           : xc7a200tsbg484-1
| Design State     : routed
| Grade            : commercial
| Process          : typical
| Characterization : Production
--------------------------------------------------------------------------------------------------------------------------------------------------------------------

Power Report

Table of Contents
-----------------
1. Summary
1.1 On-Chip Components
1.2 Power Supply Summary
1.3 Confidence Level
2. Settings
2.1 Environment
2.2 Clock Constraints
3. Detailed Reports
3.1 By Hierarchy

1. Summary
----------

+--------------------------+--------------------------------------------------------------------------------------------+
| Total On-Chip Power (W)  | 0.337                                                                                      |
| Design Power Budget (W)  | Unspecified*                                                                               |
| Power Budget Margin (W)  | NA                                                                                         |
| Dynamic (W)              | 0.186                                                                                      |
| Device Static (W)        | 0.152                                                                                      |
| Effective TJA (C/W)      | 3.3                                                                                        |
| Max Ambient (C)          | 83.9                                                                                       |
| Junction Temperature (C) | 26.1                                                                                       |
| Confidence Level         | High                                                                                       |
| Setting File             | ---                                                                                        |
| Simulation Activity File | /home/khwl/Desktop/RV-IM100/riscof-env/saif/RV32IM_5SP_dhrystone/kernel.saif |
| Design Nets Matched      | 66%   (13953/21197)                                                                        |
+--------------------------+--------------------------------------------------------------------------------------------+
* Specify Design Power Budget using, set_operating_conditions -design_power_budget <value in Watts>


1.1 On-Chip Components
----------------------

+--------------------------+-----------+----------+-----------+-----------------+
| On-Chip                  | Power (W) | Used     | Available | Utilization (%) |
+--------------------------+-----------+----------+-----------+-----------------+
| Clocks                   |     0.009 |        5 |       --- |             --- |
| Slice Logic              |     0.022 |    20281 |       --- |             --- |
|   LUT as Logic           |     0.020 |     8419 |    134600 |            6.25 |
|   F7/F8 Muxes            |    <0.001 |     4779 |    134600 |            3.55 |
|   LUT as Distributed RAM |    <0.001 |     4140 |     46200 |            8.96 |
|   CARRY4                 |    <0.001 |      188 |     33650 |            0.56 |
|   Register               |    <0.001 |     2160 |    269200 |            0.80 |
|   Others                 |     0.000 |       28 |       --- |             --- |
| Signals                  |     0.053 |     9638 |       --- |             --- |
| PLL                      |     0.100 |        1 |        10 |           10.00 |
| DSPs                     |     0.000 |        4 |       740 |            0.54 |
| I/O                      |     0.002 |       12 |       285 |            4.21 |
| Static Power             |     0.152 |          |           |                 |
| Total                    |     0.337 |          |           |                 |
+--------------------------+-----------+----------+-----------+-----------------+


1.2 Power Supply Summary
------------------------

+-----------+-------------+-----------+-------------+------------+-------------+-------------+------------+
| Source    | Voltage (V) | Total (A) | Dynamic (A) | Static (A) | Powerup (A) | Budget (A)  | Margin (A) |
+-----------+-------------+-----------+-------------+------------+-------------+-------------+------------+
| Vccint    |       1.000 |     0.124 |       0.093 |      0.031 |       NA    | Unspecified | NA         |
| Vccaux    |       1.800 |     0.081 |       0.050 |      0.031 |       NA    | Unspecified | NA         |
| Vcco33    |       3.300 |     0.005 |       0.000 |      0.005 |       NA    | Unspecified | NA         |
| Vcco25    |       2.500 |     0.006 |       0.001 |      0.005 |       NA    | Unspecified | NA         |
| Vcco18    |       1.800 |     0.000 |       0.000 |      0.000 |       NA    | Unspecified | NA         |
| Vcco15    |       1.500 |     0.000 |       0.000 |      0.000 |       NA    | Unspecified | NA         |
| Vcco135   |       1.350 |     0.000 |       0.000 |      0.000 |       NA    | Unspecified | NA         |
| Vcco12    |       1.200 |     0.000 |       0.000 |      0.000 |       NA    | Unspecified | NA         |
| Vccaux_io |       1.800 |     0.000 |       0.000 |      0.000 |       NA    | Unspecified | NA         |
| Vccbram   |       1.000 |     0.001 |       0.000 |      0.001 |       NA    | Unspecified | NA         |
| MGTAVcc   |       1.000 |     0.000 |       0.000 |      0.000 |       NA    | Unspecified | NA         |
| MGTAVtt   |       1.200 |     0.000 |       0.000 |      0.000 |       NA    | Unspecified | NA         |
| Vccadc    |       1.800 |     0.020 |       0.000 |      0.020 |       NA    | Unspecified | NA         |
+-----------+-------------+-----------+-------------+------------+-------------+-------------+------------+


1.3 Confidence Level
--------------------

+-----------------------------+------------+------------------------------------------------+--------+
| User Input Data             | Confidence | Details                                        | Action |
+-----------------------------+------------+------------------------------------------------+--------+
| Design implementation state | High       | Design is routed                               |        |
| Clock nodes activity        | High       | User specified more than 95% of clocks         |        |
| I/O nodes activity          | High       | User specified more than 95% of inputs         |        |
| Internal nodes activity     | High       | User specified more than 25% of internal nodes |        |
| Device models               | High       | Device models are Production                   |        |
|                             |            |                                                |        |
| Overall confidence level    | High       |                                                |        |
+-----------------------------+------------+------------------------------------------------+--------+


2. Settings
-----------

2.1 Environment
---------------

+-----------------------+--------------------------+
| Ambient Temp (C)      | 25.0                     |
| ThetaJA (C/W)         | 3.3                      |
| Airflow (LFM)         | 250                      |
| Heat Sink             | medium (Medium Profile)  |
| ThetaSA (C/W)         | 4.6                      |
| Board Selection       | medium (10"x10")         |
| # of Board Layers     | 12to15 (12 to 15 Layers) |
| Board Temperature (C) | 25.0                     |
+-----------------------+--------------------------+


2.2 Clock Constraints
---------------------

+----------------------+---------------------------------+-----------------+
| Clock                | Domain                          | Constraint (ns) |
+----------------------+---------------------------------+-----------------+
| clk_out1_clk_wiz_0_1 | clk_gen/inst/clk_out1_clk_wiz_0 |            23.3 |
| clkfbout_clk_wiz_0_1 | clk_gen/inst/clkfbout_clk_wiz_0 |            50.0 |
| sys_clk_pin          | clk                             |            10.0 |
+----------------------+---------------------------------+-----------------+


3. Detailed Reports
-------------------

3.1 By Hierarchy
----------------

+------------------------+-----------+---------+-----------+------+--------+----------+------------+---------+-----------+-------+---------+------------+--------------+
| Name                   | Power (W) | Clock # | Clock (W) | Io # | Io (W) | Signal # | Signal (W) | Logic # | Logic (W) | Dsp # | Dsp (W) | Clock IP # | Clock IP (W) |
+------------------------+-----------+---------+-----------+------+--------+----------+------------+---------+-----------+-------+---------+------------+--------------+
| RV32IM72F5SPSoCTOP     |     0.186 |       5 |     0.009 |   12 |  0.002 |     9638 |      0.053 |   20281 |     0.022 |     4 |   0.000 |          1 |        0.100 |
|   clk_gen              |     0.100 |       5 |    <0.001 |    1 | <0.001 |        1 |      0.000 |       2 |     0.000 |     0 |   0.000 |          1 |        0.100 |
|     inst               |     0.100 |       5 |    <0.001 |    1 | <0.001 |        1 |      0.000 |       2 |     0.000 |     0 |   0.000 |          1 |        0.100 |
|   rv64im72f_5sp        |     0.084 |       5 |     0.009 |    0 |  0.000 |     9531 |      0.053 |   20140 |     0.022 |     4 |   0.000 |          0 |        0.000 |
|     alu                |     0.002 |       5 |    <0.001 |    0 |  0.000 |     1239 |     <0.001 |    1107 |    <0.001 |     4 |   0.000 |          0 |        0.000 |
|     data_memory        |     0.007 |       5 |     0.006 |    0 |  0.000 |     1184 |     <0.001 |    7584 |    <0.001 |     0 |   0.000 |          0 |        0.000 |
|     ex_mem_register    |     0.053 |       5 |    <0.001 |    0 |  0.000 |     3021 |      0.040 |    4565 |     0.012 |     0 |   0.000 |          0 |        0.000 |
|     id_ex_register     |     0.011 |       5 |    <0.001 |    0 |  0.000 |     1315 |      0.006 |    1868 |     0.004 |     0 |   0.000 |          0 |        0.000 |
|     if_id_register     |     0.002 |       5 |    <0.001 |    0 |  0.000 |      297 |     <0.001 |     568 |    <0.001 |     0 |   0.000 |          0 |        0.000 |
|     instruction_memory |     0.003 |       5 |     0.000 |    0 |  0.000 |      825 |     <0.001 |    2573 |     0.002 |     0 |   0.000 |          0 |        0.000 |
|     mem_wb_register    |     0.002 |       5 |    <0.001 |    0 |  0.000 |      503 |      0.001 |     541 |    <0.001 |     0 |   0.000 |          0 |        0.000 |
|     program_counter    |     0.003 |       5 |    <0.001 |    0 |  0.000 |      308 |      0.002 |     442 |    <0.001 |     0 |   0.000 |          0 |        0.000 |
+------------------------+-----------+---------+-----------+------+--------+----------+------------+---------+-----------+-------+---------+------------+--------------+


