Copyright 1986-2022 Xilinx, Inc. All Rights Reserved. Copyright 2022-2025 Advanced Micro Devices, Inc. All Rights Reserved.
---------------------------------------------------------------------------------------------------------------------------------------------
| Tool Version : Vivado v.2025.2 (lin64) Build 6299465 Fri Nov 14 12:34:56 MST 2025
| Date         : Tue Sep  1 10:17:44 2026
| Host         : khwl-ThinkPad-X1-Carbon-Gen-13 running 64-bit Ubuntu 24.04.4 LTS
| Command      : report_timing_summary -file /home/khwl/Desktop/RV-IM100/riscof-env/logs/core_reports/RV64IM_6SP/timing.rpt
| Design       : RV64IM72F6SP_CORE
| Device       : 7a200t-sbg484
| Speed File   : -1  PRODUCTION 1.23 2018-06-13
| Design State : Synthesized
---------------------------------------------------------------------------------------------------------------------------------------------

Timing Summary Report

------------------------------------------------------------------------------------------------
| Timer Settings
| --------------
------------------------------------------------------------------------------------------------

  Enable Multi Corner Analysis               :  Yes
  Enable Pessimism Removal                   :  Yes
  Pessimism Removal Resolution               :  Nearest Common Node
  Enable Input Delay Default Clock           :  No
  Enable Preset / Clear Arcs                 :  No
  Disable Flight Delays                      :  No
  Ignore I/O Paths                           :  No
  Timing Early Launch at Borrowing Latches   :  No
  Borrow Time for Max Delay Exceptions       :  Yes
  Merge Timing Exceptions                    :  Yes
  Inter-SLR Compensation                     :  Conservative

  Corner  Analyze    Analyze    
  Name    Max Paths  Min Paths  
  ------  ---------  ---------  
  Slow    Yes        Yes        
  Fast    Yes        Yes        


------------------------------------------------------------------------------------------------
| Report Methodology
| ------------------
------------------------------------------------------------------------------------------------

No report available as report_methodology has not been run prior. Run report_methodology on the current design for the summary of methodology violations.



check_timing report

Table of Contents
-----------------
1. checking no_clock (0)
2. checking constant_clock (0)
3. checking pulse_width_clock (0)
4. checking unconstrained_internal_endpoints (0)
5. checking no_input_delay (99)
6. checking no_output_delay (362)
7. checking multiple_clock (0)
8. checking generated_clocks (0)
9. checking loops (0)
10. checking partial_input_delay (0)
11. checking partial_output_delay (0)
12. checking latch_loops (0)

1. checking no_clock (0)
------------------------
 There are 0 register/latch pins with no clock.


2. checking constant_clock (0)
------------------------------
 There are 0 register/latch pins with constant_clock.


3. checking pulse_width_clock (0)
---------------------------------
 There are 0 register/latch pins which need pulse_width check


4. checking unconstrained_internal_endpoints (0)
------------------------------------------------
 There are 0 pins that are not constrained for maximum delay.

 There are 0 pins that are not constrained for maximum delay due to constant clock.


5. checking no_input_delay (99)
-------------------------------
 There are 99 input ports with no input delay specified. (HIGH)

 There are 0 input ports with no input delay but user has a false path constraint.


6. checking no_output_delay (362)
---------------------------------
 There are 362 ports with no output delay specified. (HIGH)

 There are 0 ports with no output delay but user has a false path constraint

 There are 0 ports with no output delay but with a timing clock defined on it or propagating through it


7. checking multiple_clock (0)
------------------------------
 There are 0 register/latch pins with multiple clocks.


8. checking generated_clocks (0)
--------------------------------
 There are 0 generated clocks that are not connected to a clock source.


9. checking loops (0)
---------------------
 There are 0 combinational loops in the design.


10. checking partial_input_delay (0)
------------------------------------
 There are 0 input ports with partial input delay specified.


11. checking partial_output_delay (0)
-------------------------------------
 There are 0 ports with partial output delay specified.


12. checking latch_loops (0)
----------------------------
 There are 0 combinational latch loops in the design through latch input



------------------------------------------------------------------------------------------------
| Design Timing Summary
| ---------------------
------------------------------------------------------------------------------------------------

    WNS(ns)      TNS(ns)  TNS Failing Endpoints  TNS Total Endpoints      WHS(ns)      THS(ns)  THS Failing Endpoints  THS Total Endpoints     WPWS(ns)     TPWS(ns)  TPWS Failing Endpoints  TPWS Total Endpoints  
    -------      -------  ---------------------  -------------------      -------      -------  ---------------------  -------------------     --------     --------  ----------------------  --------------------  
    -10.461   -17181.160                   4775                 9168        0.239        0.000                      0                 9168        1.250        0.000                       0                  4035  


Timing constraints are not met.


------------------------------------------------------------------------------------------------
| Clock Summary
| -------------
------------------------------------------------------------------------------------------------

Clock  Waveform(ns)         Period(ns)      Frequency(MHz)
-----  ------------         ----------      --------------
clk    {0.000 2.500}        5.000           200.000         


------------------------------------------------------------------------------------------------
| Intra Clock Table
| -----------------
------------------------------------------------------------------------------------------------

Clock             WNS(ns)      TNS(ns)  TNS Failing Endpoints  TNS Total Endpoints      WHS(ns)      THS(ns)  THS Failing Endpoints  THS Total Endpoints     WPWS(ns)     TPWS(ns)  TPWS Failing Endpoints  TPWS Total Endpoints  
-----             -------      -------  ---------------------  -------------------      -------      -------  ---------------------  -------------------     --------     --------  ----------------------  --------------------  
clk               -10.461   -17181.160                   4775                 9168        0.239        0.000                      0                 9168        1.250        0.000                       0                  4035  


------------------------------------------------------------------------------------------------
| Inter Clock Table
| -----------------
------------------------------------------------------------------------------------------------

From Clock    To Clock          WNS(ns)      TNS(ns)  TNS Failing Endpoints  TNS Total Endpoints      WHS(ns)      THS(ns)  THS Failing Endpoints  THS Total Endpoints  
----------    --------          -------      -------  ---------------------  -------------------      -------      -------  ---------------------  -------------------  


------------------------------------------------------------------------------------------------
| Other Path Groups Table
| -----------------------
------------------------------------------------------------------------------------------------

Path Group    From Clock    To Clock          WNS(ns)      TNS(ns)  TNS Failing Endpoints  TNS Total Endpoints      WHS(ns)      THS(ns)  THS Failing Endpoints  THS Total Endpoints  
----------    ----------    --------          -------      -------  ---------------------  -------------------      -------      -------  ---------------------  -------------------  


------------------------------------------------------------------------------------------------
| Timing Details
| --------------
------------------------------------------------------------------------------------------------


---------------------------------------------------------------------------------------------------
From Clock:  clk
  To Clock:  clk

Setup :         4775  Failing Endpoints,  Worst Slack      -10.461ns,  Total Violation   -17181.161ns
Hold  :            0  Failing Endpoints,  Worst Slack        0.239ns,  Total Violation        0.000ns
PW    :            0  Failing Endpoints,  Worst Slack        1.250ns,  Total Violation        0.000ns
---------------------------------------------------------------------------------------------------


Max Delay Paths
--------------------------------------------------------------------------------------
Slack (VIOLATED) :        -10.461ns  (required time - arrival time)
  Source:                 ex_mem_register/MEM_alu_result_reg[1]/C
                            (rising edge-triggered cell FDCE clocked by clk  {rise@0.000ns fall@2.500ns period=5.000ns})
  Destination:            ex_ex2_register/EX2_alu_zero_reg/D
                            (rising edge-triggered cell FDCE clocked by clk  {rise@0.000ns fall@2.500ns period=5.000ns})
  Path Group:             clk
  Path Type:              Setup (Max at Slow Process Corner)
  Requirement:            5.000ns  (clk rise@5.000ns - clk rise@0.000ns)
  Data Path Delay:        15.406ns  (logic 7.186ns (46.644%)  route 8.220ns (53.356%))
  Logic Levels:           38  (CARRY4=23 LUT2=1 LUT3=3 LUT4=1 LUT5=1 LUT6=9)
  Clock Path Skew:        -0.049ns (DCD - SCD + CPR)
    Destination Clock Delay (DCD):    0.924ns = ( 5.924 - 5.000 ) 
    Source Clock Delay      (SCD):    0.973ns
    Clock Pessimism Removal (CPR):    0.000ns
  Clock Uncertainty:      0.035ns  ((TSJ^2 + TIJ^2)^1/2 + DJ) / 2 + PE
    Total System Jitter     (TSJ):    0.071ns
    Total Input Jitter      (TIJ):    0.000ns
    Discrete Jitter          (DJ):    0.000ns
    Phase Error              (PE):    0.000ns

    Location             Delay type                Incr(ns)  Path(ns)    Netlist Resource(s)
  -------------------------------------------------------------------    -------------------
                         (clock clk rise edge)        0.000     0.000 r  
                                                      0.000     0.000 r  clk (IN)
                         net (fo=4034, unset)         0.973     0.973    ex_mem_register/clk
                         FDCE                                         r  ex_mem_register/MEM_alu_result_reg[1]/C
  -------------------------------------------------------------------    -------------------
                         FDCE (Prop_fdce_C_Q)         0.456     1.429 f  ex_mem_register/MEM_alu_result_reg[1]/Q
                         net (fo=63, unplaced)        0.829     2.258    ex_mem_register/MEM_alu_result_reg[63]_0[1]
                         LUT3 (Prop_lut3_I0_O)        0.295     2.553 r  ex_mem_register/dm_write_enable_INST_0_i_28/O
                         net (fo=1, unplaced)         0.000     2.553    ex_mem_register/dm_write_enable_INST_0_i_28_n_0
                         CARRY4 (Prop_carry4_S[0]_CO[3])
                                                      0.513     3.066 r  ex_mem_register/dm_write_enable_INST_0_i_20/CO[3]
                         net (fo=1, unplaced)         0.009     3.075    ex_mem_register/dm_write_enable_INST_0_i_20_n_0
                         CARRY4 (Prop_carry4_CI_CO[3])
                                                      0.117     3.192 r  ex_mem_register/dm_write_enable_INST_0_i_15/CO[3]
                         net (fo=1, unplaced)         0.000     3.192    ex_mem_register/dm_write_enable_INST_0_i_15_n_0
                         CARRY4 (Prop_carry4_CI_CO[3])
                                                      0.117     3.309 r  ex_mem_register/dm_write_enable_INST_0_i_10/CO[3]
                         net (fo=1, unplaced)         0.000     3.309    ex_mem_register/dm_write_enable_INST_0_i_10_n_0
                         CARRY4 (Prop_carry4_CI_CO[3])
                                                      0.117     3.426 r  ex_mem_register/dm_write_enable_INST_0_i_5/CO[3]
                         net (fo=1, unplaced)         0.000     3.426    ex_mem_register/dm_write_enable_INST_0_i_5_n_0
                         CARRY4 (Prop_carry4_CI_CO[3])
                                                      0.117     3.543 r  ex_mem_register/dm_write_enable_INST_0_i_2/CO[3]
                         net (fo=1, unplaced)         0.000     3.543    ex_mem_register/dm_write_enable_INST_0_i_2_n_0
                         CARRY4 (Prop_carry4_CI_CO[1])
                                                      0.179     3.722 f  ex_mem_register/dm_write_enable_INST_0_i_1/CO[1]
                         net (fo=173, unplaced)       0.425     4.147    ex_mem_register/mmio_uart_status_hit
                         LUT5 (Prop_lut5_I2_O)        0.332     4.479 r  ex_mem_register/WB_byte_enable_logic_register_file_write_data[1]_i_5/O
                         net (fo=1, unplaced)         0.449     4.928    ex_mem_register/WB_byte_enable_logic_register_file_write_data[1]_i_5_n_0
                         LUT6 (Prop_lut6_I5_O)        0.124     5.052 r  ex_mem_register/WB_byte_enable_logic_register_file_write_data[1]_i_2/O
                         net (fo=1, unplaced)         0.902     5.954    ex_mem_register/WB_byte_enable_logic_register_file_write_data[1]_i_2_n_0
                         LUT6 (Prop_lut6_I1_O)        0.124     6.078 r  ex_mem_register/WB_byte_enable_logic_register_file_write_data[1]_i_1/O
                         net (fo=2, unplaced)         0.460     6.538    ex_mem_register/D[1]
                         LUT6 (Prop_lut6_I5_O)        0.124     6.662 r  ex_mem_register/dividend_reg[1]_i_5/O
                         net (fo=3, unplaced)         0.467     7.129    ex_mem_register/MEM_alu_result_reg[63]_1[1]
                         LUT6 (Prop_lut6_I0_O)        0.124     7.253 r  ex_mem_register/abs_B_s1[1]_i_5/O
                         net (fo=1, unplaced)         0.449     7.702    ex_mem_register/abs_B_s1[1]_i_5_n_0
                         LUT3 (Prop_lut3_I0_O)        0.124     7.826 r  ex_mem_register/abs_B_s1[1]_i_3/O
                         net (fo=5, unplaced)         0.477     8.303    id_ex_register/alu_forward_source_data_b[1]
                         LUT6 (Prop_lut6_I2_O)        0.124     8.427 r  id_ex_register/EX2_alu_result[1]_i_25/O
                         net (fo=94, unplaced)        0.547     8.974    id_ex_register/EX2_alu_result[1]_i_25_n_0
                         LUT2 (Prop_lut2_I1_O)        0.124     9.098 r  id_ex_register/pc[0]_i_57/O
                         net (fo=1, unplaced)         0.000     9.098    id_ex_register/pc[0]_i_57_n_0
                         CARRY4 (Prop_carry4_S[1]_CO[3])
                                                      0.533     9.631 r  id_ex_register/pc_reg[0]_i_30/CO[3]
                         net (fo=1, unplaced)         0.009     9.640    id_ex_register/pc_reg[0]_i_30_n_0
                         CARRY4 (Prop_carry4_CI_CO[3])
                                                      0.117     9.757 r  id_ex_register/pc_reg[7]_i_32/CO[3]
                         net (fo=1, unplaced)         0.000     9.757    id_ex_register/pc_reg[7]_i_32_n_0
                         CARRY4 (Prop_carry4_CI_CO[3])
                                                      0.117     9.874 r  id_ex_register/pc_reg[11]_i_32/CO[3]
                         net (fo=1, unplaced)         0.000     9.874    id_ex_register/pc_reg[11]_i_32_n_0
                         CARRY4 (Prop_carry4_CI_CO[3])
                                                      0.117     9.991 r  id_ex_register/pc_reg[15]_i_32/CO[3]
                         net (fo=1, unplaced)         0.000     9.991    id_ex_register/pc_reg[15]_i_32_n_0
                         CARRY4 (Prop_carry4_CI_CO[3])
                                                      0.117    10.108 r  id_ex_register/pc_reg[19]_i_32/CO[3]
                         net (fo=1, unplaced)         0.000    10.108    id_ex_register/pc_reg[19]_i_32_n_0
                         CARRY4 (Prop_carry4_CI_CO[3])
                                                      0.117    10.225 r  id_ex_register/pc_reg[23]_i_32/CO[3]
                         net (fo=1, unplaced)         0.000    10.225    id_ex_register/pc_reg[23]_i_32_n_0
                         CARRY4 (Prop_carry4_CI_CO[3])
                                                      0.117    10.342 r  id_ex_register/pc_reg[27]_i_32/CO[3]
                         net (fo=1, unplaced)         0.000    10.342    id_ex_register/pc_reg[27]_i_32_n_0
                         CARRY4 (Prop_carry4_CI_CO[3])
                                                      0.117    10.459 r  id_ex_register/pc_reg[31]_i_26/CO[3]
                         net (fo=1, unplaced)         0.000    10.459    id_ex_register/pc_reg[31]_i_26_n_0
                         CARRY4 (Prop_carry4_CI_CO[3])
                                                      0.117    10.576 r  id_ex_register/pc_reg[35]_i_28/CO[3]
                         net (fo=1, unplaced)         0.000    10.576    id_ex_register/pc_reg[35]_i_28_n_0
                         CARRY4 (Prop_carry4_CI_CO[3])
                                                      0.117    10.693 r  id_ex_register/pc_reg[39]_i_26/CO[3]
                         net (fo=1, unplaced)         0.000    10.693    id_ex_register/pc_reg[39]_i_26_n_0
                         CARRY4 (Prop_carry4_CI_CO[3])
                                                      0.117    10.810 r  id_ex_register/pc_reg[43]_i_26/CO[3]
                         net (fo=1, unplaced)         0.000    10.810    id_ex_register/pc_reg[43]_i_26_n_0
                         CARRY4 (Prop_carry4_CI_CO[3])
                                                      0.117    10.927 r  id_ex_register/pc_reg[47]_i_26/CO[3]
                         net (fo=1, unplaced)         0.000    10.927    id_ex_register/pc_reg[47]_i_26_n_0
                         CARRY4 (Prop_carry4_CI_CO[3])
                                                      0.117    11.044 r  id_ex_register/pc_reg[51]_i_27/CO[3]
                         net (fo=1, unplaced)         0.000    11.044    id_ex_register/pc_reg[51]_i_27_n_0
                         CARRY4 (Prop_carry4_CI_CO[3])
                                                      0.117    11.161 r  id_ex_register/pc_reg[55]_i_27/CO[3]
                         net (fo=1, unplaced)         0.000    11.161    id_ex_register/pc_reg[55]_i_27_n_0
                         CARRY4 (Prop_carry4_CI_O[3])
                                                      0.331    11.492 f  id_ex_register/pc_reg[59]_i_28/O[3]
                         net (fo=1, unplaced)         0.618    12.110    id_ex_register/alu/alu_dword/data0[59]
                         LUT6 (Prop_lut6_I5_O)        0.307    12.417 f  id_ex_register/pc[59]_i_21/O
                         net (fo=1, unplaced)         0.449    12.866    id_ex_register/pc[59]_i_21_n_0
                         LUT6 (Prop_lut6_I0_O)        0.124    12.990 f  id_ex_register/pc[59]_i_13/O
                         net (fo=1, unplaced)         0.449    13.439    id_ex_register/pc[59]_i_13_n_0
                         LUT6 (Prop_lut6_I5_O)        0.124    13.563 f  id_ex_register/pc[59]_i_6/O
                         net (fo=3, unplaced)         0.920    14.483    id_ex_register/alu/alu_dword_result[59]
                         LUT3 (Prop_lut3_I0_O)        0.124    14.607 r  id_ex_register/EX2_alu_zero_i_103/O
                         net (fo=1, unplaced)         0.000    14.607    id_ex_register/EX2_alu_zero_i_103_n_0
                         CARRY4 (Prop_carry4_S[3]_CO[3])
                                                      0.376    14.983 r  id_ex_register/EX2_alu_zero_reg_i_61/CO[3]
                         net (fo=1, unplaced)         0.000    14.983    id_ex_register/EX2_alu_zero_reg_i_61_n_0
                         CARRY4 (Prop_carry4_CI_CO[1])
                                                      0.179    15.162 r  id_ex_register/EX2_alu_zero_reg_i_18/CO[1]
                         net (fo=1, unplaced)         0.312    15.474    id_ex_register/alu/alu_dword_zero
                         LUT4 (Prop_lut4_I0_O)        0.332    15.806 r  id_ex_register/EX2_alu_zero_i_5/O
                         net (fo=1, unplaced)         0.449    16.255    id_ex_register/EX2_alu_zero_i_5_n_0
                         LUT6 (Prop_lut6_I3_O)        0.124    16.379 r  id_ex_register/EX2_alu_zero_i_1/O
                         net (fo=1, unplaced)         0.000    16.379    ex_ex2_register/EX2_alu_zero_reg_0
                         FDCE                                         r  ex_ex2_register/EX2_alu_zero_reg/D
  -------------------------------------------------------------------    -------------------

                         (clock clk rise edge)        5.000     5.000 r  
                                                      0.000     5.000 r  clk (IN)
                         net (fo=4034, unset)         0.924     5.924    ex_ex2_register/clk
                         FDCE                                         r  ex_ex2_register/EX2_alu_zero_reg/C
                         clock pessimism              0.000     5.924    
                         clock uncertainty           -0.035     5.889    
                         FDCE (Setup_fdce_C_D)        0.029     5.918    ex_ex2_register/EX2_alu_zero_reg
  -------------------------------------------------------------------
                         required time                          5.918    
                         arrival time                         -16.379    
  -------------------------------------------------------------------
                         slack                                -10.461    





Min Delay Paths
--------------------------------------------------------------------------------------
Slack (MET) :             0.239ns  (arrival time - required time)
  Source:                 mem_wb_register/WB_rd_reg[3]/C
                            (rising edge-triggered cell FDCE clocked by clk  {rise@0.000ns fall@2.500ns period=5.000ns})
  Destination:            register_file/registers_reg_r1_0_31_0_5/RAMA/WADR3
                            (rising edge-triggered cell RAMD32 clocked by clk  {rise@0.000ns fall@2.500ns period=5.000ns})
  Path Group:             clk
  Path Type:              Hold (Min at Fast Process Corner)
  Requirement:            0.000ns  (clk rise@0.000ns - clk rise@0.000ns)
  Data Path Delay:        0.447ns  (logic 0.141ns (31.512%)  route 0.306ns (68.488%))
  Logic Levels:           0  
  Clock Path Skew:        0.022ns (DCD - SCD - CPR)
    Destination Clock Delay (DCD):    0.432ns
    Source Clock Delay      (SCD):    0.410ns
    Clock Pessimism Removal (CPR):    -0.000ns

    Location             Delay type                Incr(ns)  Path(ns)    Netlist Resource(s)
  -------------------------------------------------------------------    -------------------
                         (clock clk rise edge)        0.000     0.000 r  
                                                      0.000     0.000 r  clk (IN)
                         net (fo=4034, unset)         0.410     0.410    mem_wb_register/clk
                         FDCE                                         r  mem_wb_register/WB_rd_reg[3]/C
  -------------------------------------------------------------------    -------------------
                         FDCE (Prop_fdce_C_Q)         0.141     0.551 r  mem_wb_register/WB_rd_reg[3]/Q
                         net (fo=184, unplaced)       0.306     0.858    register_file/registers_reg_r1_0_31_0_5/ADDRD3
                         RAMD32                                       r  register_file/registers_reg_r1_0_31_0_5/RAMA/WADR3
  -------------------------------------------------------------------    -------------------

                         (clock clk rise edge)        0.000     0.000 r  
                                                      0.000     0.000 r  clk (IN)
                         net (fo=4034, unset)         0.432     0.432    register_file/registers_reg_r1_0_31_0_5/WCLK
                         RAMD32                                       r  register_file/registers_reg_r1_0_31_0_5/RAMA/CLK
                         clock pessimism              0.000     0.432    
                         RAMD32 (Hold_ramd32_CLK_WADR3)
                                                      0.187     0.619    register_file/registers_reg_r1_0_31_0_5/RAMA
  -------------------------------------------------------------------
                         required time                         -0.619    
                         arrival time                           0.858    
  -------------------------------------------------------------------
                         slack                                  0.239    





Pulse Width Checks
--------------------------------------------------------------------------------------
Clock Name:         clk
Waveform(ns):       { 0.000 2.500 }
Period(ns):         5.000
Sources:            { clk }

Check Type        Corner  Lib Pin      Reference Pin  Required(ns)  Actual(ns)  Slack(ns)  Location  Pin
Min Period        n/a     DSP48E1/CLK  n/a            2.154         5.000       2.846                alu/multiplier_dword/mult_AHBH__0/CLK
Low Pulse Width   Slow    RAMD32/CLK   n/a            1.250         2.500       1.250                register_file/registers_reg_r1_0_31_0_5/RAMA/CLK
High Pulse Width  Slow    RAMD32/CLK   n/a            1.250         2.500       1.250                register_file/registers_reg_r1_0_31_0_5/RAMA/CLK



