Copyright 1986-2022 Xilinx, Inc. All Rights Reserved. Copyright 2022-2025 Advanced Micro Devices, Inc. All Rights Reserved.
---------------------------------------------------------------------------------------------------------------------------------------------
| Tool Version : Vivado v.2025.2 (lin64) Build 6299465 Fri Nov 14 12:34:56 MST 2025
| Date         : Tue Sep  1 10:10:35 2026
| Host         : khwl-ThinkPad-X1-Carbon-Gen-13 running 64-bit Ubuntu 24.04.4 LTS
| Command      : report_timing_summary -file /home/khwl/Desktop/RV-IM100/riscof-env/logs/core_reports/RV32IM_7SP/timing.rpt
| Design       : RV32IM72F7SP_CORE
| Device       : 7a200t-sbg484
| Speed File   : -1  PRODUCTION 1.23 2018-06-13
| Design State : Synthesized
---------------------------------------------------------------------------------------------------------------------------------------------

Timing Summary Report

------------------------------------------------------------------------------------------------
| Timer Settings
| --------------
------------------------------------------------------------------------------------------------

  Enable Multi Corner Analysis               :  Yes
  Enable Pessimism Removal                   :  Yes
  Pessimism Removal Resolution               :  Nearest Common Node
  Enable Input Delay Default Clock           :  No
  Enable Preset / Clear Arcs                 :  No
  Disable Flight Delays                      :  No
  Ignore I/O Paths                           :  No
  Timing Early Launch at Borrowing Latches   :  No
  Borrow Time for Max Delay Exceptions       :  Yes
  Merge Timing Exceptions                    :  Yes
  Inter-SLR Compensation                     :  Conservative

  Corner  Analyze    Analyze    
  Name    Max Paths  Min Paths  
  ------  ---------  ---------  
  Slow    Yes        Yes        
  Fast    Yes        Yes        


------------------------------------------------------------------------------------------------
| Report Methodology
| ------------------
------------------------------------------------------------------------------------------------

No report available as report_methodology has not been run prior. Run report_methodology on the current design for the summary of methodology violations.



check_timing report

Table of Contents
-----------------
1. checking no_clock (0)
2. checking constant_clock (0)
3. checking pulse_width_clock (0)
4. checking unconstrained_internal_endpoints (0)
5. checking no_input_delay (67)
6. checking no_output_delay (231)
7. checking multiple_clock (0)
8. checking generated_clocks (0)
9. checking loops (0)
10. checking partial_input_delay (0)
11. checking partial_output_delay (0)
12. checking latch_loops (0)

1. checking no_clock (0)
------------------------
 There are 0 register/latch pins with no clock.


2. checking constant_clock (0)
------------------------------
 There are 0 register/latch pins with constant_clock.


3. checking pulse_width_clock (0)
---------------------------------
 There are 0 register/latch pins which need pulse_width check


4. checking unconstrained_internal_endpoints (0)
------------------------------------------------
 There are 0 pins that are not constrained for maximum delay.

 There are 0 pins that are not constrained for maximum delay due to constant clock.


5. checking no_input_delay (67)
-------------------------------
 There are 67 input ports with no input delay specified. (HIGH)

 There are 0 input ports with no input delay but user has a false path constraint.


6. checking no_output_delay (231)
---------------------------------
 There are 231 ports with no output delay specified. (HIGH)

 There are 0 ports with no output delay but user has a false path constraint

 There are 0 ports with no output delay but with a timing clock defined on it or propagating through it


7. checking multiple_clock (0)
------------------------------
 There are 0 register/latch pins with multiple clocks.


8. checking generated_clocks (0)
--------------------------------
 There are 0 generated clocks that are not connected to a clock source.


9. checking loops (0)
---------------------
 There are 0 combinational loops in the design.


10. checking partial_input_delay (0)
------------------------------------
 There are 0 input ports with partial input delay specified.


11. checking partial_output_delay (0)
-------------------------------------
 There are 0 ports with partial output delay specified.


12. checking latch_loops (0)
----------------------------
 There are 0 combinational latch loops in the design through latch input



------------------------------------------------------------------------------------------------
| Design Timing Summary
| ---------------------
------------------------------------------------------------------------------------------------

    WNS(ns)      TNS(ns)  TNS Failing Endpoints  TNS Total Endpoints      WHS(ns)      THS(ns)  THS Failing Endpoints  THS Total Endpoints     WPWS(ns)     TPWS(ns)  TPWS Failing Endpoints  TPWS Total Endpoints  
    -------      -------  ---------------------  -------------------      -------      -------  ---------------------  -------------------     --------     --------  ----------------------  --------------------  
     -9.534    -7869.580                   2671                 5578        0.233        0.000                      0                 5578        1.250        0.000                       0                  2174  


Timing constraints are not met.


------------------------------------------------------------------------------------------------
| Clock Summary
| -------------
------------------------------------------------------------------------------------------------

Clock  Waveform(ns)         Period(ns)      Frequency(MHz)
-----  ------------         ----------      --------------
clk    {0.000 2.500}        5.000           200.000         


------------------------------------------------------------------------------------------------
| Intra Clock Table
| -----------------
------------------------------------------------------------------------------------------------

Clock             WNS(ns)      TNS(ns)  TNS Failing Endpoints  TNS Total Endpoints      WHS(ns)      THS(ns)  THS Failing Endpoints  THS Total Endpoints     WPWS(ns)     TPWS(ns)  TPWS Failing Endpoints  TPWS Total Endpoints  
-----             -------      -------  ---------------------  -------------------      -------      -------  ---------------------  -------------------     --------     --------  ----------------------  --------------------  
clk                -9.534    -7869.580                   2671                 5578        0.233        0.000                      0                 5578        1.250        0.000                       0                  2174  


------------------------------------------------------------------------------------------------
| Inter Clock Table
| -----------------
------------------------------------------------------------------------------------------------

From Clock    To Clock          WNS(ns)      TNS(ns)  TNS Failing Endpoints  TNS Total Endpoints      WHS(ns)      THS(ns)  THS Failing Endpoints  THS Total Endpoints  
----------    --------          -------      -------  ---------------------  -------------------      -------      -------  ---------------------  -------------------  


------------------------------------------------------------------------------------------------
| Other Path Groups Table
| -----------------------
------------------------------------------------------------------------------------------------

Path Group    From Clock    To Clock          WNS(ns)      TNS(ns)  TNS Failing Endpoints  TNS Total Endpoints      WHS(ns)      THS(ns)  THS Failing Endpoints  THS Total Endpoints  
----------    ----------    --------          -------      -------  ---------------------  -------------------      -------      -------  ---------------------  -------------------  


------------------------------------------------------------------------------------------------
| Timing Details
| --------------
------------------------------------------------------------------------------------------------


---------------------------------------------------------------------------------------------------
From Clock:  clk
  To Clock:  clk

Setup :         2671  Failing Endpoints,  Worst Slack       -9.534ns,  Total Violation    -7869.580ns
Hold  :            0  Failing Endpoints,  Worst Slack        0.233ns,  Total Violation        0.000ns
PW    :            0  Failing Endpoints,  Worst Slack        1.250ns,  Total Violation        0.000ns
---------------------------------------------------------------------------------------------------


Max Delay Paths
--------------------------------------------------------------------------------------
Slack (VIOLATED) :        -9.534ns  (required time - arrival time)
  Source:                 ex_mem_register/MEM_alu_result_reg[4]/C
                            (rising edge-triggered cell FDRE clocked by clk  {rise@0.000ns fall@2.500ns period=5.000ns})
  Destination:            ex_ex2_register/EX2_alu_zero_reg/D
                            (rising edge-triggered cell FDRE clocked by clk  {rise@0.000ns fall@2.500ns period=5.000ns})
  Path Group:             clk
  Path Type:              Setup (Max at Slow Process Corner)
  Requirement:            5.000ns  (clk rise@5.000ns - clk rise@0.000ns)
  Data Path Delay:        14.563ns  (logic 3.025ns (20.772%)  route 11.538ns (79.228%))
  Logic Levels:           16  (LUT4=2 LUT5=2 LUT6=10 MUXF7=2)
  Clock Path Skew:        -0.049ns (DCD - SCD + CPR)
    Destination Clock Delay (DCD):    0.924ns = ( 5.924 - 5.000 ) 
    Source Clock Delay      (SCD):    0.973ns
    Clock Pessimism Removal (CPR):    0.000ns
  Clock Uncertainty:      0.035ns  ((TSJ^2 + TIJ^2)^1/2 + DJ) / 2 + PE
    Total System Jitter     (TSJ):    0.071ns
    Total Input Jitter      (TIJ):    0.000ns
    Discrete Jitter          (DJ):    0.000ns
    Phase Error              (PE):    0.000ns

    Location             Delay type                Incr(ns)  Path(ns)    Netlist Resource(s)
  -------------------------------------------------------------------    -------------------
                         (clock clk rise edge)        0.000     0.000 r  
                                                      0.000     0.000 r  clk (IN)
                         net (fo=2173, unset)         0.973     0.973    ex_mem_register/clk
                         FDRE                                         r  ex_mem_register/MEM_alu_result_reg[4]/C
  -------------------------------------------------------------------    -------------------
                         FDRE (Prop_fdre_C_Q)         0.456     1.429 f  ex_mem_register/MEM_alu_result_reg[4]/Q
                         net (fo=5, unplaced)         0.769     2.198    ex_mem_register/MEM_alu_result_reg[31]_0[4]
                         LUT4 (Prop_lut4_I1_O)        0.295     2.493 r  ex_mem_register/WB_byte_enable_logic_register_file_write_data[23]_i_12/O
                         net (fo=1, unplaced)         0.902     3.395    ex_mem_register/WB_byte_enable_logic_register_file_write_data[23]_i_12_n_0
                         LUT4 (Prop_lut4_I1_O)        0.124     3.519 f  ex_mem_register/WB_byte_enable_logic_register_file_write_data[23]_i_8/O
                         net (fo=12, unplaced)        0.950     4.469    ex_mem_register/WB_byte_enable_logic_register_file_write_data[23]_i_8_n_0
                         LUT6 (Prop_lut6_I3_O)        0.124     4.593 f  ex_mem_register/WB_byte_enable_logic_register_file_write_data[23]_i_5/O
                         net (fo=11, unplaced)        0.948     5.541    ex_mem_register/WB_byte_enable_logic_register_file_write_data[23]_i_5_n_0
                         LUT6 (Prop_lut6_I1_O)        0.124     5.665 f  ex_mem_register/dividend_reg[31]_i_12/O
                         net (fo=1, unplaced)         0.419     6.084    ex_mem_register/dividend_reg[31]_i_12_n_0
                         LUT6 (Prop_lut6_I0_O)        0.124     6.208 f  ex_mem_register/dividend_reg[31]_i_7/O
                         net (fo=3, unplaced)         0.467     6.675    id_ex_register/dividend_reg_reg[31]_0
                         LUT6 (Prop_lut6_I5_O)        0.124     6.799 f  id_ex_register/dividend_reg[31]_i_2/O
                         net (fo=1, unplaced)         0.449     7.248    id_ex_register/alu_forward_source_data_a[31]
                         LUT6 (Prop_lut6_I0_O)        0.124     7.372 f  id_ex_register/dividend_reg[31]_i_1/O
                         net (fo=89, unplaced)        0.999     8.371    id_ex_register/src_A[31]
                         LUT5 (Prop_lut5_I2_O)        0.124     8.495 f  id_ex_register/EX2_alu_result[15]_i_13/O
                         net (fo=4, unplaced)         1.135     9.630    id_ex_register/EX2_alu_result[15]_i_13_n_0
                         LUT6 (Prop_lut6_I0_O)        0.124     9.754 f  id_ex_register/EX2_alu_result[9]_i_9/O
                         net (fo=2, unplaced)         0.913    10.667    id_ex_register/EX2_alu_result[9]_i_9_n_0
                         LUT6 (Prop_lut6_I1_O)        0.124    10.791 f  id_ex_register/EX2_alu_result[9]_i_4/O
                         net (fo=2, unplaced)         0.000    10.791    id_ex_register/EX2_alu_result[9]_i_4_n_0
                         MUXF7 (Prop_muxf7_I0_O)      0.241    11.032 f  id_ex_register/EX2_alu_zero_reg_i_78/O
                         net (fo=1, unplaced)         0.905    11.937    id_ex_register/EX2_alu_zero_reg_i_78_n_0
                         LUT6 (Prop_lut6_I5_O)        0.298    12.235 r  id_ex_register/EX2_alu_zero_i_46/O
                         net (fo=1, unplaced)         1.111    13.346    id_ex_register/EX2_alu_zero_i_46_n_0
                         LUT6 (Prop_lut6_I5_O)        0.124    13.470 r  id_ex_register/EX2_alu_zero_i_20/O
                         net (fo=1, unplaced)         1.111    14.581    id_ex_register/EX2_alu_zero_i_20_n_0
                         LUT6 (Prop_lut6_I3_O)        0.124    14.705 r  id_ex_register/EX2_alu_zero_i_10/O
                         net (fo=2, unplaced)         0.460    15.165    id_ex_register/alu/alu_word_zero
                         LUT5 (Prop_lut5_I4_O)        0.124    15.289 r  id_ex_register/EX2_alu_zero_i_4/O
                         net (fo=1, unplaced)         0.000    15.289    id_ex_register/EX2_alu_zero_i_4_n_0
                         MUXF7 (Prop_muxf7_I1_O)      0.247    15.536 r  id_ex_register/EX2_alu_zero_reg_i_1/O
                         net (fo=1, unplaced)         0.000    15.536    ex_ex2_register/alu_zero
                         FDRE                                         r  ex_ex2_register/EX2_alu_zero_reg/D
  -------------------------------------------------------------------    -------------------

                         (clock clk rise edge)        5.000     5.000 r  
                                                      0.000     5.000 r  clk (IN)
                         net (fo=2173, unset)         0.924     5.924    ex_ex2_register/clk
                         FDRE                                         r  ex_ex2_register/EX2_alu_zero_reg/C
                         clock pessimism              0.000     5.924    
                         clock uncertainty           -0.035     5.889    
                         FDRE (Setup_fdre_C_D)        0.113     6.002    ex_ex2_register/EX2_alu_zero_reg
  -------------------------------------------------------------------
                         required time                          6.002    
                         arrival time                         -15.536    
  -------------------------------------------------------------------
                         slack                                 -9.534    





Min Delay Paths
--------------------------------------------------------------------------------------
Slack (MET) :             0.233ns  (arrival time - required time)
  Source:                 mem_wb_register/WB_rd_reg[3]/C
                            (rising edge-triggered cell FDRE clocked by clk  {rise@0.000ns fall@2.500ns period=5.000ns})
  Destination:            register_file/registers_reg_r1_0_31_0_5/RAMA/WADR3
                            (rising edge-triggered cell RAMD32 clocked by clk  {rise@0.000ns fall@2.500ns period=5.000ns})
  Path Group:             clk
  Path Type:              Hold (Min at Fast Process Corner)
  Requirement:            0.000ns  (clk rise@0.000ns - clk rise@0.000ns)
  Data Path Delay:        0.441ns  (logic 0.141ns (31.964%)  route 0.300ns (68.036%))
  Logic Levels:           0  
  Clock Path Skew:        0.022ns (DCD - SCD - CPR)
    Destination Clock Delay (DCD):    0.432ns
    Source Clock Delay      (SCD):    0.410ns
    Clock Pessimism Removal (CPR):    -0.000ns

    Location             Delay type                Incr(ns)  Path(ns)    Netlist Resource(s)
  -------------------------------------------------------------------    -------------------
                         (clock clk rise edge)        0.000     0.000 r  
                                                      0.000     0.000 r  clk (IN)
                         net (fo=2173, unset)         0.410     0.410    mem_wb_register/clk
                         FDRE                                         r  mem_wb_register/WB_rd_reg[3]/C
  -------------------------------------------------------------------    -------------------
                         FDRE (Prop_fdre_C_Q)         0.141     0.551 r  mem_wb_register/WB_rd_reg[3]/Q
                         net (fo=100, unplaced)       0.300     0.851    register_file/registers_reg_r1_0_31_0_5/ADDRD3
                         RAMD32                                       r  register_file/registers_reg_r1_0_31_0_5/RAMA/WADR3
  -------------------------------------------------------------------    -------------------

                         (clock clk rise edge)        0.000     0.000 r  
                                                      0.000     0.000 r  clk (IN)
                         net (fo=2173, unset)         0.432     0.432    register_file/registers_reg_r1_0_31_0_5/WCLK
                         RAMD32                                       r  register_file/registers_reg_r1_0_31_0_5/RAMA/CLK
                         clock pessimism              0.000     0.432    
                         RAMD32 (Hold_ramd32_CLK_WADR3)
                                                      0.187     0.619    register_file/registers_reg_r1_0_31_0_5/RAMA
  -------------------------------------------------------------------
                         required time                         -0.619    
                         arrival time                           0.851    
  -------------------------------------------------------------------
                         slack                                  0.233    





Pulse Width Checks
--------------------------------------------------------------------------------------
Clock Name:         clk
Waveform(ns):       { 0.000 2.500 }
Period(ns):         5.000
Sources:            { clk }

Check Type        Corner  Lib Pin      Reference Pin  Required(ns)  Actual(ns)  Slack(ns)  Location  Pin
Min Period        n/a     DSP48E1/CLK  n/a            2.154         5.000       2.846                alu/multiplier_word/mult_result__0/CLK
Low Pulse Width   Slow    RAMD32/CLK   n/a            1.250         2.500       1.250                register_file/registers_reg_r1_0_31_0_5/RAMA/CLK
High Pulse Width  Slow    RAMD32/CLK   n/a            1.250         2.500       1.250                register_file/registers_reg_r1_0_31_0_5/RAMA/CLK



