Copyright 1986-2022 Xilinx, Inc. All Rights Reserved. Copyright 2022-2025 Advanced Micro Devices, Inc. All Rights Reserved.
-----------------------------------------------------------------------------------------------------------------------------------------------
| Tool Version : Vivado v.2025.2 (lin64) Build 6299465 Fri Nov 14 12:34:56 MST 2025
| Date         : Wed Sep  9 03:35:39 2026
| Host         : khwl-ThinkPad-X1-Carbon-Gen-13 running 64-bit Ubuntu 24.04.4 LTS
| Command      : report_timing_summary -file /home/khwl/Desktop/RV-IM100/riscof-env/logs/swap_reports/RV32IM_7SP_BRAM/timing.rpt
| Design       : RV64IM72F5SPSoCTOP
| Device       : 7a200t-sbg484
| Speed File   : -1  PRODUCTION 1.23 2018-06-13
| Design State : Physopt postRoute
-----------------------------------------------------------------------------------------------------------------------------------------------

Timing Summary Report

------------------------------------------------------------------------------------------------
| Timer Settings
| --------------
------------------------------------------------------------------------------------------------

  Enable Multi Corner Analysis               :  Yes
  Enable Pessimism Removal                   :  Yes
  Pessimism Removal Resolution               :  Nearest Common Node
  Enable Input Delay Default Clock           :  No
  Enable Preset / Clear Arcs                 :  No
  Disable Flight Delays                      :  No
  Ignore I/O Paths                           :  No
  Timing Early Launch at Borrowing Latches   :  No
  Borrow Time for Max Delay Exceptions       :  Yes
  Merge Timing Exceptions                    :  Yes
  Inter-SLR Compensation                     :  Conservative

  Corner  Analyze    Analyze    
  Name    Max Paths  Min Paths  
  ------  ---------  ---------  
  Slow    Yes        Yes        
  Fast    Yes        Yes        


------------------------------------------------------------------------------------------------
| Report Methodology
| ------------------
------------------------------------------------------------------------------------------------

Rule      Severity  Description                                 Violations  
--------  --------  ------------------------------------------  ----------  
DPIR-1    Warning   Asynchronous driver check                   111         
SYNTH-6   Warning   Timing of a RAM block might be sub-optimal  16          
SYNTH-10  Warning   Wide multiplier                             4           

Note: This report is based on the most recent report_methodology run and may not be up-to-date. Run report_methodology on the current design for the latest report.



check_timing report

Table of Contents
-----------------
1. checking no_clock (0)
2. checking constant_clock (0)
3. checking pulse_width_clock (0)
4. checking unconstrained_internal_endpoints (0)
5. checking no_input_delay (2)
6. checking no_output_delay (9)
7. checking multiple_clock (0)
8. checking generated_clocks (0)
9. checking loops (0)
10. checking partial_input_delay (0)
11. checking partial_output_delay (0)
12. checking latch_loops (0)

1. checking no_clock (0)
------------------------
 There are 0 register/latch pins with no clock.


2. checking constant_clock (0)
------------------------------
 There are 0 register/latch pins with constant_clock.


3. checking pulse_width_clock (0)
---------------------------------
 There are 0 register/latch pins which need pulse_width check


4. checking unconstrained_internal_endpoints (0)
------------------------------------------------
 There are 0 pins that are not constrained for maximum delay.

 There are 0 pins that are not constrained for maximum delay due to constant clock.


5. checking no_input_delay (2)
------------------------------
 There are 0 input ports with no input delay specified.

 There are 2 input ports with no input delay but user has a false path constraint. (MEDIUM)


6. checking no_output_delay (9)
-------------------------------
 There are 0 ports with no output delay specified.

 There are 9 ports with no output delay but user has a false path constraint (MEDIUM)

 There are 0 ports with no output delay but with a timing clock defined on it or propagating through it


7. checking multiple_clock (0)
------------------------------
 There are 0 register/latch pins with multiple clocks.


8. checking generated_clocks (0)
--------------------------------
 There are 0 generated clocks that are not connected to a clock source.


9. checking loops (0)
---------------------
 There are 0 combinational loops in the design.


10. checking partial_input_delay (0)
------------------------------------
 There are 0 input ports with partial input delay specified.


11. checking partial_output_delay (0)
-------------------------------------
 There are 0 ports with partial output delay specified.


12. checking latch_loops (0)
----------------------------
 There are 0 combinational latch loops in the design through latch input



------------------------------------------------------------------------------------------------
| Design Timing Summary
| ---------------------
------------------------------------------------------------------------------------------------

    WNS(ns)      TNS(ns)  TNS Failing Endpoints  TNS Total Endpoints      WHS(ns)      THS(ns)  THS Failing Endpoints  THS Total Endpoints     WPWS(ns)     TPWS(ns)  TPWS Failing Endpoints  TPWS Total Endpoints  
    -------      -------  ---------------------  -------------------      -------      -------  ---------------------  -------------------     --------     --------  ----------------------  --------------------  
      0.014        0.000                      0                 7804        0.047        0.000                      0                 7804        2.633        0.000                       0                  2350  


All user specified timing constraints are met.


------------------------------------------------------------------------------------------------
| Clock Summary
| -------------
------------------------------------------------------------------------------------------------

Clock                 Waveform(ns)       Period(ns)      Frequency(MHz)
-----                 ------------       ----------      --------------
clk                   {0.000 5.000}      10.000          100.000         
  clk_out1_clk_wiz_0  {0.000 6.944}      13.889          72.000          
  clkfbout_clk_wiz_0  {0.000 25.000}     50.000          20.000          


------------------------------------------------------------------------------------------------
| Intra Clock Table
| -----------------
------------------------------------------------------------------------------------------------

Clock                     WNS(ns)      TNS(ns)  TNS Failing Endpoints  TNS Total Endpoints      WHS(ns)      THS(ns)  THS Failing Endpoints  THS Total Endpoints     WPWS(ns)     TPWS(ns)  TPWS Failing Endpoints  TPWS Total Endpoints  
-----                     -------      -------  ---------------------  -------------------      -------      -------  ---------------------  -------------------     --------     --------  ----------------------  --------------------  
clk                                                                                                                                                                     3.000        0.000                       0                     1  
  clk_out1_clk_wiz_0        0.014        0.000                      0                 6818        0.047        0.000                      0                 6818        5.694        0.000                       0                  2346  
  clkfbout_clk_wiz_0                                                                                                                                                    2.633        0.000                       0                     3  


------------------------------------------------------------------------------------------------
| Inter Clock Table
| -----------------
------------------------------------------------------------------------------------------------

From Clock    To Clock          WNS(ns)      TNS(ns)  TNS Failing Endpoints  TNS Total Endpoints      WHS(ns)      THS(ns)  THS Failing Endpoints  THS Total Endpoints  
----------    --------          -------      -------  ---------------------  -------------------      -------      -------  ---------------------  -------------------  


------------------------------------------------------------------------------------------------
| Other Path Groups Table
| -----------------------
------------------------------------------------------------------------------------------------

Path Group          From Clock          To Clock                WNS(ns)      TNS(ns)  TNS Failing Endpoints  TNS Total Endpoints      WHS(ns)      THS(ns)  THS Failing Endpoints  THS Total Endpoints  
----------          ----------          --------                -------      -------  ---------------------  -------------------      -------      -------  ---------------------  -------------------  
**async_default**   clk_out1_clk_wiz_0  clk_out1_clk_wiz_0        3.325        0.000                      0                  986        0.247        0.000                      0                  986  


------------------------------------------------------------------------------------------------
| Timing Details
| --------------
------------------------------------------------------------------------------------------------


---------------------------------------------------------------------------------------------------
From Clock:  clk
  To Clock:  clk

Setup :           NA  Failing Endpoints,  Worst Slack           NA  ,  Total Violation           NA
Hold  :           NA  Failing Endpoints,  Worst Slack           NA  ,  Total Violation           NA
PW    :            0  Failing Endpoints,  Worst Slack        3.000ns,  Total Violation        0.000ns
---------------------------------------------------------------------------------------------------


Pulse Width Checks
--------------------------------------------------------------------------------------
Clock Name:         clk
Waveform(ns):       { 0.000 5.000 }
Period(ns):         10.000
Sources:            { clk }

Check Type        Corner  Lib Pin           Reference Pin  Required(ns)  Actual(ns)  Slack(ns)  Location        Pin
Min Period        n/a     PLLE2_ADV/CLKIN1  n/a            1.249         10.000      8.751      PLLE2_ADV_X1Y2  clk_gen/inst/plle2_adv_inst/CLKIN1
Max Period        n/a     PLLE2_ADV/CLKIN1  n/a            52.633        10.000      42.633     PLLE2_ADV_X1Y2  clk_gen/inst/plle2_adv_inst/CLKIN1
Low Pulse Width   Slow    PLLE2_ADV/CLKIN1  n/a            2.000         5.000       3.000      PLLE2_ADV_X1Y2  clk_gen/inst/plle2_adv_inst/CLKIN1
High Pulse Width  Slow    PLLE2_ADV/CLKIN1  n/a            2.000         5.000       3.000      PLLE2_ADV_X1Y2  clk_gen/inst/plle2_adv_inst/CLKIN1



---------------------------------------------------------------------------------------------------
From Clock:  clk_out1_clk_wiz_0
  To Clock:  clk_out1_clk_wiz_0

Setup :            0  Failing Endpoints,  Worst Slack        0.014ns,  Total Violation        0.000ns
Hold  :            0  Failing Endpoints,  Worst Slack        0.047ns,  Total Violation        0.000ns
PW    :            0  Failing Endpoints,  Worst Slack        5.694ns,  Total Violation        0.000ns
---------------------------------------------------------------------------------------------------


Max Delay Paths
--------------------------------------------------------------------------------------
Slack (MET) :             0.014ns  (required time - arrival time)
  Source:                 rv32im72f_7sp/instruction_memory/instruction_reg_3/CLKBWRCLK
                            (rising edge-triggered cell RAMB36E1 clocked by clk_out1_clk_wiz_0  {rise@0.000ns fall@6.944ns period=13.889ns})
  Destination:            rv32im72f_7sp/exception_detector/trapped_reg/D
                            (rising edge-triggered cell FDCE clocked by clk_out1_clk_wiz_0  {rise@0.000ns fall@6.944ns period=13.889ns})
  Path Group:             clk_out1_clk_wiz_0
  Path Type:              Setup (Max at Slow Process Corner)
  Requirement:            13.889ns  (clk_out1_clk_wiz_0 rise@13.889ns - clk_out1_clk_wiz_0 rise@0.000ns)
  Data Path Delay:        13.750ns  (logic 4.699ns (34.174%)  route 9.051ns (65.826%))
  Logic Levels:           15  (CARRY4=1 LUT3=2 LUT4=2 LUT5=1 LUT6=9)
  Clock Path Skew:        -0.077ns (DCD - SCD + CPR)
    Destination Clock Delay (DCD):    -1.833ns = ( 12.056 - 13.889 ) 
    Source Clock Delay      (SCD):    -2.174ns
    Clock Pessimism Removal (CPR):    -0.418ns
  Clock Uncertainty:      0.122ns  ((TSJ^2 + DJ^2)^1/2) / 2 + PE
    Total System Jitter     (TSJ):    0.071ns
    Discrete Jitter          (DJ):    0.234ns
    Phase Error              (PE):    0.000ns

    Location             Delay type                Incr(ns)  Path(ns)    Netlist Resource(s)
  -------------------------------------------------------------------    -------------------
                         (clock clk_out1_clk_wiz_0 rise edge)
                                                      0.000     0.000 r  
    R4                                                0.000     0.000 r  clk (IN)
                         net (fo=0)                   0.000     0.000    clk_gen/inst/clk_in1
    R4                   IBUF (Prop_ibuf_I_O)         1.475     1.475 r  clk_gen/inst/clkin1_ibufg/O
                         net (fo=1, routed)           1.253     2.728    clk_gen/inst/clk_in1_clk_wiz_0
    PLLE2_ADV_X1Y2       PLLE2_ADV (Prop_plle2_adv_CLKIN1_CLKOUT0)
                                                     -8.953    -6.225 r  clk_gen/inst/plle2_adv_inst/CLKOUT0
                         net (fo=1, routed)           1.802    -4.422    clk_gen/inst/clk_out1_clk_wiz_0
    BUFGCTRL_X0Y0        BUFG (Prop_bufg_I_O)         0.096    -4.326 r  clk_gen/inst/clkout1_buf/O
                         net (fo=2344, routed)        2.152    -2.174    rv32im72f_7sp/instruction_memory/clk_out1
    RAMB36_X1Y5          RAMB36E1                                     r  rv32im72f_7sp/instruction_memory/instruction_reg_3/CLKBWRCLK
  -------------------------------------------------------------------    -------------------
    RAMB36_X1Y5          RAMB36E1 (Prop_ramb36e1_CLKBWRCLK_DOBDO[3])
                                                      2.454     0.280 r  rv32im72f_7sp/instruction_memory/instruction_reg_3/DOBDO[3]
                         net (fo=2, routed)           1.328     1.607    rv32im72f_7sp/data_memory/D[15]
    SLICE_X25Y16         LUT6 (Prop_lut6_I4_O)        0.124     1.731 r  rv32im72f_7sp/data_memory/WB_byte_enable_logic_register_file_write_data[31]_i_8/O
                         net (fo=3, routed)           0.445     2.176    rv32im72f_7sp/data_memory/memory_bank3_reg_1_0[15]
    SLICE_X24Y14         LUT4 (Prop_lut4_I2_O)        0.124     2.300 r  rv32im72f_7sp/data_memory/WB_byte_enable_logic_register_file_write_data[31]_i_5/O
                         net (fo=13, routed)          0.484     2.784    rv32im72f_7sp/ex_mem_register/WB_byte_enable_logic_register_file_write_data_reg[8]_0
    SLICE_X27Y15         LUT6 (Prop_lut6_I0_O)        0.124     2.908 r  rv32im72f_7sp/ex_mem_register/WB_byte_enable_logic_register_file_write_data[30]_i_3/O
                         net (fo=28, routed)          0.796     3.704    rv32im72f_7sp/ex_mem_register/WB_byte_enable_logic_register_file_write_data[30]_i_3_n_0
    SLICE_X30Y16         LUT6 (Prop_lut6_I1_O)        0.124     3.828 r  rv32im72f_7sp/ex_mem_register/dividend_reg[24]_i_4/O
                         net (fo=3, routed)           0.785     4.613    rv32im72f_7sp/id_ex_register/EX2_read_data2_reg[24]_0
    SLICE_X30Y24         LUT6 (Prop_lut6_I5_O)        0.124     4.737 r  rv32im72f_7sp/id_ex_register/divisor_latch[24]_i_4/O
                         net (fo=1, routed)           0.493     5.230    rv32im72f_7sp/id_ex_register/divisor_latch[24]_i_4_n_0
    SLICE_X31Y24         LUT3 (Prop_lut3_I2_O)        0.124     5.354 r  rv32im72f_7sp/id_ex_register/divisor_latch[24]_i_2/O
                         net (fo=1, routed)           0.407     5.762    rv32im72f_7sp/id_ex_register/alu_forward_source_data_b[24]
    SLICE_X31Y24         LUT6 (Prop_lut6_I0_O)        0.124     5.886 r  rv32im72f_7sp/id_ex_register/divisor_latch[24]_i_1/O
                         net (fo=14, routed)          1.241     7.126    rv32im72f_7sp/id_ex_register/src_B[24]
    SLICE_X16Y21         LUT4 (Prop_lut4_I3_O)        0.124     7.250 r  rv32im72f_7sp/id_ex_register/i__carry__2_i_8/O
                         net (fo=1, routed)           0.000     7.250    rv32im72f_7sp/alu/alu_word/EX2_alu_result[0]_i_10_2[0]
    SLICE_X16Y21         CARRY4 (Prop_carry4_S[0]_CO[3])
                                                      0.513     7.763 r  rv32im72f_7sp/alu/alu_word/alu_result2_inferred__0/i__carry__2/CO[3]
                         net (fo=1, routed)           0.861     8.624    rv32im72f_7sp/id_ex_register/EX2_alu_result[0]_i_5_0[0]
    SLICE_X16Y23         LUT6 (Prop_lut6_I0_O)        0.124     8.748 r  rv32im72f_7sp/id_ex_register/EX2_alu_result[0]_i_10/O
                         net (fo=1, routed)           0.286     9.034    rv32im72f_7sp/id_ex_register/EX2_alu_result[0]_i_10_n_0
    SLICE_X16Y23         LUT6 (Prop_lut6_I0_O)        0.124     9.158 r  rv32im72f_7sp/id_ex_register/EX2_alu_result[0]_i_5/O
                         net (fo=4, routed)           0.335     9.493    rv32im72f_7sp/id_ex_register/EX2_alu_result[0]_i_5_n_0
    SLICE_X14Y23         LUT6 (Prop_lut6_I3_O)        0.124     9.617 r  rv32im72f_7sp/id_ex_register/EX2_alu_result[0]_i_1/O
                         net (fo=7, routed)           0.362     9.979    rv32im72f_7sp/id_ex_register/prod_high_reg[31][0]
    SLICE_X15Y24         LUT5 (Prop_lut5_I1_O)        0.124    10.103 r  rv32im72f_7sp/id_ex_register/trapped_i_12/O
                         net (fo=3, routed)           0.754    10.857    rv32im72f_7sp/id_ex_register/trapped_i_12_n_0
    SLICE_X15Y25         LUT6 (Prop_lut6_I3_O)        0.124    10.981 f  rv32im72f_7sp/id_ex_register/trapped_i_4/O
                         net (fo=3, routed)           0.475    11.456    rv32im72f_7sp/io_id_register/trapped_reg_0
    SLICE_X15Y25         LUT3 (Prop_lut3_I2_O)        0.120    11.576 r  rv32im72f_7sp/io_id_register/trapped_i_1/O
                         net (fo=1, routed)           0.000    11.576    rv32im72f_7sp/exception_detector/trapped_combinatorial
    SLICE_X15Y25         FDCE                                         r  rv32im72f_7sp/exception_detector/trapped_reg/D
  -------------------------------------------------------------------    -------------------

                         (clock clk_out1_clk_wiz_0 rise edge)
                                                     13.889    13.889 r  
    R4                                                0.000    13.889 r  clk (IN)
                         net (fo=0)                   0.000    13.889    clk_gen/inst/clk_in1
    R4                   IBUF (Prop_ibuf_I_O)         1.405    15.293 r  clk_gen/inst/clkin1_ibufg/O
                         net (fo=1, routed)           1.181    16.474    clk_gen/inst/clk_in1_clk_wiz_0
    PLLE2_ADV_X1Y2       PLLE2_ADV (Prop_plle2_adv_CLKIN1_CLKOUT0)
                                                     -8.206     8.269 r  clk_gen/inst/plle2_adv_inst/CLKOUT0
                         net (fo=1, routed)           1.718     9.987    clk_gen/inst/clk_out1_clk_wiz_0
    BUFGCTRL_X0Y0        BUFG (Prop_bufg_I_O)         0.091    10.078 r  clk_gen/inst/clkout1_buf/O
                         net (fo=2344, routed)        1.978    12.056    rv32im72f_7sp/exception_detector/clk_out1
    SLICE_X15Y25         FDCE                                         r  rv32im72f_7sp/exception_detector/trapped_reg/C
                         clock pessimism             -0.418    11.637    
                         clock uncertainty           -0.122    11.515    
    SLICE_X15Y25         FDCE (Setup_fdce_C_D)        0.075    11.590    rv32im72f_7sp/exception_detector/trapped_reg
  -------------------------------------------------------------------
                         required time                         11.590    
                         arrival time                         -11.576    
  -------------------------------------------------------------------
                         slack                                  0.014    





Min Delay Paths
--------------------------------------------------------------------------------------
Slack (MET) :             0.047ns  (arrival time - required time)
  Source:                 rv32im72f_7sp/id_ex_register/EX_pc_plus_4_reg[21]/C
                            (rising edge-triggered cell FDRE clocked by clk_out1_clk_wiz_0  {rise@0.000ns fall@6.944ns period=13.889ns})
  Destination:            rv32im72f_7sp/ex_ex2_register/EX2_pc_plus_4_reg[21]/D
                            (rising edge-triggered cell FDRE clocked by clk_out1_clk_wiz_0  {rise@0.000ns fall@6.944ns period=13.889ns})
  Path Group:             clk_out1_clk_wiz_0
  Path Type:              Hold (Min at Fast Process Corner)
  Requirement:            0.000ns  (clk_out1_clk_wiz_0 rise@0.000ns - clk_out1_clk_wiz_0 rise@0.000ns)
  Data Path Delay:        0.461ns  (logic 0.141ns (30.616%)  route 0.320ns (69.384%))
  Logic Levels:           0  
  Clock Path Skew:        0.344ns (DCD - SCD - CPR)
    Destination Clock Delay (DCD):    -0.254ns
    Source Clock Delay      (SCD):    -0.561ns
    Clock Pessimism Removal (CPR):    -0.037ns

    Location             Delay type                Incr(ns)  Path(ns)    Netlist Resource(s)
  -------------------------------------------------------------------    -------------------
                         (clock clk_out1_clk_wiz_0 rise edge)
                                                      0.000     0.000 r  
    R4                                                0.000     0.000 r  clk (IN)
                         net (fo=0)                   0.000     0.000    clk_gen/inst/clk_in1
    R4                   IBUF (Prop_ibuf_I_O)         0.243     0.243 r  clk_gen/inst/clkin1_ibufg/O
                         net (fo=1, routed)           0.440     0.683    clk_gen/inst/clk_in1_clk_wiz_0
    PLLE2_ADV_X1Y2       PLLE2_ADV (Prop_plle2_adv_CLKIN1_CLKOUT0)
                                                     -2.503    -1.819 r  clk_gen/inst/plle2_adv_inst/CLKOUT0
                         net (fo=1, routed)           0.546    -1.273    clk_gen/inst/clk_out1_clk_wiz_0
    BUFGCTRL_X0Y0        BUFG (Prop_bufg_I_O)         0.026    -1.247 r  clk_gen/inst/clkout1_buf/O
                         net (fo=2344, routed)        0.686    -0.561    rv32im72f_7sp/id_ex_register/clk_out1
    SLICE_X30Y56         FDRE                                         r  rv32im72f_7sp/id_ex_register/EX_pc_plus_4_reg[21]/C
  -------------------------------------------------------------------    -------------------
    SLICE_X30Y56         FDRE (Prop_fdre_C_Q)         0.141    -0.420 r  rv32im72f_7sp/id_ex_register/EX_pc_plus_4_reg[21]/Q
                         net (fo=1, routed)           0.320    -0.101    rv32im72f_7sp/ex_ex2_register/EX2_pc_plus_4_reg[31]_1[21]
    SLICE_X30Y46         FDRE                                         r  rv32im72f_7sp/ex_ex2_register/EX2_pc_plus_4_reg[21]/D
  -------------------------------------------------------------------    -------------------

                         (clock clk_out1_clk_wiz_0 rise edge)
                                                      0.000     0.000 r  
    R4                                                0.000     0.000 r  clk (IN)
                         net (fo=0)                   0.000     0.000    clk_gen/inst/clk_in1
    R4                   IBUF (Prop_ibuf_I_O)         0.431     0.431 r  clk_gen/inst/clkin1_ibufg/O
                         net (fo=1, routed)           0.481     0.912    clk_gen/inst/clk_in1_clk_wiz_0
    PLLE2_ADV_X1Y2       PLLE2_ADV (Prop_plle2_adv_CLKIN1_CLKOUT0)
                                                     -2.828    -1.916 r  clk_gen/inst/plle2_adv_inst/CLKOUT0
                         net (fo=1, routed)           0.595    -1.322    clk_gen/inst/clk_out1_clk_wiz_0
    BUFGCTRL_X0Y0        BUFG (Prop_bufg_I_O)         0.029    -1.293 r  clk_gen/inst/clkout1_buf/O
                         net (fo=2344, routed)        1.039    -0.254    rv32im72f_7sp/ex_ex2_register/clk_out1
    SLICE_X30Y46         FDRE                                         r  rv32im72f_7sp/ex_ex2_register/EX2_pc_plus_4_reg[21]/C
                         clock pessimism              0.037    -0.217    
    SLICE_X30Y46         FDRE (Hold_fdre_C_D)         0.070    -0.147    rv32im72f_7sp/ex_ex2_register/EX2_pc_plus_4_reg[21]
  -------------------------------------------------------------------
                         required time                          0.147    
                         arrival time                          -0.101    
  -------------------------------------------------------------------
                         slack                                  0.047    





Pulse Width Checks
--------------------------------------------------------------------------------------
Clock Name:         clk_out1_clk_wiz_0
Waveform(ns):       { 0.000 6.944 }
Period(ns):         13.889
Sources:            { clk_gen/inst/plle2_adv_inst/CLKOUT0 }

Check Type        Corner  Lib Pin             Reference Pin  Required(ns)  Actual(ns)  Slack(ns)  Location        Pin
Min Period        n/a     RAMB36E1/CLKARDCLK  n/a            2.944         13.889      10.945     RAMB36_X0Y6     rv32im72f_7sp/data_memory/memory_bank0_reg_0/CLKARDCLK
Max Period        n/a     PLLE2_ADV/CLKOUT0   n/a            160.000       13.889      146.111    PLLE2_ADV_X1Y2  clk_gen/inst/plle2_adv_inst/CLKOUT0
Low Pulse Width   Slow    RAMD32/CLK          n/a            1.250         6.944       5.694      SLICE_X14Y36    rv32im72f_7sp/register_file/registers_reg_r1_0_31_0_5/RAMA/CLK
High Pulse Width  Slow    RAMD32/CLK          n/a            1.250         6.944       5.694      SLICE_X14Y36    rv32im72f_7sp/register_file/registers_reg_r1_0_31_0_5/RAMA/CLK



---------------------------------------------------------------------------------------------------
From Clock:  clkfbout_clk_wiz_0
  To Clock:  clkfbout_clk_wiz_0

Setup :           NA  Failing Endpoints,  Worst Slack           NA  ,  Total Violation           NA
Hold  :           NA  Failing Endpoints,  Worst Slack           NA  ,  Total Violation           NA
PW    :            0  Failing Endpoints,  Worst Slack        2.633ns,  Total Violation        0.000ns
---------------------------------------------------------------------------------------------------


Pulse Width Checks
--------------------------------------------------------------------------------------
Clock Name:         clkfbout_clk_wiz_0
Waveform(ns):       { 0.000 25.000 }
Period(ns):         50.000
Sources:            { clk_gen/inst/plle2_adv_inst/CLKFBOUT }

Check Type  Corner  Lib Pin            Reference Pin  Required(ns)  Actual(ns)  Slack(ns)  Location        Pin
Min Period  n/a     BUFG/I             n/a            2.155         50.000      47.845     BUFGCTRL_X0Y1   clk_gen/inst/clkf_buf/I
Max Period  n/a     PLLE2_ADV/CLKFBIN  n/a            52.633        50.000      2.633      PLLE2_ADV_X1Y2  clk_gen/inst/plle2_adv_inst/CLKFBIN



---------------------------------------------------------------------------------------------------
Path Group:  **async_default**
From Clock:  clk_out1_clk_wiz_0
  To Clock:  clk_out1_clk_wiz_0

Setup :            0  Failing Endpoints,  Worst Slack        3.325ns,  Total Violation        0.000ns
Hold  :            0  Failing Endpoints,  Worst Slack        0.247ns,  Total Violation        0.000ns
---------------------------------------------------------------------------------------------------


Max Delay Paths
--------------------------------------------------------------------------------------
Slack (MET) :             3.325ns  (required time - arrival time)
  Source:                 reset_sync_reg[2]/C
                            (rising edge-triggered cell FDPE clocked by clk_out1_clk_wiz_0  {rise@0.000ns fall@6.944ns period=13.889ns})
  Destination:            rv32im72f_7sp/rom_read_data_held_reg[24]/CLR
                            (recovery check against rising-edge clock clk_out1_clk_wiz_0  {rise@0.000ns fall@6.944ns period=13.889ns})
  Path Group:             **async_default**
  Path Type:              Recovery (Max at Slow Process Corner)
  Requirement:            13.889ns  (clk_out1_clk_wiz_0 rise@13.889ns - clk_out1_clk_wiz_0 rise@0.000ns)
  Data Path Delay:        10.074ns  (logic 0.478ns (4.745%)  route 9.596ns (95.255%))
  Logic Levels:           0  
  Clock Path Skew:        0.208ns (DCD - SCD + CPR)
    Destination Clock Delay (DCD):    -1.840ns = ( 12.049 - 13.889 ) 
    Source Clock Delay      (SCD):    -2.556ns
    Clock Pessimism Removal (CPR):    -0.507ns
  Clock Uncertainty:      0.122ns  ((TSJ^2 + DJ^2)^1/2) / 2 + PE
    Total System Jitter     (TSJ):    0.071ns
    Discrete Jitter          (DJ):    0.234ns
    Phase Error              (PE):    0.000ns

    Location             Delay type                Incr(ns)  Path(ns)    Netlist Resource(s)
  -------------------------------------------------------------------    -------------------
                         (clock clk_out1_clk_wiz_0 rise edge)
                                                      0.000     0.000 r  
    R4                                                0.000     0.000 r  clk (IN)
                         net (fo=0)                   0.000     0.000    clk_gen/inst/clk_in1
    R4                   IBUF (Prop_ibuf_I_O)         1.475     1.475 r  clk_gen/inst/clkin1_ibufg/O
                         net (fo=1, routed)           1.253     2.728    clk_gen/inst/clk_in1_clk_wiz_0
    PLLE2_ADV_X1Y2       PLLE2_ADV (Prop_plle2_adv_CLKIN1_CLKOUT0)
                                                     -8.953    -6.225 r  clk_gen/inst/plle2_adv_inst/CLKOUT0
                         net (fo=1, routed)           1.802    -4.422    clk_gen/inst/clk_out1_clk_wiz_0
    BUFGCTRL_X0Y0        BUFG (Prop_bufg_I_O)         0.096    -4.326 r  clk_gen/inst/clkout1_buf/O
                         net (fo=2344, routed)        1.770    -2.556    clk_cpu
    SLICE_X20Y104        FDPE                                         r  reset_sync_reg[2]/C
  -------------------------------------------------------------------    -------------------
    SLICE_X20Y104        FDPE (Prop_fdpe_C_Q)         0.478    -2.078 f  reset_sync_reg[2]/Q
                         net (fo=992, routed)         9.596     7.519    rv32im72f_7sp/Q[0]
    SLICE_X37Y20         FDCE                                         f  rv32im72f_7sp/rom_read_data_held_reg[24]/CLR
  -------------------------------------------------------------------    -------------------

                         (clock clk_out1_clk_wiz_0 rise edge)
                                                     13.889    13.889 r  
    R4                                                0.000    13.889 r  clk (IN)
                         net (fo=0)                   0.000    13.889    clk_gen/inst/clk_in1
    R4                   IBUF (Prop_ibuf_I_O)         1.405    15.293 r  clk_gen/inst/clkin1_ibufg/O
                         net (fo=1, routed)           1.181    16.474    clk_gen/inst/clk_in1_clk_wiz_0
    PLLE2_ADV_X1Y2       PLLE2_ADV (Prop_plle2_adv_CLKIN1_CLKOUT0)
                                                     -8.206     8.269 r  clk_gen/inst/plle2_adv_inst/CLKOUT0
                         net (fo=1, routed)           1.718     9.987    clk_gen/inst/clk_out1_clk_wiz_0
    BUFGCTRL_X0Y0        BUFG (Prop_bufg_I_O)         0.091    10.078 r  clk_gen/inst/clkout1_buf/O
                         net (fo=2344, routed)        1.971    12.049    rv32im72f_7sp/clk_out1
    SLICE_X37Y20         FDCE                                         r  rv32im72f_7sp/rom_read_data_held_reg[24]/C
                         clock pessimism             -0.507    11.541    
                         clock uncertainty           -0.122    11.419    
    SLICE_X37Y20         FDCE (Recov_fdce_C_CLR)     -0.576    10.843    rv32im72f_7sp/rom_read_data_held_reg[24]
  -------------------------------------------------------------------
                         required time                         10.843    
                         arrival time                          -7.519    
  -------------------------------------------------------------------
                         slack                                  3.325    





Min Delay Paths
--------------------------------------------------------------------------------------
Slack (MET) :             0.247ns  (arrival time - required time)
  Source:                 reset_sync_reg[2]/C
                            (rising edge-triggered cell FDPE clocked by clk_out1_clk_wiz_0  {rise@0.000ns fall@6.944ns period=13.889ns})
  Destination:            unified_uart_controller/btn_sync_reg[2]/CLR
                            (removal check against rising-edge clock clk_out1_clk_wiz_0  {rise@0.000ns fall@6.944ns period=13.889ns})
  Path Group:             **async_default**
  Path Type:              Removal (Min at Fast Process Corner)
  Requirement:            0.000ns  (clk_out1_clk_wiz_0 rise@0.000ns - clk_out1_clk_wiz_0 rise@0.000ns)
  Data Path Delay:        0.468ns  (logic 0.148ns (31.612%)  route 0.320ns (68.388%))
  Logic Levels:           0  
  Clock Path Skew:        0.341ns (DCD - SCD - CPR)
    Destination Clock Delay (DCD):    -0.323ns
    Source Clock Delay      (SCD):    -0.624ns
    Clock Pessimism Removal (CPR):    -0.040ns

    Location             Delay type                Incr(ns)  Path(ns)    Netlist Resource(s)
  -------------------------------------------------------------------    -------------------
                         (clock clk_out1_clk_wiz_0 rise edge)
                                                      0.000     0.000 r  
    R4                                                0.000     0.000 r  clk (IN)
                         net (fo=0)                   0.000     0.000    clk_gen/inst/clk_in1
    R4                   IBUF (Prop_ibuf_I_O)         0.243     0.243 r  clk_gen/inst/clkin1_ibufg/O
                         net (fo=1, routed)           0.440     0.683    clk_gen/inst/clk_in1_clk_wiz_0
    PLLE2_ADV_X1Y2       PLLE2_ADV (Prop_plle2_adv_CLKIN1_CLKOUT0)
                                                     -2.503    -1.819 r  clk_gen/inst/plle2_adv_inst/CLKOUT0
                         net (fo=1, routed)           0.546    -1.273    clk_gen/inst/clk_out1_clk_wiz_0
    BUFGCTRL_X0Y0        BUFG (Prop_bufg_I_O)         0.026    -1.247 r  clk_gen/inst/clkout1_buf/O
                         net (fo=2344, routed)        0.624    -0.624    clk_cpu
    SLICE_X20Y104        FDPE                                         r  reset_sync_reg[2]/C
  -------------------------------------------------------------------    -------------------
    SLICE_X20Y104        FDPE (Prop_fdpe_C_Q)         0.148    -0.476 f  reset_sync_reg[2]/Q
                         net (fo=992, routed)         0.320    -0.156    unified_uart_controller/Q[0]
    SLICE_X16Y98         FDCE                                         f  unified_uart_controller/btn_sync_reg[2]/CLR
  -------------------------------------------------------------------    -------------------

                         (clock clk_out1_clk_wiz_0 rise edge)
                                                      0.000     0.000 r  
    R4                                                0.000     0.000 r  clk (IN)
                         net (fo=0)                   0.000     0.000    clk_gen/inst/clk_in1
    R4                   IBUF (Prop_ibuf_I_O)         0.431     0.431 r  clk_gen/inst/clkin1_ibufg/O
                         net (fo=1, routed)           0.481     0.912    clk_gen/inst/clk_in1_clk_wiz_0
    PLLE2_ADV_X1Y2       PLLE2_ADV (Prop_plle2_adv_CLKIN1_CLKOUT0)
                                                     -2.828    -1.916 r  clk_gen/inst/plle2_adv_inst/CLKOUT0
                         net (fo=1, routed)           0.595    -1.322    clk_gen/inst/clk_out1_clk_wiz_0
    BUFGCTRL_X0Y0        BUFG (Prop_bufg_I_O)         0.029    -1.293 r  clk_gen/inst/clkout1_buf/O
                         net (fo=2344, routed)        0.970    -0.323    unified_uart_controller/clk_out1
    SLICE_X16Y98         FDCE                                         r  unified_uart_controller/btn_sync_reg[2]/C
                         clock pessimism              0.040    -0.283    
    SLICE_X16Y98         FDCE (Remov_fdce_C_CLR)     -0.120    -0.403    unified_uart_controller/btn_sync_reg[2]
  -------------------------------------------------------------------
                         required time                          0.403    
                         arrival time                          -0.156    
  -------------------------------------------------------------------
                         slack                                  0.247    





