Copyright 1986-2022 Xilinx, Inc. All Rights Reserved. Copyright 2022-2025 Advanced Micro Devices, Inc. All Rights Reserved.
-----------------------------------------------------------------------------------------------------------------------------------------------------
| Tool Version : Vivado v.2025.2 (lin64) Build 6299465 Fri Nov 14 12:34:56 MST 2025
| Date         : Tue Sep  1 09:35:39 2026
| Host         : khwl-ThinkPad-X1-Carbon-Gen-13 running 64-bit Ubuntu 24.04.4 LTS
| Command      : report_timing_summary -file /home/khwl/Desktop/RV-IM100/riscof-env/logs/impl_reports/RV32IM_8SP_withoutOpt/timing.rpt
| Design       : RV32IM72F8SPSoCTOP
| Device       : 7a200t-sbg484
| Speed File   : -1  PRODUCTION 1.23 2018-06-13
| Design State : Physopt postRoute
-----------------------------------------------------------------------------------------------------------------------------------------------------

Timing Summary Report

------------------------------------------------------------------------------------------------
| Timer Settings
| --------------
------------------------------------------------------------------------------------------------

  Enable Multi Corner Analysis               :  Yes
  Enable Pessimism Removal                   :  Yes
  Pessimism Removal Resolution               :  Nearest Common Node
  Enable Input Delay Default Clock           :  No
  Enable Preset / Clear Arcs                 :  No
  Disable Flight Delays                      :  No
  Ignore I/O Paths                           :  No
  Timing Early Launch at Borrowing Latches   :  No
  Borrow Time for Max Delay Exceptions       :  Yes
  Merge Timing Exceptions                    :  Yes
  Inter-SLR Compensation                     :  Conservative

  Corner  Analyze    Analyze    
  Name    Max Paths  Min Paths  
  ------  ---------  ---------  
  Slow    Yes        Yes        
  Fast    Yes        Yes        


------------------------------------------------------------------------------------------------
| Report Methodology
| ------------------
------------------------------------------------------------------------------------------------

Rule      Severity  Description                                 Violations  
--------  --------  ------------------------------------------  ----------  
DPIR-1    Warning   Asynchronous driver check                   111         
SYNTH-6   Warning   Timing of a RAM block might be sub-optimal  16          
SYNTH-10  Warning   Wide multiplier                             4           

Note: This report is based on the most recent report_methodology run and may not be up-to-date. Run report_methodology on the current design for the latest report.



check_timing report

Table of Contents
-----------------
1. checking no_clock (0)
2. checking constant_clock (0)
3. checking pulse_width_clock (0)
4. checking unconstrained_internal_endpoints (0)
5. checking no_input_delay (2)
6. checking no_output_delay (9)
7. checking multiple_clock (0)
8. checking generated_clocks (0)
9. checking loops (0)
10. checking partial_input_delay (0)
11. checking partial_output_delay (0)
12. checking latch_loops (0)

1. checking no_clock (0)
------------------------
 There are 0 register/latch pins with no clock.


2. checking constant_clock (0)
------------------------------
 There are 0 register/latch pins with constant_clock.


3. checking pulse_width_clock (0)
---------------------------------
 There are 0 register/latch pins which need pulse_width check


4. checking unconstrained_internal_endpoints (0)
------------------------------------------------
 There are 0 pins that are not constrained for maximum delay.

 There are 0 pins that are not constrained for maximum delay due to constant clock.


5. checking no_input_delay (2)
------------------------------
 There are 0 input ports with no input delay specified.

 There are 2 input ports with no input delay but user has a false path constraint. (MEDIUM)


6. checking no_output_delay (9)
-------------------------------
 There are 0 ports with no output delay specified.

 There are 9 ports with no output delay but user has a false path constraint (MEDIUM)

 There are 0 ports with no output delay but with a timing clock defined on it or propagating through it


7. checking multiple_clock (0)
------------------------------
 There are 0 register/latch pins with multiple clocks.


8. checking generated_clocks (0)
--------------------------------
 There are 0 generated clocks that are not connected to a clock source.


9. checking loops (0)
---------------------
 There are 0 combinational loops in the design.


10. checking partial_input_delay (0)
------------------------------------
 There are 0 input ports with partial input delay specified.


11. checking partial_output_delay (0)
-------------------------------------
 There are 0 ports with partial output delay specified.


12. checking latch_loops (0)
----------------------------
 There are 0 combinational latch loops in the design through latch input



------------------------------------------------------------------------------------------------
| Design Timing Summary
| ---------------------
------------------------------------------------------------------------------------------------

    WNS(ns)      TNS(ns)  TNS Failing Endpoints  TNS Total Endpoints      WHS(ns)      THS(ns)  THS Failing Endpoints  THS Total Endpoints     WPWS(ns)     TPWS(ns)  TPWS Failing Endpoints  TPWS Total Endpoints  
    -------      -------  ---------------------  -------------------      -------      -------  ---------------------  -------------------     --------     --------  ----------------------  --------------------  
     -0.266      -12.448                    150                 8543        0.079        0.000                      0                 8543        2.633        0.000                       0                  2586  


Timing constraints are not met.


------------------------------------------------------------------------------------------------
| Clock Summary
| -------------
------------------------------------------------------------------------------------------------

Clock                 Waveform(ns)         Period(ns)      Frequency(MHz)
-----                 ------------         ----------      --------------
clk                   {0.000 5.000}        10.000          100.000         
  clk_out1_clk_wiz_0  {0.000 4.386}        8.772           114.000         
  clkfbout_clk_wiz_0  {0.000 25.000}       50.000          20.000          


------------------------------------------------------------------------------------------------
| Intra Clock Table
| -----------------
------------------------------------------------------------------------------------------------

Clock                     WNS(ns)      TNS(ns)  TNS Failing Endpoints  TNS Total Endpoints      WHS(ns)      THS(ns)  THS Failing Endpoints  THS Total Endpoints     WPWS(ns)     TPWS(ns)  TPWS Failing Endpoints  TPWS Total Endpoints  
-----                     -------      -------  ---------------------  -------------------      -------      -------  ---------------------  -------------------     --------     --------  ----------------------  --------------------  
clk                                                                                                                                                                     3.000        0.000                       0                     1  
  clk_out1_clk_wiz_0       -0.266      -12.448                    150                 7590        0.079        0.000                      0                 7590        3.136        0.000                       0                  2582  
  clkfbout_clk_wiz_0                                                                                                                                                    2.633        0.000                       0                     3  


------------------------------------------------------------------------------------------------
| Inter Clock Table
| -----------------
------------------------------------------------------------------------------------------------

From Clock    To Clock          WNS(ns)      TNS(ns)  TNS Failing Endpoints  TNS Total Endpoints      WHS(ns)      THS(ns)  THS Failing Endpoints  THS Total Endpoints  
----------    --------          -------      -------  ---------------------  -------------------      -------      -------  ---------------------  -------------------  


------------------------------------------------------------------------------------------------
| Other Path Groups Table
| -----------------------
------------------------------------------------------------------------------------------------

Path Group          From Clock          To Clock                WNS(ns)      TNS(ns)  TNS Failing Endpoints  TNS Total Endpoints      WHS(ns)      THS(ns)  THS Failing Endpoints  THS Total Endpoints  
----------          ----------          --------                -------      -------  ---------------------  -------------------      -------      -------  ---------------------  -------------------  
**async_default**   clk_out1_clk_wiz_0  clk_out1_clk_wiz_0        3.309        0.000                      0                  953        0.509        0.000                      0                  953  


------------------------------------------------------------------------------------------------
| Timing Details
| --------------
------------------------------------------------------------------------------------------------


---------------------------------------------------------------------------------------------------
From Clock:  clk
  To Clock:  clk

Setup :           NA  Failing Endpoints,  Worst Slack           NA  ,  Total Violation           NA
Hold  :           NA  Failing Endpoints,  Worst Slack           NA  ,  Total Violation           NA
PW    :            0  Failing Endpoints,  Worst Slack        3.000ns,  Total Violation        0.000ns
---------------------------------------------------------------------------------------------------


Pulse Width Checks
--------------------------------------------------------------------------------------
Clock Name:         clk
Waveform(ns):       { 0.000 5.000 }
Period(ns):         10.000
Sources:            { clk }

Check Type        Corner  Lib Pin           Reference Pin  Required(ns)  Actual(ns)  Slack(ns)  Location        Pin
Min Period        n/a     PLLE2_ADV/CLKIN1  n/a            1.249         10.000      8.751      PLLE2_ADV_X1Y2  clk_gen/inst/plle2_adv_inst/CLKIN1
Max Period        n/a     PLLE2_ADV/CLKIN1  n/a            52.633        10.000      42.633     PLLE2_ADV_X1Y2  clk_gen/inst/plle2_adv_inst/CLKIN1
Low Pulse Width   Slow    PLLE2_ADV/CLKIN1  n/a            2.000         5.000       3.000      PLLE2_ADV_X1Y2  clk_gen/inst/plle2_adv_inst/CLKIN1
High Pulse Width  Slow    PLLE2_ADV/CLKIN1  n/a            2.000         5.000       3.000      PLLE2_ADV_X1Y2  clk_gen/inst/plle2_adv_inst/CLKIN1



---------------------------------------------------------------------------------------------------
From Clock:  clk_out1_clk_wiz_0
  To Clock:  clk_out1_clk_wiz_0

Setup :          150  Failing Endpoints,  Worst Slack       -0.266ns,  Total Violation      -12.448ns
Hold  :            0  Failing Endpoints,  Worst Slack        0.079ns,  Total Violation        0.000ns
PW    :            0  Failing Endpoints,  Worst Slack        3.136ns,  Total Violation        0.000ns
---------------------------------------------------------------------------------------------------


Max Delay Paths
--------------------------------------------------------------------------------------
Slack (VIOLATED) :        -0.266ns  (required time - arrival time)
  Source:                 rv32im72f_8sp/io_id_register/ID_instruction_reg[0]/C
                            (rising edge-triggered cell FDSE clocked by clk_out1_clk_wiz_0  {rise@0.000ns fall@4.386ns period=8.772ns})
  Destination:            rv32im72f_8sp/data_memory/memory_bank0_reg_0/ENBWREN
                            (rising edge-triggered cell RAMB36E1 clocked by clk_out1_clk_wiz_0  {rise@0.000ns fall@4.386ns period=8.772ns})
  Path Group:             clk_out1_clk_wiz_0
  Path Type:              Setup (Max at Slow Process Corner)
  Requirement:            8.772ns  (clk_out1_clk_wiz_0 rise@8.772ns - clk_out1_clk_wiz_0 rise@0.000ns)
  Data Path Delay:        8.375ns  (logic 1.634ns (19.511%)  route 6.741ns (80.489%))
  Logic Levels:           9  (LUT2=2 LUT3=1 LUT5=1 LUT6=5)
  Clock Path Skew:        -0.111ns (DCD - SCD + CPR)
    Destination Clock Delay (DCD):    -1.890ns = ( 6.882 - 8.772 ) 
    Source Clock Delay      (SCD):    -2.198ns
    Clock Pessimism Removal (CPR):    -0.418ns
  Clock Uncertainty:      0.110ns  ((TSJ^2 + DJ^2)^1/2) / 2 + PE
    Total System Jitter     (TSJ):    0.071ns
    Discrete Jitter          (DJ):    0.207ns
    Phase Error              (PE):    0.000ns

    Location             Delay type                Incr(ns)  Path(ns)    Netlist Resource(s)
  -------------------------------------------------------------------    -------------------
                         (clock clk_out1_clk_wiz_0 rise edge)
                                                      0.000     0.000 r  
    R4                                                0.000     0.000 r  clk (IN)
                         net (fo=0)                   0.000     0.000    clk_gen/inst/clk_in1
    R4                   IBUF (Prop_ibuf_I_O)         1.475     1.475 r  clk_gen/inst/clkin1_ibufg/O
                         net (fo=1, routed)           1.253     2.728    clk_gen/inst/clk_in1_clk_wiz_0
    PLLE2_ADV_X1Y2       PLLE2_ADV (Prop_plle2_adv_CLKIN1_CLKOUT0)
                                                     -8.953    -6.225 r  clk_gen/inst/plle2_adv_inst/CLKOUT0
                         net (fo=1, routed)           1.802    -4.422    clk_gen/inst/clk_out1_clk_wiz_0
    BUFGCTRL_X0Y0        BUFG (Prop_bufg_I_O)         0.096    -4.326 r  clk_gen/inst/clkout1_buf/O
                         net (fo=2580, routed)        2.128    -2.198    rv32im72f_8sp/io_id_register/clk_out1
    SLICE_X16Y8          FDSE                                         r  rv32im72f_8sp/io_id_register/ID_instruction_reg[0]/C
  -------------------------------------------------------------------    -------------------
    SLICE_X16Y8          FDSE (Prop_fdse_C_Q)         0.518    -1.680 r  rv32im72f_8sp/io_id_register/ID_instruction_reg[0]/Q
                         net (fo=32, routed)          0.549    -1.131    rv32im72f_8sp/io_id_register/Q[0]
    SLICE_X16Y8          LUT2 (Prop_lut2_I1_O)        0.124    -1.007 r  rv32im72f_8sp/io_id_register/EX_alu_src_B_select[1]_i_2/O
                         net (fo=25, routed)          0.342    -0.664    rv32im72f_8sp/io_id_register/ID_instruction_reg[1]_1
    SLICE_X16Y9          LUT6 (Prop_lut6_I0_O)        0.124    -0.540 r  rv32im72f_8sp/io_id_register/EX_raw_imm[11]_i_3/O
                         net (fo=28, routed)          0.642     0.102    rv32im72f_8sp/io_id_register/ID_instruction_reg[5]_1
    SLICE_X13Y10         LUT5 (Prop_lut5_I1_O)        0.124     0.226 r  rv32im72f_8sp/io_id_register/EX_raw_imm[0]_i_2/O
                         net (fo=1, routed)           0.395     0.621    rv32im72f_8sp/io_id_register/EX_raw_imm[0]_i_2_n_0
    SLICE_X15Y10         LUT6 (Prop_lut6_I5_O)        0.124     0.745 r  rv32im72f_8sp/io_id_register/EX_raw_imm[0]_i_1/O
                         net (fo=8, routed)           0.624     1.369    rv32im72f_8sp/io_id_register/ID_instruction_reg[8]_0
    SLICE_X21Y9          LUT6 (Prop_lut6_I4_O)        0.124     1.493 r  rv32im72f_8sp/io_id_register/csr_read_out[11]_i_3/O
                         net (fo=19, routed)          0.951     2.445    rv32im72f_8sp/io_id_register/csr_read_address[0]
    SLICE_X22Y7          LUT2 (Prop_lut2_I0_O)        0.124     2.569 r  rv32im72f_8sp/io_id_register/memory_bank0_reg_0_i_51/O
                         net (fo=1, routed)           0.313     2.882    rv32im72f_8sp/io_id_register/memory_bank0_reg_0_i_51_n_0
    SLICE_X22Y8          LUT6 (Prop_lut6_I2_O)        0.124     3.006 r  rv32im72f_8sp/io_id_register/memory_bank0_reg_0_i_37/O
                         net (fo=2, routed)           0.507     3.513    rv32im72f_8sp/io_id_register/FSM_onehot_trap_handle_state_reg[7]_1
    SLICE_X23Y8          LUT6 (Prop_lut6_I3_O)        0.124     3.637 r  rv32im72f_8sp/io_id_register/memory_bank0_reg_0_i_23/O
                         net (fo=11, routed)          0.610     4.247    rv32im72f_8sp/io_id_register/div_by_zero_flag_reg
    SLICE_X22Y10         LUT3 (Prop_lut3_I1_O)        0.124     4.371 r  rv32im72f_8sp/io_id_register/memory_bank0_reg_0_i_2/O
                         net (fo=1044, routed)        1.806     6.177    rv32im72f_8sp/data_memory/E[0]
    RAMB36_X2Y4          RAMB36E1                                     r  rv32im72f_8sp/data_memory/memory_bank0_reg_0/ENBWREN
  -------------------------------------------------------------------    -------------------

                         (clock clk_out1_clk_wiz_0 rise edge)
                                                      8.772     8.772 r  
    R4                                                0.000     8.772 r  clk (IN)
                         net (fo=0)                   0.000     8.772    clk_gen/inst/clk_in1
    R4                   IBUF (Prop_ibuf_I_O)         1.405    10.177 r  clk_gen/inst/clkin1_ibufg/O
                         net (fo=1, routed)           1.181    11.357    clk_gen/inst/clk_in1_clk_wiz_0
    PLLE2_ADV_X1Y2       PLLE2_ADV (Prop_plle2_adv_CLKIN1_CLKOUT0)
                                                     -8.206     3.152 r  clk_gen/inst/plle2_adv_inst/CLKOUT0
                         net (fo=1, routed)           1.718     4.870    clk_gen/inst/clk_out1_clk_wiz_0
    BUFGCTRL_X0Y0        BUFG (Prop_bufg_I_O)         0.091     4.961 r  clk_gen/inst/clkout1_buf/O
                         net (fo=2580, routed)        1.921     6.882    rv32im72f_8sp/data_memory/clk_out1
    RAMB36_X2Y4          RAMB36E1                                     r  rv32im72f_8sp/data_memory/memory_bank0_reg_0/CLKBWRCLK
                         clock pessimism             -0.418     6.464    
                         clock uncertainty           -0.110     6.354    
    RAMB36_X2Y4          RAMB36E1 (Setup_ramb36e1_CLKBWRCLK_ENBWREN)
                                                     -0.443     5.911    rv32im72f_8sp/data_memory/memory_bank0_reg_0
  -------------------------------------------------------------------
                         required time                          5.911    
                         arrival time                          -6.177    
  -------------------------------------------------------------------
                         slack                                 -0.266    





Min Delay Paths
--------------------------------------------------------------------------------------
Slack (MET) :             0.079ns  (arrival time - required time)
  Source:                 rv32im72f_8sp/ex_ex2_register/EX2_alu_result_reg[7]/C
                            (rising edge-triggered cell FDRE clocked by clk_out1_clk_wiz_0  {rise@0.000ns fall@4.386ns period=8.772ns})
  Destination:            rv32im72f_8sp/instruction_memory/instruction_reg_3/ADDRBWRADDR[7]
                            (rising edge-triggered cell RAMB36E1 clocked by clk_out1_clk_wiz_0  {rise@0.000ns fall@4.386ns period=8.772ns})
  Path Group:             clk_out1_clk_wiz_0
  Path Type:              Hold (Min at Fast Process Corner)
  Requirement:            0.000ns  (clk_out1_clk_wiz_0 rise@0.000ns - clk_out1_clk_wiz_0 rise@0.000ns)
  Data Path Delay:        0.319ns  (logic 0.141ns (44.145%)  route 0.178ns (55.855%))
  Logic Levels:           0  
  Clock Path Skew:        0.057ns (DCD - SCD - CPR)
    Destination Clock Delay (DCD):    -0.215ns
    Source Clock Delay      (SCD):    -0.491ns
    Clock Pessimism Removal (CPR):    0.219ns

    Location             Delay type                Incr(ns)  Path(ns)    Netlist Resource(s)
  -------------------------------------------------------------------    -------------------
                         (clock clk_out1_clk_wiz_0 rise edge)
                                                      0.000     0.000 r  
    R4                                                0.000     0.000 r  clk (IN)
                         net (fo=0)                   0.000     0.000    clk_gen/inst/clk_in1
    R4                   IBUF (Prop_ibuf_I_O)         0.243     0.243 r  clk_gen/inst/clkin1_ibufg/O
                         net (fo=1, routed)           0.440     0.683    clk_gen/inst/clk_in1_clk_wiz_0
    PLLE2_ADV_X1Y2       PLLE2_ADV (Prop_plle2_adv_CLKIN1_CLKOUT0)
                                                     -2.503    -1.819 r  clk_gen/inst/plle2_adv_inst/CLKOUT0
                         net (fo=1, routed)           0.546    -1.273    clk_gen/inst/clk_out1_clk_wiz_0
    BUFGCTRL_X0Y0        BUFG (Prop_bufg_I_O)         0.026    -1.247 r  clk_gen/inst/clkout1_buf/O
                         net (fo=2580, routed)        0.757    -0.491    rv32im72f_8sp/ex_ex2_register/clk_out1
    SLICE_X23Y17         FDRE                                         r  rv32im72f_8sp/ex_ex2_register/EX2_alu_result_reg[7]/C
  -------------------------------------------------------------------    -------------------
    SLICE_X23Y17         FDRE (Prop_fdre_C_Q)         0.141    -0.350 r  rv32im72f_8sp/ex_ex2_register/EX2_alu_result_reg[7]/Q
                         net (fo=12, routed)          0.178    -0.171    rv32im72f_8sp/instruction_memory/instruction_reg_0_1[5]
    RAMB36_X1Y3          RAMB36E1                                     r  rv32im72f_8sp/instruction_memory/instruction_reg_3/ADDRBWRADDR[7]
  -------------------------------------------------------------------    -------------------

                         (clock clk_out1_clk_wiz_0 rise edge)
                                                      0.000     0.000 r  
    R4                                                0.000     0.000 r  clk (IN)
                         net (fo=0)                   0.000     0.000    clk_gen/inst/clk_in1
    R4                   IBUF (Prop_ibuf_I_O)         0.431     0.431 r  clk_gen/inst/clkin1_ibufg/O
                         net (fo=1, routed)           0.481     0.912    clk_gen/inst/clk_in1_clk_wiz_0
    PLLE2_ADV_X1Y2       PLLE2_ADV (Prop_plle2_adv_CLKIN1_CLKOUT0)
                                                     -2.828    -1.916 r  clk_gen/inst/plle2_adv_inst/CLKOUT0
                         net (fo=1, routed)           0.595    -1.322    clk_gen/inst/clk_out1_clk_wiz_0
    BUFGCTRL_X0Y0        BUFG (Prop_bufg_I_O)         0.029    -1.293 r  clk_gen/inst/clkout1_buf/O
                         net (fo=2580, routed)        1.078    -0.215    rv32im72f_8sp/instruction_memory/clk_out1
    RAMB36_X1Y3          RAMB36E1                                     r  rv32im72f_8sp/instruction_memory/instruction_reg_3/CLKBWRCLK
                         clock pessimism             -0.219    -0.433    
    RAMB36_X1Y3          RAMB36E1 (Hold_ramb36e1_CLKBWRCLK_ADDRBWRADDR[7])
                                                      0.183    -0.250    rv32im72f_8sp/instruction_memory/instruction_reg_3
  -------------------------------------------------------------------
                         required time                          0.250    
                         arrival time                          -0.171    
  -------------------------------------------------------------------
                         slack                                  0.079    





Pulse Width Checks
--------------------------------------------------------------------------------------
Clock Name:         clk_out1_clk_wiz_0
Waveform(ns):       { 0.000 4.386 }
Period(ns):         8.772
Sources:            { clk_gen/inst/plle2_adv_inst/CLKOUT0 }

Check Type        Corner  Lib Pin             Reference Pin  Required(ns)  Actual(ns)  Slack(ns)  Location        Pin
Min Period        n/a     RAMB36E1/CLKARDCLK  n/a            2.944         8.772       5.828      RAMB36_X2Y4     rv32im72f_8sp/data_memory/memory_bank0_reg_0/CLKARDCLK
Max Period        n/a     PLLE2_ADV/CLKOUT0   n/a            160.000       8.772       151.228    PLLE2_ADV_X1Y2  clk_gen/inst/plle2_adv_inst/CLKOUT0
Low Pulse Width   Slow    RAMD32/CLK          n/a            1.250         4.386       3.136      SLICE_X18Y4     rv32im72f_8sp/register_file/registers_reg_r1_0_31_0_5/RAMA/CLK
High Pulse Width  Slow    RAMD32/CLK          n/a            1.250         4.386       3.136      SLICE_X18Y4     rv32im72f_8sp/register_file/registers_reg_r1_0_31_0_5/RAMA/CLK



---------------------------------------------------------------------------------------------------
From Clock:  clkfbout_clk_wiz_0
  To Clock:  clkfbout_clk_wiz_0

Setup :           NA  Failing Endpoints,  Worst Slack           NA  ,  Total Violation           NA
Hold  :           NA  Failing Endpoints,  Worst Slack           NA  ,  Total Violation           NA
PW    :            0  Failing Endpoints,  Worst Slack        2.633ns,  Total Violation        0.000ns
---------------------------------------------------------------------------------------------------


Pulse Width Checks
--------------------------------------------------------------------------------------
Clock Name:         clkfbout_clk_wiz_0
Waveform(ns):       { 0.000 25.000 }
Period(ns):         50.000
Sources:            { clk_gen/inst/plle2_adv_inst/CLKFBOUT }

Check Type  Corner  Lib Pin            Reference Pin  Required(ns)  Actual(ns)  Slack(ns)  Location        Pin
Min Period  n/a     BUFG/I             n/a            2.155         50.000      47.845     BUFGCTRL_X0Y1   clk_gen/inst/clkf_buf/I
Max Period  n/a     PLLE2_ADV/CLKFBIN  n/a            52.633        50.000      2.633      PLLE2_ADV_X1Y2  clk_gen/inst/plle2_adv_inst/CLKFBIN



---------------------------------------------------------------------------------------------------
Path Group:  **async_default**
From Clock:  clk_out1_clk_wiz_0
  To Clock:  clk_out1_clk_wiz_0

Setup :            0  Failing Endpoints,  Worst Slack        3.309ns,  Total Violation        0.000ns
Hold  :            0  Failing Endpoints,  Worst Slack        0.509ns,  Total Violation        0.000ns
---------------------------------------------------------------------------------------------------


Max Delay Paths
--------------------------------------------------------------------------------------
Slack (MET) :             3.309ns  (required time - arrival time)
  Source:                 reset_sync_reg[2]/C
                            (rising edge-triggered cell FDPE clocked by clk_out1_clk_wiz_0  {rise@0.000ns fall@4.386ns period=8.772ns})
  Destination:            rv32im72f_8sp/instruction_pc_reg[11]/CLR
                            (recovery check against rising-edge clock clk_out1_clk_wiz_0  {rise@0.000ns fall@4.386ns period=8.772ns})
  Path Group:             **async_default**
  Path Type:              Recovery (Max at Slow Process Corner)
  Requirement:            8.772ns  (clk_out1_clk_wiz_0 rise@8.772ns - clk_out1_clk_wiz_0 rise@0.000ns)
  Data Path Delay:        4.910ns  (logic 0.518ns (10.550%)  route 4.392ns (89.450%))
  Logic Levels:           0  
  Clock Path Skew:        -0.038ns (DCD - SCD + CPR)
    Destination Clock Delay (DCD):    -1.817ns = ( 6.955 - 8.772 ) 
    Source Clock Delay      (SCD):    -2.198ns
    Clock Pessimism Removal (CPR):    -0.418ns
  Clock Uncertainty:      0.110ns  ((TSJ^2 + DJ^2)^1/2) / 2 + PE
    Total System Jitter     (TSJ):    0.071ns
    Discrete Jitter          (DJ):    0.207ns
    Phase Error              (PE):    0.000ns

    Location             Delay type                Incr(ns)  Path(ns)    Netlist Resource(s)
  -------------------------------------------------------------------    -------------------
                         (clock clk_out1_clk_wiz_0 rise edge)
                                                      0.000     0.000 r  
    R4                                                0.000     0.000 r  clk (IN)
                         net (fo=0)                   0.000     0.000    clk_gen/inst/clk_in1
    R4                   IBUF (Prop_ibuf_I_O)         1.475     1.475 r  clk_gen/inst/clkin1_ibufg/O
                         net (fo=1, routed)           1.253     2.728    clk_gen/inst/clk_in1_clk_wiz_0
    PLLE2_ADV_X1Y2       PLLE2_ADV (Prop_plle2_adv_CLKIN1_CLKOUT0)
                                                     -8.953    -6.225 r  clk_gen/inst/plle2_adv_inst/CLKOUT0
                         net (fo=1, routed)           1.802    -4.422    clk_gen/inst/clk_out1_clk_wiz_0
    BUFGCTRL_X0Y0        BUFG (Prop_bufg_I_O)         0.096    -4.326 r  clk_gen/inst/clkout1_buf/O
                         net (fo=2580, routed)        2.128    -2.198    clk_cpu
    SLICE_X22Y1          FDPE                                         r  reset_sync_reg[2]/C
  -------------------------------------------------------------------    -------------------
    SLICE_X22Y1          FDPE (Prop_fdpe_C_Q)         0.518    -1.680 f  reset_sync_reg[2]/Q
                         net (fo=959, routed)         4.392     2.712    rv32im72f_8sp/Q[0]
    SLICE_X15Y8          FDCE                                         f  rv32im72f_8sp/instruction_pc_reg[11]/CLR
  -------------------------------------------------------------------    -------------------

                         (clock clk_out1_clk_wiz_0 rise edge)
                                                      8.772     8.772 r  
    R4                                                0.000     8.772 r  clk (IN)
                         net (fo=0)                   0.000     8.772    clk_gen/inst/clk_in1
    R4                   IBUF (Prop_ibuf_I_O)         1.405    10.177 r  clk_gen/inst/clkin1_ibufg/O
                         net (fo=1, routed)           1.181    11.357    clk_gen/inst/clk_in1_clk_wiz_0
    PLLE2_ADV_X1Y2       PLLE2_ADV (Prop_plle2_adv_CLKIN1_CLKOUT0)
                                                     -8.206     3.152 r  clk_gen/inst/plle2_adv_inst/CLKOUT0
                         net (fo=1, routed)           1.718     4.870    clk_gen/inst/clk_out1_clk_wiz_0
    BUFGCTRL_X0Y0        BUFG (Prop_bufg_I_O)         0.091     4.961 r  clk_gen/inst/clkout1_buf/O
                         net (fo=2580, routed)        1.994     6.955    rv32im72f_8sp/clk_out1
    SLICE_X15Y8          FDCE                                         r  rv32im72f_8sp/instruction_pc_reg[11]/C
                         clock pessimism             -0.418     6.536    
                         clock uncertainty           -0.110     6.427    
    SLICE_X15Y8          FDCE (Recov_fdce_C_CLR)     -0.405     6.022    rv32im72f_8sp/instruction_pc_reg[11]
  -------------------------------------------------------------------
                         required time                          6.022    
                         arrival time                          -2.712    
  -------------------------------------------------------------------
                         slack                                  3.309    





Min Delay Paths
--------------------------------------------------------------------------------------
Slack (MET) :             0.509ns  (arrival time - required time)
  Source:                 reset_sync_reg[2]/C
                            (rising edge-triggered cell FDPE clocked by clk_out1_clk_wiz_0  {rise@0.000ns fall@4.386ns period=8.772ns})
  Destination:            rv32im72f_8sp/trap_controller/FSM_onehot_trap_handle_state_reg[10]/CLR
                            (removal check against rising-edge clock clk_out1_clk_wiz_0  {rise@0.000ns fall@4.386ns period=8.772ns})
  Path Group:             **async_default**
  Path Type:              Removal (Min at Fast Process Corner)
  Requirement:            0.000ns  (clk_out1_clk_wiz_0 rise@0.000ns - clk_out1_clk_wiz_0 rise@0.000ns)
  Data Path Delay:        0.481ns  (logic 0.164ns (34.105%)  route 0.317ns (65.895%))
  Logic Levels:           0  
  Clock Path Skew:        0.039ns (DCD - SCD - CPR)
    Destination Clock Delay (DCD):    -0.249ns
    Source Clock Delay      (SCD):    -0.484ns
    Clock Pessimism Removal (CPR):    0.196ns

    Location             Delay type                Incr(ns)  Path(ns)    Netlist Resource(s)
  -------------------------------------------------------------------    -------------------
                         (clock clk_out1_clk_wiz_0 rise edge)
                                                      0.000     0.000 r  
    R4                                                0.000     0.000 r  clk (IN)
                         net (fo=0)                   0.000     0.000    clk_gen/inst/clk_in1
    R4                   IBUF (Prop_ibuf_I_O)         0.243     0.243 r  clk_gen/inst/clkin1_ibufg/O
                         net (fo=1, routed)           0.440     0.683    clk_gen/inst/clk_in1_clk_wiz_0
    PLLE2_ADV_X1Y2       PLLE2_ADV (Prop_plle2_adv_CLKIN1_CLKOUT0)
                                                     -2.503    -1.819 r  clk_gen/inst/plle2_adv_inst/CLKOUT0
                         net (fo=1, routed)           0.546    -1.273    clk_gen/inst/clk_out1_clk_wiz_0
    BUFGCTRL_X0Y0        BUFG (Prop_bufg_I_O)         0.026    -1.247 r  clk_gen/inst/clkout1_buf/O
                         net (fo=2580, routed)        0.764    -0.484    clk_cpu
    SLICE_X22Y1          FDPE                                         r  reset_sync_reg[2]/C
  -------------------------------------------------------------------    -------------------
    SLICE_X22Y1          FDPE (Prop_fdpe_C_Q)         0.164    -0.320 f  reset_sync_reg[2]/Q
                         net (fo=959, routed)         0.317    -0.003    rv32im72f_8sp/trap_controller/Q[0]
    SLICE_X20Y2          FDCE                                         f  rv32im72f_8sp/trap_controller/FSM_onehot_trap_handle_state_reg[10]/CLR
  -------------------------------------------------------------------    -------------------

                         (clock clk_out1_clk_wiz_0 rise edge)
                                                      0.000     0.000 r  
    R4                                                0.000     0.000 r  clk (IN)
                         net (fo=0)                   0.000     0.000    clk_gen/inst/clk_in1
    R4                   IBUF (Prop_ibuf_I_O)         0.431     0.431 r  clk_gen/inst/clkin1_ibufg/O
                         net (fo=1, routed)           0.481     0.912    clk_gen/inst/clk_in1_clk_wiz_0
    PLLE2_ADV_X1Y2       PLLE2_ADV (Prop_plle2_adv_CLKIN1_CLKOUT0)
                                                     -2.828    -1.916 r  clk_gen/inst/plle2_adv_inst/CLKOUT0
                         net (fo=1, routed)           0.595    -1.322    clk_gen/inst/clk_out1_clk_wiz_0
    BUFGCTRL_X0Y0        BUFG (Prop_bufg_I_O)         0.029    -1.293 r  clk_gen/inst/clkout1_buf/O
                         net (fo=2580, routed)        1.044    -0.249    rv32im72f_8sp/trap_controller/clk_out1
    SLICE_X20Y2          FDCE                                         r  rv32im72f_8sp/trap_controller/FSM_onehot_trap_handle_state_reg[10]/C
                         clock pessimism             -0.196    -0.445    
    SLICE_X20Y2          FDCE (Remov_fdce_C_CLR)     -0.067    -0.512    rv32im72f_8sp/trap_controller/FSM_onehot_trap_handle_state_reg[10]
  -------------------------------------------------------------------
                         required time                          0.512    
                         arrival time                          -0.003    
  -------------------------------------------------------------------
                         slack                                  0.509    





