Archive member included to satisfy reference by file (symbol)

/opt/riscv/lib/gcc/riscv64-unknown-elf/15.2.0/rv32im/ilp32/libgcc.a(divsf3.o)
                              dhry_1.o (__divsf3)
/opt/riscv/lib/gcc/riscv64-unknown-elf/15.2.0/rv32im/ilp32/libgcc.a(mulsf3.o)
                              dhry_1.o (__mulsf3)
/opt/riscv/lib/gcc/riscv64-unknown-elf/15.2.0/rv32im/ilp32/libgcc.a(fixsfsi.o)
                              dhry_1.o (__fixsfsi)
/opt/riscv/lib/gcc/riscv64-unknown-elf/15.2.0/rv32im/ilp32/libgcc.a(floatsisf.o)
                              dhry_1.o (__floatsisf)
/opt/riscv/lib/gcc/riscv64-unknown-elf/15.2.0/rv32im/ilp32/libgcc.a(_clzsi2.o)
                              /opt/riscv/lib/gcc/riscv64-unknown-elf/15.2.0/rv32im/ilp32/libgcc.a(divsf3.o) (__clzsi2)
/opt/riscv/lib/gcc/riscv64-unknown-elf/15.2.0/rv32im/ilp32/libgcc.a(_clz.o)
                              /opt/riscv/lib/gcc/riscv64-unknown-elf/15.2.0/rv32im/ilp32/libgcc.a(_clzsi2.o) (__clz_tab)

Discarded input sections

 .text          0x00000000        0x0 crt0.o
 .data          0x00000000        0x0 crt0.o
 .bss           0x00000000        0x0 crt0.o
 .data          0x00000000        0x0 strcmp.o
 .bss           0x00000000        0x0 strcmp.o
 .text          0x00000000        0x0 dhry_1.o
 .data          0x00000000        0x0 dhry_1.o
 .bss           0x00000000        0x0 dhry_1.o
 .text.Proc_2   0x00000000       0x30 dhry_1.o
 .text.Proc_3   0x00000000       0x30 dhry_1.o
 .text.Proc_4   0x00000000       0x30 dhry_1.o
 .text.Proc_5   0x00000000       0x18 dhry_1.o
 .text          0x00000000        0x0 dhry_2.o
 .data          0x00000000        0x0 dhry_2.o
 .bss           0x00000000        0x0 dhry_2.o
 .text.Func_3   0x00000000        0xc dhry_2.o
 .text          0x00000000        0x0 syscalls.o
 .data          0x00000000        0x0 syscalls.o
 .bss           0x00000000        0x0 syscalls.o
 .text          0x00000000        0x0 mini_libc.o
 .data          0x00000000        0x0 mini_libc.o
 .bss           0x00000000        0x0 mini_libc.o
 .text.free     0x00000000        0x4 mini_libc.o
 .text.putchar  0x00000000       0x30 mini_libc.o
 .text.puts     0x00000000       0x2c mini_libc.o
 .data          0x00000000        0x0 /opt/riscv/lib/gcc/riscv64-unknown-elf/15.2.0/rv32im/ilp32/libgcc.a(divsf3.o)
 .bss           0x00000000        0x0 /opt/riscv/lib/gcc/riscv64-unknown-elf/15.2.0/rv32im/ilp32/libgcc.a(divsf3.o)
 .data          0x00000000        0x0 /opt/riscv/lib/gcc/riscv64-unknown-elf/15.2.0/rv32im/ilp32/libgcc.a(mulsf3.o)
 .bss           0x00000000        0x0 /opt/riscv/lib/gcc/riscv64-unknown-elf/15.2.0/rv32im/ilp32/libgcc.a(mulsf3.o)
 .data          0x00000000        0x0 /opt/riscv/lib/gcc/riscv64-unknown-elf/15.2.0/rv32im/ilp32/libgcc.a(fixsfsi.o)
 .bss           0x00000000        0x0 /opt/riscv/lib/gcc/riscv64-unknown-elf/15.2.0/rv32im/ilp32/libgcc.a(fixsfsi.o)
 .data          0x00000000        0x0 /opt/riscv/lib/gcc/riscv64-unknown-elf/15.2.0/rv32im/ilp32/libgcc.a(floatsisf.o)
 .bss           0x00000000        0x0 /opt/riscv/lib/gcc/riscv64-unknown-elf/15.2.0/rv32im/ilp32/libgcc.a(floatsisf.o)
 .data          0x00000000        0x0 /opt/riscv/lib/gcc/riscv64-unknown-elf/15.2.0/rv32im/ilp32/libgcc.a(_clzsi2.o)
 .bss           0x00000000        0x0 /opt/riscv/lib/gcc/riscv64-unknown-elf/15.2.0/rv32im/ilp32/libgcc.a(_clzsi2.o)
 .text          0x00000000        0x0 /opt/riscv/lib/gcc/riscv64-unknown-elf/15.2.0/rv32im/ilp32/libgcc.a(_clz.o)
 .data          0x00000000        0x0 /opt/riscv/lib/gcc/riscv64-unknown-elf/15.2.0/rv32im/ilp32/libgcc.a(_clz.o)
 .bss           0x00000000        0x0 /opt/riscv/lib/gcc/riscv64-unknown-elf/15.2.0/rv32im/ilp32/libgcc.a(_clz.o)

Memory Configuration

Name             Origin             Length             Attributes
ROM              0x00000000         0x00010000         xr
RAM              0x10000000         0x00008000         xrw
*default*        0x00000000         0xffffffff

Linker script and memory map

                0x00000800                        __stack_size = 0x800
                0x00001000                        __heap_size = 0x1000
LOAD crt0.o
LOAD strcmp.o
LOAD dhry_1.o
LOAD dhry_2.o
LOAD syscalls.o
LOAD mini_libc.o
LOAD /opt/riscv/lib/gcc/riscv64-unknown-elf/15.2.0/rv32im/ilp32/libgcc.a
                0x00000800                        __stack_size = DEFINED (__stack_size)?__stack_size:0x800
                0x00001000                        __heap_size = DEFINED (__heap_size)?__heap_size:0x1000

.text           0x00000000     0x16e8
 *(.text.init)
 .text.init     0x00000000       0x74 crt0.o
                0x00000000                _start
                0x00000070                _exit
 *(.text.unlikely .text.unlikely.*)
 *(.text.startup .text.startup.*)
 .text.startup.main
                0x00000074      0x654 dhry_1.o
                0x00000074                main
 *(.text .text.*)
 .text          0x000006c8      0x17c strcmp.o
                0x000006c8                strcmp
 .text.Proc_1   0x00000844      0x180 dhry_1.o
                0x00000844                Proc_1
 .text.Proc_6   0x000009c4       0x50 dhry_2.o
                0x000009c4                Proc_6
 .text.Proc_7   0x00000a14       0x10 dhry_2.o
                0x00000a14                Proc_7
 .text.Proc_8   0x00000a24       0x60 dhry_2.o
                0x00000a24                Proc_8
 .text.Func_1   0x00000a84       0x20 dhry_2.o
                0x00000a84                Func_1
 .text.Func_2   0x00000aa4       0x40 dhry_2.o
                0x00000aa4                Func_2
 .text.uart_putchar
                0x00000ae4       0x20 syscalls.o
                0x00000ae4                uart_putchar
 .text.uart_puts
                0x00000b04       0x58 syscalls.o
                0x00000b04                uart_puts
 .text.times    0x00000b5c       0x2c syscalls.o
                0x00000b5c                times
 .text.out_uint
                0x00000b88       0xa8 mini_libc.o
 .text.malloc   0x00000c30       0x5c mini_libc.o
                0x00000c30                malloc
 .text.strcpy   0x00000c8c       0x1c mini_libc.o
                0x00000c8c                strcpy
 .text.printf   0x00000ca8      0x240 mini_libc.o
                0x00000ca8                printf
 .text          0x00000ee8      0x31c /opt/riscv/lib/gcc/riscv64-unknown-elf/15.2.0/rv32im/ilp32/libgcc.a(divsf3.o)
                0x00000ee8                __divsf3
 .text          0x00001204      0x31c /opt/riscv/lib/gcc/riscv64-unknown-elf/15.2.0/rv32im/ilp32/libgcc.a(mulsf3.o)
                0x00001204                __mulsf3
 .text          0x00001520       0x70 /opt/riscv/lib/gcc/riscv64-unknown-elf/15.2.0/rv32im/ilp32/libgcc.a(fixsfsi.o)
                0x00001520                __fixsfsi
 .text          0x00001590      0x10c /opt/riscv/lib/gcc/riscv64-unknown-elf/15.2.0/rv32im/ilp32/libgcc.a(floatsisf.o)
                0x00001590                __floatsisf
 .text          0x0000169c       0x4c /opt/riscv/lib/gcc/riscv64-unknown-elf/15.2.0/rv32im/ilp32/libgcc.a(_clzsi2.o)
                0x0000169c                __clzsi2
 *(.gnu.linkonce.t.*)

.rodata         0x000016e8      0x7c0
 *(.rdata)
 *(.rodata .rodata.*)
 .rodata.main.str1.4
                0x000016e8      0x5f7 dhry_1.o
                                0x5c1 (size before relaxing)
 .rodata.out_uint.str1.4
                0x00001cdf        0x0 mini_libc.o
                                 0x25 (size before relaxing)
 .rodata.printf.str1.4
                0x00001cdf        0x0 mini_libc.o
                                  0x7 (size before relaxing)
 *fill*         0x00001cdf        0x1 
 .rodata.printf
                0x00001ce0       0x84 mini_libc.o
 .rodata        0x00001d64       0x3c /opt/riscv/lib/gcc/riscv64-unknown-elf/15.2.0/rv32im/ilp32/libgcc.a(divsf3.o)
 .rodata        0x00001da0      0x100 /opt/riscv/lib/gcc/riscv64-unknown-elf/15.2.0/rv32im/ilp32/libgcc.a(_clz.o)
                0x00001da0                __clz_tab
 *(.gnu.linkonce.r.*)
 *(.srodata.cst16)
 *(.srodata.cst8)
 *(.srodata.cst4)
 .srodata.cst4  0x00001ea0        0x8 dhry_1.o
 *(.srodata.cst2)
 *(.srodata .srodata.*)

.rela.dyn       0x00001ea8        0x0
 .rela.text.init
                0x00001ea8        0x0 crt0.o
 .rela.text.malloc
                0x00001ea8        0x0 crt0.o

.srodata
 *(.srodata .srodata.*)
                0x00001ea8                        _etext = .
                [!provide]                        PROVIDE (etext = .)

.data           0x10000000        0x0 load address 0x00001ea8
                0x10000000                        _data_start = .
                0x10000000                        __DATA_BEGIN__ = .
 *(.data .data.*)
 *(.gnu.linkonce.d.*)
                0x10000000                        . = ALIGN (0x8)
                0x10000800                        PROVIDE (__global_pointer$ = (. + 0x800))
 *(.sdata .sdata.*)
 *(.sdata2 .sdata2.*)
 *(.gnu.linkonce.s.*)
                0x10000000                        _data_end = .
                0x00001ea8                        _data_load = LOADADDR (.data)

.bss            0x10000000     0x2818 load address 0x00001ea8
                0x10000000                        _bss_start = .
                0x10000000                        __BSS_START__ = .
 *(.sbss .sbss.*)
 .sbss.Dhrystones_Per_Second
                0x10000000        0x4 dhry_1.o
                0x10000000                Dhrystones_Per_Second
 .sbss.Microseconds
                0x10000004        0x4 dhry_1.o
                0x10000004                Microseconds
 .sbss.User_Time
                0x10000008        0x4 dhry_1.o
                0x10000008                User_Time
 .sbss.End_Time
                0x1000000c        0x4 dhry_1.o
                0x1000000c                End_Time
 .sbss.Begin_Time
                0x10000010        0x4 dhry_1.o
                0x10000010                Begin_Time
 .sbss.Reg      0x10000014        0x4 dhry_1.o
                0x10000014                Reg
 .sbss.Ch_2_Glob
                0x10000018        0x1 dhry_1.o
                0x10000018                Ch_2_Glob
 .sbss.Ch_1_Glob
                0x10000019        0x1 dhry_1.o
                0x10000019                Ch_1_Glob
 *fill*         0x1000001a        0x2 
 .sbss.Bool_Glob
                0x1000001c        0x4 dhry_1.o
                0x1000001c                Bool_Glob
 .sbss.Int_Glob
                0x10000020        0x4 dhry_1.o
                0x10000020                Int_Glob
 .sbss.Next_Ptr_Glob
                0x10000024        0x4 dhry_1.o
                0x10000024                Next_Ptr_Glob
 .sbss.Ptr_Glob
                0x10000028        0x4 dhry_1.o
                0x10000028                Ptr_Glob
 .sbss.g_brk    0x1000002c        0x4 mini_libc.o
 *(.gnu.linkonce.sb.*)
 *(.bss .bss.*)
 .bss.time_info
                0x10000030       0x10 dhry_1.o
                0x10000030                time_info
 .bss.Arr_2_Glob
                0x10000040     0x2710 dhry_1.o
                0x10000040                Arr_2_Glob
 .bss.Arr_1_Glob
                0x10002750       0xc8 dhry_1.o
                0x10002750                Arr_1_Glob
 *(.gnu.linkonce.b.*)
 *(COMMON)
                0x10002818                        . = ALIGN (0x4)
                0x10002818                        _bss_end = .
                0x10002818                        __BSS_END__ = .

.heap           0x10002818     0x1000 load address 0x00001ea8
                [!provide]                        PROVIDE (__heap_start = .)
                0x10002818                        PROVIDE (_heap_start = .)
                0x10003818                        . = (. + __heap_size)
 *fill*         0x10002818     0x1000 
                [!provide]                        PROVIDE (__heap_end = .)
                0x10003818                        PROVIDE (_heap_end = .)

.stack          0x10003820      0x800 load address 0x00001eb0
                [!provide]                        PROVIDE (__stack_bottom = .)
                0x10004020                        . = (. + __stack_size)
 *fill*         0x10003820      0x800 
                0x10004020                        PROVIDE (__stack_top = .)
                [!provide]                        PROVIDE (_sp = .)
                0x10004020                        _end = .
                [!provide]                        PROVIDE (end = .)
OUTPUT(dhrystone.elf elf32-littleriscv)

.riscv.attributes
                0x00000000       0x37
 .riscv.attributes
                0x00000000       0x31 crt0.o
 .riscv.attributes
                0x00000031       0x31 strcmp.o
 .riscv.attributes
                0x00000062       0x33 dhry_1.o
 .riscv.attributes
                0x00000095       0x33 dhry_2.o
 .riscv.attributes
                0x000000c8       0x37 syscalls.o
 .riscv.attributes
                0x000000ff       0x33 mini_libc.o
 .riscv.attributes
                0x00000132       0x2a /opt/riscv/lib/gcc/riscv64-unknown-elf/15.2.0/rv32im/ilp32/libgcc.a(divsf3.o)
 .riscv.attributes
                0x0000015c       0x2a /opt/riscv/lib/gcc/riscv64-unknown-elf/15.2.0/rv32im/ilp32/libgcc.a(mulsf3.o)
 .riscv.attributes
                0x00000186       0x2a /opt/riscv/lib/gcc/riscv64-unknown-elf/15.2.0/rv32im/ilp32/libgcc.a(fixsfsi.o)
 .riscv.attributes
                0x000001b0       0x2a /opt/riscv/lib/gcc/riscv64-unknown-elf/15.2.0/rv32im/ilp32/libgcc.a(floatsisf.o)
 .riscv.attributes
                0x000001da       0x2a /opt/riscv/lib/gcc/riscv64-unknown-elf/15.2.0/rv32im/ilp32/libgcc.a(_clzsi2.o)
 .riscv.attributes
                0x00000204       0x2a /opt/riscv/lib/gcc/riscv64-unknown-elf/15.2.0/rv32im/ilp32/libgcc.a(_clz.o)

.comment        0x00000000       0x19
 .comment       0x00000000       0x19 dhry_1.o
                                 0x1a (size before relaxing)
 .comment       0x00000019        0x0 dhry_2.o
                                 0x1a (size before relaxing)
 .comment       0x00000019        0x0 syscalls.o
                                 0x1a (size before relaxing)
 .comment       0x00000019        0x0 mini_libc.o
                                 0x1a (size before relaxing)
 .comment       0x00000019        0x0 /opt/riscv/lib/gcc/riscv64-unknown-elf/15.2.0/rv32im/ilp32/libgcc.a(divsf3.o)
                                 0x1a (size before relaxing)
 .comment       0x00000019        0x0 /opt/riscv/lib/gcc/riscv64-unknown-elf/15.2.0/rv32im/ilp32/libgcc.a(mulsf3.o)
                                 0x1a (size before relaxing)
 .comment       0x00000019        0x0 /opt/riscv/lib/gcc/riscv64-unknown-elf/15.2.0/rv32im/ilp32/libgcc.a(fixsfsi.o)
                                 0x1a (size before relaxing)
 .comment       0x00000019        0x0 /opt/riscv/lib/gcc/riscv64-unknown-elf/15.2.0/rv32im/ilp32/libgcc.a(floatsisf.o)
                                 0x1a (size before relaxing)
 .comment       0x00000019        0x0 /opt/riscv/lib/gcc/riscv64-unknown-elf/15.2.0/rv32im/ilp32/libgcc.a(_clzsi2.o)
                                 0x1a (size before relaxing)
 .comment       0x00000019        0x0 /opt/riscv/lib/gcc/riscv64-unknown-elf/15.2.0/rv32im/ilp32/libgcc.a(_clz.o)
                                 0x1a (size before relaxing)

.note.GNU-stack
                0x00000000        0x0
 .note.GNU-stack
                0x00000000        0x0 dhry_1.o
 .note.GNU-stack
                0x00000000        0x0 dhry_2.o
 .note.GNU-stack
                0x00000000        0x0 syscalls.o
 .note.GNU-stack
                0x00000000        0x0 mini_libc.o
 .note.GNU-stack
                0x00000000        0x0 /opt/riscv/lib/gcc/riscv64-unknown-elf/15.2.0/rv32im/ilp32/libgcc.a(divsf3.o)
 .note.GNU-stack
                0x00000000        0x0 /opt/riscv/lib/gcc/riscv64-unknown-elf/15.2.0/rv32im/ilp32/libgcc.a(mulsf3.o)
 .note.GNU-stack
                0x00000000        0x0 /opt/riscv/lib/gcc/riscv64-unknown-elf/15.2.0/rv32im/ilp32/libgcc.a(fixsfsi.o)
 .note.GNU-stack
                0x00000000        0x0 /opt/riscv/lib/gcc/riscv64-unknown-elf/15.2.0/rv32im/ilp32/libgcc.a(floatsisf.o)
 .note.GNU-stack
                0x00000000        0x0 /opt/riscv/lib/gcc/riscv64-unknown-elf/15.2.0/rv32im/ilp32/libgcc.a(_clzsi2.o)
 .note.GNU-stack
                0x00000000        0x0 /opt/riscv/lib/gcc/riscv64-unknown-elf/15.2.0/rv32im/ilp32/libgcc.a(_clz.o)

.debug_info     0x00000000      0xe06
 .debug_info    0x00000000      0x3dd /opt/riscv/lib/gcc/riscv64-unknown-elf/15.2.0/rv32im/ilp32/libgcc.a(divsf3.o)
 .debug_info    0x000003dd      0x3c5 /opt/riscv/lib/gcc/riscv64-unknown-elf/15.2.0/rv32im/ilp32/libgcc.a(mulsf3.o)
 .debug_info    0x000007a2      0x1ce /opt/riscv/lib/gcc/riscv64-unknown-elf/15.2.0/rv32im/ilp32/libgcc.a(fixsfsi.o)
 .debug_info    0x00000970      0x23c /opt/riscv/lib/gcc/riscv64-unknown-elf/15.2.0/rv32im/ilp32/libgcc.a(floatsisf.o)
 .debug_info    0x00000bac      0x168 /opt/riscv/lib/gcc/riscv64-unknown-elf/15.2.0/rv32im/ilp32/libgcc.a(_clzsi2.o)
 .debug_info    0x00000d14       0xf2 /opt/riscv/lib/gcc/riscv64-unknown-elf/15.2.0/rv32im/ilp32/libgcc.a(_clz.o)

.debug_abbrev   0x00000000      0x6d5
 .debug_abbrev  0x00000000      0x150 /opt/riscv/lib/gcc/riscv64-unknown-elf/15.2.0/rv32im/ilp32/libgcc.a(divsf3.o)
 .debug_abbrev  0x00000150      0x15f /opt/riscv/lib/gcc/riscv64-unknown-elf/15.2.0/rv32im/ilp32/libgcc.a(mulsf3.o)
 .debug_abbrev  0x000002af      0x15b /opt/riscv/lib/gcc/riscv64-unknown-elf/15.2.0/rv32im/ilp32/libgcc.a(fixsfsi.o)
 .debug_abbrev  0x0000040a      0x17c /opt/riscv/lib/gcc/riscv64-unknown-elf/15.2.0/rv32im/ilp32/libgcc.a(floatsisf.o)
 .debug_abbrev  0x00000586       0xd9 /opt/riscv/lib/gcc/riscv64-unknown-elf/15.2.0/rv32im/ilp32/libgcc.a(_clzsi2.o)
 .debug_abbrev  0x0000065f       0x76 /opt/riscv/lib/gcc/riscv64-unknown-elf/15.2.0/rv32im/ilp32/libgcc.a(_clz.o)

.debug_loclists
                0x00000000      0xdd7
 .debug_loclists
                0x00000000      0x643 /opt/riscv/lib/gcc/riscv64-unknown-elf/15.2.0/rv32im/ilp32/libgcc.a(divsf3.o)
 .debug_loclists
                0x00000643      0x494 /opt/riscv/lib/gcc/riscv64-unknown-elf/15.2.0/rv32im/ilp32/libgcc.a(mulsf3.o)
 .debug_loclists
                0x00000ad7       0xc4 /opt/riscv/lib/gcc/riscv64-unknown-elf/15.2.0/rv32im/ilp32/libgcc.a(fixsfsi.o)
 .debug_loclists
                0x00000b9b      0x1ea /opt/riscv/lib/gcc/riscv64-unknown-elf/15.2.0/rv32im/ilp32/libgcc.a(floatsisf.o)
 .debug_loclists
                0x00000d85       0x52 /opt/riscv/lib/gcc/riscv64-unknown-elf/15.2.0/rv32im/ilp32/libgcc.a(_clzsi2.o)

.debug_aranges  0x00000000       0xb8
 .debug_aranges
                0x00000000       0x20 /opt/riscv/lib/gcc/riscv64-unknown-elf/15.2.0/rv32im/ilp32/libgcc.a(divsf3.o)
 .debug_aranges
                0x00000020       0x20 /opt/riscv/lib/gcc/riscv64-unknown-elf/15.2.0/rv32im/ilp32/libgcc.a(mulsf3.o)
 .debug_aranges
                0x00000040       0x20 /opt/riscv/lib/gcc/riscv64-unknown-elf/15.2.0/rv32im/ilp32/libgcc.a(fixsfsi.o)
 .debug_aranges
                0x00000060       0x20 /opt/riscv/lib/gcc/riscv64-unknown-elf/15.2.0/rv32im/ilp32/libgcc.a(floatsisf.o)
 .debug_aranges
                0x00000080       0x20 /opt/riscv/lib/gcc/riscv64-unknown-elf/15.2.0/rv32im/ilp32/libgcc.a(_clzsi2.o)
 .debug_aranges
                0x000000a0       0x18 /opt/riscv/lib/gcc/riscv64-unknown-elf/15.2.0/rv32im/ilp32/libgcc.a(_clz.o)

.debug_rnglists
                0x00000000      0x153
 .debug_rnglists
                0x00000000       0x78 /opt/riscv/lib/gcc/riscv64-unknown-elf/15.2.0/rv32im/ilp32/libgcc.a(divsf3.o)
 .debug_rnglists
                0x00000078       0x6e /opt/riscv/lib/gcc/riscv64-unknown-elf/15.2.0/rv32im/ilp32/libgcc.a(mulsf3.o)
 .debug_rnglists
                0x000000e6       0x13 /opt/riscv/lib/gcc/riscv64-unknown-elf/15.2.0/rv32im/ilp32/libgcc.a(fixsfsi.o)
 .debug_rnglists
                0x000000f9       0x44 /opt/riscv/lib/gcc/riscv64-unknown-elf/15.2.0/rv32im/ilp32/libgcc.a(floatsisf.o)
 .debug_rnglists
                0x0000013d       0x16 /opt/riscv/lib/gcc/riscv64-unknown-elf/15.2.0/rv32im/ilp32/libgcc.a(_clzsi2.o)

.debug_line     0x00000000     0x1aab
 .debug_line    0x00000000      0xa34 /opt/riscv/lib/gcc/riscv64-unknown-elf/15.2.0/rv32im/ilp32/libgcc.a(divsf3.o)
 .debug_line    0x00000a34      0x94d /opt/riscv/lib/gcc/riscv64-unknown-elf/15.2.0/rv32im/ilp32/libgcc.a(mulsf3.o)
 .debug_line    0x00001381      0x245 /opt/riscv/lib/gcc/riscv64-unknown-elf/15.2.0/rv32im/ilp32/libgcc.a(fixsfsi.o)
 .debug_line    0x000015c6      0x3ad /opt/riscv/lib/gcc/riscv64-unknown-elf/15.2.0/rv32im/ilp32/libgcc.a(floatsisf.o)
 .debug_line    0x00001973       0xef /opt/riscv/lib/gcc/riscv64-unknown-elf/15.2.0/rv32im/ilp32/libgcc.a(_clzsi2.o)
 .debug_line    0x00001a62       0x49 /opt/riscv/lib/gcc/riscv64-unknown-elf/15.2.0/rv32im/ilp32/libgcc.a(_clz.o)

.debug_str      0x00000000      0x431
 .debug_str     0x00000000      0x431 /opt/riscv/lib/gcc/riscv64-unknown-elf/15.2.0/rv32im/ilp32/libgcc.a(divsf3.o)
                                0x2cc (size before relaxing)
 .debug_str     0x00000431        0x0 /opt/riscv/lib/gcc/riscv64-unknown-elf/15.2.0/rv32im/ilp32/libgcc.a(mulsf3.o)
                                0x287 (size before relaxing)
 .debug_str     0x00000431        0x0 /opt/riscv/lib/gcc/riscv64-unknown-elf/15.2.0/rv32im/ilp32/libgcc.a(fixsfsi.o)
                                0x19a (size before relaxing)
 .debug_str     0x00000431        0x0 /opt/riscv/lib/gcc/riscv64-unknown-elf/15.2.0/rv32im/ilp32/libgcc.a(floatsisf.o)
                                0x22a (size before relaxing)
 .debug_str     0x00000431        0x0 /opt/riscv/lib/gcc/riscv64-unknown-elf/15.2.0/rv32im/ilp32/libgcc.a(_clzsi2.o)
                                0x1cf (size before relaxing)
 .debug_str     0x00000431        0x0 /opt/riscv/lib/gcc/riscv64-unknown-elf/15.2.0/rv32im/ilp32/libgcc.a(_clz.o)
                                0x1b2 (size before relaxing)

.debug_line_str
                0x00000000      0x19a
 .debug_line_str
                0x00000000      0x19a /opt/riscv/lib/gcc/riscv64-unknown-elf/15.2.0/rv32im/ilp32/libgcc.a(divsf3.o)
                                 0xc2 (size before relaxing)
 .debug_line_str
                0x0000019a        0x0 /opt/riscv/lib/gcc/riscv64-unknown-elf/15.2.0/rv32im/ilp32/libgcc.a(mulsf3.o)
                                 0xcc (size before relaxing)
 .debug_line_str
                0x0000019a        0x0 /opt/riscv/lib/gcc/riscv64-unknown-elf/15.2.0/rv32im/ilp32/libgcc.a(fixsfsi.o)
                                 0xce (size before relaxing)
 .debug_line_str
                0x0000019a        0x0 /opt/riscv/lib/gcc/riscv64-unknown-elf/15.2.0/rv32im/ilp32/libgcc.a(floatsisf.o)
                                 0xd2 (size before relaxing)
 .debug_line_str
                0x0000019a        0x0 /opt/riscv/lib/gcc/riscv64-unknown-elf/15.2.0/rv32im/ilp32/libgcc.a(_clzsi2.o)
                                 0xb5 (size before relaxing)
 .debug_line_str
                0x0000019a        0x0 /opt/riscv/lib/gcc/riscv64-unknown-elf/15.2.0/rv32im/ilp32/libgcc.a(_clz.o)
                                 0xb5 (size before relaxing)

.debug_frame    0x00000000      0x110
 .debug_frame   0x00000000       0x4c /opt/riscv/lib/gcc/riscv64-unknown-elf/15.2.0/rv32im/ilp32/libgcc.a(divsf3.o)
 .debug_frame   0x0000004c       0x4c /opt/riscv/lib/gcc/riscv64-unknown-elf/15.2.0/rv32im/ilp32/libgcc.a(mulsf3.o)
 .debug_frame   0x00000098       0x20 /opt/riscv/lib/gcc/riscv64-unknown-elf/15.2.0/rv32im/ilp32/libgcc.a(fixsfsi.o)
 .debug_frame   0x000000b8       0x38 /opt/riscv/lib/gcc/riscv64-unknown-elf/15.2.0/rv32im/ilp32/libgcc.a(floatsisf.o)
 .debug_frame   0x000000f0       0x20 /opt/riscv/lib/gcc/riscv64-unknown-elf/15.2.0/rv32im/ilp32/libgcc.a(_clzsi2.o)
