Copyright 1986-2022 Xilinx, Inc. All Rights Reserved. Copyright 2022-2025 Advanced Micro Devices, Inc. All Rights Reserved.
---------------------------------------------------------------------------------------------------------------------------------------------
| Tool Version : Vivado v.2025.2 (lin64) Build 6299465 Fri Nov 14 12:34:56 MST 2025
| Date         : Wed Sep  9 02:20:32 2026
| Host         : khwl-ThinkPad-X1-Carbon-Gen-13 running 64-bit Ubuntu 24.04.4 LTS
| Command      : report_control_sets -verbose -file RV64IM72F8SPSoCTOP_control_sets_placed.rpt
| Design       : RV64IM72F8SPSoCTOP
| Device       : xc7a200t
---------------------------------------------------------------------------------------------------------------------------------------------

Control Set Information

Table of Contents
-----------------
1. Summary
2. Histogram
3. Flip-Flop Distribution
4. Detailed Control Set Information

1. Summary
----------

+----------------------------------------------------------+-------+
|                          Status                          | Count |
+----------------------------------------------------------+-------+
| Total control sets                                       |    99 |
|    Minimum number of control sets                        |    42 |
|    Addition due to synthesis replication                 |     0 |
|    Addition due to physical synthesis replication        |    57 |
| Unused register locations in slices containing registers |   342 |
+----------------------------------------------------------+-------+
* Control sets can be merged at opt_design using control_set_merge or merge_equivalent_drivers
** Run report_qor_suggestions for automated merging and remapping suggestions


2. Histogram
------------

+--------------------+-------+
|       Fanout       | Count |
+--------------------+-------+
| Total control sets |    99 |
| >= 0 to < 4        |    16 |
| >= 4 to < 6        |     9 |
| >= 6 to < 8        |     3 |
| >= 8 to < 10       |     3 |
| >= 10 to < 12      |     2 |
| >= 12 to < 14      |     2 |
| >= 14 to < 16      |     7 |
| >= 16              |    57 |
+--------------------+-------+
* Control sets can be remapped at either synth_design or opt_design


3. Flip-Flop Distribution
-------------------------

+--------------+-----------------------+------------------------+-----------------+--------------+
| Clock Enable | Synchronous Set/Reset | Asynchronous Set/Reset | Total Registers | Total Slices |
+--------------+-----------------------+------------------------+-----------------+--------------+
| No           | No                    | No                     |               7 |            5 |
| No           | No                    | Yes                    |              60 |           38 |
| No           | Yes                   | No                     |               0 |            0 |
| Yes          | No                    | No                     |             164 |           61 |
| Yes          | No                    | Yes                    |            1997 |          799 |
| Yes          | Yes                   | No                     |            2806 |          870 |
+--------------+-----------------------+------------------------+-----------------+--------------+


4. Detailed Control Set Information
-----------------------------------

+----------------+------------------------------------------------------------------+--------------------------------------------------------------+------------------+----------------+--------------+
|  Clock Signal  |                           Enable Signal                          |                       Set/Reset Signal                       | Slice Load Count | Bel Load Count | Bels / Slice |
+----------------+------------------------------------------------------------------+--------------------------------------------------------------+------------------+----------------+--------------+
|  clk_IBUF_BUFG | rv64im72f_6sp/alu/multiplier_word/FSM_onehot_stage[3]_i_1__0_n_0 | internal_reset_repN_6                                        |                1 |              1 |         1.00 |
|  clk_IBUF_BUFG | rv64im72f_6sp/csr_file/minstret[0]                               | internal_reset_repN_1                                        |                1 |              1 |         1.00 |
|  clk_IBUF_BUFG | rv64im72f_6sp/alu/multiplier_dword/FSM_onehot_stage[3]_i_1_n_0   | internal_reset_repN                                          |                1 |              1 |         1.00 |
|  clk_IBUF_BUFG | uart_tx/shift_reg[8]_i_1_n_0                                     | internal_reset_repN_1                                        |                1 |              1 |         1.00 |
|  clk_IBUF_BUFG | rv64im72f_6sp/exception_detector/trapped_reg_0[0]                | internal_reset_repN                                          |                1 |              1 |         1.00 |
|  clk_IBUF_BUFG | uart_tx/tx_i_1_n_0                                               | internal_reset_repN_1                                        |                1 |              1 |         1.00 |
|  clk_IBUF_BUFG |                                                                  | internal_reset_repN_6                                        |                1 |              1 |         1.00 |
|  clk_IBUF_BUFG |                                                                  | internal_reset_repN_5                                        |                2 |              2 |         1.00 |
|  clk_IBUF_BUFG | rv64im72f_6sp/alu/divider_word/bit_counter[5]_i_1_n_0            | internal_reset_repN_5                                        |                1 |              2 |         2.00 |
|  clk_IBUF_BUFG | rv64im72f_6sp/exr_ex_register/cpu_clk_enable_reg_2[0]            | internal_reset_repN_5                                        |                1 |              2 |         2.00 |
|  clk_IBUF_BUFG | rv64im72f_6sp/exr_ex_register/cpu_clk_enable_reg_2[0]            | internal_reset_repN_3                                        |                1 |              3 |         3.00 |
|  clk_IBUF_BUFG |                                                                  | internal_reset_repN_4                                        |                3 |              3 |         1.00 |
|  clk_IBUF_BUFG | rv64im72f_6sp/alu/multiplier_word/FSM_onehot_stage[3]_i_1__0_n_0 | internal_reset_repN                                          |                1 |              3 |         3.00 |
|  clk_IBUF_BUFG | rv64im72f_6sp/ex_ex2_register/cpu_clk_enable_reg_6[0]            | internal_reset_repN_1                                        |                1 |              3 |         3.00 |
|  clk_IBUF_BUFG | rv64im72f_6sp/alu/multiplier_word/result_sign_s22_out            | internal_reset_repN_6                                        |                2 |              3 |         1.50 |
|  clk_IBUF_BUFG | rv64im72f_6sp/alu/multiplier_dword/FSM_onehot_stage[3]_i_1_n_0   | internal_reset_repN_6                                        |                1 |              3 |         3.00 |
|  clk_IBUF_BUFG | rv64im72f_6sp/ex_ex2_register/cpu_clk_enable_reg_1[0]            | internal_reset_repN_5                                        |                2 |              4 |         2.00 |
|  clk_IBUF_BUFG | rv64im72f_6sp/exr_ex_register/cpu_clk_enable_reg_0[0]            | internal_reset_repN_5                                        |                2 |              4 |         2.00 |
|  clk_IBUF_BUFG | uart_tx/bit_counter[3]_i_1__1_n_0                                | internal_reset_repN_1                                        |                2 |              4 |         2.00 |
|  clk_IBUF_BUFG | rv64im72f_6sp/alu/divider_dword/FSM_onehot_state[3]_i_1__0_n_0   | internal_reset                                               |                3 |              4 |         1.33 |
|  clk_IBUF_BUFG | rv64im72f_6sp/ex_ex2_register/E[0]                               | internal_reset_repN_5                                        |                3 |              4 |         1.33 |
|  clk_IBUF_BUFG | rv64im72f_6sp/alu/divider_word/FSM_onehot_state[3]_i_1_n_0       | internal_reset                                               |                1 |              4 |         4.00 |
|  clk_IBUF_BUFG | rv64im72f_6sp/exr_ex_register/E[0]                               | internal_reset_repN_6                                        |                3 |              5 |         1.67 |
|  clk_IBUF_BUFG |                                                                  | internal_reset_repN_1                                        |                4 |              5 |         1.25 |
|  clk_IBUF_BUFG | rv64im72f_6sp/ex_ex2_register/cpu_clk_enable_reg_6[0]            | internal_reset_repN_4                                        |                4 |              5 |         1.25 |
|  clk_IBUF_BUFG | rv64im72f_6sp/alu/multiplier_dword/result_sign_s22_out           | internal_reset_repN_3                                        |                4 |              6 |         1.50 |
|  clk_IBUF_BUFG | rv64im72f_6sp/ex_ex2_register/cpu_clk_enable_reg_6[0]            | internal_reset                                               |                4 |              7 |         1.75 |
|  clk_IBUF_BUFG |                                                                  |                                                              |                5 |              7 |         1.40 |
|  clk_IBUF_BUFG | rv64im72f_6sp/alu/multiplier_dword/prod_high[63]_i_1_n_0         | internal_reset_repN                                          |                4 |              8 |         2.00 |
|  clk_IBUF_BUFG | uart_tx/shift_reg[8]_i_1_n_0                                     | internal_reset_repN_2                                        |                2 |              8 |         4.00 |
|  clk_IBUF_BUFG | cpu_clk_enable                                                   | rv64im72f_6sp/ex_ex2_register/ID_branch_estimation0_out      |                4 |              9 |         2.25 |
|  clk_IBUF_BUFG | mmio_interface/E[0]                                              | internal_reset_repN_1                                        |                4 |             10 |         2.50 |
|  clk_IBUF_BUFG |                                                                  | reset                                                        |                6 |             10 |         1.67 |
|  clk_IBUF_BUFG |                                                                  | internal_reset_repN_2                                        |                7 |             12 |         1.71 |
|  clk_IBUF_BUFG | rv64im72f_6sp/alu/multiplier_dword/result_sign_s22_out           | internal_reset_repN_6                                        |                6 |             13 |         2.17 |
|  clk_IBUF_BUFG | rv64im72f_6sp/alu/multiplier_word/result_sign_s22_out            | internal_reset_repN_3                                        |                5 |             14 |         2.80 |
|  clk_IBUF_BUFG | rv64im72f_6sp/exception_detector/trapped_reg_1[0]                | internal_reset                                               |                6 |             14 |         2.33 |
|  clk_IBUF_BUFG | rv64im72f_6sp/exception_detector/trapped_reg_0[0]                | internal_reset                                               |                8 |             14 |         1.75 |
|  clk_IBUF_BUFG | rv64im72f_6sp/data_memory/E[0]                                   | internal_reset_repN_2                                        |                5 |             14 |         2.80 |
|  clk_IBUF_BUFG | cpu_clk_enable                                                   | internal_reset_repN_5                                        |                7 |             14 |         2.00 |
|  clk_IBUF_BUFG | rv64im72f_6sp/exception_detector/E[0]                            | internal_reset                                               |                7 |             15 |         2.14 |
|  clk_IBUF_BUFG | rv64im72f_6sp/exception_detector/cpu_clk_enable_reg[0]           | internal_reset                                               |                8 |             15 |         1.88 |
|  clk_IBUF_BUFG | rv64im72f_6sp/ex_ex2_register/E[0]                               | internal_reset                                               |                8 |             16 |         2.00 |
|  clk_IBUF_BUFG | rv64im72f_6sp/exr_ex_register/cpu_clk_enable_reg_3[0]            | internal_reset                                               |                5 |             17 |         3.40 |
|  clk_IBUF_BUFG | rv64im72f_6sp/ex_ex2_register/cpu_clk_enable_reg_1[0]            | internal_reset_repN_2                                        |               10 |             18 |         1.80 |
|  clk_IBUF_BUFG | rv64im72f_6sp/ex_ex2_register/E[0]                               | internal_reset_repN_2                                        |               10 |             20 |         2.00 |
|  clk_IBUF_BUFG | rv64im72f_6sp/alu/multiplier_word/result_sign_s22_out            | internal_reset                                               |                8 |             20 |         2.50 |
|  clk_IBUF_BUFG | cpu_clk_enable                                                   |                                                              |                9 |             21 |         2.33 |
|  clk_IBUF_BUFG | rv64im72f_6sp/ex_ex2_register/cpu_clk_enable_reg_1[0]            | internal_reset                                               |               13 |             21 |         1.62 |
|  clk_IBUF_BUFG | rv64im72f_6sp/ex_ex2_register/cpu_clk_enable_reg_1[0]            | internal_reset_repN_4                                        |               11 |             21 |         1.91 |
|  clk_IBUF_BUFG | rv64im72f_6sp/exception_detector/trapped_reg_1[0]                | internal_reset_repN_1                                        |                8 |             21 |         2.62 |
|  clk_IBUF_BUFG | rv64im72f_6sp/exception_detector/trapped_reg_0[0]                | internal_reset_repN_1                                        |                6 |             21 |         3.50 |
|  clk_IBUF_BUFG | rv64im72f_6sp/exception_detector/cpu_clk_enable_reg[0]           | internal_reset_repN_1                                        |               14 |             21 |         1.50 |
|  clk_IBUF_BUFG | rv64im72f_6sp/exception_detector/E[0]                            | internal_reset_repN_1                                        |                8 |             21 |         2.62 |
|  clk_IBUF_BUFG | cpu_clk_enable                                                   | internal_reset_repN_4                                        |               16 |             22 |         1.38 |
|  clk_IBUF_BUFG | rv64im72f_6sp/exr_ex_register/E[0]                               | internal_reset_repN                                          |               10 |             22 |         2.20 |
|  clk_IBUF_BUFG | cpu_clk_enable                                                   | internal_reset_repN_2                                        |               16 |             22 |         1.38 |
|  clk_IBUF_BUFG | rv64im72f_6sp/exr_ex_register/cpu_clk_enable_reg_3[0]            | internal_reset_repN_3                                        |                7 |             23 |         3.29 |
|  clk_IBUF_BUFG | rv64im72f_6sp/ex_ex2_register/E[0]                               | internal_reset_repN_4                                        |               11 |             24 |         2.18 |
|  clk_IBUF_BUFG | rv64im72f_6sp/exr_ex_register/cpu_clk_enable_reg_3[0]            | internal_reset_repN_6                                        |                7 |             25 |         3.57 |
|  clk_IBUF_BUFG |                                                                  | internal_reset                                               |               15 |             27 |         1.80 |
|  clk_IBUF_BUFG | rv64im72f_6sp/exception_detector/trapped_reg_0[0]                | internal_reset_repN_6                                        |                7 |             28 |         4.00 |
|  clk_IBUF_BUFG | rv64im72f_6sp/alu/multiplier_word/prod_low[31]_i_1__0_n_0        | internal_reset                                               |                7 |             28 |         4.00 |
|  clk_IBUF_BUFG | rv64im72f_6sp/exception_detector/cpu_clk_enable_reg[0]           | internal_reset_repN_6                                        |               11 |             28 |         2.55 |
|  clk_IBUF_BUFG | rv64im72f_6sp/exception_detector/E[0]                            | internal_reset_repN_6                                        |                9 |             28 |         3.11 |
|  clk_IBUF_BUFG | rv64im72f_6sp/exception_detector/trapped_reg_1[0]                | internal_reset_repN_6                                        |                8 |             29 |         3.62 |
|  clk_IBUF_BUFG | rv64im72f_6sp/exr_ex_register/cpu_clk_enable_reg_0[0]            | internal_reset                                               |               14 |             30 |         2.14 |
|  clk_IBUF_BUFG | rv64im72f_6sp/alu/divider_word/quotient_reg[31]_i_1_n_0          | internal_reset                                               |                9 |             32 |         3.56 |
|  clk_IBUF_BUFG | rv64im72f_6sp/alu/divider_word/quotient_reg[31]_i_1_n_0          | internal_reset_repN_5                                        |                8 |             32 |         4.00 |
|  clk_IBUF_BUFG | rv64im72f_6sp/exr_ex_register/cpu_clk_enable_reg[0]              |                                                              |               10 |             32 |         3.20 |
|  clk_IBUF_BUFG | rv64im72f_6sp/alu/divider_word/quotient_sign4_out                | internal_reset                                               |               13 |             34 |         2.62 |
|  clk_IBUF_BUFG | rv64im72f_6sp/alu/multiplier_word/prod_low[31]_i_1__0_n_0        | internal_reset_repN_3                                        |               17 |             36 |         2.12 |
|  clk_IBUF_BUFG | rv64im72f_6sp/alu/multiplier_dword/result_sign_s22_out           | internal_reset_repN                                          |               16 |             41 |         2.56 |
|  clk_IBUF_BUFG | rv64im72f_6sp/alu/multiplier_dword/result_sign_s22_out           |                                                              |               14 |             47 |         3.36 |
|  clk_IBUF_BUFG | rv64im72f_6sp/exr_ex_register/E[0]                               | internal_reset_repN_3                                        |               19 |             48 |         2.53 |
|  clk_IBUF_BUFG | rv64im72f_6sp/ex_ex2_register/cpu_clk_enable_reg_6[0]            | internal_reset_repN_2                                        |               17 |             49 |         2.88 |
|  clk_IBUF_BUFG | rv64im72f_6sp/alu/multiplier_dword/prod_high[63]_i_1_n_0         | internal_reset_repN_3                                        |               16 |             50 |         3.12 |
|  clk_IBUF_BUFG | rv64im72f_6sp/data_memory/E[0]                                   | internal_reset_repN_1                                        |               15 |             50 |         3.33 |
|  clk_IBUF_BUFG | cpu_clk_enable                                                   | internal_reset_repN_1                                        |               24 |             52 |         2.17 |
|  clk_IBUF_BUFG | rv64im72f_6sp/exr_ex_register/E[0]                               | internal_reset                                               |               26 |             54 |         2.08 |
|  clk_IBUF_BUFG | rv64im72f_6sp/exr_ex_register/cpu_clk_enable_reg_2[0]            | internal_reset                                               |               28 |             61 |         2.18 |
|  clk_IBUF_BUFG | rv64im72f_6sp/csr_file/minstret[0]                               | internal_reset                                               |               16 |             63 |         3.94 |
|  clk_IBUF_BUFG | rv64im72f_6sp/ex_ex2_register/est_target[0]                      | rv64im72f_6sp/ex_ex2_register/EX_jump_reg_1                  |               17 |             64 |         3.76 |
|  clk_IBUF_BUFG | rv64im72f_6sp/exr_ex_register/cpu_clk_enable_reg_1[0]            |                                                              |               28 |             64 |         2.29 |
|  clk_IBUF_BUFG | rv64im72f_6sp/exception_detector/cpu_clk_enable_reg_1            | rv64im72f_6sp/exception_detector/SR[0]                       |               62 |             64 |         1.03 |
|  clk_IBUF_BUFG | rv64im72f_6sp/alu/divider_dword/quotient_sign4_out               | internal_reset                                               |               20 |             66 |         3.30 |
|  clk_IBUF_BUFG | rv64im72f_6sp/exception_detector/cpu_clk_enable_reg_1            | rv64im72f_6sp/exception_detector/EX_MEM_flush                |               46 |             67 |         1.46 |
|  clk_IBUF_BUFG | rv64im72f_6sp/alu/divider_word/bit_counter[5]_i_1_n_0            | internal_reset                                               |               25 |             68 |         2.72 |
|  clk_IBUF_BUFG | rv64im72f_6sp/alu/multiplier_dword/prod_high[63]_i_1_n_0         | internal_reset                                               |               29 |             70 |         2.41 |
|  clk_IBUF_BUFG | rv64im72f_6sp/alu/multiplier_dword/result_sign_s22_out           | internal_reset                                               |               38 |             85 |         2.24 |
|  clk_IBUF_BUFG | cpu_clk_enable                                                   | internal_reset                                               |               41 |            106 |         2.59 |
|  clk_IBUF_BUFG | rv64im72f_6sp/alu/divider_dword/quotient_reg[63]_i_1_n_0         | internal_reset                                               |               38 |            128 |         3.37 |
|  clk_IBUF_BUFG | rv64im72f_6sp/alu/divider_dword/bit_counter[6]_i_1_n_0           | internal_reset                                               |               56 |            135 |         2.41 |
|  clk_IBUF_BUFG | rv64im72f_6sp/if_io_register/IO_pc[63]_i_2_n_0                   | rv64im72f_6sp/ex_ex2_register/SR[0]                          |               36 |            160 |         4.44 |
|  clk_IBUF_BUFG | rv64im72f_6sp/mem_wb_register/p_0_in2_out                        |                                                              |               22 |            176 |         8.00 |
|  clk_IBUF_BUFG | rv64im72f_6sp/trap_controller/cpu_clk_enable_reg_0               | rv64im72f_6sp/exception_detector/cpu_clk_enable_reg_0[0]     |              135 |            446 |         3.30 |
|  clk_IBUF_BUFG | rv64im72f_6sp/trap_controller/cpu_clk_enable_reg_0               | rv64im72f_6sp/ex_ex2_register/cpu_clk_enable_reg_5           |              157 |            542 |         3.45 |
|  clk_IBUF_BUFG | rv64im72f_6sp/ex_ex2_register/cpu_clk_enable_reg_8[0]            | rv64im72f_6sp/ex_ex2_register/ID_branch_estimation0_out      |              143 |            609 |         4.26 |
|  clk_IBUF_BUFG | rv64im72f_6sp/trap_controller/cpu_clk_enable_reg_0               | rv64im72f_6sp/ex_ex2_register/EX2_register_write_enable0_out |              270 |            845 |         3.13 |
+----------------+------------------------------------------------------------------+--------------------------------------------------------------+------------------+----------------+--------------+


