Copyright 1986-2022 Xilinx, Inc. All Rights Reserved. Copyright 2022-2025 Advanced Micro Devices, Inc. All Rights Reserved.
---------------------------------------------------------------------------------------------------------------------------------------------
| Tool Version : Vivado v.2025.2 (lin64) Build 6299465 Fri Nov 14 12:34:56 MST 2025
| Date         : Tue Sep 15 18:40:21 2026
| Host         : khwl-ThinkPad-X1-Carbon-Gen-13 running 64-bit Ubuntu 24.04.4 LTS
| Command      : report_control_sets -verbose -file RV32IM72F5SPSoCTOP_control_sets_placed.rpt
| Design       : RV32IM72F5SPSoCTOP
| Device       : xc7a200t
---------------------------------------------------------------------------------------------------------------------------------------------

Control Set Information

Table of Contents
-----------------
1. Summary
2. Histogram
3. Flip-Flop Distribution
4. Detailed Control Set Information

1. Summary
----------

+----------------------------------------------------------+-------+
|                          Status                          | Count |
+----------------------------------------------------------+-------+
| Total control sets                                       |    56 |
|    Minimum number of control sets                        |    56 |
|    Addition due to synthesis replication                 |     0 |
|    Addition due to physical synthesis replication        |     0 |
| Unused register locations in slices containing registers |    64 |
+----------------------------------------------------------+-------+
* Control sets can be merged at opt_design using control_set_merge or merge_equivalent_drivers
** Run report_qor_suggestions for automated merging and remapping suggestions


2. Histogram
------------

+--------------------+-------+
|       Fanout       | Count |
+--------------------+-------+
| Total control sets |    56 |
| >= 0 to < 4        |     2 |
| >= 4 to < 6        |     3 |
| >= 6 to < 8        |     0 |
| >= 8 to < 10       |     3 |
| >= 10 to < 12      |     0 |
| >= 12 to < 14      |     0 |
| >= 14 to < 16      |     0 |
| >= 16              |    48 |
+--------------------+-------+
* Control sets can be remapped at either synth_design or opt_design


3. Flip-Flop Distribution
-------------------------

+--------------+-----------------------+------------------------+-----------------+--------------+
| Clock Enable | Synchronous Set/Reset | Asynchronous Set/Reset | Total Registers | Total Slices |
+--------------+-----------------------+------------------------+-----------------+--------------+
| No           | No                    | No                     |               0 |            0 |
| No           | No                    | Yes                    |              39 |           19 |
| No           | Yes                   | No                     |               0 |            0 |
| Yes          | No                    | No                     |               0 |            0 |
| Yes          | No                    | Yes                    |            2121 |          924 |
| Yes          | Yes                   | No                     |               0 |            0 |
+--------------+-----------------------+------------------------+-----------------+--------------+


4. Detailed Control Set Information
-----------------------------------

+------------------------+----------------------------------------------------------------+------------------+------------------+----------------+--------------+
|      Clock Signal      |                          Enable Signal                         | Set/Reset Signal | Slice Load Count | Bel Load Count | Bels / Slice |
+------------------------+----------------------------------------------------------------+------------------+------------------+----------------+--------------+
|  clk_gen/inst/clk_out1 | uart_tx/tx_i_1_n_0                                             | internal_reset   |                1 |              1 |         1.00 |
|  clk_gen/inst/clk_out1 |                                                                | reset            |                1 |              3 |         3.00 |
|  clk_gen/inst/clk_out1 | rv64im72f_5sp/alu/divider_word/FSM_onehot_state[3]_i_1_n_0     | internal_reset   |                1 |              4 |         4.00 |
|  clk_gen/inst/clk_out1 | rv64im72f_5sp/alu/multiplier_word/FSM_onehot_stage[3]_i_1_n_0  | internal_reset   |                1 |              4 |         4.00 |
|  clk_gen/inst/clk_out1 | uart_tx/bit_counter[3]_i_1_n_0                                 | internal_reset   |                2 |              4 |         2.00 |
|  clk_gen/inst/clk_out1 | rv64im72f_5sp/mem_wb_register/WB_alu_result_reg[19]_0[0]       | internal_reset   |                1 |              8 |         8.00 |
|  clk_gen/inst/clk_out1 | mmio_interface/mmio_uart_tx_start_reg_0[0]                     | internal_reset   |                4 |              9 |         2.25 |
|  clk_gen/inst/clk_out1 | uart_tx/shift_reg[8]_i_1_n_0                                   | internal_reset   |                3 |              9 |         3.00 |
|  clk_gen/inst/clk_out1 | rv64im72f_5sp/mem_wb_register/WB_raw_imm_reg[4]_0[0]           | internal_reset   |               12 |             32 |         2.67 |
|  clk_gen/inst/clk_out1 | rv64im72f_5sp/exception_detector/cpu_clk_enable_reg[0]         | internal_reset   |               18 |             32 |         1.78 |
|  clk_gen/inst/clk_out1 | rv64im72f_5sp/mem_wb_register/WB_raw_imm_reg[4]_1[0]           | internal_reset   |               16 |             32 |         2.00 |
|  clk_gen/inst/clk_out1 | rv64im72f_5sp/mem_wb_register/WB_raw_imm_reg[7]_0[0]           | internal_reset   |               12 |             32 |         2.67 |
|  clk_gen/inst/clk_out1 | rv64im72f_5sp/alu/divider_word/quotient_sign2_out              | internal_reset   |               13 |             34 |         2.62 |
|  clk_gen/inst/clk_out1 |                                                                | internal_reset   |               18 |             36 |         2.00 |
|  clk_gen/inst/clk_out1 | rv64im72f_5sp/alu/multiplier_word/cpu_clk_enable_reg           | internal_reset   |               13 |             37 |         2.85 |
|  clk_gen/inst/clk_out1 | rv64im72f_5sp/alu/multiplier_word/prod_low[31]_i_1_n_0         | internal_reset   |               23 |             64 |         2.78 |
|  clk_gen/inst/clk_out1 | rv64im72f_5sp/csr_file/minstret[0]                             | internal_reset   |               17 |             64 |         3.76 |
|  clk_gen/inst/clk_out1 | rv64im72f_5sp/alu/divider_word/quotient_reg[31]_i_1_n_0        | internal_reset   |               30 |             64 |         2.13 |
|  clk_gen/inst/clk_out1 | rv64im72f_5sp/id_ex_register/cpu_clk_enable_reg[0]             | internal_reset   |               23 |             65 |         2.83 |
|  clk_gen/inst/clk_out1 | rv64im72f_5sp/alu/divider_word/bit_counter[5]_i_1_n_0          | internal_reset   |               35 |             70 |         2.00 |
|  clk_gen/inst/clk_out1 | rv64im72f_5sp/mem_wb_register/p_0_in2_out                      |                  |               11 |             88 |         8.00 |
|  clk_gen/inst/clk_out1 | rv64im72f_5sp/ex_mem_register/MEM_alu_result_reg[13]_rep_1     |                  |               32 |            128 |         4.00 |
|  clk_gen/inst/clk_out1 | rv64im72f_5sp/ex_mem_register/MEM_alu_result_reg[13]_rep_2     |                  |               32 |            128 |         4.00 |
|  clk_gen/inst/clk_out1 | rv64im72f_5sp/ex_mem_register/MEM_alu_result_reg[13]_rep_3     |                  |               32 |            128 |         4.00 |
|  clk_gen/inst/clk_out1 | rv64im72f_5sp/ex_mem_register/MEM_alu_result_reg[13]_rep_4     |                  |               32 |            128 |         4.00 |
|  clk_gen/inst/clk_out1 | rv64im72f_5sp/ex_mem_register/MEM_alu_result_reg[13]_rep_5     |                  |               32 |            128 |         4.00 |
|  clk_gen/inst/clk_out1 | rv64im72f_5sp/ex_mem_register/MEM_alu_result_reg[13]_rep_6     |                  |               32 |            128 |         4.00 |
|  clk_gen/inst/clk_out1 | rv64im72f_5sp/ex_mem_register/MEM_alu_result_reg[14]_rep_1     |                  |               32 |            128 |         4.00 |
|  clk_gen/inst/clk_out1 | rv64im72f_5sp/ex_mem_register/MEM_alu_result_reg[14]_rep_2     |                  |               32 |            128 |         4.00 |
|  clk_gen/inst/clk_out1 | rv64im72f_5sp/ex_mem_register/MEM_alu_result_reg[14]_rep_3     |                  |               32 |            128 |         4.00 |
|  clk_gen/inst/clk_out1 | rv64im72f_5sp/ex_mem_register/MEM_alu_result_reg[14]_rep_4     |                  |               32 |            128 |         4.00 |
|  clk_gen/inst/clk_out1 | rv64im72f_5sp/ex_mem_register/MEM_alu_result_reg[12]_rep__1_4  |                  |               32 |            128 |         4.00 |
|  clk_gen/inst/clk_out1 | rv64im72f_5sp/ex_mem_register/MEM_alu_result_reg[12]_rep__1_7  |                  |               32 |            128 |         4.00 |
|  clk_gen/inst/clk_out1 | rv64im72f_5sp/ex_mem_register/MEM_alu_result_reg[10]_rep__12_1 |                  |               32 |            128 |         4.00 |
|  clk_gen/inst/clk_out1 | rv64im72f_5sp/ex_mem_register/MEM_alu_result_reg[10]_rep__12_2 |                  |               32 |            128 |         4.00 |
|  clk_gen/inst/clk_out1 | rv64im72f_5sp/ex_mem_register/MEM_alu_result_reg[10]_rep__12_3 |                  |               32 |            128 |         4.00 |
|  clk_gen/inst/clk_out1 | rv64im72f_5sp/ex_mem_register/MEM_alu_result_reg[10]_rep__12_4 |                  |               32 |            128 |         4.00 |
|  clk_gen/inst/clk_out1 | rv64im72f_5sp/ex_mem_register/MEM_alu_result_reg[10]_rep__12_5 |                  |               32 |            128 |         4.00 |
|  clk_gen/inst/clk_out1 | rv64im72f_5sp/ex_mem_register/MEM_alu_result_reg[10]_rep__12_6 |                  |               32 |            128 |         4.00 |
|  clk_gen/inst/clk_out1 | rv64im72f_5sp/ex_mem_register/MEM_alu_result_reg[11]_0         |                  |               32 |            128 |         4.00 |
|  clk_gen/inst/clk_out1 | rv64im72f_5sp/ex_mem_register/MEM_alu_result_reg[11]_1         |                  |               32 |            128 |         4.00 |
|  clk_gen/inst/clk_out1 | rv64im72f_5sp/ex_mem_register/MEM_alu_result_reg[11]_2         |                  |               32 |            128 |         4.00 |
|  clk_gen/inst/clk_out1 | rv64im72f_5sp/ex_mem_register/MEM_alu_result_reg[11]_3         |                  |               32 |            128 |         4.00 |
|  clk_gen/inst/clk_out1 | rv64im72f_5sp/ex_mem_register/MEM_alu_result_reg[11]_4         |                  |               32 |            128 |         4.00 |
|  clk_gen/inst/clk_out1 | rv64im72f_5sp/ex_mem_register/MEM_alu_result_reg[11]_5         |                  |               32 |            128 |         4.00 |
|  clk_gen/inst/clk_out1 | rv64im72f_5sp/ex_mem_register/MEM_alu_result_reg[11]_6         |                  |               32 |            128 |         4.00 |
|  clk_gen/inst/clk_out1 | rv64im72f_5sp/ex_mem_register/MEM_alu_result_reg[11]_7         |                  |               32 |            128 |         4.00 |
|  clk_gen/inst/clk_out1 | rv64im72f_5sp/ex_mem_register/MEM_alu_result_reg[12]_rep__1_0  |                  |               32 |            128 |         4.00 |
|  clk_gen/inst/clk_out1 | rv64im72f_5sp/ex_mem_register/MEM_alu_result_reg[12]_rep__1_2  |                  |               32 |            128 |         4.00 |
|  clk_gen/inst/clk_out1 | rv64im72f_5sp/ex_mem_register/MEM_alu_result_reg[12]_rep__1_3  |                  |               32 |            128 |         4.00 |
|  clk_gen/inst/clk_out1 | rv64im72f_5sp/ex_mem_register/MEM_alu_result_reg[12]_rep__1_5  |                  |               32 |            128 |         4.00 |
|  clk_gen/inst/clk_out1 | rv64im72f_5sp/ex_mem_register/MEM_alu_result_reg[12]_rep__1_6  |                  |               32 |            128 |         4.00 |
|  clk_gen/inst/clk_out1 | rv64im72f_5sp/ex_mem_register/MEM_alu_result_reg[12]_rep__1_8  |                  |               32 |            128 |         4.00 |
|  clk_gen/inst/clk_out1 | rv64im72f_5sp/exception_detector/E[0]                          | internal_reset   |              137 |            375 |         2.74 |
|  clk_gen/inst/clk_out1 | cpu_clk_enable                                                 | internal_reset   |              128 |            375 |         2.93 |
|  clk_gen/inst/clk_out1 | rv64im72f_5sp/exception_detector/cpu_clk_enable_reg_0[0]       | internal_reset   |              434 |            806 |         1.86 |
+------------------------+----------------------------------------------------------------+------------------+------------------+----------------+--------------+


