
*** Running vivado
    with args -log RV64IM72F5SPSoCTOP.vdi -applog -m64 -product Vivado -messageDb vivado.pb -mode batch -source RV64IM72F5SPSoCTOP.tcl -notrace


****** Vivado v2025.2 (64-bit)
  **** SW Build 6299465 on Fri Nov 14 12:34:56 MST 2025
  **** IP Build 6300035 on Fri Nov 14 10:48:45 MST 2025
  **** SharedData Build 6298862 on Thu Nov 13 04:50:51 MST 2025
  **** Start of session at: Sun Sep 13 23:37:09 2026
    ** Copyright 1986-2022 Xilinx, Inc. All Rights Reserved.
    ** Copyright 2022-2025 Advanced Micro Devices, Inc. All Rights Reserved.

source RV64IM72F5SPSoCTOP.tcl -notrace
Command: link_design -top RV64IM72F5SPSoCTOP -part xc7a200tsbg484-1
Design is defaulting to srcset: sources_1
Design is defaulting to constrset: constrs_1
INFO: [Device 21-403] Loading part xc7a200tsbg484-1
INFO: [Project 1-5699] Read binary netlist with skipMacroContent - 1
INFO: [Project 1-454] Reading design checkpoint '/home/khwl/Desktop/claude_RISCOF_RV-IM100/RV-IM100/RV64s/SoCs/RV64IM_7SP_BRAM/RV64IM72F_7SP_FPGA.gen/sources_1/ip/clk_wiz_0/clk_wiz_0.dcp' for cell 'clk_gen'
Netlist sorting complete. Time (s): cpu = 00:00:00.04 ; elapsed = 00:00:00.05 . Memory (MB): peak = 1810.141 ; gain = 0.000 ; free physical = 10942 ; free virtual = 24494
INFO: [Netlist 29-17] Analyzing 3962 Unisim elements for replacement
INFO: [Netlist 29-28] Unisim Transformation completed in 0 CPU seconds
INFO: [Project 1-479] Netlist was created with Vivado 2025.2
INFO: [Project 1-570] Preparing netlist for logic optimization
Parsing XDC File [/home/khwl/Desktop/claude_RISCOF_RV-IM100/RV-IM100/RV64s/SoCs/RV64IM_7SP_BRAM/RV64IM72F_7SP_FPGA.gen/sources_1/ip/clk_wiz_0/clk_wiz_0_board.xdc] for cell 'clk_gen/inst'
Finished Parsing XDC File [/home/khwl/Desktop/claude_RISCOF_RV-IM100/RV-IM100/RV64s/SoCs/RV64IM_7SP_BRAM/RV64IM72F_7SP_FPGA.gen/sources_1/ip/clk_wiz_0/clk_wiz_0_board.xdc] for cell 'clk_gen/inst'
Parsing XDC File [/home/khwl/Desktop/claude_RISCOF_RV-IM100/RV-IM100/RV64s/SoCs/RV64IM_7SP_BRAM/RV64IM72F_7SP_FPGA.gen/sources_1/ip/clk_wiz_0/clk_wiz_0.xdc] for cell 'clk_gen/inst'
INFO: [Timing 38-35] Done setting XDC timing constraints. [/home/khwl/Desktop/claude_RISCOF_RV-IM100/RV-IM100/RV64s/SoCs/RV64IM_7SP_BRAM/RV64IM72F_7SP_FPGA.gen/sources_1/ip/clk_wiz_0/clk_wiz_0.xdc:54]
INFO: [Timing 38-2] Deriving generated clocks [/home/khwl/Desktop/claude_RISCOF_RV-IM100/RV-IM100/RV64s/SoCs/RV64IM_7SP_BRAM/RV64IM72F_7SP_FPGA.gen/sources_1/ip/clk_wiz_0/clk_wiz_0.xdc:54]
Finished Parsing XDC File [/home/khwl/Desktop/claude_RISCOF_RV-IM100/RV-IM100/RV64s/SoCs/RV64IM_7SP_BRAM/RV64IM72F_7SP_FPGA.gen/sources_1/ip/clk_wiz_0/clk_wiz_0.xdc] for cell 'clk_gen/inst'
Parsing XDC File [/home/khwl/Desktop/claude_RISCOF_RV-IM100/RV-IM100/RV64s/SoCs/RV64IM_7SP_BRAM/RV64IM72F_7SP_FPGA.srcs/constrs_1/imports/FPGA_SoC/RV32I46F_5SP_Debug_XDC.xdc]
Finished Parsing XDC File [/home/khwl/Desktop/claude_RISCOF_RV-IM100/RV-IM100/RV64s/SoCs/RV64IM_7SP_BRAM/RV64IM72F_7SP_FPGA.srcs/constrs_1/imports/FPGA_SoC/RV32I46F_5SP_Debug_XDC.xdc]
INFO: [Opt 31-138] Pushed 0 inverter(s) to 0 load pin(s).
Netlist sorting complete. Time (s): cpu = 00:00:00 ; elapsed = 00:00:00 . Memory (MB): peak = 2704.613 ; gain = 0.000 ; free physical = 10296 ; free virtual = 23853
INFO: [Project 1-111] Unisim Transformation Summary:
  A total of 22 instances were transformed.
  RAM32M => RAM32M (RAMD32(x6), RAMS32(x2)): 22 instances

11 Infos, 0 Warnings, 0 Critical Warnings and 0 Errors encountered.
link_design completed successfully
link_design: Time (s): cpu = 00:00:07 ; elapsed = 00:00:06 . Memory (MB): peak = 2704.648 ; gain = 991.344 ; free physical = 10300 ; free virtual = 23853
Command: opt_design -directive Explore
INFO: [Vivado_Tcl 4-136] Directive used for opt_design is: Explore
Attempting to get a license for feature 'Implementation' and/or device 'xc7a200t'
INFO: [Common 17-349] Got license for feature 'Implementation' and/or device 'xc7a200t'
Running DRC as a precondition to command opt_design

Starting DRC Task
INFO: [DRC 23-27] Running DRC with 16 threads
INFO: [Project 1-461] DRC finished with 0 Errors
INFO: [Project 1-462] Please refer to the DRC report (report_drc) for more information.

Time (s): cpu = 00:00:01 ; elapsed = 00:00:00.37 . Memory (MB): peak = 2836.113 ; gain = 131.465 ; free physical = 10224 ; free virtual = 23777

Starting Logic Optimization Task

Phase 1 Initialization

Phase 1.1 Core Generation And Design Setup
Phase 1.1 Core Generation And Design Setup | Checksum: 141e9125f

Time (s): cpu = 00:00:00.01 ; elapsed = 00:00:00.01 . Memory (MB): peak = 3020.926 ; gain = 0.000 ; free physical = 9925 ; free virtual = 23476

Phase 1.2 Setup Constraints And Sort Netlist
Phase 1.2 Setup Constraints And Sort Netlist | Checksum: 141e9125f

Time (s): cpu = 00:00:00.01 ; elapsed = 00:00:00.02 . Memory (MB): peak = 3020.926 ; gain = 0.000 ; free physical = 9925 ; free virtual = 23476
Phase 1 Initialization | Checksum: 141e9125f

Time (s): cpu = 00:00:00.02 ; elapsed = 00:00:00.02 . Memory (MB): peak = 3020.926 ; gain = 0.000 ; free physical = 9925 ; free virtual = 23476

Phase 2 Timer Update And Timing Data Collection

Phase 2.1 Detect if minReqCache needed
Phase 2.1 Detect if minReqCache needed | Checksum: 141e9125f

Time (s): cpu = 00:00:00.02 ; elapsed = 00:00:00.03 . Memory (MB): peak = 3020.926 ; gain = 0.000 ; free physical = 9923 ; free virtual = 23474

Phase 2.2 Timer Update
INFO: [Timing 38-35] Done setting XDC timing constraints.
Phase 2.2 Timer Update | Checksum: 141e9125f

Time (s): cpu = 00:00:02 ; elapsed = 00:00:00.44 . Memory (MB): peak = 3111.738 ; gain = 90.812 ; free physical = 9912 ; free virtual = 23463

Phase 2.3 Timing Data Collection
Phase 2.3 Timing Data Collection | Checksum: 141e9125f

Time (s): cpu = 00:00:02 ; elapsed = 00:00:00.45 . Memory (MB): peak = 3111.738 ; gain = 90.812 ; free physical = 9911 ; free virtual = 23462
Phase 2 Timer Update And Timing Data Collection | Checksum: 141e9125f

Time (s): cpu = 00:00:02 ; elapsed = 00:00:00.45 . Memory (MB): peak = 3111.738 ; gain = 90.812 ; free physical = 9911 ; free virtual = 23462

Phase 3 Retarget
INFO: [Opt 31-1851] Number of loadless carry chains removed were: 0
INFO: [Opt 31-1834] Total Chains To Be Transformed Were: 0 AND Number of Transformed insts Created are: 0
INFO: [Opt 31-1566] Pulled 1 inverters resulting in an inversion of 2 pins
INFO: [Opt 31-138] Pushed 1 inverter(s) to 1 load pin(s).
INFO: [Opt 31-49] Retargeted 0 cell(s).
Phase 3 Retarget | Checksum: 15728a161

Time (s): cpu = 00:00:02 ; elapsed = 00:00:00.59 . Memory (MB): peak = 3111.738 ; gain = 90.812 ; free physical = 9911 ; free virtual = 23462
Retarget | Checksum: 15728a161
INFO: [Opt 31-389] Phase Retarget created 304 cells and removed 307 cells
INFO: [Opt 31-1021] In phase Retarget, 1 netlist objects are constrained preventing optimization. Please run opt_design with -debug_log to get more detail. 

Phase 4 Constant propagation
INFO: [Opt 31-138] Pushed 0 inverter(s) to 0 load pin(s).
Phase 4 Constant propagation | Checksum: 19db9edb7

Time (s): cpu = 00:00:02 ; elapsed = 00:00:00.64 . Memory (MB): peak = 3111.738 ; gain = 90.812 ; free physical = 9911 ; free virtual = 23462
Constant propagation | Checksum: 19db9edb7
INFO: [Opt 31-389] Phase Constant propagation created 0 cells and removed 0 cells

Phase 5 Sweep
INFO: [Constraints 18-11670] Building netlist checker database with flags, 0x8
Done building netlist checker database: Time (s): cpu = 00:00:00 ; elapsed = 00:00:00 . Memory (MB): peak = 3111.738 ; gain = 0.000 ; free physical = 9911 ; free virtual = 23462
INFO: [Constraints 18-11670] Building netlist checker database with flags, 0x8
Done building netlist checker database: Time (s): cpu = 00:00:00 ; elapsed = 00:00:00 . Memory (MB): peak = 3111.738 ; gain = 0.000 ; free physical = 9911 ; free virtual = 23462
Phase 5 Sweep | Checksum: 16030d2c4

Time (s): cpu = 00:00:02 ; elapsed = 00:00:00.73 . Memory (MB): peak = 3111.738 ; gain = 90.812 ; free physical = 9911 ; free virtual = 23462
Sweep | Checksum: 16030d2c4
INFO: [Opt 31-389] Phase Sweep created 7 cells and removed 0 cells

Phase 6 BUFG optimization
Phase 6 BUFG optimization | Checksum: 16030d2c4

Time (s): cpu = 00:00:02 ; elapsed = 00:00:00.79 . Memory (MB): peak = 3143.754 ; gain = 122.828 ; free physical = 9911 ; free virtual = 23462
BUFG optimization | Checksum: 16030d2c4
INFO: [Opt 31-662] Phase BUFG optimization created 0 cells of which 0 are BUFGs and removed 0 cells.

Phase 7 Shift Register Optimization
INFO: [Opt 31-1064] SRL Remap converted 0 SRLs to 0 registers and converted 0 registers of register chains to 0 SRLs
Phase 7 Shift Register Optimization | Checksum: 16030d2c4

Time (s): cpu = 00:00:02 ; elapsed = 00:00:00.8 . Memory (MB): peak = 3143.754 ; gain = 122.828 ; free physical = 9910 ; free virtual = 23461
Shift Register Optimization | Checksum: 16030d2c4
INFO: [Opt 31-389] Phase Shift Register Optimization created 0 cells and removed 0 cells
INFO: [Opt 31-1555] control_set_opt supports Versal devices only, and device 7a200t is unsupported

Phase 8 Post Processing Netlist
Phase 8 Post Processing Netlist | Checksum: 14d8bf7a6

Time (s): cpu = 00:00:02 ; elapsed = 00:00:00.82 . Memory (MB): peak = 3143.754 ; gain = 122.828 ; free physical = 9910 ; free virtual = 23461
Post Processing Netlist | Checksum: 14d8bf7a6
INFO: [Opt 31-389] Phase Post Processing Netlist created 0 cells and removed 0 cells

Phase 9 Finalization

Phase 9.1 Finalizing Design Cores and Updating Shapes
Phase 9.1 Finalizing Design Cores and Updating Shapes | Checksum: 18da40949

Time (s): cpu = 00:00:03 ; elapsed = 00:00:00.93 . Memory (MB): peak = 3143.754 ; gain = 122.828 ; free physical = 9910 ; free virtual = 23461

Phase 9.2 Verifying Netlist Connectivity

Starting Connectivity Check Task

Time (s): cpu = 00:00:00.01 ; elapsed = 00:00:00.02 . Memory (MB): peak = 3143.754 ; gain = 0.000 ; free physical = 9910 ; free virtual = 23461
Phase 9.2 Verifying Netlist Connectivity | Checksum: 18da40949

Time (s): cpu = 00:00:03 ; elapsed = 00:00:00.95 . Memory (MB): peak = 3143.754 ; gain = 122.828 ; free physical = 9911 ; free virtual = 23461
Phase 9 Finalization | Checksum: 18da40949

Time (s): cpu = 00:00:03 ; elapsed = 00:00:00.95 . Memory (MB): peak = 3143.754 ; gain = 122.828 ; free physical = 9911 ; free virtual = 23461
Opt_design Change Summary
=========================


-------------------------------------------------------------------------------------------------------------------------
|  Phase                        |  #Cells created  |  #Cells Removed  |  #Constrained objects preventing optimizations  |
-------------------------------------------------------------------------------------------------------------------------
|  Retarget                     |             304  |             307  |                                              1  |
|  Constant propagation         |               0  |               0  |                                              0  |
|  Sweep                        |               7  |               0  |                                              0  |
|  BUFG optimization            |               0  |               0  |                                              0  |
|  Shift Register Optimization  |               0  |               0  |                                              0  |
|  Post Processing Netlist      |               0  |               0  |                                              0  |
-------------------------------------------------------------------------------------------------------------------------


Ending Logic Optimization Task | Checksum: 18da40949

Time (s): cpu = 00:00:03 ; elapsed = 00:00:00.95 . Memory (MB): peak = 3143.754 ; gain = 122.828 ; free physical = 9911 ; free virtual = 23461
Netlist sorting complete. Time (s): cpu = 00:00:00 ; elapsed = 00:00:00 . Memory (MB): peak = 3143.754 ; gain = 0.000 ; free physical = 9910 ; free virtual = 23461
INFO: [Common 17-83] Releasing license: Implementation
35 Infos, 0 Warnings, 0 Critical Warnings and 0 Errors encountered.
opt_design completed successfully
INFO: [Vivado 12-24828] Executing command : report_drc -file RV64IM72F5SPSoCTOP_drc_opted.rpt -pb RV64IM72F5SPSoCTOP_drc_opted.pb -rpx RV64IM72F5SPSoCTOP_drc_opted.rpx
Command: report_drc -file RV64IM72F5SPSoCTOP_drc_opted.rpt -pb RV64IM72F5SPSoCTOP_drc_opted.pb -rpx RV64IM72F5SPSoCTOP_drc_opted.rpx
INFO: [IP_Flow 19-1839] IP Catalog is up to date.
INFO: [DRC 23-27] Running DRC with 16 threads
INFO: [Vivado_Tcl 2-168] The results of DRC are in file /home/khwl/Desktop/claude_RISCOF_RV-IM100/RV-IM100/RV64s/SoCs/RV64IM_7SP_BRAM/RV64IM72F_7SP_FPGA.runs/impl_1/RV64IM72F5SPSoCTOP_drc_opted.rpt.
report_drc completed successfully
INFO: [Timing 38-480] Writing timing data to binary archive.
Wrote PlaceDB: Time (s): cpu = 00:00:00 ; elapsed = 00:00:00 . Memory (MB): peak = 3143.754 ; gain = 0.000 ; free physical = 9800 ; free virtual = 23347
Wrote PulsedLatchDB: Time (s): cpu = 00:00:00 ; elapsed = 00:00:00 . Memory (MB): peak = 3143.754 ; gain = 0.000 ; free physical = 9800 ; free virtual = 23347
Writing XDEF routing.
Writing XDEF routing logical nets.
Write ShapeDB Complete: Time (s): cpu = 00:00:00.1 ; elapsed = 00:00:00.02 . Memory (MB): peak = 3143.754 ; gain = 0.000 ; free physical = 9800 ; free virtual = 23348
Writing XDEF routing special nets.
Wrote RouteStorage: Time (s): cpu = 00:00:00.12 ; elapsed = 00:00:00.02 . Memory (MB): peak = 3143.754 ; gain = 0.000 ; free physical = 9800 ; free virtual = 23348
Wrote PlaceStorage: Time (s): cpu = 00:00:00 ; elapsed = 00:00:00 . Memory (MB): peak = 3143.754 ; gain = 0.000 ; free physical = 9800 ; free virtual = 23348
Wrote Netlist Cache: Time (s): cpu = 00:00:00 ; elapsed = 00:00:00 . Memory (MB): peak = 3143.754 ; gain = 0.000 ; free physical = 9800 ; free virtual = 23348
Wrote Device Cache: Time (s): cpu = 00:00:00.01 ; elapsed = 00:00:00.01 . Memory (MB): peak = 3143.754 ; gain = 0.000 ; free physical = 9800 ; free virtual = 23349
Write Physdb Complete: Time (s): cpu = 00:00:00.14 ; elapsed = 00:00:00.03 . Memory (MB): peak = 3143.754 ; gain = 0.000 ; free physical = 9800 ; free virtual = 23349
INFO: [Common 17-1381] The checkpoint '/home/khwl/Desktop/claude_RISCOF_RV-IM100/RV-IM100/RV64s/SoCs/RV64IM_7SP_BRAM/RV64IM72F_7SP_FPGA.runs/impl_1/RV64IM72F5SPSoCTOP_opt.dcp' has been generated.
Command: place_design -directive Explore
Attempting to get a license for feature 'Implementation' and/or device 'xc7a200t'
INFO: [Common 17-349] Got license for feature 'Implementation' and/or device 'xc7a200t'
INFO: [Common 17-83] Releasing license: Implementation
INFO: [DRC 23-27] Running DRC with 16 threads
INFO: [Vivado_Tcl 4-198] DRC finished with 0 Errors
INFO: [Vivado_Tcl 4-199] Please refer to the DRC report (report_drc) for more information.
INFO: [Timing 38-35] Done setting XDC timing constraints.
INFO: [Vivado_Tcl 4-2302] The placer was invoked with the 'Explore' directive.
Running DRC as a precondition to command place_design
INFO: [DRC 23-27] Running DRC with 16 threads
INFO: [Vivado_Tcl 4-198] DRC finished with 0 Errors, 21 Warnings
INFO: [Vivado_Tcl 4-199] Please refer to the DRC report (report_drc) for more information.
INFO: [Place 30-611] Multithreading enabled for place_design using a maximum of 16 CPUs

Starting Placer Task

Phase 1 Placer Initialization

Phase 1.1 Placer Initialization Netlist Sorting
Netlist sorting complete. Time (s): cpu = 00:00:00 ; elapsed = 00:00:00 . Memory (MB): peak = 3143.754 ; gain = 0.000 ; free physical = 9772 ; free virtual = 23322
Phase 1.1 Placer Initialization Netlist Sorting | Checksum: f0fa0e82

Time (s): cpu = 00:00:00.01 ; elapsed = 00:00:00.01 . Memory (MB): peak = 3143.754 ; gain = 0.000 ; free physical = 9772 ; free virtual = 23322
Netlist sorting complete. Time (s): cpu = 00:00:00 ; elapsed = 00:00:00 . Memory (MB): peak = 3143.754 ; gain = 0.000 ; free physical = 9772 ; free virtual = 23322

Phase 1.2 IO Placement/ Clock Placement/ Build Placer Device
Phase 1.2 IO Placement/ Clock Placement/ Build Placer Device | Checksum: 127cfcfd5

Time (s): cpu = 00:00:00.89 ; elapsed = 00:00:00.38 . Memory (MB): peak = 3143.754 ; gain = 0.000 ; free physical = 9768 ; free virtual = 23314

Phase 1.3 Build Placer Netlist Model
Phase 1.3 Build Placer Netlist Model | Checksum: 1d598bf0f

Time (s): cpu = 00:00:07 ; elapsed = 00:00:02 . Memory (MB): peak = 3190.828 ; gain = 47.074 ; free physical = 9767 ; free virtual = 23313

Phase 1.4 Constrain Clocks/Macros
Phase 1.4 Constrain Clocks/Macros | Checksum: 1d598bf0f

Time (s): cpu = 00:00:07 ; elapsed = 00:00:02 . Memory (MB): peak = 3190.828 ; gain = 47.074 ; free physical = 9767 ; free virtual = 23313
Phase 1 Placer Initialization | Checksum: 1d598bf0f

Time (s): cpu = 00:00:07 ; elapsed = 00:00:02 . Memory (MB): peak = 3190.828 ; gain = 47.074 ; free physical = 9767 ; free virtual = 23313

Phase 2 Global Placement

Phase 2.1 Floorplanning
Phase 2.1 Floorplanning | Checksum: 14fd9d12a

Time (s): cpu = 00:00:10 ; elapsed = 00:00:03 . Memory (MB): peak = 3190.828 ; gain = 47.074 ; free physical = 9805 ; free virtual = 23351

Phase 2.2 Update Timing before SLR Path Opt
Phase 2.2 Update Timing before SLR Path Opt | Checksum: 1d98901c2

Time (s): cpu = 00:00:15 ; elapsed = 00:00:03 . Memory (MB): peak = 3190.828 ; gain = 47.074 ; free physical = 9807 ; free virtual = 23353

Phase 2.3 Post-Processing in Floorplanning
Phase 2.3 Post-Processing in Floorplanning | Checksum: 1d98901c2

Time (s): cpu = 00:00:15 ; elapsed = 00:00:03 . Memory (MB): peak = 3190.828 ; gain = 47.074 ; free physical = 9807 ; free virtual = 23353

Phase 2.4 Global Place Phase1
Phase 2.4 Global Place Phase1 | Checksum: 250d5ce47

Time (s): cpu = 00:00:37 ; elapsed = 00:00:09 . Memory (MB): peak = 3190.828 ; gain = 47.074 ; free physical = 9727 ; free virtual = 23277

Phase 2.5 Global Place Phase2

Phase 2.5.1 UpdateTiming Before Physical Synthesis
Phase 2.5.1 UpdateTiming Before Physical Synthesis | Checksum: 16a508496

Time (s): cpu = 00:00:41 ; elapsed = 00:00:10 . Memory (MB): peak = 3190.828 ; gain = 47.074 ; free physical = 9723 ; free virtual = 23273

Phase 2.5.2 Physical Synthesis In Placer
INFO: [Physopt 32-1035] Found 0 LUTNM shape to break, 2251 LUT instances to create LUTNM shape
INFO: [Physopt 32-1044] Break lutnm for timing: one critical 0, two critical 0, total 0, new lutff created 0
INFO: [Physopt 32-1138] End 1 Pass. Optimized 1033 nets or LUTs. Breaked 0 LUT, combined 1033 existing LUTs and moved 0 existing LUT
INFO: [Physopt 32-65] No nets found for high-fanout optimization.
INFO: [Physopt 32-232] Optimized 0 net. Created 0 new instance.
INFO: [Physopt 32-775] End 1 Pass. Optimized 0 net or cell. Created 0 new cell, deleted 0 existing cell and moved 0 existing cell
INFO: [Physopt 32-456] No candidate cells for DSP register optimization found in the design.
INFO: [Physopt 32-775] End 2 Pass. Optimized 0 net or cell. Created 0 new cell, deleted 0 existing cell and moved 0 existing cell
INFO: [Physopt 32-1123] No candidate cells found for Shift Register to Pipeline optimization
INFO: [Physopt 32-775] End 2 Pass. Optimized 0 net or cell. Created 0 new cell, deleted 0 existing cell and moved 0 existing cell
INFO: [Physopt 32-1401] No candidate cells found for Shift Register optimization.
INFO: [Physopt 32-677] No candidate cells for Shift Register optimization found in the design
INFO: [Physopt 32-775] End 1 Pass. Optimized 0 net or cell. Created 0 new cell, deleted 0 existing cell and moved 0 existing cell
INFO: [Physopt 32-526] No candidate cells for BRAM register optimization found in the design
INFO: [Physopt 32-775] End 1 Pass. Optimized 0 net or cell. Created 0 new cell, deleted 0 existing cell and moved 0 existing cell
INFO: [Physopt 32-846] No candidate cells for URAM register optimization found in the design
INFO: [Physopt 32-775] End 1 Pass. Optimized 0 net or cell. Created 0 new cell, deleted 0 existing cell and moved 0 existing cell
INFO: [Physopt 32-846] No candidate cells for URAM register optimization found in the design
INFO: [Physopt 32-775] End 1 Pass. Optimized 0 net or cell. Created 0 new cell, deleted 0 existing cell and moved 0 existing cell
INFO: [Physopt 32-949] No candidate nets found for dynamic/static region interface net replication
INFO: [Physopt 32-775] End 1 Pass. Optimized 0 net or cell. Created 0 new cell, deleted 0 existing cell and moved 0 existing cell
Netlist sorting complete. Time (s): cpu = 00:00:00.01 ; elapsed = 00:00:00 . Memory (MB): peak = 3190.828 ; gain = 0.000 ; free physical = 9698 ; free virtual = 23245

Summary of Physical Synthesis Optimizations
============================================


-----------------------------------------------------------------------------------------------------------------------------------------------------------
|  Optimization                                     |  Added Cells  |  Removed Cells  |  Optimized Cells/Nets  |  Dont Touch  |  Iterations  |  Elapsed   |
-----------------------------------------------------------------------------------------------------------------------------------------------------------
|  LUT Combining                                    |            0  |           1033  |                  1033  |           0  |           1  |  00:00:01  |
|  Retime                                           |            0  |              0  |                     0  |           0  |           1  |  00:00:00  |
|  Very High Fanout                                 |            0  |              0  |                     0  |           0  |           1  |  00:00:00  |
|  DSP Register                                     |            0  |              0  |                     0  |           0  |           1  |  00:00:00  |
|  Shift Register to Pipeline                       |            0  |              0  |                     0  |           0  |           1  |  00:00:00  |
|  Shift Register                                   |            0  |              0  |                     0  |           0  |           1  |  00:00:00  |
|  BRAM Register                                    |            0  |              0  |                     0  |           0  |           1  |  00:00:00  |
|  URAM Register                                    |            0  |              0  |                     0  |           0  |           1  |  00:00:00  |
|  Dynamic/Static Region Interface Net Replication  |            0  |              0  |                     0  |           0  |           1  |  00:00:00  |
|  Total                                            |            0  |           1033  |                  1033  |           0  |           9  |  00:00:01  |
-----------------------------------------------------------------------------------------------------------------------------------------------------------


Phase 2.5.2 Physical Synthesis In Placer | Checksum: 19d706f46

Time (s): cpu = 00:00:45 ; elapsed = 00:00:11 . Memory (MB): peak = 3190.828 ; gain = 47.074 ; free physical = 9701 ; free virtual = 23250
Phase 2.5 Global Place Phase2 | Checksum: 1f63d3eaf

Time (s): cpu = 00:00:48 ; elapsed = 00:00:12 . Memory (MB): peak = 3190.828 ; gain = 47.074 ; free physical = 9697 ; free virtual = 23249
Phase 2 Global Placement | Checksum: 1f63d3eaf

Time (s): cpu = 00:00:48 ; elapsed = 00:00:12 . Memory (MB): peak = 3190.828 ; gain = 47.074 ; free physical = 9697 ; free virtual = 23249

Phase 3 Detail Placement

Phase 3.1 Commit Multi Column Macros
Phase 3.1 Commit Multi Column Macros | Checksum: 1265a3ba4

Time (s): cpu = 00:00:52 ; elapsed = 00:00:13 . Memory (MB): peak = 3190.828 ; gain = 47.074 ; free physical = 9698 ; free virtual = 23254

Phase 3.2 Commit Most Macros & LUTRAMs
Phase 3.2 Commit Most Macros & LUTRAMs | Checksum: 16770d642

Time (s): cpu = 00:00:58 ; elapsed = 00:00:14 . Memory (MB): peak = 3190.828 ; gain = 47.074 ; free physical = 11474 ; free virtual = 25034

Phase 3.3 Area Swap Optimization
Phase 3.3 Area Swap Optimization | Checksum: 12177ced7

Time (s): cpu = 00:00:58 ; elapsed = 00:00:14 . Memory (MB): peak = 3190.828 ; gain = 47.074 ; free physical = 11474 ; free virtual = 25034

Phase 3.4 Pipeline Register Optimization
Phase 3.4 Pipeline Register Optimization | Checksum: 1ef41a8cd

Time (s): cpu = 00:00:58 ; elapsed = 00:00:14 . Memory (MB): peak = 3190.828 ; gain = 47.074 ; free physical = 11474 ; free virtual = 25034

Phase 3.5 Fast Optimization
Phase 3.5 Fast Optimization | Checksum: 160252725

Time (s): cpu = 00:01:07 ; elapsed = 00:00:16 . Memory (MB): peak = 3190.828 ; gain = 47.074 ; free physical = 11471 ; free virtual = 25027

Phase 3.6 Small Shape Detail Placement
Phase 3.6 Small Shape Detail Placement | Checksum: 2251a8072

Time (s): cpu = 00:01:10 ; elapsed = 00:00:19 . Memory (MB): peak = 3190.828 ; gain = 47.074 ; free physical = 11472 ; free virtual = 25036

Phase 3.7 Re-assign LUT pins
Phase 3.7 Re-assign LUT pins | Checksum: 1eefec8a9

Time (s): cpu = 00:01:11 ; elapsed = 00:00:19 . Memory (MB): peak = 3190.828 ; gain = 47.074 ; free physical = 11481 ; free virtual = 25045

Phase 3.8 Pipeline Register Optimization
Phase 3.8 Pipeline Register Optimization | Checksum: 206f7c7c6

Time (s): cpu = 00:01:11 ; elapsed = 00:00:19 . Memory (MB): peak = 3190.828 ; gain = 47.074 ; free physical = 11480 ; free virtual = 25045
Phase 3 Detail Placement | Checksum: 206f7c7c6

Time (s): cpu = 00:01:11 ; elapsed = 00:00:19 . Memory (MB): peak = 3190.828 ; gain = 47.074 ; free physical = 11480 ; free virtual = 25046

Phase 4 Post Placement Optimization and Clean-Up

Phase 4.1 Post Commit Optimization
INFO: [Timing 38-35] Done setting XDC timing constraints.

Phase 4.1.1 Post Placement Optimization
Post Placement Optimization Initialization | Checksum: 16cdd8190

Phase 4.1.1.1 BUFG Insertion

Starting Physical Synthesis Task

Phase 1 Physical Synthesis Initialization
INFO: [Physopt 32-721] Multithreading enabled for phys_opt_design using a maximum of 16 CPUs
INFO: [Physopt 32-619] Estimated Timing Summary | WNS=-0.728 | TNS=-2.769 |
Phase 1 Physical Synthesis Initialization | Checksum: 10bc772ca

Time (s): cpu = 00:00:00.64 ; elapsed = 00:00:00.11 . Memory (MB): peak = 3190.828 ; gain = 0.000 ; free physical = 11489 ; free virtual = 25059
INFO: [Place 46-33] Processed net internal_reset, BUFG insertion was skipped due to placement/routing conflicts.
INFO: [Place 46-33] Processed net rv64im72f_6sp/exception_detector/E[0], BUFG insertion was skipped due to placement/routing conflicts.
INFO: [Place 46-56] BUFG insertion identified 2 candidate nets. Inserted BUFG: 0, Replicated BUFG Driver: 0, Skipped due to Placement/Routing Conflicts: 2, Skipped due to Timing Degradation: 0, Skipped due to netlist editing failed: 0.
Ending Physical Synthesis Task | Checksum: 1eb5eb2b9

Time (s): cpu = 00:00:01 ; elapsed = 00:00:00.3 . Memory (MB): peak = 3190.828 ; gain = 0.000 ; free physical = 11489 ; free virtual = 25059
Phase 4.1.1.1 BUFG Insertion | Checksum: 16cdd8190

Time (s): cpu = 00:01:22 ; elapsed = 00:00:21 . Memory (MB): peak = 3190.828 ; gain = 47.074 ; free physical = 11489 ; free virtual = 25059

Phase 4.1.1.2 Post Placement Timing Optimization
INFO: [Place 30-746] Post Placement Timing Summary WNS=0.510. For the most accurate timing information please run report_timing.
Phase 4.1.1.2 Post Placement Timing Optimization | Checksum: 25223513f

Time (s): cpu = 00:01:32 ; elapsed = 00:00:30 . Memory (MB): peak = 3190.828 ; gain = 47.074 ; free physical = 10780 ; free virtual = 24334

Time (s): cpu = 00:01:32 ; elapsed = 00:00:30 . Memory (MB): peak = 3190.828 ; gain = 47.074 ; free physical = 10780 ; free virtual = 24334
Phase 4.1 Post Commit Optimization | Checksum: 25223513f

Time (s): cpu = 00:01:33 ; elapsed = 00:00:30 . Memory (MB): peak = 3190.828 ; gain = 47.074 ; free physical = 10780 ; free virtual = 24334

Phase 4.2 Post Placement Cleanup
Phase 4.2 Post Placement Cleanup | Checksum: 25223513f

Time (s): cpu = 00:01:33 ; elapsed = 00:00:30 . Memory (MB): peak = 3190.828 ; gain = 47.074 ; free physical = 10764 ; free virtual = 24318

Phase 4.3 Placer Reporting

Phase 4.3.1 Print Estimated Congestion
INFO: [Place 30-612] Post-Placement Estimated Congestion 
 ____________________________________________________
|           | Global Congestion | Short Congestion  |
| Direction | Region Size       | Region Size       |
|___________|___________________|___________________|
|      North|                4x4|                8x8|
|___________|___________________|___________________|
|      South|                1x1|                2x2|
|___________|___________________|___________________|
|       East|                4x4|                4x4|
|___________|___________________|___________________|
|       West|                2x2|                2x2|
|___________|___________________|___________________|

Phase 4.3.1 Print Estimated Congestion | Checksum: 25223513f

Time (s): cpu = 00:01:33 ; elapsed = 00:00:30 . Memory (MB): peak = 3190.828 ; gain = 47.074 ; free physical = 10749 ; free virtual = 24303
Phase 4.3 Placer Reporting | Checksum: 25223513f

Time (s): cpu = 00:01:33 ; elapsed = 00:00:30 . Memory (MB): peak = 3190.828 ; gain = 47.074 ; free physical = 10749 ; free virtual = 24303

Phase 4.4 Final Placement Cleanup
Netlist sorting complete. Time (s): cpu = 00:00:00 ; elapsed = 00:00:00.01 . Memory (MB): peak = 3190.828 ; gain = 0.000 ; free physical = 10749 ; free virtual = 24303

Time (s): cpu = 00:01:33 ; elapsed = 00:00:30 . Memory (MB): peak = 3190.828 ; gain = 47.074 ; free physical = 10749 ; free virtual = 24303
Phase 4 Post Placement Optimization and Clean-Up | Checksum: 1e8e007cb

Time (s): cpu = 00:01:33 ; elapsed = 00:00:30 . Memory (MB): peak = 3190.828 ; gain = 47.074 ; free physical = 10745 ; free virtual = 24299
Ending Placer Task | Checksum: 12027395d

Time (s): cpu = 00:01:33 ; elapsed = 00:00:31 . Memory (MB): peak = 3190.828 ; gain = 47.074 ; free physical = 10738 ; free virtual = 24292
81 Infos, 0 Warnings, 0 Critical Warnings and 0 Errors encountered.
place_design completed successfully
place_design: Time (s): cpu = 00:01:37 ; elapsed = 00:00:31 . Memory (MB): peak = 3190.828 ; gain = 47.074 ; free physical = 10730 ; free virtual = 24284
INFO: [Vivado 12-24838] Running report commands "report_control_sets, report_io, report_utilization" in parallel.
Running report generation with 3 threads.
INFO: [Vivado 12-24828] Executing command : report_control_sets -verbose -file RV64IM72F5SPSoCTOP_control_sets_placed.rpt
report_control_sets: Time (s): cpu = 00:00:00.12 ; elapsed = 00:00:00.12 . Memory (MB): peak = 3190.828 ; gain = 0.000 ; free physical = 10484 ; free virtual = 24038
INFO: [Vivado 12-24828] Executing command : report_io -file RV64IM72F5SPSoCTOP_io_placed.rpt
report_io: Time (s): cpu = 00:00:00.17 ; elapsed = 00:00:00.16 . Memory (MB): peak = 3190.828 ; gain = 0.000 ; free physical = 10466 ; free virtual = 24021
INFO: [Vivado 12-24828] Executing command : report_utilization -file RV64IM72F5SPSoCTOP_utilization_placed.rpt -pb RV64IM72F5SPSoCTOP_utilization_placed.pb
INFO: [Timing 38-480] Writing timing data to binary archive.
Wrote PlaceDB: Time (s): cpu = 00:00:00 ; elapsed = 00:00:00 . Memory (MB): peak = 3190.828 ; gain = 0.000 ; free physical = 10427 ; free virtual = 23981
Wrote PulsedLatchDB: Time (s): cpu = 00:00:00 ; elapsed = 00:00:00 . Memory (MB): peak = 3190.828 ; gain = 0.000 ; free physical = 10419 ; free virtual = 23973
Writing XDEF routing.
Writing XDEF routing logical nets.
Writing XDEF routing special nets.
Wrote RouteStorage: Time (s): cpu = 00:00:00.1 ; elapsed = 00:00:00.02 . Memory (MB): peak = 3190.828 ; gain = 0.000 ; free physical = 10387 ; free virtual = 23941
Write ShapeDB Complete: Time (s): cpu = 00:00:00.13 ; elapsed = 00:00:00.02 . Memory (MB): peak = 3190.828 ; gain = 0.000 ; free physical = 10384 ; free virtual = 23940
Wrote PlaceStorage: Time (s): cpu = 00:00:00.79 ; elapsed = 00:00:00.35 . Memory (MB): peak = 3190.828 ; gain = 0.000 ; free physical = 10350 ; free virtual = 23923
Wrote Netlist Cache: Time (s): cpu = 00:00:00.01 ; elapsed = 00:00:00.01 . Memory (MB): peak = 3190.828 ; gain = 0.000 ; free physical = 10330 ; free virtual = 23905
Wrote Device Cache: Time (s): cpu = 00:00:00 ; elapsed = 00:00:00 . Memory (MB): peak = 3190.828 ; gain = 0.000 ; free physical = 10322 ; free virtual = 23897
Write Physdb Complete: Time (s): cpu = 00:00:00.92 ; elapsed = 00:00:00.39 . Memory (MB): peak = 3190.828 ; gain = 0.000 ; free physical = 10322 ; free virtual = 23897
INFO: [Common 17-1381] The checkpoint '/home/khwl/Desktop/claude_RISCOF_RV-IM100/RV-IM100/RV64s/SoCs/RV64IM_7SP_BRAM/RV64IM72F_7SP_FPGA.runs/impl_1/RV64IM72F5SPSoCTOP_placed.dcp' has been generated.
Command: phys_opt_design -directive Explore
Attempting to get a license for feature 'Implementation' and/or device 'xc7a200t'
INFO: [Common 17-349] Got license for feature 'Implementation' and/or device 'xc7a200t'
INFO: [Vivado_Tcl 4-137] Directive used for phys_opt_design is: Explore

Starting Initial Update Timing Task

Time (s): cpu = 00:00:10 ; elapsed = 00:00:01 . Memory (MB): peak = 3190.828 ; gain = 0.000 ; free physical = 10335 ; free virtual = 23833
INFO: [Vivado_Tcl 4-2279] Estimated Timing Summary | WNS= 0.510 | TNS= 0.000 | 
INFO: [Vivado_Tcl 4-383] Design worst setup slack (WNS) is greater than or equal to 0.000 ns. All physical synthesis setup optimizations will be skipped.
INFO: [Vivado_Tcl 4-232] No setup violation found. The netlist was not modified.
INFO: [Common 17-83] Releasing license: Implementation
93 Infos, 0 Warnings, 0 Critical Warnings and 0 Errors encountered.
phys_opt_design completed successfully
INFO: [Timing 38-480] Writing timing data to binary archive.
Wrote PlaceDB: Time (s): cpu = 00:00:00 ; elapsed = 00:00:00 . Memory (MB): peak = 3190.828 ; gain = 0.000 ; free physical = 10335 ; free virtual = 23833
Wrote PulsedLatchDB: Time (s): cpu = 00:00:00 ; elapsed = 00:00:00 . Memory (MB): peak = 3190.828 ; gain = 0.000 ; free physical = 10335 ; free virtual = 23833
Writing XDEF routing.
Writing XDEF routing logical nets.
Writing XDEF routing special nets.
Wrote RouteStorage: Time (s): cpu = 00:00:00.11 ; elapsed = 00:00:00.02 . Memory (MB): peak = 3190.828 ; gain = 0.000 ; free physical = 10334 ; free virtual = 23834
Write ShapeDB Complete: Time (s): cpu = 00:00:00.14 ; elapsed = 00:00:00.03 . Memory (MB): peak = 3190.828 ; gain = 0.000 ; free physical = 10334 ; free virtual = 23834
Wrote PlaceStorage: Time (s): cpu = 00:00:00.81 ; elapsed = 00:00:00.35 . Memory (MB): peak = 3190.828 ; gain = 0.000 ; free physical = 10317 ; free virtual = 23835
Wrote Netlist Cache: Time (s): cpu = 00:00:00.01 ; elapsed = 00:00:00.01 . Memory (MB): peak = 3190.828 ; gain = 0.000 ; free physical = 10317 ; free virtual = 23836
Wrote Device Cache: Time (s): cpu = 00:00:00 ; elapsed = 00:00:00 . Memory (MB): peak = 3190.828 ; gain = 0.000 ; free physical = 10309 ; free virtual = 23829
Write Physdb Complete: Time (s): cpu = 00:00:00.93 ; elapsed = 00:00:00.39 . Memory (MB): peak = 3190.828 ; gain = 0.000 ; free physical = 10309 ; free virtual = 23829
INFO: [Common 17-1381] The checkpoint '/home/khwl/Desktop/claude_RISCOF_RV-IM100/RV-IM100/RV64s/SoCs/RV64IM_7SP_BRAM/RV64IM72F_7SP_FPGA.runs/impl_1/RV64IM72F5SPSoCTOP_physopt.dcp' has been generated.
Command: route_design -directive Explore -tns_cleanup
Attempting to get a license for feature 'Implementation' and/or device 'xc7a200t'
INFO: [Common 17-349] Got license for feature 'Implementation' and/or device 'xc7a200t'


Starting Routing Task
INFO: [Route 35-270] Using Router directive 'Explore'.
INFO: [Route 35-254] Multithreading enabled for route_design using a maximum of 16 CPUs

Phase 1 Build RT Design
Checksum: PlaceDB: 649e390d ConstDB: 0 ShapeSum: 236e14ec RouteDB: 981aeb64
Post Restoration Checksum: NetGraph: db383454 | NumContArr: b9c2211a | Constraints: c2a8fa9d | Timing: c2a8fa9d
Phase 1 Build RT Design | Checksum: 31a4c4aa8

Time (s): cpu = 00:00:36 ; elapsed = 00:00:20 . Memory (MB): peak = 3190.828 ; gain = 0.000 ; free physical = 9948 ; free virtual = 23457

Phase 2 Router Initialization

Phase 2.1 Fix Topology Constraints
Phase 2.1 Fix Topology Constraints | Checksum: 31a4c4aa8

Time (s): cpu = 00:00:36 ; elapsed = 00:00:20 . Memory (MB): peak = 3190.828 ; gain = 0.000 ; free physical = 9941 ; free virtual = 23449

Phase 2.2 Pre Route Cleanup
Phase 2.2 Pre Route Cleanup | Checksum: 31a4c4aa8

Time (s): cpu = 00:00:36 ; elapsed = 00:00:20 . Memory (MB): peak = 3190.828 ; gain = 0.000 ; free physical = 9941 ; free virtual = 23449
 Number of Nodes with overlaps = 0

Phase 2.3 Update Timing
Phase 2.3 Update Timing | Checksum: 1b2d369e1

Time (s): cpu = 00:00:55 ; elapsed = 00:00:23 . Memory (MB): peak = 3281.102 ; gain = 90.273 ; free physical = 9622 ; free virtual = 23127
INFO: [Route 35-416] Intermediate Timing Summary | WNS=0.641  | TNS=0.000  | WHS=-0.168 | THS=-65.022|


Phase 2.4 Soft Constraint Pins - Fast Budgeting
Phase 2.4 Soft Constraint Pins - Fast Budgeting | Checksum: 1dcd60dd4

Time (s): cpu = 00:00:57 ; elapsed = 00:00:23 . Memory (MB): peak = 3281.102 ; gain = 90.273 ; free physical = 9622 ; free virtual = 23127

Router Utilization Summary
  Global Vertical Routing Utilization    = 0 %
  Global Horizontal Routing Utilization  = 0 %
  Routable Net Status*
  *Does not include unroutable nets such as driverless and loadless.
  Run report_route_status for detailed report.
  Number of Failed Nets               = 15204
    (Failed Nets is the sum of unrouted and partially routed nets)
  Number of Unrouted Nets             = 15204
  Number of Partially Routed Nets     = 0
  Number of Node Overlaps             = 0

Phase 2 Router Initialization | Checksum: 2149f5801

Time (s): cpu = 00:00:58 ; elapsed = 00:00:23 . Memory (MB): peak = 3303.273 ; gain = 112.445 ; free physical = 9880 ; free virtual = 23387

Phase 3 Global Routing
Phase 3 Global Routing | Checksum: 2149f5801

Time (s): cpu = 00:00:58 ; elapsed = 00:00:23 . Memory (MB): peak = 3303.273 ; gain = 112.445 ; free physical = 9947 ; free virtual = 23453

Phase 4 Initial Routing

Phase 4.1 Initial Net Routing Pass
Phase 4.1 Initial Net Routing Pass | Checksum: 240b9a3e8

Time (s): cpu = 00:01:03 ; elapsed = 00:00:25 . Memory (MB): peak = 3303.273 ; gain = 112.445 ; free physical = 11419 ; free virtual = 24926
Phase 4 Initial Routing | Checksum: 240b9a3e8

Time (s): cpu = 00:01:03 ; elapsed = 00:00:25 . Memory (MB): peak = 3303.273 ; gain = 112.445 ; free physical = 11419 ; free virtual = 24926

Phase 5 Rip-up And Reroute

Phase 5.1 Global Iteration 0
 Number of Nodes with overlaps = 7897
 Number of Nodes with overlaps = 4028
 Number of Nodes with overlaps = 1497
 Number of Nodes with overlaps = 644
 Number of Nodes with overlaps = 142
 Number of Nodes with overlaps = 50
 Number of Nodes with overlaps = 14
 Number of Nodes with overlaps = 7
 Number of Nodes with overlaps = 4
 Number of Nodes with overlaps = 2
 Number of Nodes with overlaps = 0
INFO: [Route 35-416] Intermediate Timing Summary | WNS=-0.090 | TNS=-0.098 | WHS=N/A    | THS=N/A    |

Phase 5.1 Global Iteration 0 | Checksum: 32deb8b36

Time (s): cpu = 00:02:31 ; elapsed = 00:00:55 . Memory (MB): peak = 3303.273 ; gain = 112.445 ; free physical = 11465 ; free virtual = 25009

Phase 5.2 Global Iteration 1
 Number of Nodes with overlaps = 2823
 Number of Nodes with overlaps = 1238
 Number of Nodes with overlaps = 532
 Number of Nodes with overlaps = 157
 Number of Nodes with overlaps = 32
 Number of Nodes with overlaps = 7
 Number of Nodes with overlaps = 1
 Number of Nodes with overlaps = 0
INFO: [Route 35-416] Intermediate Timing Summary | WNS=-0.235 | TNS=-0.419 | WHS=N/A    | THS=N/A    |

Phase 5.2 Global Iteration 1 | Checksum: 27de4f2cc

Time (s): cpu = 00:03:13 ; elapsed = 00:01:10 . Memory (MB): peak = 3303.273 ; gain = 112.445 ; free physical = 11450 ; free virtual = 25019
Phase 5 Rip-up And Reroute | Checksum: 27de4f2cc

Time (s): cpu = 00:03:13 ; elapsed = 00:01:10 . Memory (MB): peak = 3303.273 ; gain = 112.445 ; free physical = 11450 ; free virtual = 25019

Phase 6 Delay and Skew Optimization

Phase 6.1 TNS Cleanup

Phase 6.1.1 Delay CleanUp

Phase 6.1.1.1 Update Timing
Phase 6.1.1.1 Update Timing | Checksum: 25d59e404

Time (s): cpu = 00:03:15 ; elapsed = 00:01:10 . Memory (MB): peak = 3303.273 ; gain = 112.445 ; free physical = 11450 ; free virtual = 25019
INFO: [Route 35-416] Intermediate Timing Summary | WNS=0.006  | TNS=0.000  | WHS=N/A    | THS=N/A    |

Phase 6.1.1 Delay CleanUp | Checksum: 25d59e404

Time (s): cpu = 00:03:15 ; elapsed = 00:01:10 . Memory (MB): peak = 3303.273 ; gain = 112.445 ; free physical = 11450 ; free virtual = 25019
Phase 6.1 TNS Cleanup | Checksum: 25d59e404

Time (s): cpu = 00:03:15 ; elapsed = 00:01:10 . Memory (MB): peak = 3303.273 ; gain = 112.445 ; free physical = 11450 ; free virtual = 25019

Phase 6.2 Clock Skew Optimization
Phase 6.2 Clock Skew Optimization | Checksum: 25d59e404

Time (s): cpu = 00:03:15 ; elapsed = 00:01:10 . Memory (MB): peak = 3303.273 ; gain = 112.445 ; free physical = 11450 ; free virtual = 25019
Phase 6 Delay and Skew Optimization | Checksum: 25d59e404

Time (s): cpu = 00:03:15 ; elapsed = 00:01:10 . Memory (MB): peak = 3303.273 ; gain = 112.445 ; free physical = 11450 ; free virtual = 25019

Phase 7 Post Hold Fix

Phase 7.1 Hold Fix Iter
INFO: [Route 35-416] Intermediate Timing Summary | WNS=0.006  | TNS=0.000  | WHS=-0.005 | THS=-0.005 |

Phase 7.1 Hold Fix Iter | Checksum: 32f2036fb

Time (s): cpu = 00:03:16 ; elapsed = 00:01:11 . Memory (MB): peak = 3303.273 ; gain = 112.445 ; free physical = 11450 ; free virtual = 25019

Phase 7.2 Non Free Resource Hold Fix Iter
Phase 7.2 Non Free Resource Hold Fix Iter | Checksum: 2e50f41c3

Time (s): cpu = 00:03:16 ; elapsed = 00:01:11 . Memory (MB): peak = 3303.273 ; gain = 112.445 ; free physical = 11450 ; free virtual = 25019
Phase 7 Post Hold Fix | Checksum: 2e50f41c3

Time (s): cpu = 00:03:16 ; elapsed = 00:01:11 . Memory (MB): peak = 3303.273 ; gain = 112.445 ; free physical = 11450 ; free virtual = 25019

Phase 8 Timing Verification

Phase 8.1 Update Timing
Phase 8.1 Update Timing | Checksum: 282e49763

Time (s): cpu = 00:03:18 ; elapsed = 00:01:11 . Memory (MB): peak = 3303.273 ; gain = 112.445 ; free physical = 11450 ; free virtual = 25019
INFO: [Route 35-416] Intermediate Timing Summary | WNS=0.006  | TNS=0.000  | WHS=0.054  | THS=0.000  |

Phase 8 Timing Verification | Checksum: 282e49763

Time (s): cpu = 00:03:18 ; elapsed = 00:01:11 . Memory (MB): peak = 3303.273 ; gain = 112.445 ; free physical = 11450 ; free virtual = 25019

Phase 9 Route finalize

Router Utilization Summary
  Global Vertical Routing Utilization    = 2.29481 %
  Global Horizontal Routing Utilization  = 2.70922 %
  Routable Net Status*
  *Does not include unroutable nets such as driverless and loadless.
  Run report_route_status for detailed report.
  Number of Failed Nets               = 0
    (Failed Nets is the sum of unrouted and partially routed nets)
  Number of Unrouted Nets             = 0
  Number of Partially Routed Nets     = 0
  Number of Node Overlaps             = 0

Phase 9 Route finalize | Checksum: 282e49763

Time (s): cpu = 00:03:18 ; elapsed = 00:01:11 . Memory (MB): peak = 3303.273 ; gain = 112.445 ; free physical = 11450 ; free virtual = 25019

Phase 10 Verifying routed nets

 Verification completed successfully
Phase 10 Verifying routed nets | Checksum: 282e49763

Time (s): cpu = 00:03:18 ; elapsed = 00:01:11 . Memory (MB): peak = 3303.273 ; gain = 112.445 ; free physical = 11450 ; free virtual = 25019

Phase 11 Depositing Routes
Phase 11 Depositing Routes | Checksum: 19a1bc63b

Time (s): cpu = 00:03:19 ; elapsed = 00:01:11 . Memory (MB): peak = 3303.273 ; gain = 112.445 ; free physical = 11450 ; free virtual = 25019

Phase 12 Post Process Routing
Phase 12 Post Process Routing | Checksum: 19a1bc63b

Time (s): cpu = 00:03:19 ; elapsed = 00:01:12 . Memory (MB): peak = 3303.273 ; gain = 112.445 ; free physical = 11450 ; free virtual = 25019

Phase 13 Post Router Timing
INFO: [Route 35-20] Post Routing Timing Summary | WNS=-0.015 | TNS=-0.015 | WHS=0.054  | THS=0.000  |

Phase 13 Post Router Timing | Checksum: 22af8929e

Time (s): cpu = 00:03:34 ; elapsed = 00:01:13 . Memory (MB): peak = 3303.273 ; gain = 112.445 ; free physical = 11454 ; free virtual = 25019
WARNING: [Route 35-39] The design did not meet timing requirements. Please run report_timing_summary for detailed reports. Note: this situation might be resolved in the second pass of route design.
Resolution: Verify that the timing was met or had small violations at all previous steps (synthesis, placement, power_opt, and phys_opt). Run report_timing_summary and analyze individual timing paths.
INFO: [Route 35-253] TNS is the sum of the worst slack violation on every endpoint in the design. Review the paths with the biggest WNS violations in the timing reports and modify your constraints or your design to improve both WNS and TNS.
Total Elapsed time in route_design: 72.77 secs

Phase 14 Post-Route Event Processing
Phase 14 Post-Route Event Processing | Checksum: 739f220d

Time (s): cpu = 00:03:34 ; elapsed = 00:01:13 . Memory (MB): peak = 3303.273 ; gain = 112.445 ; free physical = 11454 ; free virtual = 25019
INFO: [Route 35-16] Router Completed Successfully
Ending Routing Task | Checksum: 739f220d

Time (s): cpu = 00:03:34 ; elapsed = 00:01:13 . Memory (MB): peak = 3303.273 ; gain = 112.445 ; free physical = 11454 ; free virtual = 25019

Routing Is Done.
INFO: [Common 17-83] Releasing license: Implementation
108 Infos, 1 Warnings, 0 Critical Warnings and 0 Errors encountered.
route_design completed successfully
route_design: Time (s): cpu = 00:03:34 ; elapsed = 00:01:13 . Memory (MB): peak = 3303.273 ; gain = 112.445 ; free physical = 11454 ; free virtual = 25019
INFO: [Vivado 12-24828] Executing command : report_drc -file RV64IM72F5SPSoCTOP_drc_routed.rpt -pb RV64IM72F5SPSoCTOP_drc_routed.pb -rpx RV64IM72F5SPSoCTOP_drc_routed.rpx
Command: report_drc -file RV64IM72F5SPSoCTOP_drc_routed.rpt -pb RV64IM72F5SPSoCTOP_drc_routed.pb -rpx RV64IM72F5SPSoCTOP_drc_routed.rpx
INFO: [IP_Flow 19-1839] IP Catalog is up to date.
INFO: [DRC 23-27] Running DRC with 16 threads
INFO: [Vivado_Tcl 2-168] The results of DRC are in file /home/khwl/Desktop/claude_RISCOF_RV-IM100/RV-IM100/RV64s/SoCs/RV64IM_7SP_BRAM/RV64IM72F_7SP_FPGA.runs/impl_1/RV64IM72F5SPSoCTOP_drc_routed.rpt.
report_drc completed successfully
INFO: [Vivado 12-24828] Executing command : report_methodology -file RV64IM72F5SPSoCTOP_methodology_drc_routed.rpt -pb RV64IM72F5SPSoCTOP_methodology_drc_routed.pb -rpx RV64IM72F5SPSoCTOP_methodology_drc_routed.rpx
Command: report_methodology -file RV64IM72F5SPSoCTOP_methodology_drc_routed.rpt -pb RV64IM72F5SPSoCTOP_methodology_drc_routed.pb -rpx RV64IM72F5SPSoCTOP_methodology_drc_routed.rpx
INFO: [Timing 38-35] Done setting XDC timing constraints.
INFO: [DRC 23-133] Running Methodology with 16 threads
INFO: [Vivado_Tcl 2-1520] The results of Report Methodology are in file /home/khwl/Desktop/claude_RISCOF_RV-IM100/RV-IM100/RV64s/SoCs/RV64IM_7SP_BRAM/RV64IM72F_7SP_FPGA.runs/impl_1/RV64IM72F5SPSoCTOP_methodology_drc_routed.rpt.
report_methodology completed successfully
INFO: [Vivado 12-24828] Executing command : report_timing_summary -max_paths 10 -routable_nets -report_unconstrained -file RV64IM72F5SPSoCTOP_timing_summary_routed.rpt -pb RV64IM72F5SPSoCTOP_timing_summary_routed.pb -rpx RV64IM72F5SPSoCTOP_timing_summary_routed.rpx
INFO: [Timing 38-35] Done setting XDC timing constraints.
INFO: [Timing 38-91] UpdateTimingParams: Speed grade: -1, Delay Type: min_max.
INFO: [Timing 38-191] Multithreading enabled for timing update using a maximum of 16 CPUs
INFO: [Vivado 12-24838] Running report commands "report_bus_skew, report_incremental_reuse, report_route_status" in parallel.
Running report generation with 3 threads.
INFO: [Vivado 12-24828] Executing command : report_incremental_reuse -file RV64IM72F5SPSoCTOP_incremental_reuse_routed.rpt
INFO: [Vivado_Tcl 4-1062] Incremental flow is disabled. No incremental reuse Info to report.
INFO: [Vivado 12-24828] Executing command : report_bus_skew -warn_on_violation -file RV64IM72F5SPSoCTOP_bus_skew_routed.rpt -pb RV64IM72F5SPSoCTOP_bus_skew_routed.pb -rpx RV64IM72F5SPSoCTOP_bus_skew_routed.rpx
INFO: [Timing 38-91] UpdateTimingParams: Speed grade: -1, Delay Type: min_max.
INFO: [Timing 38-191] Multithreading enabled for timing update using a maximum of 16 CPUs
INFO: [Vivado 12-24828] Executing command : report_route_status -file RV64IM72F5SPSoCTOP_route_status.rpt -pb RV64IM72F5SPSoCTOP_route_status.pb
INFO: [Vivado 12-24828] Executing command : report_power -file RV64IM72F5SPSoCTOP_power_routed.rpt -pb RV64IM72F5SPSoCTOP_power_summary_routed.pb -rpx RV64IM72F5SPSoCTOP_power_routed.rpx
Command: report_power -file RV64IM72F5SPSoCTOP_power_routed.rpt -pb RV64IM72F5SPSoCTOP_power_summary_routed.pb -rpx RV64IM72F5SPSoCTOP_power_routed.rpx
Running Vector-less Activity Propagation...

Finished Running Vector-less Activity Propagation
128 Infos, 1 Warnings, 0 Critical Warnings and 0 Errors encountered.
report_power completed successfully
INFO: [Vivado 12-24828] Executing command : report_clock_utilization -file RV64IM72F5SPSoCTOP_clock_utilization_routed.rpt
generate_parallel_reports: Time (s): cpu = 00:00:41 ; elapsed = 00:00:08 . Memory (MB): peak = 3471.355 ; gain = 168.082 ; free physical = 11437 ; free virtual = 25014
INFO: [Timing 38-480] Writing timing data to binary archive.
Wrote PlaceDB: Time (s): cpu = 00:00:00 ; elapsed = 00:00:00 . Memory (MB): peak = 3471.355 ; gain = 0.000 ; free physical = 11437 ; free virtual = 25014
Wrote PulsedLatchDB: Time (s): cpu = 00:00:00 ; elapsed = 00:00:00 . Memory (MB): peak = 3471.355 ; gain = 0.000 ; free physical = 11437 ; free virtual = 25014
Writing XDEF routing.
Writing XDEF routing logical nets.
Write ShapeDB Complete: Time (s): cpu = 00:00:00.11 ; elapsed = 00:00:00.03 . Memory (MB): peak = 3471.355 ; gain = 0.000 ; free physical = 11435 ; free virtual = 25014
Writing XDEF routing special nets.
Wrote RouteStorage: Time (s): cpu = 00:00:00.53 ; elapsed = 00:00:00.1 . Memory (MB): peak = 3471.355 ; gain = 0.000 ; free physical = 11431 ; free virtual = 25015
Wrote PlaceStorage: Time (s): cpu = 00:00:00.47 ; elapsed = 00:00:00.29 . Memory (MB): peak = 3471.355 ; gain = 0.000 ; free physical = 11412 ; free virtual = 25011
Wrote Netlist Cache: Time (s): cpu = 00:00:00.01 ; elapsed = 00:00:00.01 . Memory (MB): peak = 3471.355 ; gain = 0.000 ; free physical = 11412 ; free virtual = 25013
Wrote Device Cache: Time (s): cpu = 00:00:00 ; elapsed = 00:00:00 . Memory (MB): peak = 3471.355 ; gain = 0.000 ; free physical = 11412 ; free virtual = 25013
Write Physdb Complete: Time (s): cpu = 00:00:01 ; elapsed = 00:00:00.4 . Memory (MB): peak = 3471.355 ; gain = 0.000 ; free physical = 11412 ; free virtual = 25013
INFO: [Common 17-1381] The checkpoint '/home/khwl/Desktop/claude_RISCOF_RV-IM100/RV-IM100/RV64s/SoCs/RV64IM_7SP_BRAM/RV64IM72F_7SP_FPGA.runs/impl_1/RV64IM72F5SPSoCTOP_routed.dcp' has been generated.
Command: phys_opt_design -directive Explore
Attempting to get a license for feature 'Implementation' and/or device 'xc7a200t'
INFO: [Common 17-349] Got license for feature 'Implementation' and/or device 'xc7a200t'
INFO: [Vivado_Tcl 4-241] Physical synthesis in post route mode 
INFO: [Vivado_Tcl 4-137] Directive used for phys_opt_design is: Explore
INFO: [Vivado_Tcl 4-1435] PhysOpt_Tcl_Interface Runtime Before Starting Physical Synthesis Task | CPU: 0.24s |  WALL: 0.24s
Netlist sorting complete. Time (s): cpu = 00:00:00 ; elapsed = 00:00:00 . Memory (MB): peak = 3471.355 ; gain = 0.000 ; free physical = 11431 ; free virtual = 25012

Starting Physical Synthesis Task

Phase 1 Physical Synthesis Initialization
INFO: [Physopt 32-721] Multithreading enabled for phys_opt_design using a maximum of 16 CPUs
INFO: [Physopt 32-668] Current Timing Summary | WNS=-0.015 | TNS=-0.015 | WHS=0.054 | THS=0.000 |
Phase 1 Physical Synthesis Initialization | Checksum: 17dd1b627

Time (s): cpu = 00:00:10 ; elapsed = 00:00:01 . Memory (MB): peak = 3471.355 ; gain = 0.000 ; free physical = 11432 ; free virtual = 25013

Phase 2 Critical Path Optimization
INFO: [Physopt 32-668] Current Timing Summary | WNS=-0.015 | TNS=-0.015 | WHS=0.054 | THS=0.000 |
INFO: [Physopt 32-953] Path group WNS did not improve. Path group: clk_out1_clk_wiz_0. Processed net: rv64im72f_6sp/ex_ex2_register/EX2_alu_zero.
INFO: [Physopt 32-953] Path group WNS did not improve. Path group: clk_out1_clk_wiz_0. Processed net: clk_gen/inst/clk_out1_clk_wiz_0.
INFO: [Physopt 32-710] Processed net rv64im72f_6sp/id_ex_register/alu_zero. Critical path length was reduced through logic transformation on cell rv64im72f_6sp/id_ex_register/EX2_alu_zero_i_1_comp.
INFO: [Physopt 32-735] Processed net rv64im72f_6sp/id_ex_register/EX2_alu_zero_i_3_n_0. Optimization improves timing on the net.
INFO: [Physopt 32-668] Current Timing Summary | WNS=0.019 | TNS=0.000 | WHS=0.054 | THS=0.000 |
INFO: [Physopt 32-668] Current Timing Summary | WNS=0.019 | TNS=0.000 | WHS=0.054 | THS=0.000 |
Netlist sorting complete. Time (s): cpu = 00:00:00 ; elapsed = 00:00:00.01 . Memory (MB): peak = 3471.355 ; gain = 0.000 ; free physical = 11423 ; free virtual = 25015
Phase 2 Critical Path Optimization | Checksum: 17dd1b627

Time (s): cpu = 00:00:41 ; elapsed = 00:00:22 . Memory (MB): peak = 3471.355 ; gain = 0.000 ; free physical = 11423 ; free virtual = 25015
Netlist sorting complete. Time (s): cpu = 00:00:00 ; elapsed = 00:00:00 . Memory (MB): peak = 3471.355 ; gain = 0.000 ; free physical = 11423 ; free virtual = 25015
INFO: [Physopt 32-669] Post Physical Optimization Timing Summary | WNS=0.019 | TNS=0.000 | WHS=0.054 | THS=0.000 |

Summary of Physical Synthesis Optimizations
============================================


-------------------------------------------------------------------------------------------------------------------------------------------------------------
|  Optimization   |  WNS Gain (ns)  |  TNS Gain (ns)  |  Added Cells  |  Removed Cells  |  Optimized Cells/Nets  |  Dont Touch  |  Iterations  |  Elapsed   |
-------------------------------------------------------------------------------------------------------------------------------------------------------------
|  Critical Path  |          0.034  |          0.015  |            0  |              0  |                     1  |           0  |           1  |  00:00:21  |
-------------------------------------------------------------------------------------------------------------------------------------------------------------


Netlist sorting complete. Time (s): cpu = 00:00:00 ; elapsed = 00:00:00 . Memory (MB): peak = 3471.355 ; gain = 0.000 ; free physical = 11423 ; free virtual = 25015
Ending Physical Synthesis Task | Checksum: 1ebfb7860

Time (s): cpu = 00:00:41 ; elapsed = 00:00:22 . Memory (MB): peak = 3471.355 ; gain = 0.000 ; free physical = 11423 ; free virtual = 25015
INFO: [Common 17-83] Releasing license: Implementation
146 Infos, 1 Warnings, 0 Critical Warnings and 0 Errors encountered.
phys_opt_design completed successfully
phys_opt_design: Time (s): cpu = 00:00:41 ; elapsed = 00:00:22 . Memory (MB): peak = 3471.355 ; gain = 0.000 ; free physical = 11424 ; free virtual = 25015
INFO: [Vivado 12-24828] Executing command : report_timing_summary -max_paths 10 -report_unconstrained -warn_on_violation -file RV64IM72F5SPSoCTOP_timing_summary_postroute_physopted.rpt -pb RV64IM72F5SPSoCTOP_timing_summary_postroute_physopted.pb -rpx RV64IM72F5SPSoCTOP_timing_summary_postroute_physopted.rpx
INFO: [Timing 38-91] UpdateTimingParams: Speed grade: -1, Delay Type: min_max.
INFO: [Timing 38-191] Multithreading enabled for timing update using a maximum of 16 CPUs
INFO: [Vivado 12-24828] Executing command : report_bus_skew -warn_on_violation -file RV64IM72F5SPSoCTOP_bus_skew_postroute_physopted.rpt -pb RV64IM72F5SPSoCTOP_bus_skew_postroute_physopted.pb -rpx RV64IM72F5SPSoCTOP_bus_skew_postroute_physopted.rpx
INFO: [Timing 38-91] UpdateTimingParams: Speed grade: -1, Delay Type: min_max.
INFO: [Timing 38-191] Multithreading enabled for timing update using a maximum of 16 CPUs
INFO: [Timing 38-480] Writing timing data to binary archive.
Wrote PlaceDB: Time (s): cpu = 00:00:00 ; elapsed = 00:00:00 . Memory (MB): peak = 3471.355 ; gain = 0.000 ; free physical = 11437 ; free virtual = 25021
Wrote PulsedLatchDB: Time (s): cpu = 00:00:00 ; elapsed = 00:00:00 . Memory (MB): peak = 3471.355 ; gain = 0.000 ; free physical = 11437 ; free virtual = 25021
Writing XDEF routing.
Writing XDEF routing logical nets.
Write ShapeDB Complete: Time (s): cpu = 00:00:00.09 ; elapsed = 00:00:00.02 . Memory (MB): peak = 3471.355 ; gain = 0.000 ; free physical = 11435 ; free virtual = 25020
Writing XDEF routing special nets.
Wrote RouteStorage: Time (s): cpu = 00:00:00.54 ; elapsed = 00:00:00.1 . Memory (MB): peak = 3471.355 ; gain = 0.000 ; free physical = 11431 ; free virtual = 25022
Wrote PlaceStorage: Time (s): cpu = 00:00:00.47 ; elapsed = 00:00:00.29 . Memory (MB): peak = 3471.355 ; gain = 0.000 ; free physical = 11413 ; free virtual = 25018
Wrote Netlist Cache: Time (s): cpu = 00:00:00.01 ; elapsed = 00:00:00.01 . Memory (MB): peak = 3471.355 ; gain = 0.000 ; free physical = 11413 ; free virtual = 25019
Wrote Device Cache: Time (s): cpu = 00:00:00.01 ; elapsed = 00:00:00.01 . Memory (MB): peak = 3471.355 ; gain = 0.000 ; free physical = 11413 ; free virtual = 25020
Write Physdb Complete: Time (s): cpu = 00:00:01 ; elapsed = 00:00:00.41 . Memory (MB): peak = 3471.355 ; gain = 0.000 ; free physical = 11413 ; free virtual = 25020
INFO: [Common 17-1381] The checkpoint '/home/khwl/Desktop/claude_RISCOF_RV-IM100/RV-IM100/RV64s/SoCs/RV64IM_7SP_BRAM/RV64IM72F_7SP_FPGA.runs/impl_1/RV64IM72F5SPSoCTOP_postroute_physopt.dcp' has been generated.
INFO: [Common 17-206] Exiting Vivado at Sun Sep 13 23:39:43 2026...
