Copyright 1986-2022 Xilinx, Inc. All Rights Reserved. Copyright 2022-2025 Advanced Micro Devices, Inc. All Rights Reserved.
---------------------------------------------------------------------------------------------------------------------------------------------
| Tool Version : Vivado v.2025.2 (lin64) Build 6299465 Fri Nov 14 12:34:56 MST 2025
| Date         : Wed Sep  9 03:26:08 2026
| Host         : khwl-ThinkPad-X1-Carbon-Gen-13 running 64-bit Ubuntu 24.04.4 LTS
| Command      : report_timing_summary -file /home/khwl/Desktop/RV-IM100/riscof-env/logs/swap_reports/RV32IM_7SP/timing.rpt
| Design       : RV32IM72F7SPSoCTOP
| Device       : 7a200t-sbg484
| Speed File   : -1  PRODUCTION 1.23 2018-06-13
| Design State : Physopt postRoute
---------------------------------------------------------------------------------------------------------------------------------------------

Timing Summary Report

------------------------------------------------------------------------------------------------
| Timer Settings
| --------------
------------------------------------------------------------------------------------------------

  Enable Multi Corner Analysis               :  Yes
  Enable Pessimism Removal                   :  Yes
  Pessimism Removal Resolution               :  Nearest Common Node
  Enable Input Delay Default Clock           :  No
  Enable Preset / Clear Arcs                 :  No
  Disable Flight Delays                      :  No
  Ignore I/O Paths                           :  No
  Timing Early Launch at Borrowing Latches   :  No
  Borrow Time for Max Delay Exceptions       :  Yes
  Merge Timing Exceptions                    :  Yes
  Inter-SLR Compensation                     :  Conservative

  Corner  Analyze    Analyze    
  Name    Max Paths  Min Paths  
  ------  ---------  ---------  
  Slow    Yes        Yes        
  Fast    Yes        Yes        


------------------------------------------------------------------------------------------------
| Report Methodology
| ------------------
------------------------------------------------------------------------------------------------

Rule      Severity  Description                                                Violations  
--------  --------  ---------------------------------------------------------  ----------  
DPIR-1    Warning   Asynchronous driver check                                  111         
SYNTH-5   Warning   Mapped onto distributed RAM because of timing constraints  1024        
SYNTH-10  Warning   Wide multiplier                                            4           

Note: This report is based on the most recent report_methodology run and may not be up-to-date. Run report_methodology on the current design for the latest report.



check_timing report

Table of Contents
-----------------
1. checking no_clock (0)
2. checking constant_clock (0)
3. checking pulse_width_clock (0)
4. checking unconstrained_internal_endpoints (0)
5. checking no_input_delay (2)
6. checking no_output_delay (9)
7. checking multiple_clock (0)
8. checking generated_clocks (0)
9. checking loops (0)
10. checking partial_input_delay (0)
11. checking partial_output_delay (0)
12. checking latch_loops (0)

1. checking no_clock (0)
------------------------
 There are 0 register/latch pins with no clock.


2. checking constant_clock (0)
------------------------------
 There are 0 register/latch pins with constant_clock.


3. checking pulse_width_clock (0)
---------------------------------
 There are 0 register/latch pins which need pulse_width check


4. checking unconstrained_internal_endpoints (0)
------------------------------------------------
 There are 0 pins that are not constrained for maximum delay.

 There are 0 pins that are not constrained for maximum delay due to constant clock.


5. checking no_input_delay (2)
------------------------------
 There are 0 input ports with no input delay specified.

 There are 2 input ports with no input delay but user has a false path constraint. (MEDIUM)


6. checking no_output_delay (9)
-------------------------------
 There are 0 ports with no output delay specified.

 There are 9 ports with no output delay but user has a false path constraint (MEDIUM)

 There are 0 ports with no output delay but with a timing clock defined on it or propagating through it


7. checking multiple_clock (0)
------------------------------
 There are 0 register/latch pins with multiple clocks.


8. checking generated_clocks (0)
--------------------------------
 There are 0 generated clocks that are not connected to a clock source.


9. checking loops (0)
---------------------
 There are 0 combinational loops in the design.


10. checking partial_input_delay (0)
------------------------------------
 There are 0 input ports with partial input delay specified.


11. checking partial_output_delay (0)
-------------------------------------
 There are 0 ports with partial output delay specified.


12. checking latch_loops (0)
----------------------------
 There are 0 combinational latch loops in the design through latch input



------------------------------------------------------------------------------------------------
| Design Timing Summary
| ---------------------
------------------------------------------------------------------------------------------------

    WNS(ns)      TNS(ns)  TNS Failing Endpoints  TNS Total Endpoints      WHS(ns)      THS(ns)  THS Failing Endpoints  THS Total Endpoints     WPWS(ns)     TPWS(ns)  TPWS Failing Endpoints  TPWS Total Endpoints  
    -------      -------  ---------------------  -------------------      -------      -------  ---------------------  -------------------     --------     --------  ----------------------  --------------------  
      0.877        0.000                      0                49626        0.038        0.000                      0                49626        3.000        0.000                       0                  6886  


All user specified timing constraints are met.


------------------------------------------------------------------------------------------------
| Clock Summary
| -------------
------------------------------------------------------------------------------------------------

Clock                 Waveform(ns)       Period(ns)      Frequency(MHz)
-----                 ------------       ----------      --------------
clk                   {0.000 5.000}      10.000          100.000         
  clk_out1_clk_wiz_0  {0.000 10.000}     20.000          50.000          
  clkfbout_clk_wiz_0  {0.000 10.000}     20.000          50.000          


------------------------------------------------------------------------------------------------
| Intra Clock Table
| -----------------
------------------------------------------------------------------------------------------------

Clock                     WNS(ns)      TNS(ns)  TNS Failing Endpoints  TNS Total Endpoints      WHS(ns)      THS(ns)  THS Failing Endpoints  THS Total Endpoints     WPWS(ns)     TPWS(ns)  TPWS Failing Endpoints  TPWS Total Endpoints  
-----                     -------      -------  ---------------------  -------------------      -------      -------  ---------------------  -------------------     --------     --------  ----------------------  --------------------  
clk                                                                                                                                                                     3.000        0.000                       0                     1  
  clk_out1_clk_wiz_0        0.877        0.000                      0                48565        0.038        0.000                      0                48565        8.750        0.000                       0                  6882  
  clkfbout_clk_wiz_0                                                                                                                                                   17.845        0.000                       0                     3  


------------------------------------------------------------------------------------------------
| Inter Clock Table
| -----------------
------------------------------------------------------------------------------------------------

From Clock    To Clock          WNS(ns)      TNS(ns)  TNS Failing Endpoints  TNS Total Endpoints      WHS(ns)      THS(ns)  THS Failing Endpoints  THS Total Endpoints  
----------    --------          -------      -------  ---------------------  -------------------      -------      -------  ---------------------  -------------------  


------------------------------------------------------------------------------------------------
| Other Path Groups Table
| -----------------------
------------------------------------------------------------------------------------------------

Path Group          From Clock          To Clock                WNS(ns)      TNS(ns)  TNS Failing Endpoints  TNS Total Endpoints      WHS(ns)      THS(ns)  THS Failing Endpoints  THS Total Endpoints  
----------          ----------          --------                -------      -------  ---------------------  -------------------      -------      -------  ---------------------  -------------------  
**async_default**   clk_out1_clk_wiz_0  clk_out1_clk_wiz_0       10.001        0.000                      0                 1061        0.451        0.000                      0                 1061  


------------------------------------------------------------------------------------------------
| Timing Details
| --------------
------------------------------------------------------------------------------------------------


---------------------------------------------------------------------------------------------------
From Clock:  clk
  To Clock:  clk

Setup :           NA  Failing Endpoints,  Worst Slack           NA  ,  Total Violation           NA
Hold  :           NA  Failing Endpoints,  Worst Slack           NA  ,  Total Violation           NA
PW    :            0  Failing Endpoints,  Worst Slack        3.000ns,  Total Violation        0.000ns
---------------------------------------------------------------------------------------------------


Pulse Width Checks
--------------------------------------------------------------------------------------
Clock Name:         clk
Waveform(ns):       { 0.000 5.000 }
Period(ns):         10.000
Sources:            { clk }

Check Type        Corner  Lib Pin           Reference Pin  Required(ns)  Actual(ns)  Slack(ns)  Location        Pin
Min Period        n/a     PLLE2_ADV/CLKIN1  n/a            1.249         10.000      8.751      PLLE2_ADV_X1Y2  clk_gen/inst/plle2_adv_inst/CLKIN1
Max Period        n/a     PLLE2_ADV/CLKIN1  n/a            52.633        10.000      42.633     PLLE2_ADV_X1Y2  clk_gen/inst/plle2_adv_inst/CLKIN1
Low Pulse Width   Slow    PLLE2_ADV/CLKIN1  n/a            2.000         5.000       3.000      PLLE2_ADV_X1Y2  clk_gen/inst/plle2_adv_inst/CLKIN1
High Pulse Width  Slow    PLLE2_ADV/CLKIN1  n/a            2.000         5.000       3.000      PLLE2_ADV_X1Y2  clk_gen/inst/plle2_adv_inst/CLKIN1



---------------------------------------------------------------------------------------------------
From Clock:  clk_out1_clk_wiz_0
  To Clock:  clk_out1_clk_wiz_0

Setup :            0  Failing Endpoints,  Worst Slack        0.877ns,  Total Violation        0.000ns
Hold  :            0  Failing Endpoints,  Worst Slack        0.038ns,  Total Violation        0.000ns
PW    :            0  Failing Endpoints,  Worst Slack        8.750ns,  Total Violation        0.000ns
---------------------------------------------------------------------------------------------------


Max Delay Paths
--------------------------------------------------------------------------------------
Slack (MET) :             0.877ns  (required time - arrival time)
  Source:                 rv32im72f_7sp/ex_mem_register/MEM_alu_result_reg[3]_rep__3/C
                            (rising edge-triggered cell FDRE clocked by clk_out1_clk_wiz_0  {rise@0.000ns fall@10.000ns period=20.000ns})
  Destination:            rv32im72f_7sp/exception_detector/trap_status_reg[0]/D
                            (rising edge-triggered cell FDCE clocked by clk_out1_clk_wiz_0  {rise@0.000ns fall@10.000ns period=20.000ns})
  Path Group:             clk_out1_clk_wiz_0
  Path Type:              Setup (Max at Slow Process Corner)
  Requirement:            20.000ns  (clk_out1_clk_wiz_0 rise@20.000ns - clk_out1_clk_wiz_0 rise@0.000ns)
  Data Path Delay:        19.269ns  (logic 5.036ns (26.137%)  route 14.233ns (73.863%))
  Logic Levels:           25  (CARRY4=4 LUT2=1 LUT3=3 LUT5=1 LUT6=11 MUXF7=3 MUXF8=1 RAMS64E=1)
  Clock Path Skew:        0.225ns (DCD - SCD + CPR)
    Destination Clock Delay (DCD):    -1.742ns = ( 18.258 - 20.000 ) 
    Source Clock Delay      (SCD):    -2.475ns
    Clock Pessimism Removal (CPR):    -0.507ns
  Clock Uncertainty:      0.108ns  ((TSJ^2 + DJ^2)^1/2) / 2 + PE
    Total System Jitter     (TSJ):    0.071ns
    Discrete Jitter          (DJ):    0.203ns
    Phase Error              (PE):    0.000ns

    Location             Delay type                Incr(ns)  Path(ns)    Netlist Resource(s)
  -------------------------------------------------------------------    -------------------
                         (clock clk_out1_clk_wiz_0 rise edge)
                                                      0.000     0.000 r  
    R4                                                0.000     0.000 r  clk (IN)
                         net (fo=0)                   0.000     0.000    clk_gen/inst/clk_in1
    R4                   IBUF (Prop_ibuf_I_O)         1.475     1.475 r  clk_gen/inst/clkin1_ibufg/O
                         net (fo=1, routed)           1.253     2.728    clk_gen/inst/clk_in1_clk_wiz_0
    PLLE2_ADV_X1Y2       PLLE2_ADV (Prop_plle2_adv_CLKIN1_CLKOUT0)
                                                     -8.953    -6.225 r  clk_gen/inst/plle2_adv_inst/CLKOUT0
                         net (fo=1, routed)           1.802    -4.422    clk_gen/inst/clk_out1_clk_wiz_0
    BUFGCTRL_X0Y0        BUFG (Prop_bufg_I_O)         0.096    -4.326 r  clk_gen/inst/clkout1_buf/O
                         net (fo=6880, routed)        1.851    -2.475    rv32im72f_7sp/ex_mem_register/clk_out1
    SLICE_X5Y102         FDRE                                         r  rv32im72f_7sp/ex_mem_register/MEM_alu_result_reg[3]_rep__3/C
  -------------------------------------------------------------------    -------------------
    SLICE_X5Y102         FDRE (Prop_fdre_C_Q)         0.456    -2.019 r  rv32im72f_7sp/ex_mem_register/MEM_alu_result_reg[3]_rep__3/Q
                         net (fo=128, routed)         1.729    -0.290    rv32im72f_7sp/data_memory/memory_reg_7680_7935_6_6/A1
    SLICE_X6Y97          RAMS64E (Prop_rams64e_ADR1_O)
                                                      0.204    -0.086 r  rv32im72f_7sp/data_memory/memory_reg_7680_7935_6_6/RAMS64E_A/O
                         net (fo=1, routed)           0.000    -0.086    rv32im72f_7sp/data_memory/memory_reg_7680_7935_6_6/OA
    SLICE_X6Y97          MUXF7 (Prop_muxf7_I1_O)      0.214     0.128 r  rv32im72f_7sp/data_memory/memory_reg_7680_7935_6_6/F7.A/O
                         net (fo=1, routed)           0.000     0.128    rv32im72f_7sp/data_memory/memory_reg_7680_7935_6_6/O1
    SLICE_X6Y97          MUXF8 (Prop_muxf8_I1_O)      0.088     0.216 r  rv32im72f_7sp/data_memory/memory_reg_7680_7935_6_6/F8/O
                         net (fo=1, routed)           0.967     1.183    rv32im72f_7sp/data_memory/memory_reg_7680_7935_6_6_n_0
    SLICE_X4Y94          LUT6 (Prop_lut6_I1_O)        0.319     1.502 r  rv32im72f_7sp/data_memory/memory_reg_0_255_6_6_i_11/O
                         net (fo=1, routed)           0.000     1.502    rv32im72f_7sp/data_memory/memory_reg_0_255_6_6_i_11_n_0
    SLICE_X4Y94          MUXF7 (Prop_muxf7_I1_O)      0.217     1.719 r  rv32im72f_7sp/data_memory/memory_reg_0_255_6_6_i_5/O
                         net (fo=1, routed)           0.777     2.496    rv32im72f_7sp/data_memory/memory_reg_0_255_6_6_i_5_n_0
    SLICE_X7Y92          LUT6 (Prop_lut6_I0_O)        0.299     2.795 r  rv32im72f_7sp/data_memory/memory_reg_0_255_6_6_i_3/O
                         net (fo=2, routed)           1.782     4.577    rv32im72f_7sp/ex_mem_register/read_data0[6]
    SLICE_X21Y65         LUT5 (Prop_lut5_I2_O)        0.124     4.701 r  rv32im72f_7sp/ex_mem_register/WB_byte_enable_logic_register_file_write_data[6]_i_5/O
                         net (fo=2, routed)           0.910     5.610    rv32im72f_7sp/ex_mem_register/WB_byte_enable_logic_register_file_write_data[6]_i_5_n_0
    SLICE_X21Y58         LUT6 (Prop_lut6_I5_O)        0.124     5.734 r  rv32im72f_7sp/ex_mem_register/WB_byte_enable_logic_register_file_write_data[6]_i_1/O
                         net (fo=2, routed)           0.473     6.208    rv32im72f_7sp/ex_mem_register/D[6]
    SLICE_X19Y57         LUT6 (Prop_lut6_I0_O)        0.124     6.332 r  rv32im72f_7sp/ex_mem_register/EX2_read_data2[6]_i_4/O
                         net (fo=2, routed)           0.650     6.981    rv32im72f_7sp/mem_wb_register/divisor_latch[6]_i_2_0
    SLICE_X17Y49         LUT6 (Prop_lut6_I5_O)        0.124     7.105 r  rv32im72f_7sp/mem_wb_register/divisor_latch[6]_i_4/O
                         net (fo=1, routed)           0.395     7.501    rv32im72f_7sp/ex_ex2_register/divisor_latch_reg[6]
    SLICE_X19Y48         LUT3 (Prop_lut3_I2_O)        0.124     7.625 r  rv32im72f_7sp/ex_ex2_register/divisor_latch[6]_i_2/O
                         net (fo=1, routed)           0.562     8.186    rv32im72f_7sp/id_ex_register/divisor_latch_reg[31][1]
    SLICE_X13Y47         LUT6 (Prop_lut6_I1_O)        0.124     8.310 r  rv32im72f_7sp/id_ex_register/divisor_latch[6]_i_1/O
                         net (fo=13, routed)          0.880     9.190    rv32im72f_7sp/id_ex_register/src_B[6]
    SLICE_X11Y38         LUT2 (Prop_lut2_I0_O)        0.117     9.307 r  rv32im72f_7sp/id_ex_register/alu_result2_carry_i_9/O
                         net (fo=3, routed)           0.983    10.290    rv32im72f_7sp/id_ex_register/alu_result2_carry_i_9_n_0
    SLICE_X9Y40          LUT3 (Prop_lut3_I2_O)        0.358    10.648 r  rv32im72f_7sp/id_ex_register/alu_result2_carry_i_1/O
                         net (fo=1, routed)           0.000    10.648    rv32im72f_7sp/alu/alu_word/DI[3]
    SLICE_X9Y40          CARRY4 (Prop_carry4_DI[3]_CO[3])
                                                      0.353    11.001 r  rv32im72f_7sp/alu/alu_word/alu_result2_carry/CO[3]
                         net (fo=1, routed)           0.000    11.001    rv32im72f_7sp/alu/alu_word/alu_result2_carry_n_0
    SLICE_X9Y41          CARRY4 (Prop_carry4_CI_CO[3])
                                                      0.114    11.115 r  rv32im72f_7sp/alu/alu_word/alu_result2_carry__0/CO[3]
                         net (fo=1, routed)           0.000    11.115    rv32im72f_7sp/alu/alu_word/alu_result2_carry__0_n_0
    SLICE_X9Y42          CARRY4 (Prop_carry4_CI_CO[3])
                                                      0.114    11.229 r  rv32im72f_7sp/alu/alu_word/alu_result2_carry__1/CO[3]
                         net (fo=1, routed)           0.000    11.229    rv32im72f_7sp/alu/alu_word/alu_result2_carry__1_n_0
    SLICE_X9Y43          CARRY4 (Prop_carry4_CI_CO[3])
                                                      0.114    11.343 f  rv32im72f_7sp/alu/alu_word/alu_result2_carry__2/CO[3]
                         net (fo=1, routed)           1.147    12.490    rv32im72f_7sp/id_ex_register/CO[0]
    SLICE_X10Y35         LUT6 (Prop_lut6_I1_O)        0.124    12.614 f  rv32im72f_7sp/id_ex_register/EX2_alu_result[0]_i_8/O
                         net (fo=1, routed)           0.303    12.917    rv32im72f_7sp/id_ex_register/EX2_alu_result[0]_i_8_n_0
    SLICE_X10Y34         LUT6 (Prop_lut6_I0_O)        0.124    13.041 f  rv32im72f_7sp/id_ex_register/EX2_alu_result[0]_i_4/O
                         net (fo=2, routed)           0.000    13.041    rv32im72f_7sp/id_ex_register/EX2_alu_result[0]_i_4_n_0
    SLICE_X10Y34         MUXF7 (Prop_muxf7_I0_O)      0.209    13.250 f  rv32im72f_7sp/id_ex_register/EX2_alu_result_reg[0]_i_2/O
                         net (fo=2, routed)           0.685    13.935    rv32im72f_7sp/id_ex_register/alu/alu_word_result[0]
    SLICE_X5Y33          LUT3 (Prop_lut3_I0_O)        0.293    14.228 f  rv32im72f_7sp/id_ex_register/EX2_alu_result[0]_i_1/O
                         net (fo=8, routed)           0.645    14.873    rv32im72f_7sp/id_ex_register/prod_high_reg[31][0]
    SLICE_X2Y34          LUT6 (Prop_lut6_I4_O)        0.327    15.200 f  rv32im72f_7sp/id_ex_register/trap_status[1]_i_5/O
                         net (fo=3, routed)           0.667    15.867    rv32im72f_7sp/id_ex_register/trap_status[1]_i_5_n_0
    SLICE_X1Y34          LUT6 (Prop_lut6_I1_O)        0.124    15.991 r  rv32im72f_7sp/id_ex_register/trapped_i_4/O
                         net (fo=3, routed)           0.680    16.670    rv32im72f_7sp/id_ex_register/EX_opcode_reg[1]_0
    SLICE_X0Y34          LUT6 (Prop_lut6_I1_O)        0.124    16.794 r  rv32im72f_7sp/id_ex_register/trap_status[0]_i_1/O
                         net (fo=1, routed)           0.000    16.794    rv32im72f_7sp/exception_detector/trap_status_reg[2]_3[0]
    SLICE_X0Y34          FDCE                                         r  rv32im72f_7sp/exception_detector/trap_status_reg[0]/D
  -------------------------------------------------------------------    -------------------

                         (clock clk_out1_clk_wiz_0 rise edge)
                                                     20.000    20.000 r  
    R4                                                0.000    20.000 r  clk (IN)
                         net (fo=0)                   0.000    20.000    clk_gen/inst/clk_in1
    R4                   IBUF (Prop_ibuf_I_O)         1.405    21.405 r  clk_gen/inst/clkin1_ibufg/O
                         net (fo=1, routed)           1.181    22.586    clk_gen/inst/clk_in1_clk_wiz_0
    PLLE2_ADV_X1Y2       PLLE2_ADV (Prop_plle2_adv_CLKIN1_CLKOUT0)
                                                     -8.206    14.380 r  clk_gen/inst/plle2_adv_inst/CLKOUT0
                         net (fo=1, routed)           1.718    16.098    clk_gen/inst/clk_out1_clk_wiz_0
    BUFGCTRL_X0Y0        BUFG (Prop_bufg_I_O)         0.091    16.189 r  clk_gen/inst/clkout1_buf/O
                         net (fo=6880, routed)        2.069    18.258    rv32im72f_7sp/exception_detector/clk_out1
    SLICE_X0Y34          FDCE                                         r  rv32im72f_7sp/exception_detector/trap_status_reg[0]/C
                         clock pessimism             -0.507    17.750    
                         clock uncertainty           -0.108    17.643    
    SLICE_X0Y34          FDCE (Setup_fdce_C_D)        0.029    17.672    rv32im72f_7sp/exception_detector/trap_status_reg[0]
  -------------------------------------------------------------------
                         required time                         17.672    
                         arrival time                         -16.794    
  -------------------------------------------------------------------
                         slack                                  0.877    





Min Delay Paths
--------------------------------------------------------------------------------------
Slack (MET) :             0.038ns  (arrival time - required time)
  Source:                 rv32im72f_7sp/csr_file/mcause_reg[27]/C
                            (rising edge-triggered cell FDCE clocked by clk_out1_clk_wiz_0  {rise@0.000ns fall@10.000ns period=20.000ns})
  Destination:            rv32im72f_7sp/csr_file/csr_read_out_reg[27]/D
                            (rising edge-triggered cell FDCE clocked by clk_out1_clk_wiz_0  {rise@0.000ns fall@10.000ns period=20.000ns})
  Path Group:             clk_out1_clk_wiz_0
  Path Type:              Hold (Min at Fast Process Corner)
  Requirement:            0.000ns  (clk_out1_clk_wiz_0 rise@0.000ns - clk_out1_clk_wiz_0 rise@0.000ns)
  Data Path Delay:        0.474ns  (logic 0.226ns (47.675%)  route 0.248ns (52.325%))
  Logic Levels:           1  (LUT4=1)
  Clock Path Skew:        0.344ns (DCD - SCD - CPR)
    Destination Clock Delay (DCD):    -0.252ns
    Source Clock Delay      (SCD):    -0.559ns
    Clock Pessimism Removal (CPR):    -0.037ns

    Location             Delay type                Incr(ns)  Path(ns)    Netlist Resource(s)
  -------------------------------------------------------------------    -------------------
                         (clock clk_out1_clk_wiz_0 rise edge)
                                                      0.000     0.000 r  
    R4                                                0.000     0.000 r  clk (IN)
                         net (fo=0)                   0.000     0.000    clk_gen/inst/clk_in1
    R4                   IBUF (Prop_ibuf_I_O)         0.243     0.243 r  clk_gen/inst/clkin1_ibufg/O
                         net (fo=1, routed)           0.440     0.683    clk_gen/inst/clk_in1_clk_wiz_0
    PLLE2_ADV_X1Y2       PLLE2_ADV (Prop_plle2_adv_CLKIN1_CLKOUT0)
                                                     -2.503    -1.819 r  clk_gen/inst/plle2_adv_inst/CLKOUT0
                         net (fo=1, routed)           0.546    -1.273    clk_gen/inst/clk_out1_clk_wiz_0
    BUFGCTRL_X0Y0        BUFG (Prop_bufg_I_O)         0.026    -1.247 r  clk_gen/inst/clkout1_buf/O
                         net (fo=6880, routed)        0.688    -0.559    rv32im72f_7sp/csr_file/clk_out1
    SLICE_X25Y53         FDCE                                         r  rv32im72f_7sp/csr_file/mcause_reg[27]/C
  -------------------------------------------------------------------    -------------------
    SLICE_X25Y53         FDCE (Prop_fdce_C_Q)         0.128    -0.431 r  rv32im72f_7sp/csr_file/mcause_reg[27]/Q
                         net (fo=1, routed)           0.248    -0.183    rv32im72f_7sp/io_id_register/csr_read_out_reg[31][27]
    SLICE_X26Y49         LUT4 (Prop_lut4_I2_O)        0.098    -0.085 r  rv32im72f_7sp/io_id_register/csr_read_out[27]_i_1/O
                         net (fo=1, routed)           0.000    -0.085    rv32im72f_7sp/csr_file/csr_read_out_reg[31]_3[27]
    SLICE_X26Y49         FDCE                                         r  rv32im72f_7sp/csr_file/csr_read_out_reg[27]/D
  -------------------------------------------------------------------    -------------------

                         (clock clk_out1_clk_wiz_0 rise edge)
                                                      0.000     0.000 r  
    R4                                                0.000     0.000 r  clk (IN)
                         net (fo=0)                   0.000     0.000    clk_gen/inst/clk_in1
    R4                   IBUF (Prop_ibuf_I_O)         0.431     0.431 r  clk_gen/inst/clkin1_ibufg/O
                         net (fo=1, routed)           0.481     0.912    clk_gen/inst/clk_in1_clk_wiz_0
    PLLE2_ADV_X1Y2       PLLE2_ADV (Prop_plle2_adv_CLKIN1_CLKOUT0)
                                                     -2.828    -1.916 r  clk_gen/inst/plle2_adv_inst/CLKOUT0
                         net (fo=1, routed)           0.595    -1.322    clk_gen/inst/clk_out1_clk_wiz_0
    BUFGCTRL_X0Y0        BUFG (Prop_bufg_I_O)         0.029    -1.293 r  clk_gen/inst/clkout1_buf/O
                         net (fo=6880, routed)        1.041    -0.252    rv32im72f_7sp/csr_file/clk_out1
    SLICE_X26Y49         FDCE                                         r  rv32im72f_7sp/csr_file/csr_read_out_reg[27]/C
                         clock pessimism              0.037    -0.215    
    SLICE_X26Y49         FDCE (Hold_fdce_C_D)         0.092    -0.123    rv32im72f_7sp/csr_file/csr_read_out_reg[27]
  -------------------------------------------------------------------
                         required time                          0.123    
                         arrival time                          -0.085    
  -------------------------------------------------------------------
                         slack                                  0.038    





Pulse Width Checks
--------------------------------------------------------------------------------------
Clock Name:         clk_out1_clk_wiz_0
Waveform(ns):       { 0.000 10.000 }
Period(ns):         20.000
Sources:            { clk_gen/inst/plle2_adv_inst/CLKOUT0 }

Check Type        Corner  Lib Pin            Reference Pin  Required(ns)  Actual(ns)  Slack(ns)  Location        Pin
Min Period        n/a     BUFG/I             n/a            2.155         20.000      17.845     BUFGCTRL_X0Y0   clk_gen/inst/clkout1_buf/I
Max Period        n/a     PLLE2_ADV/CLKOUT0  n/a            160.000       20.000      140.000    PLLE2_ADV_X1Y2  clk_gen/inst/plle2_adv_inst/CLKOUT0
Low Pulse Width   Slow    RAMS64E/CLK        n/a            1.250         10.000      8.750      SLICE_X22Y56    rv32im72f_7sp/data_memory/memory_reg_0_255_0_0/RAMS64E_A/CLK
High Pulse Width  Slow    RAMS64E/CLK        n/a            1.250         10.000      8.750      SLICE_X22Y56    rv32im72f_7sp/data_memory/memory_reg_0_255_0_0/RAMS64E_A/CLK



---------------------------------------------------------------------------------------------------
From Clock:  clkfbout_clk_wiz_0
  To Clock:  clkfbout_clk_wiz_0

Setup :           NA  Failing Endpoints,  Worst Slack           NA  ,  Total Violation           NA
Hold  :           NA  Failing Endpoints,  Worst Slack           NA  ,  Total Violation           NA
PW    :            0  Failing Endpoints,  Worst Slack       17.845ns,  Total Violation        0.000ns
---------------------------------------------------------------------------------------------------


Pulse Width Checks
--------------------------------------------------------------------------------------
Clock Name:         clkfbout_clk_wiz_0
Waveform(ns):       { 0.000 10.000 }
Period(ns):         20.000
Sources:            { clk_gen/inst/plle2_adv_inst/CLKFBOUT }

Check Type  Corner  Lib Pin            Reference Pin  Required(ns)  Actual(ns)  Slack(ns)  Location        Pin
Min Period  n/a     BUFG/I             n/a            2.155         20.000      17.845     BUFGCTRL_X0Y1   clk_gen/inst/clkf_buf/I
Max Period  n/a     PLLE2_ADV/CLKFBIN  n/a            52.633        20.000      32.633     PLLE2_ADV_X1Y2  clk_gen/inst/plle2_adv_inst/CLKFBIN



---------------------------------------------------------------------------------------------------
Path Group:  **async_default**
From Clock:  clk_out1_clk_wiz_0
  To Clock:  clk_out1_clk_wiz_0

Setup :            0  Failing Endpoints,  Worst Slack       10.001ns,  Total Violation        0.000ns
Hold  :            0  Failing Endpoints,  Worst Slack        0.451ns,  Total Violation        0.000ns
---------------------------------------------------------------------------------------------------


Max Delay Paths
--------------------------------------------------------------------------------------
Slack (MET) :             10.001ns  (required time - arrival time)
  Source:                 reset_sync_reg[2]/C
                            (rising edge-triggered cell FDPE clocked by clk_out1_clk_wiz_0  {rise@0.000ns fall@10.000ns period=20.000ns})
  Destination:            rv32im72f_7sp/program_counter/pc_reg[14]/CLR
                            (recovery check against rising-edge clock clk_out1_clk_wiz_0  {rise@0.000ns fall@10.000ns period=20.000ns})
  Path Group:             **async_default**
  Path Type:              Recovery (Max at Slow Process Corner)
  Requirement:            20.000ns  (clk_out1_clk_wiz_0 rise@20.000ns - clk_out1_clk_wiz_0 rise@0.000ns)
  Data Path Delay:        9.625ns  (logic 0.419ns (4.353%)  route 9.206ns (95.647%))
  Logic Levels:           0  
  Clock Path Skew:        0.227ns (DCD - SCD + CPR)
    Destination Clock Delay (DCD):    -1.830ns = ( 18.170 - 20.000 ) 
    Source Clock Delay      (SCD):    -2.565ns
    Clock Pessimism Removal (CPR):    -0.507ns
  Clock Uncertainty:      0.108ns  ((TSJ^2 + DJ^2)^1/2) / 2 + PE
    Total System Jitter     (TSJ):    0.071ns
    Discrete Jitter          (DJ):    0.203ns
    Phase Error              (PE):    0.000ns

    Location             Delay type                Incr(ns)  Path(ns)    Netlist Resource(s)
  -------------------------------------------------------------------    -------------------
                         (clock clk_out1_clk_wiz_0 rise edge)
                                                      0.000     0.000 r  
    R4                                                0.000     0.000 r  clk (IN)
                         net (fo=0)                   0.000     0.000    clk_gen/inst/clk_in1
    R4                   IBUF (Prop_ibuf_I_O)         1.475     1.475 r  clk_gen/inst/clkin1_ibufg/O
                         net (fo=1, routed)           1.253     2.728    clk_gen/inst/clk_in1_clk_wiz_0
    PLLE2_ADV_X1Y2       PLLE2_ADV (Prop_plle2_adv_CLKIN1_CLKOUT0)
                                                     -8.953    -6.225 r  clk_gen/inst/plle2_adv_inst/CLKOUT0
                         net (fo=1, routed)           1.802    -4.422    clk_gen/inst/clk_out1_clk_wiz_0
    BUFGCTRL_X0Y0        BUFG (Prop_bufg_I_O)         0.096    -4.326 r  clk_gen/inst/clkout1_buf/O
                         net (fo=6880, routed)        1.761    -2.565    clk_cpu
    SLICE_X23Y115        FDPE                                         r  reset_sync_reg[2]/C
  -------------------------------------------------------------------    -------------------
    SLICE_X23Y115        FDPE (Prop_fdpe_C_Q)         0.419    -2.146 f  reset_sync_reg[2]/Q
                         net (fo=1068, routed)        9.206     7.060    rv32im72f_7sp/program_counter/pc_reg[12]_rep__13_1[0]
    SLICE_X22Y29         FDCE                                         f  rv32im72f_7sp/program_counter/pc_reg[14]/CLR
  -------------------------------------------------------------------    -------------------

                         (clock clk_out1_clk_wiz_0 rise edge)
                                                     20.000    20.000 r  
    R4                                                0.000    20.000 r  clk (IN)
                         net (fo=0)                   0.000    20.000    clk_gen/inst/clk_in1
    R4                   IBUF (Prop_ibuf_I_O)         1.405    21.405 r  clk_gen/inst/clkin1_ibufg/O
                         net (fo=1, routed)           1.181    22.586    clk_gen/inst/clk_in1_clk_wiz_0
    PLLE2_ADV_X1Y2       PLLE2_ADV (Prop_plle2_adv_CLKIN1_CLKOUT0)
                                                     -8.206    14.380 r  clk_gen/inst/plle2_adv_inst/CLKOUT0
                         net (fo=1, routed)           1.718    16.098    clk_gen/inst/clk_out1_clk_wiz_0
    BUFGCTRL_X0Y0        BUFG (Prop_bufg_I_O)         0.091    16.189 r  clk_gen/inst/clkout1_buf/O
                         net (fo=6880, routed)        1.981    18.170    rv32im72f_7sp/program_counter/clk_out1
    SLICE_X22Y29         FDCE                                         r  rv32im72f_7sp/program_counter/pc_reg[14]/C
                         clock pessimism             -0.507    17.662    
                         clock uncertainty           -0.108    17.555    
    SLICE_X22Y29         FDCE (Recov_fdce_C_CLR)     -0.494    17.061    rv32im72f_7sp/program_counter/pc_reg[14]
  -------------------------------------------------------------------
                         required time                         17.061    
                         arrival time                          -7.060    
  -------------------------------------------------------------------
                         slack                                 10.001    





Min Delay Paths
--------------------------------------------------------------------------------------
Slack (MET) :             0.451ns  (arrival time - required time)
  Source:                 reset_sync_reg[2]/C
                            (rising edge-triggered cell FDPE clocked by clk_out1_clk_wiz_0  {rise@0.000ns fall@10.000ns period=20.000ns})
  Destination:            unified_uart_controller/debounce_counter_reg[15]/CLR
                            (removal check against rising-edge clock clk_out1_clk_wiz_0  {rise@0.000ns fall@10.000ns period=20.000ns})
  Path Group:             **async_default**
  Path Type:              Removal (Min at Fast Process Corner)
  Requirement:            0.000ns  (clk_out1_clk_wiz_0 rise@0.000ns - clk_out1_clk_wiz_0 rise@0.000ns)
  Data Path Delay:        0.320ns  (logic 0.128ns (39.948%)  route 0.192ns (60.052%))
  Logic Levels:           0  
  Clock Path Skew:        0.015ns (DCD - SCD - CPR)
    Destination Clock Delay (DCD):    -0.402ns
    Source Clock Delay      (SCD):    -0.628ns
    Clock Pessimism Removal (CPR):    0.211ns

    Location             Delay type                Incr(ns)  Path(ns)    Netlist Resource(s)
  -------------------------------------------------------------------    -------------------
                         (clock clk_out1_clk_wiz_0 rise edge)
                                                      0.000     0.000 r  
    R4                                                0.000     0.000 r  clk (IN)
                         net (fo=0)                   0.000     0.000    clk_gen/inst/clk_in1
    R4                   IBUF (Prop_ibuf_I_O)         0.243     0.243 r  clk_gen/inst/clkin1_ibufg/O
                         net (fo=1, routed)           0.440     0.683    clk_gen/inst/clk_in1_clk_wiz_0
    PLLE2_ADV_X1Y2       PLLE2_ADV (Prop_plle2_adv_CLKIN1_CLKOUT0)
                                                     -2.503    -1.819 r  clk_gen/inst/plle2_adv_inst/CLKOUT0
                         net (fo=1, routed)           0.546    -1.273    clk_gen/inst/clk_out1_clk_wiz_0
    BUFGCTRL_X0Y0        BUFG (Prop_bufg_I_O)         0.026    -1.247 r  clk_gen/inst/clkout1_buf/O
                         net (fo=6880, routed)        0.620    -0.628    clk_cpu
    SLICE_X23Y115        FDPE                                         r  reset_sync_reg[2]/C
  -------------------------------------------------------------------    -------------------
    SLICE_X23Y115        FDPE (Prop_fdpe_C_Q)         0.128    -0.500 f  reset_sync_reg[2]/Q
                         net (fo=1068, routed)        0.192    -0.307    unified_uart_controller/Q[0]
    SLICE_X23Y113        FDCE                                         f  unified_uart_controller/debounce_counter_reg[15]/CLR
  -------------------------------------------------------------------    -------------------

                         (clock clk_out1_clk_wiz_0 rise edge)
                                                      0.000     0.000 r  
    R4                                                0.000     0.000 r  clk (IN)
                         net (fo=0)                   0.000     0.000    clk_gen/inst/clk_in1
    R4                   IBUF (Prop_ibuf_I_O)         0.431     0.431 r  clk_gen/inst/clkin1_ibufg/O
                         net (fo=1, routed)           0.481     0.912    clk_gen/inst/clk_in1_clk_wiz_0
    PLLE2_ADV_X1Y2       PLLE2_ADV (Prop_plle2_adv_CLKIN1_CLKOUT0)
                                                     -2.828    -1.916 r  clk_gen/inst/plle2_adv_inst/CLKOUT0
                         net (fo=1, routed)           0.595    -1.322    clk_gen/inst/clk_out1_clk_wiz_0
    BUFGCTRL_X0Y0        BUFG (Prop_bufg_I_O)         0.029    -1.293 r  clk_gen/inst/clkout1_buf/O
                         net (fo=6880, routed)        0.891    -0.402    unified_uart_controller/clk_out1
    SLICE_X23Y113        FDCE                                         r  unified_uart_controller/debounce_counter_reg[15]/C
                         clock pessimism             -0.211    -0.613    
    SLICE_X23Y113        FDCE (Remov_fdce_C_CLR)     -0.146    -0.759    unified_uart_controller/debounce_counter_reg[15]
  -------------------------------------------------------------------
                         required time                          0.759    
                         arrival time                          -0.307    
  -------------------------------------------------------------------
                         slack                                  0.451    





