Copyright 1986-2022 Xilinx, Inc. All Rights Reserved. Copyright 2022-2025 Advanced Micro Devices, Inc. All Rights Reserved.
-------------------------------------------------------------------------------------------------------------------------------------------------
| Tool Version : Vivado v.2025.2 (lin64) Build 6299465 Fri Nov 14 12:34:56 MST 2025
| Date         : Tue Sep 15 01:20:41 2026
| Host         : khwl-ThinkPad-X1-Carbon-Gen-13 running 64-bit Ubuntu 24.04.4 LTS
| Command      : report_timing_summary -file /home/khwl/Desktop/RV-IM100/riscof-env/logs/final_impl/RV32IM_8SP_Coremark/timing.rpt
| Design       : RV32IM72F8SPSoCTOP
| Device       : 7a200t-sbg484
| Speed File   : -1  PRODUCTION 1.23 2018-06-13
| Design State : Physopt postRoute
-------------------------------------------------------------------------------------------------------------------------------------------------

Timing Summary Report

------------------------------------------------------------------------------------------------
| Timer Settings
| --------------
------------------------------------------------------------------------------------------------

  Enable Multi Corner Analysis               :  Yes
  Enable Pessimism Removal                   :  Yes
  Pessimism Removal Resolution               :  Nearest Common Node
  Enable Input Delay Default Clock           :  No
  Enable Preset / Clear Arcs                 :  No
  Disable Flight Delays                      :  No
  Ignore I/O Paths                           :  No
  Timing Early Launch at Borrowing Latches   :  No
  Borrow Time for Max Delay Exceptions       :  Yes
  Merge Timing Exceptions                    :  Yes
  Inter-SLR Compensation                     :  Conservative

  Corner  Analyze    Analyze    
  Name    Max Paths  Min Paths  
  ------  ---------  ---------  
  Slow    Yes        Yes        
  Fast    Yes        Yes        


------------------------------------------------------------------------------------------------
| Report Methodology
| ------------------
------------------------------------------------------------------------------------------------

Rule      Severity  Description                                 Violations  
--------  --------  ------------------------------------------  ----------  
DPIR-1    Warning   Asynchronous driver check                   111         
SYNTH-6   Warning   Timing of a RAM block might be sub-optimal  16          
SYNTH-10  Warning   Wide multiplier                             4           

Note: This report is based on the most recent report_methodology run and may not be up-to-date. Run report_methodology on the current design for the latest report.



check_timing report

Table of Contents
-----------------
1. checking no_clock (0)
2. checking constant_clock (0)
3. checking pulse_width_clock (0)
4. checking unconstrained_internal_endpoints (0)
5. checking no_input_delay (2)
6. checking no_output_delay (9)
7. checking multiple_clock (0)
8. checking generated_clocks (0)
9. checking loops (0)
10. checking partial_input_delay (0)
11. checking partial_output_delay (0)
12. checking latch_loops (0)

1. checking no_clock (0)
------------------------
 There are 0 register/latch pins with no clock.


2. checking constant_clock (0)
------------------------------
 There are 0 register/latch pins with constant_clock.


3. checking pulse_width_clock (0)
---------------------------------
 There are 0 register/latch pins which need pulse_width check


4. checking unconstrained_internal_endpoints (0)
------------------------------------------------
 There are 0 pins that are not constrained for maximum delay.

 There are 0 pins that are not constrained for maximum delay due to constant clock.


5. checking no_input_delay (2)
------------------------------
 There are 0 input ports with no input delay specified.

 There are 2 input ports with no input delay but user has a false path constraint. (MEDIUM)


6. checking no_output_delay (9)
-------------------------------
 There are 0 ports with no output delay specified.

 There are 9 ports with no output delay but user has a false path constraint (MEDIUM)

 There are 0 ports with no output delay but with a timing clock defined on it or propagating through it


7. checking multiple_clock (0)
------------------------------
 There are 0 register/latch pins with multiple clocks.


8. checking generated_clocks (0)
--------------------------------
 There are 0 generated clocks that are not connected to a clock source.


9. checking loops (0)
---------------------
 There are 0 combinational loops in the design.


10. checking partial_input_delay (0)
------------------------------------
 There are 0 input ports with partial input delay specified.


11. checking partial_output_delay (0)
-------------------------------------
 There are 0 ports with partial output delay specified.


12. checking latch_loops (0)
----------------------------
 There are 0 combinational latch loops in the design through latch input



------------------------------------------------------------------------------------------------
| Design Timing Summary
| ---------------------
------------------------------------------------------------------------------------------------

    WNS(ns)      TNS(ns)  TNS Failing Endpoints  TNS Total Endpoints      WHS(ns)      THS(ns)  THS Failing Endpoints  THS Total Endpoints     WPWS(ns)     TPWS(ns)  TPWS Failing Endpoints  TPWS Total Endpoints  
    -------      -------  ---------------------  -------------------      -------      -------  ---------------------  -------------------     --------     --------  ----------------------  --------------------  
      0.149        0.000                      0                 8172        0.104        0.000                      0                 8172        2.950        0.000                       0                  2479  


All user specified timing constraints are met.


------------------------------------------------------------------------------------------------
| Clock Summary
| -------------
------------------------------------------------------------------------------------------------

Clock                 Waveform(ns)         Period(ns)      Frequency(MHz)
-----                 ------------         ----------      --------------
clk                   {0.000 5.000}        10.000          100.000         
  clk_out1_clk_wiz_0  {0.000 4.200}        8.400           119.048         
  clkfbout_clk_wiz_0  {0.000 15.000}       30.000          33.333          


------------------------------------------------------------------------------------------------
| Intra Clock Table
| -----------------
------------------------------------------------------------------------------------------------

Clock                     WNS(ns)      TNS(ns)  TNS Failing Endpoints  TNS Total Endpoints      WHS(ns)      THS(ns)  THS Failing Endpoints  THS Total Endpoints     WPWS(ns)     TPWS(ns)  TPWS Failing Endpoints  TPWS Total Endpoints  
-----                     -------      -------  ---------------------  -------------------      -------      -------  ---------------------  -------------------     --------     --------  ----------------------  --------------------  
clk                                                                                                                                                                     3.000        0.000                       0                     1  
  clk_out1_clk_wiz_0        0.149        0.000                      0                 7253        0.104        0.000                      0                 7253        2.950        0.000                       0                  2475  
  clkfbout_clk_wiz_0                                                                                                                                                   22.633        0.000                       0                     3  


------------------------------------------------------------------------------------------------
| Inter Clock Table
| -----------------
------------------------------------------------------------------------------------------------

From Clock    To Clock          WNS(ns)      TNS(ns)  TNS Failing Endpoints  TNS Total Endpoints      WHS(ns)      THS(ns)  THS Failing Endpoints  THS Total Endpoints  
----------    --------          -------      -------  ---------------------  -------------------      -------      -------  ---------------------  -------------------  


------------------------------------------------------------------------------------------------
| Other Path Groups Table
| -----------------------
------------------------------------------------------------------------------------------------

Path Group          From Clock          To Clock                WNS(ns)      TNS(ns)  TNS Failing Endpoints  TNS Total Endpoints      WHS(ns)      THS(ns)  THS Failing Endpoints  THS Total Endpoints  
----------          ----------          --------                -------      -------  ---------------------  -------------------      -------      -------  ---------------------  -------------------  
**async_default**   clk_out1_clk_wiz_0  clk_out1_clk_wiz_0        1.182        0.000                      0                  919        0.450        0.000                      0                  919  


------------------------------------------------------------------------------------------------
| Timing Details
| --------------
------------------------------------------------------------------------------------------------


---------------------------------------------------------------------------------------------------
From Clock:  clk
  To Clock:  clk

Setup :           NA  Failing Endpoints,  Worst Slack           NA  ,  Total Violation           NA
Hold  :           NA  Failing Endpoints,  Worst Slack           NA  ,  Total Violation           NA
PW    :            0  Failing Endpoints,  Worst Slack        3.000ns,  Total Violation        0.000ns
---------------------------------------------------------------------------------------------------


Pulse Width Checks
--------------------------------------------------------------------------------------
Clock Name:         clk
Waveform(ns):       { 0.000 5.000 }
Period(ns):         10.000
Sources:            { clk }

Check Type        Corner  Lib Pin           Reference Pin  Required(ns)  Actual(ns)  Slack(ns)  Location        Pin
Min Period        n/a     PLLE2_ADV/CLKIN1  n/a            1.249         10.000      8.751      PLLE2_ADV_X1Y2  clk_gen/inst/plle2_adv_inst/CLKIN1
Max Period        n/a     PLLE2_ADV/CLKIN1  n/a            52.633        10.000      42.633     PLLE2_ADV_X1Y2  clk_gen/inst/plle2_adv_inst/CLKIN1
Low Pulse Width   Slow    PLLE2_ADV/CLKIN1  n/a            2.000         5.000       3.000      PLLE2_ADV_X1Y2  clk_gen/inst/plle2_adv_inst/CLKIN1
High Pulse Width  Slow    PLLE2_ADV/CLKIN1  n/a            2.000         5.000       3.000      PLLE2_ADV_X1Y2  clk_gen/inst/plle2_adv_inst/CLKIN1



---------------------------------------------------------------------------------------------------
From Clock:  clk_out1_clk_wiz_0
  To Clock:  clk_out1_clk_wiz_0

Setup :            0  Failing Endpoints,  Worst Slack        0.149ns,  Total Violation        0.000ns
Hold  :            0  Failing Endpoints,  Worst Slack        0.104ns,  Total Violation        0.000ns
PW    :            0  Failing Endpoints,  Worst Slack        2.950ns,  Total Violation        0.000ns
---------------------------------------------------------------------------------------------------


Max Delay Paths
--------------------------------------------------------------------------------------
Slack (MET) :             0.149ns  (required time - arrival time)
  Source:                 rv32im72f_8sp/exr_ex_register/EX_opcode_reg[0]/C
                            (rising edge-triggered cell FDRE clocked by clk_out1_clk_wiz_0  {rise@0.000ns fall@4.200ns period=8.400ns})
  Destination:            rv32im72f_8sp/exception_detector/trap_status_reg[1]/D
                            (rising edge-triggered cell FDCE clocked by clk_out1_clk_wiz_0  {rise@0.000ns fall@4.200ns period=8.400ns})
  Path Group:             clk_out1_clk_wiz_0
  Path Type:              Setup (Max at Slow Process Corner)
  Requirement:            8.400ns  (clk_out1_clk_wiz_0 rise@8.400ns - clk_out1_clk_wiz_0 rise@0.000ns)
  Data Path Delay:        8.136ns  (logic 2.361ns (29.018%)  route 5.775ns (70.982%))
  Logic Levels:           10  (LUT2=1 LUT5=2 LUT6=6 MUXF7=1)
  Clock Path Skew:        -0.032ns (DCD - SCD + CPR)
    Destination Clock Delay (DCD):    -1.828ns = ( 6.572 - 8.400 ) 
    Source Clock Delay      (SCD):    -2.215ns
    Clock Pessimism Removal (CPR):    -0.418ns
  Clock Uncertainty:      0.111ns  ((TSJ^2 + DJ^2)^1/2) / 2 + PE
    Total System Jitter     (TSJ):    0.071ns
    Discrete Jitter          (DJ):    0.211ns
    Phase Error              (PE):    0.000ns

    Location             Delay type                Incr(ns)  Path(ns)    Netlist Resource(s)
  -------------------------------------------------------------------    -------------------
                         (clock clk_out1_clk_wiz_0 rise edge)
                                                      0.000     0.000 r  
    R4                                                0.000     0.000 r  clk (IN)
                         net (fo=0)                   0.000     0.000    clk_gen/inst/clk_in1
    R4                   IBUF (Prop_ibuf_I_O)         1.475     1.475 r  clk_gen/inst/clkin1_ibufg/O
                         net (fo=1, routed)           1.253     2.728    clk_gen/inst/clk_in1_clk_wiz_0
    PLLE2_ADV_X1Y2       PLLE2_ADV (Prop_plle2_adv_CLKIN1_CLKOUT0)
                                                     -8.953    -6.225 r  clk_gen/inst/plle2_adv_inst/CLKOUT0
                         net (fo=1, routed)           1.802    -4.422    clk_gen/inst/clk_out1_clk_wiz_0
    BUFGCTRL_X0Y0        BUFG (Prop_bufg_I_O)         0.096    -4.326 r  clk_gen/inst/clkout1_buf/O
                         net (fo=2473, routed)        2.111    -2.215    rv32im72f_8sp/exr_ex_register/clk_out1
    SLICE_X17Y26         FDRE                                         r  rv32im72f_8sp/exr_ex_register/EX_opcode_reg[0]/C
  -------------------------------------------------------------------    -------------------
    SLICE_X17Y26         FDRE (Prop_fdre_C_Q)         0.419    -1.796 f  rv32im72f_8sp/exr_ex_register/EX_opcode_reg[0]/Q
                         net (fo=8, routed)           0.704    -1.092    rv32im72f_8sp/exr_ex_register/EX_opcode_reg[6]_0[0]
    SLICE_X16Y26         LUT2 (Prop_lut2_I0_O)        0.332    -0.760 r  rv32im72f_8sp/exr_ex_register/div_overflow_flag_i_44/O
                         net (fo=1, routed)           0.164    -0.595    rv32im72f_8sp/exr_ex_register/div_overflow_flag_i_44_n_0
    SLICE_X16Y26         LUT6 (Prop_lut6_I0_O)        0.355    -0.240 r  rv32im72f_8sp/exr_ex_register/div_overflow_flag_i_27/O
                         net (fo=5, routed)           0.845     0.605    rv32im72f_8sp/exr_ex_register/div_overflow_flag_i_27_n_0
    SLICE_X15Y27         LUT6 (Prop_lut6_I4_O)        0.124     0.729 r  rv32im72f_8sp/exr_ex_register/div_overflow_flag_i_11/O
                         net (fo=18, routed)          0.913     1.642    rv32im72f_8sp/exr_ex_register/alu_op[2]
    SLICE_X14Y28         LUT5 (Prop_lut5_I1_O)        0.124     1.766 f  rv32im72f_8sp/exr_ex_register/EX2_alu_result[31]_i_17/O
                         net (fo=95, routed)          0.716     2.482    rv32im72f_8sp/exr_ex_register/EX2_alu_result[31]_i_17_n_0
    SLICE_X14Y29         LUT5 (Prop_lut5_I0_O)        0.124     2.606 r  rv32im72f_8sp/exr_ex_register/EX2_alu_result[1]_i_6/O
                         net (fo=1, routed)           0.661     3.267    rv32im72f_8sp/exr_ex_register/EX2_alu_result[1]_i_6_n_0
    SLICE_X14Y30         LUT6 (Prop_lut6_I1_O)        0.124     3.391 r  rv32im72f_8sp/exr_ex_register/EX2_alu_result[1]_i_3/O
                         net (fo=1, routed)           0.000     3.391    rv32im72f_8sp/exr_ex_register/alu/alu_word_result[1]
    SLICE_X14Y30         MUXF7 (Prop_muxf7_I1_O)      0.214     3.605 r  rv32im72f_8sp/exr_ex_register/EX2_alu_result_reg[1]_i_1/O
                         net (fo=6, routed)           0.692     4.297    rv32im72f_8sp/exr_ex_register/prod_low_reg[31][1]
    SLICE_X15Y30         LUT6 (Prop_lut6_I1_O)        0.297     4.594 r  rv32im72f_8sp/exr_ex_register/trapped_i_15/O
                         net (fo=3, routed)           0.556     5.150    rv32im72f_8sp/exr_ex_register/trapped_i_15_n_0
    SLICE_X15Y29         LUT6 (Prop_lut6_I3_O)        0.124     5.274 r  rv32im72f_8sp/exr_ex_register/trapped_i_5/O
                         net (fo=4, routed)           0.523     5.797    rv32im72f_8sp/exr_ex_register/EX_funct3_reg[0]_2
    SLICE_X9Y29          LUT6 (Prop_lut6_I1_O)        0.124     5.921 r  rv32im72f_8sp/exr_ex_register/trap_status[1]_i_1/O
                         net (fo=1, routed)           0.000     5.921    rv32im72f_8sp/exception_detector/trap_status_reg[2]_3[1]
    SLICE_X9Y29          FDCE                                         r  rv32im72f_8sp/exception_detector/trap_status_reg[1]/D
  -------------------------------------------------------------------    -------------------

                         (clock clk_out1_clk_wiz_0 rise edge)
                                                      8.400     8.400 r  
    R4                                                0.000     8.400 r  clk (IN)
                         net (fo=0)                   0.000     8.400    clk_gen/inst/clk_in1
    R4                   IBUF (Prop_ibuf_I_O)         1.405     9.805 r  clk_gen/inst/clkin1_ibufg/O
                         net (fo=1, routed)           1.181    10.986    clk_gen/inst/clk_in1_clk_wiz_0
    PLLE2_ADV_X1Y2       PLLE2_ADV (Prop_plle2_adv_CLKIN1_CLKOUT0)
                                                     -8.206     2.780 r  clk_gen/inst/plle2_adv_inst/CLKOUT0
                         net (fo=1, routed)           1.718     4.498    clk_gen/inst/clk_out1_clk_wiz_0
    BUFGCTRL_X0Y0        BUFG (Prop_bufg_I_O)         0.091     4.589 r  clk_gen/inst/clkout1_buf/O
                         net (fo=2473, routed)        1.983     6.572    rv32im72f_8sp/exception_detector/clk_out1
    SLICE_X9Y29          FDCE                                         r  rv32im72f_8sp/exception_detector/trap_status_reg[1]/C
                         clock pessimism             -0.418     6.153    
                         clock uncertainty           -0.111     6.042    
    SLICE_X9Y29          FDCE (Setup_fdce_C_D)        0.029     6.071    rv32im72f_8sp/exception_detector/trap_status_reg[1]
  -------------------------------------------------------------------
                         required time                          6.071    
                         arrival time                          -5.921    
  -------------------------------------------------------------------
                         slack                                  0.149    





Min Delay Paths
--------------------------------------------------------------------------------------
Slack (MET) :             0.104ns  (arrival time - required time)
  Source:                 rv32im72f_8sp/exr_ex_register/EX_instruction_reg[16]/C
                            (rising edge-triggered cell FDRE clocked by clk_out1_clk_wiz_0  {rise@0.000ns fall@4.200ns period=8.400ns})
  Destination:            rv32im72f_8sp/ex_ex2_register/EX2_instruction_reg[16]/D
                            (rising edge-triggered cell FDRE clocked by clk_out1_clk_wiz_0  {rise@0.000ns fall@4.200ns period=8.400ns})
  Path Group:             clk_out1_clk_wiz_0
  Path Type:              Hold (Min at Fast Process Corner)
  Requirement:            0.000ns  (clk_out1_clk_wiz_0 rise@0.000ns - clk_out1_clk_wiz_0 rise@0.000ns)
  Data Path Delay:        0.193ns  (logic 0.141ns (73.018%)  route 0.052ns (26.982%))
  Logic Levels:           0  
  Clock Path Skew:        0.013ns (DCD - SCD - CPR)
    Destination Clock Delay (DCD):    -0.259ns
    Source Clock Delay      (SCD):    -0.492ns
    Clock Pessimism Removal (CPR):    0.220ns

    Location             Delay type                Incr(ns)  Path(ns)    Netlist Resource(s)
  -------------------------------------------------------------------    -------------------
                         (clock clk_out1_clk_wiz_0 rise edge)
                                                      0.000     0.000 r  
    R4                                                0.000     0.000 r  clk (IN)
                         net (fo=0)                   0.000     0.000    clk_gen/inst/clk_in1
    R4                   IBUF (Prop_ibuf_I_O)         0.243     0.243 r  clk_gen/inst/clkin1_ibufg/O
                         net (fo=1, routed)           0.440     0.683    clk_gen/inst/clk_in1_clk_wiz_0
    PLLE2_ADV_X1Y2       PLLE2_ADV (Prop_plle2_adv_CLKIN1_CLKOUT0)
                                                     -2.503    -1.819 r  clk_gen/inst/plle2_adv_inst/CLKOUT0
                         net (fo=1, routed)           0.546    -1.273    clk_gen/inst/clk_out1_clk_wiz_0
    BUFGCTRL_X0Y0        BUFG (Prop_bufg_I_O)         0.026    -1.247 r  clk_gen/inst/clkout1_buf/O
                         net (fo=2473, routed)        0.756    -0.492    rv32im72f_8sp/exr_ex_register/clk_out1
    SLICE_X21Y18         FDRE                                         r  rv32im72f_8sp/exr_ex_register/EX_instruction_reg[16]/C
  -------------------------------------------------------------------    -------------------
    SLICE_X21Y18         FDRE (Prop_fdre_C_Q)         0.141    -0.351 r  rv32im72f_8sp/exr_ex_register/EX_instruction_reg[16]/Q
                         net (fo=1, routed)           0.052    -0.298    rv32im72f_8sp/ex_ex2_register/EX2_instruction_reg[31]_1[16]
    SLICE_X20Y18         FDRE                                         r  rv32im72f_8sp/ex_ex2_register/EX2_instruction_reg[16]/D
  -------------------------------------------------------------------    -------------------

                         (clock clk_out1_clk_wiz_0 rise edge)
                                                      0.000     0.000 r  
    R4                                                0.000     0.000 r  clk (IN)
                         net (fo=0)                   0.000     0.000    clk_gen/inst/clk_in1
    R4                   IBUF (Prop_ibuf_I_O)         0.431     0.431 r  clk_gen/inst/clkin1_ibufg/O
                         net (fo=1, routed)           0.481     0.912    clk_gen/inst/clk_in1_clk_wiz_0
    PLLE2_ADV_X1Y2       PLLE2_ADV (Prop_plle2_adv_CLKIN1_CLKOUT0)
                                                     -2.828    -1.916 r  clk_gen/inst/plle2_adv_inst/CLKOUT0
                         net (fo=1, routed)           0.595    -1.322    clk_gen/inst/clk_out1_clk_wiz_0
    BUFGCTRL_X0Y0        BUFG (Prop_bufg_I_O)         0.029    -1.293 r  clk_gen/inst/clkout1_buf/O
                         net (fo=2473, routed)        1.034    -0.259    rv32im72f_8sp/ex_ex2_register/clk_out1
    SLICE_X20Y18         FDRE                                         r  rv32im72f_8sp/ex_ex2_register/EX2_instruction_reg[16]/C
                         clock pessimism             -0.220    -0.479    
    SLICE_X20Y18         FDRE (Hold_fdre_C_D)         0.076    -0.403    rv32im72f_8sp/ex_ex2_register/EX2_instruction_reg[16]
  -------------------------------------------------------------------
                         required time                          0.403    
                         arrival time                          -0.298    
  -------------------------------------------------------------------
                         slack                                  0.104    





Pulse Width Checks
--------------------------------------------------------------------------------------
Clock Name:         clk_out1_clk_wiz_0
Waveform(ns):       { 0.000 4.200 }
Period(ns):         8.400
Sources:            { clk_gen/inst/plle2_adv_inst/CLKOUT0 }

Check Type        Corner  Lib Pin             Reference Pin  Required(ns)  Actual(ns)  Slack(ns)  Location        Pin
Min Period        n/a     RAMB36E1/CLKARDCLK  n/a            2.944         8.400       5.456      RAMB36_X1Y2     rv32im72f_8sp/data_memory/memory_bank0_reg_0/CLKARDCLK
Max Period        n/a     PLLE2_ADV/CLKOUT0   n/a            160.000       8.400       151.600    PLLE2_ADV_X1Y2  clk_gen/inst/plle2_adv_inst/CLKOUT0
Low Pulse Width   Slow    RAMD32/CLK          n/a            1.250         4.200       2.950      SLICE_X36Y18    rv32im72f_8sp/register_file/registers_reg_r1_0_31_0_5/RAMA/CLK
High Pulse Width  Slow    RAMD32/CLK          n/a            1.250         4.200       2.950      SLICE_X36Y18    rv32im72f_8sp/register_file/registers_reg_r1_0_31_0_5/RAMA/CLK



---------------------------------------------------------------------------------------------------
From Clock:  clkfbout_clk_wiz_0
  To Clock:  clkfbout_clk_wiz_0

Setup :           NA  Failing Endpoints,  Worst Slack           NA  ,  Total Violation           NA
Hold  :           NA  Failing Endpoints,  Worst Slack           NA  ,  Total Violation           NA
PW    :            0  Failing Endpoints,  Worst Slack       22.633ns,  Total Violation        0.000ns
---------------------------------------------------------------------------------------------------


Pulse Width Checks
--------------------------------------------------------------------------------------
Clock Name:         clkfbout_clk_wiz_0
Waveform(ns):       { 0.000 15.000 }
Period(ns):         30.000
Sources:            { clk_gen/inst/plle2_adv_inst/CLKFBOUT }

Check Type  Corner  Lib Pin            Reference Pin  Required(ns)  Actual(ns)  Slack(ns)  Location        Pin
Min Period  n/a     BUFG/I             n/a            2.155         30.000      27.845     BUFGCTRL_X0Y1   clk_gen/inst/clkf_buf/I
Max Period  n/a     PLLE2_ADV/CLKFBIN  n/a            52.633        30.000      22.633     PLLE2_ADV_X1Y2  clk_gen/inst/plle2_adv_inst/CLKFBIN



---------------------------------------------------------------------------------------------------
Path Group:  **async_default**
From Clock:  clk_out1_clk_wiz_0
  To Clock:  clk_out1_clk_wiz_0

Setup :            0  Failing Endpoints,  Worst Slack        1.182ns,  Total Violation        0.000ns
Hold  :            0  Failing Endpoints,  Worst Slack        0.450ns,  Total Violation        0.000ns
---------------------------------------------------------------------------------------------------


Max Delay Paths
--------------------------------------------------------------------------------------
Slack (MET) :             1.182ns  (required time - arrival time)
  Source:                 reset_sync_reg[2]/C
                            (rising edge-triggered cell FDPE clocked by clk_out1_clk_wiz_0  {rise@0.000ns fall@4.200ns period=8.400ns})
  Destination:            rv32im72f_8sp/csr_file/minstret_reg[5]/CLR
                            (recovery check against rising-edge clock clk_out1_clk_wiz_0  {rise@0.000ns fall@4.200ns period=8.400ns})
  Path Group:             **async_default**
  Path Type:              Recovery (Max at Slow Process Corner)
  Requirement:            8.400ns  (clk_out1_clk_wiz_0 rise@8.400ns - clk_out1_clk_wiz_0 rise@0.000ns)
  Data Path Delay:        6.649ns  (logic 0.456ns (6.858%)  route 6.193ns (93.142%))
  Logic Levels:           0  
  Clock Path Skew:        -0.053ns (DCD - SCD + CPR)
    Destination Clock Delay (DCD):    -1.845ns = ( 6.555 - 8.400 ) 
    Source Clock Delay      (SCD):    -2.211ns
    Clock Pessimism Removal (CPR):    -0.418ns
  Clock Uncertainty:      0.111ns  ((TSJ^2 + DJ^2)^1/2) / 2 + PE
    Total System Jitter     (TSJ):    0.071ns
    Discrete Jitter          (DJ):    0.211ns
    Phase Error              (PE):    0.000ns

    Location             Delay type                Incr(ns)  Path(ns)    Netlist Resource(s)
  -------------------------------------------------------------------    -------------------
                         (clock clk_out1_clk_wiz_0 rise edge)
                                                      0.000     0.000 r  
    R4                                                0.000     0.000 r  clk (IN)
                         net (fo=0)                   0.000     0.000    clk_gen/inst/clk_in1
    R4                   IBUF (Prop_ibuf_I_O)         1.475     1.475 r  clk_gen/inst/clkin1_ibufg/O
                         net (fo=1, routed)           1.253     2.728    clk_gen/inst/clk_in1_clk_wiz_0
    PLLE2_ADV_X1Y2       PLLE2_ADV (Prop_plle2_adv_CLKIN1_CLKOUT0)
                                                     -8.953    -6.225 r  clk_gen/inst/plle2_adv_inst/CLKOUT0
                         net (fo=1, routed)           1.802    -4.422    clk_gen/inst/clk_out1_clk_wiz_0
    BUFGCTRL_X0Y0        BUFG (Prop_bufg_I_O)         0.096    -4.326 r  clk_gen/inst/clkout1_buf/O
                         net (fo=2473, routed)        2.115    -2.211    clk_cpu
    SLICE_X9Y21          FDPE                                         r  reset_sync_reg[2]/C
  -------------------------------------------------------------------    -------------------
    SLICE_X9Y21          FDPE (Prop_fdpe_C_Q)         0.456    -1.755 f  reset_sync_reg[2]/Q
                         net (fo=923, routed)         6.193     4.438    rv32im72f_8sp/csr_file/Q[0]
    SLICE_X38Y28         FDCE                                         f  rv32im72f_8sp/csr_file/minstret_reg[5]/CLR
  -------------------------------------------------------------------    -------------------

                         (clock clk_out1_clk_wiz_0 rise edge)
                                                      8.400     8.400 r  
    R4                                                0.000     8.400 r  clk (IN)
                         net (fo=0)                   0.000     8.400    clk_gen/inst/clk_in1
    R4                   IBUF (Prop_ibuf_I_O)         1.405     9.805 r  clk_gen/inst/clkin1_ibufg/O
                         net (fo=1, routed)           1.181    10.986    clk_gen/inst/clk_in1_clk_wiz_0
    PLLE2_ADV_X1Y2       PLLE2_ADV (Prop_plle2_adv_CLKIN1_CLKOUT0)
                                                     -8.206     2.780 r  clk_gen/inst/plle2_adv_inst/CLKOUT0
                         net (fo=1, routed)           1.718     4.498    clk_gen/inst/clk_out1_clk_wiz_0
    BUFGCTRL_X0Y0        BUFG (Prop_bufg_I_O)         0.091     4.589 r  clk_gen/inst/clkout1_buf/O
                         net (fo=2473, routed)        1.966     6.555    rv32im72f_8sp/csr_file/clk_out1
    SLICE_X38Y28         FDCE                                         r  rv32im72f_8sp/csr_file/minstret_reg[5]/C
                         clock pessimism             -0.418     6.136    
                         clock uncertainty           -0.111     6.025    
    SLICE_X38Y28         FDCE (Recov_fdce_C_CLR)     -0.405     5.620    rv32im72f_8sp/csr_file/minstret_reg[5]
  -------------------------------------------------------------------
                         required time                          5.620    
                         arrival time                          -4.438    
  -------------------------------------------------------------------
                         slack                                  1.182    





Min Delay Paths
--------------------------------------------------------------------------------------
Slack (MET) :             0.450ns  (arrival time - required time)
  Source:                 reset_sync_reg[2]/C
                            (rising edge-triggered cell FDPE clocked by clk_out1_clk_wiz_0  {rise@0.000ns fall@4.200ns period=8.400ns})
  Destination:            rv32im72f_8sp/program_counter/pc_reg[15]/CLR
                            (removal check against rising-edge clock clk_out1_clk_wiz_0  {rise@0.000ns fall@4.200ns period=8.400ns})
  Path Group:             **async_default**
  Path Type:              Removal (Min at Fast Process Corner)
  Requirement:            0.000ns  (clk_out1_clk_wiz_0 rise@0.000ns - clk_out1_clk_wiz_0 rise@0.000ns)
  Data Path Delay:        0.395ns  (logic 0.141ns (35.655%)  route 0.254ns (64.345%))
  Logic Levels:           0  
  Clock Path Skew:        0.037ns (DCD - SCD - CPR)
    Destination Clock Delay (DCD):    -0.259ns
    Source Clock Delay      (SCD):    -0.492ns
    Clock Pessimism Removal (CPR):    0.196ns

    Location             Delay type                Incr(ns)  Path(ns)    Netlist Resource(s)
  -------------------------------------------------------------------    -------------------
                         (clock clk_out1_clk_wiz_0 rise edge)
                                                      0.000     0.000 r  
    R4                                                0.000     0.000 r  clk (IN)
                         net (fo=0)                   0.000     0.000    clk_gen/inst/clk_in1
    R4                   IBUF (Prop_ibuf_I_O)         0.243     0.243 r  clk_gen/inst/clkin1_ibufg/O
                         net (fo=1, routed)           0.440     0.683    clk_gen/inst/clk_in1_clk_wiz_0
    PLLE2_ADV_X1Y2       PLLE2_ADV (Prop_plle2_adv_CLKIN1_CLKOUT0)
                                                     -2.503    -1.819 r  clk_gen/inst/plle2_adv_inst/CLKOUT0
                         net (fo=1, routed)           0.546    -1.273    clk_gen/inst/clk_out1_clk_wiz_0
    BUFGCTRL_X0Y0        BUFG (Prop_bufg_I_O)         0.026    -1.247 r  clk_gen/inst/clkout1_buf/O
                         net (fo=2473, routed)        0.756    -0.492    clk_cpu
    SLICE_X9Y21          FDPE                                         r  reset_sync_reg[2]/C
  -------------------------------------------------------------------    -------------------
    SLICE_X9Y21          FDPE (Prop_fdpe_C_Q)         0.141    -0.351 f  reset_sync_reg[2]/Q
                         net (fo=923, routed)         0.254    -0.096    rv32im72f_8sp/program_counter/pc_reg[31]_1[0]
    SLICE_X11Y20         FDCE                                         f  rv32im72f_8sp/program_counter/pc_reg[15]/CLR
  -------------------------------------------------------------------    -------------------

                         (clock clk_out1_clk_wiz_0 rise edge)
                                                      0.000     0.000 r  
    R4                                                0.000     0.000 r  clk (IN)
                         net (fo=0)                   0.000     0.000    clk_gen/inst/clk_in1
    R4                   IBUF (Prop_ibuf_I_O)         0.431     0.431 r  clk_gen/inst/clkin1_ibufg/O
                         net (fo=1, routed)           0.481     0.912    clk_gen/inst/clk_in1_clk_wiz_0
    PLLE2_ADV_X1Y2       PLLE2_ADV (Prop_plle2_adv_CLKIN1_CLKOUT0)
                                                     -2.828    -1.916 r  clk_gen/inst/plle2_adv_inst/CLKOUT0
                         net (fo=1, routed)           0.595    -1.322    clk_gen/inst/clk_out1_clk_wiz_0
    BUFGCTRL_X0Y0        BUFG (Prop_bufg_I_O)         0.029    -1.293 r  clk_gen/inst/clkout1_buf/O
                         net (fo=2473, routed)        1.034    -0.259    rv32im72f_8sp/program_counter/clk_out1
    SLICE_X11Y20         FDCE                                         r  rv32im72f_8sp/program_counter/pc_reg[15]/C
                         clock pessimism             -0.196    -0.455    
    SLICE_X11Y20         FDCE (Remov_fdce_C_CLR)     -0.092    -0.547    rv32im72f_8sp/program_counter/pc_reg[15]
  -------------------------------------------------------------------
                         required time                          0.547    
                         arrival time                          -0.096    
  -------------------------------------------------------------------
                         slack                                  0.450    





