Copyright 1986-2022 Xilinx, Inc. All Rights Reserved. Copyright 2022-2025 Advanced Micro Devices, Inc. All Rights Reserved.
-------------------------------------------------------------------------------------------------------------------------------------------------------
| Tool Version : Vivado v.2025.2 (lin64) Build 6299465 Fri Nov 14 12:34:56 MST 2025
| Date         : Sun Sep 13 23:39:50 2026
| Host         : khwl-ThinkPad-X1-Carbon-Gen-13 running 64-bit Ubuntu 24.04.4 LTS
| Command      : report_timing_summary -file /home/khwl/Desktop/RV-IM100/riscof-env/logs/saif_reimpl/RV64IM_7SP_BRAM_coremark/timing.rpt
| Design       : RV64IM72F5SPSoCTOP
| Device       : 7a200t-sbg484
| Speed File   : -1  PRODUCTION 1.23 2018-06-13
| Design State : Physopt postRoute
-------------------------------------------------------------------------------------------------------------------------------------------------------

Timing Summary Report

------------------------------------------------------------------------------------------------
| Timer Settings
| --------------
------------------------------------------------------------------------------------------------

  Enable Multi Corner Analysis               :  Yes
  Enable Pessimism Removal                   :  Yes
  Pessimism Removal Resolution               :  Nearest Common Node
  Enable Input Delay Default Clock           :  No
  Enable Preset / Clear Arcs                 :  No
  Disable Flight Delays                      :  No
  Ignore I/O Paths                           :  No
  Timing Early Launch at Borrowing Latches   :  No
  Borrow Time for Max Delay Exceptions       :  Yes
  Merge Timing Exceptions                    :  Yes
  Inter-SLR Compensation                     :  Conservative

  Corner  Analyze    Analyze    
  Name    Max Paths  Min Paths  
  ------  ---------  ---------  
  Slow    Yes        Yes        
  Fast    Yes        Yes        


------------------------------------------------------------------------------------------------
| Report Methodology
| ------------------
------------------------------------------------------------------------------------------------

Rule      Severity  Description                                 Violations  
--------  --------  ------------------------------------------  ----------  
DPIR-1    Warning   Asynchronous driver check                   623         
SYNTH-6   Warning   Timing of a RAM block might be sub-optimal  24          
SYNTH-10  Warning   Wide multiplier                             20          

Note: This report is based on the most recent report_methodology run and may not be up-to-date. Run report_methodology on the current design for the latest report.



check_timing report

Table of Contents
-----------------
1. checking no_clock (0)
2. checking constant_clock (0)
3. checking pulse_width_clock (0)
4. checking unconstrained_internal_endpoints (0)
5. checking no_input_delay (2)
6. checking no_output_delay (9)
7. checking multiple_clock (0)
8. checking generated_clocks (0)
9. checking loops (0)
10. checking partial_input_delay (0)
11. checking partial_output_delay (0)
12. checking latch_loops (0)

1. checking no_clock (0)
------------------------
 There are 0 register/latch pins with no clock.


2. checking constant_clock (0)
------------------------------
 There are 0 register/latch pins with constant_clock.


3. checking pulse_width_clock (0)
---------------------------------
 There are 0 register/latch pins which need pulse_width check


4. checking unconstrained_internal_endpoints (0)
------------------------------------------------
 There are 0 pins that are not constrained for maximum delay.

 There are 0 pins that are not constrained for maximum delay due to constant clock.


5. checking no_input_delay (2)
------------------------------
 There are 0 input ports with no input delay specified.

 There are 2 input ports with no input delay but user has a false path constraint. (MEDIUM)


6. checking no_output_delay (9)
-------------------------------
 There are 0 ports with no output delay specified.

 There are 9 ports with no output delay but user has a false path constraint (MEDIUM)

 There are 0 ports with no output delay but with a timing clock defined on it or propagating through it


7. checking multiple_clock (0)
------------------------------
 There are 0 register/latch pins with multiple clocks.


8. checking generated_clocks (0)
--------------------------------
 There are 0 generated clocks that are not connected to a clock source.


9. checking loops (0)
---------------------
 There are 0 combinational loops in the design.


10. checking partial_input_delay (0)
------------------------------------
 There are 0 input ports with partial input delay specified.


11. checking partial_output_delay (0)
-------------------------------------
 There are 0 ports with partial output delay specified.


12. checking latch_loops (0)
----------------------------
 There are 0 combinational latch loops in the design through latch input



------------------------------------------------------------------------------------------------
| Design Timing Summary
| ---------------------
------------------------------------------------------------------------------------------------

    WNS(ns)      TNS(ns)  TNS Failing Endpoints  TNS Total Endpoints      WHS(ns)      THS(ns)  THS Failing Endpoints  THS Total Endpoints     WPWS(ns)     TPWS(ns)  TPWS Failing Endpoints  TPWS Total Endpoints  
    -------      -------  ---------------------  -------------------      -------      -------  ---------------------  -------------------     --------     --------  ----------------------  --------------------  
      0.019        0.000                      0                16432        0.054        0.000                      0                16432        3.000        0.000                       0                  4897  


All user specified timing constraints are met.


------------------------------------------------------------------------------------------------
| Clock Summary
| -------------
------------------------------------------------------------------------------------------------

Clock                 Waveform(ns)       Period(ns)      Frequency(MHz)
-----                 ------------       ----------      --------------
clk                   {0.000 5.000}      10.000          100.000         
  clk_out1_clk_wiz_0  {0.000 9.000}      18.000          55.556          
  clkfbout_clk_wiz_0  {0.000 15.000}     30.000          33.333          


------------------------------------------------------------------------------------------------
| Intra Clock Table
| -----------------
------------------------------------------------------------------------------------------------

Clock                     WNS(ns)      TNS(ns)  TNS Failing Endpoints  TNS Total Endpoints      WHS(ns)      THS(ns)  THS Failing Endpoints  THS Total Endpoints     WPWS(ns)     TPWS(ns)  TPWS Failing Endpoints  TPWS Total Endpoints  
-----                     -------      -------  ---------------------  -------------------      -------      -------  ---------------------  -------------------     --------     --------  ----------------------  --------------------  
clk                                                                                                                                                                     3.000        0.000                       0                     1  
  clk_out1_clk_wiz_0        0.019        0.000                      0                14318        0.054        0.000                      0                14318        7.750        0.000                       0                  4893  
  clkfbout_clk_wiz_0                                                                                                                                                   22.633        0.000                       0                     3  


------------------------------------------------------------------------------------------------
| Inter Clock Table
| -----------------
------------------------------------------------------------------------------------------------

From Clock    To Clock          WNS(ns)      TNS(ns)  TNS Failing Endpoints  TNS Total Endpoints      WHS(ns)      THS(ns)  THS Failing Endpoints  THS Total Endpoints  
----------    --------          -------      -------  ---------------------  -------------------      -------      -------  ---------------------  -------------------  


------------------------------------------------------------------------------------------------
| Other Path Groups Table
| -----------------------
------------------------------------------------------------------------------------------------

Path Group          From Clock          To Clock                WNS(ns)      TNS(ns)  TNS Failing Endpoints  TNS Total Endpoints      WHS(ns)      THS(ns)  THS Failing Endpoints  THS Total Endpoints  
----------          ----------          --------                -------      -------  ---------------------  -------------------      -------      -------  ---------------------  -------------------  
**async_default**   clk_out1_clk_wiz_0  clk_out1_clk_wiz_0        3.678        0.000                      0                 2114        0.476        0.000                      0                 2114  


------------------------------------------------------------------------------------------------
| Timing Details
| --------------
------------------------------------------------------------------------------------------------


---------------------------------------------------------------------------------------------------
From Clock:  clk
  To Clock:  clk

Setup :           NA  Failing Endpoints,  Worst Slack           NA  ,  Total Violation           NA
Hold  :           NA  Failing Endpoints,  Worst Slack           NA  ,  Total Violation           NA
PW    :            0  Failing Endpoints,  Worst Slack        3.000ns,  Total Violation        0.000ns
---------------------------------------------------------------------------------------------------


Pulse Width Checks
--------------------------------------------------------------------------------------
Clock Name:         clk
Waveform(ns):       { 0.000 5.000 }
Period(ns):         10.000
Sources:            { clk }

Check Type        Corner  Lib Pin           Reference Pin  Required(ns)  Actual(ns)  Slack(ns)  Location        Pin
Min Period        n/a     PLLE2_ADV/CLKIN1  n/a            1.249         10.000      8.751      PLLE2_ADV_X1Y2  clk_gen/inst/plle2_adv_inst/CLKIN1
Max Period        n/a     PLLE2_ADV/CLKIN1  n/a            52.633        10.000      42.633     PLLE2_ADV_X1Y2  clk_gen/inst/plle2_adv_inst/CLKIN1
Low Pulse Width   Slow    PLLE2_ADV/CLKIN1  n/a            2.000         5.000       3.000      PLLE2_ADV_X1Y2  clk_gen/inst/plle2_adv_inst/CLKIN1
High Pulse Width  Slow    PLLE2_ADV/CLKIN1  n/a            2.000         5.000       3.000      PLLE2_ADV_X1Y2  clk_gen/inst/plle2_adv_inst/CLKIN1



---------------------------------------------------------------------------------------------------
From Clock:  clk_out1_clk_wiz_0
  To Clock:  clk_out1_clk_wiz_0

Setup :            0  Failing Endpoints,  Worst Slack        0.019ns,  Total Violation        0.000ns
Hold  :            0  Failing Endpoints,  Worst Slack        0.054ns,  Total Violation        0.000ns
PW    :            0  Failing Endpoints,  Worst Slack        7.750ns,  Total Violation        0.000ns
---------------------------------------------------------------------------------------------------


Max Delay Paths
--------------------------------------------------------------------------------------
Slack (MET) :             0.019ns  (required time - arrival time)
  Source:                 rv64im72f_6sp/ex_mem_register/MEM_alu_result_reg[1]/C
                            (rising edge-triggered cell FDRE clocked by clk_out1_clk_wiz_0  {rise@0.000ns fall@9.000ns period=18.000ns})
  Destination:            rv64im72f_6sp/exception_detector/trap_status_reg[0]/D
                            (rising edge-triggered cell FDCE clocked by clk_out1_clk_wiz_0  {rise@0.000ns fall@9.000ns period=18.000ns})
  Path Group:             clk_out1_clk_wiz_0
  Path Type:              Setup (Max at Slow Process Corner)
  Requirement:            18.000ns  (clk_out1_clk_wiz_0 rise@18.000ns - clk_out1_clk_wiz_0 rise@0.000ns)
  Data Path Delay:        17.981ns  (logic 4.286ns (23.836%)  route 13.695ns (76.164%))
  Logic Levels:           26  (CARRY4=6 LUT3=2 LUT5=4 LUT6=14)
  Clock Path Skew:        0.052ns (DCD - SCD + CPR)
    Destination Clock Delay (DCD):    -1.738ns = ( 16.262 - 18.000 ) 
    Source Clock Delay      (SCD):    -2.209ns
    Clock Pessimism Removal (CPR):    -0.418ns
  Clock Uncertainty:      0.129ns  ((TSJ^2 + DJ^2)^1/2) / 2 + PE
    Total System Jitter     (TSJ):    0.071ns
    Discrete Jitter          (DJ):    0.249ns
    Phase Error              (PE):    0.000ns

    Location             Delay type                Incr(ns)  Path(ns)    Netlist Resource(s)
  -------------------------------------------------------------------    -------------------
                         (clock clk_out1_clk_wiz_0 rise edge)
                                                      0.000     0.000 r  
    R4                                                0.000     0.000 r  clk (IN)
                         net (fo=0)                   0.000     0.000    clk_gen/inst/clk_in1
    R4                   IBUF (Prop_ibuf_I_O)         1.475     1.475 r  clk_gen/inst/clkin1_ibufg/O
                         net (fo=1, routed)           1.253     2.728    clk_gen/inst/clk_in1_clk_wiz_0
    PLLE2_ADV_X1Y2       PLLE2_ADV (Prop_plle2_adv_CLKIN1_CLKOUT0)
                                                     -8.953    -6.225 r  clk_gen/inst/plle2_adv_inst/CLKOUT0
                         net (fo=1, routed)           1.802    -4.422    clk_gen/inst/clk_out1_clk_wiz_0
    BUFGCTRL_X0Y0        BUFG (Prop_bufg_I_O)         0.096    -4.326 r  clk_gen/inst/clkout1_buf/O
                         net (fo=4891, routed)        2.117    -2.209    rv64im72f_6sp/ex_mem_register/clk_out1
    SLICE_X34Y38         FDRE                                         r  rv64im72f_6sp/ex_mem_register/MEM_alu_result_reg[1]/C
  -------------------------------------------------------------------    -------------------
    SLICE_X34Y38         FDRE (Prop_fdre_C_Q)         0.456    -1.753 f  rv64im72f_6sp/ex_mem_register/MEM_alu_result_reg[1]/Q
                         net (fo=46, routed)          0.879    -0.874    rv64im72f_6sp/ex_mem_register/Q[1]
    SLICE_X35Y37         LUT3 (Prop_lut3_I0_O)        0.124    -0.750 r  rv64im72f_6sp/ex_mem_register/pc_stall0_i_91/O
                         net (fo=1, routed)           0.000    -0.750    rv64im72f_6sp/ex_mem_register/pc_stall0_i_91_n_0
    SLICE_X35Y37         CARRY4 (Prop_carry4_S[0]_CO[3])
                                                      0.532    -0.218 r  rv64im72f_6sp/ex_mem_register/pc_stall0_i_83/CO[3]
                         net (fo=1, routed)           0.000    -0.218    rv64im72f_6sp/ex_mem_register/pc_stall0_i_83_n_0
    SLICE_X35Y38         CARRY4 (Prop_carry4_CI_CO[3])
                                                      0.114    -0.104 r  rv64im72f_6sp/ex_mem_register/pc_stall0_i_78/CO[3]
                         net (fo=1, routed)           0.000    -0.104    rv64im72f_6sp/ex_mem_register/pc_stall0_i_78_n_0
    SLICE_X35Y39         CARRY4 (Prop_carry4_CI_CO[3])
                                                      0.114     0.010 r  rv64im72f_6sp/ex_mem_register/pc_stall0_i_72/CO[3]
                         net (fo=1, routed)           0.000     0.010    rv64im72f_6sp/ex_mem_register/pc_stall0_i_72_n_0
    SLICE_X35Y40         CARRY4 (Prop_carry4_CI_CO[3])
                                                      0.114     0.124 r  rv64im72f_6sp/ex_mem_register/pc_stall0_i_45/CO[3]
                         net (fo=1, routed)           0.000     0.124    rv64im72f_6sp/ex_mem_register/pc_stall0_i_45_n_0
    SLICE_X35Y41         CARRY4 (Prop_carry4_CI_CO[3])
                                                      0.114     0.238 r  rv64im72f_6sp/ex_mem_register/pc_stall0_i_31/CO[3]
                         net (fo=1, routed)           0.000     0.238    rv64im72f_6sp/ex_mem_register/pc_stall0_i_31_n_0
    SLICE_X35Y42         CARRY4 (Prop_carry4_CI_CO[1])
                                                      0.157     0.395 r  rv64im72f_6sp/ex_mem_register/pc_stall0_i_15/CO[1]
                         net (fo=105, routed)         0.931     1.326    rv64im72f_6sp/data_memory/CO[0]
    SLICE_X35Y48         LUT5 (Prop_lut5_I4_O)        0.329     1.655 f  rv64im72f_6sp/data_memory/WB_byte_enable_logic_register_file_write_data[31]_i_4/O
                         net (fo=36, routed)          0.913     2.568    rv64im72f_6sp/data_memory/rom_read_data_reg[63][24]
    SLICE_X36Y44         LUT6 (Prop_lut6_I1_O)        0.124     2.692 f  rv64im72f_6sp/data_memory/WB_byte_enable_logic_register_file_write_data[63]_i_4/O
                         net (fo=39, routed)          0.724     3.417    rv64im72f_6sp/ex_mem_register/WB_byte_enable_logic_register_file_write_data_reg[63]_0
    SLICE_X33Y45         LUT6 (Prop_lut6_I4_O)        0.124     3.541 f  rv64im72f_6sp/ex_mem_register/WB_byte_enable_logic_register_file_write_data[14]_i_5/O
                         net (fo=14, routed)          1.099     4.640    rv64im72f_6sp/ex_mem_register/WB_byte_enable_logic_register_file_write_data[14]_i_5_n_0
    SLICE_X27Y41         LUT6 (Prop_lut6_I4_O)        0.124     4.764 f  rv64im72f_6sp/ex_mem_register/dividend_reg[13]_i_3/O
                         net (fo=3, routed)           0.454     5.218    rv64im72f_6sp/ex_ex2_register/MEM_forward_data_value[6]
    SLICE_X27Y44         LUT6 (Prop_lut6_I0_O)        0.124     5.342 f  rv64im72f_6sp/ex_ex2_register/dividend_reg[13]_i_2/O
                         net (fo=1, routed)           0.461     5.803    rv64im72f_6sp/id_ex_register/alu_forward_source_data_a[6]
    SLICE_X26Y46         LUT6 (Prop_lut6_I0_O)        0.124     5.927 f  rv64im72f_6sp/id_ex_register/dividend_reg[13]_i_1/O
                         net (fo=37, routed)          1.281     7.208    rv64im72f_6sp/id_ex_register/src_A[13]
    SLICE_X24Y54         LUT6 (Prop_lut6_I5_O)        0.124     7.332 f  rv64im72f_6sp/id_ex_register/i___48_i_37/O
                         net (fo=5, routed)           0.829     8.161    rv64im72f_6sp/id_ex_register/i___48_i_37_n_0
    SLICE_X21Y54         LUT3 (Prop_lut3_I0_O)        0.124     8.285 f  rv64im72f_6sp/id_ex_register/i___51_i_27/O
                         net (fo=4, routed)           0.875     9.161    rv64im72f_6sp/id_ex_register/i___51_i_27_n_0
    SLICE_X17Y52         LUT5 (Prop_lut5_I0_O)        0.124     9.285 f  rv64im72f_6sp/id_ex_register/i___52_i_22/O
                         net (fo=2, routed)           0.864    10.149    rv64im72f_6sp/id_ex_register/i___52_i_22_n_0
    SLICE_X15Y52         LUT6 (Prop_lut6_I1_O)        0.124    10.273 f  rv64im72f_6sp/id_ex_register/i___52_i_18/O
                         net (fo=1, routed)           0.440    10.712    rv64im72f_6sp/id_ex_register/alu/alu_dword/data8[0]
    SLICE_X13Y50         LUT6 (Prop_lut6_I2_O)        0.124    10.836 f  rv64im72f_6sp/id_ex_register/i___52_i_10/O
                         net (fo=1, routed)           0.466    11.303    rv64im72f_6sp/id_ex_register/i___52_i_10_n_0
    SLICE_X10Y49         LUT6 (Prop_lut6_I0_O)        0.124    11.427 f  rv64im72f_6sp/id_ex_register/i___52_i_3/O
                         net (fo=2, routed)           0.568    11.994    rv64im72f_6sp/id_ex_register/i___62_i_6_0[0]
    SLICE_X9Y47          LUT6 (Prop_lut6_I4_O)        0.124    12.118 f  rv64im72f_6sp/id_ex_register/EX2_alu_result[0]_i_1/O
                         net (fo=6, routed)           0.639    12.757    rv64im72f_6sp/id_ex_register/dividend_reg_reg[63][0]
    SLICE_X10Y45         LUT6 (Prop_lut6_I0_O)        0.124    12.881 f  rv64im72f_6sp/id_ex_register/trap_status[2]_i_15/O
                         net (fo=1, routed)           0.778    13.660    rv64im72f_6sp/id_ex_register/trap_status[2]_i_15_n_0
    SLICE_X10Y45         LUT6 (Prop_lut6_I1_O)        0.124    13.784 f  rv64im72f_6sp/id_ex_register/trap_status[2]_i_7/O
                         net (fo=2, routed)           0.326    14.110    rv64im72f_6sp/id_ex_register/trap_status[2]_i_7_n_0
    SLICE_X9Y44          LUT5 (Prop_lut5_I4_O)        0.124    14.234 r  rv64im72f_6sp/id_ex_register/trapped_i_8/O
                         net (fo=2, routed)           0.166    14.400    rv64im72f_6sp/id_ex_register/trapped_i_8_n_0
    SLICE_X9Y44          LUT5 (Prop_lut5_I4_O)        0.124    14.524 r  rv64im72f_6sp/id_ex_register/trapped_i_4/O
                         net (fo=6, routed)           0.576    15.099    rv64im72f_6sp/id_ex_register/EX_opcode_reg[0]_0
    SLICE_X6Y44          LUT6 (Prop_lut6_I0_O)        0.124    15.223 r  rv64im72f_6sp/id_ex_register/trap_status[0]_i_4/O
                         net (fo=1, routed)           0.425    15.648    rv64im72f_6sp/ex_mem_register/trap_status_reg[0]_0
    SLICE_X6Y44          LUT6 (Prop_lut6_I2_O)        0.124    15.772 r  rv64im72f_6sp/ex_mem_register/trap_status[0]_i_1/O
                         net (fo=1, routed)           0.000    15.772    rv64im72f_6sp/exception_detector/trap_status_reg[2]_3[0]
    SLICE_X6Y44          FDCE                                         r  rv64im72f_6sp/exception_detector/trap_status_reg[0]/D
  -------------------------------------------------------------------    -------------------

                         (clock clk_out1_clk_wiz_0 rise edge)
                                                     18.000    18.000 r  
    R4                                                0.000    18.000 r  clk (IN)
                         net (fo=0)                   0.000    18.000    clk_gen/inst/clk_in1
    R4                   IBUF (Prop_ibuf_I_O)         1.405    19.405 r  clk_gen/inst/clkin1_ibufg/O
                         net (fo=1, routed)           1.181    20.586    clk_gen/inst/clk_in1_clk_wiz_0
    PLLE2_ADV_X1Y2       PLLE2_ADV (Prop_plle2_adv_CLKIN1_CLKOUT0)
                                                     -8.206    12.380 r  clk_gen/inst/plle2_adv_inst/CLKOUT0
                         net (fo=1, routed)           1.718    14.098    clk_gen/inst/clk_out1_clk_wiz_0
    BUFGCTRL_X0Y0        BUFG (Prop_bufg_I_O)         0.091    14.189 r  clk_gen/inst/clkout1_buf/O
                         net (fo=4891, routed)        2.073    16.262    rv64im72f_6sp/exception_detector/clk_out1
    SLICE_X6Y44          FDCE                                         r  rv64im72f_6sp/exception_detector/trap_status_reg[0]/C
                         clock pessimism             -0.418    15.843    
                         clock uncertainty           -0.129    15.714    
    SLICE_X6Y44          FDCE (Setup_fdce_C_D)        0.077    15.791    rv64im72f_6sp/exception_detector/trap_status_reg[0]
  -------------------------------------------------------------------
                         required time                         15.791    
                         arrival time                         -15.772    
  -------------------------------------------------------------------
                         slack                                  0.019    





Min Delay Paths
--------------------------------------------------------------------------------------
Slack (MET) :             0.054ns  (arrival time - required time)
  Source:                 rv64im72f_6sp/instruction_pc_reg[48]/C
                            (rising edge-triggered cell FDCE clocked by clk_out1_clk_wiz_0  {rise@0.000ns fall@9.000ns period=18.000ns})
  Destination:            rv64im72f_6sp/if_io_register/IO_pc_plus_4_reg[48]/D
                            (rising edge-triggered cell FDRE clocked by clk_out1_clk_wiz_0  {rise@0.000ns fall@9.000ns period=18.000ns})
  Path Group:             clk_out1_clk_wiz_0
  Path Type:              Hold (Min at Fast Process Corner)
  Requirement:            0.000ns  (clk_out1_clk_wiz_0 rise@0.000ns - clk_out1_clk_wiz_0 rise@0.000ns)
  Data Path Delay:        0.505ns  (logic 0.249ns (49.280%)  route 0.256ns (50.720%))
  Logic Levels:           1  (CARRY4=1)
  Clock Path Skew:        0.346ns (DCD - SCD - CPR)
    Destination Clock Delay (DCD):    -0.218ns
    Source Clock Delay      (SCD):    -0.527ns
    Clock Pessimism Removal (CPR):    -0.037ns

    Location             Delay type                Incr(ns)  Path(ns)    Netlist Resource(s)
  -------------------------------------------------------------------    -------------------
                         (clock clk_out1_clk_wiz_0 rise edge)
                                                      0.000     0.000 r  
    R4                                                0.000     0.000 r  clk (IN)
                         net (fo=0)                   0.000     0.000    clk_gen/inst/clk_in1
    R4                   IBUF (Prop_ibuf_I_O)         0.243     0.243 r  clk_gen/inst/clkin1_ibufg/O
                         net (fo=1, routed)           0.440     0.683    clk_gen/inst/clk_in1_clk_wiz_0
    PLLE2_ADV_X1Y2       PLLE2_ADV (Prop_plle2_adv_CLKIN1_CLKOUT0)
                                                     -2.503    -1.819 r  clk_gen/inst/plle2_adv_inst/CLKOUT0
                         net (fo=1, routed)           0.546    -1.273    clk_gen/inst/clk_out1_clk_wiz_0
    BUFGCTRL_X0Y0        BUFG (Prop_bufg_I_O)         0.026    -1.247 r  clk_gen/inst/clkout1_buf/O
                         net (fo=4891, routed)        0.720    -0.527    rv64im72f_6sp/clk_out1
    SLICE_X7Y53          FDCE                                         r  rv64im72f_6sp/instruction_pc_reg[48]/C
  -------------------------------------------------------------------    -------------------
    SLICE_X7Y53          FDCE (Prop_fdce_C_Q)         0.141    -0.386 r  rv64im72f_6sp/instruction_pc_reg[48]/Q
                         net (fo=2, routed)           0.256    -0.130    rv64im72f_6sp/if_io_register/IO_pc_reg[63]_0[48]
    SLICE_X5Y47          CARRY4 (Prop_carry4_S[3]_O[3])
                                                      0.108    -0.022 r  rv64im72f_6sp/if_io_register/IO_pc_plus_4_reg[48]_i_1/O[3]
                         net (fo=1, routed)           0.000    -0.022    rv64im72f_6sp/if_io_register/instruction_pc_plus_4[48]
    SLICE_X5Y47          FDRE                                         r  rv64im72f_6sp/if_io_register/IO_pc_plus_4_reg[48]/D
  -------------------------------------------------------------------    -------------------

                         (clock clk_out1_clk_wiz_0 rise edge)
                                                      0.000     0.000 r  
    R4                                                0.000     0.000 r  clk (IN)
                         net (fo=0)                   0.000     0.000    clk_gen/inst/clk_in1
    R4                   IBUF (Prop_ibuf_I_O)         0.431     0.431 r  clk_gen/inst/clkin1_ibufg/O
                         net (fo=1, routed)           0.481     0.912    clk_gen/inst/clk_in1_clk_wiz_0
    PLLE2_ADV_X1Y2       PLLE2_ADV (Prop_plle2_adv_CLKIN1_CLKOUT0)
                                                     -2.828    -1.916 r  clk_gen/inst/plle2_adv_inst/CLKOUT0
                         net (fo=1, routed)           0.595    -1.322    clk_gen/inst/clk_out1_clk_wiz_0
    BUFGCTRL_X0Y0        BUFG (Prop_bufg_I_O)         0.029    -1.293 r  clk_gen/inst/clkout1_buf/O
                         net (fo=4891, routed)        1.075    -0.218    rv64im72f_6sp/if_io_register/clk_out1
    SLICE_X5Y47          FDRE                                         r  rv64im72f_6sp/if_io_register/IO_pc_plus_4_reg[48]/C
                         clock pessimism              0.037    -0.181    
    SLICE_X5Y47          FDRE (Hold_fdre_C_D)         0.105    -0.076    rv64im72f_6sp/if_io_register/IO_pc_plus_4_reg[48]
  -------------------------------------------------------------------
                         required time                          0.076    
                         arrival time                          -0.022    
  -------------------------------------------------------------------
                         slack                                  0.054    





Pulse Width Checks
--------------------------------------------------------------------------------------
Clock Name:         clk_out1_clk_wiz_0
Waveform(ns):       { 0.000 9.000 }
Period(ns):         18.000
Sources:            { clk_gen/inst/plle2_adv_inst/CLKOUT0 }

Check Type        Corner  Lib Pin             Reference Pin  Required(ns)  Actual(ns)  Slack(ns)  Location        Pin
Min Period        n/a     RAMB36E1/CLKARDCLK  n/a            2.944         18.000      15.056     RAMB36_X1Y3     rv64im72f_6sp/data_memory/memory_bank0_reg_0/CLKARDCLK
Max Period        n/a     PLLE2_ADV/CLKOUT0   n/a            160.000       18.000      142.000    PLLE2_ADV_X1Y2  clk_gen/inst/plle2_adv_inst/CLKOUT0
Low Pulse Width   Slow    RAMD32/CLK          n/a            1.250         9.000       7.750      SLICE_X18Y39    rv64im72f_6sp/register_file/registers_reg_r1_0_31_0_5/RAMA/CLK
High Pulse Width  Slow    RAMD32/CLK          n/a            1.250         9.000       7.750      SLICE_X18Y39    rv64im72f_6sp/register_file/registers_reg_r1_0_31_0_5/RAMA/CLK



---------------------------------------------------------------------------------------------------
From Clock:  clkfbout_clk_wiz_0
  To Clock:  clkfbout_clk_wiz_0

Setup :           NA  Failing Endpoints,  Worst Slack           NA  ,  Total Violation           NA
Hold  :           NA  Failing Endpoints,  Worst Slack           NA  ,  Total Violation           NA
PW    :            0  Failing Endpoints,  Worst Slack       22.633ns,  Total Violation        0.000ns
---------------------------------------------------------------------------------------------------


Pulse Width Checks
--------------------------------------------------------------------------------------
Clock Name:         clkfbout_clk_wiz_0
Waveform(ns):       { 0.000 15.000 }
Period(ns):         30.000
Sources:            { clk_gen/inst/plle2_adv_inst/CLKFBOUT }

Check Type  Corner  Lib Pin            Reference Pin  Required(ns)  Actual(ns)  Slack(ns)  Location        Pin
Min Period  n/a     BUFG/I             n/a            2.155         30.000      27.845     BUFGCTRL_X0Y1   clk_gen/inst/clkf_buf/I
Max Period  n/a     PLLE2_ADV/CLKFBIN  n/a            52.633        30.000      22.633     PLLE2_ADV_X1Y2  clk_gen/inst/plle2_adv_inst/CLKFBIN



---------------------------------------------------------------------------------------------------
Path Group:  **async_default**
From Clock:  clk_out1_clk_wiz_0
  To Clock:  clk_out1_clk_wiz_0

Setup :            0  Failing Endpoints,  Worst Slack        3.678ns,  Total Violation        0.000ns
Hold  :            0  Failing Endpoints,  Worst Slack        0.476ns,  Total Violation        0.000ns
---------------------------------------------------------------------------------------------------


Max Delay Paths
--------------------------------------------------------------------------------------
Slack (MET) :             3.678ns  (required time - arrival time)
  Source:                 reset_sync_reg[2]/C
                            (rising edge-triggered cell FDPE clocked by clk_out1_clk_wiz_0  {rise@0.000ns fall@9.000ns period=18.000ns})
  Destination:            rv64im72f_6sp/alu/multiplier_dword/prod_high_reg[60]/CLR
                            (recovery check against rising-edge clock clk_out1_clk_wiz_0  {rise@0.000ns fall@9.000ns period=18.000ns})
  Path Group:             **async_default**
  Path Type:              Recovery (Max at Slow Process Corner)
  Requirement:            18.000ns  (clk_out1_clk_wiz_0 rise@18.000ns - clk_out1_clk_wiz_0 rise@0.000ns)
  Data Path Delay:        13.319ns  (logic 0.456ns (3.424%)  route 12.863ns (96.576%))
  Logic Levels:           0  
  Clock Path Skew:        -0.469ns (DCD - SCD + CPR)
    Destination Clock Delay (DCD):    -2.157ns = ( 15.843 - 18.000 ) 
    Source Clock Delay      (SCD):    -2.196ns
    Clock Pessimism Removal (CPR):    -0.507ns
  Clock Uncertainty:      0.129ns  ((TSJ^2 + DJ^2)^1/2) / 2 + PE
    Total System Jitter     (TSJ):    0.071ns
    Discrete Jitter          (DJ):    0.249ns
    Phase Error              (PE):    0.000ns

    Location             Delay type                Incr(ns)  Path(ns)    Netlist Resource(s)
  -------------------------------------------------------------------    -------------------
                         (clock clk_out1_clk_wiz_0 rise edge)
                                                      0.000     0.000 r  
    R4                                                0.000     0.000 r  clk (IN)
                         net (fo=0)                   0.000     0.000    clk_gen/inst/clk_in1
    R4                   IBUF (Prop_ibuf_I_O)         1.475     1.475 r  clk_gen/inst/clkin1_ibufg/O
                         net (fo=1, routed)           1.253     2.728    clk_gen/inst/clk_in1_clk_wiz_0
    PLLE2_ADV_X1Y2       PLLE2_ADV (Prop_plle2_adv_CLKIN1_CLKOUT0)
                                                     -8.953    -6.225 r  clk_gen/inst/plle2_adv_inst/CLKOUT0
                         net (fo=1, routed)           1.802    -4.422    clk_gen/inst/clk_out1_clk_wiz_0
    BUFGCTRL_X0Y0        BUFG (Prop_bufg_I_O)         0.096    -4.326 r  clk_gen/inst/clkout1_buf/O
                         net (fo=4891, routed)        2.130    -2.196    clk_cpu
    SLICE_X19Y48         FDPE                                         r  reset_sync_reg[2]/C
  -------------------------------------------------------------------    -------------------
    SLICE_X19Y48         FDPE (Prop_fdpe_C_Q)         0.456    -1.740 f  reset_sync_reg[2]/Q
                         net (fo=2125, routed)       12.863    11.123    rv64im72f_6sp/alu/multiplier_dword/Q[0]
    SLICE_X17Y100        FDCE                                         f  rv64im72f_6sp/alu/multiplier_dword/prod_high_reg[60]/CLR
  -------------------------------------------------------------------    -------------------

                         (clock clk_out1_clk_wiz_0 rise edge)
                                                     18.000    18.000 r  
    R4                                                0.000    18.000 r  clk (IN)
                         net (fo=0)                   0.000    18.000    clk_gen/inst/clk_in1
    R4                   IBUF (Prop_ibuf_I_O)         1.405    19.405 r  clk_gen/inst/clkin1_ibufg/O
                         net (fo=1, routed)           1.181    20.586    clk_gen/inst/clk_in1_clk_wiz_0
    PLLE2_ADV_X1Y2       PLLE2_ADV (Prop_plle2_adv_CLKIN1_CLKOUT0)
                                                     -8.206    12.380 r  clk_gen/inst/plle2_adv_inst/CLKOUT0
                         net (fo=1, routed)           1.718    14.098    clk_gen/inst/clk_out1_clk_wiz_0
    BUFGCTRL_X0Y0        BUFG (Prop_bufg_I_O)         0.091    14.189 r  clk_gen/inst/clkout1_buf/O
                         net (fo=4891, routed)        1.653    15.843    rv64im72f_6sp/alu/multiplier_dword/clk_out1
    SLICE_X17Y100        FDCE                                         r  rv64im72f_6sp/alu/multiplier_dword/prod_high_reg[60]/C
                         clock pessimism             -0.507    15.335    
                         clock uncertainty           -0.129    15.206    
    SLICE_X17Y100        FDCE (Recov_fdce_C_CLR)     -0.405    14.801    rv64im72f_6sp/alu/multiplier_dword/prod_high_reg[60]
  -------------------------------------------------------------------
                         required time                         14.801    
                         arrival time                         -11.123    
  -------------------------------------------------------------------
                         slack                                  3.678    





Min Delay Paths
--------------------------------------------------------------------------------------
Slack (MET) :             0.476ns  (arrival time - required time)
  Source:                 reset_sync_reg[2]/C
                            (rising edge-triggered cell FDPE clocked by clk_out1_clk_wiz_0  {rise@0.000ns fall@9.000ns period=18.000ns})
  Destination:            rv64im72f_6sp/retire_csr_read_data_reg[39]/CLR
                            (removal check against rising-edge clock clk_out1_clk_wiz_0  {rise@0.000ns fall@9.000ns period=18.000ns})
  Path Group:             **async_default**
  Path Type:              Removal (Min at Fast Process Corner)
  Requirement:            0.000ns  (clk_out1_clk_wiz_0 rise@0.000ns - clk_out1_clk_wiz_0 rise@0.000ns)
  Data Path Delay:        0.399ns  (logic 0.141ns (35.336%)  route 0.258ns (64.664%))
  Logic Levels:           0  
  Clock Path Skew:        0.015ns (DCD - SCD - CPR)
    Destination Clock Delay (DCD):    -0.249ns
    Source Clock Delay      (SCD):    -0.483ns
    Clock Pessimism Removal (CPR):    0.219ns

    Location             Delay type                Incr(ns)  Path(ns)    Netlist Resource(s)
  -------------------------------------------------------------------    -------------------
                         (clock clk_out1_clk_wiz_0 rise edge)
                                                      0.000     0.000 r  
    R4                                                0.000     0.000 r  clk (IN)
                         net (fo=0)                   0.000     0.000    clk_gen/inst/clk_in1
    R4                   IBUF (Prop_ibuf_I_O)         0.243     0.243 r  clk_gen/inst/clkin1_ibufg/O
                         net (fo=1, routed)           0.440     0.683    clk_gen/inst/clk_in1_clk_wiz_0
    PLLE2_ADV_X1Y2       PLLE2_ADV (Prop_plle2_adv_CLKIN1_CLKOUT0)
                                                     -2.503    -1.819 r  clk_gen/inst/plle2_adv_inst/CLKOUT0
                         net (fo=1, routed)           0.546    -1.273    clk_gen/inst/clk_out1_clk_wiz_0
    BUFGCTRL_X0Y0        BUFG (Prop_bufg_I_O)         0.026    -1.247 r  clk_gen/inst/clkout1_buf/O
                         net (fo=4891, routed)        0.765    -0.483    clk_cpu
    SLICE_X19Y48         FDPE                                         r  reset_sync_reg[2]/C
  -------------------------------------------------------------------    -------------------
    SLICE_X19Y48         FDPE (Prop_fdpe_C_Q)         0.141    -0.342 f  reset_sync_reg[2]/Q
                         net (fo=2125, routed)        0.258    -0.084    rv64im72f_6sp/Q[0]
    SLICE_X19Y46         FDCE                                         f  rv64im72f_6sp/retire_csr_read_data_reg[39]/CLR
  -------------------------------------------------------------------    -------------------

                         (clock clk_out1_clk_wiz_0 rise edge)
                                                      0.000     0.000 r  
    R4                                                0.000     0.000 r  clk (IN)
                         net (fo=0)                   0.000     0.000    clk_gen/inst/clk_in1
    R4                   IBUF (Prop_ibuf_I_O)         0.431     0.431 r  clk_gen/inst/clkin1_ibufg/O
                         net (fo=1, routed)           0.481     0.912    clk_gen/inst/clk_in1_clk_wiz_0
    PLLE2_ADV_X1Y2       PLLE2_ADV (Prop_plle2_adv_CLKIN1_CLKOUT0)
                                                     -2.828    -1.916 r  clk_gen/inst/plle2_adv_inst/CLKOUT0
                         net (fo=1, routed)           0.595    -1.322    clk_gen/inst/clk_out1_clk_wiz_0
    BUFGCTRL_X0Y0        BUFG (Prop_bufg_I_O)         0.029    -1.293 r  clk_gen/inst/clkout1_buf/O
                         net (fo=4891, routed)        1.044    -0.249    rv64im72f_6sp/clk_out1
    SLICE_X19Y46         FDCE                                         r  rv64im72f_6sp/retire_csr_read_data_reg[39]/C
                         clock pessimism             -0.219    -0.468    
    SLICE_X19Y46         FDCE (Remov_fdce_C_CLR)     -0.092    -0.560    rv64im72f_6sp/retire_csr_read_data_reg[39]
  -------------------------------------------------------------------
                         required time                          0.560    
                         arrival time                          -0.084    
  -------------------------------------------------------------------
                         slack                                  0.476    





