Copyright 1986-2022 Xilinx, Inc. All Rights Reserved. Copyright 2022-2025 Advanced Micro Devices, Inc. All Rights Reserved.
-----------------------------------------------------------------------------------------------------------------------------------------------
| Tool Version : Vivado v.2025.2 (lin64) Build 6299465 Fri Nov 14 12:34:56 MST 2025
| Date         : Tue Sep  1 09:35:04 2026
| Host         : khwl-ThinkPad-X1-Carbon-Gen-13 running 64-bit Ubuntu 24.04.4 LTS
| Command      : report_timing_summary -file /home/khwl/Desktop/RV-IM100/riscof-env/logs/impl_reports/RV32IM_7SP_BRAM/timing.rpt
| Design       : RV64IM72F5SPSoCTOP
| Device       : 7a200t-sbg484
| Speed File   : -1  PRODUCTION 1.23 2018-06-13
| Design State : Physopt postRoute
-----------------------------------------------------------------------------------------------------------------------------------------------

Timing Summary Report

------------------------------------------------------------------------------------------------
| Timer Settings
| --------------
------------------------------------------------------------------------------------------------

  Enable Multi Corner Analysis               :  Yes
  Enable Pessimism Removal                   :  Yes
  Pessimism Removal Resolution               :  Nearest Common Node
  Enable Input Delay Default Clock           :  No
  Enable Preset / Clear Arcs                 :  No
  Disable Flight Delays                      :  No
  Ignore I/O Paths                           :  No
  Timing Early Launch at Borrowing Latches   :  No
  Borrow Time for Max Delay Exceptions       :  Yes
  Merge Timing Exceptions                    :  Yes
  Inter-SLR Compensation                     :  Conservative

  Corner  Analyze    Analyze    
  Name    Max Paths  Min Paths  
  ------  ---------  ---------  
  Slow    Yes        Yes        
  Fast    Yes        Yes        


------------------------------------------------------------------------------------------------
| Report Methodology
| ------------------
------------------------------------------------------------------------------------------------

Rule      Severity  Description                                 Violations  
--------  --------  ------------------------------------------  ----------  
DPIR-1    Warning   Asynchronous driver check                   111         
SYNTH-6   Warning   Timing of a RAM block might be sub-optimal  16          
SYNTH-10  Warning   Wide multiplier                             4           

Note: This report is based on the most recent report_methodology run and may not be up-to-date. Run report_methodology on the current design for the latest report.



check_timing report

Table of Contents
-----------------
1. checking no_clock (0)
2. checking constant_clock (0)
3. checking pulse_width_clock (0)
4. checking unconstrained_internal_endpoints (0)
5. checking no_input_delay (2)
6. checking no_output_delay (9)
7. checking multiple_clock (0)
8. checking generated_clocks (0)
9. checking loops (0)
10. checking partial_input_delay (0)
11. checking partial_output_delay (0)
12. checking latch_loops (0)

1. checking no_clock (0)
------------------------
 There are 0 register/latch pins with no clock.


2. checking constant_clock (0)
------------------------------
 There are 0 register/latch pins with constant_clock.


3. checking pulse_width_clock (0)
---------------------------------
 There are 0 register/latch pins which need pulse_width check


4. checking unconstrained_internal_endpoints (0)
------------------------------------------------
 There are 0 pins that are not constrained for maximum delay.

 There are 0 pins that are not constrained for maximum delay due to constant clock.


5. checking no_input_delay (2)
------------------------------
 There are 0 input ports with no input delay specified.

 There are 2 input ports with no input delay but user has a false path constraint. (MEDIUM)


6. checking no_output_delay (9)
-------------------------------
 There are 0 ports with no output delay specified.

 There are 9 ports with no output delay but user has a false path constraint (MEDIUM)

 There are 0 ports with no output delay but with a timing clock defined on it or propagating through it


7. checking multiple_clock (0)
------------------------------
 There are 0 register/latch pins with multiple clocks.


8. checking generated_clocks (0)
--------------------------------
 There are 0 generated clocks that are not connected to a clock source.


9. checking loops (0)
---------------------
 There are 0 combinational loops in the design.


10. checking partial_input_delay (0)
------------------------------------
 There are 0 input ports with partial input delay specified.


11. checking partial_output_delay (0)
-------------------------------------
 There are 0 ports with partial output delay specified.


12. checking latch_loops (0)
----------------------------
 There are 0 combinational latch loops in the design through latch input



------------------------------------------------------------------------------------------------
| Design Timing Summary
| ---------------------
------------------------------------------------------------------------------------------------

    WNS(ns)      TNS(ns)  TNS Failing Endpoints  TNS Total Endpoints      WHS(ns)      THS(ns)  THS Failing Endpoints  THS Total Endpoints     WPWS(ns)     TPWS(ns)  TPWS Failing Endpoints  TPWS Total Endpoints  
    -------      -------  ---------------------  -------------------      -------      -------  ---------------------  -------------------     --------     --------  ----------------------  --------------------  
      0.006        0.000                      0                 7740        0.095        0.000                      0                 7740        2.633        0.000                       0                  2318  


All user specified timing constraints are met.


------------------------------------------------------------------------------------------------
| Clock Summary
| -------------
------------------------------------------------------------------------------------------------

Clock                 Waveform(ns)       Period(ns)      Frequency(MHz)
-----                 ------------       ----------      --------------
clk                   {0.000 5.000}      10.000          100.000         
  clk_out1_clk_wiz_0  {0.000 6.944}      13.889          72.000          
  clkfbout_clk_wiz_0  {0.000 25.000}     50.000          20.000          


------------------------------------------------------------------------------------------------
| Intra Clock Table
| -----------------
------------------------------------------------------------------------------------------------

Clock                     WNS(ns)      TNS(ns)  TNS Failing Endpoints  TNS Total Endpoints      WHS(ns)      THS(ns)  THS Failing Endpoints  THS Total Endpoints     WPWS(ns)     TPWS(ns)  TPWS Failing Endpoints  TPWS Total Endpoints  
-----                     -------      -------  ---------------------  -------------------      -------      -------  ---------------------  -------------------     --------     --------  ----------------------  --------------------  
clk                                                                                                                                                                     3.000        0.000                       0                     1  
  clk_out1_clk_wiz_0        0.006        0.000                      0                 6754        0.095        0.000                      0                 6754        5.694        0.000                       0                  2314  
  clkfbout_clk_wiz_0                                                                                                                                                    2.633        0.000                       0                     3  


------------------------------------------------------------------------------------------------
| Inter Clock Table
| -----------------
------------------------------------------------------------------------------------------------

From Clock    To Clock          WNS(ns)      TNS(ns)  TNS Failing Endpoints  TNS Total Endpoints      WHS(ns)      THS(ns)  THS Failing Endpoints  THS Total Endpoints  
----------    --------          -------      -------  ---------------------  -------------------      -------      -------  ---------------------  -------------------  


------------------------------------------------------------------------------------------------
| Other Path Groups Table
| -----------------------
------------------------------------------------------------------------------------------------

Path Group          From Clock          To Clock                WNS(ns)      TNS(ns)  TNS Failing Endpoints  TNS Total Endpoints      WHS(ns)      THS(ns)  THS Failing Endpoints  THS Total Endpoints  
----------          ----------          --------                -------      -------  ---------------------  -------------------      -------      -------  ---------------------  -------------------  
**async_default**   clk_out1_clk_wiz_0  clk_out1_clk_wiz_0        4.361        0.000                      0                  986        0.305        0.000                      0                  986  


------------------------------------------------------------------------------------------------
| Timing Details
| --------------
------------------------------------------------------------------------------------------------


---------------------------------------------------------------------------------------------------
From Clock:  clk
  To Clock:  clk

Setup :           NA  Failing Endpoints,  Worst Slack           NA  ,  Total Violation           NA
Hold  :           NA  Failing Endpoints,  Worst Slack           NA  ,  Total Violation           NA
PW    :            0  Failing Endpoints,  Worst Slack        3.000ns,  Total Violation        0.000ns
---------------------------------------------------------------------------------------------------


Pulse Width Checks
--------------------------------------------------------------------------------------
Clock Name:         clk
Waveform(ns):       { 0.000 5.000 }
Period(ns):         10.000
Sources:            { clk }

Check Type        Corner  Lib Pin           Reference Pin  Required(ns)  Actual(ns)  Slack(ns)  Location        Pin
Min Period        n/a     PLLE2_ADV/CLKIN1  n/a            1.249         10.000      8.751      PLLE2_ADV_X1Y2  clk_gen/inst/plle2_adv_inst/CLKIN1
Max Period        n/a     PLLE2_ADV/CLKIN1  n/a            52.633        10.000      42.633     PLLE2_ADV_X1Y2  clk_gen/inst/plle2_adv_inst/CLKIN1
Low Pulse Width   Slow    PLLE2_ADV/CLKIN1  n/a            2.000         5.000       3.000      PLLE2_ADV_X1Y2  clk_gen/inst/plle2_adv_inst/CLKIN1
High Pulse Width  Slow    PLLE2_ADV/CLKIN1  n/a            2.000         5.000       3.000      PLLE2_ADV_X1Y2  clk_gen/inst/plle2_adv_inst/CLKIN1



---------------------------------------------------------------------------------------------------
From Clock:  clk_out1_clk_wiz_0
  To Clock:  clk_out1_clk_wiz_0

Setup :            0  Failing Endpoints,  Worst Slack        0.006ns,  Total Violation        0.000ns
Hold  :            0  Failing Endpoints,  Worst Slack        0.095ns,  Total Violation        0.000ns
PW    :            0  Failing Endpoints,  Worst Slack        5.694ns,  Total Violation        0.000ns
---------------------------------------------------------------------------------------------------


Max Delay Paths
--------------------------------------------------------------------------------------
Slack (MET) :             0.006ns  (required time - arrival time)
  Source:                 rv32im72f_7sp/instruction_memory/instruction_reg_5/CLKBWRCLK
                            (rising edge-triggered cell RAMB36E1 clocked by clk_out1_clk_wiz_0  {rise@0.000ns fall@6.944ns period=13.889ns})
  Destination:            rv32im72f_7sp/ex_ex2_register/EX2_alu_zero_reg/D
                            (rising edge-triggered cell FDRE clocked by clk_out1_clk_wiz_0  {rise@0.000ns fall@6.944ns period=13.889ns})
  Path Group:             clk_out1_clk_wiz_0
  Path Type:              Setup (Max at Slow Process Corner)
  Requirement:            13.889ns  (clk_out1_clk_wiz_0 rise@13.889ns - clk_out1_clk_wiz_0 rise@0.000ns)
  Data Path Delay:        13.722ns  (logic 5.336ns (38.887%)  route 8.386ns (61.113%))
  Logic Levels:           17  (CARRY4=2 LUT2=1 LUT3=1 LUT4=1 LUT5=1 LUT6=10 MUXF7=1)
  Clock Path Skew:        -0.102ns (DCD - SCD + CPR)
    Destination Clock Delay (DCD):    -1.838ns = ( 12.051 - 13.889 ) 
    Source Clock Delay      (SCD):    -2.154ns
    Clock Pessimism Removal (CPR):    -0.418ns
  Clock Uncertainty:      0.122ns  ((TSJ^2 + DJ^2)^1/2) / 2 + PE
    Total System Jitter     (TSJ):    0.071ns
    Discrete Jitter          (DJ):    0.234ns
    Phase Error              (PE):    0.000ns

    Location             Delay type                Incr(ns)  Path(ns)    Netlist Resource(s)
  -------------------------------------------------------------------    -------------------
                         (clock clk_out1_clk_wiz_0 rise edge)
                                                      0.000     0.000 r  
    R4                                                0.000     0.000 r  clk (IN)
                         net (fo=0)                   0.000     0.000    clk_gen/inst/clk_in1
    R4                   IBUF (Prop_ibuf_I_O)         1.475     1.475 r  clk_gen/inst/clkin1_ibufg/O
                         net (fo=1, routed)           1.253     2.728    clk_gen/inst/clk_in1_clk_wiz_0
    PLLE2_ADV_X1Y2       PLLE2_ADV (Prop_plle2_adv_CLKIN1_CLKOUT0)
                                                     -8.953    -6.225 r  clk_gen/inst/plle2_adv_inst/CLKOUT0
                         net (fo=1, routed)           1.802    -4.422    clk_gen/inst/clk_out1_clk_wiz_0
    BUFGCTRL_X0Y0        BUFG (Prop_bufg_I_O)         0.096    -4.326 r  clk_gen/inst/clkout1_buf/O
                         net (fo=2312, routed)        2.172    -2.154    rv32im72f_7sp/instruction_memory/clk_out1
    RAMB36_X0Y1          RAMB36E1                                     r  rv32im72f_7sp/instruction_memory/instruction_reg_5/CLKBWRCLK
  -------------------------------------------------------------------    -------------------
    RAMB36_X0Y1          RAMB36E1 (Prop_ramb36e1_CLKBWRCLK_DOBDO[3])
                                                      2.454     0.300 f  rv32im72f_7sp/instruction_memory/instruction_reg_5/DOBDO[3]
                         net (fo=2, routed)           0.718     1.018    rv32im72f_7sp/data_memory/D[23]
    SLICE_X9Y12          LUT6 (Prop_lut6_I4_O)        0.124     1.142 f  rv32im72f_7sp/data_memory/WB_byte_enable_logic_register_file_write_data[31]_i_10/O
                         net (fo=3, routed)           0.808     1.950    rv32im72f_7sp/data_memory/memory_bank3_reg_1_0[16]
    SLICE_X13Y16         LUT4 (Prop_lut4_I0_O)        0.124     2.074 f  rv32im72f_7sp/data_memory/WB_byte_enable_logic_register_file_write_data[14]_i_2/O
                         net (fo=10, routed)          0.559     2.633    rv32im72f_7sp/ex_mem_register/WB_byte_enable_logic_register_file_write_data_reg[8]
    SLICE_X14Y15         LUT6 (Prop_lut6_I1_O)        0.124     2.757 f  rv32im72f_7sp/ex_mem_register/WB_byte_enable_logic_register_file_write_data[30]_i_3/O
                         net (fo=28, routed)          1.041     3.797    rv32im72f_7sp/ex_mem_register/WB_byte_enable_logic_register_file_write_data[30]_i_3_n_0
    SLICE_X21Y21         LUT6 (Prop_lut6_I1_O)        0.124     3.921 f  rv32im72f_7sp/ex_mem_register/dividend_reg[24]_i_4/O
                         net (fo=3, routed)           0.472     4.394    rv32im72f_7sp/id_ex_register/EX2_read_data2_reg[24]_0
    SLICE_X22Y22         LUT6 (Prop_lut6_I5_O)        0.124     4.518 f  rv32im72f_7sp/id_ex_register/divisor_reg[24]_i_5/O
                         net (fo=1, routed)           0.466     4.983    rv32im72f_7sp/id_ex_register/divisor_reg[24]_i_5_n_0
    SLICE_X22Y22         LUT3 (Prop_lut3_I2_O)        0.124     5.107 f  rv32im72f_7sp/id_ex_register/divisor_reg[24]_i_3/O
                         net (fo=1, routed)           0.541     5.648    rv32im72f_7sp/id_ex_register/alu_forward_source_data_b[24]
    SLICE_X22Y22         LUT6 (Prop_lut6_I0_O)        0.124     5.772 r  rv32im72f_7sp/id_ex_register/divisor_reg[24]_i_2/O
                         net (fo=14, routed)          0.592     6.364    rv32im72f_7sp/id_ex_register/divisor_reg[27]_i_2_0[0]
    SLICE_X23Y21         LUT2 (Prop_lut2_I1_O)        0.124     6.488 r  rv32im72f_7sp/id_ex_register/EX2_alu_result[27]_i_21/O
                         net (fo=1, routed)           0.000     6.488    rv32im72f_7sp/id_ex_register/EX2_alu_result[27]_i_21_n_0
    SLICE_X23Y21         CARRY4 (Prop_carry4_S[0]_CO[3])
                                                      0.532     7.020 r  rv32im72f_7sp/id_ex_register/EX2_alu_result_reg[27]_i_17/CO[3]
                         net (fo=1, routed)           0.000     7.020    rv32im72f_7sp/id_ex_register/EX2_alu_result_reg[27]_i_17_n_0
    SLICE_X23Y22         CARRY4 (Prop_carry4_CI_O[0])
                                                      0.222     7.242 f  rv32im72f_7sp/id_ex_register/EX2_alu_result_reg[31]_i_15/O[0]
                         net (fo=1, routed)           0.296     7.538    rv32im72f_7sp/id_ex_register/alu/alu_word/data0[28]
    SLICE_X23Y23         LUT6 (Prop_lut6_I5_O)        0.299     7.837 f  rv32im72f_7sp/id_ex_register/EX2_alu_result[28]_i_12/O
                         net (fo=1, routed)           0.523     8.360    rv32im72f_7sp/id_ex_register/EX2_alu_result[28]_i_12_n_0
    SLICE_X25Y24         LUT6 (Prop_lut6_I0_O)        0.124     8.484 f  rv32im72f_7sp/id_ex_register/EX2_alu_result[28]_i_6/O
                         net (fo=2, routed)           0.819     9.303    rv32im72f_7sp/id_ex_register/EX2_alu_result[28]_i_6_n_0
    SLICE_X26Y23         LUT6 (Prop_lut6_I0_O)        0.124     9.427 f  rv32im72f_7sp/id_ex_register/EX2_alu_zero_i_43/O
                         net (fo=1, routed)           0.806    10.233    rv32im72f_7sp/id_ex_register/EX2_alu_zero_i_43_n_0
    SLICE_X27Y22         LUT6 (Prop_lut6_I0_O)        0.124    10.357 r  rv32im72f_7sp/id_ex_register/EX2_alu_zero_i_19/O
                         net (fo=1, routed)           0.441    10.798    rv32im72f_7sp/id_ex_register/EX2_alu_zero_i_19_n_0
    SLICE_X29Y20         LUT6 (Prop_lut6_I2_O)        0.124    10.922 r  rv32im72f_7sp/id_ex_register/EX2_alu_zero_i_10/O
                         net (fo=2, routed)           0.304    11.227    rv32im72f_7sp/id_ex_register/alu/alu_word_zero
    SLICE_X29Y21         LUT5 (Prop_lut5_I4_O)        0.124    11.351 r  rv32im72f_7sp/id_ex_register/EX2_alu_zero_i_4/O
                         net (fo=1, routed)           0.000    11.351    rv32im72f_7sp/id_ex_register/EX2_alu_zero_i_4_n_0
    SLICE_X29Y21         MUXF7 (Prop_muxf7_I1_O)      0.217    11.568 r  rv32im72f_7sp/id_ex_register/EX2_alu_zero_reg_i_1/O
                         net (fo=1, routed)           0.000    11.568    rv32im72f_7sp/ex_ex2_register/alu_zero
    SLICE_X29Y21         FDRE                                         r  rv32im72f_7sp/ex_ex2_register/EX2_alu_zero_reg/D
  -------------------------------------------------------------------    -------------------

                         (clock clk_out1_clk_wiz_0 rise edge)
                                                     13.889    13.889 r  
    R4                                                0.000    13.889 r  clk (IN)
                         net (fo=0)                   0.000    13.889    clk_gen/inst/clk_in1
    R4                   IBUF (Prop_ibuf_I_O)         1.405    15.293 r  clk_gen/inst/clkin1_ibufg/O
                         net (fo=1, routed)           1.181    16.474    clk_gen/inst/clk_in1_clk_wiz_0
    PLLE2_ADV_X1Y2       PLLE2_ADV (Prop_plle2_adv_CLKIN1_CLKOUT0)
                                                     -8.206     8.269 r  clk_gen/inst/plle2_adv_inst/CLKOUT0
                         net (fo=1, routed)           1.718     9.987    clk_gen/inst/clk_out1_clk_wiz_0
    BUFGCTRL_X0Y0        BUFG (Prop_bufg_I_O)         0.091    10.078 r  clk_gen/inst/clkout1_buf/O
                         net (fo=2312, routed)        1.973    12.051    rv32im72f_7sp/ex_ex2_register/clk_out1
    SLICE_X29Y21         FDRE                                         r  rv32im72f_7sp/ex_ex2_register/EX2_alu_zero_reg/C
                         clock pessimism             -0.418    11.632    
                         clock uncertainty           -0.122    11.510    
    SLICE_X29Y21         FDRE (Setup_fdre_C_D)        0.064    11.574    rv32im72f_7sp/ex_ex2_register/EX2_alu_zero_reg
  -------------------------------------------------------------------
                         required time                         11.574    
                         arrival time                         -11.568    
  -------------------------------------------------------------------
                         slack                                  0.006    





Min Delay Paths
--------------------------------------------------------------------------------------
Slack (MET) :             0.095ns  (arrival time - required time)
  Source:                 rv32im72f_7sp/mem_wb_register/WB_rd_reg[2]/C
                            (rising edge-triggered cell FDRE clocked by clk_out1_clk_wiz_0  {rise@0.000ns fall@6.944ns period=13.889ns})
  Destination:            rv32im72f_7sp/register_file/registers_reg_r1_0_31_6_11/RAMA/WADR2
                            (rising edge-triggered cell RAMD32 clocked by clk_out1_clk_wiz_0  {rise@0.000ns fall@6.944ns period=13.889ns})
  Path Group:             clk_out1_clk_wiz_0
  Path Type:              Hold (Min at Fast Process Corner)
  Requirement:            0.000ns  (clk_out1_clk_wiz_0 rise@0.000ns - clk_out1_clk_wiz_0 rise@0.000ns)
  Data Path Delay:        0.363ns  (logic 0.141ns (38.874%)  route 0.222ns (61.126%))
  Logic Levels:           0  
  Clock Path Skew:        0.014ns (DCD - SCD - CPR)
    Destination Clock Delay (DCD):    -0.260ns
    Source Clock Delay      (SCD):    -0.492ns
    Clock Pessimism Removal (CPR):    0.218ns

    Location             Delay type                Incr(ns)  Path(ns)    Netlist Resource(s)
  -------------------------------------------------------------------    -------------------
                         (clock clk_out1_clk_wiz_0 rise edge)
                                                      0.000     0.000 r  
    R4                                                0.000     0.000 r  clk (IN)
                         net (fo=0)                   0.000     0.000    clk_gen/inst/clk_in1
    R4                   IBUF (Prop_ibuf_I_O)         0.243     0.243 r  clk_gen/inst/clkin1_ibufg/O
                         net (fo=1, routed)           0.440     0.683    clk_gen/inst/clk_in1_clk_wiz_0
    PLLE2_ADV_X1Y2       PLLE2_ADV (Prop_plle2_adv_CLKIN1_CLKOUT0)
                                                     -2.503    -1.819 r  clk_gen/inst/plle2_adv_inst/CLKOUT0
                         net (fo=1, routed)           0.546    -1.273    clk_gen/inst/clk_out1_clk_wiz_0
    BUFGCTRL_X0Y0        BUFG (Prop_bufg_I_O)         0.026    -1.247 r  clk_gen/inst/clkout1_buf/O
                         net (fo=2312, routed)        0.756    -0.492    rv32im72f_7sp/mem_wb_register/clk_out1
    SLICE_X11Y22         FDRE                                         r  rv32im72f_7sp/mem_wb_register/WB_rd_reg[2]/C
  -------------------------------------------------------------------    -------------------
    SLICE_X11Y22         FDRE (Prop_fdre_C_Q)         0.141    -0.351 r  rv32im72f_7sp/mem_wb_register/WB_rd_reg[2]/Q
                         net (fo=100, routed)         0.222    -0.129    rv32im72f_7sp/register_file/registers_reg_r1_0_31_6_11/ADDRD2
    SLICE_X10Y21         RAMD32                                       r  rv32im72f_7sp/register_file/registers_reg_r1_0_31_6_11/RAMA/WADR2
  -------------------------------------------------------------------    -------------------

                         (clock clk_out1_clk_wiz_0 rise edge)
                                                      0.000     0.000 r  
    R4                                                0.000     0.000 r  clk (IN)
                         net (fo=0)                   0.000     0.000    clk_gen/inst/clk_in1
    R4                   IBUF (Prop_ibuf_I_O)         0.431     0.431 r  clk_gen/inst/clkin1_ibufg/O
                         net (fo=1, routed)           0.481     0.912    clk_gen/inst/clk_in1_clk_wiz_0
    PLLE2_ADV_X1Y2       PLLE2_ADV (Prop_plle2_adv_CLKIN1_CLKOUT0)
                                                     -2.828    -1.916 r  clk_gen/inst/plle2_adv_inst/CLKOUT0
                         net (fo=1, routed)           0.595    -1.322    clk_gen/inst/clk_out1_clk_wiz_0
    BUFGCTRL_X0Y0        BUFG (Prop_bufg_I_O)         0.029    -1.293 r  clk_gen/inst/clkout1_buf/O
                         net (fo=2312, routed)        1.033    -0.260    rv32im72f_7sp/register_file/registers_reg_r1_0_31_6_11/WCLK
    SLICE_X10Y21         RAMD32                                       r  rv32im72f_7sp/register_file/registers_reg_r1_0_31_6_11/RAMA/CLK
                         clock pessimism             -0.218    -0.478    
    SLICE_X10Y21         RAMD32 (Hold_ramd32_CLK_WADR2)
                                                      0.254    -0.224    rv32im72f_7sp/register_file/registers_reg_r1_0_31_6_11/RAMA
  -------------------------------------------------------------------
                         required time                          0.224    
                         arrival time                          -0.129    
  -------------------------------------------------------------------
                         slack                                  0.095    





Pulse Width Checks
--------------------------------------------------------------------------------------
Clock Name:         clk_out1_clk_wiz_0
Waveform(ns):       { 0.000 6.944 }
Period(ns):         13.889
Sources:            { clk_gen/inst/plle2_adv_inst/CLKOUT0 }

Check Type        Corner  Lib Pin             Reference Pin  Required(ns)  Actual(ns)  Slack(ns)  Location        Pin
Min Period        n/a     RAMB36E1/CLKARDCLK  n/a            2.944         13.889      10.945     RAMB36_X2Y1     rv32im72f_7sp/data_memory/memory_bank0_reg_0/CLKARDCLK
Max Period        n/a     PLLE2_ADV/CLKOUT0   n/a            160.000       13.889      146.111    PLLE2_ADV_X1Y2  clk_gen/inst/plle2_adv_inst/CLKOUT0
Low Pulse Width   Slow    RAMD32/CLK          n/a            1.250         6.944       5.694      SLICE_X6Y21     rv32im72f_7sp/register_file/registers_reg_r1_0_31_0_5/RAMA/CLK
High Pulse Width  Slow    RAMD32/CLK          n/a            1.250         6.944       5.694      SLICE_X6Y21     rv32im72f_7sp/register_file/registers_reg_r1_0_31_0_5/RAMA/CLK



---------------------------------------------------------------------------------------------------
From Clock:  clkfbout_clk_wiz_0
  To Clock:  clkfbout_clk_wiz_0

Setup :           NA  Failing Endpoints,  Worst Slack           NA  ,  Total Violation           NA
Hold  :           NA  Failing Endpoints,  Worst Slack           NA  ,  Total Violation           NA
PW    :            0  Failing Endpoints,  Worst Slack        2.633ns,  Total Violation        0.000ns
---------------------------------------------------------------------------------------------------


Pulse Width Checks
--------------------------------------------------------------------------------------
Clock Name:         clkfbout_clk_wiz_0
Waveform(ns):       { 0.000 25.000 }
Period(ns):         50.000
Sources:            { clk_gen/inst/plle2_adv_inst/CLKFBOUT }

Check Type  Corner  Lib Pin            Reference Pin  Required(ns)  Actual(ns)  Slack(ns)  Location        Pin
Min Period  n/a     BUFG/I             n/a            2.155         50.000      47.845     BUFGCTRL_X0Y1   clk_gen/inst/clkf_buf/I
Max Period  n/a     PLLE2_ADV/CLKFBIN  n/a            52.633        50.000      2.633      PLLE2_ADV_X1Y2  clk_gen/inst/plle2_adv_inst/CLKFBIN



---------------------------------------------------------------------------------------------------
Path Group:  **async_default**
From Clock:  clk_out1_clk_wiz_0
  To Clock:  clk_out1_clk_wiz_0

Setup :            0  Failing Endpoints,  Worst Slack        4.361ns,  Total Violation        0.000ns
Hold  :            0  Failing Endpoints,  Worst Slack        0.305ns,  Total Violation        0.000ns
---------------------------------------------------------------------------------------------------


Max Delay Paths
--------------------------------------------------------------------------------------
Slack (MET) :             4.361ns  (required time - arrival time)
  Source:                 reset_sync_reg[2]/C
                            (rising edge-triggered cell FDPE clocked by clk_out1_clk_wiz_0  {rise@0.000ns fall@6.944ns period=13.889ns})
  Destination:            uart_tx/baud_counter_reg[8]/CLR
                            (recovery check against rising-edge clock clk_out1_clk_wiz_0  {rise@0.000ns fall@6.944ns period=13.889ns})
  Path Group:             **async_default**
  Path Type:              Recovery (Max at Slow Process Corner)
  Requirement:            13.889ns  (clk_out1_clk_wiz_0 rise@13.889ns - clk_out1_clk_wiz_0 rise@0.000ns)
  Data Path Delay:        9.135ns  (logic 0.478ns (5.232%)  route 8.657ns (94.768%))
  Logic Levels:           0  
  Clock Path Skew:        0.305ns (DCD - SCD + CPR)
    Destination Clock Delay (DCD):    -1.743ns = ( 12.146 - 13.889 ) 
    Source Clock Delay      (SCD):    -2.556ns
    Clock Pessimism Removal (CPR):    -0.507ns
  Clock Uncertainty:      0.122ns  ((TSJ^2 + DJ^2)^1/2) / 2 + PE
    Total System Jitter     (TSJ):    0.071ns
    Discrete Jitter          (DJ):    0.234ns
    Phase Error              (PE):    0.000ns

    Location             Delay type                Incr(ns)  Path(ns)    Netlist Resource(s)
  -------------------------------------------------------------------    -------------------
                         (clock clk_out1_clk_wiz_0 rise edge)
                                                      0.000     0.000 r  
    R4                                                0.000     0.000 r  clk (IN)
                         net (fo=0)                   0.000     0.000    clk_gen/inst/clk_in1
    R4                   IBUF (Prop_ibuf_I_O)         1.475     1.475 r  clk_gen/inst/clkin1_ibufg/O
                         net (fo=1, routed)           1.253     2.728    clk_gen/inst/clk_in1_clk_wiz_0
    PLLE2_ADV_X1Y2       PLLE2_ADV (Prop_plle2_adv_CLKIN1_CLKOUT0)
                                                     -8.953    -6.225 r  clk_gen/inst/plle2_adv_inst/CLKOUT0
                         net (fo=1, routed)           1.802    -4.422    clk_gen/inst/clk_out1_clk_wiz_0
    BUFGCTRL_X0Y0        BUFG (Prop_bufg_I_O)         0.096    -4.326 r  clk_gen/inst/clkout1_buf/O
                         net (fo=2312, routed)        1.770    -2.556    clk_cpu
    SLICE_X20Y106        FDPE                                         r  reset_sync_reg[2]/C
  -------------------------------------------------------------------    -------------------
    SLICE_X20Y106        FDPE (Prop_fdpe_C_Q)         0.478    -2.078 f  reset_sync_reg[2]/Q
                         net (fo=991, routed)         8.657     6.579    uart_tx/Q[0]
    SLICE_X5Y14          FDCE                                         f  uart_tx/baud_counter_reg[8]/CLR
  -------------------------------------------------------------------    -------------------

                         (clock clk_out1_clk_wiz_0 rise edge)
                                                     13.889    13.889 r  
    R4                                                0.000    13.889 r  clk (IN)
                         net (fo=0)                   0.000    13.889    clk_gen/inst/clk_in1
    R4                   IBUF (Prop_ibuf_I_O)         1.405    15.293 r  clk_gen/inst/clkin1_ibufg/O
                         net (fo=1, routed)           1.181    16.474    clk_gen/inst/clk_in1_clk_wiz_0
    PLLE2_ADV_X1Y2       PLLE2_ADV (Prop_plle2_adv_CLKIN1_CLKOUT0)
                                                     -8.206     8.269 r  clk_gen/inst/plle2_adv_inst/CLKOUT0
                         net (fo=1, routed)           1.718     9.987    clk_gen/inst/clk_out1_clk_wiz_0
    BUFGCTRL_X0Y0        BUFG (Prop_bufg_I_O)         0.091    10.078 r  clk_gen/inst/clkout1_buf/O
                         net (fo=2312, routed)        2.068    12.146    uart_tx/clk_out1
    SLICE_X5Y14          FDCE                                         r  uart_tx/baud_counter_reg[8]/C
                         clock pessimism             -0.507    11.638    
                         clock uncertainty           -0.122    11.516    
    SLICE_X5Y14          FDCE (Recov_fdce_C_CLR)     -0.576    10.940    uart_tx/baud_counter_reg[8]
  -------------------------------------------------------------------
                         required time                         10.940    
                         arrival time                          -6.579    
  -------------------------------------------------------------------
                         slack                                  4.361    





Min Delay Paths
--------------------------------------------------------------------------------------
Slack (MET) :             0.305ns  (arrival time - required time)
  Source:                 reset_sync_reg[2]/C
                            (rising edge-triggered cell FDPE clocked by clk_out1_clk_wiz_0  {rise@0.000ns fall@6.944ns period=13.889ns})
  Destination:            unified_uart_controller/debounce_counter_reg[10]/CLR
                            (removal check against rising-edge clock clk_out1_clk_wiz_0  {rise@0.000ns fall@6.944ns period=13.889ns})
  Path Group:             **async_default**
  Path Type:              Removal (Min at Fast Process Corner)
  Requirement:            0.000ns  (clk_out1_clk_wiz_0 rise@0.000ns - clk_out1_clk_wiz_0 rise@0.000ns)
  Data Path Delay:        0.500ns  (logic 0.148ns (29.601%)  route 0.352ns (70.399%))
  Logic Levels:           0  
  Clock Path Skew:        0.340ns (DCD - SCD - CPR)
    Destination Clock Delay (DCD):    -0.324ns
    Source Clock Delay      (SCD):    -0.624ns
    Clock Pessimism Removal (CPR):    -0.040ns

    Location             Delay type                Incr(ns)  Path(ns)    Netlist Resource(s)
  -------------------------------------------------------------------    -------------------
                         (clock clk_out1_clk_wiz_0 rise edge)
                                                      0.000     0.000 r  
    R4                                                0.000     0.000 r  clk (IN)
                         net (fo=0)                   0.000     0.000    clk_gen/inst/clk_in1
    R4                   IBUF (Prop_ibuf_I_O)         0.243     0.243 r  clk_gen/inst/clkin1_ibufg/O
                         net (fo=1, routed)           0.440     0.683    clk_gen/inst/clk_in1_clk_wiz_0
    PLLE2_ADV_X1Y2       PLLE2_ADV (Prop_plle2_adv_CLKIN1_CLKOUT0)
                                                     -2.503    -1.819 r  clk_gen/inst/plle2_adv_inst/CLKOUT0
                         net (fo=1, routed)           0.546    -1.273    clk_gen/inst/clk_out1_clk_wiz_0
    BUFGCTRL_X0Y0        BUFG (Prop_bufg_I_O)         0.026    -1.247 r  clk_gen/inst/clkout1_buf/O
                         net (fo=2312, routed)        0.624    -0.624    clk_cpu
    SLICE_X20Y106        FDPE                                         r  reset_sync_reg[2]/C
  -------------------------------------------------------------------    -------------------
    SLICE_X20Y106        FDPE (Prop_fdpe_C_Q)         0.148    -0.476 f  reset_sync_reg[2]/Q
                         net (fo=991, routed)         0.352    -0.124    unified_uart_controller/Q[0]
    SLICE_X17Y95         FDCE                                         f  unified_uart_controller/debounce_counter_reg[10]/CLR
  -------------------------------------------------------------------    -------------------

                         (clock clk_out1_clk_wiz_0 rise edge)
                                                      0.000     0.000 r  
    R4                                                0.000     0.000 r  clk (IN)
                         net (fo=0)                   0.000     0.000    clk_gen/inst/clk_in1
    R4                   IBUF (Prop_ibuf_I_O)         0.431     0.431 r  clk_gen/inst/clkin1_ibufg/O
                         net (fo=1, routed)           0.481     0.912    clk_gen/inst/clk_in1_clk_wiz_0
    PLLE2_ADV_X1Y2       PLLE2_ADV (Prop_plle2_adv_CLKIN1_CLKOUT0)
                                                     -2.828    -1.916 r  clk_gen/inst/plle2_adv_inst/CLKOUT0
                         net (fo=1, routed)           0.595    -1.322    clk_gen/inst/clk_out1_clk_wiz_0
    BUFGCTRL_X0Y0        BUFG (Prop_bufg_I_O)         0.029    -1.293 r  clk_gen/inst/clkout1_buf/O
                         net (fo=2312, routed)        0.969    -0.324    unified_uart_controller/clk_out1
    SLICE_X17Y95         FDCE                                         r  unified_uart_controller/debounce_counter_reg[10]/C
                         clock pessimism              0.040    -0.284    
    SLICE_X17Y95         FDCE (Remov_fdce_C_CLR)     -0.145    -0.429    unified_uart_controller/debounce_counter_reg[10]
  -------------------------------------------------------------------
                         required time                          0.429    
                         arrival time                          -0.124    
  -------------------------------------------------------------------
                         slack                                  0.305    





