Copyright 1986-2022 Xilinx, Inc. All Rights Reserved. Copyright 2022-2025 Advanced Micro Devices, Inc. All Rights Reserved.
--------------------------------------------------------------------------------------------------------------------------------------------------------
| Tool Version : Vivado v.2025.2 (lin64) Build 6299465 Fri Nov 14 12:34:56 MST 2025
| Date         : Wed Sep 16 01:30:02 2026
| Host         : khwl-ThinkPad-X1-Carbon-Gen-13 running 64-bit Ubuntu 24.04.4 LTS
| Command      : report_timing_summary -file /home/khwl/Desktop/RV-IM100/riscof-env/logs/sweep_exact/RV32IM_8SP_dhrystone/f120/timing.rpt
| Design       : RV32IM72F8SPSoCTOP
| Device       : 7a200t-sbg484
| Speed File   : -1  PRODUCTION 1.23 2018-06-13
| Design State : Physopt postRoute
--------------------------------------------------------------------------------------------------------------------------------------------------------

Timing Summary Report

------------------------------------------------------------------------------------------------
| Timer Settings
| --------------
------------------------------------------------------------------------------------------------

  Enable Multi Corner Analysis               :  Yes
  Enable Pessimism Removal                   :  Yes
  Pessimism Removal Resolution               :  Nearest Common Node
  Enable Input Delay Default Clock           :  No
  Enable Preset / Clear Arcs                 :  No
  Disable Flight Delays                      :  No
  Ignore I/O Paths                           :  No
  Timing Early Launch at Borrowing Latches   :  No
  Borrow Time for Max Delay Exceptions       :  Yes
  Merge Timing Exceptions                    :  Yes
  Inter-SLR Compensation                     :  Conservative

  Corner  Analyze    Analyze    
  Name    Max Paths  Min Paths  
  ------  ---------  ---------  
  Slow    Yes        Yes        
  Fast    Yes        Yes        


------------------------------------------------------------------------------------------------
| Report Methodology
| ------------------
------------------------------------------------------------------------------------------------

Rule      Severity  Description                                 Violations  
--------  --------  ------------------------------------------  ----------  
DPIR-1    Warning   Asynchronous driver check                   111         
SYNTH-6   Warning   Timing of a RAM block might be sub-optimal  16          
SYNTH-10  Warning   Wide multiplier                             4           

Note: This report is based on the most recent report_methodology run and may not be up-to-date. Run report_methodology on the current design for the latest report.



check_timing report

Table of Contents
-----------------
1. checking no_clock (0)
2. checking constant_clock (0)
3. checking pulse_width_clock (0)
4. checking unconstrained_internal_endpoints (0)
5. checking no_input_delay (2)
6. checking no_output_delay (9)
7. checking multiple_clock (0)
8. checking generated_clocks (0)
9. checking loops (0)
10. checking partial_input_delay (0)
11. checking partial_output_delay (0)
12. checking latch_loops (0)

1. checking no_clock (0)
------------------------
 There are 0 register/latch pins with no clock.


2. checking constant_clock (0)
------------------------------
 There are 0 register/latch pins with constant_clock.


3. checking pulse_width_clock (0)
---------------------------------
 There are 0 register/latch pins which need pulse_width check


4. checking unconstrained_internal_endpoints (0)
------------------------------------------------
 There are 0 pins that are not constrained for maximum delay.

 There are 0 pins that are not constrained for maximum delay due to constant clock.


5. checking no_input_delay (2)
------------------------------
 There are 0 input ports with no input delay specified.

 There are 2 input ports with no input delay but user has a false path constraint. (MEDIUM)


6. checking no_output_delay (9)
-------------------------------
 There are 0 ports with no output delay specified.

 There are 9 ports with no output delay but user has a false path constraint (MEDIUM)

 There are 0 ports with no output delay but with a timing clock defined on it or propagating through it


7. checking multiple_clock (0)
------------------------------
 There are 0 register/latch pins with multiple clocks.


8. checking generated_clocks (0)
--------------------------------
 There are 0 generated clocks that are not connected to a clock source.


9. checking loops (0)
---------------------
 There are 0 combinational loops in the design.


10. checking partial_input_delay (0)
------------------------------------
 There are 0 input ports with partial input delay specified.


11. checking partial_output_delay (0)
-------------------------------------
 There are 0 ports with partial output delay specified.


12. checking latch_loops (0)
----------------------------
 There are 0 combinational latch loops in the design through latch input



------------------------------------------------------------------------------------------------
| Design Timing Summary
| ---------------------
------------------------------------------------------------------------------------------------

    WNS(ns)      TNS(ns)  TNS Failing Endpoints  TNS Total Endpoints      WHS(ns)      THS(ns)  THS Failing Endpoints  THS Total Endpoints     WPWS(ns)     TPWS(ns)  TPWS Failing Endpoints  TPWS Total Endpoints  
    -------      -------  ---------------------  -------------------      -------      -------  ---------------------  -------------------     --------     --------  ----------------------  --------------------  
      0.100        0.000                      0                 8172        0.121        0.000                      0                 8172        2.633        0.000                       0                  2479  


All user specified timing constraints are met.


------------------------------------------------------------------------------------------------
| Clock Summary
| -------------
------------------------------------------------------------------------------------------------

Clock                 Waveform(ns)         Period(ns)      Frequency(MHz)
-----                 ------------         ----------      --------------
clk                   {0.000 5.000}        10.000          100.000         
  clk_out1_clk_wiz_0  {0.000 4.167}        8.333           120.000         
  clkfbout_clk_wiz_0  {0.000 25.000}       50.000          20.000          


------------------------------------------------------------------------------------------------
| Intra Clock Table
| -----------------
------------------------------------------------------------------------------------------------

Clock                     WNS(ns)      TNS(ns)  TNS Failing Endpoints  TNS Total Endpoints      WHS(ns)      THS(ns)  THS Failing Endpoints  THS Total Endpoints     WPWS(ns)     TPWS(ns)  TPWS Failing Endpoints  TPWS Total Endpoints  
-----                     -------      -------  ---------------------  -------------------      -------      -------  ---------------------  -------------------     --------     --------  ----------------------  --------------------  
clk                                                                                                                                                                     3.000        0.000                       0                     1  
  clk_out1_clk_wiz_0        0.100        0.000                      0                 7253        0.121        0.000                      0                 7253        2.917        0.000                       0                  2475  
  clkfbout_clk_wiz_0                                                                                                                                                    2.633        0.000                       0                     3  


------------------------------------------------------------------------------------------------
| Inter Clock Table
| -----------------
------------------------------------------------------------------------------------------------

From Clock    To Clock          WNS(ns)      TNS(ns)  TNS Failing Endpoints  TNS Total Endpoints      WHS(ns)      THS(ns)  THS Failing Endpoints  THS Total Endpoints  
----------    --------          -------      -------  ---------------------  -------------------      -------      -------  ---------------------  -------------------  


------------------------------------------------------------------------------------------------
| Other Path Groups Table
| -----------------------
------------------------------------------------------------------------------------------------

Path Group          From Clock          To Clock                WNS(ns)      TNS(ns)  TNS Failing Endpoints  TNS Total Endpoints      WHS(ns)      THS(ns)  THS Failing Endpoints  THS Total Endpoints  
----------          ----------          --------                -------      -------  ---------------------  -------------------      -------      -------  ---------------------  -------------------  
**async_default**   clk_out1_clk_wiz_0  clk_out1_clk_wiz_0        1.062        0.000                      0                  919        0.674        0.000                      0                  919  


------------------------------------------------------------------------------------------------
| Timing Details
| --------------
------------------------------------------------------------------------------------------------


---------------------------------------------------------------------------------------------------
From Clock:  clk
  To Clock:  clk

Setup :           NA  Failing Endpoints,  Worst Slack           NA  ,  Total Violation           NA
Hold  :           NA  Failing Endpoints,  Worst Slack           NA  ,  Total Violation           NA
PW    :            0  Failing Endpoints,  Worst Slack        3.000ns,  Total Violation        0.000ns
---------------------------------------------------------------------------------------------------


Pulse Width Checks
--------------------------------------------------------------------------------------
Clock Name:         clk
Waveform(ns):       { 0.000 5.000 }
Period(ns):         10.000
Sources:            { clk }

Check Type        Corner  Lib Pin           Reference Pin  Required(ns)  Actual(ns)  Slack(ns)  Location        Pin
Min Period        n/a     PLLE2_ADV/CLKIN1  n/a            1.249         10.000      8.751      PLLE2_ADV_X1Y2  clk_gen/inst/plle2_adv_inst/CLKIN1
Max Period        n/a     PLLE2_ADV/CLKIN1  n/a            52.633        10.000      42.633     PLLE2_ADV_X1Y2  clk_gen/inst/plle2_adv_inst/CLKIN1
Low Pulse Width   Slow    PLLE2_ADV/CLKIN1  n/a            2.000         5.000       3.000      PLLE2_ADV_X1Y2  clk_gen/inst/plle2_adv_inst/CLKIN1
High Pulse Width  Slow    PLLE2_ADV/CLKIN1  n/a            2.000         5.000       3.000      PLLE2_ADV_X1Y2  clk_gen/inst/plle2_adv_inst/CLKIN1



---------------------------------------------------------------------------------------------------
From Clock:  clk_out1_clk_wiz_0
  To Clock:  clk_out1_clk_wiz_0

Setup :            0  Failing Endpoints,  Worst Slack        0.100ns,  Total Violation        0.000ns
Hold  :            0  Failing Endpoints,  Worst Slack        0.121ns,  Total Violation        0.000ns
PW    :            0  Failing Endpoints,  Worst Slack        2.917ns,  Total Violation        0.000ns
---------------------------------------------------------------------------------------------------


Max Delay Paths
--------------------------------------------------------------------------------------
Slack (MET) :             0.100ns  (required time - arrival time)
  Source:                 rv32im72f_8sp/exr_ex_register/EX_opcode_reg[0]/C
                            (rising edge-triggered cell FDRE clocked by clk_out1_clk_wiz_0  {rise@0.000ns fall@4.167ns period=8.333ns})
  Destination:            rv32im72f_8sp/exception_detector/trap_status_reg[0]/D
                            (rising edge-triggered cell FDCE clocked by clk_out1_clk_wiz_0  {rise@0.000ns fall@4.167ns period=8.333ns})
  Path Group:             clk_out1_clk_wiz_0
  Path Type:              Setup (Max at Slow Process Corner)
  Requirement:            8.333ns  (clk_out1_clk_wiz_0 rise@8.333ns - clk_out1_clk_wiz_0 rise@0.000ns)
  Data Path Delay:        8.099ns  (logic 2.197ns (27.126%)  route 5.902ns (72.874%))
  Logic Levels:           10  (LUT2=1 LUT5=2 LUT6=6 MUXF7=1)
  Clock Path Skew:        -0.019ns (DCD - SCD + CPR)
    Destination Clock Delay (DCD):    -1.839ns = ( 6.494 - 8.333 ) 
    Source Clock Delay      (SCD):    -2.224ns
    Clock Pessimism Removal (CPR):    -0.403ns
  Clock Uncertainty:      0.144ns  ((TSJ^2 + DJ^2)^1/2) / 2 + PE
    Total System Jitter     (TSJ):    0.071ns
    Discrete Jitter          (DJ):    0.279ns
    Phase Error              (PE):    0.000ns

    Location             Delay type                Incr(ns)  Path(ns)    Netlist Resource(s)
  -------------------------------------------------------------------    -------------------
                         (clock clk_out1_clk_wiz_0 rise edge)
                                                      0.000     0.000 r  
    R4                                                0.000     0.000 r  clk (IN)
                         net (fo=0)                   0.000     0.000    clk_gen/inst/clk_in1
    R4                   IBUF (Prop_ibuf_I_O)         1.475     1.475 r  clk_gen/inst/clkin1_ibufg/O
                         net (fo=1, routed)           1.253     2.728    clk_gen/inst/clk_in1_clk_wiz_0
    PLLE2_ADV_X1Y2       PLLE2_ADV (Prop_plle2_adv_CLKIN1_CLKOUT0)
                                                     -8.953    -6.225 r  clk_gen/inst/plle2_adv_inst/CLKOUT0
                         net (fo=1, routed)           1.802    -4.422    clk_gen/inst/clk_out1_clk_wiz_0
    BUFGCTRL_X0Y0        BUFG (Prop_bufg_I_O)         0.096    -4.326 r  clk_gen/inst/clkout1_buf/O
                         net (fo=2473, routed)        2.102    -2.224    rv32im72f_8sp/exr_ex_register/clk_out1
    SLICE_X34Y26         FDRE                                         r  rv32im72f_8sp/exr_ex_register/EX_opcode_reg[0]/C
  -------------------------------------------------------------------    -------------------
    SLICE_X34Y26         FDRE (Prop_fdre_C_Q)         0.456    -1.768 f  rv32im72f_8sp/exr_ex_register/EX_opcode_reg[0]/Q
                         net (fo=8, routed)           0.626    -1.142    rv32im72f_8sp/exr_ex_register/EX_opcode_reg[6]_0[0]
    SLICE_X35Y25         LUT2 (Prop_lut2_I0_O)        0.149    -0.993 r  rv32im72f_8sp/exr_ex_register/div_overflow_flag_i_44/O
                         net (fo=1, routed)           0.307    -0.686    rv32im72f_8sp/exr_ex_register/div_overflow_flag_i_44_n_0
    SLICE_X34Y26         LUT6 (Prop_lut6_I0_O)        0.332    -0.354 r  rv32im72f_8sp/exr_ex_register/div_overflow_flag_i_27/O
                         net (fo=5, routed)           1.006     0.652    rv32im72f_8sp/exr_ex_register/div_overflow_flag_i_27_n_0
    SLICE_X32Y25         LUT6 (Prop_lut6_I4_O)        0.124     0.776 r  rv32im72f_8sp/exr_ex_register/div_overflow_flag_i_14/O
                         net (fo=18, routed)          0.863     1.639    rv32im72f_8sp/exr_ex_register/alu_op[4]
    SLICE_X31Y25         LUT5 (Prop_lut5_I3_O)        0.124     1.763 r  rv32im72f_8sp/exr_ex_register/EX2_alu_result[31]_i_19/O
                         net (fo=32, routed)          0.697     2.460    rv32im72f_8sp/exr_ex_register/EX2_alu_result[31]_i_19_n_0
    SLICE_X33Y26         LUT5 (Prop_lut5_I2_O)        0.124     2.584 r  rv32im72f_8sp/exr_ex_register/EX2_alu_result[1]_i_6/O
                         net (fo=1, routed)           0.633     3.217    rv32im72f_8sp/exr_ex_register/EX2_alu_result[1]_i_6_n_0
    SLICE_X33Y27         LUT6 (Prop_lut6_I1_O)        0.124     3.341 r  rv32im72f_8sp/exr_ex_register/EX2_alu_result[1]_i_3/O
                         net (fo=1, routed)           0.000     3.341    rv32im72f_8sp/exr_ex_register/alu/alu_word_result[1]
    SLICE_X33Y27         MUXF7 (Prop_muxf7_I1_O)      0.217     3.558 r  rv32im72f_8sp/exr_ex_register/EX2_alu_result_reg[1]_i_1/O
                         net (fo=6, routed)           0.889     4.446    rv32im72f_8sp/exr_ex_register/prod_low_reg[31][1]
    SLICE_X31Y27         LUT6 (Prop_lut6_I2_O)        0.299     4.745 r  rv32im72f_8sp/exr_ex_register/trap_status[0]_i_8/O
                         net (fo=1, routed)           0.438     5.184    rv32im72f_8sp/exr_ex_register/trap_status[0]_i_8_n_0
    SLICE_X32Y28         LUT6 (Prop_lut6_I3_O)        0.124     5.308 r  rv32im72f_8sp/exr_ex_register/trap_status[0]_i_3/O
                         net (fo=1, routed)           0.444     5.752    rv32im72f_8sp/exr_ex_register/trap_status[0]_i_3_n_0
    SLICE_X32Y28         LUT6 (Prop_lut6_I1_O)        0.124     5.876 r  rv32im72f_8sp/exr_ex_register/trap_status[0]_i_1/O
                         net (fo=1, routed)           0.000     5.876    rv32im72f_8sp/exception_detector/trap_status_reg[2]_3[0]
    SLICE_X32Y28         FDCE                                         r  rv32im72f_8sp/exception_detector/trap_status_reg[0]/D
  -------------------------------------------------------------------    -------------------

                         (clock clk_out1_clk_wiz_0 rise edge)
                                                      8.333     8.333 r  
    R4                                                0.000     8.333 r  clk (IN)
                         net (fo=0)                   0.000     8.333    clk_gen/inst/clk_in1
    R4                   IBUF (Prop_ibuf_I_O)         1.405     9.738 r  clk_gen/inst/clkin1_ibufg/O
                         net (fo=1, routed)           1.181    10.919    clk_gen/inst/clk_in1_clk_wiz_0
    PLLE2_ADV_X1Y2       PLLE2_ADV (Prop_plle2_adv_CLKIN1_CLKOUT0)
                                                     -8.206     2.713 r  clk_gen/inst/plle2_adv_inst/CLKOUT0
                         net (fo=1, routed)           1.718     4.431    clk_gen/inst/clk_out1_clk_wiz_0
    BUFGCTRL_X0Y0        BUFG (Prop_bufg_I_O)         0.091     4.522 r  clk_gen/inst/clkout1_buf/O
                         net (fo=2473, routed)        1.972     6.494    rv32im72f_8sp/exception_detector/clk_out1
    SLICE_X32Y28         FDCE                                         r  rv32im72f_8sp/exception_detector/trap_status_reg[0]/C
                         clock pessimism             -0.403     6.091    
                         clock uncertainty           -0.144     5.947    
    SLICE_X32Y28         FDCE (Setup_fdce_C_D)        0.029     5.976    rv32im72f_8sp/exception_detector/trap_status_reg[0]
  -------------------------------------------------------------------
                         required time                          5.976    
                         arrival time                          -5.876    
  -------------------------------------------------------------------
                         slack                                  0.100    





Min Delay Paths
--------------------------------------------------------------------------------------
Slack (MET) :             0.121ns  (arrival time - required time)
  Source:                 rv32im72f_8sp/ex_mem_register/MEM_instruction_reg[29]/C
                            (rising edge-triggered cell FDRE clocked by clk_out1_clk_wiz_0  {rise@0.000ns fall@4.167ns period=8.333ns})
  Destination:            rv32im72f_8sp/mem_wb_register/WB_instruction_reg[29]/D
                            (rising edge-triggered cell FDRE clocked by clk_out1_clk_wiz_0  {rise@0.000ns fall@4.167ns period=8.333ns})
  Path Group:             clk_out1_clk_wiz_0
  Path Type:              Hold (Min at Fast Process Corner)
  Requirement:            0.000ns  (clk_out1_clk_wiz_0 rise@0.000ns - clk_out1_clk_wiz_0 rise@0.000ns)
  Data Path Delay:        0.197ns  (logic 0.141ns (71.611%)  route 0.056ns (28.389%))
  Logic Levels:           0  
  Clock Path Skew:        0.000ns (DCD - SCD - CPR)
    Destination Clock Delay (DCD):    -0.272ns
    Source Clock Delay      (SCD):    -0.504ns
    Clock Pessimism Removal (CPR):    0.232ns

    Location             Delay type                Incr(ns)  Path(ns)    Netlist Resource(s)
  -------------------------------------------------------------------    -------------------
                         (clock clk_out1_clk_wiz_0 rise edge)
                                                      0.000     0.000 r  
    R4                                                0.000     0.000 r  clk (IN)
                         net (fo=0)                   0.000     0.000    clk_gen/inst/clk_in1
    R4                   IBUF (Prop_ibuf_I_O)         0.243     0.243 r  clk_gen/inst/clkin1_ibufg/O
                         net (fo=1, routed)           0.440     0.683    clk_gen/inst/clk_in1_clk_wiz_0
    PLLE2_ADV_X1Y2       PLLE2_ADV (Prop_plle2_adv_CLKIN1_CLKOUT0)
                                                     -2.503    -1.819 r  clk_gen/inst/plle2_adv_inst/CLKOUT0
                         net (fo=1, routed)           0.546    -1.273    clk_gen/inst/clk_out1_clk_wiz_0
    BUFGCTRL_X0Y0        BUFG (Prop_bufg_I_O)         0.026    -1.247 r  clk_gen/inst/clkout1_buf/O
                         net (fo=2473, routed)        0.744    -0.504    rv32im72f_8sp/ex_mem_register/clk_out1
    SLICE_X39Y21         FDRE                                         r  rv32im72f_8sp/ex_mem_register/MEM_instruction_reg[29]/C
  -------------------------------------------------------------------    -------------------
    SLICE_X39Y21         FDRE (Prop_fdre_C_Q)         0.141    -0.363 r  rv32im72f_8sp/ex_mem_register/MEM_instruction_reg[29]/Q
                         net (fo=1, routed)           0.056    -0.307    rv32im72f_8sp/mem_wb_register/D[29]
    SLICE_X39Y21         FDRE                                         r  rv32im72f_8sp/mem_wb_register/WB_instruction_reg[29]/D
  -------------------------------------------------------------------    -------------------

                         (clock clk_out1_clk_wiz_0 rise edge)
                                                      0.000     0.000 r  
    R4                                                0.000     0.000 r  clk (IN)
                         net (fo=0)                   0.000     0.000    clk_gen/inst/clk_in1
    R4                   IBUF (Prop_ibuf_I_O)         0.431     0.431 r  clk_gen/inst/clkin1_ibufg/O
                         net (fo=1, routed)           0.481     0.912    clk_gen/inst/clk_in1_clk_wiz_0
    PLLE2_ADV_X1Y2       PLLE2_ADV (Prop_plle2_adv_CLKIN1_CLKOUT0)
                                                     -2.828    -1.916 r  clk_gen/inst/plle2_adv_inst/CLKOUT0
                         net (fo=1, routed)           0.595    -1.322    clk_gen/inst/clk_out1_clk_wiz_0
    BUFGCTRL_X0Y0        BUFG (Prop_bufg_I_O)         0.029    -1.293 r  clk_gen/inst/clkout1_buf/O
                         net (fo=2473, routed)        1.021    -0.272    rv32im72f_8sp/mem_wb_register/clk_out1
    SLICE_X39Y21         FDRE                                         r  rv32im72f_8sp/mem_wb_register/WB_instruction_reg[29]/C
                         clock pessimism             -0.232    -0.504    
    SLICE_X39Y21         FDRE (Hold_fdre_C_D)         0.076    -0.428    rv32im72f_8sp/mem_wb_register/WB_instruction_reg[29]
  -------------------------------------------------------------------
                         required time                          0.428    
                         arrival time                          -0.307    
  -------------------------------------------------------------------
                         slack                                  0.121    





Pulse Width Checks
--------------------------------------------------------------------------------------
Clock Name:         clk_out1_clk_wiz_0
Waveform(ns):       { 0.000 4.167 }
Period(ns):         8.333
Sources:            { clk_gen/inst/plle2_adv_inst/CLKOUT0 }

Check Type        Corner  Lib Pin             Reference Pin  Required(ns)  Actual(ns)  Slack(ns)  Location        Pin
Min Period        n/a     RAMB36E1/CLKARDCLK  n/a            2.944         8.333       5.389      RAMB36_X1Y7     rv32im72f_8sp/data_memory/memory_bank0_reg_0/CLKARDCLK
Max Period        n/a     PLLE2_ADV/CLKOUT0   n/a            160.000       8.333       151.667    PLLE2_ADV_X1Y2  clk_gen/inst/plle2_adv_inst/CLKOUT0
Low Pulse Width   Slow    RAMD32/CLK          n/a            1.250         4.167       2.917      SLICE_X40Y27    rv32im72f_8sp/register_file/registers_reg_r1_0_31_0_5/RAMA/CLK
High Pulse Width  Slow    RAMD32/CLK          n/a            1.250         4.167       2.917      SLICE_X40Y27    rv32im72f_8sp/register_file/registers_reg_r1_0_31_0_5/RAMA/CLK



---------------------------------------------------------------------------------------------------
From Clock:  clkfbout_clk_wiz_0
  To Clock:  clkfbout_clk_wiz_0

Setup :           NA  Failing Endpoints,  Worst Slack           NA  ,  Total Violation           NA
Hold  :           NA  Failing Endpoints,  Worst Slack           NA  ,  Total Violation           NA
PW    :            0  Failing Endpoints,  Worst Slack        2.633ns,  Total Violation        0.000ns
---------------------------------------------------------------------------------------------------


Pulse Width Checks
--------------------------------------------------------------------------------------
Clock Name:         clkfbout_clk_wiz_0
Waveform(ns):       { 0.000 25.000 }
Period(ns):         50.000
Sources:            { clk_gen/inst/plle2_adv_inst/CLKFBOUT }

Check Type  Corner  Lib Pin            Reference Pin  Required(ns)  Actual(ns)  Slack(ns)  Location        Pin
Min Period  n/a     BUFG/I             n/a            2.155         50.000      47.845     BUFGCTRL_X0Y1   clk_gen/inst/clkf_buf/I
Max Period  n/a     PLLE2_ADV/CLKFBIN  n/a            52.633        50.000      2.633      PLLE2_ADV_X1Y2  clk_gen/inst/plle2_adv_inst/CLKFBIN



---------------------------------------------------------------------------------------------------
Path Group:  **async_default**
From Clock:  clk_out1_clk_wiz_0
  To Clock:  clk_out1_clk_wiz_0

Setup :            0  Failing Endpoints,  Worst Slack        1.062ns,  Total Violation        0.000ns
Hold  :            0  Failing Endpoints,  Worst Slack        0.674ns,  Total Violation        0.000ns
---------------------------------------------------------------------------------------------------


Max Delay Paths
--------------------------------------------------------------------------------------
Slack (MET) :             1.062ns  (required time - arrival time)
  Source:                 reset_sync_reg[2]/C
                            (rising edge-triggered cell FDPE clocked by clk_out1_clk_wiz_0  {rise@0.000ns fall@4.167ns period=8.333ns})
  Destination:            rv32im72f_8sp/trap_controller/FSM_onehot_trap_handle_state_reg[10]/CLR
                            (recovery check against rising-edge clock clk_out1_clk_wiz_0  {rise@0.000ns fall@4.167ns period=8.333ns})
  Path Group:             **async_default**
  Path Type:              Recovery (Max at Slow Process Corner)
  Requirement:            8.333ns  (clk_out1_clk_wiz_0 rise@8.333ns - clk_out1_clk_wiz_0 rise@0.000ns)
  Data Path Delay:        6.681ns  (logic 0.456ns (6.826%)  route 6.225ns (93.174%))
  Logic Levels:           0  
  Clock Path Skew:        -0.042ns (DCD - SCD + CPR)
    Destination Clock Delay (DCD):    -1.844ns = ( 6.489 - 8.333 ) 
    Source Clock Delay      (SCD):    -2.221ns
    Clock Pessimism Removal (CPR):    -0.418ns
  Clock Uncertainty:      0.144ns  ((TSJ^2 + DJ^2)^1/2) / 2 + PE
    Total System Jitter     (TSJ):    0.071ns
    Discrete Jitter          (DJ):    0.279ns
    Phase Error              (PE):    0.000ns

    Location             Delay type                Incr(ns)  Path(ns)    Netlist Resource(s)
  -------------------------------------------------------------------    -------------------
                         (clock clk_out1_clk_wiz_0 rise edge)
                                                      0.000     0.000 r  
    R4                                                0.000     0.000 r  clk (IN)
                         net (fo=0)                   0.000     0.000    clk_gen/inst/clk_in1
    R4                   IBUF (Prop_ibuf_I_O)         1.475     1.475 r  clk_gen/inst/clkin1_ibufg/O
                         net (fo=1, routed)           1.253     2.728    clk_gen/inst/clk_in1_clk_wiz_0
    PLLE2_ADV_X1Y2       PLLE2_ADV (Prop_plle2_adv_CLKIN1_CLKOUT0)
                                                     -8.953    -6.225 r  clk_gen/inst/plle2_adv_inst/CLKOUT0
                         net (fo=1, routed)           1.802    -4.422    clk_gen/inst/clk_out1_clk_wiz_0
    BUFGCTRL_X0Y0        BUFG (Prop_bufg_I_O)         0.096    -4.326 r  clk_gen/inst/clkout1_buf/O
                         net (fo=2473, routed)        2.105    -2.221    clk_cpu
    SLICE_X27Y26         FDPE                                         r  reset_sync_reg[2]/C
  -------------------------------------------------------------------    -------------------
    SLICE_X27Y26         FDPE (Prop_fdpe_C_Q)         0.456    -1.765 f  reset_sync_reg[2]/Q
                         net (fo=923, routed)         6.225     4.460    rv32im72f_8sp/trap_controller/Q[0]
    SLICE_X35Y24         FDCE                                         f  rv32im72f_8sp/trap_controller/FSM_onehot_trap_handle_state_reg[10]/CLR
  -------------------------------------------------------------------    -------------------

                         (clock clk_out1_clk_wiz_0 rise edge)
                                                      8.333     8.333 r  
    R4                                                0.000     8.333 r  clk (IN)
                         net (fo=0)                   0.000     8.333    clk_gen/inst/clk_in1
    R4                   IBUF (Prop_ibuf_I_O)         1.405     9.738 r  clk_gen/inst/clkin1_ibufg/O
                         net (fo=1, routed)           1.181    10.919    clk_gen/inst/clk_in1_clk_wiz_0
    PLLE2_ADV_X1Y2       PLLE2_ADV (Prop_plle2_adv_CLKIN1_CLKOUT0)
                                                     -8.206     2.713 r  clk_gen/inst/plle2_adv_inst/CLKOUT0
                         net (fo=1, routed)           1.718     4.431    clk_gen/inst/clk_out1_clk_wiz_0
    BUFGCTRL_X0Y0        BUFG (Prop_bufg_I_O)         0.091     4.522 r  clk_gen/inst/clkout1_buf/O
                         net (fo=2473, routed)        1.967     6.489    rv32im72f_8sp/trap_controller/clk_out1
    SLICE_X35Y24         FDCE                                         r  rv32im72f_8sp/trap_controller/FSM_onehot_trap_handle_state_reg[10]/C
                         clock pessimism             -0.418     6.071    
                         clock uncertainty           -0.144     5.927    
    SLICE_X35Y24         FDCE (Recov_fdce_C_CLR)     -0.405     5.522    rv32im72f_8sp/trap_controller/FSM_onehot_trap_handle_state_reg[10]
  -------------------------------------------------------------------
                         required time                          5.522    
                         arrival time                          -4.460    
  -------------------------------------------------------------------
                         slack                                  1.062    





Min Delay Paths
--------------------------------------------------------------------------------------
Slack (MET) :             0.674ns  (arrival time - required time)
  Source:                 reset_sync_reg[2]/C
                            (rising edge-triggered cell FDPE clocked by clk_out1_clk_wiz_0  {rise@0.000ns fall@4.167ns period=8.333ns})
  Destination:            rv32im72f_8sp/trap_controller/FSM_onehot_trap_handle_state_reg[1]/CLR
                            (removal check against rising-edge clock clk_out1_clk_wiz_0  {rise@0.000ns fall@4.167ns period=8.333ns})
  Path Group:             **async_default**
  Path Type:              Removal (Min at Fast Process Corner)
  Requirement:            0.000ns  (clk_out1_clk_wiz_0 rise@0.000ns - clk_out1_clk_wiz_0 rise@0.000ns)
  Data Path Delay:        0.619ns  (logic 0.141ns (22.795%)  route 0.478ns (77.205%))
  Logic Levels:           0  
  Clock Path Skew:        0.037ns (DCD - SCD - CPR)
    Destination Clock Delay (DCD):    -0.267ns
    Source Clock Delay      (SCD):    -0.500ns
    Clock Pessimism Removal (CPR):    0.196ns

    Location             Delay type                Incr(ns)  Path(ns)    Netlist Resource(s)
  -------------------------------------------------------------------    -------------------
                         (clock clk_out1_clk_wiz_0 rise edge)
                                                      0.000     0.000 r  
    R4                                                0.000     0.000 r  clk (IN)
                         net (fo=0)                   0.000     0.000    clk_gen/inst/clk_in1
    R4                   IBUF (Prop_ibuf_I_O)         0.243     0.243 r  clk_gen/inst/clkin1_ibufg/O
                         net (fo=1, routed)           0.440     0.683    clk_gen/inst/clk_in1_clk_wiz_0
    PLLE2_ADV_X1Y2       PLLE2_ADV (Prop_plle2_adv_CLKIN1_CLKOUT0)
                                                     -2.503    -1.819 r  clk_gen/inst/plle2_adv_inst/CLKOUT0
                         net (fo=1, routed)           0.546    -1.273    clk_gen/inst/clk_out1_clk_wiz_0
    BUFGCTRL_X0Y0        BUFG (Prop_bufg_I_O)         0.026    -1.247 r  clk_gen/inst/clkout1_buf/O
                         net (fo=2473, routed)        0.748    -0.500    clk_cpu
    SLICE_X27Y26         FDPE                                         r  reset_sync_reg[2]/C
  -------------------------------------------------------------------    -------------------
    SLICE_X27Y26         FDPE (Prop_fdpe_C_Q)         0.141    -0.359 f  reset_sync_reg[2]/Q
                         net (fo=923, routed)         0.478     0.119    rv32im72f_8sp/trap_controller/Q[0]
    SLICE_X37Y31         FDCE                                         f  rv32im72f_8sp/trap_controller/FSM_onehot_trap_handle_state_reg[1]/CLR
  -------------------------------------------------------------------    -------------------

                         (clock clk_out1_clk_wiz_0 rise edge)
                                                      0.000     0.000 r  
    R4                                                0.000     0.000 r  clk (IN)
                         net (fo=0)                   0.000     0.000    clk_gen/inst/clk_in1
    R4                   IBUF (Prop_ibuf_I_O)         0.431     0.431 r  clk_gen/inst/clkin1_ibufg/O
                         net (fo=1, routed)           0.481     0.912    clk_gen/inst/clk_in1_clk_wiz_0
    PLLE2_ADV_X1Y2       PLLE2_ADV (Prop_plle2_adv_CLKIN1_CLKOUT0)
                                                     -2.828    -1.916 r  clk_gen/inst/plle2_adv_inst/CLKOUT0
                         net (fo=1, routed)           0.595    -1.322    clk_gen/inst/clk_out1_clk_wiz_0
    BUFGCTRL_X0Y0        BUFG (Prop_bufg_I_O)         0.029    -1.293 r  clk_gen/inst/clkout1_buf/O
                         net (fo=2473, routed)        1.026    -0.267    rv32im72f_8sp/trap_controller/clk_out1
    SLICE_X37Y31         FDCE                                         r  rv32im72f_8sp/trap_controller/FSM_onehot_trap_handle_state_reg[1]/C
                         clock pessimism             -0.196    -0.463    
    SLICE_X37Y31         FDCE (Remov_fdce_C_CLR)     -0.092    -0.555    rv32im72f_8sp/trap_controller/FSM_onehot_trap_handle_state_reg[1]
  -------------------------------------------------------------------
                         required time                          0.555    
                         arrival time                           0.119    
  -------------------------------------------------------------------
                         slack                                  0.674    





