Copyright 1986-2022 Xilinx, Inc. All Rights Reserved. Copyright 2022-2025 Advanced Micro Devices, Inc. All Rights Reserved.
---------------------------------------------------------------------------------------------------------------------------------------------
| Tool Version : Vivado v.2025.2 (lin64) Build 6299465 Fri Nov 14 12:34:56 MST 2025
| Date         : Thu Mar 26 21:40:26 2026
| Host         : khwl-ThinkPad-X1-Carbon-Gen-13 running 64-bit Ubuntu 24.04.4 LTS
| Command      : report_control_sets -verbose -file RV64IM72F5SPSoCTOP_control_sets_placed.rpt
| Design       : RV64IM72F5SPSoCTOP
| Device       : xc7a200t
---------------------------------------------------------------------------------------------------------------------------------------------

Control Set Information

Table of Contents
-----------------
1. Summary
2. Histogram
3. Flip-Flop Distribution
4. Detailed Control Set Information

1. Summary
----------

+----------------------------------------------------------+-------+
|                          Status                          | Count |
+----------------------------------------------------------+-------+
| Total control sets                                       |    99 |
|    Minimum number of control sets                        |    10 |
|    Addition due to synthesis replication                 |     0 |
|    Addition due to physical synthesis replication        |    89 |
| Unused register locations in slices containing registers |   382 |
+----------------------------------------------------------+-------+
* Control sets can be merged at opt_design using control_set_merge or merge_equivalent_drivers
** Run report_qor_suggestions for automated merging and remapping suggestions


2. Histogram
------------

+--------------------+-------+
|       Fanout       | Count |
+--------------------+-------+
| Total control sets |    99 |
| >= 0 to < 4        |    14 |
| >= 4 to < 6        |    10 |
| >= 6 to < 8        |     5 |
| >= 8 to < 10       |    10 |
| >= 10 to < 12      |     3 |
| >= 12 to < 14      |     5 |
| >= 14 to < 16      |     4 |
| >= 16              |    48 |
+--------------------+-------+
* Control sets can be remapped at either synth_design or opt_design


3. Flip-Flop Distribution
-------------------------

+--------------+-----------------------+------------------------+-----------------+--------------+
| Clock Enable | Synchronous Set/Reset | Asynchronous Set/Reset | Total Registers | Total Slices |
+--------------+-----------------------+------------------------+-----------------+--------------+
| No           | No                    | No                     |               5 |            4 |
| No           | No                    | Yes                    |              61 |           34 |
| No           | Yes                   | No                     |               0 |            0 |
| Yes          | No                    | No                     |               0 |            0 |
| Yes          | No                    | Yes                    |            1735 |          691 |
| Yes          | Yes                   | No                     |            2169 |          755 |
+--------------+-----------------------+------------------------+-----------------+--------------+


4. Detailed Control Set Information
-----------------------------------

+----------------+------------------------------------------------------------------+--------------------------------------------------------+------------------+----------------+--------------+
|  Clock Signal  |                           Enable Signal                          |                    Set/Reset Signal                    | Slice Load Count | Bel Load Count | Bels / Slice |
+----------------+------------------------------------------------------------------+--------------------------------------------------------+------------------+----------------+--------------+
|  clk_IBUF_BUFG | rv64im72f_6sp/id_ex_register/cpu_clk_enable_reg_1[0]             | internal_reset_repN_9                                  |                1 |              1 |         1.00 |
|  clk_IBUF_BUFG | rv64im72f_6sp/id_ex_register/cpu_clk_enable_reg_1[0]             | internal_reset_repN_3                                  |                1 |              1 |         1.00 |
|  clk_IBUF_BUFG | rv64im72f_6sp/id_ex_register/RDEN                                | internal_reset_repN                                    |                1 |              1 |         1.00 |
|  clk_IBUF_BUFG | cpu_clk_enable                                                   | internal_reset_repN_1                                  |                1 |              1 |         1.00 |
|  clk_IBUF_BUFG | cpu_clk_enable                                                   | internal_reset_repN_9                                  |                1 |              1 |         1.00 |
|  clk_IBUF_BUFG | rv64im72f_6sp/alu/divider_dword/quotient_sign4_out               | internal_reset_repN_9                                  |                1 |              1 |         1.00 |
|  clk_IBUF_BUFG | rv64im72f_6sp/exception_detector/WB_csr_write_enable_reg[0]      | internal_reset_repN_11                                 |                1 |              1 |         1.00 |
|  clk_IBUF_BUFG | uart_tx/tx_i_1_n_0                                               | internal_reset_repN_10                                 |                1 |              1 |         1.00 |
|  clk_IBUF_BUFG | rv64im72f_6sp/alu/divider_word/quotient_sign4_out                | internal_reset_repN_3                                  |                1 |              1 |         1.00 |
|  clk_IBUF_BUFG | rv64im72f_6sp/alu/divider_dword/FSM_onehot_state[3]_i_1__0_n_0   | internal_reset_repN_4                                  |                1 |              2 |         2.00 |
|  clk_IBUF_BUFG | rv64im72f_6sp/alu/divider_dword/FSM_onehot_state[3]_i_1__0_n_0   | internal_reset_repN_5                                  |                1 |              2 |         2.00 |
|  clk_IBUF_BUFG | rv64im72f_6sp/id_ex_register/RDEN                                | internal_reset_repN_11                                 |                1 |              2 |         2.00 |
|  clk_IBUF_BUFG |                                                                  | internal_reset_repN_5                                  |                2 |              2 |         1.00 |
|  clk_IBUF_BUFG | rv64im72f_6sp/exception_detector/trapped_reg_rep_4[0]            | internal_reset_repN_1                                  |                2 |              3 |         1.50 |
|  clk_IBUF_BUFG | rv64im72f_6sp/alu/multiplier_dword/FSM_onehot_stage[3]_i_1_n_0   | internal_reset_repN_10                                 |                1 |              4 |         4.00 |
|  clk_IBUF_BUFG | rv64im72f_6sp/alu/multiplier_word/FSM_onehot_stage[3]_i_1__0_n_0 | internal_reset_repN_10                                 |                1 |              4 |         4.00 |
|  clk_IBUF_BUFG | rv64im72f_6sp/exception_detector/E[0]                            | internal_reset_repN                                    |                2 |              4 |         2.00 |
|  clk_IBUF_BUFG | rv64im72f_6sp/alu/divider_word/FSM_onehot_state[3]_i_1_n_0       | internal_reset_repN_10                                 |                2 |              4 |         2.00 |
|  clk_IBUF_BUFG | uart_tx/bit_counter[3]_i_1__1_n_0                                | internal_reset_repN_10                                 |                2 |              4 |         2.00 |
|  clk_IBUF_BUFG | rv64im72f_6sp/exception_detector/cpu_clk_enable_reg[0]           | internal_reset_repN_1                                  |                4 |              5 |         1.25 |
|  clk_IBUF_BUFG |                                                                  |                                                        |                4 |              5 |         1.25 |
|  clk_IBUF_BUFG | rv64im72f_6sp/alu/divider_dword/quotient_sign4_out               | internal_reset_repN_6                                  |                2 |              5 |         2.50 |
|  clk_IBUF_BUFG | rv64im72f_6sp/exception_detector/WB_csr_write_enable_reg[0]      | internal_reset_repN_7                                  |                3 |              5 |         1.67 |
|  clk_IBUF_BUFG | rv64im72f_6sp/id_ex_register/RDEN                                | internal_reset_repN_7                                  |                2 |              5 |         2.50 |
|  clk_IBUF_BUFG | rv64im72f_6sp/alu/divider_word/bit_counter[5]_i_1_n_0            | internal_reset_repN_10                                 |                3 |              6 |         2.00 |
|  clk_IBUF_BUFG | rv64im72f_6sp/id_ex_register/RDEN                                | internal_reset_repN_1                                  |                1 |              6 |         6.00 |
|  clk_IBUF_BUFG | rv64im72f_6sp/alu/multiplier_dword/prod_high[63]_i_1_n_0         | internal_reset_repN_5                                  |                5 |              6 |         1.20 |
|  clk_IBUF_BUFG | cpu_clk_enable                                                   | internal_reset_repN_5                                  |                7 |              7 |         1.00 |
|  clk_IBUF_BUFG | rv64im72f_6sp/alu/divider_dword/quotient_reg[63]_i_1_n_0         | internal_reset_repN_8                                  |                2 |              7 |         3.50 |
|  clk_IBUF_BUFG | rv64im72f_6sp/id_ex_register/cpu_clk_enable_reg_0[0]             | internal_reset_repN_3                                  |                2 |              8 |         4.00 |
|  clk_IBUF_BUFG |                                                                  | internal_reset_repN                                    |                7 |              8 |         1.14 |
|  clk_IBUF_BUFG | mmio_interface/E[0]                                              | internal_reset_repN_10                                 |                4 |              9 |         2.25 |
|  clk_IBUF_BUFG | rv64im72f_6sp/id_ex_register/cpu_clk_enable_reg_1[0]             | internal_reset_repN_8                                  |                6 |              9 |         1.50 |
|  clk_IBUF_BUFG | rv64im72f_6sp/exception_detector/cpu_clk_enable_reg[0]           | internal_reset_repN                                    |                4 |              9 |         2.25 |
|  clk_IBUF_BUFG | rv64im72f_6sp/alu/multiplier_dword/result_sign_s22_out           | internal_reset_repN_5                                  |                4 |              9 |         2.25 |
|  clk_IBUF_BUFG | uart_tx/shift_reg[8]_i_1_n_0                                     | internal_reset_repN_10                                 |                4 |              9 |         2.25 |
|  clk_IBUF_BUFG | rv64im72f_6sp/exception_detector/E[0]                            | internal_reset_repN_1                                  |                3 |              9 |         3.00 |
|  clk_IBUF_BUFG | rv64im72f_6sp/alu/divider_dword/quotient_sign4_out               | internal_reset_repN_8                                  |                3 |              9 |         3.00 |
|  clk_IBUF_BUFG | rv64im72f_6sp/exception_detector/E[0]                            | internal_reset_repN_6                                  |                2 |              9 |         4.50 |
|  clk_IBUF_BUFG | rv64im72f_6sp/id_ex_register/cpu_clk_enable_reg_1[0]             | internal_reset_repN_5                                  |                8 |             10 |         1.25 |
|  clk_IBUF_BUFG | rv64im72f_6sp/exception_detector/trapped_reg_rep_4[0]            | internal_reset_repN                                    |                4 |             10 |         2.50 |
|  clk_IBUF_BUFG |                                                                  | internal_reset_repN_10                                 |                4 |             11 |         2.75 |
|  clk_IBUF_BUFG | rv64im72f_6sp/exception_detector/WB_csr_write_enable_reg[0]      | internal_reset_repN                                    |                6 |             12 |         2.00 |
|  clk_IBUF_BUFG | rv64im72f_6sp/id_ex_register/cpu_clk_enable_reg_0[0]             | internal_reset_repN_5                                  |               10 |             13 |         1.30 |
|  clk_IBUF_BUFG | rv64im72f_6sp/id_ex_register/cpu_clk_enable_reg_0[0]             | internal_reset_repN_10                                 |                7 |             13 |         1.86 |
|  clk_IBUF_BUFG | rv64im72f_6sp/id_ex_register/cpu_clk_enable_reg_1[0]             | internal_reset_repN_11                                 |                9 |             13 |         1.44 |
|  clk_IBUF_BUFG | rv64im72f_6sp/alu/multiplier_dword/result_sign_s22_out           | internal_reset_repN_8                                  |                8 |             13 |         1.62 |
|  clk_IBUF_BUFG | rv64im72f_6sp/exception_detector/cpu_clk_enable_reg[0]           | internal_reset_repN_6                                  |                4 |             15 |         3.75 |
|  clk_IBUF_BUFG | rv64im72f_6sp/exception_detector/trapped_reg_rep_4[0]            | internal_reset_repN_7                                  |                3 |             15 |         5.00 |
|  clk_IBUF_BUFG | cpu_clk_enable                                                   | internal_reset_repN                                    |               11 |             15 |         1.36 |
|  clk_IBUF_BUFG |                                                                  | reset                                                  |               13 |             15 |         1.15 |
|  clk_IBUF_BUFG | rv64im72f_6sp/exception_detector/WB_csr_write_enable_reg[0]      | internal_reset_repN_6                                  |                8 |             16 |         2.00 |
|  clk_IBUF_BUFG | rv64im72f_6sp/exception_detector/cpu_clk_enable_reg[0]           | internal_reset_repN_9                                  |                5 |             16 |         3.20 |
|  clk_IBUF_BUFG | rv64im72f_6sp/exception_detector/trapped_reg_rep_4[0]            | internal_reset_repN_6                                  |                5 |             16 |         3.20 |
|  clk_IBUF_BUFG | rv64im72f_6sp/id_ex_register/cpu_clk_enable_reg_1[0]             | internal_reset_repN_6                                  |                9 |             17 |         1.89 |
|  clk_IBUF_BUFG | rv64im72f_6sp/id_ex_register/cpu_clk_enable_reg_1[0]             | internal_reset_repN_4                                  |               11 |             17 |         1.55 |
|  clk_IBUF_BUFG | rv64im72f_6sp/alu/divider_dword/quotient_sign4_out               | internal_reset_repN_4                                  |                6 |             19 |         3.17 |
|  clk_IBUF_BUFG | rv64im72f_6sp/alu/divider_dword/bit_counter[6]_i_1_n_0           | internal_reset_repN_8                                  |                8 |             19 |         2.38 |
|  clk_IBUF_BUFG | rv64im72f_6sp/exception_detector/cpu_clk_enable_reg[0]           | internal_reset_repN_7                                  |                4 |             19 |         4.75 |
|  clk_IBUF_BUFG | cpu_clk_enable                                                   | internal_reset_repN_8                                  |               15 |             20 |         1.33 |
|  clk_IBUF_BUFG | rv64im72f_6sp/exception_detector/trapped_reg_rep_4[0]            | internal_reset_repN_9                                  |                6 |             20 |         3.33 |
|  clk_IBUF_BUFG | rv64im72f_6sp/exception_detector/E[0]                            | internal_reset_repN_9                                  |                7 |             20 |         2.86 |
|  clk_IBUF_BUFG | rv64im72f_6sp/exception_detector/E[0]                            | internal_reset_repN_7                                  |                5 |             22 |         4.40 |
|  clk_IBUF_BUFG | rv64im72f_6sp/alu/divider_dword/quotient_reg[63]_i_1_n_0         | internal_reset_repN_11                                 |                7 |             23 |         3.29 |
|  clk_IBUF_BUFG |                                                                  | internal_reset_repN_2                                  |                8 |             25 |         3.12 |
|  clk_IBUF_BUFG | rv64im72f_6sp/id_ex_register/cpu_clk_enable_reg[0]               | internal_reset_repN_4                                  |               10 |             26 |         2.60 |
|  clk_IBUF_BUFG | rv64im72f_6sp/exception_detector/WB_csr_write_enable_reg[0]      | internal_reset_repN_9                                  |               15 |             30 |         2.00 |
|  clk_IBUF_BUFG | rv64im72f_6sp/alu/divider_dword/quotient_sign4_out               | internal_reset_repN_11                                 |               11 |             32 |         2.91 |
|  clk_IBUF_BUFG | rv64im72f_6sp/id_ex_register/cpu_clk_enable_reg[0]               | internal_reset_repN_3                                  |               12 |             32 |         2.67 |
|  clk_IBUF_BUFG | rv64im72f_6sp/alu/divider_word/quotient_sign4_out                | internal_reset_repN_5                                  |               11 |             33 |         3.00 |
|  clk_IBUF_BUFG | rv64im72f_6sp/id_ex_register/cpu_clk_enable_reg[0]               | internal_reset_repN_8                                  |               14 |             33 |         2.36 |
|  clk_IBUF_BUFG | rv64im72f_6sp/alu/divider_dword/quotient_reg[63]_i_1_n_0         | internal_reset_repN_6                                  |               10 |             34 |         3.40 |
|  clk_IBUF_BUFG | rv64im72f_6sp/alu/divider_dword/bit_counter[6]_i_1_n_0           | internal_reset_repN_4                                  |               17 |             34 |         2.00 |
|  clk_IBUF_BUFG | rv64im72f_6sp/alu/multiplier_dword/prod_high[63]_i_1_n_0         | internal_reset_repN_8                                  |               14 |             35 |         2.50 |
|  clk_IBUF_BUFG | rv64im72f_6sp/alu/divider_dword/bit_counter[6]_i_1_n_0           | internal_reset_repN_6                                  |               11 |             35 |         3.18 |
|  clk_IBUF_BUFG | rv64im72f_6sp/alu/multiplier_dword/prod_high[63]_i_1_n_0         | internal_reset_repN_3                                  |               17 |             36 |         2.12 |
|  clk_IBUF_BUFG | rv64im72f_6sp/alu/multiplier_word/result_sign_s22_out            | internal_reset_repN_10                                 |               14 |             37 |         2.64 |
|  clk_IBUF_BUFG | rv64im72f_6sp/id_ex_register/cpu_clk_enable_reg[0]               | internal_reset_repN_5                                  |               15 |             38 |         2.53 |
|  clk_IBUF_BUFG | cpu_clk_enable                                                   | internal_reset_repN_11                                 |               32 |             38 |         1.19 |
|  clk_IBUF_BUFG | rv64im72f_6sp/alu/divider_dword/bit_counter[6]_i_1_n_0           | internal_reset_repN_11                                 |               15 |             47 |         3.13 |
|  clk_IBUF_BUFG | rv64im72f_6sp/id_ex_register/RDEN                                | internal_reset_repN_9                                  |               19 |             50 |         2.63 |
|  clk_IBUF_BUFG | rv64im72f_6sp/alu/multiplier_dword/prod_high[63]_i_1_n_0         | internal_reset_repN_4                                  |               17 |             51 |         3.00 |
|  clk_IBUF_BUFG | rv64im72f_6sp/alu/multiplier_dword/result_sign_s22_out           | internal_reset_repN_3                                  |               20 |             58 |         2.90 |
|  clk_IBUF_BUFG | cpu_clk_enable                                                   | internal_reset_repN_7                                  |               16 |             63 |         3.94 |
|  clk_IBUF_BUFG | rv64im72f_6sp/csr_file/minstret[0]                               | internal_reset_repN_7                                  |               17 |             64 |         3.76 |
|  clk_IBUF_BUFG | rv64im72f_6sp/alu/divider_word/bit_counter[5]_i_1_n_0            | internal_reset_repN_5                                  |               24 |             64 |         2.67 |
|  clk_IBUF_BUFG | rv64im72f_6sp/alu/divider_word/quotient_reg[31]_i_1_n_0          | internal_reset_repN_5                                  |               20 |             64 |         3.20 |
|  clk_IBUF_BUFG | rv64im72f_6sp/alu/divider_dword/quotient_reg[63]_i_1_n_0         | internal_reset_repN_4                                  |               16 |             64 |         4.00 |
|  clk_IBUF_BUFG | rv64im72f_6sp/id_ex_register/cpu_clk_enable_reg_7[0]             | rv64im72f_6sp/id_ex_register/cpu_clk_enable_reg_5[0]   |               57 |             64 |         1.12 |
|  clk_IBUF_BUFG | rv64im72f_6sp/alu/multiplier_word/prod_low[31]_i_1__0_n_0        | internal_reset_repN_10                                 |               23 |             64 |         2.78 |
|  clk_IBUF_BUFG | rv64im72f_6sp/id_ex_register/cpu_clk_enable_reg_2[0]             | internal_reset_repN_10                                 |               23 |             65 |         2.83 |
|  clk_IBUF_BUFG | rv64im72f_6sp/alu/multiplier_dword/result_sign_s22_out           | internal_reset_repN_4                                  |               29 |             65 |         2.24 |
|  clk_IBUF_BUFG | rv64im72f_6sp/if_io_register/IO_pc[63]_i_2_n_0                   | rv64im72f_6sp/id_ex_register/cpu_clk_enable_reg_6[0]   |               49 |            160 |         3.27 |
|  clk_IBUF_BUFG | rv64im72f_6sp/id_ex_register/E[0]                                | rv64im72f_6sp/trap_controller/cpu_clk_enable_reg[0]    |               43 |            161 |         3.74 |
|  clk_IBUF_BUFG | rv64im72f_6sp/mem_wb_register/p_0_in2_out                        |                                                        |               22 |            176 |         8.00 |
|  clk_IBUF_BUFG | rv64im72f_6sp/id_ex_register/cpu_clk_enable_reg_7[0]             | rv64im72f_6sp/mem_wb_register/WB_pc_plus_4[63]_i_1_n_0 |              124 |            388 |         3.13 |
|  clk_IBUF_BUFG | rv64im72f_6sp/id_ex_register/cpu_clk_enable_reg_7[0]             | rv64im72f_6sp/trap_controller/cpu_clk_enable_reg_0[0]  |              125 |            391 |         3.13 |
|  clk_IBUF_BUFG | rv64im72f_6sp/id_ex_register/E[0]                                | rv64im72f_6sp/trap_controller/SR[0]                    |              136 |            470 |         3.46 |
|  clk_IBUF_BUFG | rv64im72f_6sp/id_ex_register/cpu_clk_enable_reg_7[0]             | rv64im72f_6sp/exception_detector/cpu_clk_enable_reg_0  |              221 |            535 |         2.42 |
+----------------+------------------------------------------------------------------+--------------------------------------------------------+------------------+----------------+--------------+


