
*** Running vivado
    with args -log RV32IM72F8SPSoCTOP.vdi -applog -m64 -product Vivado -messageDb vivado.pb -mode batch -source RV32IM72F8SPSoCTOP.tcl -notrace


****** Vivado v2025.2 (64-bit)
  **** SW Build 6299465 on Fri Nov 14 12:34:56 MST 2025
  **** IP Build 6300035 on Fri Nov 14 10:48:45 MST 2025
  **** SharedData Build 6298862 on Thu Nov 13 04:50:51 MST 2025
  **** Start of session at: Sun Sep 13 18:56:38 2026
    ** Copyright 1986-2022 Xilinx, Inc. All Rights Reserved.
    ** Copyright 2022-2025 Advanced Micro Devices, Inc. All Rights Reserved.

source RV32IM72F8SPSoCTOP.tcl -notrace
Command: link_design -top RV32IM72F8SPSoCTOP -part xc7a200tsbg484-1
Design is defaulting to srcset: sources_1
Design is defaulting to constrset: constrs_1
INFO: [Device 21-403] Loading part xc7a200tsbg484-1
INFO: [Project 1-5699] Read binary netlist with skipMacroContent - 1
INFO: [Project 1-454] Reading design checkpoint '/home/khwl/Desktop/claude_RISCOF_RV-IM100/RV-IM100/RV32s/SoCs/RV32IM_8SP/RV64IM72F_8SP_100MHz.gen/sources_1/ip/clk_wiz_0_1/clk_wiz_0.dcp' for cell 'clk_gen'
Netlist sorting complete. Time (s): cpu = 00:00:00.01 ; elapsed = 00:00:00.02 . Memory (MB): peak = 1795.367 ; gain = 0.000 ; free physical = 13718 ; free virtual = 28734
INFO: [Netlist 29-17] Analyzing 258 Unisim elements for replacement
INFO: [Netlist 29-28] Unisim Transformation completed in 0 CPU seconds
INFO: [Project 1-479] Netlist was created with Vivado 2025.2
INFO: [Project 1-570] Preparing netlist for logic optimization
Parsing XDC File [/home/khwl/Desktop/claude_RISCOF_RV-IM100/RV-IM100/RV32s/SoCs/RV32IM_8SP/RV64IM72F_8SP_100MHz.gen/sources_1/ip/clk_wiz_0_1/clk_wiz_0_board.xdc] for cell 'clk_gen/inst'
Finished Parsing XDC File [/home/khwl/Desktop/claude_RISCOF_RV-IM100/RV-IM100/RV32s/SoCs/RV32IM_8SP/RV64IM72F_8SP_100MHz.gen/sources_1/ip/clk_wiz_0_1/clk_wiz_0_board.xdc] for cell 'clk_gen/inst'
Parsing XDC File [/home/khwl/Desktop/claude_RISCOF_RV-IM100/RV-IM100/RV32s/SoCs/RV32IM_8SP/RV64IM72F_8SP_100MHz.gen/sources_1/ip/clk_wiz_0_1/clk_wiz_0.xdc] for cell 'clk_gen/inst'
INFO: [Timing 38-35] Done setting XDC timing constraints. [/home/khwl/Desktop/claude_RISCOF_RV-IM100/RV-IM100/RV32s/SoCs/RV32IM_8SP/RV64IM72F_8SP_100MHz.gen/sources_1/ip/clk_wiz_0_1/clk_wiz_0.xdc:54]
INFO: [Timing 38-2] Deriving generated clocks [/home/khwl/Desktop/claude_RISCOF_RV-IM100/RV-IM100/RV32s/SoCs/RV32IM_8SP/RV64IM72F_8SP_100MHz.gen/sources_1/ip/clk_wiz_0_1/clk_wiz_0.xdc:54]
Finished Parsing XDC File [/home/khwl/Desktop/claude_RISCOF_RV-IM100/RV-IM100/RV32s/SoCs/RV32IM_8SP/RV64IM72F_8SP_100MHz.gen/sources_1/ip/clk_wiz_0_1/clk_wiz_0.xdc] for cell 'clk_gen/inst'
Parsing XDC File [/home/khwl/Desktop/claude_RISCOF_RV-IM100/RV-IM100/RV32s/SoCs/RV32IM_8SP/RV64IM72F_8SP_100MHz.srcs/constrs_1/imports/100MHz_RV64IM72F_8SP/RV64IM72F_5SP_Debug_XDC.xdc]
Finished Parsing XDC File [/home/khwl/Desktop/claude_RISCOF_RV-IM100/RV-IM100/RV32s/SoCs/RV32IM_8SP/RV64IM72F_8SP_100MHz.srcs/constrs_1/imports/100MHz_RV64IM72F_8SP/RV64IM72F_5SP_Debug_XDC.xdc]
INFO: [Opt 31-138] Pushed 0 inverter(s) to 0 load pin(s).
Netlist sorting complete. Time (s): cpu = 00:00:00 ; elapsed = 00:00:00 . Memory (MB): peak = 2521.906 ; gain = 0.000 ; free physical = 13126 ; free virtual = 28142
INFO: [Project 1-111] Unisim Transformation Summary:
  A total of 14 instances were transformed.
  RAM32M => RAM32M (RAMD32(x6), RAMS32(x2)): 10 instances
  RAM32X1D => RAM32X1D (RAMD32(x2)): 4 instances

11 Infos, 0 Warnings, 0 Critical Warnings and 0 Errors encountered.
link_design completed successfully
link_design: Time (s): cpu = 00:00:05 ; elapsed = 00:00:05 . Memory (MB): peak = 2521.941 ; gain = 801.637 ; free physical = 13126 ; free virtual = 28142
Command: opt_design -directive Explore
INFO: [Vivado_Tcl 4-136] Directive used for opt_design is: Explore
Attempting to get a license for feature 'Implementation' and/or device 'xc7a200t'
INFO: [Common 17-349] Got license for feature 'Implementation' and/or device 'xc7a200t'
Running DRC as a precondition to command opt_design

Starting DRC Task
INFO: [DRC 23-27] Running DRC with 16 threads
INFO: [Project 1-461] DRC finished with 0 Errors
INFO: [Project 1-462] Please refer to the DRC report (report_drc) for more information.

Time (s): cpu = 00:00:01 ; elapsed = 00:00:00.32 . Memory (MB): peak = 2703.352 ; gain = 181.410 ; free physical = 13036 ; free virtual = 28052

Starting Logic Optimization Task

Phase 1 Initialization

Phase 1.1 Core Generation And Design Setup
Phase 1.1 Core Generation And Design Setup | Checksum: 1f93fb0a6

Time (s): cpu = 00:00:00 ; elapsed = 00:00:00.01 . Memory (MB): peak = 2882.164 ; gain = 0.000 ; free physical = 12760 ; free virtual = 27774

Phase 1.2 Setup Constraints And Sort Netlist
Phase 1.2 Setup Constraints And Sort Netlist | Checksum: 1f93fb0a6

Time (s): cpu = 00:00:00 ; elapsed = 00:00:00.01 . Memory (MB): peak = 2882.164 ; gain = 0.000 ; free physical = 12760 ; free virtual = 27774
Phase 1 Initialization | Checksum: 1f93fb0a6

Time (s): cpu = 00:00:00 ; elapsed = 00:00:00.01 . Memory (MB): peak = 2882.164 ; gain = 0.000 ; free physical = 12760 ; free virtual = 27774

Phase 2 Timer Update And Timing Data Collection

Phase 2.1 Detect if minReqCache needed
Phase 2.1 Detect if minReqCache needed | Checksum: 1f93fb0a6

Time (s): cpu = 00:00:00 ; elapsed = 00:00:00.01 . Memory (MB): peak = 2882.164 ; gain = 0.000 ; free physical = 12760 ; free virtual = 27774

Phase 2.2 Timer Update
INFO: [Timing 38-35] Done setting XDC timing constraints.
Phase 2.2 Timer Update | Checksum: 1f93fb0a6

Time (s): cpu = 00:00:00.53 ; elapsed = 00:00:00.16 . Memory (MB): peak = 2932.977 ; gain = 50.812 ; free physical = 12759 ; free virtual = 27773

Phase 2.3 Timing Data Collection
Phase 2.3 Timing Data Collection | Checksum: 1f93fb0a6

Time (s): cpu = 00:00:00.53 ; elapsed = 00:00:00.16 . Memory (MB): peak = 2932.977 ; gain = 50.812 ; free physical = 12759 ; free virtual = 27773
Phase 2 Timer Update And Timing Data Collection | Checksum: 1f93fb0a6

Time (s): cpu = 00:00:00.53 ; elapsed = 00:00:00.16 . Memory (MB): peak = 2932.977 ; gain = 50.812 ; free physical = 12759 ; free virtual = 27773

Phase 3 Retarget
INFO: [Opt 31-1851] Number of loadless carry chains removed were: 0
INFO: [Opt 31-1834] Total Chains To Be Transformed Were: 0 AND Number of Transformed insts Created are: 0
INFO: [Opt 31-1566] Pulled 1 inverters resulting in an inversion of 33 pins
INFO: [Opt 31-138] Pushed 1 inverter(s) to 1 load pin(s).
INFO: [Opt 31-49] Retargeted 0 cell(s).
Phase 3 Retarget | Checksum: 23dbe5b97

Time (s): cpu = 00:00:00.57 ; elapsed = 00:00:00.2 . Memory (MB): peak = 2932.977 ; gain = 50.812 ; free physical = 12759 ; free virtual = 27773
Retarget | Checksum: 23dbe5b97
INFO: [Opt 31-389] Phase Retarget created 0 cells and removed 2 cells
INFO: [Opt 31-1021] In phase Retarget, 1 netlist objects are constrained preventing optimization. Please run opt_design with -debug_log to get more detail. 

Phase 4 Constant propagation
INFO: [Opt 31-138] Pushed 0 inverter(s) to 0 load pin(s).
Phase 4 Constant propagation | Checksum: 29e1db423

Time (s): cpu = 00:00:00.58 ; elapsed = 00:00:00.22 . Memory (MB): peak = 2932.977 ; gain = 50.812 ; free physical = 12759 ; free virtual = 27773
Constant propagation | Checksum: 29e1db423
INFO: [Opt 31-389] Phase Constant propagation created 0 cells and removed 0 cells

Phase 5 Sweep
INFO: [Constraints 18-11670] Building netlist checker database with flags, 0x8
Done building netlist checker database: Time (s): cpu = 00:00:00 ; elapsed = 00:00:00 . Memory (MB): peak = 2932.977 ; gain = 0.000 ; free physical = 12759 ; free virtual = 27773
INFO: [Constraints 18-11670] Building netlist checker database with flags, 0x8
Done building netlist checker database: Time (s): cpu = 00:00:00.01 ; elapsed = 00:00:00 . Memory (MB): peak = 2932.977 ; gain = 0.000 ; free physical = 12759 ; free virtual = 27773
Phase 5 Sweep | Checksum: 1eb063da6

Time (s): cpu = 00:00:00.6 ; elapsed = 00:00:00.24 . Memory (MB): peak = 2932.977 ; gain = 50.812 ; free physical = 12759 ; free virtual = 27773
Sweep | Checksum: 1eb063da6
INFO: [Opt 31-389] Phase Sweep created 7 cells and removed 0 cells

Phase 6 BUFG optimization
Phase 6 BUFG optimization | Checksum: 1eb063da6

Time (s): cpu = 00:00:00.64 ; elapsed = 00:00:00.26 . Memory (MB): peak = 2964.992 ; gain = 82.828 ; free physical = 12759 ; free virtual = 27773
BUFG optimization | Checksum: 1eb063da6
INFO: [Opt 31-662] Phase BUFG optimization created 0 cells of which 0 are BUFGs and removed 0 cells.

Phase 7 Shift Register Optimization
INFO: [Opt 31-1064] SRL Remap converted 0 SRLs to 0 registers and converted 0 registers of register chains to 0 SRLs
Phase 7 Shift Register Optimization | Checksum: 1eb063da6

Time (s): cpu = 00:00:00.64 ; elapsed = 00:00:00.26 . Memory (MB): peak = 2964.992 ; gain = 82.828 ; free physical = 12759 ; free virtual = 27773
Shift Register Optimization | Checksum: 1eb063da6
INFO: [Opt 31-389] Phase Shift Register Optimization created 0 cells and removed 0 cells
INFO: [Opt 31-1555] control_set_opt supports Versal devices only, and device 7a200t is unsupported

Phase 8 Post Processing Netlist
Phase 8 Post Processing Netlist | Checksum: 2b41d0b6e

Time (s): cpu = 00:00:00.64 ; elapsed = 00:00:00.27 . Memory (MB): peak = 2964.992 ; gain = 82.828 ; free physical = 12759 ; free virtual = 27773
Post Processing Netlist | Checksum: 2b41d0b6e
INFO: [Opt 31-389] Phase Post Processing Netlist created 0 cells and removed 0 cells

Phase 9 Finalization

Phase 9.1 Finalizing Design Cores and Updating Shapes
Phase 9.1 Finalizing Design Cores and Updating Shapes | Checksum: 1c82ec97d

Time (s): cpu = 00:00:00.68 ; elapsed = 00:00:00.31 . Memory (MB): peak = 2964.992 ; gain = 82.828 ; free physical = 12757 ; free virtual = 27771

Phase 9.2 Verifying Netlist Connectivity

Starting Connectivity Check Task

Time (s): cpu = 00:00:00 ; elapsed = 00:00:00 . Memory (MB): peak = 2964.992 ; gain = 0.000 ; free physical = 12757 ; free virtual = 27771
Phase 9.2 Verifying Netlist Connectivity | Checksum: 1c82ec97d

Time (s): cpu = 00:00:00.68 ; elapsed = 00:00:00.31 . Memory (MB): peak = 2964.992 ; gain = 82.828 ; free physical = 12757 ; free virtual = 27771
Phase 9 Finalization | Checksum: 1c82ec97d

Time (s): cpu = 00:00:00.68 ; elapsed = 00:00:00.31 . Memory (MB): peak = 2964.992 ; gain = 82.828 ; free physical = 12757 ; free virtual = 27771
Opt_design Change Summary
=========================


-------------------------------------------------------------------------------------------------------------------------
|  Phase                        |  #Cells created  |  #Cells Removed  |  #Constrained objects preventing optimizations  |
-------------------------------------------------------------------------------------------------------------------------
|  Retarget                     |               0  |               2  |                                              1  |
|  Constant propagation         |               0  |               0  |                                              0  |
|  Sweep                        |               7  |               0  |                                              0  |
|  BUFG optimization            |               0  |               0  |                                              0  |
|  Shift Register Optimization  |               0  |               0  |                                              0  |
|  Post Processing Netlist      |               0  |               0  |                                              0  |
-------------------------------------------------------------------------------------------------------------------------


Ending Logic Optimization Task | Checksum: 1c82ec97d

Time (s): cpu = 00:00:00.69 ; elapsed = 00:00:00.31 . Memory (MB): peak = 2964.992 ; gain = 82.828 ; free physical = 12757 ; free virtual = 27771
Netlist sorting complete. Time (s): cpu = 00:00:00 ; elapsed = 00:00:00 . Memory (MB): peak = 2964.992 ; gain = 0.000 ; free physical = 12759 ; free virtual = 27773
INFO: [Common 17-83] Releasing license: Implementation
35 Infos, 0 Warnings, 0 Critical Warnings and 0 Errors encountered.
opt_design completed successfully
INFO: [Vivado 12-24828] Executing command : report_drc -file RV32IM72F8SPSoCTOP_drc_opted.rpt -pb RV32IM72F8SPSoCTOP_drc_opted.pb -rpx RV32IM72F8SPSoCTOP_drc_opted.rpx
Command: report_drc -file RV32IM72F8SPSoCTOP_drc_opted.rpt -pb RV32IM72F8SPSoCTOP_drc_opted.pb -rpx RV32IM72F8SPSoCTOP_drc_opted.rpx
INFO: [IP_Flow 19-1839] IP Catalog is up to date.
INFO: [DRC 23-27] Running DRC with 16 threads
INFO: [Vivado_Tcl 2-168] The results of DRC are in file /home/khwl/Desktop/claude_RISCOF_RV-IM100/RV-IM100/RV32s/SoCs/RV32IM_8SP/RV64IM72F_8SP_100MHz.runs/impl_1/RV32IM72F8SPSoCTOP_drc_opted.rpt.
report_drc completed successfully
INFO: [Timing 38-480] Writing timing data to binary archive.
Wrote PlaceDB: Time (s): cpu = 00:00:00 ; elapsed = 00:00:00 . Memory (MB): peak = 2964.992 ; gain = 0.000 ; free physical = 12757 ; free virtual = 27771
Wrote PulsedLatchDB: Time (s): cpu = 00:00:00 ; elapsed = 00:00:00 . Memory (MB): peak = 2964.992 ; gain = 0.000 ; free physical = 12757 ; free virtual = 27771
Writing XDEF routing.
Write ShapeDB Complete: Time (s): cpu = 00:00:00.01 ; elapsed = 00:00:00.01 . Memory (MB): peak = 2964.992 ; gain = 0.000 ; free physical = 12757 ; free virtual = 27771
Writing XDEF routing logical nets.
Writing XDEF routing special nets.
Wrote RouteStorage: Time (s): cpu = 00:00:00.05 ; elapsed = 00:00:00.02 . Memory (MB): peak = 2964.992 ; gain = 0.000 ; free physical = 12757 ; free virtual = 27771
Wrote PlaceStorage: Time (s): cpu = 00:00:00 ; elapsed = 00:00:00 . Memory (MB): peak = 2964.992 ; gain = 0.000 ; free physical = 12757 ; free virtual = 27771
Wrote Netlist Cache: Time (s): cpu = 00:00:00 ; elapsed = 00:00:00 . Memory (MB): peak = 2964.992 ; gain = 0.000 ; free physical = 12757 ; free virtual = 27771
Wrote Device Cache: Time (s): cpu = 00:00:00.01 ; elapsed = 00:00:00 . Memory (MB): peak = 2964.992 ; gain = 0.000 ; free physical = 12757 ; free virtual = 27772
Write Physdb Complete: Time (s): cpu = 00:00:00.06 ; elapsed = 00:00:00.02 . Memory (MB): peak = 2964.992 ; gain = 0.000 ; free physical = 12757 ; free virtual = 27772
INFO: [Common 17-1381] The checkpoint '/home/khwl/Desktop/claude_RISCOF_RV-IM100/RV-IM100/RV32s/SoCs/RV32IM_8SP/RV64IM72F_8SP_100MHz.runs/impl_1/RV32IM72F8SPSoCTOP_opt.dcp' has been generated.
Command: place_design -directive Explore
Attempting to get a license for feature 'Implementation' and/or device 'xc7a200t'
INFO: [Common 17-349] Got license for feature 'Implementation' and/or device 'xc7a200t'
INFO: [Common 17-83] Releasing license: Implementation
INFO: [DRC 23-27] Running DRC with 16 threads
INFO: [Vivado_Tcl 4-198] DRC finished with 0 Errors
INFO: [Vivado_Tcl 4-199] Please refer to the DRC report (report_drc) for more information.
INFO: [Timing 38-35] Done setting XDC timing constraints.
INFO: [Vivado_Tcl 4-2302] The placer was invoked with the 'Explore' directive.
Running DRC as a precondition to command place_design
INFO: [DRC 23-27] Running DRC with 16 threads
INFO: [Vivado_Tcl 4-198] DRC finished with 0 Errors, 21 Warnings
INFO: [Vivado_Tcl 4-199] Please refer to the DRC report (report_drc) for more information.
INFO: [Place 30-611] Multithreading enabled for place_design using a maximum of 16 CPUs

Starting Placer Task

Phase 1 Placer Initialization

Phase 1.1 Placer Initialization Netlist Sorting
Netlist sorting complete. Time (s): cpu = 00:00:00 ; elapsed = 00:00:00 . Memory (MB): peak = 2964.992 ; gain = 0.000 ; free physical = 12748 ; free virtual = 27763
Phase 1.1 Placer Initialization Netlist Sorting | Checksum: ced96990

Time (s): cpu = 00:00:00 ; elapsed = 00:00:00 . Memory (MB): peak = 2964.992 ; gain = 0.000 ; free physical = 12748 ; free virtual = 27763
Netlist sorting complete. Time (s): cpu = 00:00:00 ; elapsed = 00:00:00.01 . Memory (MB): peak = 2964.992 ; gain = 0.000 ; free physical = 12748 ; free virtual = 27763

Phase 1.2 IO Placement/ Clock Placement/ Build Placer Device
Phase 1.2 IO Placement/ Clock Placement/ Build Placer Device | Checksum: 18c20d845

Time (s): cpu = 00:00:00.53 ; elapsed = 00:00:00.17 . Memory (MB): peak = 3053.035 ; gain = 88.043 ; free physical = 12747 ; free virtual = 27763

Phase 1.3 Build Placer Netlist Model
Phase 1.3 Build Placer Netlist Model | Checksum: 23c7ac28e

Time (s): cpu = 00:00:03 ; elapsed = 00:00:00.69 . Memory (MB): peak = 3132.125 ; gain = 167.133 ; free physical = 12746 ; free virtual = 27761

Phase 1.4 Constrain Clocks/Macros
Phase 1.4 Constrain Clocks/Macros | Checksum: 23c7ac28e

Time (s): cpu = 00:00:03 ; elapsed = 00:00:00.7 . Memory (MB): peak = 3132.125 ; gain = 167.133 ; free physical = 12746 ; free virtual = 27761
Phase 1 Placer Initialization | Checksum: 23c7ac28e

Time (s): cpu = 00:00:03 ; elapsed = 00:00:00.71 . Memory (MB): peak = 3132.125 ; gain = 167.133 ; free physical = 12745 ; free virtual = 27761

Phase 2 Global Placement

Phase 2.1 Floorplanning
Phase 2.1 Floorplanning | Checksum: 1d8a10fa4

Time (s): cpu = 00:00:04 ; elapsed = 00:00:00.95 . Memory (MB): peak = 3132.125 ; gain = 167.133 ; free physical = 12759 ; free virtual = 27775

Phase 2.2 Update Timing before SLR Path Opt
Phase 2.2 Update Timing before SLR Path Opt | Checksum: 21fedb371

Time (s): cpu = 00:00:04 ; elapsed = 00:00:01 . Memory (MB): peak = 3132.125 ; gain = 167.133 ; free physical = 12754 ; free virtual = 27771

Phase 2.3 Post-Processing in Floorplanning
Phase 2.3 Post-Processing in Floorplanning | Checksum: 21fedb371

Time (s): cpu = 00:00:04 ; elapsed = 00:00:01 . Memory (MB): peak = 3132.125 ; gain = 167.133 ; free physical = 12754 ; free virtual = 27771

Phase 2.4 Global Place Phase1
Phase 2.4 Global Place Phase1 | Checksum: 2149ec2a8

Time (s): cpu = 00:00:16 ; elapsed = 00:00:05 . Memory (MB): peak = 3132.125 ; gain = 167.133 ; free physical = 12747 ; free virtual = 27763

Phase 2.5 Global Place Phase2

Phase 2.5.1 UpdateTiming Before Physical Synthesis
Phase 2.5.1 UpdateTiming Before Physical Synthesis | Checksum: 227dc53a5

Time (s): cpu = 00:00:17 ; elapsed = 00:00:05 . Memory (MB): peak = 3132.125 ; gain = 167.133 ; free physical = 12746 ; free virtual = 27761

Phase 2.5.2 Physical Synthesis In Placer
INFO: [Physopt 32-1035] Found 0 LUTNM shape to break, 301 LUT instances to create LUTNM shape
INFO: [Physopt 32-1044] Break lutnm for timing: one critical 0, two critical 0, total 0, new lutff created 0
INFO: [Physopt 32-1138] End 1 Pass. Optimized 123 nets or LUTs. Breaked 0 LUT, combined 123 existing LUTs and moved 0 existing LUT
INFO: [Physopt 32-65] No nets found for high-fanout optimization.
INFO: [Physopt 32-232] Optimized 0 net. Created 0 new instance.
INFO: [Physopt 32-775] End 1 Pass. Optimized 0 net or cell. Created 0 new cell, deleted 0 existing cell and moved 0 existing cell
INFO: [Physopt 32-46] Identified 13 candidate nets for critical-cell optimization.
INFO: [Physopt 32-232] Optimized 0 net. Created 0 new instance.
INFO: [Physopt 32-775] End 1 Pass. Optimized 0 net or cell. Created 0 new cell, deleted 0 existing cell and moved 0 existing cell
INFO: [Physopt 32-456] No candidate cells for DSP register optimization found in the design.
INFO: [Physopt 32-775] End 2 Pass. Optimized 0 net or cell. Created 0 new cell, deleted 0 existing cell and moved 0 existing cell
INFO: [Physopt 32-1123] No candidate cells found for Shift Register to Pipeline optimization
INFO: [Physopt 32-775] End 2 Pass. Optimized 0 net or cell. Created 0 new cell, deleted 0 existing cell and moved 0 existing cell
INFO: [Physopt 32-1401] No candidate cells found for Shift Register optimization.
INFO: [Physopt 32-677] No candidate cells for Shift Register optimization found in the design
INFO: [Physopt 32-775] End 1 Pass. Optimized 0 net or cell. Created 0 new cell, deleted 0 existing cell and moved 0 existing cell
INFO: [Physopt 32-526] No candidate cells for BRAM register optimization found in the design
INFO: [Physopt 32-775] End 1 Pass. Optimized 0 net or cell. Created 0 new cell, deleted 0 existing cell and moved 0 existing cell
INFO: [Physopt 32-846] No candidate cells for URAM register optimization found in the design
INFO: [Physopt 32-775] End 1 Pass. Optimized 0 net or cell. Created 0 new cell, deleted 0 existing cell and moved 0 existing cell
INFO: [Physopt 32-846] No candidate cells for URAM register optimization found in the design
INFO: [Physopt 32-775] End 1 Pass. Optimized 0 net or cell. Created 0 new cell, deleted 0 existing cell and moved 0 existing cell
INFO: [Physopt 32-949] No candidate nets found for dynamic/static region interface net replication
INFO: [Physopt 32-775] End 1 Pass. Optimized 0 net or cell. Created 0 new cell, deleted 0 existing cell and moved 0 existing cell
Netlist sorting complete. Time (s): cpu = 00:00:00 ; elapsed = 00:00:00 . Memory (MB): peak = 3132.125 ; gain = 0.000 ; free physical = 12745 ; free virtual = 27761

Summary of Physical Synthesis Optimizations
============================================


-----------------------------------------------------------------------------------------------------------------------------------------------------------
|  Optimization                                     |  Added Cells  |  Removed Cells  |  Optimized Cells/Nets  |  Dont Touch  |  Iterations  |  Elapsed   |
-----------------------------------------------------------------------------------------------------------------------------------------------------------
|  LUT Combining                                    |            0  |            123  |                   123  |           0  |           1  |  00:00:00  |
|  Retime                                           |            0  |              0  |                     0  |           0  |           1  |  00:00:00  |
|  Very High Fanout                                 |            0  |              0  |                     0  |           0  |           1  |  00:00:00  |
|  Critical Cell                                    |            0  |              0  |                     0  |           0  |           1  |  00:00:00  |
|  DSP Register                                     |            0  |              0  |                     0  |           0  |           1  |  00:00:00  |
|  Shift Register to Pipeline                       |            0  |              0  |                     0  |           0  |           1  |  00:00:00  |
|  Shift Register                                   |            0  |              0  |                     0  |           0  |           1  |  00:00:00  |
|  BRAM Register                                    |            0  |              0  |                     0  |           0  |           1  |  00:00:00  |
|  URAM Register                                    |            0  |              0  |                     0  |           0  |           1  |  00:00:00  |
|  Dynamic/Static Region Interface Net Replication  |            0  |              0  |                     0  |           0  |           1  |  00:00:00  |
|  Total                                            |            0  |            123  |                   123  |           0  |          10  |  00:00:00  |
-----------------------------------------------------------------------------------------------------------------------------------------------------------


Phase 2.5.2 Physical Synthesis In Placer | Checksum: 1e0ce3468

Time (s): cpu = 00:00:18 ; elapsed = 00:00:05 . Memory (MB): peak = 3132.125 ; gain = 167.133 ; free physical = 12745 ; free virtual = 27760
Phase 2.5 Global Place Phase2 | Checksum: 2a9d9ed87

Time (s): cpu = 00:00:19 ; elapsed = 00:00:06 . Memory (MB): peak = 3132.125 ; gain = 167.133 ; free physical = 12744 ; free virtual = 27760
Phase 2 Global Placement | Checksum: 2a9d9ed87

Time (s): cpu = 00:00:19 ; elapsed = 00:00:06 . Memory (MB): peak = 3132.125 ; gain = 167.133 ; free physical = 12744 ; free virtual = 27760

Phase 3 Detail Placement

Phase 3.1 Commit Multi Column Macros
Phase 3.1 Commit Multi Column Macros | Checksum: 1fff27c6c

Time (s): cpu = 00:00:20 ; elapsed = 00:00:06 . Memory (MB): peak = 3132.125 ; gain = 167.133 ; free physical = 12742 ; free virtual = 27759

Phase 3.2 Commit Most Macros & LUTRAMs
Phase 3.2 Commit Most Macros & LUTRAMs | Checksum: 3191153a6

Time (s): cpu = 00:00:21 ; elapsed = 00:00:06 . Memory (MB): peak = 3132.125 ; gain = 167.133 ; free physical = 12741 ; free virtual = 27758

Phase 3.3 Area Swap Optimization
Phase 3.3 Area Swap Optimization | Checksum: 337871704

Time (s): cpu = 00:00:21 ; elapsed = 00:00:06 . Memory (MB): peak = 3132.125 ; gain = 167.133 ; free physical = 12741 ; free virtual = 27759

Phase 3.4 Pipeline Register Optimization
Phase 3.4 Pipeline Register Optimization | Checksum: 2bf4ecb07

Time (s): cpu = 00:00:21 ; elapsed = 00:00:06 . Memory (MB): peak = 3132.125 ; gain = 167.133 ; free physical = 12741 ; free virtual = 27759

Phase 3.5 Fast Optimization
Phase 3.5 Fast Optimization | Checksum: 2def9acca

Time (s): cpu = 00:00:24 ; elapsed = 00:00:07 . Memory (MB): peak = 3132.125 ; gain = 167.133 ; free physical = 12730 ; free virtual = 27745

Phase 3.6 Small Shape Detail Placement
Phase 3.6 Small Shape Detail Placement | Checksum: 29604746c

Time (s): cpu = 00:00:26 ; elapsed = 00:00:09 . Memory (MB): peak = 3132.125 ; gain = 167.133 ; free physical = 12729 ; free virtual = 27744

Phase 3.7 Re-assign LUT pins
Phase 3.7 Re-assign LUT pins | Checksum: 2f1d65690

Time (s): cpu = 00:00:26 ; elapsed = 00:00:09 . Memory (MB): peak = 3132.125 ; gain = 167.133 ; free physical = 12729 ; free virtual = 27744

Phase 3.8 Pipeline Register Optimization
Phase 3.8 Pipeline Register Optimization | Checksum: 212733f6a

Time (s): cpu = 00:00:26 ; elapsed = 00:00:09 . Memory (MB): peak = 3132.125 ; gain = 167.133 ; free physical = 12729 ; free virtual = 27744
Phase 3 Detail Placement | Checksum: 212733f6a

Time (s): cpu = 00:00:26 ; elapsed = 00:00:09 . Memory (MB): peak = 3132.125 ; gain = 167.133 ; free physical = 12729 ; free virtual = 27744

Phase 4 Post Placement Optimization and Clean-Up

Phase 4.1 Post Commit Optimization
INFO: [Timing 38-35] Done setting XDC timing constraints.

Phase 4.1.1 Post Placement Optimization
Post Placement Optimization Initialization | Checksum: 23037274e

Phase 4.1.1.1 BUFG Insertion

Starting Physical Synthesis Task

Phase 1 Physical Synthesis Initialization
INFO: [Physopt 32-721] Multithreading enabled for phys_opt_design using a maximum of 16 CPUs
INFO: [Physopt 32-619] Estimated Timing Summary | WNS=-1.059 | TNS=-27.726 |
Phase 1 Physical Synthesis Initialization | Checksum: 217c4201e

Time (s): cpu = 00:00:00.17 ; elapsed = 00:00:00.04 . Memory (MB): peak = 3132.125 ; gain = 0.000 ; free physical = 12730 ; free virtual = 27745
INFO: [Place 46-56] BUFG insertion identified 0 candidate nets. Inserted BUFG: 0, Replicated BUFG Driver: 0, Skipped due to Placement/Routing Conflicts: 0, Skipped due to Timing Degradation: 0, Skipped due to netlist editing failed: 0.
Ending Physical Synthesis Task | Checksum: 27458a91b

Time (s): cpu = 00:00:00.19 ; elapsed = 00:00:00.05 . Memory (MB): peak = 3132.125 ; gain = 0.000 ; free physical = 12730 ; free virtual = 27745
Phase 4.1.1.1 BUFG Insertion | Checksum: 23037274e

Time (s): cpu = 00:00:29 ; elapsed = 00:00:09 . Memory (MB): peak = 3132.125 ; gain = 167.133 ; free physical = 12730 ; free virtual = 27745

Phase 4.1.1.2 Post Placement Timing Optimization
INFO: [Place 30-746] Post Placement Timing Summary WNS=0.445. For the most accurate timing information please run report_timing.
Phase 4.1.1.2 Post Placement Timing Optimization | Checksum: 1b687cdde

Time (s): cpu = 00:01:05 ; elapsed = 00:00:42 . Memory (MB): peak = 3132.125 ; gain = 167.133 ; free physical = 12756 ; free virtual = 27772

Time (s): cpu = 00:01:05 ; elapsed = 00:00:42 . Memory (MB): peak = 3132.125 ; gain = 167.133 ; free physical = 12756 ; free virtual = 27772
Phase 4.1 Post Commit Optimization | Checksum: 1b687cdde

Time (s): cpu = 00:01:05 ; elapsed = 00:00:42 . Memory (MB): peak = 3132.125 ; gain = 167.133 ; free physical = 12756 ; free virtual = 27772

Phase 4.2 Post Placement Cleanup
Phase 4.2 Post Placement Cleanup | Checksum: 1b687cdde

Time (s): cpu = 00:01:05 ; elapsed = 00:00:42 . Memory (MB): peak = 3132.125 ; gain = 167.133 ; free physical = 12756 ; free virtual = 27772

Phase 4.3 Placer Reporting

Phase 4.3.1 Print Estimated Congestion
INFO: [Place 30-612] Post-Placement Estimated Congestion 
 ____________________________________________________
|           | Global Congestion | Short Congestion  |
| Direction | Region Size       | Region Size       |
|___________|___________________|___________________|
|      North|                4x4|                8x8|
|___________|___________________|___________________|
|      South|                1x1|                2x2|
|___________|___________________|___________________|
|       East|                1x1|                4x4|
|___________|___________________|___________________|
|       West|                1x1|                2x2|
|___________|___________________|___________________|

Phase 4.3.1 Print Estimated Congestion | Checksum: 1b687cdde

Time (s): cpu = 00:01:05 ; elapsed = 00:00:42 . Memory (MB): peak = 3132.125 ; gain = 167.133 ; free physical = 12756 ; free virtual = 27772
Phase 4.3 Placer Reporting | Checksum: 1b687cdde

Time (s): cpu = 00:01:05 ; elapsed = 00:00:42 . Memory (MB): peak = 3132.125 ; gain = 167.133 ; free physical = 12756 ; free virtual = 27772

Phase 4.4 Final Placement Cleanup
Netlist sorting complete. Time (s): cpu = 00:00:00.01 ; elapsed = 00:00:00 . Memory (MB): peak = 3132.125 ; gain = 0.000 ; free physical = 12756 ; free virtual = 27772

Time (s): cpu = 00:01:05 ; elapsed = 00:00:42 . Memory (MB): peak = 3132.125 ; gain = 167.133 ; free physical = 12756 ; free virtual = 27772
Phase 4 Post Placement Optimization and Clean-Up | Checksum: 1dda8c961

Time (s): cpu = 00:01:05 ; elapsed = 00:00:42 . Memory (MB): peak = 3132.125 ; gain = 167.133 ; free physical = 12756 ; free virtual = 27772
Ending Placer Task | Checksum: 1aa642f8c

Time (s): cpu = 00:01:05 ; elapsed = 00:00:42 . Memory (MB): peak = 3132.125 ; gain = 167.133 ; free physical = 12756 ; free virtual = 27772
82 Infos, 0 Warnings, 0 Critical Warnings and 0 Errors encountered.
place_design completed successfully
place_design: Time (s): cpu = 00:01:08 ; elapsed = 00:00:43 . Memory (MB): peak = 3132.125 ; gain = 167.133 ; free physical = 12756 ; free virtual = 27772
INFO: [Vivado 12-24838] Running report commands "report_control_sets, report_io, report_utilization" in parallel.
Running report generation with 3 threads.
INFO: [Vivado 12-24828] Executing command : report_control_sets -verbose -file RV32IM72F8SPSoCTOP_control_sets_placed.rpt
report_control_sets: Time (s): cpu = 00:00:00.08 ; elapsed = 00:00:00.06 . Memory (MB): peak = 3132.125 ; gain = 0.000 ; free physical = 12752 ; free virtual = 27768
INFO: [Vivado 12-24828] Executing command : report_utilization -file RV32IM72F8SPSoCTOP_utilization_placed.rpt -pb RV32IM72F8SPSoCTOP_utilization_placed.pb
INFO: [Vivado 12-24828] Executing command : report_io -file RV32IM72F8SPSoCTOP_io_placed.rpt
report_io: Time (s): cpu = 00:00:00.15 ; elapsed = 00:00:00.16 . Memory (MB): peak = 3132.125 ; gain = 0.000 ; free physical = 12744 ; free virtual = 27760
INFO: [Timing 38-480] Writing timing data to binary archive.
Wrote PlaceDB: Time (s): cpu = 00:00:00 ; elapsed = 00:00:00 . Memory (MB): peak = 3132.125 ; gain = 0.000 ; free physical = 12744 ; free virtual = 27760
Wrote PulsedLatchDB: Time (s): cpu = 00:00:00 ; elapsed = 00:00:00 . Memory (MB): peak = 3132.125 ; gain = 0.000 ; free physical = 12744 ; free virtual = 27760
Writing XDEF routing.
Write ShapeDB Complete: Time (s): cpu = 00:00:00.03 ; elapsed = 00:00:00.01 . Memory (MB): peak = 3132.125 ; gain = 0.000 ; free physical = 12744 ; free virtual = 27760
Writing XDEF routing logical nets.
Writing XDEF routing special nets.
Wrote RouteStorage: Time (s): cpu = 00:00:00.05 ; elapsed = 00:00:00.01 . Memory (MB): peak = 3132.125 ; gain = 0.000 ; free physical = 12744 ; free virtual = 27760
Wrote PlaceStorage: Time (s): cpu = 00:00:00.25 ; elapsed = 00:00:00.09 . Memory (MB): peak = 3132.125 ; gain = 0.000 ; free physical = 12742 ; free virtual = 27762
Wrote Netlist Cache: Time (s): cpu = 00:00:00 ; elapsed = 00:00:00 . Memory (MB): peak = 3132.125 ; gain = 0.000 ; free physical = 12742 ; free virtual = 27762
Wrote Device Cache: Time (s): cpu = 00:00:00 ; elapsed = 00:00:00 . Memory (MB): peak = 3132.125 ; gain = 0.000 ; free physical = 12742 ; free virtual = 27762
Write Physdb Complete: Time (s): cpu = 00:00:00.31 ; elapsed = 00:00:00.1 . Memory (MB): peak = 3132.125 ; gain = 0.000 ; free physical = 12742 ; free virtual = 27762
INFO: [Common 17-1381] The checkpoint '/home/khwl/Desktop/claude_RISCOF_RV-IM100/RV-IM100/RV32s/SoCs/RV32IM_8SP/RV64IM72F_8SP_100MHz.runs/impl_1/RV32IM72F8SPSoCTOP_placed.dcp' has been generated.
Command: phys_opt_design -directive Explore
Attempting to get a license for feature 'Implementation' and/or device 'xc7a200t'
INFO: [Common 17-349] Got license for feature 'Implementation' and/or device 'xc7a200t'
INFO: [Vivado_Tcl 4-137] Directive used for phys_opt_design is: Explore

Starting Initial Update Timing Task

Time (s): cpu = 00:00:03 ; elapsed = 00:00:00.35 . Memory (MB): peak = 3132.125 ; gain = 0.000 ; free physical = 12745 ; free virtual = 27764
INFO: [Vivado_Tcl 4-2279] Estimated Timing Summary | WNS= 0.445 | TNS= 0.000 | 
INFO: [Vivado_Tcl 4-383] Design worst setup slack (WNS) is greater than or equal to 0.000 ns. All physical synthesis setup optimizations will be skipped.
INFO: [Vivado_Tcl 4-232] No setup violation found. The netlist was not modified.
INFO: [Common 17-83] Releasing license: Implementation
94 Infos, 0 Warnings, 0 Critical Warnings and 0 Errors encountered.
phys_opt_design completed successfully
INFO: [Timing 38-480] Writing timing data to binary archive.
Wrote PlaceDB: Time (s): cpu = 00:00:00 ; elapsed = 00:00:00 . Memory (MB): peak = 3132.125 ; gain = 0.000 ; free physical = 12745 ; free virtual = 27764
Wrote PulsedLatchDB: Time (s): cpu = 00:00:00 ; elapsed = 00:00:00 . Memory (MB): peak = 3132.125 ; gain = 0.000 ; free physical = 12745 ; free virtual = 27764
Writing XDEF routing.
Write ShapeDB Complete: Time (s): cpu = 00:00:00.02 ; elapsed = 00:00:00.01 . Memory (MB): peak = 3132.125 ; gain = 0.000 ; free physical = 12745 ; free virtual = 27764
Writing XDEF routing logical nets.
Writing XDEF routing special nets.
Wrote RouteStorage: Time (s): cpu = 00:00:00.05 ; elapsed = 00:00:00.02 . Memory (MB): peak = 3132.125 ; gain = 0.000 ; free physical = 12745 ; free virtual = 27765
Wrote PlaceStorage: Time (s): cpu = 00:00:00.23 ; elapsed = 00:00:00.08 . Memory (MB): peak = 3132.125 ; gain = 0.000 ; free physical = 12743 ; free virtual = 27767
Wrote Netlist Cache: Time (s): cpu = 00:00:00 ; elapsed = 00:00:00 . Memory (MB): peak = 3132.125 ; gain = 0.000 ; free physical = 12742 ; free virtual = 27767
Wrote Device Cache: Time (s): cpu = 00:00:00.01 ; elapsed = 00:00:00 . Memory (MB): peak = 3132.125 ; gain = 0.000 ; free physical = 12742 ; free virtual = 27767
Write Physdb Complete: Time (s): cpu = 00:00:00.29 ; elapsed = 00:00:00.1 . Memory (MB): peak = 3132.125 ; gain = 0.000 ; free physical = 12742 ; free virtual = 27767
INFO: [Common 17-1381] The checkpoint '/home/khwl/Desktop/claude_RISCOF_RV-IM100/RV-IM100/RV32s/SoCs/RV32IM_8SP/RV64IM72F_8SP_100MHz.runs/impl_1/RV32IM72F8SPSoCTOP_physopt.dcp' has been generated.
Command: route_design -directive Explore -tns_cleanup
Attempting to get a license for feature 'Implementation' and/or device 'xc7a200t'
INFO: [Common 17-349] Got license for feature 'Implementation' and/or device 'xc7a200t'


Starting Routing Task
INFO: [Route 35-270] Using Router directive 'Explore'.
INFO: [Route 35-254] Multithreading enabled for route_design using a maximum of 16 CPUs

Phase 1 Build RT Design
Checksum: PlaceDB: 4529b691 ConstDB: 0 ShapeSum: cd1f8d97 RouteDB: 981aeb64
Post Restoration Checksum: NetGraph: a037b57e | NumContArr: 5bcc1b52 | Constraints: c2a8fa9d | Timing: c2a8fa9d
Phase 1 Build RT Design | Checksum: 28155c60a

Time (s): cpu = 00:00:27 ; elapsed = 00:00:20 . Memory (MB): peak = 3132.125 ; gain = 0.000 ; free physical = 12681 ; free virtual = 27701

Phase 2 Router Initialization

Phase 2.1 Fix Topology Constraints
Phase 2.1 Fix Topology Constraints | Checksum: 28155c60a

Time (s): cpu = 00:00:27 ; elapsed = 00:00:20 . Memory (MB): peak = 3132.125 ; gain = 0.000 ; free physical = 12681 ; free virtual = 27700

Phase 2.2 Pre Route Cleanup
Phase 2.2 Pre Route Cleanup | Checksum: 28155c60a

Time (s): cpu = 00:00:27 ; elapsed = 00:00:20 . Memory (MB): peak = 3132.125 ; gain = 0.000 ; free physical = 12680 ; free virtual = 27700
 Number of Nodes with overlaps = 0

Phase 2.3 Update Timing
Phase 2.3 Update Timing | Checksum: 1ee57ccc7

Time (s): cpu = 00:00:32 ; elapsed = 00:00:21 . Memory (MB): peak = 3168.398 ; gain = 36.273 ; free physical = 12571 ; free virtual = 27591
INFO: [Route 35-416] Intermediate Timing Summary | WNS=0.449  | TNS=0.000  | WHS=-0.167 | THS=-33.220|


Phase 2.4 Soft Constraint Pins - Fast Budgeting
Phase 2.4 Soft Constraint Pins - Fast Budgeting | Checksum: 258f38e9f

Time (s): cpu = 00:00:33 ; elapsed = 00:00:21 . Memory (MB): peak = 3168.398 ; gain = 36.273 ; free physical = 12571 ; free virtual = 27591

Router Utilization Summary
  Global Vertical Routing Utilization    = 0 %
  Global Horizontal Routing Utilization  = 0 %
  Routable Net Status*
  *Does not include unroutable nets such as driverless and loadless.
  Run report_route_status for detailed report.
  Number of Failed Nets               = 5060
    (Failed Nets is the sum of unrouted and partially routed nets)
  Number of Unrouted Nets             = 5060
  Number of Partially Routed Nets     = 0
  Number of Node Overlaps             = 0

Phase 2 Router Initialization | Checksum: 1bfc407ca

Time (s): cpu = 00:00:34 ; elapsed = 00:00:21 . Memory (MB): peak = 3179.484 ; gain = 47.359 ; free physical = 12563 ; free virtual = 27584

Phase 3 Global Routing
Phase 3 Global Routing | Checksum: 1bfc407ca

Time (s): cpu = 00:00:34 ; elapsed = 00:00:21 . Memory (MB): peak = 3179.484 ; gain = 47.359 ; free physical = 12563 ; free virtual = 27584

Phase 4 Initial Routing

Phase 4.1 Initial Net Routing Pass
Phase 4.1 Initial Net Routing Pass | Checksum: 2b418305e

Time (s): cpu = 00:00:36 ; elapsed = 00:00:22 . Memory (MB): peak = 3179.484 ; gain = 47.359 ; free physical = 12564 ; free virtual = 27583
Phase 4 Initial Routing | Checksum: 2b418305e

Time (s): cpu = 00:00:36 ; elapsed = 00:00:22 . Memory (MB): peak = 3179.484 ; gain = 47.359 ; free physical = 12564 ; free virtual = 27583

Phase 5 Rip-up And Reroute

Phase 5.1 Global Iteration 0
 Number of Nodes with overlaps = 2072
 Number of Nodes with overlaps = 824
 Number of Nodes with overlaps = 348
 Number of Nodes with overlaps = 194
 Number of Nodes with overlaps = 104
 Number of Nodes with overlaps = 56
 Number of Nodes with overlaps = 35
 Number of Nodes with overlaps = 17
 Number of Nodes with overlaps = 6
 Number of Nodes with overlaps = 5
 Number of Nodes with overlaps = 5
 Number of Nodes with overlaps = 2
 Number of Nodes with overlaps = 2
 Number of Nodes with overlaps = 0
INFO: [Route 35-416] Intermediate Timing Summary | WNS=-0.301 | TNS=-2.723 | WHS=N/A    | THS=N/A    |

Phase 5.1 Global Iteration 0 | Checksum: 227672c42

Time (s): cpu = 00:01:18 ; elapsed = 00:00:45 . Memory (MB): peak = 3179.484 ; gain = 47.359 ; free physical = 12566 ; free virtual = 27586

Phase 5.2 Global Iteration 1
 Number of Nodes with overlaps = 259
 Number of Nodes with overlaps = 138
 Number of Nodes with overlaps = 44
 Number of Nodes with overlaps = 14
 Number of Nodes with overlaps = 4
 Number of Nodes with overlaps = 2
 Number of Nodes with overlaps = 0
INFO: [Route 35-416] Intermediate Timing Summary | WNS=-0.332 | TNS=-2.316 | WHS=N/A    | THS=N/A    |

Phase 5.2 Global Iteration 1 | Checksum: 29c1b623d

Time (s): cpu = 00:01:23 ; elapsed = 00:00:48 . Memory (MB): peak = 3179.484 ; gain = 47.359 ; free physical = 12567 ; free virtual = 27586
Phase 5 Rip-up And Reroute | Checksum: 29c1b623d

Time (s): cpu = 00:01:23 ; elapsed = 00:00:48 . Memory (MB): peak = 3179.484 ; gain = 47.359 ; free physical = 12567 ; free virtual = 27586

Phase 6 Delay and Skew Optimization

Phase 6.1 TNS Cleanup

Phase 6.1.1 Delay CleanUp

Phase 6.1.1.1 Update Timing
Phase 6.1.1.1 Update Timing | Checksum: 293f1ed39

Time (s): cpu = 00:01:23 ; elapsed = 00:00:48 . Memory (MB): peak = 3179.484 ; gain = 47.359 ; free physical = 12567 ; free virtual = 27586
INFO: [Route 35-416] Intermediate Timing Summary | WNS=-0.205 | TNS=-0.952 | WHS=N/A    | THS=N/A    |

 Number of Nodes with overlaps = 0

Phase 6.1.1.2 Update Timing
Phase 6.1.1.2 Update Timing | Checksum: 25a805bf9

Time (s): cpu = 00:01:24 ; elapsed = 00:00:48 . Memory (MB): peak = 3179.484 ; gain = 47.359 ; free physical = 12567 ; free virtual = 27586
INFO: [Route 35-416] Intermediate Timing Summary | WNS=-0.168 | TNS=-0.249 | WHS=N/A    | THS=N/A    |

 Number of Nodes with overlaps = 0

Phase 6.1.1.3 Update Timing
Phase 6.1.1.3 Update Timing | Checksum: 25998dddc

Time (s): cpu = 00:01:24 ; elapsed = 00:00:48 . Memory (MB): peak = 3179.484 ; gain = 47.359 ; free physical = 12566 ; free virtual = 27586
INFO: [Route 35-416] Intermediate Timing Summary | WNS=-0.160 | TNS=-0.233 | WHS=N/A    | THS=N/A    |

Phase 6.1.1 Delay CleanUp | Checksum: 2129e6b0d

Time (s): cpu = 00:01:24 ; elapsed = 00:00:48 . Memory (MB): peak = 3179.484 ; gain = 47.359 ; free physical = 12566 ; free virtual = 27586
Phase 6.1 TNS Cleanup | Checksum: 2129e6b0d

Time (s): cpu = 00:01:24 ; elapsed = 00:00:48 . Memory (MB): peak = 3179.484 ; gain = 47.359 ; free physical = 12566 ; free virtual = 27586

Phase 6.2 Clock Skew Optimization
Phase 6.2 Clock Skew Optimization | Checksum: 2129e6b0d

Time (s): cpu = 00:01:24 ; elapsed = 00:00:48 . Memory (MB): peak = 3179.484 ; gain = 47.359 ; free physical = 12566 ; free virtual = 27586
Phase 6 Delay and Skew Optimization | Checksum: 2129e6b0d

Time (s): cpu = 00:01:24 ; elapsed = 00:00:48 . Memory (MB): peak = 3179.484 ; gain = 47.359 ; free physical = 12566 ; free virtual = 27586

Phase 7 Post Hold Fix

Phase 7.1 Hold Fix Iter
INFO: [Route 35-416] Intermediate Timing Summary | WNS=-0.160 | TNS=-0.233 | WHS=0.103  | THS=0.000  |

Phase 7.1 Hold Fix Iter | Checksum: 235d7f55e

Time (s): cpu = 00:01:25 ; elapsed = 00:00:48 . Memory (MB): peak = 3179.484 ; gain = 47.359 ; free physical = 12566 ; free virtual = 27586
Phase 7 Post Hold Fix | Checksum: 235d7f55e

Time (s): cpu = 00:01:25 ; elapsed = 00:00:48 . Memory (MB): peak = 3179.484 ; gain = 47.359 ; free physical = 12566 ; free virtual = 27586

Phase 8 Timing Verification

Phase 8.1 Update Timing
Phase 8.1 Update Timing | Checksum: 235d7f55e

Time (s): cpu = 00:01:25 ; elapsed = 00:00:49 . Memory (MB): peak = 3179.484 ; gain = 47.359 ; free physical = 12567 ; free virtual = 27586
INFO: [Route 35-416] Intermediate Timing Summary | WNS=-0.160 | TNS=-0.233 | WHS=0.103  | THS=0.000  |

Phase 8 Timing Verification | Checksum: 235d7f55e

Time (s): cpu = 00:01:25 ; elapsed = 00:00:49 . Memory (MB): peak = 3179.484 ; gain = 47.359 ; free physical = 12567 ; free virtual = 27586

Phase 9 Route finalize

Router Utilization Summary
  Global Vertical Routing Utilization    = 0.876283 %
  Global Horizontal Routing Utilization  = 0.978817 %
  Routable Net Status*
  *Does not include unroutable nets such as driverless and loadless.
  Run report_route_status for detailed report.
  Number of Failed Nets               = 0
    (Failed Nets is the sum of unrouted and partially routed nets)
  Number of Unrouted Nets             = 0
  Number of Partially Routed Nets     = 0
  Number of Node Overlaps             = 0


--GLOBAL Congestion:
Utilization threshold used for congestion level computation: 0.85
Congestion Report
North Dir 1x1 Area, Max Cong = 80.1802%, No Congested Regions.
South Dir 1x1 Area, Max Cong = 99.0991%, Congestion bounded by tiles (Lower Left Tile -> Upper Right Tile):
   INT_R_X15Y27 -> INT_R_X15Y27
   INT_L_X18Y25 -> INT_L_X18Y25
   INT_L_X16Y23 -> INT_L_X16Y23
   INT_R_X17Y23 -> INT_R_X17Y23
   INT_R_X15Y20 -> INT_R_X15Y20
East Dir 1x1 Area, Max Cong = 89.7059%, Congestion bounded by tiles (Lower Left Tile -> Upper Right Tile):
   INT_L_X14Y23 -> INT_L_X14Y23
   INT_L_X14Y22 -> INT_L_X14Y22
   INT_L_X12Y17 -> INT_L_X12Y17
West Dir 1x1 Area, Max Cong = 85.2941%, Congestion bounded by tiles (Lower Left Tile -> Upper Right Tile):
   INT_L_X20Y21 -> INT_L_X20Y21

------------------------------
Reporting congestion hotspots
------------------------------
Direction: North
----------------
Congested clusters found at Level 0
Effective congestion level: 0 Aspect Ratio: 1 Sparse Ratio: 0
Direction: South
----------------
Congested clusters found at Level 0
Effective congestion level: 1 Aspect Ratio: 0.5 Sparse Ratio: 0.5
Direction: East
----------------
Congested clusters found at Level 0
Effective congestion level: 1 Aspect Ratio: 0.5 Sparse Ratio: 0.5
Direction: West
----------------
Congested clusters found at Level 0
Effective congestion level: 1 Aspect Ratio: 0.5 Sparse Ratio: 0.5

Phase 9 Route finalize | Checksum: 235d7f55e

Time (s): cpu = 00:01:25 ; elapsed = 00:00:49 . Memory (MB): peak = 3179.484 ; gain = 47.359 ; free physical = 12567 ; free virtual = 27586

Phase 10 Verifying routed nets

 Verification completed successfully
Phase 10 Verifying routed nets | Checksum: 235d7f55e

Time (s): cpu = 00:01:25 ; elapsed = 00:00:49 . Memory (MB): peak = 3179.484 ; gain = 47.359 ; free physical = 12567 ; free virtual = 27586

Phase 11 Depositing Routes
Phase 11 Depositing Routes | Checksum: 2b10aebf0

Time (s): cpu = 00:01:26 ; elapsed = 00:00:49 . Memory (MB): peak = 3179.484 ; gain = 47.359 ; free physical = 12566 ; free virtual = 27586

Phase 12 Incr Placement Change
Netlist sorting complete. Time (s): cpu = 00:00:00 ; elapsed = 00:00:00 . Memory (MB): peak = 3179.484 ; gain = 0.000 ; free physical = 12566 ; free virtual = 27586
INFO: [Place 30-746] Post Placement Timing Summary WNS=-0.154. For the most accurate timing information please run report_timing.
Ending IncrPlace Task | Checksum: 1cb61cc8c

Time (s): cpu = 00:00:09 ; elapsed = 00:00:04 . Memory (MB): peak = 3211.500 ; gain = 32.016 ; free physical = 12565 ; free virtual = 27585
Phase 12 Incr Placement Change | Checksum: 1cb61cc8c

Time (s): cpu = 00:01:35 ; elapsed = 00:00:52 . Memory (MB): peak = 3211.500 ; gain = 79.375 ; free physical = 12565 ; free virtual = 27585

Phase 13 Build RT Design
Checksum: PlaceDB: 47233300 ConstDB: 0 ShapeSum: 891ff684 RouteDB: fb1ea308
Post Restoration Checksum: NetGraph: 5683d6be | NumContArr: f24dfe22 | Constraints: c2a8fa9d | Timing: c2a8fa9d
Phase 13 Build RT Design | Checksum: 2ce23ca1a

Time (s): cpu = 00:01:39 ; elapsed = 00:00:53 . Memory (MB): peak = 3211.500 ; gain = 79.375 ; free physical = 12566 ; free virtual = 27585

Phase 14 Router Initialization

Phase 14.1 Fix Topology Constraints
Phase 14.1 Fix Topology Constraints | Checksum: 2ce23ca1a

Time (s): cpu = 00:01:39 ; elapsed = 00:00:53 . Memory (MB): peak = 3211.500 ; gain = 79.375 ; free physical = 12566 ; free virtual = 27585

Phase 14.2 Pre Route Cleanup
Phase 14.2 Pre Route Cleanup | Checksum: 2ce23ca1a

Time (s): cpu = 00:01:39 ; elapsed = 00:00:53 . Memory (MB): peak = 3211.500 ; gain = 79.375 ; free physical = 12566 ; free virtual = 27585

Phase 14.3 Timing Verification

Phase 14.3.1 Update Timing
Phase 14.3.1 Update Timing | Checksum: 25e5e72a5

Time (s): cpu = 00:01:44 ; elapsed = 00:00:54 . Memory (MB): peak = 3211.500 ; gain = 79.375 ; free physical = 12564 ; free virtual = 27584
INFO: [Route 35-416] Intermediate Timing Summary | WNS=-0.154 | TNS=-0.222 | WHS=0.104  | THS=0.000  |

Phase 14.3 Timing Verification | Checksum: 25e5e72a5

Time (s): cpu = 00:01:44 ; elapsed = 00:00:54 . Memory (MB): peak = 3211.500 ; gain = 79.375 ; free physical = 12564 ; free virtual = 27584
 Number of Nodes with overlaps = 0

Phase 14.4 Update Timing
Phase 14.4 Update Timing | Checksum: 191f55859

Time (s): cpu = 00:01:48 ; elapsed = 00:00:54 . Memory (MB): peak = 3211.500 ; gain = 79.375 ; free physical = 12564 ; free virtual = 27585
INFO: [Route 35-416] Intermediate Timing Summary | WNS=-0.262 | TNS=-1.212 | WHS=-0.167 | THS=-33.200|


Phase 14.5 Soft Constraint Pins - Fast Budgeting
Phase 14.5 Soft Constraint Pins - Fast Budgeting | Checksum: 21314bdb1

Time (s): cpu = 00:01:49 ; elapsed = 00:00:54 . Memory (MB): peak = 3211.500 ; gain = 79.375 ; free physical = 12562 ; free virtual = 27582

Router Utilization Summary
  Global Vertical Routing Utilization    = 0.876283 %
  Global Horizontal Routing Utilization  = 0.978817 %
  Routable Net Status*
  *Does not include unroutable nets such as driverless and loadless.
  Run report_route_status for detailed report.
  Number of Failed Nets               = 0
    (Failed Nets is the sum of unrouted and partially routed nets)
  Number of Unrouted Nets             = 0
  Number of Partially Routed Nets     = 0
  Number of Node Overlaps             = 0

Phase 14 Router Initialization | Checksum: 21314bdb1

Time (s): cpu = 00:01:50 ; elapsed = 00:00:55 . Memory (MB): peak = 3211.500 ; gain = 79.375 ; free physical = 12563 ; free virtual = 27582

Phase 15 Global Routing
Phase 15 Global Routing | Checksum: 21314bdb1

Time (s): cpu = 00:01:50 ; elapsed = 00:00:55 . Memory (MB): peak = 3211.500 ; gain = 79.375 ; free physical = 12563 ; free virtual = 27582

Phase 16 Initial Routing

Phase 16.1 Initial Net Routing Pass
 Number of Nodes with overlaps = 0
Phase 16.1 Initial Net Routing Pass | Checksum: 21314bdb1

Time (s): cpu = 00:01:50 ; elapsed = 00:00:55 . Memory (MB): peak = 3211.500 ; gain = 79.375 ; free physical = 12562 ; free virtual = 27582
Phase 16 Initial Routing | Checksum: 21314bdb1

Time (s): cpu = 00:01:50 ; elapsed = 00:00:55 . Memory (MB): peak = 3211.500 ; gain = 79.375 ; free physical = 12562 ; free virtual = 27582

Phase 17 Rip-up And Reroute

Phase 17.1 Global Iteration 0
INFO: [Route 35-416] Intermediate Timing Summary | WNS=-0.256 | TNS=-1.138 | WHS=N/A    | THS=N/A    |

Phase 17.1 Global Iteration 0 | Checksum: 2aac1dcee

Time (s): cpu = 00:01:52 ; elapsed = 00:00:55 . Memory (MB): peak = 3211.500 ; gain = 79.375 ; free physical = 12557 ; free virtual = 27579

Phase 17.2 Global Iteration 1
 Number of Nodes with overlaps = 891
 Number of Nodes with overlaps = 554
 Number of Nodes with overlaps = 366
 Number of Nodes with overlaps = 184
 Number of Nodes with overlaps = 114
 Number of Nodes with overlaps = 62
 Number of Nodes with overlaps = 21
 Number of Nodes with overlaps = 10
 Number of Nodes with overlaps = 10
 Number of Nodes with overlaps = 16
 Number of Nodes with overlaps = 3
 Number of Nodes with overlaps = 2
 Number of Nodes with overlaps = 7
 Number of Nodes with overlaps = 2
 Number of Nodes with overlaps = 3
 Number of Nodes with overlaps = 2
 Number of Nodes with overlaps = 1
 Number of Nodes with overlaps = 0
INFO: [Route 35-416] Intermediate Timing Summary | WNS=-0.173 | TNS=-1.088 | WHS=N/A    | THS=N/A    |

Phase 17.2 Global Iteration 1 | Checksum: 2ebab0ad1

Time (s): cpu = 00:02:15 ; elapsed = 00:01:09 . Memory (MB): peak = 3211.500 ; gain = 79.375 ; free physical = 12559 ; free virtual = 27579

Phase 17.3 Global Iteration 2
 Number of Nodes with overlaps = 219
 Number of Nodes with overlaps = 60
 Number of Nodes with overlaps = 17
 Number of Nodes with overlaps = 12
 Number of Nodes with overlaps = 14
 Number of Nodes with overlaps = 14
 Number of Nodes with overlaps = 2
 Number of Nodes with overlaps = 2
 Number of Nodes with overlaps = 1
 Number of Nodes with overlaps = 0
INFO: [Route 35-416] Intermediate Timing Summary | WNS=-0.022 | TNS=-0.069 | WHS=N/A    | THS=N/A    |

Phase 17.3 Global Iteration 2 | Checksum: 2b4dd9c34

Time (s): cpu = 00:02:19 ; elapsed = 00:01:12 . Memory (MB): peak = 3211.500 ; gain = 79.375 ; free physical = 12559 ; free virtual = 27578

Phase 17.4 Global Iteration 3
 Number of Nodes with overlaps = 186
 Number of Nodes with overlaps = 97
 Number of Nodes with overlaps = 43
 Number of Nodes with overlaps = 25
 Number of Nodes with overlaps = 16
 Number of Nodes with overlaps = 9
 Number of Nodes with overlaps = 15
 Number of Nodes with overlaps = 15
 Number of Nodes with overlaps = 8
 Number of Nodes with overlaps = 7
 Number of Nodes with overlaps = 5
 Number of Nodes with overlaps = 7
 Number of Nodes with overlaps = 2
 Number of Nodes with overlaps = 2
 Number of Nodes with overlaps = 0
INFO: [Route 35-416] Intermediate Timing Summary | WNS=0.049  | TNS=0.000  | WHS=N/A    | THS=N/A    |

Phase 17.4 Global Iteration 3 | Checksum: 25c34672f

Time (s): cpu = 00:02:24 ; elapsed = 00:01:15 . Memory (MB): peak = 3211.500 ; gain = 79.375 ; free physical = 12559 ; free virtual = 27579
Phase 17 Rip-up And Reroute | Checksum: 25c34672f

Time (s): cpu = 00:02:24 ; elapsed = 00:01:15 . Memory (MB): peak = 3211.500 ; gain = 79.375 ; free physical = 12559 ; free virtual = 27579

Phase 18 Delay and Skew Optimization

Phase 18.1 TNS Cleanup

Phase 18.1.1 Delay CleanUp
Phase 18.1.1 Delay CleanUp | Checksum: 25c34672f

Time (s): cpu = 00:02:24 ; elapsed = 00:01:15 . Memory (MB): peak = 3211.500 ; gain = 79.375 ; free physical = 12559 ; free virtual = 27579
Phase 18.1 TNS Cleanup | Checksum: 25c34672f

Time (s): cpu = 00:02:24 ; elapsed = 00:01:15 . Memory (MB): peak = 3211.500 ; gain = 79.375 ; free physical = 12559 ; free virtual = 27579

Phase 18.2 Clock Skew Optimization
Phase 18.2 Clock Skew Optimization | Checksum: 25c34672f

Time (s): cpu = 00:02:24 ; elapsed = 00:01:15 . Memory (MB): peak = 3211.500 ; gain = 79.375 ; free physical = 12559 ; free virtual = 27579
Phase 18 Delay and Skew Optimization | Checksum: 25c34672f

Time (s): cpu = 00:02:24 ; elapsed = 00:01:15 . Memory (MB): peak = 3211.500 ; gain = 79.375 ; free physical = 12559 ; free virtual = 27579

Phase 19 Post Hold Fix

Phase 19.1 Hold Fix Iter
INFO: [Route 35-416] Intermediate Timing Summary | WNS=0.146  | TNS=0.000  | WHS=0.104  | THS=0.000  |

Phase 19.1 Hold Fix Iter | Checksum: 21d3e58d5

Time (s): cpu = 00:02:25 ; elapsed = 00:01:16 . Memory (MB): peak = 3211.500 ; gain = 79.375 ; free physical = 12559 ; free virtual = 27579
Phase 19 Post Hold Fix | Checksum: 21d3e58d5

Time (s): cpu = 00:02:25 ; elapsed = 00:01:16 . Memory (MB): peak = 3211.500 ; gain = 79.375 ; free physical = 12559 ; free virtual = 27579

Phase 20 Timing Verification

Phase 20.1 Update Timing
Phase 20.1 Update Timing | Checksum: 21d3e58d5

Time (s): cpu = 00:02:25 ; elapsed = 00:01:16 . Memory (MB): peak = 3211.500 ; gain = 79.375 ; free physical = 12559 ; free virtual = 27579
INFO: [Route 35-416] Intermediate Timing Summary | WNS=0.146  | TNS=0.000  | WHS=0.104  | THS=0.000  |

Phase 20 Timing Verification | Checksum: 21d3e58d5

Time (s): cpu = 00:02:25 ; elapsed = 00:01:16 . Memory (MB): peak = 3211.500 ; gain = 79.375 ; free physical = 12559 ; free virtual = 27579

Phase 21 Route finalize

Router Utilization Summary
  Global Vertical Routing Utilization    = 0.877538 %
  Global Horizontal Routing Utilization  = 0.989557 %
  Routable Net Status*
  *Does not include unroutable nets such as driverless and loadless.
  Run report_route_status for detailed report.
  Number of Failed Nets               = 0
    (Failed Nets is the sum of unrouted and partially routed nets)
  Number of Unrouted Nets             = 0
  Number of Partially Routed Nets     = 0
  Number of Node Overlaps             = 0

Phase 21 Route finalize | Checksum: 21d3e58d5

Time (s): cpu = 00:02:26 ; elapsed = 00:01:16 . Memory (MB): peak = 3211.500 ; gain = 79.375 ; free physical = 12559 ; free virtual = 27579

Phase 22 Verifying routed nets

 Verification completed successfully
Phase 22 Verifying routed nets | Checksum: 21d3e58d5

Time (s): cpu = 00:02:26 ; elapsed = 00:01:16 . Memory (MB): peak = 3211.500 ; gain = 79.375 ; free physical = 12559 ; free virtual = 27579

Phase 23 Depositing Routes
Phase 23 Depositing Routes | Checksum: 2016ef11f

Time (s): cpu = 00:02:26 ; elapsed = 00:01:16 . Memory (MB): peak = 3211.500 ; gain = 79.375 ; free physical = 12559 ; free virtual = 27579

Phase 24 Post Process Routing
Phase 24 Post Process Routing | Checksum: 2016ef11f

Time (s): cpu = 00:02:26 ; elapsed = 00:01:16 . Memory (MB): peak = 3211.500 ; gain = 79.375 ; free physical = 12559 ; free virtual = 27579

Phase 25 Post Router Timing
INFO: [Route 35-20] Post Routing Timing Summary | WNS=0.149  | TNS=0.000  | WHS=0.104  | THS=0.000  |

Phase 25 Post Router Timing | Checksum: 297161dac

Time (s): cpu = 00:02:30 ; elapsed = 00:01:16 . Memory (MB): peak = 3211.500 ; gain = 79.375 ; free physical = 12558 ; free virtual = 27579
INFO: [Route 35-61] The design met the timing requirement.
Total Elapsed time in route_design: 76.37 secs

Phase 26 Post-Route Event Processing
Phase 26 Post-Route Event Processing | Checksum: 1fe22f396

Time (s): cpu = 00:02:30 ; elapsed = 00:01:16 . Memory (MB): peak = 3211.500 ; gain = 79.375 ; free physical = 12559 ; free virtual = 27579
INFO: [Route 35-16] Router Completed Successfully
Ending Routing Task | Checksum: 1fe22f396

Time (s): cpu = 00:02:30 ; elapsed = 00:01:16 . Memory (MB): peak = 3211.500 ; gain = 79.375 ; free physical = 12559 ; free virtual = 27579

Routing Is Done.
INFO: [Common 17-83] Releasing license: Implementation
120 Infos, 0 Warnings, 0 Critical Warnings and 0 Errors encountered.
route_design completed successfully
route_design: Time (s): cpu = 00:02:30 ; elapsed = 00:01:16 . Memory (MB): peak = 3211.500 ; gain = 79.375 ; free physical = 12558 ; free virtual = 27579
INFO: [Vivado 12-24828] Executing command : report_drc -file RV32IM72F8SPSoCTOP_drc_routed.rpt -pb RV32IM72F8SPSoCTOP_drc_routed.pb -rpx RV32IM72F8SPSoCTOP_drc_routed.rpx
Command: report_drc -file RV32IM72F8SPSoCTOP_drc_routed.rpt -pb RV32IM72F8SPSoCTOP_drc_routed.pb -rpx RV32IM72F8SPSoCTOP_drc_routed.rpx
INFO: [IP_Flow 19-1839] IP Catalog is up to date.
INFO: [DRC 23-27] Running DRC with 16 threads
INFO: [Vivado_Tcl 2-168] The results of DRC are in file /home/khwl/Desktop/claude_RISCOF_RV-IM100/RV-IM100/RV32s/SoCs/RV32IM_8SP/RV64IM72F_8SP_100MHz.runs/impl_1/RV32IM72F8SPSoCTOP_drc_routed.rpt.
report_drc completed successfully
INFO: [Vivado 12-24828] Executing command : report_methodology -file RV32IM72F8SPSoCTOP_methodology_drc_routed.rpt -pb RV32IM72F8SPSoCTOP_methodology_drc_routed.pb -rpx RV32IM72F8SPSoCTOP_methodology_drc_routed.rpx
Command: report_methodology -file RV32IM72F8SPSoCTOP_methodology_drc_routed.rpt -pb RV32IM72F8SPSoCTOP_methodology_drc_routed.pb -rpx RV32IM72F8SPSoCTOP_methodology_drc_routed.rpx
INFO: [Timing 38-35] Done setting XDC timing constraints.
INFO: [DRC 23-133] Running Methodology with 16 threads
INFO: [Vivado_Tcl 2-1520] The results of Report Methodology are in file /home/khwl/Desktop/claude_RISCOF_RV-IM100/RV-IM100/RV32s/SoCs/RV32IM_8SP/RV64IM72F_8SP_100MHz.runs/impl_1/RV32IM72F8SPSoCTOP_methodology_drc_routed.rpt.
report_methodology completed successfully
INFO: [Vivado 12-24828] Executing command : report_timing_summary -max_paths 10 -routable_nets -report_unconstrained -file RV32IM72F8SPSoCTOP_timing_summary_routed.rpt -pb RV32IM72F8SPSoCTOP_timing_summary_routed.pb -rpx RV32IM72F8SPSoCTOP_timing_summary_routed.rpx
INFO: [Timing 38-35] Done setting XDC timing constraints.
INFO: [Timing 38-91] UpdateTimingParams: Speed grade: -1, Delay Type: min_max.
INFO: [Timing 38-191] Multithreading enabled for timing update using a maximum of 16 CPUs
INFO: [Vivado 12-24838] Running report commands "report_bus_skew, report_incremental_reuse, report_route_status" in parallel.
Running report generation with 3 threads.
INFO: [Vivado 12-24828] Executing command : report_incremental_reuse -file RV32IM72F8SPSoCTOP_incremental_reuse_routed.rpt
INFO: [Vivado_Tcl 4-1062] Incremental flow is disabled. No incremental reuse Info to report.
INFO: [Vivado 12-24828] Executing command : report_route_status -file RV32IM72F8SPSoCTOP_route_status.rpt -pb RV32IM72F8SPSoCTOP_route_status.pb
INFO: [Vivado 12-24828] Executing command : report_bus_skew -warn_on_violation -file RV32IM72F8SPSoCTOP_bus_skew_routed.rpt -pb RV32IM72F8SPSoCTOP_bus_skew_routed.pb -rpx RV32IM72F8SPSoCTOP_bus_skew_routed.rpx
INFO: [Timing 38-91] UpdateTimingParams: Speed grade: -1, Delay Type: min_max.
INFO: [Timing 38-191] Multithreading enabled for timing update using a maximum of 16 CPUs
INFO: [Vivado 12-24828] Executing command : report_power -file RV32IM72F8SPSoCTOP_power_routed.rpt -pb RV32IM72F8SPSoCTOP_power_summary_routed.pb -rpx RV32IM72F8SPSoCTOP_power_routed.rpx
Command: report_power -file RV32IM72F8SPSoCTOP_power_routed.rpt -pb RV32IM72F8SPSoCTOP_power_summary_routed.pb -rpx RV32IM72F8SPSoCTOP_power_routed.rpx
Running Vector-less Activity Propagation...

Finished Running Vector-less Activity Propagation
140 Infos, 0 Warnings, 0 Critical Warnings and 0 Errors encountered.
report_power completed successfully
INFO: [Vivado 12-24828] Executing command : report_clock_utilization -file RV32IM72F8SPSoCTOP_clock_utilization_routed.rpt
INFO: [Timing 38-480] Writing timing data to binary archive.
Wrote PlaceDB: Time (s): cpu = 00:00:00 ; elapsed = 00:00:00 . Memory (MB): peak = 3386.949 ; gain = 0.000 ; free physical = 12549 ; free virtual = 27571
Wrote PulsedLatchDB: Time (s): cpu = 00:00:00 ; elapsed = 00:00:00 . Memory (MB): peak = 3386.949 ; gain = 0.000 ; free physical = 12549 ; free virtual = 27571
Writing XDEF routing.
Write ShapeDB Complete: Time (s): cpu = 00:00:00.02 ; elapsed = 00:00:00.01 . Memory (MB): peak = 3386.949 ; gain = 0.000 ; free physical = 12549 ; free virtual = 27571
Writing XDEF routing logical nets.
Writing XDEF routing special nets.
Wrote RouteStorage: Time (s): cpu = 00:00:00.21 ; elapsed = 00:00:00.04 . Memory (MB): peak = 3386.949 ; gain = 0.000 ; free physical = 12547 ; free virtual = 27571
Wrote PlaceStorage: Time (s): cpu = 00:00:00.15 ; elapsed = 00:00:00.08 . Memory (MB): peak = 3386.949 ; gain = 0.000 ; free physical = 12545 ; free virtual = 27573
Wrote Netlist Cache: Time (s): cpu = 00:00:00.01 ; elapsed = 00:00:00 . Memory (MB): peak = 3386.949 ; gain = 0.000 ; free physical = 12545 ; free virtual = 27573
Wrote Device Cache: Time (s): cpu = 00:00:00 ; elapsed = 00:00:00.01 . Memory (MB): peak = 3386.949 ; gain = 0.000 ; free physical = 12545 ; free virtual = 27573
Write Physdb Complete: Time (s): cpu = 00:00:00.38 ; elapsed = 00:00:00.13 . Memory (MB): peak = 3386.949 ; gain = 0.000 ; free physical = 12545 ; free virtual = 27573
INFO: [Common 17-1381] The checkpoint '/home/khwl/Desktop/claude_RISCOF_RV-IM100/RV-IM100/RV32s/SoCs/RV32IM_8SP/RV64IM72F_8SP_100MHz.runs/impl_1/RV32IM72F8SPSoCTOP_routed.dcp' has been generated.
Command: phys_opt_design -directive Explore
Attempting to get a license for feature 'Implementation' and/or device 'xc7a200t'
INFO: [Common 17-349] Got license for feature 'Implementation' and/or device 'xc7a200t'
INFO: [Vivado_Tcl 4-241] Physical synthesis in post route mode 
INFO: [Vivado_Tcl 4-137] Directive used for phys_opt_design is: Explore
INFO: [Vivado_Tcl 4-2279] Estimated Timing Summary | WNS= 0.149 | TNS= 0.000 | 
INFO: [Vivado_Tcl 4-383] Design worst setup slack (WNS) is greater than or equal to 0.000 ns. All physical synthesis setup optimizations will be skipped.
INFO: [Vivado_Tcl 4-232] No setup violation found. The netlist was not modified.
INFO: [Common 17-83] Releasing license: Implementation
150 Infos, 0 Warnings, 0 Critical Warnings and 0 Errors encountered.
phys_opt_design completed successfully
INFO: [Vivado 12-24828] Executing command : report_timing_summary -max_paths 10 -report_unconstrained -warn_on_violation -file RV32IM72F8SPSoCTOP_timing_summary_postroute_physopted.rpt -pb RV32IM72F8SPSoCTOP_timing_summary_postroute_physopted.pb -rpx RV32IM72F8SPSoCTOP_timing_summary_postroute_physopted.rpx
INFO: [Timing 38-91] UpdateTimingParams: Speed grade: -1, Delay Type: min_max.
INFO: [Timing 38-191] Multithreading enabled for timing update using a maximum of 16 CPUs
INFO: [Vivado 12-24828] Executing command : report_bus_skew -warn_on_violation -file RV32IM72F8SPSoCTOP_bus_skew_postroute_physopted.rpt -pb RV32IM72F8SPSoCTOP_bus_skew_postroute_physopted.pb -rpx RV32IM72F8SPSoCTOP_bus_skew_postroute_physopted.rpx
INFO: [Timing 38-91] UpdateTimingParams: Speed grade: -1, Delay Type: min_max.
INFO: [Timing 38-191] Multithreading enabled for timing update using a maximum of 16 CPUs
INFO: [Timing 38-480] Writing timing data to binary archive.
Wrote PlaceDB: Time (s): cpu = 00:00:00 ; elapsed = 00:00:00 . Memory (MB): peak = 3386.949 ; gain = 0.000 ; free physical = 12551 ; free virtual = 27577
Wrote PulsedLatchDB: Time (s): cpu = 00:00:00 ; elapsed = 00:00:00 . Memory (MB): peak = 3386.949 ; gain = 0.000 ; free physical = 12551 ; free virtual = 27577
Writing XDEF routing.
Write ShapeDB Complete: Time (s): cpu = 00:00:00.03 ; elapsed = 00:00:00 . Memory (MB): peak = 3386.949 ; gain = 0.000 ; free physical = 12551 ; free virtual = 27577
Writing XDEF routing logical nets.
Writing XDEF routing special nets.
Wrote RouteStorage: Time (s): cpu = 00:00:00.19 ; elapsed = 00:00:00.04 . Memory (MB): peak = 3386.949 ; gain = 0.000 ; free physical = 12551 ; free virtual = 27578
Wrote PlaceStorage: Time (s): cpu = 00:00:00.15 ; elapsed = 00:00:00.08 . Memory (MB): peak = 3386.949 ; gain = 0.000 ; free physical = 12548 ; free virtual = 27579
Wrote Netlist Cache: Time (s): cpu = 00:00:00 ; elapsed = 00:00:00 . Memory (MB): peak = 3386.949 ; gain = 0.000 ; free physical = 12547 ; free virtual = 27579
Wrote Device Cache: Time (s): cpu = 00:00:00.01 ; elapsed = 00:00:00 . Memory (MB): peak = 3386.949 ; gain = 0.000 ; free physical = 12547 ; free virtual = 27579
Write Physdb Complete: Time (s): cpu = 00:00:00.35 ; elapsed = 00:00:00.13 . Memory (MB): peak = 3386.949 ; gain = 0.000 ; free physical = 12547 ; free virtual = 27579
INFO: [Common 17-1381] The checkpoint '/home/khwl/Desktop/claude_RISCOF_RV-IM100/RV-IM100/RV32s/SoCs/RV32IM_8SP/RV64IM72F_8SP_100MHz.runs/impl_1/RV32IM72F8SPSoCTOP_postroute_physopt.dcp' has been generated.
INFO: [Common 17-206] Exiting Vivado at Sun Sep 13 18:58:54 2026...
