
*** Running vivado
    with args -log RV64IM72F5SPSoCTOP.vdi -applog -m64 -product Vivado -messageDb vivado.pb -mode batch -source RV64IM72F5SPSoCTOP.tcl -notrace


****** Vivado v2025.2 (64-bit)
  **** SW Build 6299465 on Fri Nov 14 12:34:56 MST 2025
  **** IP Build 6300035 on Fri Nov 14 10:48:45 MST 2025
  **** SharedData Build 6298862 on Thu Nov 13 04:50:51 MST 2025
  **** Start of session at: Sun Sep 13 23:12:31 2026
    ** Copyright 1986-2022 Xilinx, Inc. All Rights Reserved.
    ** Copyright 2022-2025 Advanced Micro Devices, Inc. All Rights Reserved.

source RV64IM72F5SPSoCTOP.tcl -notrace
Command: link_design -top RV64IM72F5SPSoCTOP -part xc7a200tsbg484-1
Design is defaulting to srcset: sources_1
Design is defaulting to constrset: constrs_1
INFO: [Device 21-403] Loading part xc7a200tsbg484-1
INFO: [Project 1-5699] Read binary netlist with skipMacroContent - 1
INFO: [Project 1-454] Reading design checkpoint '/home/khwl/Desktop/claude_RISCOF_RV-IM100/RV-IM100/RV64s/SoCs/RV64IM_5SP/RV64IM72F_5SP_FPGA.gen/sources_1/ip/clk_wiz_0/clk_wiz_0.dcp' for cell 'clk_gen'
Netlist sorting complete. Time (s): cpu = 00:00:00.04 ; elapsed = 00:00:00.04 . Memory (MB): peak = 1814.152 ; gain = 0.000 ; free physical = 13932 ; free virtual = 28594
INFO: [Netlist 29-17] Analyzing 4655 Unisim elements for replacement
INFO: [Netlist 29-28] Unisim Transformation completed in 0 CPU seconds
INFO: [Project 1-479] Netlist was created with Vivado 2025.2
INFO: [Project 1-570] Preparing netlist for logic optimization
Parsing XDC File [/home/khwl/Desktop/claude_RISCOF_RV-IM100/RV-IM100/RV64s/SoCs/RV64IM_5SP/RV64IM72F_5SP_FPGA.gen/sources_1/ip/clk_wiz_0/clk_wiz_0_board.xdc] for cell 'clk_gen/inst'
Finished Parsing XDC File [/home/khwl/Desktop/claude_RISCOF_RV-IM100/RV-IM100/RV64s/SoCs/RV64IM_5SP/RV64IM72F_5SP_FPGA.gen/sources_1/ip/clk_wiz_0/clk_wiz_0_board.xdc] for cell 'clk_gen/inst'
Parsing XDC File [/home/khwl/Desktop/claude_RISCOF_RV-IM100/RV-IM100/RV64s/SoCs/RV64IM_5SP/RV64IM72F_5SP_FPGA.gen/sources_1/ip/clk_wiz_0/clk_wiz_0.xdc] for cell 'clk_gen/inst'
INFO: [Timing 38-35] Done setting XDC timing constraints. [/home/khwl/Desktop/claude_RISCOF_RV-IM100/RV-IM100/RV64s/SoCs/RV64IM_5SP/RV64IM72F_5SP_FPGA.gen/sources_1/ip/clk_wiz_0/clk_wiz_0.xdc:54]
INFO: [Timing 38-2] Deriving generated clocks [/home/khwl/Desktop/claude_RISCOF_RV-IM100/RV-IM100/RV64s/SoCs/RV64IM_5SP/RV64IM72F_5SP_FPGA.gen/sources_1/ip/clk_wiz_0/clk_wiz_0.xdc:54]
Finished Parsing XDC File [/home/khwl/Desktop/claude_RISCOF_RV-IM100/RV-IM100/RV64s/SoCs/RV64IM_5SP/RV64IM72F_5SP_FPGA.gen/sources_1/ip/clk_wiz_0/clk_wiz_0.xdc] for cell 'clk_gen/inst'
Parsing XDC File [/home/khwl/Desktop/claude_RISCOF_RV-IM100/RV-IM100/RV64s/SoCs/RV64IM_5SP/RV64IM72F_5SP_FPGA.srcs/constrs_1/imports/RV64IM72F_5SP/RV32I46F_5SP_Debug_XDC.xdc]
Finished Parsing XDC File [/home/khwl/Desktop/claude_RISCOF_RV-IM100/RV-IM100/RV64s/SoCs/RV64IM_5SP/RV64IM72F_5SP_FPGA.srcs/constrs_1/imports/RV64IM72F_5SP/RV32I46F_5SP_Debug_XDC.xdc]
INFO: [Opt 31-138] Pushed 0 inverter(s) to 0 load pin(s).
Netlist sorting complete. Time (s): cpu = 00:00:00 ; elapsed = 00:00:00 . Memory (MB): peak = 2746.750 ; gain = 0.000 ; free physical = 13306 ; free virtual = 27970
INFO: [Project 1-111] Unisim Transformation Summary:
  A total of 2070 instances were transformed.
  RAM256X1S => RAM256X1S (MUXF7(x2), MUXF8, RAMS64E(x4)): 2048 instances
  RAM32M => RAM32M (RAMD32(x6), RAMS32(x2)): 22 instances

11 Infos, 0 Warnings, 0 Critical Warnings and 0 Errors encountered.
link_design completed successfully
link_design: Time (s): cpu = 00:00:08 ; elapsed = 00:00:07 . Memory (MB): peak = 2746.785 ; gain = 1029.484 ; free physical = 13306 ; free virtual = 27968
Command: opt_design -directive Explore
INFO: [Vivado_Tcl 4-136] Directive used for opt_design is: Explore
Attempting to get a license for feature 'Implementation' and/or device 'xc7a200t'
INFO: [Common 17-349] Got license for feature 'Implementation' and/or device 'xc7a200t'
Running DRC as a precondition to command opt_design

Starting DRC Task
INFO: [DRC 23-27] Running DRC with 16 threads
INFO: [Project 1-461] DRC finished with 0 Errors
INFO: [Project 1-462] Please refer to the DRC report (report_drc) for more information.

Time (s): cpu = 00:00:01 ; elapsed = 00:00:00.28 . Memory (MB): peak = 2840.391 ; gain = 93.605 ; free physical = 13250 ; free virtual = 27912

Starting Logic Optimization Task

Phase 1 Initialization

Phase 1.1 Core Generation And Design Setup
Phase 1.1 Core Generation And Design Setup | Checksum: 160efee5b

Time (s): cpu = 00:00:00.01 ; elapsed = 00:00:00.01 . Memory (MB): peak = 3038.203 ; gain = 0.000 ; free physical = 12965 ; free virtual = 27628

Phase 1.2 Setup Constraints And Sort Netlist
Phase 1.2 Setup Constraints And Sort Netlist | Checksum: 160efee5b

Time (s): cpu = 00:00:00.02 ; elapsed = 00:00:00.02 . Memory (MB): peak = 3038.203 ; gain = 0.000 ; free physical = 12965 ; free virtual = 27628
Phase 1 Initialization | Checksum: 160efee5b

Time (s): cpu = 00:00:00.02 ; elapsed = 00:00:00.02 . Memory (MB): peak = 3038.203 ; gain = 0.000 ; free physical = 12965 ; free virtual = 27628

Phase 2 Timer Update And Timing Data Collection

Phase 2.1 Detect if minReqCache needed
Phase 2.1 Detect if minReqCache needed | Checksum: 160efee5b

Time (s): cpu = 00:00:00.03 ; elapsed = 00:00:00.04 . Memory (MB): peak = 3038.203 ; gain = 0.000 ; free physical = 12958 ; free virtual = 27620

Phase 2.2 Timer Update
INFO: [Timing 38-35] Done setting XDC timing constraints.
Phase 2.2 Timer Update | Checksum: 160efee5b

Time (s): cpu = 00:00:04 ; elapsed = 00:00:00.7 . Memory (MB): peak = 3149.016 ; gain = 110.812 ; free physical = 12929 ; free virtual = 27591

Phase 2.3 Timing Data Collection
Phase 2.3 Timing Data Collection | Checksum: 160efee5b

Time (s): cpu = 00:00:04 ; elapsed = 00:00:00.71 . Memory (MB): peak = 3149.016 ; gain = 110.812 ; free physical = 12922 ; free virtual = 27584
Phase 2 Timer Update And Timing Data Collection | Checksum: 160efee5b

Time (s): cpu = 00:00:04 ; elapsed = 00:00:00.71 . Memory (MB): peak = 3149.016 ; gain = 110.812 ; free physical = 12922 ; free virtual = 27584

Phase 3 Retarget
INFO: [Opt 31-1851] Number of loadless carry chains removed were: 0
INFO: [Opt 31-1834] Total Chains To Be Transformed Were: 0 AND Number of Transformed insts Created are: 0
INFO: [Opt 31-1566] Pulled 2 inverters resulting in an inversion of 103 pins
INFO: [Opt 31-138] Pushed 1 inverter(s) to 1 load pin(s).
INFO: [Opt 31-49] Retargeted 0 cell(s).
Phase 3 Retarget | Checksum: 1a17c56c3

Time (s): cpu = 00:00:04 ; elapsed = 00:00:00.82 . Memory (MB): peak = 3149.016 ; gain = 110.812 ; free physical = 12921 ; free virtual = 27583
Retarget | Checksum: 1a17c56c3
INFO: [Opt 31-389] Phase Retarget created 0 cells and removed 3 cells
INFO: [Opt 31-1021] In phase Retarget, 1 netlist objects are constrained preventing optimization. Please run opt_design with -debug_log to get more detail. 

Phase 4 Constant propagation
INFO: [Opt 31-138] Pushed 0 inverter(s) to 0 load pin(s).
Phase 4 Constant propagation | Checksum: 13cb6a79b

Time (s): cpu = 00:00:04 ; elapsed = 00:00:00.89 . Memory (MB): peak = 3149.016 ; gain = 110.812 ; free physical = 12921 ; free virtual = 27583
Constant propagation | Checksum: 13cb6a79b
INFO: [Opt 31-389] Phase Constant propagation created 0 cells and removed 0 cells

Phase 5 Sweep
INFO: [Constraints 18-11670] Building netlist checker database with flags, 0x8
Done building netlist checker database: Time (s): cpu = 00:00:00.01 ; elapsed = 00:00:00 . Memory (MB): peak = 3149.016 ; gain = 0.000 ; free physical = 12921 ; free virtual = 27583
INFO: [Constraints 18-11670] Building netlist checker database with flags, 0x8
Done building netlist checker database: Time (s): cpu = 00:00:00 ; elapsed = 00:00:00 . Memory (MB): peak = 3149.016 ; gain = 0.000 ; free physical = 12921 ; free virtual = 27583
Phase 5 Sweep | Checksum: 1b6214f78

Time (s): cpu = 00:00:04 ; elapsed = 00:00:01 . Memory (MB): peak = 3149.016 ; gain = 110.812 ; free physical = 12921 ; free virtual = 27583
Sweep | Checksum: 1b6214f78
INFO: [Opt 31-389] Phase Sweep created 7 cells and removed 0 cells

Phase 6 BUFG optimization
Phase 6 BUFG optimization | Checksum: 1b6214f78

Time (s): cpu = 00:00:04 ; elapsed = 00:00:01 . Memory (MB): peak = 3181.031 ; gain = 142.828 ; free physical = 12921 ; free virtual = 27583
BUFG optimization | Checksum: 1b6214f78
INFO: [Opt 31-662] Phase BUFG optimization created 0 cells of which 0 are BUFGs and removed 0 cells.

Phase 7 Shift Register Optimization
INFO: [Opt 31-1064] SRL Remap converted 0 SRLs to 0 registers and converted 0 registers of register chains to 0 SRLs
Phase 7 Shift Register Optimization | Checksum: 1b6214f78

Time (s): cpu = 00:00:04 ; elapsed = 00:00:01 . Memory (MB): peak = 3181.031 ; gain = 142.828 ; free physical = 12921 ; free virtual = 27583
Shift Register Optimization | Checksum: 1b6214f78
INFO: [Opt 31-389] Phase Shift Register Optimization created 0 cells and removed 0 cells
INFO: [Opt 31-1555] control_set_opt supports Versal devices only, and device 7a200t is unsupported

Phase 8 Post Processing Netlist
Phase 8 Post Processing Netlist | Checksum: 160c45239

Time (s): cpu = 00:00:04 ; elapsed = 00:00:01 . Memory (MB): peak = 3181.031 ; gain = 142.828 ; free physical = 12921 ; free virtual = 27583
Post Processing Netlist | Checksum: 160c45239
INFO: [Opt 31-389] Phase Post Processing Netlist created 0 cells and removed 0 cells

Phase 9 Finalization

Phase 9.1 Finalizing Design Cores and Updating Shapes
Phase 9.1 Finalizing Design Cores and Updating Shapes | Checksum: 1c9e25bb6

Time (s): cpu = 00:00:04 ; elapsed = 00:00:01 . Memory (MB): peak = 3181.031 ; gain = 142.828 ; free physical = 12921 ; free virtual = 27583

Phase 9.2 Verifying Netlist Connectivity

Starting Connectivity Check Task

Time (s): cpu = 00:00:00.01 ; elapsed = 00:00:00.01 . Memory (MB): peak = 3181.031 ; gain = 0.000 ; free physical = 12921 ; free virtual = 27583
Phase 9.2 Verifying Netlist Connectivity | Checksum: 1c9e25bb6

Time (s): cpu = 00:00:04 ; elapsed = 00:00:01 . Memory (MB): peak = 3181.031 ; gain = 142.828 ; free physical = 12921 ; free virtual = 27583
Phase 9 Finalization | Checksum: 1c9e25bb6

Time (s): cpu = 00:00:04 ; elapsed = 00:00:01 . Memory (MB): peak = 3181.031 ; gain = 142.828 ; free physical = 12921 ; free virtual = 27583
Opt_design Change Summary
=========================


-------------------------------------------------------------------------------------------------------------------------
|  Phase                        |  #Cells created  |  #Cells Removed  |  #Constrained objects preventing optimizations  |
-------------------------------------------------------------------------------------------------------------------------
|  Retarget                     |               0  |               3  |                                              1  |
|  Constant propagation         |               0  |               0  |                                              0  |
|  Sweep                        |               7  |               0  |                                              0  |
|  BUFG optimization            |               0  |               0  |                                              0  |
|  Shift Register Optimization  |               0  |               0  |                                              0  |
|  Post Processing Netlist      |               0  |               0  |                                              0  |
-------------------------------------------------------------------------------------------------------------------------


Ending Logic Optimization Task | Checksum: 1c9e25bb6

Time (s): cpu = 00:00:04 ; elapsed = 00:00:01 . Memory (MB): peak = 3181.031 ; gain = 142.828 ; free physical = 12921 ; free virtual = 27583
Netlist sorting complete. Time (s): cpu = 00:00:00 ; elapsed = 00:00:00.01 . Memory (MB): peak = 3181.031 ; gain = 0.000 ; free physical = 12921 ; free virtual = 27583
INFO: [Common 17-83] Releasing license: Implementation
35 Infos, 0 Warnings, 0 Critical Warnings and 0 Errors encountered.
opt_design completed successfully
INFO: [Vivado 12-24828] Executing command : report_drc -file RV64IM72F5SPSoCTOP_drc_opted.rpt -pb RV64IM72F5SPSoCTOP_drc_opted.pb -rpx RV64IM72F5SPSoCTOP_drc_opted.rpx
Command: report_drc -file RV64IM72F5SPSoCTOP_drc_opted.rpt -pb RV64IM72F5SPSoCTOP_drc_opted.pb -rpx RV64IM72F5SPSoCTOP_drc_opted.rpx
INFO: [IP_Flow 19-1839] IP Catalog is up to date.
INFO: [DRC 23-27] Running DRC with 16 threads
INFO: [Vivado_Tcl 2-168] The results of DRC are in file /home/khwl/Desktop/claude_RISCOF_RV-IM100/RV-IM100/RV64s/SoCs/RV64IM_5SP/RV64IM72F_5SP_FPGA.runs/impl_1/RV64IM72F5SPSoCTOP_drc_opted.rpt.
report_drc completed successfully
INFO: [Timing 38-480] Writing timing data to binary archive.
Wrote PlaceDB: Time (s): cpu = 00:00:00 ; elapsed = 00:00:00 . Memory (MB): peak = 3181.031 ; gain = 0.000 ; free physical = 12923 ; free virtual = 27586
Wrote PulsedLatchDB: Time (s): cpu = 00:00:00 ; elapsed = 00:00:00 . Memory (MB): peak = 3181.031 ; gain = 0.000 ; free physical = 12923 ; free virtual = 27586
Writing XDEF routing.
Writing XDEF routing logical nets.
Writing XDEF routing special nets.
Wrote RouteStorage: Time (s): cpu = 00:00:00.16 ; elapsed = 00:00:00.03 . Memory (MB): peak = 3181.031 ; gain = 0.000 ; free physical = 12919 ; free virtual = 27585
Wrote PlaceStorage: Time (s): cpu = 00:00:00 ; elapsed = 00:00:00 . Memory (MB): peak = 3181.031 ; gain = 0.000 ; free physical = 12919 ; free virtual = 27585
Wrote Netlist Cache: Time (s): cpu = 00:00:00 ; elapsed = 00:00:00 . Memory (MB): peak = 3181.031 ; gain = 0.000 ; free physical = 12919 ; free virtual = 27585
Write ShapeDB Complete: Time (s): cpu = 00:00:00.17 ; elapsed = 00:00:00.04 . Memory (MB): peak = 3181.031 ; gain = 0.000 ; free physical = 12919 ; free virtual = 27585
Wrote Device Cache: Time (s): cpu = 00:00:00.01 ; elapsed = 00:00:00 . Memory (MB): peak = 3181.031 ; gain = 0.000 ; free physical = 12919 ; free virtual = 27585
Write Physdb Complete: Time (s): cpu = 00:00:00.18 ; elapsed = 00:00:00.03 . Memory (MB): peak = 3181.031 ; gain = 0.000 ; free physical = 12918 ; free virtual = 27585
INFO: [Common 17-1381] The checkpoint '/home/khwl/Desktop/claude_RISCOF_RV-IM100/RV-IM100/RV64s/SoCs/RV64IM_5SP/RV64IM72F_5SP_FPGA.runs/impl_1/RV64IM72F5SPSoCTOP_opt.dcp' has been generated.
Command: place_design -directive Explore
Attempting to get a license for feature 'Implementation' and/or device 'xc7a200t'
INFO: [Common 17-349] Got license for feature 'Implementation' and/or device 'xc7a200t'
INFO: [Common 17-83] Releasing license: Implementation
INFO: [DRC 23-27] Running DRC with 16 threads
INFO: [Vivado_Tcl 4-198] DRC finished with 0 Errors
INFO: [Vivado_Tcl 4-199] Please refer to the DRC report (report_drc) for more information.
INFO: [Timing 38-35] Done setting XDC timing constraints.
INFO: [Vivado_Tcl 4-2302] The placer was invoked with the 'Explore' directive.
Running DRC as a precondition to command place_design
INFO: [DRC 23-27] Running DRC with 16 threads
INFO: [Vivado_Tcl 4-198] DRC finished with 0 Errors
INFO: [Vivado_Tcl 4-199] Please refer to the DRC report (report_drc) for more information.
INFO: [Place 30-611] Multithreading enabled for place_design using a maximum of 16 CPUs

Starting Placer Task

Phase 1 Placer Initialization

Phase 1.1 Placer Initialization Netlist Sorting
Netlist sorting complete. Time (s): cpu = 00:00:00 ; elapsed = 00:00:00.01 . Memory (MB): peak = 3181.031 ; gain = 0.000 ; free physical = 12910 ; free virtual = 27577
Phase 1.1 Placer Initialization Netlist Sorting | Checksum: e411158f

Time (s): cpu = 00:00:00.01 ; elapsed = 00:00:00.01 . Memory (MB): peak = 3181.031 ; gain = 0.000 ; free physical = 12910 ; free virtual = 27577
Netlist sorting complete. Time (s): cpu = 00:00:00.01 ; elapsed = 00:00:00 . Memory (MB): peak = 3181.031 ; gain = 0.000 ; free physical = 12910 ; free virtual = 27577

Phase 1.2 IO Placement/ Clock Placement/ Build Placer Device
Phase 1.2 IO Placement/ Clock Placement/ Build Placer Device | Checksum: 148acf14a

Time (s): cpu = 00:00:00.96 ; elapsed = 00:00:00.46 . Memory (MB): peak = 3181.031 ; gain = 0.000 ; free physical = 12909 ; free virtual = 27576

Phase 1.3 Build Placer Netlist Model
Phase 1.3 Build Placer Netlist Model | Checksum: 1e18401da

Time (s): cpu = 00:00:13 ; elapsed = 00:00:04 . Memory (MB): peak = 3228.105 ; gain = 47.074 ; free physical = 12904 ; free virtual = 27571

Phase 1.4 Constrain Clocks/Macros
Phase 1.4 Constrain Clocks/Macros | Checksum: 1e18401da

Time (s): cpu = 00:00:13 ; elapsed = 00:00:04 . Memory (MB): peak = 3228.105 ; gain = 47.074 ; free physical = 12904 ; free virtual = 27571
Phase 1 Placer Initialization | Checksum: 1e18401da

Time (s): cpu = 00:00:13 ; elapsed = 00:00:04 . Memory (MB): peak = 3228.105 ; gain = 47.074 ; free physical = 12904 ; free virtual = 27571

Phase 2 Global Placement

Phase 2.1 Floorplanning
Phase 2.1 Floorplanning | Checksum: 1502c6046

Time (s): cpu = 00:00:19 ; elapsed = 00:00:05 . Memory (MB): peak = 3287.105 ; gain = 106.074 ; free physical = 12789 ; free virtual = 27456

Phase 2.2 Update Timing before SLR Path Opt
Phase 2.2 Update Timing before SLR Path Opt | Checksum: 190e5d256

Time (s): cpu = 00:00:26 ; elapsed = 00:00:06 . Memory (MB): peak = 3349.105 ; gain = 168.074 ; free physical = 12729 ; free virtual = 27396

Phase 2.3 Post-Processing in Floorplanning
Phase 2.3 Post-Processing in Floorplanning | Checksum: 190e5d256

Time (s): cpu = 00:00:26 ; elapsed = 00:00:06 . Memory (MB): peak = 3349.105 ; gain = 168.074 ; free physical = 12729 ; free virtual = 27396

Phase 2.4 Global Place Phase1
Phase 2.4 Global Place Phase1 | Checksum: 24a1abbd6

Time (s): cpu = 00:01:05 ; elapsed = 00:00:18 . Memory (MB): peak = 3359.105 ; gain = 178.074 ; free physical = 12704 ; free virtual = 27370

Phase 2.5 Global Place Phase2

Phase 2.5.1 UpdateTiming Before Physical Synthesis
Phase 2.5.1 UpdateTiming Before Physical Synthesis | Checksum: 225428b77

Time (s): cpu = 00:01:15 ; elapsed = 00:00:19 . Memory (MB): peak = 3431.105 ; gain = 250.074 ; free physical = 12632 ; free virtual = 27299

Phase 2.5.2 Physical Synthesis In Placer
INFO: [Physopt 32-1035] Found 0 LUTNM shape to break, 969 LUT instances to create LUTNM shape
INFO: [Physopt 32-1044] Break lutnm for timing: one critical 0, two critical 0, total 0, new lutff created 0
INFO: [Physopt 32-1138] End 1 Pass. Optimized 429 nets or LUTs. Breaked 0 LUT, combined 429 existing LUTs and moved 0 existing LUT
INFO: [Physopt 32-1408] Pass 1. Identified 8 candidate nets for high-fanout optimization.
INFO: [Physopt 32-81] Processed net rv64im72f_5sp/ex_mem_register/MEM_alu_result_reg[63]_0[7]. Replicated 19 times.
INFO: [Physopt 32-81] Processed net rv64im72f_5sp/ex_mem_register/MEM_alu_result_reg[63]_0[3]. Replicated 14 times.
INFO: [Physopt 32-81] Processed net rv64im72f_5sp/ex_mem_register/MEM_alu_result_reg[63]_0[9]. Replicated 15 times.
INFO: [Physopt 32-81] Processed net rv64im72f_5sp/ex_mem_register/MEM_alu_result_reg[63]_0[5]. Replicated 22 times.
INFO: [Physopt 32-81] Processed net rv64im72f_5sp/ex_mem_register/MEM_alu_result_reg[63]_0[4]. Replicated 12 times.
INFO: [Physopt 32-81] Processed net rv64im72f_5sp/ex_mem_register/MEM_alu_result_reg[63]_0[10]. Replicated 21 times.
INFO: [Physopt 32-81] Processed net rv64im72f_5sp/ex_mem_register/MEM_alu_result_reg[63]_0[6]. Replicated 14 times.
INFO: [Physopt 32-81] Processed net rv64im72f_5sp/ex_mem_register/MEM_alu_result_reg[63]_0[8]. Replicated 15 times.
INFO: [Physopt 32-232] Optimized 8 nets. Created 132 new instances.
INFO: [Physopt 32-775] End 1 Pass. Optimized 8 nets or cells. Created 132 new cells, deleted 0 existing cell and moved 0 existing cell
Netlist sorting complete. Time (s): cpu = 00:00:00.03 ; elapsed = 00:00:00.03 . Memory (MB): peak = 3431.105 ; gain = 0.000 ; free physical = 12631 ; free virtual = 27298
INFO: [Physopt 32-456] No candidate cells for DSP register optimization found in the design.
INFO: [Physopt 32-775] End 2 Pass. Optimized 0 net or cell. Created 0 new cell, deleted 0 existing cell and moved 0 existing cell
INFO: [Physopt 32-1123] No candidate cells found for Shift Register to Pipeline optimization
INFO: [Physopt 32-775] End 2 Pass. Optimized 0 net or cell. Created 0 new cell, deleted 0 existing cell and moved 0 existing cell
INFO: [Physopt 32-1401] No candidate cells found for Shift Register optimization.
INFO: [Physopt 32-677] No candidate cells for Shift Register optimization found in the design
INFO: [Physopt 32-775] End 1 Pass. Optimized 0 net or cell. Created 0 new cell, deleted 0 existing cell and moved 0 existing cell
INFO: [Physopt 32-526] No candidate cells for BRAM register optimization found in the design
INFO: [Physopt 32-775] End 1 Pass. Optimized 0 net or cell. Created 0 new cell, deleted 0 existing cell and moved 0 existing cell
INFO: [Physopt 32-846] No candidate cells for URAM register optimization found in the design
INFO: [Physopt 32-775] End 1 Pass. Optimized 0 net or cell. Created 0 new cell, deleted 0 existing cell and moved 0 existing cell
INFO: [Physopt 32-846] No candidate cells for URAM register optimization found in the design
INFO: [Physopt 32-775] End 1 Pass. Optimized 0 net or cell. Created 0 new cell, deleted 0 existing cell and moved 0 existing cell
INFO: [Physopt 32-949] No candidate nets found for dynamic/static region interface net replication
INFO: [Physopt 32-775] End 1 Pass. Optimized 0 net or cell. Created 0 new cell, deleted 0 existing cell and moved 0 existing cell
Netlist sorting complete. Time (s): cpu = 00:00:00 ; elapsed = 00:00:00.01 . Memory (MB): peak = 3431.105 ; gain = 0.000 ; free physical = 12631 ; free virtual = 27298

Summary of Physical Synthesis Optimizations
============================================


-----------------------------------------------------------------------------------------------------------------------------------------------------------
|  Optimization                                     |  Added Cells  |  Removed Cells  |  Optimized Cells/Nets  |  Dont Touch  |  Iterations  |  Elapsed   |
-----------------------------------------------------------------------------------------------------------------------------------------------------------
|  LUT Combining                                    |            0  |            429  |                   429  |           0  |           1  |  00:00:00  |
|  Retime                                           |            0  |              0  |                     0  |           0  |           1  |  00:00:00  |
|  Very High Fanout                                 |          132  |              0  |                     8  |           0  |           1  |  00:00:06  |
|  DSP Register                                     |            0  |              0  |                     0  |           0  |           1  |  00:00:00  |
|  Shift Register to Pipeline                       |            0  |              0  |                     0  |           0  |           1  |  00:00:00  |
|  Shift Register                                   |            0  |              0  |                     0  |           0  |           1  |  00:00:00  |
|  BRAM Register                                    |            0  |              0  |                     0  |           0  |           1  |  00:00:00  |
|  URAM Register                                    |            0  |              0  |                     0  |           0  |           1  |  00:00:00  |
|  Dynamic/Static Region Interface Net Replication  |            0  |              0  |                     0  |           0  |           1  |  00:00:00  |
|  Total                                            |          132  |            429  |                   437  |           0  |           9  |  00:00:06  |
-----------------------------------------------------------------------------------------------------------------------------------------------------------


Phase 2.5.2 Physical Synthesis In Placer | Checksum: 27b93ae45

Time (s): cpu = 00:01:27 ; elapsed = 00:00:27 . Memory (MB): peak = 3448.918 ; gain = 267.887 ; free physical = 12626 ; free virtual = 27295
Phase 2.5 Global Place Phase2 | Checksum: 21a45a230

Time (s): cpu = 00:01:32 ; elapsed = 00:00:29 . Memory (MB): peak = 3448.918 ; gain = 267.887 ; free physical = 12632 ; free virtual = 27298
Phase 2 Global Placement | Checksum: 21a45a230

Time (s): cpu = 00:01:32 ; elapsed = 00:00:29 . Memory (MB): peak = 3448.918 ; gain = 267.887 ; free physical = 12632 ; free virtual = 27298

Phase 3 Detail Placement

Phase 3.1 Commit Multi Column Macros
Phase 3.1 Commit Multi Column Macros | Checksum: 2797b8a76

Time (s): cpu = 00:01:39 ; elapsed = 00:00:30 . Memory (MB): peak = 3448.918 ; gain = 267.887 ; free physical = 12631 ; free virtual = 27298

Phase 3.2 Commit Most Macros & LUTRAMs
Phase 3.2 Commit Most Macros & LUTRAMs | Checksum: 229fe9a99

Time (s): cpu = 00:01:55 ; elapsed = 00:00:35 . Memory (MB): peak = 3448.918 ; gain = 267.887 ; free physical = 12636 ; free virtual = 27303

Phase 3.3 Area Swap Optimization
Phase 3.3 Area Swap Optimization | Checksum: 21e800ba4

Time (s): cpu = 00:01:55 ; elapsed = 00:00:35 . Memory (MB): peak = 3448.918 ; gain = 267.887 ; free physical = 12637 ; free virtual = 27304

Phase 3.4 Pipeline Register Optimization
Phase 3.4 Pipeline Register Optimization | Checksum: 223c1c795

Time (s): cpu = 00:01:55 ; elapsed = 00:00:35 . Memory (MB): peak = 3448.918 ; gain = 267.887 ; free physical = 12637 ; free virtual = 27304

Phase 3.5 Fast Optimization
Phase 3.5 Fast Optimization | Checksum: 1e10ebaf1

Time (s): cpu = 00:02:19 ; elapsed = 00:00:38 . Memory (MB): peak = 3448.918 ; gain = 267.887 ; free physical = 12627 ; free virtual = 27294

Phase 3.6 Small Shape Detail Placement
Phase 3.6 Small Shape Detail Placement | Checksum: 2039651f1

Time (s): cpu = 00:02:24 ; elapsed = 00:00:42 . Memory (MB): peak = 3448.918 ; gain = 267.887 ; free physical = 12628 ; free virtual = 27293

Phase 3.7 Re-assign LUT pins
Phase 3.7 Re-assign LUT pins | Checksum: 24bffda7f

Time (s): cpu = 00:02:24 ; elapsed = 00:00:43 . Memory (MB): peak = 3448.918 ; gain = 267.887 ; free physical = 12629 ; free virtual = 27294

Phase 3.8 Pipeline Register Optimization
Phase 3.8 Pipeline Register Optimization | Checksum: 1e0a321f8

Time (s): cpu = 00:02:24 ; elapsed = 00:00:43 . Memory (MB): peak = 3448.918 ; gain = 267.887 ; free physical = 12629 ; free virtual = 27294
Phase 3 Detail Placement | Checksum: 1e0a321f8

Time (s): cpu = 00:02:24 ; elapsed = 00:00:43 . Memory (MB): peak = 3448.918 ; gain = 267.887 ; free physical = 12629 ; free virtual = 27294

Phase 4 Post Placement Optimization and Clean-Up

Phase 4.1 Post Commit Optimization
INFO: [Timing 38-35] Done setting XDC timing constraints.

Phase 4.1.1 Post Placement Optimization
Post Placement Optimization Initialization | Checksum: 219287e5e

Phase 4.1.1.1 BUFG Insertion

Starting Physical Synthesis Task

Phase 1 Physical Synthesis Initialization
INFO: [Physopt 32-721] Multithreading enabled for phys_opt_design using a maximum of 16 CPUs
INFO: [Physopt 32-619] Estimated Timing Summary | WNS=-1.552 | TNS=-17.859 |
Phase 1 Physical Synthesis Initialization | Checksum: 20be81928

Time (s): cpu = 00:00:02 ; elapsed = 00:00:00.32 . Memory (MB): peak = 3448.918 ; gain = 0.000 ; free physical = 12629 ; free virtual = 27295
INFO: [Place 46-33] Processed net internal_reset, BUFG insertion was skipped due to placement/routing conflicts.
INFO: [Place 46-33] Processed net rv64im72f_5sp/alu/multiplier_word/cpu_clk_enable_reg, BUFG insertion was skipped due to placement/routing conflicts.
INFO: [Place 46-56] BUFG insertion identified 2 candidate nets. Inserted BUFG: 0, Replicated BUFG Driver: 0, Skipped due to Placement/Routing Conflicts: 2, Skipped due to Timing Degradation: 0, Skipped due to netlist editing failed: 0.
Ending Physical Synthesis Task | Checksum: 2bd4a098c

Time (s): cpu = 00:00:03 ; elapsed = 00:00:00.58 . Memory (MB): peak = 3448.918 ; gain = 0.000 ; free physical = 12630 ; free virtual = 27295
Phase 4.1.1.1 BUFG Insertion | Checksum: 219287e5e

Time (s): cpu = 00:02:49 ; elapsed = 00:00:46 . Memory (MB): peak = 3448.918 ; gain = 267.887 ; free physical = 12630 ; free virtual = 27295

Phase 4.1.1.2 Post Placement Timing Optimization
INFO: [Place 30-746] Post Placement Timing Summary WNS=0.703. For the most accurate timing information please run report_timing.
Phase 4.1.1.2 Post Placement Timing Optimization | Checksum: 2807175db

Time (s): cpu = 00:03:12 ; elapsed = 00:00:57 . Memory (MB): peak = 3448.918 ; gain = 267.887 ; free physical = 12630 ; free virtual = 27295

Time (s): cpu = 00:03:12 ; elapsed = 00:00:57 . Memory (MB): peak = 3448.918 ; gain = 267.887 ; free physical = 12630 ; free virtual = 27295
Phase 4.1 Post Commit Optimization | Checksum: 2807175db

Time (s): cpu = 00:03:12 ; elapsed = 00:00:57 . Memory (MB): peak = 3448.918 ; gain = 267.887 ; free physical = 12629 ; free virtual = 27295

Phase 4.2 Post Placement Cleanup
Phase 4.2 Post Placement Cleanup | Checksum: 2807175db

Time (s): cpu = 00:03:12 ; elapsed = 00:00:58 . Memory (MB): peak = 3448.918 ; gain = 267.887 ; free physical = 12629 ; free virtual = 27295

Phase 4.3 Placer Reporting

Phase 4.3.1 Print Estimated Congestion
INFO: [Place 30-612] Post-Placement Estimated Congestion 
 ____________________________________________________
|           | Global Congestion | Short Congestion  |
| Direction | Region Size       | Region Size       |
|___________|___________________|___________________|
|      North|                1x1|                4x4|
|___________|___________________|___________________|
|      South|                1x1|                8x8|
|___________|___________________|___________________|
|       East|                2x2|                4x4|
|___________|___________________|___________________|
|       West|                1x1|                2x2|
|___________|___________________|___________________|

Phase 4.3.1 Print Estimated Congestion | Checksum: 2807175db

Time (s): cpu = 00:03:12 ; elapsed = 00:00:58 . Memory (MB): peak = 3448.918 ; gain = 267.887 ; free physical = 12629 ; free virtual = 27295
Phase 4.3 Placer Reporting | Checksum: 2807175db

Time (s): cpu = 00:03:12 ; elapsed = 00:00:58 . Memory (MB): peak = 3448.918 ; gain = 267.887 ; free physical = 12629 ; free virtual = 27295

Phase 4.4 Final Placement Cleanup
Netlist sorting complete. Time (s): cpu = 00:00:00.01 ; elapsed = 00:00:00.01 . Memory (MB): peak = 3448.918 ; gain = 0.000 ; free physical = 12629 ; free virtual = 27295

Time (s): cpu = 00:03:12 ; elapsed = 00:00:58 . Memory (MB): peak = 3448.918 ; gain = 267.887 ; free physical = 12629 ; free virtual = 27295
Phase 4 Post Placement Optimization and Clean-Up | Checksum: 16ac74817

Time (s): cpu = 00:03:13 ; elapsed = 00:00:58 . Memory (MB): peak = 3448.918 ; gain = 267.887 ; free physical = 12626 ; free virtual = 27293
Ending Placer Task | Checksum: 1183ac0ab

Time (s): cpu = 00:03:13 ; elapsed = 00:00:58 . Memory (MB): peak = 3448.918 ; gain = 267.887 ; free physical = 12626 ; free virtual = 27293
89 Infos, 0 Warnings, 0 Critical Warnings and 0 Errors encountered.
place_design completed successfully
place_design: Time (s): cpu = 00:03:16 ; elapsed = 00:00:59 . Memory (MB): peak = 3448.918 ; gain = 267.887 ; free physical = 12626 ; free virtual = 27293
INFO: [Vivado 12-24838] Running report commands "report_control_sets, report_io, report_utilization" in parallel.
Running report generation with 3 threads.
INFO: [Vivado 12-24828] Executing command : report_control_sets -verbose -file RV64IM72F5SPSoCTOP_control_sets_placed.rpt
report_control_sets: Time (s): cpu = 00:00:00.15 ; elapsed = 00:00:00.11 . Memory (MB): peak = 3448.918 ; gain = 0.000 ; free physical = 12617 ; free virtual = 27284
INFO: [Vivado 12-24828] Executing command : report_io -file RV64IM72F5SPSoCTOP_io_placed.rpt
report_io: Time (s): cpu = 00:00:00.2 ; elapsed = 00:00:00.14 . Memory (MB): peak = 3448.918 ; gain = 0.000 ; free physical = 12621 ; free virtual = 27288
INFO: [Vivado 12-24828] Executing command : report_utilization -file RV64IM72F5SPSoCTOP_utilization_placed.rpt -pb RV64IM72F5SPSoCTOP_utilization_placed.pb
INFO: [Timing 38-480] Writing timing data to binary archive.
Wrote PlaceDB: Time (s): cpu = 00:00:00 ; elapsed = 00:00:00 . Memory (MB): peak = 3448.918 ; gain = 0.000 ; free physical = 12618 ; free virtual = 27285
Wrote PulsedLatchDB: Time (s): cpu = 00:00:00 ; elapsed = 00:00:00 . Memory (MB): peak = 3448.918 ; gain = 0.000 ; free physical = 12618 ; free virtual = 27285
Writing XDEF routing.
Writing XDEF routing logical nets.
Writing XDEF routing special nets.
Wrote RouteStorage: Time (s): cpu = 00:00:00.15 ; elapsed = 00:00:00.03 . Memory (MB): peak = 3448.918 ; gain = 0.000 ; free physical = 12616 ; free virtual = 27286
Write ShapeDB Complete: Time (s): cpu = 00:00:00.2 ; elapsed = 00:00:00.04 . Memory (MB): peak = 3448.918 ; gain = 0.000 ; free physical = 12613 ; free virtual = 27286
Wrote PlaceStorage: Time (s): cpu = 00:00:00.93 ; elapsed = 00:00:00.46 . Memory (MB): peak = 3448.918 ; gain = 0.000 ; free physical = 12584 ; free virtual = 27280
Wrote Netlist Cache: Time (s): cpu = 00:00:00.01 ; elapsed = 00:00:00.01 . Memory (MB): peak = 3448.918 ; gain = 0.000 ; free physical = 12584 ; free virtual = 27282
Wrote Device Cache: Time (s): cpu = 00:00:00.01 ; elapsed = 00:00:00.01 . Memory (MB): peak = 3448.918 ; gain = 0.000 ; free physical = 12583 ; free virtual = 27282
Write Physdb Complete: Time (s): cpu = 00:00:01 ; elapsed = 00:00:00.51 . Memory (MB): peak = 3448.918 ; gain = 0.000 ; free physical = 12583 ; free virtual = 27282
INFO: [Common 17-1381] The checkpoint '/home/khwl/Desktop/claude_RISCOF_RV-IM100/RV-IM100/RV64s/SoCs/RV64IM_5SP/RV64IM72F_5SP_FPGA.runs/impl_1/RV64IM72F5SPSoCTOP_placed.dcp' has been generated.
Command: phys_opt_design -directive Explore
Attempting to get a license for feature 'Implementation' and/or device 'xc7a200t'
INFO: [Common 17-349] Got license for feature 'Implementation' and/or device 'xc7a200t'
INFO: [Vivado_Tcl 4-137] Directive used for phys_opt_design is: Explore

Starting Initial Update Timing Task

Time (s): cpu = 00:00:19 ; elapsed = 00:00:02 . Memory (MB): peak = 3448.918 ; gain = 0.000 ; free physical = 12616 ; free virtual = 27289
INFO: [Vivado_Tcl 4-2279] Estimated Timing Summary | WNS= 0.703 | TNS= 0.000 | 
INFO: [Vivado_Tcl 4-383] Design worst setup slack (WNS) is greater than or equal to 0.000 ns. All physical synthesis setup optimizations will be skipped.
INFO: [Vivado_Tcl 4-232] No setup violation found. The netlist was not modified.
INFO: [Common 17-83] Releasing license: Implementation
101 Infos, 0 Warnings, 0 Critical Warnings and 0 Errors encountered.
phys_opt_design completed successfully
INFO: [Timing 38-480] Writing timing data to binary archive.
Wrote PlaceDB: Time (s): cpu = 00:00:00 ; elapsed = 00:00:00 . Memory (MB): peak = 3448.918 ; gain = 0.000 ; free physical = 12616 ; free virtual = 27290
Wrote PulsedLatchDB: Time (s): cpu = 00:00:00 ; elapsed = 00:00:00 . Memory (MB): peak = 3448.918 ; gain = 0.000 ; free physical = 12616 ; free virtual = 27290
Writing XDEF routing.
Writing XDEF routing logical nets.
Writing XDEF routing special nets.
Wrote RouteStorage: Time (s): cpu = 00:00:00.15 ; elapsed = 00:00:00.03 . Memory (MB): peak = 3448.918 ; gain = 0.000 ; free physical = 12615 ; free virtual = 27291
Write ShapeDB Complete: Time (s): cpu = 00:00:00.18 ; elapsed = 00:00:00.05 . Memory (MB): peak = 3448.918 ; gain = 0.000 ; free physical = 12613 ; free virtual = 27291
Wrote PlaceStorage: Time (s): cpu = 00:00:00.96 ; elapsed = 00:00:00.46 . Memory (MB): peak = 3448.918 ; gain = 0.000 ; free physical = 12589 ; free virtual = 27291
Wrote Netlist Cache: Time (s): cpu = 00:00:00.01 ; elapsed = 00:00:00.01 . Memory (MB): peak = 3448.918 ; gain = 0.000 ; free physical = 12586 ; free virtual = 27291
Wrote Device Cache: Time (s): cpu = 00:00:00 ; elapsed = 00:00:00 . Memory (MB): peak = 3448.918 ; gain = 0.000 ; free physical = 12586 ; free virtual = 27291
Write Physdb Complete: Time (s): cpu = 00:00:01 ; elapsed = 00:00:00.51 . Memory (MB): peak = 3448.918 ; gain = 0.000 ; free physical = 12586 ; free virtual = 27291
INFO: [Common 17-1381] The checkpoint '/home/khwl/Desktop/claude_RISCOF_RV-IM100/RV-IM100/RV64s/SoCs/RV64IM_5SP/RV64IM72F_5SP_FPGA.runs/impl_1/RV64IM72F5SPSoCTOP_physopt.dcp' has been generated.
Command: route_design -directive Explore -tns_cleanup
Attempting to get a license for feature 'Implementation' and/or device 'xc7a200t'
INFO: [Common 17-349] Got license for feature 'Implementation' and/or device 'xc7a200t'


Starting Routing Task
INFO: [Route 35-270] Using Router directive 'Explore'.
INFO: [Route 35-254] Multithreading enabled for route_design using a maximum of 16 CPUs

Phase 1 Build RT Design
Checksum: PlaceDB: 699ab94e ConstDB: 0 ShapeSum: 16851bf9 RouteDB: 981aeb64
Post Restoration Checksum: NetGraph: bc2b9ed0 | NumContArr: 1a6ab9c7 | Constraints: c2a8fa9d | Timing: c2a8fa9d
Phase 1 Build RT Design | Checksum: 25be84dd1

Time (s): cpu = 00:01:09 ; elapsed = 00:00:23 . Memory (MB): peak = 3448.918 ; gain = 0.000 ; free physical = 12622 ; free virtual = 27300

Phase 2 Router Initialization

Phase 2.1 Fix Topology Constraints
Phase 2.1 Fix Topology Constraints | Checksum: 25be84dd1

Time (s): cpu = 00:01:09 ; elapsed = 00:00:23 . Memory (MB): peak = 3448.918 ; gain = 0.000 ; free physical = 12622 ; free virtual = 27300

Phase 2.2 Pre Route Cleanup
Phase 2.2 Pre Route Cleanup | Checksum: 25be84dd1

Time (s): cpu = 00:01:09 ; elapsed = 00:00:23 . Memory (MB): peak = 3448.918 ; gain = 0.000 ; free physical = 12622 ; free virtual = 27300
 Number of Nodes with overlaps = 0

Phase 2.3 Update Timing
Phase 2.3 Update Timing | Checksum: 1b84a97ce

Time (s): cpu = 00:01:58 ; elapsed = 00:00:28 . Memory (MB): peak = 3448.918 ; gain = 0.000 ; free physical = 12556 ; free virtual = 27236
INFO: [Route 35-416] Intermediate Timing Summary | WNS=1.084  | TNS=0.000  | WHS=-0.243 | THS=-1193.402|


Phase 2.4 Soft Constraint Pins - Fast Budgeting
Phase 2.4 Soft Constraint Pins - Fast Budgeting | Checksum: 23ce88a10

Time (s): cpu = 00:02:03 ; elapsed = 00:00:29 . Memory (MB): peak = 3448.918 ; gain = 0.000 ; free physical = 12558 ; free virtual = 27236

Router Utilization Summary
  Global Vertical Routing Utilization    = 0 %
  Global Horizontal Routing Utilization  = 0 %
  Routable Net Status*
  *Does not include unroutable nets such as driverless and loadless.
  Run report_route_status for detailed report.
  Number of Failed Nets               = 16226
    (Failed Nets is the sum of unrouted and partially routed nets)
  Number of Unrouted Nets             = 16226
  Number of Partially Routed Nets     = 0
  Number of Node Overlaps             = 0

Phase 2 Router Initialization | Checksum: 1c16e99be

Time (s): cpu = 00:02:04 ; elapsed = 00:00:29 . Memory (MB): peak = 3448.918 ; gain = 0.000 ; free physical = 12550 ; free virtual = 27229

Phase 3 Global Routing
Phase 3 Global Routing | Checksum: 1c16e99be

Time (s): cpu = 00:02:04 ; elapsed = 00:00:29 . Memory (MB): peak = 3448.918 ; gain = 0.000 ; free physical = 12550 ; free virtual = 27229

Phase 4 Initial Routing

Phase 4.1 Initial Net Routing Pass
Phase 4.1 Initial Net Routing Pass | Checksum: 2bb697185

Time (s): cpu = 00:02:35 ; elapsed = 00:00:38 . Memory (MB): peak = 3502.035 ; gain = 53.117 ; free physical = 12463 ; free virtual = 27141
Phase 4 Initial Routing | Checksum: 2bb697185

Time (s): cpu = 00:02:36 ; elapsed = 00:00:38 . Memory (MB): peak = 3502.035 ; gain = 53.117 ; free physical = 12463 ; free virtual = 27141

Phase 5 Rip-up And Reroute

Phase 5.1 Global Iteration 0
 Number of Nodes with overlaps = 5099
 Number of Nodes with overlaps = 1332
 Number of Nodes with overlaps = 478
 Number of Nodes with overlaps = 171
 Number of Nodes with overlaps = 45
 Number of Nodes with overlaps = 18
 Number of Nodes with overlaps = 2
 Number of Nodes with overlaps = 0
INFO: [Route 35-416] Intermediate Timing Summary | WNS=-1.798 | TNS=-2634.384| WHS=N/A    | THS=N/A    |

Phase 5.1 Global Iteration 0 | Checksum: 1eb29ea3a

Time (s): cpu = 00:03:29 ; elapsed = 00:01:07 . Memory (MB): peak = 3502.035 ; gain = 53.117 ; free physical = 11729 ; free virtual = 26343

Phase 5.2 Global Iteration 1
 Number of Nodes with overlaps = 4112
 Number of Nodes with overlaps = 1858
 Number of Nodes with overlaps = 1036
 Number of Nodes with overlaps = 594
 Number of Nodes with overlaps = 188
 Number of Nodes with overlaps = 170
 Number of Nodes with overlaps = 49
 Number of Nodes with overlaps = 39
 Number of Nodes with overlaps = 23
 Number of Nodes with overlaps = 12
 Number of Nodes with overlaps = 7
 Number of Nodes with overlaps = 4
 Number of Nodes with overlaps = 11
 Number of Nodes with overlaps = 1
 Number of Nodes with overlaps = 0
INFO: [Route 35-416] Intermediate Timing Summary | WNS=-0.444 | TNS=-8.880 | WHS=N/A    | THS=N/A    |

Phase 5.2 Global Iteration 1 | Checksum: 167ea2ff0

Time (s): cpu = 00:05:11 ; elapsed = 00:01:46 . Memory (MB): peak = 3502.035 ; gain = 53.117 ; free physical = 11469 ; free virtual = 26170

Phase 5.3 Global Iteration 2
 Number of Nodes with overlaps = 3243
 Number of Nodes with overlaps = 1759
 Number of Nodes with overlaps = 920
 Number of Nodes with overlaps = 414
 Number of Nodes with overlaps = 208
 Number of Nodes with overlaps = 159
 Number of Nodes with overlaps = 70
 Number of Nodes with overlaps = 47
 Number of Nodes with overlaps = 9
 Number of Nodes with overlaps = 5
 Number of Nodes with overlaps = 3
 Number of Nodes with overlaps = 0
INFO: [Route 35-416] Intermediate Timing Summary | WNS=0.136  | TNS=0.000  | WHS=N/A    | THS=N/A    |

Phase 5.3 Global Iteration 2 | Checksum: 24b8fec1d

Time (s): cpu = 00:06:44 ; elapsed = 00:02:20 . Memory (MB): peak = 3502.035 ; gain = 53.117 ; free physical = 11241 ; free virtual = 25976
Phase 5 Rip-up And Reroute | Checksum: 24b8fec1d

Time (s): cpu = 00:06:44 ; elapsed = 00:02:20 . Memory (MB): peak = 3502.035 ; gain = 53.117 ; free physical = 11241 ; free virtual = 25976

Phase 6 Delay and Skew Optimization

Phase 6.1 TNS Cleanup

Phase 6.1.1 Delay CleanUp
Phase 6.1.1 Delay CleanUp | Checksum: 24b8fec1d

Time (s): cpu = 00:06:44 ; elapsed = 00:02:20 . Memory (MB): peak = 3502.035 ; gain = 53.117 ; free physical = 11239 ; free virtual = 25974
Phase 6.1 TNS Cleanup | Checksum: 24b8fec1d

Time (s): cpu = 00:06:44 ; elapsed = 00:02:20 . Memory (MB): peak = 3502.035 ; gain = 53.117 ; free physical = 11239 ; free virtual = 25974

Phase 6.2 Clock Skew Optimization
Phase 6.2 Clock Skew Optimization | Checksum: 24b8fec1d

Time (s): cpu = 00:06:44 ; elapsed = 00:02:20 . Memory (MB): peak = 3502.035 ; gain = 53.117 ; free physical = 11239 ; free virtual = 25974
Phase 6 Delay and Skew Optimization | Checksum: 24b8fec1d

Time (s): cpu = 00:06:44 ; elapsed = 00:02:20 . Memory (MB): peak = 3502.035 ; gain = 53.117 ; free physical = 11239 ; free virtual = 25974

Phase 7 Post Hold Fix

Phase 7.1 Hold Fix Iter
INFO: [Route 35-416] Intermediate Timing Summary | WNS=0.223  | TNS=0.000  | WHS=0.038  | THS=0.000  |

Phase 7.1 Hold Fix Iter | Checksum: 31d3894b0

Time (s): cpu = 00:06:48 ; elapsed = 00:02:20 . Memory (MB): peak = 3502.035 ; gain = 53.117 ; free physical = 11186 ; free virtual = 25919
Phase 7 Post Hold Fix | Checksum: 31d3894b0

Time (s): cpu = 00:06:48 ; elapsed = 00:02:20 . Memory (MB): peak = 3502.035 ; gain = 53.117 ; free physical = 11184 ; free virtual = 25917

Phase 8 Route finalize

Router Utilization Summary
  Global Vertical Routing Utilization    = 4.90272 %
  Global Horizontal Routing Utilization  = 5.26804 %
  Routable Net Status*
  *Does not include unroutable nets such as driverless and loadless.
  Run report_route_status for detailed report.
  Number of Failed Nets               = 0
    (Failed Nets is the sum of unrouted and partially routed nets)
  Number of Unrouted Nets             = 0
  Number of Partially Routed Nets     = 0
  Number of Node Overlaps             = 0

Phase 8 Route finalize | Checksum: 31d3894b0

Time (s): cpu = 00:06:49 ; elapsed = 00:02:20 . Memory (MB): peak = 3502.035 ; gain = 53.117 ; free physical = 11176 ; free virtual = 25908

Phase 9 Verifying routed nets

 Verification completed successfully
Phase 9 Verifying routed nets | Checksum: 31d3894b0

Time (s): cpu = 00:06:49 ; elapsed = 00:02:20 . Memory (MB): peak = 3502.035 ; gain = 53.117 ; free physical = 11168 ; free virtual = 25901

Phase 10 Depositing Routes
Phase 10 Depositing Routes | Checksum: 36e1605d5

Time (s): cpu = 00:06:50 ; elapsed = 00:02:21 . Memory (MB): peak = 3502.035 ; gain = 53.117 ; free physical = 11072 ; free virtual = 25805

Phase 11 Post Process Routing
Phase 11 Post Process Routing | Checksum: 36e1605d5

Time (s): cpu = 00:06:51 ; elapsed = 00:02:21 . Memory (MB): peak = 3502.035 ; gain = 53.117 ; free physical = 11056 ; free virtual = 25789

Phase 12 Post Router Timing
INFO: [Route 35-20] Post Routing Timing Summary | WNS=0.237  | TNS=0.000  | WHS=0.096  | THS=0.000  |

Phase 12 Post Router Timing | Checksum: 318c34047

Time (s): cpu = 00:07:44 ; elapsed = 00:02:27 . Memory (MB): peak = 3502.035 ; gain = 53.117 ; free physical = 10327 ; free virtual = 25043
INFO: [Route 35-61] The design met the timing requirement.
Total Elapsed time in route_design: 147.2 secs

Phase 13 Post-Route Event Processing
Phase 13 Post-Route Event Processing | Checksum: 15ec07294

Time (s): cpu = 00:07:44 ; elapsed = 00:02:27 . Memory (MB): peak = 3502.035 ; gain = 53.117 ; free physical = 10921 ; free virtual = 25491
INFO: [Route 35-16] Router Completed Successfully
Ending Routing Task | Checksum: 15ec07294

Time (s): cpu = 00:07:45 ; elapsed = 00:02:27 . Memory (MB): peak = 3502.035 ; gain = 53.117 ; free physical = 10938 ; free virtual = 25482

Routing Is Done.
INFO: [Common 17-83] Releasing license: Implementation
115 Infos, 0 Warnings, 0 Critical Warnings and 0 Errors encountered.
route_design completed successfully
route_design: Time (s): cpu = 00:07:45 ; elapsed = 00:02:27 . Memory (MB): peak = 3502.035 ; gain = 53.117 ; free physical = 10923 ; free virtual = 25467
INFO: [Vivado 12-24828] Executing command : report_drc -file RV64IM72F5SPSoCTOP_drc_routed.rpt -pb RV64IM72F5SPSoCTOP_drc_routed.pb -rpx RV64IM72F5SPSoCTOP_drc_routed.rpx
Command: report_drc -file RV64IM72F5SPSoCTOP_drc_routed.rpt -pb RV64IM72F5SPSoCTOP_drc_routed.pb -rpx RV64IM72F5SPSoCTOP_drc_routed.rpx
INFO: [IP_Flow 19-1839] IP Catalog is up to date.
INFO: [DRC 23-27] Running DRC with 16 threads
INFO: [Vivado_Tcl 2-168] The results of DRC are in file /home/khwl/Desktop/claude_RISCOF_RV-IM100/RV-IM100/RV64s/SoCs/RV64IM_5SP/RV64IM72F_5SP_FPGA.runs/impl_1/RV64IM72F5SPSoCTOP_drc_routed.rpt.
report_drc completed successfully
INFO: [Vivado 12-24828] Executing command : report_methodology -file RV64IM72F5SPSoCTOP_methodology_drc_routed.rpt -pb RV64IM72F5SPSoCTOP_methodology_drc_routed.pb -rpx RV64IM72F5SPSoCTOP_methodology_drc_routed.rpx
Command: report_methodology -file RV64IM72F5SPSoCTOP_methodology_drc_routed.rpt -pb RV64IM72F5SPSoCTOP_methodology_drc_routed.pb -rpx RV64IM72F5SPSoCTOP_methodology_drc_routed.rpx
INFO: [Timing 38-35] Done setting XDC timing constraints.
INFO: [DRC 23-133] Running Methodology with 16 threads
INFO: [Vivado_Tcl 2-1520] The results of Report Methodology are in file /home/khwl/Desktop/claude_RISCOF_RV-IM100/RV-IM100/RV64s/SoCs/RV64IM_5SP/RV64IM72F_5SP_FPGA.runs/impl_1/RV64IM72F5SPSoCTOP_methodology_drc_routed.rpt.
report_methodology completed successfully
report_methodology: Time (s): cpu = 00:01:13 ; elapsed = 00:00:08 . Memory (MB): peak = 3502.035 ; gain = 0.000 ; free physical = 9902 ; free virtual = 24348
INFO: [Vivado 12-24828] Executing command : report_timing_summary -max_paths 10 -routable_nets -report_unconstrained -file RV64IM72F5SPSoCTOP_timing_summary_routed.rpt -pb RV64IM72F5SPSoCTOP_timing_summary_routed.pb -rpx RV64IM72F5SPSoCTOP_timing_summary_routed.rpx
INFO: [Timing 38-35] Done setting XDC timing constraints.
INFO: [Timing 38-91] UpdateTimingParams: Speed grade: -1, Delay Type: min_max.
INFO: [Timing 38-191] Multithreading enabled for timing update using a maximum of 16 CPUs
INFO: [Vivado 12-24838] Running report commands "report_bus_skew, report_incremental_reuse, report_route_status" in parallel.
Running report generation with 3 threads.
INFO: [Vivado 12-24828] Executing command : report_incremental_reuse -file RV64IM72F5SPSoCTOP_incremental_reuse_routed.rpt
INFO: [Vivado_Tcl 4-1062] Incremental flow is disabled. No incremental reuse Info to report.
INFO: [Vivado 12-24828] Executing command : report_bus_skew -warn_on_violation -file RV64IM72F5SPSoCTOP_bus_skew_routed.rpt -pb RV64IM72F5SPSoCTOP_bus_skew_routed.pb -rpx RV64IM72F5SPSoCTOP_bus_skew_routed.rpx
INFO: [Timing 38-91] UpdateTimingParams: Speed grade: -1, Delay Type: min_max.
INFO: [Timing 38-191] Multithreading enabled for timing update using a maximum of 16 CPUs
INFO: [Vivado 12-24828] Executing command : report_route_status -file RV64IM72F5SPSoCTOP_route_status.rpt -pb RV64IM72F5SPSoCTOP_route_status.pb
INFO: [Vivado 12-24828] Executing command : report_power -file RV64IM72F5SPSoCTOP_power_routed.rpt -pb RV64IM72F5SPSoCTOP_power_summary_routed.pb -rpx RV64IM72F5SPSoCTOP_power_routed.rpx
Command: report_power -file RV64IM72F5SPSoCTOP_power_routed.rpt -pb RV64IM72F5SPSoCTOP_power_summary_routed.pb -rpx RV64IM72F5SPSoCTOP_power_routed.rpx
Running Vector-less Activity Propagation...

Finished Running Vector-less Activity Propagation
135 Infos, 0 Warnings, 0 Critical Warnings and 0 Errors encountered.
report_power completed successfully
INFO: [Vivado 12-24828] Executing command : report_clock_utilization -file RV64IM72F5SPSoCTOP_clock_utilization_routed.rpt
generate_parallel_reports: Time (s): cpu = 00:01:40 ; elapsed = 00:00:16 . Memory (MB): peak = 3686.137 ; gain = 184.102 ; free physical = 11453 ; free virtual = 25944
INFO: [Timing 38-480] Writing timing data to binary archive.
Wrote PlaceDB: Time (s): cpu = 00:00:00 ; elapsed = 00:00:00 . Memory (MB): peak = 3686.137 ; gain = 0.000 ; free physical = 11452 ; free virtual = 25943
Wrote PulsedLatchDB: Time (s): cpu = 00:00:00 ; elapsed = 00:00:00 . Memory (MB): peak = 3686.137 ; gain = 0.000 ; free physical = 11452 ; free virtual = 25943
Writing XDEF routing.
Writing XDEF routing logical nets.
Write ShapeDB Complete: Time (s): cpu = 00:00:00.2 ; elapsed = 00:00:00.04 . Memory (MB): peak = 3686.137 ; gain = 0.000 ; free physical = 11448 ; free virtual = 25944
Writing XDEF routing special nets.
Wrote RouteStorage: Time (s): cpu = 00:00:00.75 ; elapsed = 00:00:00.13 . Memory (MB): peak = 3686.137 ; gain = 0.000 ; free physical = 11441 ; free virtual = 25947
Wrote PlaceStorage: Time (s): cpu = 00:00:00.62 ; elapsed = 00:00:00.44 . Memory (MB): peak = 3686.137 ; gain = 0.000 ; free physical = 11436 ; free virtual = 25961
Wrote Netlist Cache: Time (s): cpu = 00:00:00.01 ; elapsed = 00:00:00.02 . Memory (MB): peak = 3686.137 ; gain = 0.000 ; free physical = 11428 ; free virtual = 25956
Wrote Device Cache: Time (s): cpu = 00:00:00 ; elapsed = 00:00:00 . Memory (MB): peak = 3686.137 ; gain = 0.000 ; free physical = 11428 ; free virtual = 25956
Write Physdb Complete: Time (s): cpu = 00:00:01 ; elapsed = 00:00:00.6 . Memory (MB): peak = 3686.137 ; gain = 0.000 ; free physical = 11428 ; free virtual = 25956
INFO: [Common 17-1381] The checkpoint '/home/khwl/Desktop/claude_RISCOF_RV-IM100/RV-IM100/RV64s/SoCs/RV64IM_5SP/RV64IM72F_5SP_FPGA.runs/impl_1/RV64IM72F5SPSoCTOP_routed.dcp' has been generated.
Command: phys_opt_design -directive Explore
Attempting to get a license for feature 'Implementation' and/or device 'xc7a200t'
INFO: [Common 17-349] Got license for feature 'Implementation' and/or device 'xc7a200t'
INFO: [Vivado_Tcl 4-241] Physical synthesis in post route mode 
INFO: [Vivado_Tcl 4-137] Directive used for phys_opt_design is: Explore
INFO: [Vivado_Tcl 4-2279] Estimated Timing Summary | WNS= 0.237 | TNS= 0.000 | 
INFO: [Vivado_Tcl 4-383] Design worst setup slack (WNS) is greater than or equal to 0.000 ns. All physical synthesis setup optimizations will be skipped.
INFO: [Vivado_Tcl 4-232] No setup violation found. The netlist was not modified.
INFO: [Common 17-83] Releasing license: Implementation
145 Infos, 0 Warnings, 0 Critical Warnings and 0 Errors encountered.
phys_opt_design completed successfully
INFO: [Vivado 12-24828] Executing command : report_timing_summary -max_paths 10 -report_unconstrained -warn_on_violation -file RV64IM72F5SPSoCTOP_timing_summary_postroute_physopted.rpt -pb RV64IM72F5SPSoCTOP_timing_summary_postroute_physopted.pb -rpx RV64IM72F5SPSoCTOP_timing_summary_postroute_physopted.rpx
INFO: [Timing 38-91] UpdateTimingParams: Speed grade: -1, Delay Type: min_max.
INFO: [Timing 38-191] Multithreading enabled for timing update using a maximum of 16 CPUs
INFO: [Vivado 12-24828] Executing command : report_bus_skew -warn_on_violation -file RV64IM72F5SPSoCTOP_bus_skew_postroute_physopted.rpt -pb RV64IM72F5SPSoCTOP_bus_skew_postroute_physopted.pb -rpx RV64IM72F5SPSoCTOP_bus_skew_postroute_physopted.rpx
INFO: [Timing 38-91] UpdateTimingParams: Speed grade: -1, Delay Type: min_max.
INFO: [Timing 38-191] Multithreading enabled for timing update using a maximum of 16 CPUs
INFO: [Timing 38-480] Writing timing data to binary archive.
Wrote PlaceDB: Time (s): cpu = 00:00:00 ; elapsed = 00:00:00 . Memory (MB): peak = 3686.137 ; gain = 0.000 ; free physical = 11516 ; free virtual = 25979
Wrote PulsedLatchDB: Time (s): cpu = 00:00:00 ; elapsed = 00:00:00 . Memory (MB): peak = 3686.137 ; gain = 0.000 ; free physical = 11516 ; free virtual = 25979
Writing XDEF routing.
Writing XDEF routing logical nets.
Write ShapeDB Complete: Time (s): cpu = 00:00:00.23 ; elapsed = 00:00:00.05 . Memory (MB): peak = 3686.137 ; gain = 0.000 ; free physical = 11509 ; free virtual = 25977
Writing XDEF routing special nets.
Wrote RouteStorage: Time (s): cpu = 00:00:00.75 ; elapsed = 00:00:00.14 . Memory (MB): peak = 3686.137 ; gain = 0.000 ; free physical = 11503 ; free virtual = 25981
Wrote PlaceStorage: Time (s): cpu = 00:00:00.65 ; elapsed = 00:00:00.46 . Memory (MB): peak = 3686.137 ; gain = 0.000 ; free physical = 11479 ; free virtual = 25991
Wrote Netlist Cache: Time (s): cpu = 00:00:00.02 ; elapsed = 00:00:00.01 . Memory (MB): peak = 3686.137 ; gain = 0.000 ; free physical = 11479 ; free virtual = 25993
Wrote Device Cache: Time (s): cpu = 00:00:00 ; elapsed = 00:00:00.01 . Memory (MB): peak = 3686.137 ; gain = 0.000 ; free physical = 11471 ; free virtual = 25986
Write Physdb Complete: Time (s): cpu = 00:00:01 ; elapsed = 00:00:00.62 . Memory (MB): peak = 3686.137 ; gain = 0.000 ; free physical = 11471 ; free virtual = 25986
INFO: [Common 17-1381] The checkpoint '/home/khwl/Desktop/claude_RISCOF_RV-IM100/RV-IM100/RV64s/SoCs/RV64IM_5SP/RV64IM72F_5SP_FPGA.runs/impl_1/RV64IM72F5SPSoCTOP_postroute_physopt.dcp' has been generated.
INFO: [Common 17-206] Exiting Vivado at Sun Sep 13 23:16:33 2026...
