Copyright 1986-2022 Xilinx, Inc. All Rights Reserved. Copyright 2022-2025 Advanced Micro Devices, Inc. All Rights Reserved.
---------------------------------------------------------------------------------------------------------------------------------------------
| Tool Version : Vivado v.2025.2 (lin64) Build 6299465 Fri Nov 14 12:34:56 MST 2025
| Date         : Tue Sep 15 20:16:50 2026
| Host         : khwl-ThinkPad-X1-Carbon-Gen-13 running 64-bit Ubuntu 24.04.4 LTS
| Command      : report_control_sets -verbose -file RV64IM72F8SPSoCTOP_control_sets_placed.rpt
| Design       : RV64IM72F8SPSoCTOP
| Device       : xc7a200t
---------------------------------------------------------------------------------------------------------------------------------------------

Control Set Information

Table of Contents
-----------------
1. Summary
2. Histogram
3. Flip-Flop Distribution
4. Detailed Control Set Information

1. Summary
----------

+----------------------------------------------------------+-------+
|                          Status                          | Count |
+----------------------------------------------------------+-------+
| Total control sets                                       |   118 |
|    Minimum number of control sets                        |    21 |
|    Addition due to synthesis replication                 |     0 |
|    Addition due to physical synthesis replication        |    97 |
| Unused register locations in slices containing registers |   454 |
+----------------------------------------------------------+-------+
* Control sets can be merged at opt_design using control_set_merge or merge_equivalent_drivers
** Run report_qor_suggestions for automated merging and remapping suggestions


2. Histogram
------------

+--------------------+-------+
|       Fanout       | Count |
+--------------------+-------+
| Total control sets |   118 |
| >= 0 to < 4        |    22 |
| >= 4 to < 6        |    13 |
| >= 6 to < 8        |     7 |
| >= 8 to < 10       |     3 |
| >= 10 to < 12      |     7 |
| >= 12 to < 14      |     8 |
| >= 14 to < 16      |     3 |
| >= 16              |    55 |
+--------------------+-------+
* Control sets can be remapped at either synth_design or opt_design


3. Flip-Flop Distribution
-------------------------

+--------------+-----------------------+------------------------+-----------------+--------------+
| Clock Enable | Synchronous Set/Reset | Asynchronous Set/Reset | Total Registers | Total Slices |
+--------------+-----------------------+------------------------+-----------------+--------------+
| No           | No                    | No                     |               8 |            6 |
| No           | No                    | Yes                    |              64 |           37 |
| No           | Yes                   | No                     |               0 |            0 |
| Yes          | No                    | No                     |              96 |           37 |
| Yes          | No                    | Yes                    |            2196 |          781 |
| Yes          | Yes                   | No                     |            2990 |          943 |
+--------------+-----------------------+------------------------+-----------------+--------------+


4. Detailed Control Set Information
-----------------------------------

+------------------------+------------------------------------------------------------------+-----------------------------------------------------------------+------------------+----------------+--------------+
|      Clock Signal      |                           Enable Signal                          |                         Set/Reset Signal                        | Slice Load Count | Bel Load Count | Bels / Slice |
+------------------------+------------------------------------------------------------------+-----------------------------------------------------------------+------------------+----------------+--------------+
|  clk_gen/inst/clk_out1 | rv64im72f_6sp/exr_ex_register/cpu_clk_enable_reg_2[0]            | internal_reset_repN_10                                          |                1 |              1 |         1.00 |
|  clk_gen/inst/clk_out1 | rv64im72f_6sp/exception_detector/WB_csr_write_enable_reg[0]      | internal_reset_repN_1                                           |                1 |              1 |         1.00 |
|  clk_gen/inst/clk_out1 | rv64im72f_6sp/csr_file/minstret[0]                               | internal_reset_repN_7                                           |                1 |              1 |         1.00 |
|  clk_gen/inst/clk_out1 | rv64im72f_6sp/alu/divider_dword/quotient_sign4_out               | internal_reset_repN_9                                           |                1 |              1 |         1.00 |
|  clk_gen/inst/clk_out1 | rv64im72f_6sp/exr_ex_register/cpu_clk_enable_reg_3[0]            | internal_reset_repN_10                                          |                1 |              1 |         1.00 |
|  clk_gen/inst/clk_out1 | rv64im72f_6sp/alu/multiplier_dword/result_sign_s22_out           | internal_reset_repN_5                                           |                1 |              1 |         1.00 |
|  clk_gen/inst/clk_out1 | uart_tx/tx_i_1_n_0                                               | internal_reset_repN_7                                           |                1 |              1 |         1.00 |
|  clk_gen/inst/clk_out1 | cpu_clk_enable                                                   | internal_reset_repN_10                                          |                1 |              1 |         1.00 |
|  clk_gen/inst/clk_out1 | rv64im72f_6sp/alu/divider_word/FSM_onehot_state[3]_i_1_n_0       | internal_reset_repN_2                                           |                1 |              1 |         1.00 |
|  clk_gen/inst/clk_out1 | rv64im72f_6sp/exr_ex_register/cpu_clk_enable_reg_2[0]            | internal_reset_repN_1                                           |                1 |              1 |         1.00 |
|  clk_gen/inst/clk_out1 | rv64im72f_6sp/alu/multiplier_dword/prod_high[63]_i_1_n_0         | internal_reset_repN_9                                           |                1 |              1 |         1.00 |
|  clk_gen/inst/clk_out1 |                                                                  | internal_reset_repN_10                                          |                1 |              1 |         1.00 |
|  clk_gen/inst/clk_out1 | rv64im72f_6sp/exr_ex_register/cpu_clk_enable_reg_2[0]            | internal_reset_repN                                             |                2 |              2 |         1.00 |
|  clk_gen/inst/clk_out1 | rv64im72f_6sp/alu/divider_dword/quotient_reg[63]_i_1_n_0         | internal_reset_repN_6                                           |                2 |              2 |         1.00 |
|  clk_gen/inst/clk_out1 | rv64im72f_6sp/exception_detector/WB_csr_write_enable_reg[0]      | internal_reset_repN_11                                          |                1 |              2 |         2.00 |
|  clk_gen/inst/clk_out1 | rv64im72f_6sp/exception_detector/cpu_clk_enable_reg[0]           | internal_reset_repN_11                                          |                2 |              3 |         1.50 |
|  clk_gen/inst/clk_out1 | rv64im72f_6sp/alu/divider_word/FSM_onehot_state[3]_i_1_n_0       | internal_reset_repN_6                                           |                1 |              3 |         3.00 |
|  clk_gen/inst/clk_out1 | rv64im72f_6sp/exception_detector/cpu_clk_enable_reg[0]           | internal_reset_repN_1                                           |                3 |              3 |         1.00 |
|  clk_gen/inst/clk_out1 | rv64im72f_6sp/exception_detector/WB_raw_imm_reg[11][0]           | internal_reset_repN_9                                           |                1 |              3 |         3.00 |
|  clk_gen/inst/clk_out1 | rv64im72f_6sp/exception_detector/WB_raw_imm_reg[11][0]           | internal_reset_repN_1                                           |                2 |              3 |         1.50 |
|  clk_gen/inst/clk_out1 | rv64im72f_6sp/exception_detector/WB_raw_imm_reg[11][0]           | internal_reset_repN_11                                          |                2 |              3 |         1.50 |
|  clk_gen/inst/clk_out1 | rv64im72f_6sp/exception_detector/WB_csr_write_enable_reg[0]      | internal_reset_repN                                             |                2 |              3 |         1.50 |
|  clk_gen/inst/clk_out1 | rv64im72f_6sp/alu/multiplier_word/FSM_onehot_stage[3]_i_1__0_n_0 | internal_reset_repN_10                                          |                1 |              4 |         4.00 |
|  clk_gen/inst/clk_out1 | rv64im72f_6sp/exr_ex_register/cpu_clk_enable_reg_0[0]            | internal_reset_repN_10                                          |                2 |              4 |         2.00 |
|  clk_gen/inst/clk_out1 | rv64im72f_6sp/alu/divider_word/quotient_sign4_out                | internal_reset_repN_2                                           |                3 |              4 |         1.33 |
|  clk_gen/inst/clk_out1 | cpu_clk_enable                                                   | internal_reset_repN_1                                           |                1 |              4 |         4.00 |
|  clk_gen/inst/clk_out1 |                                                                  | internal_reset_repN_8                                           |                1 |              4 |         4.00 |
|  clk_gen/inst/clk_out1 | rv64im72f_6sp/alu/divider_dword/FSM_onehot_state[3]_i_1__0_n_0   | internal_reset_repN_2                                           |                1 |              4 |         4.00 |
|  clk_gen/inst/clk_out1 | rv64im72f_6sp/alu/multiplier_dword/FSM_onehot_stage[3]_i_1_n_0   | internal_reset_repN_1                                           |                1 |              4 |         4.00 |
|  clk_gen/inst/clk_out1 | uart_tx/bit_counter[3]_i_1__1_n_0                                | internal_reset_repN_7                                           |                2 |              4 |         2.00 |
|  clk_gen/inst/clk_out1 | rv64im72f_6sp/alu/divider_dword/quotient_reg[63]_i_1_n_0         | internal_reset_repN_10                                          |                2 |              4 |         2.00 |
|  clk_gen/inst/clk_out1 | rv64im72f_6sp/trap_controller/cpu_clk_enable_reg_1[0]            | internal_reset_repN_12                                          |                1 |              4 |         4.00 |
|  clk_gen/inst/clk_out1 | rv64im72f_6sp/exception_detector/WB_csr_write_enable_reg[0]      | internal_reset_repN_9                                           |                3 |              5 |         1.67 |
|  clk_gen/inst/clk_out1 | rv64im72f_6sp/mem_wb_register/E[0]                               | internal_reset_repN_9                                           |                2 |              5 |         2.50 |
|  clk_gen/inst/clk_out1 | rv64im72f_6sp/mem_wb_register/E[0]                               | internal_reset_repN_1                                           |                2 |              5 |         2.50 |
|  clk_gen/inst/clk_out1 | rv64im72f_6sp/exception_detector/WB_raw_imm_reg[11][0]           | internal_reset_repN_7                                           |                3 |              6 |         2.00 |
|  clk_gen/inst/clk_out1 | rv64im72f_6sp/exception_detector/cpu_clk_enable_reg[0]           | internal_reset_repN_7                                           |                1 |              6 |         6.00 |
|  clk_gen/inst/clk_out1 | rv64im72f_6sp/exception_detector/WB_csr_write_enable_reg[0]      | internal_reset_repN_7                                           |                3 |              6 |         2.00 |
|  clk_gen/inst/clk_out1 | rv64im72f_6sp/exception_detector/cpu_clk_enable_reg[0]           | internal_reset_repN_9                                           |                2 |              6 |         3.00 |
|  clk_gen/inst/clk_out1 |                                                                  | internal_reset_repN_7                                           |                4 |              6 |         1.50 |
|  clk_gen/inst/clk_out1 |                                                                  | internal_reset_repN_2                                           |                2 |              6 |         3.00 |
|  clk_gen/inst/clk_out1 | rv64im72f_6sp/alu/multiplier_word/prod_low[31]_i_1__0_n_0        | internal_reset_repN_6                                           |                2 |              7 |         3.50 |
|  clk_gen/inst/clk_out1 |                                                                  |                                                                 |                6 |              8 |         1.33 |
|  clk_gen/inst/clk_out1 | rv64im72f_6sp/alu/divider_dword/bit_counter[6]_i_1_n_0           | internal_reset_repN_2                                           |                5 |              9 |         1.80 |
|  clk_gen/inst/clk_out1 | uart_tx/shift_reg[8]_i_1_n_0                                     | internal_reset_repN_7                                           |                3 |              9 |         3.00 |
|  clk_gen/inst/clk_out1 | rv64im72f_6sp/exr_ex_register/E[0]                               | internal_reset_repN_1                                           |                3 |             10 |         3.33 |
|  clk_gen/inst/clk_out1 | rv64im72f_6sp/mem_wb_register/E[0]                               | internal_reset                                                  |                5 |             10 |         2.00 |
|  clk_gen/inst/clk_out1 | rv64im72f_6sp/mem_wb_register/E[0]                               | internal_reset_repN_7                                           |                4 |             10 |         2.50 |
|  clk_gen/inst/clk_out1 | mmio_interface/E[0]                                              | internal_reset_repN_7                                           |                4 |             10 |         2.50 |
|  clk_gen/inst/clk_out1 | rv64im72f_6sp/alu/divider_word/quotient_reg[31]_i_1_n_0          | internal_reset_repN_2                                           |                4 |             11 |         2.75 |
|  clk_gen/inst/clk_out1 | rv64im72f_6sp/alu/divider_word/quotient_sign4_out                | internal_reset_repN_3                                           |                5 |             11 |         2.20 |
|  clk_gen/inst/clk_out1 | rv64im72f_6sp/alu/multiplier_word/result_sign_s22_out            | internal_reset_repN_10                                          |                7 |             11 |         1.57 |
|  clk_gen/inst/clk_out1 | rv64im72f_6sp/exception_detector/WB_csr_write_enable_reg[0]      | internal_reset                                                  |                6 |             12 |         2.00 |
|  clk_gen/inst/clk_out1 | rv64im72f_6sp/alu/divider_word/bit_counter[5]_i_1_n_0            | internal_reset_repN_3                                           |                6 |             12 |         2.00 |
|  clk_gen/inst/clk_out1 |                                                                  | internal_reset_repN                                             |               10 |             12 |         1.20 |
|  clk_gen/inst/clk_out1 | rv64im72f_6sp/trap_controller/cpu_clk_enable_reg_1[0]            | internal_reset_repN                                             |                6 |             12 |         2.00 |
|  clk_gen/inst/clk_out1 | rv64im72f_6sp/alu/divider_dword/quotient_sign4_out               | internal_reset_repN_2                                           |                4 |             12 |         3.00 |
|  clk_gen/inst/clk_out1 | rv64im72f_6sp/exr_ex_register/cpu_clk_enable_reg_0[0]            | internal_reset_repN_2                                           |                4 |             12 |         3.00 |
|  clk_gen/inst/clk_out1 | rv64im72f_6sp/exception_detector/WB_raw_imm_reg[11][0]           | internal_reset                                                  |                5 |             13 |         2.60 |
|  clk_gen/inst/clk_out1 | rv64im72f_6sp/exception_detector/cpu_clk_enable_reg[0]           | internal_reset                                                  |                5 |             13 |         2.60 |
|  clk_gen/inst/clk_out1 | rv64im72f_6sp/mem_wb_register/E[0]                               | internal_reset_repN_8                                           |                3 |             14 |         4.67 |
|  clk_gen/inst/clk_out1 | rv64im72f_6sp/exception_detector/cpu_clk_enable_reg[0]           | internal_reset_repN_12                                          |                5 |             14 |         2.80 |
|  clk_gen/inst/clk_out1 | rv64im72f_6sp/alu/multiplier_word/prod_low[31]_i_1__0_n_0        | internal_reset_repN_3                                           |                5 |             15 |         3.00 |
|  clk_gen/inst/clk_out1 |                                                                  | reset                                                           |               11 |             16 |         1.45 |
|  clk_gen/inst/clk_out1 | rv64im72f_6sp/exception_detector/WB_csr_write_enable_reg[0]      | internal_reset_repN_8                                           |                7 |             16 |         2.29 |
|  clk_gen/inst/clk_out1 | rv64im72f_6sp/exception_detector/WB_raw_imm_reg[11][0]           | internal_reset_repN_12                                          |                7 |             17 |         2.43 |
|  clk_gen/inst/clk_out1 | rv64im72f_6sp/alu/divider_dword/bit_counter[6]_i_1_n_0           | internal_reset_repN_6                                           |                5 |             17 |         3.40 |
|  clk_gen/inst/clk_out1 | rv64im72f_6sp/exr_ex_register/cpu_clk_enable_reg_0[0]            | internal_reset_repN_6                                           |                7 |             18 |         2.57 |
|  clk_gen/inst/clk_out1 |                                                                  | internal_reset_repN_3                                           |                8 |             19 |         2.38 |
|  clk_gen/inst/clk_out1 | rv64im72f_6sp/exception_detector/cpu_clk_enable_reg[0]           | internal_reset_repN_8                                           |                4 |             19 |         4.75 |
|  clk_gen/inst/clk_out1 | rv64im72f_6sp/exception_detector/WB_raw_imm_reg[11][0]           | internal_reset_repN_8                                           |                5 |             19 |         3.80 |
|  clk_gen/inst/clk_out1 | rv64im72f_6sp/exception_detector/WB_csr_write_enable_reg[0]      | internal_reset_repN_12                                          |               11 |             19 |         1.73 |
|  clk_gen/inst/clk_out1 | rv64im72f_6sp/alu/divider_dword/bit_counter[6]_i_1_n_0           | internal_reset_repN_10                                          |                6 |             19 |         3.17 |
|  clk_gen/inst/clk_out1 | cpu_clk_enable                                                   | internal_reset_repN_7                                           |                7 |             19 |         2.71 |
|  clk_gen/inst/clk_out1 | rv64im72f_6sp/alu/divider_word/quotient_sign4_out                | internal_reset_repN_6                                           |                6 |             19 |         3.17 |
|  clk_gen/inst/clk_out1 | rv64im72f_6sp/mem_wb_register/E[0]                               | internal_reset_repN_12                                          |                6 |             20 |         3.33 |
|  clk_gen/inst/clk_out1 | rv64im72f_6sp/alu/divider_word/bit_counter[5]_i_1_n_0            | internal_reset_repN_2                                           |                7 |             20 |         2.86 |
|  clk_gen/inst/clk_out1 | rv64im72f_6sp/alu/divider_dword/quotient_sign4_out               | internal_reset_repN_10                                          |                6 |             23 |         3.83 |
|  clk_gen/inst/clk_out1 | rv64im72f_6sp/alu/divider_dword/quotient_reg[63]_i_1_n_0         | internal_reset_repN_9                                           |                8 |             25 |         3.12 |
|  clk_gen/inst/clk_out1 | rv64im72f_6sp/alu/multiplier_word/result_sign_s22_out            | internal_reset_repN_3                                           |               11 |             26 |         2.36 |
|  clk_gen/inst/clk_out1 | rv64im72f_6sp/exr_ex_register/cpu_clk_enable_reg_2[0]            | internal_reset_repN_9                                           |               14 |             27 |         1.93 |
|  clk_gen/inst/clk_out1 | rv64im72f_6sp/exr_ex_register/E[0]                               | internal_reset_repN_9                                           |                8 |             28 |         3.50 |
|  clk_gen/inst/clk_out1 | rv64im72f_6sp/alu/divider_dword/quotient_sign4_out               | internal_reset_repN_6                                           |                9 |             30 |         3.33 |
|  clk_gen/inst/clk_out1 | rv64im72f_6sp/trap_controller/E[0]                               | internal_reset                                                  |                8 |             30 |         3.75 |
|  clk_gen/inst/clk_out1 | rv64im72f_6sp/exr_ex_register/cpu_clk_enable_reg[0]              |                                                                 |               12 |             32 |         2.67 |
|  clk_gen/inst/clk_out1 | rv64im72f_6sp/trap_controller/E[0]                               | internal_reset_repN                                             |               13 |             34 |         2.62 |
|  clk_gen/inst/clk_out1 | rv64im72f_6sp/alu/divider_dword/bit_counter[6]_i_1_n_0           | internal_reset_repN_9                                           |               18 |             34 |         1.89 |
|  clk_gen/inst/clk_out1 | rv64im72f_6sp/exr_ex_register/cpu_clk_enable_reg_2[0]            | internal_reset_repN_5                                           |               22 |             37 |         1.68 |
|  clk_gen/inst/clk_out1 | rv64im72f_6sp/alu/divider_word/bit_counter[5]_i_1_n_0            | internal_reset_repN_6                                           |               14 |             38 |         2.71 |
|  clk_gen/inst/clk_out1 | rv64im72f_6sp/exr_ex_register/E[0]                               | internal_reset_repN_5                                           |               14 |             38 |         2.71 |
|  clk_gen/inst/clk_out1 | rv64im72f_6sp/alu/multiplier_dword/result_sign_s22_out           | internal_reset_repN_1                                           |               16 |             41 |         2.56 |
|  clk_gen/inst/clk_out1 | rv64im72f_6sp/alu/multiplier_word/prod_low[31]_i_1__0_n_0        | internal_reset_repN_10                                          |               18 |             42 |         2.33 |
|  clk_gen/inst/clk_out1 | rv64im72f_6sp/alu/multiplier_dword/prod_high[63]_i_1_n_0         | internal_reset_repN_1                                           |               15 |             45 |         3.00 |
|  clk_gen/inst/clk_out1 | rv64im72f_6sp/trap_controller/cpu_clk_enable_reg_1[0]            | internal_reset                                                  |               14 |             48 |         3.43 |
|  clk_gen/inst/clk_out1 | rv64im72f_6sp/alu/divider_word/quotient_reg[31]_i_1_n_0          | internal_reset_repN_6                                           |               14 |             53 |         3.79 |
|  clk_gen/inst/clk_out1 | rv64im72f_6sp/exr_ex_register/E[0]                               | internal_reset_repN_4                                           |               15 |             53 |         3.53 |
|  clk_gen/inst/clk_out1 | rv64im72f_6sp/alu/divider_dword/bit_counter[6]_i_1_n_0           | internal_reset_repN_5                                           |               23 |             56 |         2.43 |
|  clk_gen/inst/clk_out1 | cpu_clk_enable                                                   | internal_reset_repN_8                                           |               14 |             57 |         4.07 |
|  clk_gen/inst/clk_out1 | rv64im72f_6sp/csr_file/minstret[0]                               | internal_reset                                                  |               16 |             63 |         3.94 |
|  clk_gen/inst/clk_out1 | rv64im72f_6sp/exr_ex_register/cpu_clk_enable_reg_1[0]            |                                                                 |               25 |             64 |         2.56 |
|  clk_gen/inst/clk_out1 | rv64im72f_6sp/alu/multiplier_word/est_target[0]                  | rv64im72f_6sp/alu/multiplier_word/cpu_clk_enable_reg_2          |               17 |             64 |         3.76 |
|  clk_gen/inst/clk_out1 | rv64im72f_6sp/exception_detector/cpu_clk_enable_reg_1            | rv64im72f_6sp/instruction_memory/rom_read_data[63]_i_1_n_0      |               58 |             64 |         1.10 |
|  clk_gen/inst/clk_out1 | rv64im72f_6sp/exr_ex_register/cpu_clk_enable_reg_3[0]            | internal_reset_repN_3                                           |               21 |             64 |         3.05 |
|  clk_gen/inst/clk_out1 | rv64im72f_6sp/io_id_register/E[0]                                | internal_reset_repN                                             |               16 |             64 |         4.00 |
|  clk_gen/inst/clk_out1 | rv64im72f_6sp/alu/multiplier_dword/prod_high[63]_i_1_n_0         | internal_reset_repN_4                                           |               28 |             82 |         2.93 |
|  clk_gen/inst/clk_out1 | cpu_clk_enable                                                   | internal_reset_repN                                             |               45 |             87 |         1.93 |
|  clk_gen/inst/clk_out1 | rv64im72f_6sp/alu/divider_dword/quotient_reg[63]_i_1_n_0         | internal_reset_repN_5                                           |               25 |             97 |         3.88 |
|  clk_gen/inst/clk_out1 | rv64im72f_6sp/alu/multiplier_dword/result_sign_s22_out           | internal_reset_repN_4                                           |               37 |            103 |         2.78 |
|  clk_gen/inst/clk_out1 | cpu_clk_enable                                                   | internal_reset_repN_12                                          |               39 |            142 |         3.64 |
|  clk_gen/inst/clk_out1 | rv64im72f_6sp/alu/multiplier_word/cpu_clk_enable_reg_3[0]        | rv64im72f_6sp/ex_ex2_register/SR[0]                             |               42 |            160 |         3.81 |
|  clk_gen/inst/clk_out1 | rv64im72f_6sp/alu/multiplier_word/cpu_clk_enable_reg_0[0]        | rv64im72f_6sp/if_io_register/IO_pc[63]_i_1_n_0                  |               27 |            160 |         5.93 |
|  clk_gen/inst/clk_out1 | cpu_clk_enable                                                   | internal_reset_repN_11                                          |               52 |            167 |         3.21 |
|  clk_gen/inst/clk_out1 | rv64im72f_6sp/mem_wb_register/p_0_in2_out                        |                                                                 |               22 |            176 |         8.00 |
|  clk_gen/inst/clk_out1 | rv64im72f_6sp/exception_detector/cpu_clk_enable_reg_1            | rv64im72f_6sp/mem_wb_register/WB_pc_plus_4[63]_i_1_n_0          |              126 |            388 |         3.08 |
|  clk_gen/inst/clk_out1 | rv64im72f_6sp/exception_detector/cpu_clk_enable_reg_1            | rv64im72f_6sp/trap_controller/cpu_clk_enable_reg_3              |              113 |            391 |         3.46 |
|  clk_gen/inst/clk_out1 | rv64im72f_6sp/alu/multiplier_word/cpu_clk_enable_reg_3[0]        | rv64im72f_6sp/trap_controller/SR[0]                             |              111 |            470 |         4.23 |
|  clk_gen/inst/clk_out1 | rv64im72f_6sp/exception_detector/cpu_clk_enable_reg_1            | rv64im72f_6sp/id_exr_register/cpu_clk_enable_reg                |              160 |            541 |         3.38 |
|  clk_gen/inst/clk_out1 | rv64im72f_6sp/exception_detector/cpu_clk_enable_reg_1            | rv64im72f_6sp/exception_detector/EX2_register_write_enable0_out |              289 |            752 |         2.60 |
+------------------------+------------------------------------------------------------------+-----------------------------------------------------------------+------------------+----------------+--------------+


