Copyright 1986-2022 Xilinx, Inc. All Rights Reserved. Copyright 2022-2025 Advanced Micro Devices, Inc. All Rights Reserved.
---------------------------------------------------------------------------------------------------------------------------------------------
| Tool Version : Vivado v.2025.2 (lin64) Build 6299465 Fri Nov 14 12:34:56 MST 2025
| Date         : Wed Sep 16 00:42:19 2026
| Host         : khwl-ThinkPad-X1-Carbon-Gen-13 running 64-bit Ubuntu 24.04.4 LTS
| Command      : report_control_sets -verbose -file RV32IM72F7SPSoCTOP_control_sets_placed.rpt
| Design       : RV32IM72F7SPSoCTOP
| Device       : xc7a200t
---------------------------------------------------------------------------------------------------------------------------------------------

Control Set Information

Table of Contents
-----------------
1. Summary
2. Histogram
3. Flip-Flop Distribution
4. Detailed Control Set Information

1. Summary
----------

+----------------------------------------------------------+-------+
|                          Status                          | Count |
+----------------------------------------------------------+-------+
| Total control sets                                       |    31 |
|    Minimum number of control sets                        |    31 |
|    Addition due to synthesis replication                 |     0 |
|    Addition due to physical synthesis replication        |     0 |
| Unused register locations in slices containing registers |    96 |
+----------------------------------------------------------+-------+
* Control sets can be merged at opt_design using control_set_merge or merge_equivalent_drivers
** Run report_qor_suggestions for automated merging and remapping suggestions


2. Histogram
------------

+--------------------+-------+
|       Fanout       | Count |
+--------------------+-------+
| Total control sets |    31 |
| >= 0 to < 4        |     2 |
| >= 4 to < 6        |     4 |
| >= 6 to < 8        |     0 |
| >= 8 to < 10       |     1 |
| >= 10 to < 12      |     1 |
| >= 12 to < 14      |     0 |
| >= 14 to < 16      |     0 |
| >= 16              |    23 |
+--------------------+-------+
* Control sets can be remapped at either synth_design or opt_design


3. Flip-Flop Distribution
-------------------------

+--------------+-----------------------+------------------------+-----------------+--------------+
| Clock Enable | Synchronous Set/Reset | Asynchronous Set/Reset | Total Registers | Total Slices |
+--------------+-----------------------+------------------------+-----------------+--------------+
| No           | No                    | No                     |               4 |            4 |
| No           | No                    | Yes                    |              48 |           23 |
| No           | Yes                   | No                     |               0 |            0 |
| Yes          | No                    | No                     |              57 |           23 |
| Yes          | No                    | Yes                    |             774 |          287 |
| Yes          | Yes                   | No                     |            1037 |          391 |
+--------------+-----------------------+------------------------+-----------------+--------------+


4. Detailed Control Set Information
-----------------------------------

+------------------------+---------------------------------------------------------------+----------------------------------------------------------+------------------+----------------+--------------+
|      Clock Signal      |                         Enable Signal                         |                     Set/Reset Signal                     | Slice Load Count | Bel Load Count | Bels / Slice |
+------------------------+---------------------------------------------------------------+----------------------------------------------------------+------------------+----------------+--------------+
|  clk_gen/inst/clk_out1 | uart_tx/tx_i_1_n_0                                            | internal_reset                                           |                1 |              1 |         1.00 |
|  clk_gen/inst/clk_out1 |                                                               | reset                                                    |                2 |              3 |         1.50 |
|  clk_gen/inst/clk_out1 |                                                               |                                                          |                4 |              4 |         1.00 |
|  clk_gen/inst/clk_out1 | rv32im72f_7sp/alu/multiplier_word/FSM_onehot_stage[3]_i_1_n_0 | internal_reset                                           |                1 |              4 |         4.00 |
|  clk_gen/inst/clk_out1 | rv32im72f_7sp/alu/divider_word/FSM_onehot_state[3]_i_1_n_0    | internal_reset                                           |                2 |              4 |         2.00 |
|  clk_gen/inst/clk_out1 | uart_tx/bit_counter[3]_i_1__0_n_0                             | internal_reset                                           |                2 |              4 |         2.00 |
|  clk_gen/inst/clk_out1 | uart_tx/shift_reg[8]_i_1_n_0                                  | internal_reset                                           |                3 |              9 |         3.00 |
|  clk_gen/inst/clk_out1 | mmio_interface/E[0]                                           | internal_reset                                           |                4 |             10 |         2.50 |
|  clk_gen/inst/clk_out1 | cpu_clk_enable                                                |                                                          |               10 |             25 |         2.50 |
|  clk_gen/inst/clk_out1 | rv32im72f_7sp/id_ex_register/cpu_clk_enable_reg[0]            |                                                          |               13 |             32 |         2.46 |
|  clk_gen/inst/clk_out1 | rv32im72f_7sp/exception_detector/WB_raw_imm_reg[1][0]         | internal_reset                                           |               15 |             32 |         2.13 |
|  clk_gen/inst/clk_out1 | rv32im72f_7sp/exception_detector/cpu_clk_enable_reg[0]        | internal_reset                                           |               16 |             32 |         2.00 |
|  clk_gen/inst/clk_out1 | rv32im72f_7sp/exception_detector/RDEN                         | internal_reset                                           |               10 |             32 |         3.20 |
|  clk_gen/inst/clk_out1 | rv32im72f_7sp/mem_wb_register/WB_raw_imm_reg[2]_0[0]          | internal_reset                                           |               11 |             32 |         2.91 |
|  clk_gen/inst/clk_out1 | rv32im72f_7sp/mem_wb_register/WB_raw_imm_reg[2]_2[0]          | internal_reset                                           |               12 |             32 |         2.67 |
|  clk_gen/inst/clk_out1 | rv32im72f_7sp/exception_detector/mmio_uart_status_hit_reg0    | rv32im72f_7sp/exception_detector/MEM_WB_flush            |               21 |             33 |         1.57 |
|  clk_gen/inst/clk_out1 | rv32im72f_7sp/alu/divider_word/quotient_sign4_out             | internal_reset                                           |               10 |             34 |         3.40 |
|  clk_gen/inst/clk_out1 | rv32im72f_7sp/id_ex_register/E[0]                             | internal_reset                                           |               13 |             34 |         2.62 |
|  clk_gen/inst/clk_out1 | rv32im72f_7sp/alu/multiplier_word/cpu_clk_enable_reg          | internal_reset                                           |               12 |             37 |         3.08 |
|  clk_gen/inst/clk_out1 |                                                               | internal_reset                                           |               21 |             45 |         2.14 |
|  clk_gen/inst/clk_out1 | rv32im72f_7sp/csr_file/minstret[0]                            | internal_reset                                           |               17 |             64 |         3.76 |
|  clk_gen/inst/clk_out1 | rv32im72f_7sp/alu/divider_word/quotient_reg[31]_i_1_n_0       | internal_reset                                           |               19 |             64 |         3.37 |
|  clk_gen/inst/clk_out1 | rv32im72f_7sp/alu/multiplier_word/prod_low[31]_i_1_n_0        | internal_reset                                           |               19 |             64 |         3.37 |
|  clk_gen/inst/clk_out1 | rv32im72f_7sp/alu/multiplier_word/result_sign_s11_out         | internal_reset                                           |               21 |             65 |         3.10 |
|  clk_gen/inst/clk_out1 | rv32im72f_7sp/alu/divider_word/bit_counter[5]_i_1_n_0         | internal_reset                                           |               30 |             70 |         2.33 |
|  clk_gen/inst/clk_out1 | rv32im72f_7sp/mem_wb_register/p_0_in2_out                     |                                                          |               11 |             88 |         8.00 |
|  clk_gen/inst/clk_out1 | rv32im72f_7sp/exception_detector/E[0]                         | rv32im72f_7sp/if_io_register/IO_pc[31]_i_1_n_0           |               39 |             96 |         2.46 |
|  clk_gen/inst/clk_out1 | cpu_clk_enable                                                | internal_reset                                           |               69 |            150 |         2.17 |
|  clk_gen/inst/clk_out1 | rv32im72f_7sp/exception_detector/mmio_uart_status_hit_reg0    | rv32im72f_7sp/exception_detector/SR[0]                   |              119 |            266 |         2.24 |
|  clk_gen/inst/clk_out1 | rv32im72f_7sp/exception_detector/mmio_uart_status_hit_reg0    | rv32im72f_7sp/exception_detector/cpu_clk_enable_reg_2[0] |               93 |            286 |         3.08 |
|  clk_gen/inst/clk_out1 | rv32im72f_7sp/exception_detector/E[0]                         | rv32im72f_7sp/ex_ex2_register/ID_branch_estimation0_out  |              119 |            356 |         2.99 |
+------------------------+---------------------------------------------------------------+----------------------------------------------------------+------------------+----------------+--------------+


