Copyright 1986-2022 Xilinx, Inc. All Rights Reserved. Copyright 2022-2025 Advanced Micro Devices, Inc. All Rights Reserved.
---------------------------------------------------------------------------------------------------------------------------------------------
| Tool Version : Vivado v.2025.2 (lin64) Build 6299465 Fri Nov 14 12:34:56 MST 2025
| Date         : Wed Sep  9 01:20:05 2026
| Host         : khwl-ThinkPad-X1-Carbon-Gen-13 running 64-bit Ubuntu 24.04.4 LTS
| Command      : report_control_sets -verbose -file RV64IM72F5SPSoCTOP_control_sets_placed.rpt
| Design       : RV64IM72F5SPSoCTOP
| Device       : xc7a200t
---------------------------------------------------------------------------------------------------------------------------------------------

Control Set Information

Table of Contents
-----------------
1. Summary
2. Histogram
3. Flip-Flop Distribution
4. Detailed Control Set Information

1. Summary
----------

+----------------------------------------------------------+-------+
|                          Status                          | Count |
+----------------------------------------------------------+-------+
| Total control sets                                       |    69 |
|    Minimum number of control sets                        |    69 |
|    Addition due to synthesis replication                 |     0 |
|    Addition due to physical synthesis replication        |     0 |
| Unused register locations in slices containing registers |   111 |
+----------------------------------------------------------+-------+
* Control sets can be merged at opt_design using control_set_merge or merge_equivalent_drivers
** Run report_qor_suggestions for automated merging and remapping suggestions


2. Histogram
------------

+--------------------+-------+
|       Fanout       | Count |
+--------------------+-------+
| Total control sets |    69 |
| >= 0 to < 4        |     2 |
| >= 4 to < 6        |     5 |
| >= 6 to < 8        |     0 |
| >= 8 to < 10       |     2 |
| >= 10 to < 12      |     0 |
| >= 12 to < 14      |     0 |
| >= 14 to < 16      |     0 |
| >= 16              |    60 |
+--------------------+-------+
* Control sets can be remapped at either synth_design or opt_design


3. Flip-Flop Distribution
-------------------------

+--------------+-----------------------+------------------------+-----------------+--------------+
| Clock Enable | Synchronous Set/Reset | Asynchronous Set/Reset | Total Registers | Total Slices |
+--------------+-----------------------+------------------------+-----------------+--------------+
| No           | No                    | No                     |               0 |            0 |
| No           | No                    | Yes                    |              49 |           24 |
| No           | Yes                   | No                     |               0 |            0 |
| Yes          | No                    | No                     |              96 |           47 |
| Yes          | No                    | Yes                    |            4160 |         1792 |
| Yes          | Yes                   | No                     |               0 |            0 |
+--------------+-----------------------+------------------------+-----------------+--------------+


4. Detailed Control Set Information
-----------------------------------

+------------------------+------------------------------------------------------------------+------------------+------------------+----------------+--------------+
|      Clock Signal      |                           Enable Signal                          | Set/Reset Signal | Slice Load Count | Bel Load Count | Bels / Slice |
+------------------------+------------------------------------------------------------------+------------------+------------------+----------------+--------------+
|  clk_gen/inst/clk_out1 | uart_tx/tx_i_1_n_0                                               | internal_reset   |                1 |              1 |         1.00 |
|  clk_gen/inst/clk_out1 |                                                                  | reset            |                2 |              3 |         1.50 |
|  clk_gen/inst/clk_out1 | uart_tx/bit_counter[3]_i_1__1_n_0                                | internal_reset   |                1 |              4 |         4.00 |
|  clk_gen/inst/clk_out1 | rv64im72f_6sp/alu/multiplier_word/FSM_onehot_stage[3]_i_1__0_n_0 | internal_reset   |                1 |              4 |         4.00 |
|  clk_gen/inst/clk_out1 | rv64im72f_6sp/alu/multiplier_dword/FSM_onehot_stage[3]_i_1_n_0   | internal_reset   |                1 |              4 |         4.00 |
|  clk_gen/inst/clk_out1 | rv64im72f_6sp/alu/divider_word/FSM_onehot_state[3]_i_1_n_0       | internal_reset   |                2 |              4 |         2.00 |
|  clk_gen/inst/clk_out1 | rv64im72f_6sp/alu/divider_dword/FSM_onehot_state[3]_i_1__0_n_0   | internal_reset   |                3 |              4 |         1.33 |
|  clk_gen/inst/clk_out1 | uart_tx/shift_reg[8]_i_1_n_0                                     | internal_reset   |                3 |              9 |         3.00 |
|  clk_gen/inst/clk_out1 | mmio_interface/E[0]                                              | internal_reset   |                4 |              9 |         2.25 |
|  clk_gen/inst/clk_out1 | rv64im72f_6sp/id_ex_register/cpu_clk_enable_reg_1[0]             |                  |               12 |             32 |         2.67 |
|  clk_gen/inst/clk_out1 | rv64im72f_6sp/id_ex_register/cpu_clk_enable_reg_2[0]             | internal_reset   |               13 |             34 |         2.62 |
|  clk_gen/inst/clk_out1 | rv64im72f_6sp/alu/divider_word/quotient_sign4_out                | internal_reset   |               12 |             34 |         2.83 |
|  clk_gen/inst/clk_out1 | rv64im72f_6sp/alu/multiplier_word/result_sign_s22_out            | internal_reset   |               13 |             37 |         2.85 |
|  clk_gen/inst/clk_out1 |                                                                  | internal_reset   |               22 |             46 |         2.09 |
|  clk_gen/inst/clk_out1 | rv64im72f_6sp/exception_detector/cpu_clk_enable_reg[0]           | internal_reset   |               20 |             64 |         3.20 |
|  clk_gen/inst/clk_out1 | rv64im72f_6sp/exception_detector/WB_csr_write_enable_reg[0]      | internal_reset   |               33 |             64 |         1.94 |
|  clk_gen/inst/clk_out1 | rv64im72f_6sp/alu/multiplier_word/prod_low[31]_i_1__0_n_0        | internal_reset   |               23 |             64 |         2.78 |
|  clk_gen/inst/clk_out1 | rv64im72f_6sp/csr_file/minstret[0]                               | internal_reset   |               17 |             64 |         3.76 |
|  clk_gen/inst/clk_out1 | rv64im72f_6sp/alu/divider_word/quotient_reg[31]_i_1_n_0          | internal_reset   |               22 |             64 |         2.91 |
|  clk_gen/inst/clk_out1 | rv64im72f_6sp/exception_detector/WB_raw_imm_reg[11][0]           | internal_reset   |               27 |             64 |         2.37 |
|  clk_gen/inst/clk_out1 | rv64im72f_6sp/mem_wb_register/E[0]                               | internal_reset   |               19 |             64 |         3.37 |
|  clk_gen/inst/clk_out1 | rv64im72f_6sp/id_ex_register/cpu_clk_enable_reg_3[0]             |                  |               35 |             64 |         1.83 |
|  clk_gen/inst/clk_out1 | rv64im72f_6sp/id_ex_register/cpu_clk_enable_reg_5[0]             | internal_reset   |               24 |             65 |         2.71 |
|  clk_gen/inst/clk_out1 | rv64im72f_6sp/alu/divider_dword/quotient_sign4_out               | internal_reset   |               24 |             66 |         2.75 |
|  clk_gen/inst/clk_out1 | rv64im72f_6sp/id_ex_register/cpu_clk_enable_reg_4[0]             | internal_reset   |               43 |             68 |         1.58 |
|  clk_gen/inst/clk_out1 | rv64im72f_6sp/alu/divider_word/bit_counter[5]_i_1_n_0            | internal_reset   |               29 |             70 |         2.41 |
|  clk_gen/inst/clk_out1 | rv64im72f_6sp/alu/divider_dword/quotient_reg[63]_i_1_n_0         | internal_reset   |               36 |            128 |         3.56 |
|  clk_gen/inst/clk_out1 | rv64im72f_6sp/alu/multiplier_dword/prod_high[63]_i_1_n_0         | internal_reset   |               47 |            128 |         2.72 |
|  clk_gen/inst/clk_out1 | rv64im72f_6sp/id_ex_register/cpu_clk_enable_reg_0[0]             | internal_reset   |               54 |            129 |         2.39 |
|  clk_gen/inst/clk_out1 | rv64im72f_6sp/alu/divider_dword/bit_counter[6]_i_1_n_0           | internal_reset   |               52 |            135 |         2.60 |
|  clk_gen/inst/clk_out1 | rv64im72f_6sp/alu/multiplier_dword/result_sign_s22_out           | internal_reset   |               56 |            145 |         2.59 |
|  clk_gen/inst/clk_out1 | rv64im72f_6sp/mem_wb_register/p_0_in2_out                        |                  |               22 |            176 |         8.00 |
|  clk_gen/inst/clk_out1 | rv64im72f_6sp/ex_mem_register/MEM_alu_result_reg[13]_2           |                  |               64 |            256 |         4.00 |
|  clk_gen/inst/clk_out1 | rv64im72f_6sp/ex_mem_register/MEM_alu_result_reg[15]_3           |                  |               64 |            256 |         4.00 |
|  clk_gen/inst/clk_out1 | rv64im72f_6sp/ex_mem_register/MEM_alu_result_reg[15]_2           |                  |               64 |            256 |         4.00 |
|  clk_gen/inst/clk_out1 | rv64im72f_6sp/ex_mem_register/MEM_alu_result_reg[15]_1           |                  |               64 |            256 |         4.00 |
|  clk_gen/inst/clk_out1 | rv64im72f_6sp/ex_mem_register/MEM_alu_result_reg[15]_0           |                  |               64 |            256 |         4.00 |
|  clk_gen/inst/clk_out1 | rv64im72f_6sp/ex_mem_register/MEM_alu_result_reg[14]_rep_6       |                  |               64 |            256 |         4.00 |
|  clk_gen/inst/clk_out1 | rv64im72f_6sp/ex_mem_register/MEM_alu_result_reg[14]_rep_5       |                  |               64 |            256 |         4.00 |
|  clk_gen/inst/clk_out1 | rv64im72f_6sp/ex_mem_register/MEM_alu_result_reg[14]_rep_4       |                  |               64 |            256 |         4.00 |
|  clk_gen/inst/clk_out1 | rv64im72f_6sp/ex_mem_register/MEM_alu_result_reg[14]_rep_3       |                  |               64 |            256 |         4.00 |
|  clk_gen/inst/clk_out1 | rv64im72f_6sp/ex_mem_register/MEM_alu_result_reg[11]_rep__15_1   |                  |               64 |            256 |         4.00 |
|  clk_gen/inst/clk_out1 | rv64im72f_6sp/ex_mem_register/MEM_alu_result_reg[11]_rep__18_1   |                  |               64 |            256 |         4.00 |
|  clk_gen/inst/clk_out1 | rv64im72f_6sp/ex_mem_register/MEM_alu_result_reg[11]_rep__18_2   |                  |               64 |            256 |         4.00 |
|  clk_gen/inst/clk_out1 | rv64im72f_6sp/ex_mem_register/MEM_alu_result_reg[11]_rep__17_1   |                  |               64 |            256 |         4.00 |
|  clk_gen/inst/clk_out1 | rv64im72f_6sp/ex_mem_register/MEM_alu_result_reg[11]_rep__18_3   |                  |               64 |            256 |         4.00 |
|  clk_gen/inst/clk_out1 | rv64im72f_6sp/ex_mem_register/MEM_alu_result_reg[12]_rep__1_1    |                  |               64 |            256 |         4.00 |
|  clk_gen/inst/clk_out1 | rv64im72f_6sp/ex_mem_register/MEM_alu_result_reg[12]_rep__2_1    |                  |               64 |            256 |         4.00 |
|  clk_gen/inst/clk_out1 | rv64im72f_6sp/ex_mem_register/MEM_alu_result_reg[12]_rep__2_2    |                  |               64 |            256 |         4.00 |
|  clk_gen/inst/clk_out1 | rv64im72f_6sp/ex_mem_register/MEM_alu_result_reg[12]_rep__3_1    |                  |               64 |            256 |         4.00 |
|  clk_gen/inst/clk_out1 | rv64im72f_6sp/ex_mem_register/MEM_alu_result_reg[12]_rep__3_2    |                  |               64 |            256 |         4.00 |
|  clk_gen/inst/clk_out1 | rv64im72f_6sp/ex_mem_register/MEM_alu_result_reg[14]_rep_2       |                  |               64 |            256 |         4.00 |
|  clk_gen/inst/clk_out1 | rv64im72f_6sp/ex_mem_register/MEM_alu_result_reg[11]_rep__16_1   |                  |               64 |            256 |         4.00 |
|  clk_gen/inst/clk_out1 | rv64im72f_6sp/ex_mem_register/MEM_alu_result_reg[12]_rep__4_1    |                  |               64 |            256 |         4.00 |
|  clk_gen/inst/clk_out1 | rv64im72f_6sp/ex_mem_register/MEM_alu_result_reg[12]_rep__4_2    |                  |               64 |            256 |         4.00 |
|  clk_gen/inst/clk_out1 | rv64im72f_6sp/ex_mem_register/MEM_alu_result_reg[12]_rep__4_3    |                  |               64 |            256 |         4.00 |
|  clk_gen/inst/clk_out1 | rv64im72f_6sp/ex_mem_register/MEM_alu_result_reg[13]_0           |                  |               64 |            256 |         4.00 |
|  clk_gen/inst/clk_out1 | rv64im72f_6sp/ex_mem_register/MEM_alu_result_reg[13]_1           |                  |               64 |            256 |         4.00 |
|  clk_gen/inst/clk_out1 | rv64im72f_6sp/ex_mem_register/MEM_alu_result_reg[13]_3           |                  |               64 |            256 |         4.00 |
|  clk_gen/inst/clk_out1 | rv64im72f_6sp/ex_mem_register/MEM_alu_result_reg[13]_4           |                  |               64 |            256 |         4.00 |
|  clk_gen/inst/clk_out1 | rv64im72f_6sp/ex_mem_register/MEM_alu_result_reg[13]_5           |                  |               64 |            256 |         4.00 |
|  clk_gen/inst/clk_out1 | rv64im72f_6sp/ex_mem_register/MEM_alu_result_reg[13]_6           |                  |               64 |            256 |         4.00 |
|  clk_gen/inst/clk_out1 | rv64im72f_6sp/ex_mem_register/MEM_alu_result_reg[13]_7           |                  |               64 |            256 |         4.00 |
|  clk_gen/inst/clk_out1 | rv64im72f_6sp/ex_mem_register/MEM_alu_result_reg[14]_rep_1       |                  |               64 |            256 |         4.00 |
|  clk_gen/inst/clk_out1 | rv64im72f_6sp/id_ex_register/cpu_clk_enable_reg[0]               | internal_reset   |              156 |            388 |         2.49 |
|  clk_gen/inst/clk_out1 | rv64im72f_6sp/id_ex_register/cpu_clk_enable_reg_8[0]             | internal_reset   |              240 |            458 |         1.91 |
|  clk_gen/inst/clk_out1 | cpu_clk_enable                                                   | internal_reset   |              192 |            557 |         2.90 |
|  clk_gen/inst/clk_out1 | rv64im72f_6sp/id_ex_register/MEM_memory_read2_out                | internal_reset   |              366 |            600 |         1.64 |
|  clk_gen/inst/clk_out1 | rv64im72f_6sp/id_ex_register/E[0]                                | internal_reset   |              258 |            631 |         2.45 |
+------------------------+------------------------------------------------------------------+------------------+------------------+----------------+--------------+


