Copyright 1986-2022 Xilinx, Inc. All Rights Reserved. Copyright 2022-2025 Advanced Micro Devices, Inc. All Rights Reserved.
---------------------------------------------------------------------------------------------------------------------------------------------
| Tool Version : Vivado v.2025.2 (lin64) Build 6299465 Fri Nov 14 12:34:56 MST 2025
| Date         : Tue Sep  1 09:37:17 2026
| Host         : khwl-ThinkPad-X1-Carbon-Gen-13 running 64-bit Ubuntu 24.04.4 LTS
| Command      : report_timing_summary -file /home/khwl/Desktop/RV-IM100/riscof-env/logs/impl_reports/RV64IM_7SP/timing.rpt
| Design       : RV64IM72F5SPSoCTOP
| Device       : 7a200t-sbg484
| Speed File   : -1  PRODUCTION 1.23 2018-06-13
| Design State : Physopt postRoute
---------------------------------------------------------------------------------------------------------------------------------------------

Timing Summary Report

------------------------------------------------------------------------------------------------
| Timer Settings
| --------------
------------------------------------------------------------------------------------------------

  Enable Multi Corner Analysis               :  Yes
  Enable Pessimism Removal                   :  Yes
  Pessimism Removal Resolution               :  Nearest Common Node
  Enable Input Delay Default Clock           :  No
  Enable Preset / Clear Arcs                 :  No
  Disable Flight Delays                      :  No
  Ignore I/O Paths                           :  No
  Timing Early Launch at Borrowing Latches   :  No
  Borrow Time for Max Delay Exceptions       :  Yes
  Merge Timing Exceptions                    :  Yes
  Inter-SLR Compensation                     :  Conservative

  Corner  Analyze    Analyze    
  Name    Max Paths  Min Paths  
  ------  ---------  ---------  
  Slow    Yes        Yes        
  Fast    Yes        Yes        


------------------------------------------------------------------------------------------------
| Report Methodology
| ------------------
------------------------------------------------------------------------------------------------

Rule      Severity  Description                                                Violations  
--------  --------  ---------------------------------------------------------  ----------  
DPIR-1    Warning   Asynchronous driver check                                  623         
SYNTH-5   Warning   Mapped onto distributed RAM because of timing constraints  2048        
SYNTH-10  Warning   Wide multiplier                                            20          

Note: This report is based on the most recent report_methodology run and may not be up-to-date. Run report_methodology on the current design for the latest report.



check_timing report

Table of Contents
-----------------
1. checking no_clock (0)
2. checking constant_clock (0)
3. checking pulse_width_clock (0)
4. checking unconstrained_internal_endpoints (0)
5. checking no_input_delay (2)
6. checking no_output_delay (9)
7. checking multiple_clock (0)
8. checking generated_clocks (0)
9. checking loops (0)
10. checking partial_input_delay (0)
11. checking partial_output_delay (0)
12. checking latch_loops (0)

1. checking no_clock (0)
------------------------
 There are 0 register/latch pins with no clock.


2. checking constant_clock (0)
------------------------------
 There are 0 register/latch pins with constant_clock.


3. checking pulse_width_clock (0)
---------------------------------
 There are 0 register/latch pins which need pulse_width check


4. checking unconstrained_internal_endpoints (0)
------------------------------------------------
 There are 0 pins that are not constrained for maximum delay.

 There are 0 pins that are not constrained for maximum delay due to constant clock.


5. checking no_input_delay (2)
------------------------------
 There are 0 input ports with no input delay specified.

 There are 2 input ports with no input delay but user has a false path constraint. (MEDIUM)


6. checking no_output_delay (9)
-------------------------------
 There are 0 ports with no output delay specified.

 There are 9 ports with no output delay but user has a false path constraint (MEDIUM)

 There are 0 ports with no output delay but with a timing clock defined on it or propagating through it


7. checking multiple_clock (0)
------------------------------
 There are 0 register/latch pins with multiple clocks.


8. checking generated_clocks (0)
--------------------------------
 There are 0 generated clocks that are not connected to a clock source.


9. checking loops (0)
---------------------
 There are 0 combinational loops in the design.


10. checking partial_input_delay (0)
------------------------------------
 There are 0 input ports with partial input delay specified.


11. checking partial_output_delay (0)
-------------------------------------
 There are 0 ports with partial output delay specified.


12. checking latch_loops (0)
----------------------------
 There are 0 combinational latch loops in the design through latch input



------------------------------------------------------------------------------------------------
| Design Timing Summary
| ---------------------
------------------------------------------------------------------------------------------------

    WNS(ns)      TNS(ns)  TNS Failing Endpoints  TNS Total Endpoints      WHS(ns)      THS(ns)  THS Failing Endpoints  THS Total Endpoints     WPWS(ns)     TPWS(ns)  TPWS Failing Endpoints  TPWS Total Endpoints  
    -------      -------  ---------------------  -------------------      -------      -------  ---------------------  -------------------     --------     --------  ----------------------  --------------------  
      0.070        0.000                      0                97260        0.031        0.000                      0                97260        3.000        0.000                       0                 12875  


All user specified timing constraints are met.


------------------------------------------------------------------------------------------------
| Clock Summary
| -------------
------------------------------------------------------------------------------------------------

Clock                 Waveform(ns)       Period(ns)      Frequency(MHz)
-----                 ------------       ----------      --------------
clk                   {0.000 5.000}      10.000          100.000         
  clk_out1_clk_wiz_0  {0.000 10.286}     20.571          48.611          
  clkfbout_clk_wiz_0  {0.000 20.000}     40.000          25.000          


------------------------------------------------------------------------------------------------
| Intra Clock Table
| -----------------
------------------------------------------------------------------------------------------------

Clock                     WNS(ns)      TNS(ns)  TNS Failing Endpoints  TNS Total Endpoints      WHS(ns)      THS(ns)  THS Failing Endpoints  THS Total Endpoints     WPWS(ns)     TPWS(ns)  TPWS Failing Endpoints  TPWS Total Endpoints  
-----                     -------      -------  ---------------------  -------------------      -------      -------  ---------------------  -------------------     --------     --------  ----------------------  --------------------  
clk                                                                                                                                                                     3.000        0.000                       0                     1  
  clk_out1_clk_wiz_0        0.070        0.000                      0                95087        0.031        0.000                      0                95087        9.036        0.000                       0                 12871  
  clkfbout_clk_wiz_0                                                                                                                                                   12.633        0.000                       0                     3  


------------------------------------------------------------------------------------------------
| Inter Clock Table
| -----------------
------------------------------------------------------------------------------------------------

From Clock    To Clock          WNS(ns)      TNS(ns)  TNS Failing Endpoints  TNS Total Endpoints      WHS(ns)      THS(ns)  THS Failing Endpoints  THS Total Endpoints  
----------    --------          -------      -------  ---------------------  -------------------      -------      -------  ---------------------  -------------------  


------------------------------------------------------------------------------------------------
| Other Path Groups Table
| -----------------------
------------------------------------------------------------------------------------------------

Path Group          From Clock          To Clock                WNS(ns)      TNS(ns)  TNS Failing Endpoints  TNS Total Endpoints      WHS(ns)      THS(ns)  THS Failing Endpoints  THS Total Endpoints  
----------          ----------          --------                -------      -------  ---------------------  -------------------      -------      -------  ---------------------  -------------------  
**async_default**   clk_out1_clk_wiz_0  clk_out1_clk_wiz_0        1.689        0.000                      0                 2173        0.645        0.000                      0                 2173  


------------------------------------------------------------------------------------------------
| Timing Details
| --------------
------------------------------------------------------------------------------------------------


---------------------------------------------------------------------------------------------------
From Clock:  clk
  To Clock:  clk

Setup :           NA  Failing Endpoints,  Worst Slack           NA  ,  Total Violation           NA
Hold  :           NA  Failing Endpoints,  Worst Slack           NA  ,  Total Violation           NA
PW    :            0  Failing Endpoints,  Worst Slack        3.000ns,  Total Violation        0.000ns
---------------------------------------------------------------------------------------------------


Pulse Width Checks
--------------------------------------------------------------------------------------
Clock Name:         clk
Waveform(ns):       { 0.000 5.000 }
Period(ns):         10.000
Sources:            { clk }

Check Type        Corner  Lib Pin           Reference Pin  Required(ns)  Actual(ns)  Slack(ns)  Location        Pin
Min Period        n/a     PLLE2_ADV/CLKIN1  n/a            1.249         10.000      8.751      PLLE2_ADV_X1Y2  clk_gen/inst/plle2_adv_inst/CLKIN1
Max Period        n/a     PLLE2_ADV/CLKIN1  n/a            52.633        10.000      42.633     PLLE2_ADV_X1Y2  clk_gen/inst/plle2_adv_inst/CLKIN1
Low Pulse Width   Slow    PLLE2_ADV/CLKIN1  n/a            2.000         5.000       3.000      PLLE2_ADV_X1Y2  clk_gen/inst/plle2_adv_inst/CLKIN1
High Pulse Width  Slow    PLLE2_ADV/CLKIN1  n/a            2.000         5.000       3.000      PLLE2_ADV_X1Y2  clk_gen/inst/plle2_adv_inst/CLKIN1



---------------------------------------------------------------------------------------------------
From Clock:  clk_out1_clk_wiz_0
  To Clock:  clk_out1_clk_wiz_0

Setup :            0  Failing Endpoints,  Worst Slack        0.070ns,  Total Violation        0.000ns
Hold  :            0  Failing Endpoints,  Worst Slack        0.031ns,  Total Violation        0.000ns
PW    :            0  Failing Endpoints,  Worst Slack        9.036ns,  Total Violation        0.000ns
---------------------------------------------------------------------------------------------------


Max Delay Paths
--------------------------------------------------------------------------------------
Slack (MET) :             0.070ns  (required time - arrival time)
  Source:                 rv64im72f_6sp/ex_mem_register/MEM_alu_result_reg[4]_replica_5/C
                            (rising edge-triggered cell FDRE clocked by clk_out1_clk_wiz_0  {rise@0.000ns fall@10.286ns period=20.571ns})
  Destination:            rv64im72f_6sp/exception_detector/trap_status_reg[0]/D
                            (rising edge-triggered cell FDCE clocked by clk_out1_clk_wiz_0  {rise@0.000ns fall@10.286ns period=20.571ns})
  Path Group:             clk_out1_clk_wiz_0
  Path Type:              Setup (Max at Slow Process Corner)
  Requirement:            20.571ns  (clk_out1_clk_wiz_0 rise@20.571ns - clk_out1_clk_wiz_0 rise@0.000ns)
  Data Path Delay:        20.440ns  (logic 4.323ns (21.151%)  route 16.117ns (78.849%))
  Logic Levels:           23  (LUT3=1 LUT5=3 LUT6=15 MUXF7=2 MUXF8=1 RAMS64E=1)
  Clock Path Skew:        0.054ns (DCD - SCD + CPR)
    Destination Clock Delay (DCD):    -2.096ns = ( 18.476 - 20.571 ) 
    Source Clock Delay      (SCD):    -2.657ns
    Clock Pessimism Removal (CPR):    -0.507ns
  Clock Uncertainty:      0.147ns  ((TSJ^2 + DJ^2)^1/2) / 2 + PE
    Total System Jitter     (TSJ):    0.071ns
    Discrete Jitter          (DJ):    0.285ns
    Phase Error              (PE):    0.000ns

    Location             Delay type                Incr(ns)  Path(ns)    Netlist Resource(s)
  -------------------------------------------------------------------    -------------------
                         (clock clk_out1_clk_wiz_0 rise edge)
                                                      0.000     0.000 r  
    R4                                                0.000     0.000 r  clk (IN)
                         net (fo=0)                   0.000     0.000    clk_gen/inst/clk_in1
    R4                   IBUF (Prop_ibuf_I_O)         1.475     1.475 r  clk_gen/inst/clkin1_ibufg/O
                         net (fo=1, routed)           1.253     2.728    clk_gen/inst/clk_in1_clk_wiz_0
    PLLE2_ADV_X1Y2       PLLE2_ADV (Prop_plle2_adv_CLKIN1_CLKOUT0)
                                                     -8.953    -6.225 r  clk_gen/inst/plle2_adv_inst/CLKOUT0
                         net (fo=1, routed)           1.802    -4.422    clk_gen/inst/clk_out1_clk_wiz_0
    BUFGCTRL_X0Y0        BUFG (Prop_bufg_I_O)         0.096    -4.326 r  clk_gen/inst/clkout1_buf/O
                         net (fo=12869, routed)       1.669    -2.657    rv64im72f_6sp/ex_mem_register/clk_out1
    SLICE_X43Y110        FDRE                                         r  rv64im72f_6sp/ex_mem_register/MEM_alu_result_reg[4]_replica_5/C
  -------------------------------------------------------------------    -------------------
    SLICE_X43Y110        FDRE (Prop_fdre_C_Q)         0.456    -2.201 r  rv64im72f_6sp/ex_mem_register/MEM_alu_result_reg[4]_replica_5/Q
                         net (fo=892, routed)         2.372     0.171    rv64im72f_6sp/data_memory/memory_reg_7936_8191_37_37/A1
    SLICE_X44Y143        RAMS64E (Prop_rams64e_ADR1_O)
                                                      0.579     0.751 r  rv64im72f_6sp/data_memory/memory_reg_7936_8191_37_37/RAMS64E_C/O
                         net (fo=1, routed)           0.000     0.751    rv64im72f_6sp/data_memory/memory_reg_7936_8191_37_37/OC
    SLICE_X44Y143        MUXF7 (Prop_muxf7_I1_O)      0.247     0.998 r  rv64im72f_6sp/data_memory/memory_reg_7936_8191_37_37/F7.B/O
                         net (fo=1, routed)           0.000     0.998    rv64im72f_6sp/data_memory/memory_reg_7936_8191_37_37/O0
    SLICE_X44Y143        MUXF8 (Prop_muxf8_I0_O)      0.098     1.096 r  rv64im72f_6sp/data_memory/memory_reg_7936_8191_37_37/F8/O
                         net (fo=1, routed)           1.944     3.039    rv64im72f_6sp/data_memory/memory_reg_7936_8191_37_37_n_0
    SLICE_X33Y89         LUT6 (Prop_lut6_I0_O)        0.319     3.358 r  rv64im72f_6sp/data_memory/memory_reg_0_255_37_37_i_9/O
                         net (fo=1, routed)           0.000     3.358    rv64im72f_6sp/data_memory/memory_reg_0_255_37_37_i_9_n_0
    SLICE_X33Y89         MUXF7 (Prop_muxf7_I1_O)      0.217     3.575 r  rv64im72f_6sp/data_memory/memory_reg_0_255_37_37_i_4/O
                         net (fo=1, routed)           0.693     4.268    rv64im72f_6sp/data_memory/memory_reg_0_255_37_37_i_4_n_0
    SLICE_X33Y89         LUT6 (Prop_lut6_I0_O)        0.299     4.567 r  rv64im72f_6sp/data_memory/memory_reg_0_255_37_37_i_3/O
                         net (fo=2, routed)           0.974     5.541    rv64im72f_6sp/ex_mem_register/read_data0[37]
    SLICE_X33Y73         LUT5 (Prop_lut5_I3_O)        0.124     5.665 r  rv64im72f_6sp/ex_mem_register/WB_byte_enable_logic_register_file_write_data[37]_i_2/O
                         net (fo=5, routed)           0.680     6.345    rv64im72f_6sp/ex_mem_register/data_memory_read_data_muxed[37]
    SLICE_X32Y72         LUT6 (Prop_lut6_I5_O)        0.124     6.469 r  rv64im72f_6sp/ex_mem_register/WB_byte_enable_logic_register_file_write_data[5]_i_4/O
                         net (fo=2, routed)           0.981     7.450    rv64im72f_6sp/ex_mem_register/WB_byte_enable_logic_register_file_write_data[5]_i_4_n_0
    SLICE_X32Y64         LUT6 (Prop_lut6_I0_O)        0.124     7.574 f  rv64im72f_6sp/ex_mem_register/dividend_reg[5]_i_11/O
                         net (fo=1, routed)           0.499     8.073    rv64im72f_6sp/ex_mem_register/dividend_reg[5]_i_11_n_0
    SLICE_X30Y59         LUT6 (Prop_lut6_I5_O)        0.124     8.197 r  rv64im72f_6sp/ex_mem_register/dividend_reg[5]_i_6/O
                         net (fo=3, routed)           0.174     8.371    rv64im72f_6sp/ex_mem_register/MEM_forward_data_value[5]
    SLICE_X30Y59         LUT6 (Prop_lut6_I0_O)        0.124     8.495 r  rv64im72f_6sp/ex_mem_register/i___11_i_5/O
                         net (fo=3, routed)           0.594     9.089    rv64im72f_6sp/id_ex_register/alu_forward_source_data_b[5]
    SLICE_X28Y56         LUT6 (Prop_lut6_I3_O)        0.124     9.213 r  rv64im72f_6sp/id_ex_register/i___273_i_3/O
                         net (fo=177, routed)         1.178    10.391    rv64im72f_6sp/id_ex_register/EX_alu_src_B_select_reg[2]_9
    SLICE_X26Y55         LUT6 (Prop_lut6_I4_O)        0.124    10.515 f  rv64im72f_6sp/id_ex_register/i___48_i_39/O
                         net (fo=5, routed)           0.615    11.130    rv64im72f_6sp/id_ex_register/i___48_i_39_n_0
    SLICE_X27Y54         LUT3 (Prop_lut3_I0_O)        0.124    11.254 f  rv64im72f_6sp/id_ex_register/i___51_i_30/O
                         net (fo=4, routed)           0.737    11.991    rv64im72f_6sp/id_ex_register/i___51_i_30_n_0
    SLICE_X29Y53         LUT5 (Prop_lut5_I0_O)        0.124    12.115 f  rv64im72f_6sp/id_ex_register/i___52_i_23/O
                         net (fo=1, routed)           0.586    12.701    rv64im72f_6sp/id_ex_register/i___52_i_23_n_0
    SLICE_X30Y52         LUT6 (Prop_lut6_I5_O)        0.124    12.825 f  rv64im72f_6sp/id_ex_register/i___52_i_18/O
                         net (fo=1, routed)           0.295    13.121    rv64im72f_6sp/id_ex_register/alu/alu_dword/data8[0]
    SLICE_X31Y51         LUT6 (Prop_lut6_I2_O)        0.124    13.245 f  rv64im72f_6sp/id_ex_register/i___52_i_10/O
                         net (fo=1, routed)           0.554    13.798    rv64im72f_6sp/id_ex_register/i___52_i_10_n_0
    SLICE_X29Y49         LUT6 (Prop_lut6_I0_O)        0.124    13.922 f  rv64im72f_6sp/id_ex_register/i___52_i_3/O
                         net (fo=3, routed)           1.312    15.234    rv64im72f_6sp/id_ex_register/i___62_i_6_0[0]
    SLICE_X46Y52         LUT6 (Prop_lut6_I3_O)        0.124    15.358 f  rv64im72f_6sp/id_ex_register/trap_status[2]_i_15_comp/O
                         net (fo=1, routed)           0.577    15.935    rv64im72f_6sp/id_ex_register/trap_status[2]_i_15_n_0
    SLICE_X49Y53         LUT6 (Prop_lut6_I2_O)        0.124    16.059 f  rv64im72f_6sp/id_ex_register/trap_status[2]_i_7_comp_1/O
                         net (fo=2, routed)           0.320    16.379    rv64im72f_6sp/id_ex_register/trap_status[2]_i_7_n_0
    SLICE_X50Y53         LUT5 (Prop_lut5_I4_O)        0.124    16.503 r  rv64im72f_6sp/id_ex_register/trapped_i_9/O
                         net (fo=3, routed)           0.587    17.090    rv64im72f_6sp/id_ex_register/trapped_i_9_n_0
    SLICE_X50Y52         LUT6 (Prop_lut6_I4_O)        0.124    17.214 r  rv64im72f_6sp/id_ex_register/trap_status[0]_i_4_comp/O
                         net (fo=1, routed)           0.445    17.660    rv64im72f_6sp/ex_mem_register/trap_status_reg[0]_0
    SLICE_X50Y54         LUT6 (Prop_lut6_I2_O)        0.124    17.784 r  rv64im72f_6sp/ex_mem_register/trap_status[0]_i_1/O
                         net (fo=1, routed)           0.000    17.784    rv64im72f_6sp/exception_detector/trap_status_reg[2]_3[0]
    SLICE_X50Y54         FDCE                                         r  rv64im72f_6sp/exception_detector/trap_status_reg[0]/D
  -------------------------------------------------------------------    -------------------

                         (clock clk_out1_clk_wiz_0 rise edge)
                                                     20.571    20.571 r  
    R4                                                0.000    20.571 r  clk (IN)
                         net (fo=0)                   0.000    20.571    clk_gen/inst/clk_in1
    R4                   IBUF (Prop_ibuf_I_O)         1.405    21.976 r  clk_gen/inst/clkin1_ibufg/O
                         net (fo=1, routed)           1.181    23.157    clk_gen/inst/clk_in1_clk_wiz_0
    PLLE2_ADV_X1Y2       PLLE2_ADV (Prop_plle2_adv_CLKIN1_CLKOUT0)
                                                     -8.206    14.951 r  clk_gen/inst/plle2_adv_inst/CLKOUT0
                         net (fo=1, routed)           1.718    16.670    clk_gen/inst/clk_out1_clk_wiz_0
    BUFGCTRL_X0Y0        BUFG (Prop_bufg_I_O)         0.091    16.761 r  clk_gen/inst/clkout1_buf/O
                         net (fo=12869, routed)       1.715    18.476    rv64im72f_6sp/exception_detector/clk_out1
    SLICE_X50Y54         FDCE                                         r  rv64im72f_6sp/exception_detector/trap_status_reg[0]/C
                         clock pessimism             -0.507    17.968    
                         clock uncertainty           -0.147    17.821    
    SLICE_X50Y54         FDCE (Setup_fdce_C_D)        0.032    17.853    rv64im72f_6sp/exception_detector/trap_status_reg[0]
  -------------------------------------------------------------------
                         required time                         17.853    
                         arrival time                         -17.784    
  -------------------------------------------------------------------
                         slack                                  0.070    





Min Delay Paths
--------------------------------------------------------------------------------------
Slack (MET) :             0.031ns  (arrival time - required time)
  Source:                 rv64im72f_6sp/ex_mem_register/MEM_alu_result_reg[7]/C
                            (rising edge-triggered cell FDRE clocked by clk_out1_clk_wiz_0  {rise@0.000ns fall@10.286ns period=20.571ns})
  Destination:            rv64im72f_6sp/data_memory/memory_reg_2304_2559_16_16/RAMS64E_A/ADR4
                            (rising edge-triggered cell RAMS64E clocked by clk_out1_clk_wiz_0  {rise@0.000ns fall@10.286ns period=20.571ns})
  Path Group:             clk_out1_clk_wiz_0
  Path Type:              Hold (Min at Fast Process Corner)
  Requirement:            0.000ns  (clk_out1_clk_wiz_0 rise@0.000ns - clk_out1_clk_wiz_0 rise@0.000ns)
  Data Path Delay:        0.244ns  (logic 0.141ns (57.691%)  route 0.103ns (42.309%))
  Logic Levels:           0  
  Clock Path Skew:        0.013ns (DCD - SCD - CPR)
    Destination Clock Delay (DCD):    -0.438ns
    Source Clock Delay      (SCD):    -0.663ns
    Clock Pessimism Removal (CPR):    0.212ns

    Location             Delay type                Incr(ns)  Path(ns)    Netlist Resource(s)
  -------------------------------------------------------------------    -------------------
                         (clock clk_out1_clk_wiz_0 rise edge)
                                                      0.000     0.000 r  
    R4                                                0.000     0.000 r  clk (IN)
                         net (fo=0)                   0.000     0.000    clk_gen/inst/clk_in1
    R4                   IBUF (Prop_ibuf_I_O)         0.243     0.243 r  clk_gen/inst/clkin1_ibufg/O
                         net (fo=1, routed)           0.440     0.683    clk_gen/inst/clk_in1_clk_wiz_0
    PLLE2_ADV_X1Y2       PLLE2_ADV (Prop_plle2_adv_CLKIN1_CLKOUT0)
                                                     -2.503    -1.819 r  clk_gen/inst/plle2_adv_inst/CLKOUT0
                         net (fo=1, routed)           0.546    -1.273    clk_gen/inst/clk_out1_clk_wiz_0
    BUFGCTRL_X0Y0        BUFG (Prop_bufg_I_O)         0.026    -1.247 r  clk_gen/inst/clkout1_buf/O
                         net (fo=12869, routed)       0.585    -0.663    rv64im72f_6sp/ex_mem_register/clk_out1
    SLICE_X47Y107        FDRE                                         r  rv64im72f_6sp/ex_mem_register/MEM_alu_result_reg[7]/C
  -------------------------------------------------------------------    -------------------
    SLICE_X47Y107        FDRE (Prop_fdre_C_Q)         0.141    -0.522 r  rv64im72f_6sp/ex_mem_register/MEM_alu_result_reg[7]/Q
                         net (fo=4, routed)           0.103    -0.418    rv64im72f_6sp/data_memory/memory_reg_2304_2559_16_16/A4
    SLICE_X46Y107        RAMS64E                                      r  rv64im72f_6sp/data_memory/memory_reg_2304_2559_16_16/RAMS64E_A/ADR4
  -------------------------------------------------------------------    -------------------

                         (clock clk_out1_clk_wiz_0 rise edge)
                                                      0.000     0.000 r  
    R4                                                0.000     0.000 r  clk (IN)
                         net (fo=0)                   0.000     0.000    clk_gen/inst/clk_in1
    R4                   IBUF (Prop_ibuf_I_O)         0.431     0.431 r  clk_gen/inst/clkin1_ibufg/O
                         net (fo=1, routed)           0.481     0.912    clk_gen/inst/clk_in1_clk_wiz_0
    PLLE2_ADV_X1Y2       PLLE2_ADV (Prop_plle2_adv_CLKIN1_CLKOUT0)
                                                     -2.828    -1.916 r  clk_gen/inst/plle2_adv_inst/CLKOUT0
                         net (fo=1, routed)           0.595    -1.322    clk_gen/inst/clk_out1_clk_wiz_0
    BUFGCTRL_X0Y0        BUFG (Prop_bufg_I_O)         0.029    -1.293 r  clk_gen/inst/clkout1_buf/O
                         net (fo=12869, routed)       0.855    -0.438    rv64im72f_6sp/data_memory/memory_reg_2304_2559_16_16/WCLK
    SLICE_X46Y107        RAMS64E                                      r  rv64im72f_6sp/data_memory/memory_reg_2304_2559_16_16/RAMS64E_A/CLK
                         clock pessimism             -0.212    -0.650    
    SLICE_X46Y107        RAMS64E (Hold_rams64e_CLK_ADR4)
                                                      0.200    -0.450    rv64im72f_6sp/data_memory/memory_reg_2304_2559_16_16/RAMS64E_A
  -------------------------------------------------------------------
                         required time                          0.450    
                         arrival time                          -0.418    
  -------------------------------------------------------------------
                         slack                                  0.031    





Pulse Width Checks
--------------------------------------------------------------------------------------
Clock Name:         clk_out1_clk_wiz_0
Waveform(ns):       { 0.000 10.286 }
Period(ns):         20.571
Sources:            { clk_gen/inst/plle2_adv_inst/CLKOUT0 }

Check Type        Corner  Lib Pin            Reference Pin  Required(ns)  Actual(ns)  Slack(ns)  Location        Pin
Min Period        n/a     BUFG/I             n/a            2.155         20.571      18.416     BUFGCTRL_X0Y0   clk_gen/inst/clkout1_buf/I
Max Period        n/a     PLLE2_ADV/CLKOUT0  n/a            160.000       20.571      139.429    PLLE2_ADV_X1Y2  clk_gen/inst/plle2_adv_inst/CLKOUT0
Low Pulse Width   Slow    RAMS64E/CLK        n/a            1.250         10.286      9.036      SLICE_X44Y64    rv64im72f_6sp/data_memory/memory_reg_0_255_0_0/RAMS64E_A/CLK
High Pulse Width  Slow    RAMS64E/CLK        n/a            1.250         10.286      9.036      SLICE_X44Y64    rv64im72f_6sp/data_memory/memory_reg_0_255_0_0/RAMS64E_A/CLK



---------------------------------------------------------------------------------------------------
From Clock:  clkfbout_clk_wiz_0
  To Clock:  clkfbout_clk_wiz_0

Setup :           NA  Failing Endpoints,  Worst Slack           NA  ,  Total Violation           NA
Hold  :           NA  Failing Endpoints,  Worst Slack           NA  ,  Total Violation           NA
PW    :            0  Failing Endpoints,  Worst Slack       12.633ns,  Total Violation        0.000ns
---------------------------------------------------------------------------------------------------


Pulse Width Checks
--------------------------------------------------------------------------------------
Clock Name:         clkfbout_clk_wiz_0
Waveform(ns):       { 0.000 20.000 }
Period(ns):         40.000
Sources:            { clk_gen/inst/plle2_adv_inst/CLKFBOUT }

Check Type  Corner  Lib Pin            Reference Pin  Required(ns)  Actual(ns)  Slack(ns)  Location        Pin
Min Period  n/a     BUFG/I             n/a            2.155         40.000      37.845     BUFGCTRL_X0Y1   clk_gen/inst/clkf_buf/I
Max Period  n/a     PLLE2_ADV/CLKFBIN  n/a            52.633        40.000      12.633     PLLE2_ADV_X1Y2  clk_gen/inst/plle2_adv_inst/CLKFBIN



---------------------------------------------------------------------------------------------------
Path Group:  **async_default**
From Clock:  clk_out1_clk_wiz_0
  To Clock:  clk_out1_clk_wiz_0

Setup :            0  Failing Endpoints,  Worst Slack        1.689ns,  Total Violation        0.000ns
Hold  :            0  Failing Endpoints,  Worst Slack        0.645ns,  Total Violation        0.000ns
---------------------------------------------------------------------------------------------------


Max Delay Paths
--------------------------------------------------------------------------------------
Slack (MET) :             1.689ns  (required time - arrival time)
  Source:                 reset_sync_reg[2]/C
                            (rising edge-triggered cell FDPE clocked by clk_out1_clk_wiz_0  {rise@0.000ns fall@10.286ns period=20.571ns})
  Destination:            rv64im72f_6sp/retire_csr_read_data_reg[60]/CLR
                            (recovery check against rising-edge clock clk_out1_clk_wiz_0  {rise@0.000ns fall@10.286ns period=20.571ns})
  Path Group:             **async_default**
  Path Type:              Recovery (Max at Slow Process Corner)
  Requirement:            20.571ns  (clk_out1_clk_wiz_0 rise@20.571ns - clk_out1_clk_wiz_0 rise@0.000ns)
  Data Path Delay:        18.461ns  (logic 0.419ns (2.270%)  route 18.042ns (97.730%))
  Logic Levels:           0  
  Clock Path Skew:        0.220ns (DCD - SCD + CPR)
    Destination Clock Delay (DCD):    -1.930ns = ( 18.642 - 20.571 ) 
    Source Clock Delay      (SCD):    -2.657ns
    Clock Pessimism Removal (CPR):    -0.507ns
  Clock Uncertainty:      0.147ns  ((TSJ^2 + DJ^2)^1/2) / 2 + PE
    Total System Jitter     (TSJ):    0.071ns
    Discrete Jitter          (DJ):    0.285ns
    Phase Error              (PE):    0.000ns

    Location             Delay type                Incr(ns)  Path(ns)    Netlist Resource(s)
  -------------------------------------------------------------------    -------------------
                         (clock clk_out1_clk_wiz_0 rise edge)
                                                      0.000     0.000 r  
    R4                                                0.000     0.000 r  clk (IN)
                         net (fo=0)                   0.000     0.000    clk_gen/inst/clk_in1
    R4                   IBUF (Prop_ibuf_I_O)         1.475     1.475 r  clk_gen/inst/clkin1_ibufg/O
                         net (fo=1, routed)           1.253     2.728    clk_gen/inst/clk_in1_clk_wiz_0
    PLLE2_ADV_X1Y2       PLLE2_ADV (Prop_plle2_adv_CLKIN1_CLKOUT0)
                                                     -8.953    -6.225 r  clk_gen/inst/plle2_adv_inst/CLKOUT0
                         net (fo=1, routed)           1.802    -4.422    clk_gen/inst/clk_out1_clk_wiz_0
    BUFGCTRL_X0Y0        BUFG (Prop_bufg_I_O)         0.096    -4.326 r  clk_gen/inst/clkout1_buf/O
                         net (fo=12869, routed)       1.669    -2.657    clk_cpu
    SLICE_X51Y140        FDPE                                         r  reset_sync_reg[2]/C
  -------------------------------------------------------------------    -------------------
    SLICE_X51Y140        FDPE (Prop_fdpe_C_Q)         0.419    -2.238 f  reset_sync_reg[2]/Q
                         net (fo=2179, routed)       18.042    15.805    rv64im72f_6sp/Q[0]
    SLICE_X6Y76          FDCE                                         f  rv64im72f_6sp/retire_csr_read_data_reg[60]/CLR
  -------------------------------------------------------------------    -------------------

                         (clock clk_out1_clk_wiz_0 rise edge)
                                                     20.571    20.571 r  
    R4                                                0.000    20.571 r  clk (IN)
                         net (fo=0)                   0.000    20.571    clk_gen/inst/clk_in1
    R4                   IBUF (Prop_ibuf_I_O)         1.405    21.976 r  clk_gen/inst/clkin1_ibufg/O
                         net (fo=1, routed)           1.181    23.157    clk_gen/inst/clk_in1_clk_wiz_0
    PLLE2_ADV_X1Y2       PLLE2_ADV (Prop_plle2_adv_CLKIN1_CLKOUT0)
                                                     -8.206    14.951 r  clk_gen/inst/plle2_adv_inst/CLKOUT0
                         net (fo=1, routed)           1.718    16.670    clk_gen/inst/clk_out1_clk_wiz_0
    BUFGCTRL_X0Y0        BUFG (Prop_bufg_I_O)         0.091    16.761 r  clk_gen/inst/clkout1_buf/O
                         net (fo=12869, routed)       1.881    18.642    rv64im72f_6sp/clk_out1
    SLICE_X6Y76          FDCE                                         r  rv64im72f_6sp/retire_csr_read_data_reg[60]/C
                         clock pessimism             -0.507    18.134    
                         clock uncertainty           -0.147    17.987    
    SLICE_X6Y76          FDCE (Recov_fdce_C_CLR)     -0.494    17.493    rv64im72f_6sp/retire_csr_read_data_reg[60]
  -------------------------------------------------------------------
                         required time                         17.493    
                         arrival time                         -15.805    
  -------------------------------------------------------------------
                         slack                                  1.689    





Min Delay Paths
--------------------------------------------------------------------------------------
Slack (MET) :             0.645ns  (arrival time - required time)
  Source:                 reset_sync_reg[2]/C
                            (rising edge-triggered cell FDPE clocked by clk_out1_clk_wiz_0  {rise@0.000ns fall@10.286ns period=20.571ns})
  Destination:            cpu_clk_enable_reg/CLR
                            (removal check against rising-edge clock clk_out1_clk_wiz_0  {rise@0.000ns fall@10.286ns period=20.571ns})
  Path Group:             **async_default**
  Path Type:              Removal (Min at Fast Process Corner)
  Requirement:            0.000ns  (clk_out1_clk_wiz_0 rise@0.000ns - clk_out1_clk_wiz_0 rise@0.000ns)
  Data Path Delay:        0.834ns  (logic 0.128ns (15.351%)  route 0.706ns (84.649%))
  Logic Levels:           0  
  Clock Path Skew:        0.310ns (DCD - SCD - CPR)
    Destination Clock Delay (DCD):    -0.398ns
    Source Clock Delay      (SCD):    -0.663ns
    Clock Pessimism Removal (CPR):    -0.045ns

    Location             Delay type                Incr(ns)  Path(ns)    Netlist Resource(s)
  -------------------------------------------------------------------    -------------------
                         (clock clk_out1_clk_wiz_0 rise edge)
                                                      0.000     0.000 r  
    R4                                                0.000     0.000 r  clk (IN)
                         net (fo=0)                   0.000     0.000    clk_gen/inst/clk_in1
    R4                   IBUF (Prop_ibuf_I_O)         0.243     0.243 r  clk_gen/inst/clkin1_ibufg/O
                         net (fo=1, routed)           0.440     0.683    clk_gen/inst/clk_in1_clk_wiz_0
    PLLE2_ADV_X1Y2       PLLE2_ADV (Prop_plle2_adv_CLKIN1_CLKOUT0)
                                                     -2.503    -1.819 r  clk_gen/inst/plle2_adv_inst/CLKOUT0
                         net (fo=1, routed)           0.546    -1.273    clk_gen/inst/clk_out1_clk_wiz_0
    BUFGCTRL_X0Y0        BUFG (Prop_bufg_I_O)         0.026    -1.247 r  clk_gen/inst/clkout1_buf/O
                         net (fo=12869, routed)       0.585    -0.663    clk_cpu
    SLICE_X51Y140        FDPE                                         r  reset_sync_reg[2]/C
  -------------------------------------------------------------------    -------------------
    SLICE_X51Y140        FDPE (Prop_fdpe_C_Q)         0.128    -0.535 f  reset_sync_reg[2]/Q
                         net (fo=2179, routed)        0.706     0.171    internal_reset
    SLICE_X20Y150        FDCE                                         f  cpu_clk_enable_reg/CLR
  -------------------------------------------------------------------    -------------------

                         (clock clk_out1_clk_wiz_0 rise edge)
                                                      0.000     0.000 r  
    R4                                                0.000     0.000 r  clk (IN)
                         net (fo=0)                   0.000     0.000    clk_gen/inst/clk_in1
    R4                   IBUF (Prop_ibuf_I_O)         0.431     0.431 r  clk_gen/inst/clkin1_ibufg/O
                         net (fo=1, routed)           0.481     0.912    clk_gen/inst/clk_in1_clk_wiz_0
    PLLE2_ADV_X1Y2       PLLE2_ADV (Prop_plle2_adv_CLKIN1_CLKOUT0)
                                                     -2.828    -1.916 r  clk_gen/inst/plle2_adv_inst/CLKOUT0
                         net (fo=1, routed)           0.595    -1.322    clk_gen/inst/clk_out1_clk_wiz_0
    BUFGCTRL_X0Y0        BUFG (Prop_bufg_I_O)         0.029    -1.293 r  clk_gen/inst/clkout1_buf/O
                         net (fo=12869, routed)       0.894    -0.398    clk_cpu
    SLICE_X20Y150        FDCE                                         r  cpu_clk_enable_reg/C
                         clock pessimism              0.045    -0.353    
    SLICE_X20Y150        FDCE (Remov_fdce_C_CLR)     -0.121    -0.474    cpu_clk_enable_reg
  -------------------------------------------------------------------
                         required time                          0.474    
                         arrival time                           0.171    
  -------------------------------------------------------------------
                         slack                                  0.645    





