
*** Running vivado
    with args -log RV32IM72F7SPSoCTOP.vds -m64 -product Vivado -mode batch -messageDb vivado.pb -notrace -source RV32IM72F7SPSoCTOP.tcl


****** Vivado v2025.2 (64-bit)
  **** SW Build 6299465 on Fri Nov 14 12:34:56 MST 2025
  **** IP Build 6300035 on Fri Nov 14 10:48:45 MST 2025
  **** SharedData Build 6298862 on Thu Nov 13 04:50:51 MST 2025
  **** Start of session at: Mon Sep 14 15:51:09 2026
    ** Copyright 1986-2022 Xilinx, Inc. All Rights Reserved.
    ** Copyright 2022-2025 Advanced Micro Devices, Inc. All Rights Reserved.

source RV32IM72F7SPSoCTOP.tcl -notrace
Command: read_checkpoint -auto_incremental -incremental /home/khwl/Desktop/claude_RISCOF_RV-IM100/RV-IM100/RV32s/SoCs/RV32IM_7SP_BRAM_Opt/RV64IM72F_7SP_BRAM_Final_1431.srcs/utils_1/imports/synth_1/RV64IM72F5SPSoCTOP.dcp
INFO: [Vivado 12-5825] Read reference checkpoint from /home/khwl/Desktop/claude_RISCOF_RV-IM100/RV-IM100/RV32s/SoCs/RV32IM_7SP_BRAM_Opt/RV64IM72F_7SP_BRAM_Final_1431.srcs/utils_1/imports/synth_1/RV64IM72F5SPSoCTOP.dcp for incremental synthesis
INFO: [Vivado 12-7989] Please ensure there are no constraint changes
Command: synth_design -top RV32IM72F7SPSoCTOP -part xc7a200tsbg484-1 -directive PerformanceOptimized -fsm_extraction one_hot -keep_equivalent_registers -resource_sharing off -no_lc -shreg_min_size 5
Starting synth_design
Attempting to get a license for feature 'Synthesis' and/or device 'xc7a200t'
INFO: [Common 17-349] Got license for feature 'Synthesis' and/or device 'xc7a200t'
INFO: [Device 21-403] Loading part xc7a200tsbg484-1
INFO: [Designutils 20-5440] No compile time benefit to using incremental synthesis; A full resynthesis will be run
INFO: [Designutils 20-4379] Flow is switching to default flow due to incremental criteria not met. If you would like to alter this behaviour and have the flow terminate instead, please set the following parameter config_implementation {autoIncr.Synth.RejectBehavior Terminate}
INFO: [Synth 8-7079] Multithreading enabled for synth_design using a maximum of 7 processes.
INFO: [Synth 8-7078] Launching helper process for spawning children vivado processes
INFO: [Synth 8-7075] Helper process launched with PID 289670
---------------------------------------------------------------------------------
Starting RTL Elaboration : Time (s): cpu = 00:00:02 ; elapsed = 00:00:03 . Memory (MB): peak = 2249.293 ; gain = 480.875 ; free physical = 12945 ; free virtual = 27650
---------------------------------------------------------------------------------
WARNING: [Synth 8-6901] identifier 'EX2_forward_data_value' is used before its declaration [/home/khwl/Desktop/claude_RISCOF_RV-IM100/RV-IM100/RV32s/SoCs/RV32IM_7SP_BRAM_Opt/RV64IM72F_7SP_BRAM_Final_1431.srcs/sources_1/imports/1.431_srcs/modules/Forward_Unit.v:63]
INFO: [Synth 8-11241] undeclared symbol 'ID_valid_csr_address', assumed default net type 'wire' [/home/khwl/Desktop/claude_RISCOF_RV-IM100/RV-IM100/RV32s/SoCs/RV32IM_7SP_BRAM_Opt/RV64IM72F_7SP_BRAM_Final_1431.srcs/sources_1/imports/1.431_srcs/modules/RV32IM72F_7SP.v:435]
INFO: [Synth 8-11241] undeclared symbol 'EX2_forward_data', assumed default net type 'wire' [/home/khwl/Desktop/claude_RISCOF_RV-IM100/RV-IM100/RV32s/SoCs/RV32IM_7SP_BRAM_Opt/RV64IM72F_7SP_BRAM_Final_1431.srcs/sources_1/imports/1.431_srcs/modules/RV32IM72F_7SP.v:507]
INFO: [Synth 8-11241] undeclared symbol 'store_forward_select', assumed default net type 'wire' [/home/khwl/Desktop/claude_RISCOF_RV-IM100/RV-IM100/RV32s/SoCs/RV32IM_7SP_BRAM_Opt/RV64IM72F_7SP_BRAM_Final_1431.srcs/sources_1/imports/1.431_srcs/modules/RV32IM72F_7SP.v:508]
INFO: [Synth 8-11241] undeclared symbol 'instruction_pc', assumed default net type 'wire' [/home/khwl/Desktop/claude_RISCOF_RV-IM100/RV-IM100/RV32s/SoCs/RV32IM_7SP_BRAM_Opt/RV64IM72F_7SP_BRAM_Final_1431.srcs/sources_1/imports/1.431_srcs/modules/RV32IM72F_7SP.v:702]
INFO: [Synth 8-11241] undeclared symbol 'instruction_pc_plus_4', assumed default net type 'wire' [/home/khwl/Desktop/claude_RISCOF_RV-IM100/RV-IM100/RV32s/SoCs/RV32IM_7SP_BRAM_Opt/RV64IM72F_7SP_BRAM_Final_1431.srcs/sources_1/imports/1.431_srcs/modules/RV32IM72F_7SP.v:703]
INFO: [Synth 8-11241] undeclared symbol 'IO_valid_csr_address', assumed default net type 'wire' [/home/khwl/Desktop/claude_RISCOF_RV-IM100/RV-IM100/RV32s/SoCs/RV32IM_7SP_BRAM_Opt/RV64IM72F_7SP_BRAM_Final_1431.srcs/sources_1/imports/1.431_srcs/modules/RV32IM72F_7SP.v:726]
INFO: [Synth 8-11241] undeclared symbol 'EX_forward_select', assumed default net type 'wire' [/home/khwl/Desktop/claude_RISCOF_RV-IM100/RV-IM100/RV32s/SoCs/RV32IM_7SP_BRAM_Opt/RV64IM72F_7SP_BRAM_Final_1431.srcs/sources_1/imports/1.431_srcs/modules/RV32IM72F_7SP.v:845]
WARNING: [Synth 8-8895] 'store_forward_select' is already implicitly declared on line 508 [/home/khwl/Desktop/claude_RISCOF_RV-IM100/RV-IM100/RV32s/SoCs/RV32IM_7SP_BRAM_Opt/RV64IM72F_7SP_BRAM_Final_1431.srcs/sources_1/imports/1.431_srcs/modules/RV32IM72F_7SP.v:975]
WARNING: [Synth 8-8895] 'EX2_forward_data' is already implicitly declared on line 507 [/home/khwl/Desktop/claude_RISCOF_RV-IM100/RV-IM100/RV32s/SoCs/RV32IM_7SP_BRAM_Opt/RV64IM72F_7SP_BRAM_Final_1431.srcs/sources_1/imports/1.431_srcs/modules/RV32IM72F_7SP.v:987]
WARNING: [Synth 8-8895] 'instruction_pc' is already implicitly declared on line 702 [/home/khwl/Desktop/claude_RISCOF_RV-IM100/RV-IM100/RV32s/SoCs/RV32IM_7SP_BRAM_Opt/RV64IM72F_7SP_BRAM_Final_1431.srcs/sources_1/imports/1.431_srcs/modules/RV32IM72F_7SP.v:992]
WARNING: [Synth 8-8895] 'instruction_pc_plus_4' is already implicitly declared on line 703 [/home/khwl/Desktop/claude_RISCOF_RV-IM100/RV-IM100/RV32s/SoCs/RV32IM_7SP_BRAM_Opt/RV64IM72F_7SP_BRAM_Final_1431.srcs/sources_1/imports/1.431_srcs/modules/RV32IM72F_7SP.v:993]
WARNING: [Synth 8-8895] 'IO_valid_csr_address' is already implicitly declared on line 726 [/home/khwl/Desktop/claude_RISCOF_RV-IM100/RV-IM100/RV32s/SoCs/RV32IM_7SP_BRAM_Opt/RV64IM72F_7SP_BRAM_Final_1431.srcs/sources_1/imports/1.431_srcs/modules/RV32IM72F_7SP.v:1102]
WARNING: [Synth 8-8895] 'EX_forward_select' is already implicitly declared on line 845 [/home/khwl/Desktop/claude_RISCOF_RV-IM100/RV-IM100/RV32s/SoCs/RV32IM_7SP_BRAM_Opt/RV64IM72F_7SP_BRAM_Final_1431.srcs/sources_1/imports/1.431_srcs/modules/RV32IM72F_7SP.v:1104]
WARNING: [Synth 8-6901] identifier 'IO_instruction' is used before its declaration [/home/khwl/Desktop/claude_RISCOF_RV-IM100/RV-IM100/RV32s/SoCs/RV32IM_7SP_BRAM_Opt/RV64IM72F_7SP_BRAM_Final_1431.srcs/sources_1/imports/1.431_srcs/modules/RV32IM72F_7SP.v:36]
WARNING: [Synth 8-6901] identifier 'IO_instruction' is used before its declaration [/home/khwl/Desktop/claude_RISCOF_RV-IM100/RV-IM100/RV32s/SoCs/RV32IM_7SP_BRAM_Opt/RV64IM72F_7SP_BRAM_Final_1431.srcs/sources_1/imports/1.431_srcs/modules/RV32IM72F_7SP.v:36]
WARNING: [Synth 8-6901] identifier 'IO_instruction' is used before its declaration [/home/khwl/Desktop/claude_RISCOF_RV-IM100/RV-IM100/RV32s/SoCs/RV32IM_7SP_BRAM_Opt/RV64IM72F_7SP_BRAM_Final_1431.srcs/sources_1/imports/1.431_srcs/modules/RV32IM72F_7SP.v:36]
WARNING: [Synth 8-6901] identifier 'IO_instruction' is used before its declaration [/home/khwl/Desktop/claude_RISCOF_RV-IM100/RV-IM100/RV32s/SoCs/RV32IM_7SP_BRAM_Opt/RV64IM72F_7SP_BRAM_Final_1431.srcs/sources_1/imports/1.431_srcs/modules/RV32IM72F_7SP.v:36]
WARNING: [Synth 8-6901] identifier 'IO_instruction' is used before its declaration [/home/khwl/Desktop/claude_RISCOF_RV-IM100/RV-IM100/RV32s/SoCs/RV32IM_7SP_BRAM_Opt/RV64IM72F_7SP_BRAM_Final_1431.srcs/sources_1/imports/1.431_srcs/modules/RV32IM72F_7SP.v:37]
WARNING: [Synth 8-6901] identifier 'EX_opcode' is used before its declaration [/home/khwl/Desktop/claude_RISCOF_RV-IM100/RV-IM100/RV32s/SoCs/RV32IM_7SP_BRAM_Opt/RV64IM72F_7SP_BRAM_Final_1431.srcs/sources_1/imports/1.431_srcs/modules/RV32IM72F_7SP.v:142]
WARNING: [Synth 8-6901] identifier 'store_forward_data_muxed' is used before its declaration [/home/khwl/Desktop/claude_RISCOF_RV-IM100/RV-IM100/RV32s/SoCs/RV32IM_7SP_BRAM_Opt/RV64IM72F_7SP_BRAM_Final_1431.srcs/sources_1/imports/1.431_srcs/modules/RV32IM72F_7SP.v:291]
WARNING: [Synth 8-6901] identifier 'MEM_forward_data' is used before its declaration [/home/khwl/Desktop/claude_RISCOF_RV-IM100/RV-IM100/RV32s/SoCs/RV32IM_7SP_BRAM_Opt/RV64IM72F_7SP_BRAM_Final_1431.srcs/sources_1/imports/1.431_srcs/modules/RV32IM72F_7SP.v:980]
Linter Recording Failure, recording already started!
INFO: [Synth 8-6157] synthesizing module 'RV32IM72F7SPSoCTOP' [/home/khwl/Desktop/claude_RISCOF_RV-IM100/RV-IM100/RV32s/SoCs/RV32IM_7SP_BRAM_Opt/RV64IM72F_7SP_BRAM_Final_1431.srcs/sources_1/imports/1.431_srcs/modules/72F6SP_SoC_TOP.v:1]
INFO: [Synth 8-6157] synthesizing module 'clk_wiz_0' [/home/khwl/Desktop/claude_RISCOF_RV-IM100/RV-IM100/RV32s/SoCs/RV32IM_7SP_BRAM_Opt/RV64IM72F_7SP_BRAM_Final_1431.runs/synth_1/.Xil/Vivado-289547-khwl-ThinkPad-X1-Carbon-Gen-13/realtime/clk_wiz_0_stub.v:6]
INFO: [Synth 8-6155] done synthesizing module 'clk_wiz_0' (0#1) [/home/khwl/Desktop/claude_RISCOF_RV-IM100/RV-IM100/RV32s/SoCs/RV32IM_7SP_BRAM_Opt/RV64IM72F_7SP_BRAM_Final_1431.runs/synth_1/.Xil/Vivado-289547-khwl-ThinkPad-X1-Carbon-Gen-13/realtime/clk_wiz_0_stub.v:6]
INFO: [Synth 8-6157] synthesizing module 'UnifiedUARTController' [/home/khwl/Desktop/claude_RISCOF_RV-IM100/RV-IM100/RV32s/SoCs/RV32IM_7SP_BRAM_Opt/RV64IM72F_7SP_BRAM_Final_1431.srcs/sources_1/imports/1.431_srcs/modules/Unified_UART_Controller.v:1]
INFO: [Synth 8-6155] done synthesizing module 'UnifiedUARTController' (0#1) [/home/khwl/Desktop/claude_RISCOF_RV-IM100/RV-IM100/RV32s/SoCs/RV32IM_7SP_BRAM_Opt/RV64IM72F_7SP_BRAM_Final_1431.srcs/sources_1/imports/1.431_srcs/modules/Unified_UART_Controller.v:1]
INFO: [Synth 8-6157] synthesizing module 'UARTTX' [/home/khwl/Desktop/claude_RISCOF_RV-IM100/RV-IM100/RV32s/SoCs/RV32IM_7SP_BRAM_Opt/RV64IM72F_7SP_BRAM_Final_1431.srcs/sources_1/imports/1.431_srcs/modules/UART_TX.v:1]
INFO: [Synth 8-6155] done synthesizing module 'UARTTX' (0#1) [/home/khwl/Desktop/claude_RISCOF_RV-IM100/RV-IM100/RV32s/SoCs/RV32IM_7SP_BRAM_Opt/RV64IM72F_7SP_BRAM_Final_1431.srcs/sources_1/imports/1.431_srcs/modules/UART_TX.v:1]
INFO: [Synth 8-6157] synthesizing module 'MMIOInterface' [/home/khwl/Desktop/claude_RISCOF_RV-IM100/RV-IM100/RV32s/SoCs/RV32IM_7SP_BRAM_Opt/RV64IM72F_7SP_BRAM_Final_1431.srcs/sources_1/imports/1.431_srcs/modules/MMIO_Interface.v:1]
	Parameter XLEN bound to: 32 - type: integer 
INFO: [Synth 8-6155] done synthesizing module 'MMIOInterface' (0#1) [/home/khwl/Desktop/claude_RISCOF_RV-IM100/RV-IM100/RV32s/SoCs/RV32IM_7SP_BRAM_Opt/RV64IM72F_7SP_BRAM_Final_1431.srcs/sources_1/imports/1.431_srcs/modules/MMIO_Interface.v:1]
INFO: [Synth 8-6157] synthesizing module 'RV32IM72F7SP' [/home/khwl/Desktop/claude_RISCOF_RV-IM100/RV-IM100/RV32s/SoCs/RV32IM_7SP_BRAM_Opt/RV64IM72F_7SP_BRAM_Final_1431.srcs/sources_1/imports/1.431_srcs/modules/RV32IM72F_7SP.v:7]
	Parameter XLEN bound to: 32 - type: integer 
INFO: [Synth 8-6157] synthesizing module 'ALU' [/home/khwl/Desktop/claude_RISCOF_RV-IM100/RV-IM100/RV32s/SoCs/RV32IM_7SP_BRAM_Opt/RV64IM72F_7SP_BRAM_Final_1431.srcs/sources_1/imports/1.431_srcs/modules/ALU.v:3]
INFO: [Synth 8-6157] synthesizing module 'ALU_WORD' [/home/khwl/Desktop/claude_RISCOF_RV-IM100/RV-IM100/RV32s/SoCs/RV32IM_7SP_BRAM_Opt/RV64IM72F_7SP_BRAM_Final_1431.srcs/sources_1/imports/1.431_srcs/modules/ALU_WORD.v:3]
INFO: [Synth 8-6155] done synthesizing module 'ALU_WORD' (0#1) [/home/khwl/Desktop/claude_RISCOF_RV-IM100/RV-IM100/RV32s/SoCs/RV32IM_7SP_BRAM_Opt/RV64IM72F_7SP_BRAM_Final_1431.srcs/sources_1/imports/1.431_srcs/modules/ALU_WORD.v:3]
INFO: [Synth 8-6157] synthesizing module 'Multiplier_WORD' [/home/khwl/Desktop/claude_RISCOF_RV-IM100/RV-IM100/RV32s/SoCs/RV32IM_7SP_BRAM_Opt/RV64IM72F_7SP_BRAM_Final_1431.srcs/sources_1/imports/1.431_srcs/modules/Multiplier_WORD.v:6]
INFO: [Synth 8-226] default block is never used [/home/khwl/Desktop/claude_RISCOF_RV-IM100/RV-IM100/RV32s/SoCs/RV32IM_7SP_BRAM_Opt/RV64IM72F_7SP_BRAM_Final_1431.srcs/sources_1/imports/1.431_srcs/modules/Multiplier_WORD.v:58]
INFO: [Synth 8-6155] done synthesizing module 'Multiplier_WORD' (0#1) [/home/khwl/Desktop/claude_RISCOF_RV-IM100/RV-IM100/RV32s/SoCs/RV32IM_7SP_BRAM_Opt/RV64IM72F_7SP_BRAM_Final_1431.srcs/sources_1/imports/1.431_srcs/modules/Multiplier_WORD.v:6]
INFO: [Synth 8-6157] synthesizing module 'Divider_WORD' [/home/khwl/Desktop/claude_RISCOF_RV-IM100/RV-IM100/RV32s/SoCs/RV32IM_7SP_BRAM_Opt/RV64IM72F_7SP_BRAM_Final_1431.srcs/sources_1/imports/1.431_srcs/modules/Divider_WORD.v:3]
INFO: [Synth 8-6155] done synthesizing module 'Divider_WORD' (0#1) [/home/khwl/Desktop/claude_RISCOF_RV-IM100/RV-IM100/RV32s/SoCs/RV32IM_7SP_BRAM_Opt/RV64IM72F_7SP_BRAM_Final_1431.srcs/sources_1/imports/1.431_srcs/modules/Divider_WORD.v:3]
INFO: [Synth 8-6155] done synthesizing module 'ALU' (0#1) [/home/khwl/Desktop/claude_RISCOF_RV-IM100/RV-IM100/RV32s/SoCs/RV32IM_7SP_BRAM_Opt/RV64IM72F_7SP_BRAM_Final_1431.srcs/sources_1/imports/1.431_srcs/modules/ALU.v:3]
INFO: [Synth 8-6157] synthesizing module 'ALUController' [/home/khwl/Desktop/claude_RISCOF_RV-IM100/RV-IM100/RV32s/SoCs/RV32IM_7SP_BRAM_Opt/RV64IM72F_7SP_BRAM_Final_1431.srcs/sources_1/imports/1.431_srcs/modules/ALU_Controller.v:9]
INFO: [Synth 8-226] default block is never used [/home/khwl/Desktop/claude_RISCOF_RV-IM100/RV-IM100/RV32s/SoCs/RV32IM_7SP_BRAM_Opt/RV64IM72F_7SP_BRAM_Final_1431.srcs/sources_1/imports/1.431_srcs/modules/ALU_Controller.v:113]
INFO: [Synth 8-226] default block is never used [/home/khwl/Desktop/claude_RISCOF_RV-IM100/RV-IM100/RV32s/SoCs/RV32IM_7SP_BRAM_Opt/RV64IM72F_7SP_BRAM_Final_1431.srcs/sources_1/imports/1.431_srcs/modules/ALU_Controller.v:135]
INFO: [Synth 8-226] default block is never used [/home/khwl/Desktop/claude_RISCOF_RV-IM100/RV-IM100/RV32s/SoCs/RV32IM_7SP_BRAM_Opt/RV64IM72F_7SP_BRAM_Final_1431.srcs/sources_1/imports/1.431_srcs/modules/ALU_Controller.v:149]
INFO: [Synth 8-6155] done synthesizing module 'ALUController' (0#1) [/home/khwl/Desktop/claude_RISCOF_RV-IM100/RV-IM100/RV32s/SoCs/RV32IM_7SP_BRAM_Opt/RV64IM72F_7SP_BRAM_Final_1431.srcs/sources_1/imports/1.431_srcs/modules/ALU_Controller.v:9]
INFO: [Synth 8-6157] synthesizing module 'BranchLogic' [/home/khwl/Desktop/claude_RISCOF_RV-IM100/RV-IM100/RV32s/SoCs/RV32IM_7SP_BRAM_Opt/RV64IM72F_7SP_BRAM_Final_1431.srcs/sources_1/imports/1.431_srcs/modules/Branch_Logic.v:3]
INFO: [Synth 8-6155] done synthesizing module 'BranchLogic' (0#1) [/home/khwl/Desktop/claude_RISCOF_RV-IM100/RV-IM100/RV32s/SoCs/RV32IM_7SP_BRAM_Opt/RV64IM72F_7SP_BRAM_Final_1431.srcs/sources_1/imports/1.431_srcs/modules/Branch_Logic.v:3]
INFO: [Synth 8-6157] synthesizing module 'BranchPredictor' [/home/khwl/Desktop/claude_RISCOF_RV-IM100/RV-IM100/RV32s/SoCs/RV32IM_7SP_BRAM_Opt/RV64IM72F_7SP_BRAM_Final_1431.srcs/sources_1/imports/1.431_srcs/modules/Branch_Predictor.v:3]
	Parameter XLEN bound to: 32 - type: integer 
INFO: [Synth 8-6155] done synthesizing module 'BranchPredictor' (0#1) [/home/khwl/Desktop/claude_RISCOF_RV-IM100/RV-IM100/RV32s/SoCs/RV32IM_7SP_BRAM_Opt/RV64IM72F_7SP_BRAM_Final_1431.srcs/sources_1/imports/1.431_srcs/modules/Branch_Predictor.v:3]
INFO: [Synth 8-6157] synthesizing module 'ByteEnableLogic' [/home/khwl/Desktop/claude_RISCOF_RV-IM100/RV-IM100/RV32s/SoCs/RV32IM_7SP_BRAM_Opt/RV64IM72F_7SP_BRAM_Final_1431.srcs/sources_1/imports/1.431_srcs/modules/Byte_Enable_Logic.v:4]
INFO: [Synth 8-6155] done synthesizing module 'ByteEnableLogic' (0#1) [/home/khwl/Desktop/claude_RISCOF_RV-IM100/RV-IM100/RV32s/SoCs/RV32IM_7SP_BRAM_Opt/RV64IM72F_7SP_BRAM_Final_1431.srcs/sources_1/imports/1.431_srcs/modules/Byte_Enable_Logic.v:4]
INFO: [Synth 8-6157] synthesizing module 'ControlUnit' [/home/khwl/Desktop/claude_RISCOF_RV-IM100/RV-IM100/RV32s/SoCs/RV32IM_7SP_BRAM_Opt/RV64IM72F_7SP_BRAM_Final_1431.srcs/sources_1/imports/1.431_srcs/modules/Control_Unit.v:7]
INFO: [Synth 8-6155] done synthesizing module 'ControlUnit' (0#1) [/home/khwl/Desktop/claude_RISCOF_RV-IM100/RV-IM100/RV32s/SoCs/RV32IM_7SP_BRAM_Opt/RV64IM72F_7SP_BRAM_Final_1431.srcs/sources_1/imports/1.431_srcs/modules/Control_Unit.v:7]
INFO: [Synth 8-6157] synthesizing module 'CSRFile' [/home/khwl/Desktop/claude_RISCOF_RV-IM100/RV-IM100/RV32s/SoCs/RV32IM_7SP_BRAM_Opt/RV64IM72F_7SP_BRAM_Final_1431.srcs/sources_1/imports/1.431_srcs/modules/CSR_File.v:3]
	Parameter XLEN bound to: 32 - type: integer 
INFO: [Synth 8-6155] done synthesizing module 'CSRFile' (0#1) [/home/khwl/Desktop/claude_RISCOF_RV-IM100/RV-IM100/RV32s/SoCs/RV32IM_7SP_BRAM_Opt/RV64IM72F_7SP_BRAM_Final_1431.srcs/sources_1/imports/1.431_srcs/modules/CSR_File.v:3]
INFO: [Synth 8-6157] synthesizing module 'DataMemory' [/home/khwl/Desktop/claude_RISCOF_RV-IM100/RV-IM100/RV32s/SoCs/RV32IM_7SP_BRAM_Opt/RV64IM72F_7SP_BRAM_Final_1431.srcs/sources_1/imports/1.431_srcs/modules/Data_Memory.v:1]
INFO: [Synth 8-6155] done synthesizing module 'DataMemory' (0#1) [/home/khwl/Desktop/claude_RISCOF_RV-IM100/RV-IM100/RV32s/SoCs/RV32IM_7SP_BRAM_Opt/RV64IM72F_7SP_BRAM_Final_1431.srcs/sources_1/imports/1.431_srcs/modules/Data_Memory.v:1]
WARNING: [Synth 8-7071] port 'rom_address' of module 'DataMemory' is unconnected for instance 'data_memory' [/home/khwl/Desktop/claude_RISCOF_RV-IM100/RV-IM100/RV32s/SoCs/RV32IM_7SP_BRAM_Opt/RV64IM72F_7SP_BRAM_Final_1431.srcs/sources_1/imports/1.431_srcs/modules/RV32IM72F_7SP.v:446]
WARNING: [Synth 8-7023] instance 'data_memory' of module 'DataMemory' has 11 connections declared, but only 10 given [/home/khwl/Desktop/claude_RISCOF_RV-IM100/RV-IM100/RV32s/SoCs/RV32IM_7SP_BRAM_Opt/RV64IM72F_7SP_BRAM_Final_1431.srcs/sources_1/imports/1.431_srcs/modules/RV32IM72F_7SP.v:446]
INFO: [Synth 8-6157] synthesizing module 'ExceptionDetector' [/home/khwl/Desktop/claude_RISCOF_RV-IM100/RV-IM100/RV32s/SoCs/RV32IM_7SP_BRAM_Opt/RV64IM72F_7SP_BRAM_Final_1431.srcs/sources_1/imports/1.431_srcs/modules/Exception_Detector.v:6]
INFO: [Synth 8-6155] done synthesizing module 'ExceptionDetector' (0#1) [/home/khwl/Desktop/claude_RISCOF_RV-IM100/RV-IM100/RV32s/SoCs/RV32IM_7SP_BRAM_Opt/RV64IM72F_7SP_BRAM_Final_1431.srcs/sources_1/imports/1.431_srcs/modules/Exception_Detector.v:6]
INFO: [Synth 8-6157] synthesizing module 'ForwardUnit' [/home/khwl/Desktop/claude_RISCOF_RV-IM100/RV-IM100/RV32s/SoCs/RV32IM_7SP_BRAM_Opt/RV64IM72F_7SP_BRAM_Final_1431.srcs/sources_1/imports/1.431_srcs/modules/Forward_Unit.v:3]
INFO: [Synth 8-6155] done synthesizing module 'ForwardUnit' (0#1) [/home/khwl/Desktop/claude_RISCOF_RV-IM100/RV-IM100/RV32s/SoCs/RV32IM_7SP_BRAM_Opt/RV64IM72F_7SP_BRAM_Final_1431.srcs/sources_1/imports/1.431_srcs/modules/Forward_Unit.v:3]
WARNING: [Synth 8-7071] port 'alu_forward_source_data_a' of module 'ForwardUnit' is unconnected for instance 'forward_unit' [/home/khwl/Desktop/claude_RISCOF_RV-IM100/RV-IM100/RV32s/SoCs/RV32IM_7SP_BRAM_Opt/RV64IM72F_7SP_BRAM_Final_1431.srcs/sources_1/imports/1.431_srcs/modules/RV32IM72F_7SP.v:489]
WARNING: [Synth 8-7071] port 'alu_forward_source_data_b' of module 'ForwardUnit' is unconnected for instance 'forward_unit' [/home/khwl/Desktop/claude_RISCOF_RV-IM100/RV-IM100/RV32s/SoCs/RV32IM_7SP_BRAM_Opt/RV64IM72F_7SP_BRAM_Final_1431.srcs/sources_1/imports/1.431_srcs/modules/RV32IM72F_7SP.v:489]
WARNING: [Synth 8-7071] port 'store_forward_data' of module 'ForwardUnit' is unconnected for instance 'forward_unit' [/home/khwl/Desktop/claude_RISCOF_RV-IM100/RV-IM100/RV32s/SoCs/RV32IM_7SP_BRAM_Opt/RV64IM72F_7SP_BRAM_Final_1431.srcs/sources_1/imports/1.431_srcs/modules/RV32IM72F_7SP.v:489]
WARNING: [Synth 8-7023] instance 'forward_unit' of module 'ForwardUnit' has 34 connections declared, but only 31 given [/home/khwl/Desktop/claude_RISCOF_RV-IM100/RV-IM100/RV32s/SoCs/RV32IM_7SP_BRAM_Opt/RV64IM72F_7SP_BRAM_Final_1431.srcs/sources_1/imports/1.431_srcs/modules/RV32IM72F_7SP.v:489]
INFO: [Synth 8-6157] synthesizing module 'HazardUnit' [/home/khwl/Desktop/claude_RISCOF_RV-IM100/RV-IM100/RV32s/SoCs/RV32IM_7SP_BRAM_Opt/RV64IM72F_7SP_BRAM_Final_1431.srcs/sources_1/imports/1.431_srcs/modules/Hazard_Unit.v:5]
INFO: [Synth 8-6155] done synthesizing module 'HazardUnit' (0#1) [/home/khwl/Desktop/claude_RISCOF_RV-IM100/RV-IM100/RV32s/SoCs/RV32IM_7SP_BRAM_Opt/RV64IM72F_7SP_BRAM_Final_1431.srcs/sources_1/imports/1.431_srcs/modules/Hazard_Unit.v:5]
INFO: [Synth 8-6157] synthesizing module 'ImmediateGenerator' [/home/khwl/Desktop/claude_RISCOF_RV-IM100/RV-IM100/RV32s/SoCs/RV32IM_7SP_BRAM_Opt/RV64IM72F_7SP_BRAM_Final_1431.srcs/sources_1/imports/1.431_srcs/modules/Immediate_Generator.v:3]
INFO: [Synth 8-6155] done synthesizing module 'ImmediateGenerator' (0#1) [/home/khwl/Desktop/claude_RISCOF_RV-IM100/RV-IM100/RV32s/SoCs/RV32IM_7SP_BRAM_Opt/RV64IM72F_7SP_BRAM_Final_1431.srcs/sources_1/imports/1.431_srcs/modules/Immediate_Generator.v:3]
INFO: [Synth 8-6157] synthesizing module 'InstructionDecoder' [/home/khwl/Desktop/claude_RISCOF_RV-IM100/RV-IM100/RV32s/SoCs/RV32IM_7SP_BRAM_Opt/RV64IM72F_7SP_BRAM_Final_1431.srcs/sources_1/imports/1.431_srcs/modules/Instruction_Decoder.v:4]
INFO: [Synth 8-6155] done synthesizing module 'InstructionDecoder' (0#1) [/home/khwl/Desktop/claude_RISCOF_RV-IM100/RV-IM100/RV32s/SoCs/RV32IM_7SP_BRAM_Opt/RV64IM72F_7SP_BRAM_Final_1431.srcs/sources_1/imports/1.431_srcs/modules/Instruction_Decoder.v:4]
INFO: [Synth 8-6157] synthesizing module 'InstructionMemory' [/home/khwl/Desktop/claude_RISCOF_RV-IM100/RV-IM100/RV32s/SoCs/RV32IM_7SP_BRAM_Opt/RV64IM72F_7SP_BRAM_Final_1431.srcs/sources_1/imports/1.431_srcs/modules/Instruction_Memory.v:10]
INFO: [Synth 8-3876] $readmem data file './dhrystone_RV32IM_90.90909MHz.mem' is read successfully [/home/khwl/Desktop/claude_RISCOF_RV-IM100/RV-IM100/RV32s/SoCs/RV32IM_7SP_BRAM_Opt/RV64IM72F_7SP_BRAM_Final_1431.srcs/sources_1/imports/1.431_srcs/modules/Instruction_Memory.v:45]
INFO: [Synth 8-6155] done synthesizing module 'InstructionMemory' (0#1) [/home/khwl/Desktop/claude_RISCOF_RV-IM100/RV-IM100/RV32s/SoCs/RV32IM_7SP_BRAM_Opt/RV64IM72F_7SP_BRAM_Final_1431.srcs/sources_1/imports/1.431_srcs/modules/Instruction_Memory.v:10]
INFO: [Synth 8-6157] synthesizing module 'ProgramCounter' [/home/khwl/Desktop/claude_RISCOF_RV-IM100/RV-IM100/RV32s/SoCs/RV32IM_7SP_BRAM_Opt/RV64IM72F_7SP_BRAM_Final_1431.srcs/sources_1/imports/1.431_srcs/modules/Program_Counter.v:1]
INFO: [Synth 8-6155] done synthesizing module 'ProgramCounter' (0#1) [/home/khwl/Desktop/claude_RISCOF_RV-IM100/RV-IM100/RV32s/SoCs/RV32IM_7SP_BRAM_Opt/RV64IM72F_7SP_BRAM_Final_1431.srcs/sources_1/imports/1.431_srcs/modules/Program_Counter.v:1]
INFO: [Synth 8-6157] synthesizing module 'PCPlus4' [/home/khwl/Desktop/claude_RISCOF_RV-IM100/RV-IM100/RV32s/SoCs/RV32IM_7SP_BRAM_Opt/RV64IM72F_7SP_BRAM_Final_1431.srcs/sources_1/imports/1.431_srcs/modules/PC_Plus_4.v:1]
INFO: [Synth 8-6155] done synthesizing module 'PCPlus4' (0#1) [/home/khwl/Desktop/claude_RISCOF_RV-IM100/RV-IM100/RV32s/SoCs/RV32IM_7SP_BRAM_Opt/RV64IM72F_7SP_BRAM_Final_1431.srcs/sources_1/imports/1.431_srcs/modules/PC_Plus_4.v:1]
INFO: [Synth 8-6157] synthesizing module 'PCController' [/home/khwl/Desktop/claude_RISCOF_RV-IM100/RV-IM100/RV32s/SoCs/RV32IM_7SP_BRAM_Opt/RV64IM72F_7SP_BRAM_Final_1431.srcs/sources_1/imports/1.431_srcs/modules/PC_Controller.v:1]
INFO: [Synth 8-6155] done synthesizing module 'PCController' (0#1) [/home/khwl/Desktop/claude_RISCOF_RV-IM100/RV-IM100/RV32s/SoCs/RV32IM_7SP_BRAM_Opt/RV64IM72F_7SP_BRAM_Final_1431.srcs/sources_1/imports/1.431_srcs/modules/PC_Controller.v:1]
INFO: [Synth 8-6157] synthesizing module 'RegisterFile' [/home/khwl/Desktop/claude_RISCOF_RV-IM100/RV-IM100/RV32s/SoCs/RV32IM_7SP_BRAM_Opt/RV64IM72F_7SP_BRAM_Final_1431.srcs/sources_1/imports/1.431_srcs/modules/Register_File.v:1]
INFO: [Synth 8-6155] done synthesizing module 'RegisterFile' (0#1) [/home/khwl/Desktop/claude_RISCOF_RV-IM100/RV-IM100/RV32s/SoCs/RV32IM_7SP_BRAM_Opt/RV64IM72F_7SP_BRAM_Final_1431.srcs/sources_1/imports/1.431_srcs/modules/Register_File.v:1]
INFO: [Synth 8-6157] synthesizing module 'TrapController' [/home/khwl/Desktop/claude_RISCOF_RV-IM100/RV-IM100/RV32s/SoCs/RV32IM_7SP_BRAM_Opt/RV64IM72F_7SP_BRAM_Final_1431.srcs/sources_1/imports/1.431_srcs/modules/Trap_Controller.v:3]
	Parameter XLEN bound to: 32 - type: integer 
INFO: [Synth 8-6155] done synthesizing module 'TrapController' (0#1) [/home/khwl/Desktop/claude_RISCOF_RV-IM100/RV-IM100/RV32s/SoCs/RV32IM_7SP_BRAM_Opt/RV64IM72F_7SP_BRAM_Final_1431.srcs/sources_1/imports/1.431_srcs/modules/Trap_Controller.v:3]
WARNING: [Synth 8-7071] port 'ic_clean' of module 'TrapController' is unconnected for instance 'trap_controller' [/home/khwl/Desktop/claude_RISCOF_RV-IM100/RV-IM100/RV32s/SoCs/RV32IM_7SP_BRAM_Opt/RV64IM72F_7SP_BRAM_Final_1431.srcs/sources_1/imports/1.431_srcs/modules/RV32IM72F_7SP.v:669]
WARNING: [Synth 8-7023] instance 'trap_controller' of module 'TrapController' has 21 connections declared, but only 20 given [/home/khwl/Desktop/claude_RISCOF_RV-IM100/RV-IM100/RV32s/SoCs/RV32IM_7SP_BRAM_Opt/RV64IM72F_7SP_BRAM_Final_1431.srcs/sources_1/imports/1.431_srcs/modules/RV32IM72F_7SP.v:669]
INFO: [Synth 8-6157] synthesizing module 'IF_IO_Register' [/home/khwl/Desktop/claude_RISCOF_RV-IM100/RV-IM100/RV32s/SoCs/RV32IM_7SP_BRAM_Opt/RV64IM72F_7SP_BRAM_Final_1431.srcs/sources_1/imports/1.431_srcs/modules/IF_IO_Register.v:3]
	Parameter XLEN bound to: 32 - type: integer 
INFO: [Synth 8-6155] done synthesizing module 'IF_IO_Register' (0#1) [/home/khwl/Desktop/claude_RISCOF_RV-IM100/RV-IM100/RV32s/SoCs/RV32IM_7SP_BRAM_Opt/RV64IM72F_7SP_BRAM_Final_1431.srcs/sources_1/imports/1.431_srcs/modules/IF_IO_Register.v:3]
INFO: [Synth 8-6157] synthesizing module 'IO_ID_Register' [/home/khwl/Desktop/claude_RISCOF_RV-IM100/RV-IM100/RV32s/SoCs/RV32IM_7SP_BRAM_Opt/RV64IM72F_7SP_BRAM_Final_1431.srcs/sources_1/imports/1.431_srcs/modules/IO_ID_Register.v:1]
	Parameter XLEN bound to: 32 - type: integer 
INFO: [Synth 8-6155] done synthesizing module 'IO_ID_Register' (0#1) [/home/khwl/Desktop/claude_RISCOF_RV-IM100/RV-IM100/RV32s/SoCs/RV32IM_7SP_BRAM_Opt/RV64IM72F_7SP_BRAM_Final_1431.srcs/sources_1/imports/1.431_srcs/modules/IO_ID_Register.v:1]
INFO: [Synth 8-6157] synthesizing module 'ID_EX_Register' [/home/khwl/Desktop/claude_RISCOF_RV-IM100/RV-IM100/RV32s/SoCs/RV32IM_7SP_BRAM_Opt/RV64IM72F_7SP_BRAM_Final_1431.srcs/sources_1/imports/1.431_srcs/modules/ID_EX_Register.v:1]
	Parameter XLEN bound to: 32 - type: integer 
INFO: [Synth 8-6155] done synthesizing module 'ID_EX_Register' (0#1) [/home/khwl/Desktop/claude_RISCOF_RV-IM100/RV-IM100/RV32s/SoCs/RV32IM_7SP_BRAM_Opt/RV64IM72F_7SP_BRAM_Final_1431.srcs/sources_1/imports/1.431_srcs/modules/ID_EX_Register.v:1]
INFO: [Synth 8-6157] synthesizing module 'EX_EX2_Register' [/home/khwl/Desktop/claude_RISCOF_RV-IM100/RV-IM100/RV32s/SoCs/RV32IM_7SP_BRAM_Opt/RV64IM72F_7SP_BRAM_Final_1431.srcs/sources_1/imports/1.431_srcs/modules/EX_EX2_Register.v:1]
	Parameter XLEN bound to: 32 - type: integer 
INFO: [Synth 8-6155] done synthesizing module 'EX_EX2_Register' (0#1) [/home/khwl/Desktop/claude_RISCOF_RV-IM100/RV-IM100/RV32s/SoCs/RV32IM_7SP_BRAM_Opt/RV64IM72F_7SP_BRAM_Final_1431.srcs/sources_1/imports/1.431_srcs/modules/EX_EX2_Register.v:1]
WARNING: [Synth 8-7071] port 'EX_alu_zero' of module 'EX_EX2_Register' is unconnected for instance 'ex_ex2_register' [/home/khwl/Desktop/claude_RISCOF_RV-IM100/RV-IM100/RV32s/SoCs/RV32IM_7SP_BRAM_Opt/RV64IM72F_7SP_BRAM_Final_1431.srcs/sources_1/imports/1.431_srcs/modules/RV32IM72F_7SP.v:807]
WARNING: [Synth 8-7071] port 'EX2_alu_zero' of module 'EX_EX2_Register' is unconnected for instance 'ex_ex2_register' [/home/khwl/Desktop/claude_RISCOF_RV-IM100/RV-IM100/RV32s/SoCs/RV32IM_7SP_BRAM_Opt/RV64IM72F_7SP_BRAM_Final_1431.srcs/sources_1/imports/1.431_srcs/modules/RV32IM72F_7SP.v:807]
WARNING: [Synth 8-7023] instance 'ex_ex2_register' of module 'EX_EX2_Register' has 54 connections declared, but only 52 given [/home/khwl/Desktop/claude_RISCOF_RV-IM100/RV-IM100/RV32s/SoCs/RV32IM_7SP_BRAM_Opt/RV64IM72F_7SP_BRAM_Final_1431.srcs/sources_1/imports/1.431_srcs/modules/RV32IM72F_7SP.v:807]
INFO: [Synth 8-6157] synthesizing module 'EX_MEM_Register' [/home/khwl/Desktop/claude_RISCOF_RV-IM100/RV-IM100/RV32s/SoCs/RV32IM_7SP_BRAM_Opt/RV64IM72F_7SP_BRAM_Final_1431.srcs/sources_1/imports/1.431_srcs/modules/EX_MEM_Register.v:1]
	Parameter XLEN bound to: 32 - type: integer 
INFO: [Synth 8-6155] done synthesizing module 'EX_MEM_Register' (0#1) [/home/khwl/Desktop/claude_RISCOF_RV-IM100/RV-IM100/RV32s/SoCs/RV32IM_7SP_BRAM_Opt/RV64IM72F_7SP_BRAM_Final_1431.srcs/sources_1/imports/1.431_srcs/modules/EX_MEM_Register.v:1]
INFO: [Synth 8-6157] synthesizing module 'MEM_WB_Register' [/home/khwl/Desktop/claude_RISCOF_RV-IM100/RV-IM100/RV32s/SoCs/RV32IM_7SP_BRAM_Opt/RV64IM72F_7SP_BRAM_Final_1431.srcs/sources_1/imports/1.431_srcs/modules/MEM_WB_Register.v:1]
	Parameter XLEN bound to: 32 - type: integer 
INFO: [Synth 8-6155] done synthesizing module 'MEM_WB_Register' (0#1) [/home/khwl/Desktop/claude_RISCOF_RV-IM100/RV-IM100/RV32s/SoCs/RV32IM_7SP_BRAM_Opt/RV64IM72F_7SP_BRAM_Final_1431.srcs/sources_1/imports/1.431_srcs/modules/MEM_WB_Register.v:1]
INFO: [Synth 8-6155] done synthesizing module 'RV32IM72F7SP' (0#1) [/home/khwl/Desktop/claude_RISCOF_RV-IM100/RV-IM100/RV32s/SoCs/RV32IM_7SP_BRAM_Opt/RV64IM72F_7SP_BRAM_Final_1431.srcs/sources_1/imports/1.431_srcs/modules/RV32IM72F_7SP.v:7]
INFO: [Synth 8-6155] done synthesizing module 'RV32IM72F7SPSoCTOP' (0#1) [/home/khwl/Desktop/claude_RISCOF_RV-IM100/RV-IM100/RV32s/SoCs/RV32IM_7SP_BRAM_Opt/RV64IM72F_7SP_BRAM_Final_1431.srcs/sources_1/imports/1.431_srcs/modules/72F6SP_SoC_TOP.v:1]
WARNING: [Synth 8-7137] Register divisor_latch_reg in module Divider_WORD has both Set and reset with same priority. This may cause simulation mismatches. Consider rewriting code  [/home/khwl/Desktop/claude_RISCOF_RV-IM100/RV-IM100/RV32s/SoCs/RV32IM_7SP_BRAM_Opt/RV64IM72F_7SP_BRAM_Final_1431.srcs/sources_1/imports/1.431_srcs/modules/Divider_WORD.v:84]
WARNING: [Synth 8-6014] Unused sequential element branch_prediction_reg was removed.  [/home/khwl/Desktop/claude_RISCOF_RV-IM100/RV-IM100/RV32s/SoCs/RV32IM_7SP_BRAM_Opt/RV64IM72F_7SP_BRAM_Final_1431.srcs/sources_1/imports/1.431_srcs/modules/Branch_Predictor.v:35]
WARNING: [Synth 8-3848] Net alu_forward_source_data_a in module/entity ForwardUnit does not have driver. [/home/khwl/Desktop/claude_RISCOF_RV-IM100/RV-IM100/RV32s/SoCs/RV32IM_7SP_BRAM_Opt/RV64IM72F_7SP_BRAM_Final_1431.srcs/sources_1/imports/1.431_srcs/modules/Forward_Unit.v:43]
WARNING: [Synth 8-3848] Net alu_forward_source_data_b in module/entity ForwardUnit does not have driver. [/home/khwl/Desktop/claude_RISCOF_RV-IM100/RV-IM100/RV32s/SoCs/RV32IM_7SP_BRAM_Opt/RV64IM72F_7SP_BRAM_Final_1431.srcs/sources_1/imports/1.431_srcs/modules/Forward_Unit.v:44]
WARNING: [Synth 8-3848] Net store_forward_data in module/entity ForwardUnit does not have driver. [/home/khwl/Desktop/claude_RISCOF_RV-IM100/RV-IM100/RV32s/SoCs/RV32IM_7SP_BRAM_Opt/RV64IM72F_7SP_BRAM_Final_1431.srcs/sources_1/imports/1.431_srcs/modules/Forward_Unit.v:52]
WARNING: [Synth 8-7129] Port EX2_opcode[6] in module IF_IO_Register is either unconnected or has no load
WARNING: [Synth 8-7129] Port EX2_opcode[5] in module IF_IO_Register is either unconnected or has no load
WARNING: [Synth 8-7129] Port EX2_opcode[4] in module IF_IO_Register is either unconnected or has no load
WARNING: [Synth 8-7129] Port EX2_opcode[3] in module IF_IO_Register is either unconnected or has no load
WARNING: [Synth 8-7129] Port EX2_opcode[2] in module IF_IO_Register is either unconnected or has no load
WARNING: [Synth 8-7129] Port EX2_opcode[1] in module IF_IO_Register is either unconnected or has no load
WARNING: [Synth 8-7129] Port EX2_opcode[0] in module IF_IO_Register is either unconnected or has no load
WARNING: [Synth 8-7129] Port load_use_hazard in module IF_IO_Register is either unconnected or has no load
WARNING: [Synth 8-7129] Port ID_pc[31] in module TrapController is either unconnected or has no load
WARNING: [Synth 8-7129] Port ID_pc[30] in module TrapController is either unconnected or has no load
WARNING: [Synth 8-7129] Port ID_pc[29] in module TrapController is either unconnected or has no load
WARNING: [Synth 8-7129] Port ID_pc[28] in module TrapController is either unconnected or has no load
WARNING: [Synth 8-7129] Port ID_pc[27] in module TrapController is either unconnected or has no load
WARNING: [Synth 8-7129] Port ID_pc[26] in module TrapController is either unconnected or has no load
WARNING: [Synth 8-7129] Port ID_pc[25] in module TrapController is either unconnected or has no load
WARNING: [Synth 8-7129] Port ID_pc[24] in module TrapController is either unconnected or has no load
WARNING: [Synth 8-7129] Port ID_pc[23] in module TrapController is either unconnected or has no load
WARNING: [Synth 8-7129] Port ID_pc[22] in module TrapController is either unconnected or has no load
WARNING: [Synth 8-7129] Port ID_pc[21] in module TrapController is either unconnected or has no load
WARNING: [Synth 8-7129] Port ID_pc[20] in module TrapController is either unconnected or has no load
WARNING: [Synth 8-7129] Port ID_pc[19] in module TrapController is either unconnected or has no load
WARNING: [Synth 8-7129] Port ID_pc[18] in module TrapController is either unconnected or has no load
WARNING: [Synth 8-7129] Port ID_pc[17] in module TrapController is either unconnected or has no load
WARNING: [Synth 8-7129] Port ID_pc[16] in module TrapController is either unconnected or has no load
WARNING: [Synth 8-7129] Port ID_pc[15] in module TrapController is either unconnected or has no load
WARNING: [Synth 8-7129] Port ID_pc[14] in module TrapController is either unconnected or has no load
WARNING: [Synth 8-7129] Port ID_pc[13] in module TrapController is either unconnected or has no load
WARNING: [Synth 8-7129] Port ID_pc[12] in module TrapController is either unconnected or has no load
WARNING: [Synth 8-7129] Port ID_pc[11] in module TrapController is either unconnected or has no load
WARNING: [Synth 8-7129] Port ID_pc[10] in module TrapController is either unconnected or has no load
WARNING: [Synth 8-7129] Port ID_pc[9] in module TrapController is either unconnected or has no load
WARNING: [Synth 8-7129] Port ID_pc[8] in module TrapController is either unconnected or has no load
WARNING: [Synth 8-7129] Port ID_pc[7] in module TrapController is either unconnected or has no load
WARNING: [Synth 8-7129] Port ID_pc[6] in module TrapController is either unconnected or has no load
WARNING: [Synth 8-7129] Port ID_pc[5] in module TrapController is either unconnected or has no load
WARNING: [Synth 8-7129] Port ID_pc[4] in module TrapController is either unconnected or has no load
WARNING: [Synth 8-7129] Port ID_pc[3] in module TrapController is either unconnected or has no load
WARNING: [Synth 8-7129] Port ID_pc[2] in module TrapController is either unconnected or has no load
WARNING: [Synth 8-7129] Port ID_pc[1] in module TrapController is either unconnected or has no load
WARNING: [Synth 8-7129] Port ID_pc[0] in module TrapController is either unconnected or has no load
WARNING: [Synth 8-7129] Port EX2_pc[31] in module TrapController is either unconnected or has no load
WARNING: [Synth 8-7129] Port EX2_pc[30] in module TrapController is either unconnected or has no load
WARNING: [Synth 8-7129] Port EX2_pc[29] in module TrapController is either unconnected or has no load
WARNING: [Synth 8-7129] Port EX2_pc[28] in module TrapController is either unconnected or has no load
WARNING: [Synth 8-7129] Port EX2_pc[27] in module TrapController is either unconnected or has no load
WARNING: [Synth 8-7129] Port EX2_pc[26] in module TrapController is either unconnected or has no load
WARNING: [Synth 8-7129] Port EX2_pc[25] in module TrapController is either unconnected or has no load
WARNING: [Synth 8-7129] Port EX2_pc[24] in module TrapController is either unconnected or has no load
WARNING: [Synth 8-7129] Port EX2_pc[23] in module TrapController is either unconnected or has no load
WARNING: [Synth 8-7129] Port EX2_pc[22] in module TrapController is either unconnected or has no load
WARNING: [Synth 8-7129] Port EX2_pc[21] in module TrapController is either unconnected or has no load
WARNING: [Synth 8-7129] Port EX2_pc[20] in module TrapController is either unconnected or has no load
WARNING: [Synth 8-7129] Port EX2_pc[19] in module TrapController is either unconnected or has no load
WARNING: [Synth 8-7129] Port EX2_pc[18] in module TrapController is either unconnected or has no load
WARNING: [Synth 8-7129] Port EX2_pc[17] in module TrapController is either unconnected or has no load
WARNING: [Synth 8-7129] Port EX2_pc[16] in module TrapController is either unconnected or has no load
WARNING: [Synth 8-7129] Port EX2_pc[15] in module TrapController is either unconnected or has no load
WARNING: [Synth 8-7129] Port EX2_pc[14] in module TrapController is either unconnected or has no load
WARNING: [Synth 8-7129] Port EX2_pc[13] in module TrapController is either unconnected or has no load
WARNING: [Synth 8-7129] Port EX2_pc[12] in module TrapController is either unconnected or has no load
WARNING: [Synth 8-7129] Port EX2_pc[11] in module TrapController is either unconnected or has no load
WARNING: [Synth 8-7129] Port EX2_pc[10] in module TrapController is either unconnected or has no load
WARNING: [Synth 8-7129] Port EX2_pc[9] in module TrapController is either unconnected or has no load
WARNING: [Synth 8-7129] Port EX2_pc[8] in module TrapController is either unconnected or has no load
WARNING: [Synth 8-7129] Port EX2_pc[7] in module TrapController is either unconnected or has no load
WARNING: [Synth 8-7129] Port EX2_pc[6] in module TrapController is either unconnected or has no load
WARNING: [Synth 8-7129] Port EX2_pc[5] in module TrapController is either unconnected or has no load
WARNING: [Synth 8-7129] Port EX2_pc[4] in module TrapController is either unconnected or has no load
WARNING: [Synth 8-7129] Port EX2_pc[3] in module TrapController is either unconnected or has no load
WARNING: [Synth 8-7129] Port EX2_pc[2] in module TrapController is either unconnected or has no load
WARNING: [Synth 8-7129] Port EX2_pc[1] in module TrapController is either unconnected or has no load
WARNING: [Synth 8-7129] Port EX2_pc[0] in module TrapController is either unconnected or has no load
WARNING: [Synth 8-7129] Port WB_pc[31] in module TrapController is either unconnected or has no load
WARNING: [Synth 8-7129] Port WB_pc[30] in module TrapController is either unconnected or has no load
WARNING: [Synth 8-7129] Port WB_pc[29] in module TrapController is either unconnected or has no load
WARNING: [Synth 8-7129] Port WB_pc[28] in module TrapController is either unconnected or has no load
WARNING: [Synth 8-7129] Port WB_pc[27] in module TrapController is either unconnected or has no load
WARNING: [Synth 8-7129] Port WB_pc[26] in module TrapController is either unconnected or has no load
WARNING: [Synth 8-7129] Port WB_pc[25] in module TrapController is either unconnected or has no load
WARNING: [Synth 8-7129] Port WB_pc[24] in module TrapController is either unconnected or has no load
WARNING: [Synth 8-7129] Port WB_pc[23] in module TrapController is either unconnected or has no load
WARNING: [Synth 8-7129] Port WB_pc[22] in module TrapController is either unconnected or has no load
WARNING: [Synth 8-7129] Port WB_pc[21] in module TrapController is either unconnected or has no load
WARNING: [Synth 8-7129] Port WB_pc[20] in module TrapController is either unconnected or has no load
WARNING: [Synth 8-7129] Port WB_pc[19] in module TrapController is either unconnected or has no load
WARNING: [Synth 8-7129] Port WB_pc[18] in module TrapController is either unconnected or has no load
WARNING: [Synth 8-7129] Port WB_pc[17] in module TrapController is either unconnected or has no load
WARNING: [Synth 8-7129] Port WB_pc[16] in module TrapController is either unconnected or has no load
WARNING: [Synth 8-7129] Port WB_pc[15] in module TrapController is either unconnected or has no load
WARNING: [Synth 8-7129] Port WB_pc[14] in module TrapController is either unconnected or has no load
WARNING: [Synth 8-7129] Port WB_pc[13] in module TrapController is either unconnected or has no load
WARNING: [Synth 8-7129] Port WB_pc[12] in module TrapController is either unconnected or has no load
WARNING: [Synth 8-7129] Port WB_pc[11] in module TrapController is either unconnected or has no load
WARNING: [Synth 8-7129] Port WB_pc[10] in module TrapController is either unconnected or has no load
WARNING: [Synth 8-7129] Port WB_pc[9] in module TrapController is either unconnected or has no load
WARNING: [Synth 8-7129] Port WB_pc[8] in module TrapController is either unconnected or has no load
WARNING: [Synth 8-7129] Port WB_pc[7] in module TrapController is either unconnected or has no load
WARNING: [Synth 8-7129] Port WB_pc[6] in module TrapController is either unconnected or has no load
WARNING: [Synth 8-7129] Port WB_pc[5] in module TrapController is either unconnected or has no load
WARNING: [Synth 8-7129] Port WB_pc[4] in module TrapController is either unconnected or has no load
INFO: [Common 17-14] Message 'Synth 8-7129' appears 100 times and further instances of the messages will be disabled. Use the Tcl command set_msg_config to change the current settings.
---------------------------------------------------------------------------------
Finished RTL Elaboration : Time (s): cpu = 00:00:04 ; elapsed = 00:00:04 . Memory (MB): peak = 2387.230 ; gain = 618.812 ; free physical = 12812 ; free virtual = 27557
---------------------------------------------------------------------------------
---------------------------------------------------------------------------------
Start Handling Custom Attributes
---------------------------------------------------------------------------------
---------------------------------------------------------------------------------
Finished Handling Custom Attributes : Time (s): cpu = 00:00:04 ; elapsed = 00:00:04 . Memory (MB): peak = 2396.137 ; gain = 627.719 ; free physical = 12809 ; free virtual = 27554
---------------------------------------------------------------------------------
---------------------------------------------------------------------------------
Finished RTL Optimization Phase 1 : Time (s): cpu = 00:00:04 ; elapsed = 00:00:04 . Memory (MB): peak = 2396.137 ; gain = 627.719 ; free physical = 12809 ; free virtual = 27554
---------------------------------------------------------------------------------
Netlist sorting complete. Time (s): cpu = 00:00:00.02 ; elapsed = 00:00:00.03 . Memory (MB): peak = 2396.137 ; gain = 0.000 ; free physical = 12809 ; free virtual = 27554
INFO: [Project 1-570] Preparing netlist for logic optimization

Processing XDC Constraints
Initializing timing engine
Parsing XDC File [/home/khwl/Desktop/claude_RISCOF_RV-IM100/RV-IM100/RV32s/SoCs/RV32IM_7SP_BRAM_Opt/RV64IM72F_7SP_BRAM_Final_1431.gen/sources_1/ip/clk_wiz_0/clk_wiz_0/clk_wiz_0_in_context.xdc] for cell 'clk_gen'
Finished Parsing XDC File [/home/khwl/Desktop/claude_RISCOF_RV-IM100/RV-IM100/RV32s/SoCs/RV32IM_7SP_BRAM_Opt/RV64IM72F_7SP_BRAM_Final_1431.gen/sources_1/ip/clk_wiz_0/clk_wiz_0/clk_wiz_0_in_context.xdc] for cell 'clk_gen'
Parsing XDC File [/home/khwl/Desktop/claude_RISCOF_RV-IM100/RV-IM100/RV32s/SoCs/RV32IM_7SP_BRAM_Opt/RV64IM72F_7SP_BRAM_Final_1431.srcs/constrs_1/imports/1.431_srcs/RV64IM72F_5SP_Debug_XDC.xdc]
Finished Parsing XDC File [/home/khwl/Desktop/claude_RISCOF_RV-IM100/RV-IM100/RV32s/SoCs/RV32IM_7SP_BRAM_Opt/RV64IM72F_7SP_BRAM_Final_1431.srcs/constrs_1/imports/1.431_srcs/RV64IM72F_5SP_Debug_XDC.xdc]
INFO: [Project 1-236] Implementation specific constraints were found while reading constraint file [/home/khwl/Desktop/claude_RISCOF_RV-IM100/RV-IM100/RV32s/SoCs/RV32IM_7SP_BRAM_Opt/RV64IM72F_7SP_BRAM_Final_1431.srcs/constrs_1/imports/1.431_srcs/RV64IM72F_5SP_Debug_XDC.xdc]. These constraints will be ignored for synthesis but will be used in implementation. Impacted constraints are listed in the file [.Xil/RV32IM72F7SPSoCTOP_propImpl.xdc].
Resolution: To avoid this warning, move constraints listed in [.Xil/RV32IM72F7SPSoCTOP_propImpl.xdc] to another XDC file and exclude this new file from synthesis with the used_in_synthesis property (File Properties dialog in GUI) and re-run elaboration/synthesis.
Completed Processing XDC Constraints

Netlist sorting complete. Time (s): cpu = 00:00:00 ; elapsed = 00:00:00 . Memory (MB): peak = 2497.875 ; gain = 0.000 ; free physical = 12755 ; free virtual = 27482
INFO: [Project 1-111] Unisim Transformation Summary:
No Unisim elements were transformed.

Constraint Validation Runtime : Time (s): cpu = 00:00:00.01 ; elapsed = 00:00:00.01 . Memory (MB): peak = 2497.910 ; gain = 0.000 ; free physical = 12755 ; free virtual = 27482
INFO: [Designutils 20-5440] No compile time benefit to using incremental synthesis; A full resynthesis will be run
INFO: [Designutils 20-4379] Flow is switching to default flow due to incremental criteria not met. If you would like to alter this behaviour and have the flow terminate instead, please set the following parameter config_implementation {autoIncr.Synth.RejectBehavior Terminate}
---------------------------------------------------------------------------------
Finished Constraint Validation : Time (s): cpu = 00:00:08 ; elapsed = 00:00:08 . Memory (MB): peak = 2497.910 ; gain = 729.492 ; free physical = 12802 ; free virtual = 27513
---------------------------------------------------------------------------------
---------------------------------------------------------------------------------
Start Loading Part and Timing Information
---------------------------------------------------------------------------------
Loading part: xc7a200tsbg484-1
---------------------------------------------------------------------------------
Finished Loading Part and Timing Information : Time (s): cpu = 00:00:08 ; elapsed = 00:00:08 . Memory (MB): peak = 2505.879 ; gain = 737.461 ; free physical = 12801 ; free virtual = 27512
---------------------------------------------------------------------------------
---------------------------------------------------------------------------------
Start Applying 'set_property' XDC Constraints
---------------------------------------------------------------------------------
---------------------------------------------------------------------------------
Finished applying 'set_property' XDC Constraints : Time (s): cpu = 00:00:08 ; elapsed = 00:00:08 . Memory (MB): peak = 2505.879 ; gain = 737.461 ; free physical = 12801 ; free virtual = 27512
---------------------------------------------------------------------------------
INFO: [Synth 8-802] inferred FSM for state register 'stage_reg' in module 'Multiplier_WORD'
INFO: [Synth 8-802] inferred FSM for state register 'state_reg' in module 'Divider_WORD'
INFO: [Synth 8-802] inferred FSM for state register 'trap_handle_state_reg' in module 'TrapController'
---------------------------------------------------------------------------------------------------
                   State |                     New Encoding |                Previous Encoding 
---------------------------------------------------------------------------------------------------
                  iSTATE |                             0001 |                               00
                 iSTATE0 |                             0010 |                               01
                 iSTATE1 |                             0100 |                               10
                 iSTATE2 |                             1000 |                               11
---------------------------------------------------------------------------------------------------
INFO: [Synth 8-3354] encoded FSM with state register 'stage_reg' using encoding 'one-hot' in module 'Multiplier_WORD'
---------------------------------------------------------------------------------------------------
                   State |                     New Encoding |                Previous Encoding 
---------------------------------------------------------------------------------------------------
                    IDLE |                             0001 |                              000
              INITIALIZE |                             0010 |                              001
               CALCULATE |                             0100 |                              010
                FINALIZE |                             1000 |                              011
---------------------------------------------------------------------------------------------------
INFO: [Synth 8-3354] encoded FSM with state register 'state_reg' using encoding 'one-hot' in module 'Divider_WORD'
---------------------------------------------------------------------------------------------------
                   State |                     New Encoding |                Previous Encoding 
---------------------------------------------------------------------------------------------------
                    IDLE |                      00000000001 |                             0000
               READ_MEPC |                      00000000010 |                             0100
             RETURN_MRET |                      00000000100 |                             0110
             MEM_STANDBY |                      00000001000 |                             0111
              WB_STANDBY |                      00000010000 |                             1000
            RTRE_STANDBY |                      00000100000 |                             1001
        ECALL_MEPC_WRITE |                      00001000000 |                             1010
              WRITE_MEPC |                      00010000000 |                             0001
            WRITE_MCAUSE |                      00100000000 |                             0010
              READ_MTVEC |                      01000000000 |                             0011
              GOTO_MTVEC |                      10000000000 |                             0101
---------------------------------------------------------------------------------------------------
INFO: [Synth 8-3354] encoded FSM with state register 'trap_handle_state_reg' using encoding 'one-hot' in module 'TrapController'
---------------------------------------------------------------------------------
Finished RTL Optimization Phase 2 : Time (s): cpu = 00:00:09 ; elapsed = 00:00:09 . Memory (MB): peak = 2505.879 ; gain = 737.461 ; free physical = 12813 ; free virtual = 27526
---------------------------------------------------------------------------------
---------------------------------------------------------------------------------
Start RTL Component Statistics 
---------------------------------------------------------------------------------
Detailed RTL Component Info : 
+---Adders : 
	   2 Input   64 Bit       Adders := 2     
	   3 Input   33 Bit       Adders := 1     
	   2 Input   32 Bit       Adders := 8     
	   3 Input   32 Bit       Adders := 1     
	   2 Input   19 Bit       Adders := 1     
	   2 Input   10 Bit       Adders := 1     
	   2 Input    6 Bit       Adders := 1     
	   2 Input    4 Bit       Adders := 1     
+---XORs : 
	   2 Input     32 Bit         XORs := 1     
	   2 Input      1 Bit         XORs := 2     
+---Registers : 
	               64 Bit    Registers := 4     
	               32 Bit    Registers := 56    
	               20 Bit    Registers := 5     
	               16 Bit    Registers := 1     
	               10 Bit    Registers := 1     
	                8 Bit    Registers := 5     
	                7 Bit    Registers := 5     
	                6 Bit    Registers := 1     
	                5 Bit    Registers := 12    
	                4 Bit    Registers := 1     
	                3 Bit    Registers := 12    
	                2 Bit    Registers := 2     
	                1 Bit    Registers := 56    
+---Multipliers : 
	              32x32  Multipliers := 1     
+---RAMs : 
	             128K Bit	(16384 X 8 bit)          RAMs := 4     
	             1024 Bit	(32 X 32 bit)          RAMs := 1     
+---ROMs : 
	                    ROMs := 2     
+---Muxes : 
	   2 Input   64 Bit        Muxes := 2     
	   4 Input   64 Bit        Muxes := 1     
	   2 Input   32 Bit        Muxes := 38    
	   3 Input   32 Bit        Muxes := 5     
	   4 Input   32 Bit        Muxes := 5     
	  11 Input   32 Bit        Muxes := 2     
	   2 Input   20 Bit        Muxes := 1     
	   2 Input   19 Bit        Muxes := 2     
	   2 Input   16 Bit        Muxes := 1     
	   2 Input   12 Bit        Muxes := 3     
	  17 Input   11 Bit        Muxes := 1     
	   2 Input   10 Bit        Muxes := 4     
	   3 Input   10 Bit        Muxes := 2     
	  11 Input   10 Bit        Muxes := 1     
	   2 Input    8 Bit        Muxes := 1     
	   4 Input    8 Bit        Muxes := 1     
	   4 Input    6 Bit        Muxes := 1     
	   7 Input    5 Bit        Muxes := 2     
	   2 Input    5 Bit        Muxes := 4     
	   8 Input    5 Bit        Muxes := 1     
	   2 Input    4 Bit        Muxes := 6     
	   4 Input    4 Bit        Muxes := 2     
	   3 Input    4 Bit        Muxes := 1     
	   2 Input    3 Bit        Muxes := 9     
	   5 Input    3 Bit        Muxes := 5     
	   3 Input    3 Bit        Muxes := 2     
	   8 Input    2 Bit        Muxes := 1     
	   2 Input    2 Bit        Muxes := 6     
	   3 Input    2 Bit        Muxes := 2     
	   2 Input    1 Bit        Muxes := 50    
	   4 Input    1 Bit        Muxes := 9     
	   3 Input    1 Bit        Muxes := 15    
	  11 Input    1 Bit        Muxes := 6     
---------------------------------------------------------------------------------
Finished RTL Component Statistics 
---------------------------------------------------------------------------------
---------------------------------------------------------------------------------
Start Part Resource Summary
---------------------------------------------------------------------------------
Part Resources:
DSPs: 740 (col length:100)
BRAMs: 730 (col length: RAMB18 100 RAMB36 50)
---------------------------------------------------------------------------------
Finished Part Resource Summary
---------------------------------------------------------------------------------
---------------------------------------------------------------------------------
Start Cross Boundary and Area Optimization
---------------------------------------------------------------------------------
DSP Report: Generating DSP multiplier_word/mult_result, operation Mode is: A*B.
DSP Report: operator multiplier_word/mult_result is absorbed into DSP multiplier_word/mult_result.
DSP Report: operator multiplier_word/mult_result is absorbed into DSP multiplier_word/mult_result.
DSP Report: Generating DSP multiplier_word/mult_result, operation Mode is: (PCIN>>17)+A*B.
DSP Report: operator multiplier_word/mult_result is absorbed into DSP multiplier_word/mult_result.
DSP Report: operator multiplier_word/mult_result is absorbed into DSP multiplier_word/mult_result.
DSP Report: Generating DSP multiplier_word/mult_result, operation Mode is: A*B.
DSP Report: operator multiplier_word/mult_result is absorbed into DSP multiplier_word/mult_result.
DSP Report: operator multiplier_word/mult_result is absorbed into DSP multiplier_word/mult_result.
DSP Report: Generating DSP multiplier_word/mult_result, operation Mode is: (PCIN>>17)+A*B.
DSP Report: operator multiplier_word/mult_result is absorbed into DSP multiplier_word/mult_result.
DSP Report: operator multiplier_word/mult_result is absorbed into DSP multiplier_word/mult_result.
WARNING: [Synth 8-3332] Sequential element (multiplier_word/prod_unsigned_s2_reg[47]) is unused and will be removed from module ALU.
WARNING: [Synth 8-3332] Sequential element (multiplier_word/prod_unsigned_s2_reg[46]) is unused and will be removed from module ALU.
WARNING: [Synth 8-3332] Sequential element (multiplier_word/prod_unsigned_s2_reg[45]) is unused and will be removed from module ALU.
WARNING: [Synth 8-3332] Sequential element (multiplier_word/prod_unsigned_s2_reg[44]) is unused and will be removed from module ALU.
WARNING: [Synth 8-3332] Sequential element (multiplier_word/prod_unsigned_s2_reg[43]) is unused and will be removed from module ALU.
WARNING: [Synth 8-3332] Sequential element (multiplier_word/prod_unsigned_s2_reg[42]) is unused and will be removed from module ALU.
WARNING: [Synth 8-3332] Sequential element (multiplier_word/prod_unsigned_s2_reg[41]) is unused and will be removed from module ALU.
WARNING: [Synth 8-3332] Sequential element (multiplier_word/prod_unsigned_s2_reg[40]) is unused and will be removed from module ALU.
WARNING: [Synth 8-3332] Sequential element (multiplier_word/prod_unsigned_s2_reg[39]) is unused and will be removed from module ALU.
WARNING: [Synth 8-3332] Sequential element (multiplier_word/prod_unsigned_s2_reg[38]) is unused and will be removed from module ALU.
WARNING: [Synth 8-3332] Sequential element (multiplier_word/prod_unsigned_s2_reg[37]) is unused and will be removed from module ALU.
WARNING: [Synth 8-3332] Sequential element (multiplier_word/prod_unsigned_s2_reg[36]) is unused and will be removed from module ALU.
WARNING: [Synth 8-3332] Sequential element (multiplier_word/prod_unsigned_s2_reg[35]) is unused and will be removed from module ALU.
WARNING: [Synth 8-3332] Sequential element (multiplier_word/prod_unsigned_s2_reg[34]) is unused and will be removed from module ALU.
WARNING: [Synth 8-3332] Sequential element (multiplier_word/prod_unsigned_s2_reg[33]) is unused and will be removed from module ALU.
WARNING: [Synth 8-3332] Sequential element (multiplier_word/prod_unsigned_s2_reg[32]) is unused and will be removed from module ALU.
WARNING: [Synth 8-3332] Sequential element (multiplier_word/prod_unsigned_s2_reg[31]) is unused and will be removed from module ALU.
WARNING: [Synth 8-3332] Sequential element (multiplier_word/prod_unsigned_s2_reg[30]) is unused and will be removed from module ALU.
WARNING: [Synth 8-3332] Sequential element (multiplier_word/prod_unsigned_s2_reg[29]) is unused and will be removed from module ALU.
WARNING: [Synth 8-3332] Sequential element (multiplier_word/prod_unsigned_s2_reg[28]) is unused and will be removed from module ALU.
WARNING: [Synth 8-3332] Sequential element (multiplier_word/prod_unsigned_s2_reg[27]) is unused and will be removed from module ALU.
WARNING: [Synth 8-3332] Sequential element (multiplier_word/prod_unsigned_s2_reg[26]) is unused and will be removed from module ALU.
WARNING: [Synth 8-3332] Sequential element (multiplier_word/prod_unsigned_s2_reg[25]) is unused and will be removed from module ALU.
WARNING: [Synth 8-3332] Sequential element (multiplier_word/prod_unsigned_s2_reg[24]) is unused and will be removed from module ALU.
WARNING: [Synth 8-3332] Sequential element (multiplier_word/prod_unsigned_s2_reg[23]) is unused and will be removed from module ALU.
WARNING: [Synth 8-3332] Sequential element (multiplier_word/prod_unsigned_s2_reg[22]) is unused and will be removed from module ALU.
WARNING: [Synth 8-3332] Sequential element (multiplier_word/prod_unsigned_s2_reg[21]) is unused and will be removed from module ALU.
WARNING: [Synth 8-3332] Sequential element (multiplier_word/prod_unsigned_s2_reg[20]) is unused and will be removed from module ALU.
WARNING: [Synth 8-3332] Sequential element (multiplier_word/prod_unsigned_s2_reg[19]) is unused and will be removed from module ALU.
WARNING: [Synth 8-3332] Sequential element (multiplier_word/prod_unsigned_s2_reg[18]) is unused and will be removed from module ALU.
WARNING: [Synth 8-3332] Sequential element (multiplier_word/prod_unsigned_s2_reg[17]) is unused and will be removed from module ALU.
WARNING: [Synth 8-3332] Sequential element (multiplier_word/prod_unsigned_s2_reg[47]__0) is unused and will be removed from module ALU.
WARNING: [Synth 8-3332] Sequential element (multiplier_word/prod_unsigned_s2_reg[46]__0) is unused and will be removed from module ALU.
WARNING: [Synth 8-3332] Sequential element (multiplier_word/prod_unsigned_s2_reg[45]__0) is unused and will be removed from module ALU.
WARNING: [Synth 8-3332] Sequential element (multiplier_word/prod_unsigned_s2_reg[44]__0) is unused and will be removed from module ALU.
WARNING: [Synth 8-3332] Sequential element (multiplier_word/prod_unsigned_s2_reg[43]__0) is unused and will be removed from module ALU.
WARNING: [Synth 8-3332] Sequential element (multiplier_word/prod_unsigned_s2_reg[42]__0) is unused and will be removed from module ALU.
WARNING: [Synth 8-3332] Sequential element (multiplier_word/prod_unsigned_s2_reg[41]__0) is unused and will be removed from module ALU.
WARNING: [Synth 8-3332] Sequential element (multiplier_word/prod_unsigned_s2_reg[40]__0) is unused and will be removed from module ALU.
WARNING: [Synth 8-3332] Sequential element (multiplier_word/prod_unsigned_s2_reg[39]__0) is unused and will be removed from module ALU.
WARNING: [Synth 8-3332] Sequential element (multiplier_word/prod_unsigned_s2_reg[38]__0) is unused and will be removed from module ALU.
WARNING: [Synth 8-3332] Sequential element (multiplier_word/prod_unsigned_s2_reg[37]__0) is unused and will be removed from module ALU.
WARNING: [Synth 8-3332] Sequential element (multiplier_word/prod_unsigned_s2_reg[36]__0) is unused and will be removed from module ALU.
WARNING: [Synth 8-3332] Sequential element (multiplier_word/prod_unsigned_s2_reg[35]__0) is unused and will be removed from module ALU.
WARNING: [Synth 8-3332] Sequential element (multiplier_word/prod_unsigned_s2_reg[34]__0) is unused and will be removed from module ALU.
WARNING: [Synth 8-3332] Sequential element (multiplier_word/prod_unsigned_s2_reg[33]__0) is unused and will be removed from module ALU.
WARNING: [Synth 8-3332] Sequential element (multiplier_word/prod_unsigned_s2_reg[32]__0) is unused and will be removed from module ALU.
WARNING: [Synth 8-3332] Sequential element (multiplier_word/prod_unsigned_s2_reg[31]__0) is unused and will be removed from module ALU.
WARNING: [Synth 8-3332] Sequential element (multiplier_word/prod_unsigned_s2_reg[30]__0) is unused and will be removed from module ALU.
WARNING: [Synth 8-3332] Sequential element (multiplier_word/prod_unsigned_s2_reg[47]__1) is unused and will be removed from module ALU.
WARNING: [Synth 8-3332] Sequential element (multiplier_word/prod_unsigned_s2_reg[46]__1) is unused and will be removed from module ALU.
WARNING: [Synth 8-3332] Sequential element (multiplier_word/prod_unsigned_s2_reg[45]__1) is unused and will be removed from module ALU.
WARNING: [Synth 8-3332] Sequential element (multiplier_word/prod_unsigned_s2_reg[44]__1) is unused and will be removed from module ALU.
WARNING: [Synth 8-3332] Sequential element (multiplier_word/prod_unsigned_s2_reg[43]__1) is unused and will be removed from module ALU.
WARNING: [Synth 8-3332] Sequential element (multiplier_word/prod_unsigned_s2_reg[42]__1) is unused and will be removed from module ALU.
WARNING: [Synth 8-3332] Sequential element (multiplier_word/prod_unsigned_s2_reg[41]__1) is unused and will be removed from module ALU.
WARNING: [Synth 8-3332] Sequential element (multiplier_word/prod_unsigned_s2_reg[40]__1) is unused and will be removed from module ALU.
WARNING: [Synth 8-3332] Sequential element (multiplier_word/prod_unsigned_s2_reg[39]__1) is unused and will be removed from module ALU.
WARNING: [Synth 8-3332] Sequential element (multiplier_word/prod_unsigned_s2_reg[38]__1) is unused and will be removed from module ALU.
WARNING: [Synth 8-3332] Sequential element (multiplier_word/prod_unsigned_s2_reg[37]__1) is unused and will be removed from module ALU.
WARNING: [Synth 8-3332] Sequential element (multiplier_word/prod_unsigned_s2_reg[36]__1) is unused and will be removed from module ALU.
WARNING: [Synth 8-3332] Sequential element (multiplier_word/prod_unsigned_s2_reg[35]__1) is unused and will be removed from module ALU.
WARNING: [Synth 8-3332] Sequential element (multiplier_word/prod_unsigned_s2_reg[34]__1) is unused and will be removed from module ALU.
WARNING: [Synth 8-3332] Sequential element (multiplier_word/prod_unsigned_s2_reg[33]__1) is unused and will be removed from module ALU.
WARNING: [Synth 8-3332] Sequential element (multiplier_word/prod_unsigned_s2_reg[32]__1) is unused and will be removed from module ALU.
WARNING: [Synth 8-3332] Sequential element (multiplier_word/prod_unsigned_s2_reg[31]__1) is unused and will be removed from module ALU.
WARNING: [Synth 8-3332] Sequential element (multiplier_word/prod_unsigned_s2_reg[30]__1) is unused and will be removed from module ALU.
WARNING: [Synth 8-3332] Sequential element (multiplier_word/prod_unsigned_s2_reg[29]__1) is unused and will be removed from module ALU.
WARNING: [Synth 8-3332] Sequential element (multiplier_word/prod_unsigned_s2_reg[28]__1) is unused and will be removed from module ALU.
WARNING: [Synth 8-3332] Sequential element (multiplier_word/prod_unsigned_s2_reg[27]__1) is unused and will be removed from module ALU.
WARNING: [Synth 8-3332] Sequential element (multiplier_word/prod_unsigned_s2_reg[26]__1) is unused and will be removed from module ALU.
WARNING: [Synth 8-3332] Sequential element (multiplier_word/prod_unsigned_s2_reg[25]__1) is unused and will be removed from module ALU.
WARNING: [Synth 8-3332] Sequential element (multiplier_word/prod_unsigned_s2_reg[24]__1) is unused and will be removed from module ALU.
WARNING: [Synth 8-3332] Sequential element (multiplier_word/prod_unsigned_s2_reg[23]__1) is unused and will be removed from module ALU.
WARNING: [Synth 8-3332] Sequential element (multiplier_word/prod_unsigned_s2_reg[22]__1) is unused and will be removed from module ALU.
WARNING: [Synth 8-3332] Sequential element (multiplier_word/prod_unsigned_s2_reg[21]__1) is unused and will be removed from module ALU.
WARNING: [Synth 8-3332] Sequential element (multiplier_word/prod_unsigned_s2_reg[20]__1) is unused and will be removed from module ALU.
WARNING: [Synth 8-3332] Sequential element (multiplier_word/prod_unsigned_s2_reg[19]__1) is unused and will be removed from module ALU.
WARNING: [Synth 8-3332] Sequential element (multiplier_word/prod_unsigned_s2_reg[18]__1) is unused and will be removed from module ALU.
WARNING: [Synth 8-3332] Sequential element (multiplier_word/prod_unsigned_s2_reg[17]__1) is unused and will be removed from module ALU.
WARNING: [Synth 8-3332] Sequential element (multiplier_word/prod_unsigned_s2_reg[47]__2) is unused and will be removed from module ALU.
---------------------------------------------------------------------------------
Finished Cross Boundary and Area Optimization : Time (s): cpu = 00:00:17 ; elapsed = 00:00:18 . Memory (MB): peak = 2513.879 ; gain = 745.461 ; free physical = 12922 ; free virtual = 27646
---------------------------------------------------------------------------------
 Sort Area is  multiplier_word/mult_result_0 : 0 0 : 2701 5047 : Used 1 time 100
 Sort Area is  multiplier_word/mult_result_0 : 0 1 : 2346 5047 : Used 1 time 100
 Sort Area is  multiplier_word/mult_result_3 : 0 0 : 2339 4494 : Used 1 time 100
 Sort Area is  multiplier_word/mult_result_3 : 0 1 : 2155 4494 : Used 1 time 100
---------------------------------------------------------------------------------
Start ROM, RAM, DSP, Shift Register and Retiming Reporting
---------------------------------------------------------------------------------

Block RAM: Preliminary Mapping Report (see note below)
+--------------------------+------------------+------------------------+---+---+------------------------+---+---+------------------+--------+--------+
|Module Name               | RTL Object       | PORT A (Depth x Width) | W | R | PORT B (Depth x Width) | W | R | Ports driving FF | RAMB18 | RAMB36 | 
+--------------------------+------------------+------------------------+---+---+------------------------+---+---+------------------+--------+--------+
|rv32im72f_7sp/data_memory | memory_bank0_reg | 16 K x 8(READ_FIRST)   | W |   | 16 K x 8(WRITE_FIRST)  |   | R | Port A and B     | 0      | 4      | 
|rv32im72f_7sp/data_memory | memory_bank1_reg | 16 K x 8(READ_FIRST)   | W |   | 16 K x 8(WRITE_FIRST)  |   | R | Port A and B     | 0      | 4      | 
|rv32im72f_7sp/data_memory | memory_bank2_reg | 16 K x 8(READ_FIRST)   | W |   | 16 K x 8(WRITE_FIRST)  |   | R | Port A and B     | 0      | 4      | 
|rv32im72f_7sp/data_memory | memory_bank3_reg | 16 K x 8(READ_FIRST)   | W |   | 16 K x 8(WRITE_FIRST)  |   | R | Port A and B     | 0      | 4      | 
+--------------------------+------------------+------------------------+---+---+------------------------+---+---+------------------+--------+--------+

Note: The table above is a preliminary report that shows the Block RAMs at the current stage of the synthesis flow. Some Block RAMs may be reimplemented as non Block RAM primitives later in the synthesis flow. Multiple instantiated Block RAMs are reported only once. 

Distributed RAM: Preliminary Mapping Report (see note below)
+----------------------------+---------------+-----------+----------------------+--------------+
|Module Name                 | RTL Object    | Inference | Size (Depth x Width) | Primitives   | 
+----------------------------+---------------+-----------+----------------------+--------------+
|rv32im72f_7sp/register_file | registers_reg | Implied   | 32 x 32              | RAM32M x 12  | 
+----------------------------+---------------+-----------+----------------------+--------------+

Note: The table above is a preliminary report that shows the Distributed RAMs at the current stage of the synthesis flow. Some Distributed RAMs may be reimplemented as non Distributed RAM primitives later in the synthesis flow. Multiple instantiated RAMs are reported only once.

DSP: Preliminary Mapping Report (see note below. The ' indicates corresponding REG is set)
+------------+----------------+--------+--------+--------+--------+--------+------+------+------+------+-------+------+------+
|Module Name | DSP Mapping    | A Size | B Size | C Size | D Size | P Size | AREG | BREG | CREG | DREG | ADREG | MREG | PREG | 
+------------+----------------+--------+--------+--------+--------+--------+------+------+------+------+-------+------+------+
|ALU         | A*B            | 18     | 16     | -      | -      | 48     | 0    | 0    | -    | -    | -     | 0    | 0    | 
|ALU         | (PCIN>>17)+A*B | 16     | 16     | -      | -      | 48     | 0    | 0    | -    | -    | -     | 0    | 0    | 
|ALU         | A*B            | 18     | 18     | -      | -      | 48     | 0    | 0    | -    | -    | -     | 0    | 0    | 
|ALU         | (PCIN>>17)+A*B | 18     | 16     | -      | -      | 48     | 0    | 0    | -    | -    | -     | 0    | 0    | 
+------------+----------------+--------+--------+--------+--------+--------+------+------+------+------+-------+------+------+

Note: The table above is a preliminary report that shows the DSPs inferred at the current stage of the synthesis flow. Some DSP may be reimplemented as non DSP primitives later in the synthesis flow. Multiple instantiated DSPs are reported only once.
---------------------------------------------------------------------------------
Finished ROM, RAM, DSP, Shift Register and Retiming Reporting
---------------------------------------------------------------------------------
---------------------------------------------------------------------------------
Start Applying XDC Timing Constraints
---------------------------------------------------------------------------------
---------------------------------------------------------------------------------
Finished Applying XDC Timing Constraints : Time (s): cpu = 00:00:20 ; elapsed = 00:00:21 . Memory (MB): peak = 2611.879 ; gain = 843.461 ; free physical = 12877 ; free virtual = 27610
---------------------------------------------------------------------------------
---------------------------------------------------------------------------------
Start Timing Optimization
---------------------------------------------------------------------------------
---------------------------------------------------------------------------------
Finished Timing Optimization : Time (s): cpu = 00:00:25 ; elapsed = 00:00:26 . Memory (MB): peak = 2714.973 ; gain = 946.555 ; free physical = 12820 ; free virtual = 27553
---------------------------------------------------------------------------------
---------------------------------------------------------------------------------
Start ROM, RAM, DSP, Shift Register and Retiming Reporting
---------------------------------------------------------------------------------

Block RAM: Final Mapping Report
+--------------------------+------------------+------------------------+---+---+------------------------+---+---+------------------+--------+--------+
|Module Name               | RTL Object       | PORT A (Depth x Width) | W | R | PORT B (Depth x Width) | W | R | Ports driving FF | RAMB18 | RAMB36 | 
+--------------------------+------------------+------------------------+---+---+------------------------+---+---+------------------+--------+--------+
|rv32im72f_7sp/data_memory | memory_bank0_reg | 16 K x 8(READ_FIRST)   | W |   | 16 K x 8(WRITE_FIRST)  |   | R | Port A and B     | 0      | 4      | 
|rv32im72f_7sp/data_memory | memory_bank1_reg | 16 K x 8(READ_FIRST)   | W |   | 16 K x 8(WRITE_FIRST)  |   | R | Port A and B     | 0      | 4      | 
|rv32im72f_7sp/data_memory | memory_bank2_reg | 16 K x 8(READ_FIRST)   | W |   | 16 K x 8(WRITE_FIRST)  |   | R | Port A and B     | 0      | 4      | 
|rv32im72f_7sp/data_memory | memory_bank3_reg | 16 K x 8(READ_FIRST)   | W |   | 16 K x 8(WRITE_FIRST)  |   | R | Port A and B     | 0      | 4      | 
+--------------------------+------------------+------------------------+---+---+------------------------+---+---+------------------+--------+--------+


Distributed RAM: Final Mapping Report
+----------------------------+---------------+-----------+----------------------+--------------+
|Module Name                 | RTL Object    | Inference | Size (Depth x Width) | Primitives   | 
+----------------------------+---------------+-----------+----------------------+--------------+
|rv32im72f_7sp/register_file | registers_reg | Implied   | 32 x 32              | RAM32M x 12  | 
+----------------------------+---------------+-----------+----------------------+--------------+

---------------------------------------------------------------------------------
Finished ROM, RAM, DSP, Shift Register and Retiming Reporting
---------------------------------------------------------------------------------
---------------------------------------------------------------------------------
Start Technology Mapping
---------------------------------------------------------------------------------
INFO: [Synth 8-7052] The timing for the instance rv32im72f_7sp/data_memory/memory_bank0_reg_0 (implemented as a Block RAM) might be sub-optimal as no optional output register could be merged into the ram block. Providing additional output register may help in improving timing.
INFO: [Synth 8-7052] The timing for the instance rv32im72f_7sp/data_memory/memory_bank0_reg_1 (implemented as a Block RAM) might be sub-optimal as no optional output register could be merged into the ram block. Providing additional output register may help in improving timing.
INFO: [Synth 8-7052] The timing for the instance rv32im72f_7sp/data_memory/memory_bank0_reg_2 (implemented as a Block RAM) might be sub-optimal as no optional output register could be merged into the ram block. Providing additional output register may help in improving timing.
INFO: [Synth 8-7052] The timing for the instance rv32im72f_7sp/data_memory/memory_bank0_reg_3 (implemented as a Block RAM) might be sub-optimal as no optional output register could be merged into the ram block. Providing additional output register may help in improving timing.
INFO: [Synth 8-7052] The timing for the instance rv32im72f_7sp/data_memory/memory_bank1_reg_0 (implemented as a Block RAM) might be sub-optimal as no optional output register could be merged into the ram block. Providing additional output register may help in improving timing.
INFO: [Synth 8-7052] The timing for the instance rv32im72f_7sp/data_memory/memory_bank1_reg_1 (implemented as a Block RAM) might be sub-optimal as no optional output register could be merged into the ram block. Providing additional output register may help in improving timing.
INFO: [Synth 8-7052] The timing for the instance rv32im72f_7sp/data_memory/memory_bank1_reg_2 (implemented as a Block RAM) might be sub-optimal as no optional output register could be merged into the ram block. Providing additional output register may help in improving timing.
INFO: [Synth 8-7052] The timing for the instance rv32im72f_7sp/data_memory/memory_bank1_reg_3 (implemented as a Block RAM) might be sub-optimal as no optional output register could be merged into the ram block. Providing additional output register may help in improving timing.
INFO: [Synth 8-7052] The timing for the instance rv32im72f_7sp/data_memory/memory_bank2_reg_0 (implemented as a Block RAM) might be sub-optimal as no optional output register could be merged into the ram block. Providing additional output register may help in improving timing.
INFO: [Synth 8-7052] The timing for the instance rv32im72f_7sp/data_memory/memory_bank2_reg_1 (implemented as a Block RAM) might be sub-optimal as no optional output register could be merged into the ram block. Providing additional output register may help in improving timing.
INFO: [Synth 8-7052] The timing for the instance rv32im72f_7sp/data_memory/memory_bank2_reg_2 (implemented as a Block RAM) might be sub-optimal as no optional output register could be merged into the ram block. Providing additional output register may help in improving timing.
INFO: [Synth 8-7052] The timing for the instance rv32im72f_7sp/data_memory/memory_bank2_reg_3 (implemented as a Block RAM) might be sub-optimal as no optional output register could be merged into the ram block. Providing additional output register may help in improving timing.
INFO: [Synth 8-7052] The timing for the instance rv32im72f_7sp/data_memory/memory_bank3_reg_0 (implemented as a Block RAM) might be sub-optimal as no optional output register could be merged into the ram block. Providing additional output register may help in improving timing.
INFO: [Synth 8-7052] The timing for the instance rv32im72f_7sp/data_memory/memory_bank3_reg_1 (implemented as a Block RAM) might be sub-optimal as no optional output register could be merged into the ram block. Providing additional output register may help in improving timing.
INFO: [Synth 8-7052] The timing for the instance rv32im72f_7sp/data_memory/memory_bank3_reg_2 (implemented as a Block RAM) might be sub-optimal as no optional output register could be merged into the ram block. Providing additional output register may help in improving timing.
INFO: [Synth 8-7052] The timing for the instance rv32im72f_7sp/data_memory/memory_bank3_reg_3 (implemented as a Block RAM) might be sub-optimal as no optional output register could be merged into the ram block. Providing additional output register may help in improving timing.
INFO: [Synth 8-7052] The timing for the instance rv32im72f_7sp/instruction_memory/instruction_reg_0 (implemented as a Block RAM) might be sub-optimal as no optional output register could be merged into the ram block. Providing additional output register may help in improving timing.
INFO: [Synth 8-7052] The timing for the instance rv32im72f_7sp/instruction_memory/instruction_reg_0 (implemented as a Block RAM) might be sub-optimal as no optional output register could be merged into the ram block. Providing additional output register may help in improving timing.
INFO: [Synth 8-7052] The timing for the instance rv32im72f_7sp/instruction_memory/instruction_reg_1 (implemented as a Block RAM) might be sub-optimal as no optional output register could be merged into the ram block. Providing additional output register may help in improving timing.
INFO: [Synth 8-7052] The timing for the instance rv32im72f_7sp/instruction_memory/instruction_reg_1 (implemented as a Block RAM) might be sub-optimal as no optional output register could be merged into the ram block. Providing additional output register may help in improving timing.
---------------------------------------------------------------------------------
Finished Technology Mapping : Time (s): cpu = 00:00:26 ; elapsed = 00:00:27 . Memory (MB): peak = 2776.980 ; gain = 1008.562 ; free physical = 12750 ; free virtual = 27482
---------------------------------------------------------------------------------
---------------------------------------------------------------------------------
Start IO Insertion
---------------------------------------------------------------------------------
---------------------------------------------------------------------------------
Start Flattening Before IO Insertion
---------------------------------------------------------------------------------
---------------------------------------------------------------------------------
Finished Flattening Before IO Insertion
---------------------------------------------------------------------------------
---------------------------------------------------------------------------------
Start Final Netlist Cleanup
---------------------------------------------------------------------------------
---------------------------------------------------------------------------------
Finished Final Netlist Cleanup
---------------------------------------------------------------------------------
---------------------------------------------------------------------------------
Finished IO Insertion : Time (s): cpu = 00:00:28 ; elapsed = 00:00:29 . Memory (MB): peak = 2834.793 ; gain = 1066.375 ; free physical = 12725 ; free virtual = 27457
---------------------------------------------------------------------------------
---------------------------------------------------------------------------------
Start Renaming Generated Instances
---------------------------------------------------------------------------------
---------------------------------------------------------------------------------
Finished Renaming Generated Instances : Time (s): cpu = 00:00:28 ; elapsed = 00:00:29 . Memory (MB): peak = 2834.793 ; gain = 1066.375 ; free physical = 12725 ; free virtual = 27457
---------------------------------------------------------------------------------
---------------------------------------------------------------------------------
Start Rebuilding User Hierarchy
---------------------------------------------------------------------------------
---------------------------------------------------------------------------------
Finished Rebuilding User Hierarchy : Time (s): cpu = 00:00:29 ; elapsed = 00:00:29 . Memory (MB): peak = 2834.793 ; gain = 1066.375 ; free physical = 12725 ; free virtual = 27457
---------------------------------------------------------------------------------
---------------------------------------------------------------------------------
Start Renaming Generated Ports
---------------------------------------------------------------------------------
---------------------------------------------------------------------------------
Finished Renaming Generated Ports : Time (s): cpu = 00:00:29 ; elapsed = 00:00:29 . Memory (MB): peak = 2834.793 ; gain = 1066.375 ; free physical = 12725 ; free virtual = 27457
---------------------------------------------------------------------------------
---------------------------------------------------------------------------------
Start Handling Custom Attributes
---------------------------------------------------------------------------------
---------------------------------------------------------------------------------
Finished Handling Custom Attributes : Time (s): cpu = 00:00:29 ; elapsed = 00:00:29 . Memory (MB): peak = 2840.730 ; gain = 1072.312 ; free physical = 12725 ; free virtual = 27457
---------------------------------------------------------------------------------
---------------------------------------------------------------------------------
Start Renaming Generated Nets
---------------------------------------------------------------------------------
---------------------------------------------------------------------------------
Finished Renaming Generated Nets : Time (s): cpu = 00:00:29 ; elapsed = 00:00:29 . Memory (MB): peak = 2840.730 ; gain = 1072.312 ; free physical = 12725 ; free virtual = 27457
---------------------------------------------------------------------------------
---------------------------------------------------------------------------------
Start Writing Synthesis Report
---------------------------------------------------------------------------------

DSP Final Report (the ' indicates corresponding REG is set)
+------------+-----------------+--------+--------+--------+--------+--------+------+------+------+------+-------+------+------+
|Module Name | DSP Mapping     | A Size | B Size | C Size | D Size | P Size | AREG | BREG | CREG | DREG | ADREG | MREG | PREG | 
+------------+-----------------+--------+--------+--------+--------+--------+------+------+------+------+-------+------+------+
|ALU         | A*B             | 17     | 15     | -      | -      | 48     | 0    | 0    | -    | -    | -     | 0    | 0    | 
|ALU         | (PCIN>>17+A*B)' | 15     | 15     | -      | -      | 48     | 0    | 0    | -    | -    | -     | 0    | 1    | 
|ALU         | A*B             | 17     | 17     | -      | -      | 48     | 0    | 0    | -    | -    | -     | 0    | 0    | 
|ALU         | (PCIN>>17+A*B)' | 0      | 15     | -      | -      | 48     | 0    | 0    | -    | -    | -     | 0    | 1    | 
+------------+-----------------+--------+--------+--------+--------+--------+------+------+------+------+-------+------+------+


Report BlackBoxes: 
+------+--------------+----------+
|      |BlackBox name |Instances |
+------+--------------+----------+
|1     |clk_wiz_0     |         1|
+------+--------------+----------+

Report Cell Usage: 
+------+---------+------+
|      |Cell     |Count |
+------+---------+------+
|1     |clk_wiz  |     1|
|2     |CARRY4   |   186|
|3     |DSP48E1  |     4|
|5     |LUT1     |   228|
|6     |LUT2     |   263|
|7     |LUT3     |   372|
|8     |LUT4     |   531|
|9     |LUT5     |   448|
|10    |LUT6     |  1009|
|11    |RAM32M   |    10|
|12    |RAM32X1D |     4|
|13    |RAMB36E1 |    18|
|16    |FDCE     |   799|
|17    |FDPE     |    23|
|18    |FDRE     |  1073|
|19    |FDSE     |    18|
|20    |IBUF     |     2|
|21    |OBUF     |     9|
+------+---------+------+
---------------------------------------------------------------------------------
Finished Writing Synthesis Report : Time (s): cpu = 00:00:29 ; elapsed = 00:00:29 . Memory (MB): peak = 2840.730 ; gain = 1072.312 ; free physical = 12725 ; free virtual = 27457
---------------------------------------------------------------------------------
Synthesis finished with 0 errors, 0 critical warnings and 414 warnings.
Synthesis Optimization Runtime : Time (s): cpu = 00:00:27 ; elapsed = 00:00:28 . Memory (MB): peak = 2840.730 ; gain = 970.539 ; free physical = 12725 ; free virtual = 27457
Synthesis Optimization Complete : Time (s): cpu = 00:00:29 ; elapsed = 00:00:29 . Memory (MB): peak = 2840.738 ; gain = 1072.312 ; free physical = 12725 ; free virtual = 27457
INFO: [Project 1-571] Translating synthesized netlist
Netlist sorting complete. Time (s): cpu = 00:00:00.02 ; elapsed = 00:00:00.02 . Memory (MB): peak = 2840.738 ; gain = 0.000 ; free physical = 12896 ; free virtual = 27628
INFO: [Netlist 29-17] Analyzing 222 Unisim elements for replacement
INFO: [Netlist 29-28] Unisim Transformation completed in 0 CPU seconds
INFO: [Project 1-570] Preparing netlist for logic optimization
INFO: [Opt 31-138] Pushed 0 inverter(s) to 0 load pin(s).
Netlist sorting complete. Time (s): cpu = 00:00:00 ; elapsed = 00:00:00 . Memory (MB): peak = 2840.738 ; gain = 0.000 ; free physical = 12899 ; free virtual = 27633
INFO: [Project 1-111] Unisim Transformation Summary:
  A total of 14 instances were transformed.
  RAM32M => RAM32M (RAMD32(x6), RAMS32(x2)): 10 instances
  RAM32X1D => RAM32X1D (RAMD32(x2)): 4 instances

Synth Design complete | Checksum: 6c7561d1
INFO: [Common 17-83] Releasing license: Synthesis
128 Infos, 212 Warnings, 0 Critical Warnings and 0 Errors encountered.
synth_design completed successfully
synth_design: Time (s): cpu = 00:00:34 ; elapsed = 00:00:33 . Memory (MB): peak = 2840.766 ; gain = 1217.496 ; free physical = 12902 ; free virtual = 27636
INFO: [Common 17-2834] synth_design peak Physical Memory [PSS] (MB): overall = 1900.899; main = 1900.899; forked = 251.448
INFO: [Common 17-2834] synth_design peak Virtual Memory [VSS] (MB): overall = 3559.980; main = 2840.734; forked = 998.098
Write ShapeDB Complete: Time (s): cpu = 00:00:00.01 ; elapsed = 00:00:00 . Memory (MB): peak = 2864.742 ; gain = 0.000 ; free physical = 12902 ; free virtual = 27636
INFO: [Common 17-1381] The checkpoint '/home/khwl/Desktop/claude_RISCOF_RV-IM100/RV-IM100/RV32s/SoCs/RV32IM_7SP_BRAM_Opt/RV64IM72F_7SP_BRAM_Final_1431.runs/synth_1/RV32IM72F7SPSoCTOP.dcp' has been generated.
INFO: [Vivado 12-24828] Executing command : report_utilization -file RV32IM72F7SPSoCTOP_utilization_synth.rpt -pb RV32IM72F7SPSoCTOP_utilization_synth.pb
INFO: [Common 17-206] Exiting Vivado at Mon Sep 14 15:51:44 2026...
