Copyright 1986-2022 Xilinx, Inc. All Rights Reserved. Copyright 2022-2025 Advanced Micro Devices, Inc. All Rights Reserved.
---------------------------------------------------------------------------------------------------------------------------------------------------------
| Tool Version     : Vivado v.2025.2 (lin64) Build 6299465 Fri Nov 14 12:34:56 MST 2025
| Date             : Mon Sep 14 05:55:11 2026
| Host             : khwl-ThinkPad-X1-Carbon-Gen-13 running 64-bit Ubuntu 24.04.4 LTS
| Command          : report_power -file /home/khwl/Desktop/RV-IM100/riscof-env/saif/RV32IM_8SP_withoutOpt_dhrystone/power_saif.rpt
| Design           : RV32IM72F8SPSoCTOP
| Device           : xc7a200tsbg484-1
| Design State     : routed
| Grade            : commercial
| Process          : typical
| Characterization : Production
---------------------------------------------------------------------------------------------------------------------------------------------------------

Power Report

Table of Contents
-----------------
1. Summary
1.1 On-Chip Components
1.2 Power Supply Summary
1.3 Confidence Level
2. Settings
2.1 Environment
2.2 Clock Constraints
3. Detailed Reports
3.1 By Hierarchy

1. Summary
----------

+--------------------------+-------------------------------------------------------------------------------------------------------+
| Total On-Chip Power (W)  | 0.370                                                                                                 |
| Design Power Budget (W)  | Unspecified*                                                                                          |
| Power Budget Margin (W)  | NA                                                                                                    |
| Dynamic (W)              | 0.217                                                                                                 |
| Device Static (W)        | 0.153                                                                                                 |
| Effective TJA (C/W)      | 3.3                                                                                                   |
| Max Ambient (C)          | 83.8                                                                                                  |
| Junction Temperature (C) | 26.2                                                                                                  |
| Confidence Level         | High                                                                                                  |
| Setting File             | ---                                                                                                   |
| Simulation Activity File | /home/khwl/Desktop/RV-IM100/riscof-env/saif/RV32IM_8SP_withoutOpt_dhrystone/kernel.saif |
| Design Nets Matched      | 79%   (5935/7493)                                                                                     |
+--------------------------+-------------------------------------------------------------------------------------------------------+
* Specify Design Power Budget using, set_operating_conditions -design_power_budget <value in Watts>


1.1 On-Chip Components
----------------------

+--------------------------+-----------+----------+-----------+-----------------+
| On-Chip                  | Power (W) | Used     | Available | Utilization (%) |
+--------------------------+-----------+----------+-----------+-----------------+
| Clocks                   |     0.014 |        5 |       --- |             --- |
| Slice Logic              |     0.012 |     6492 |       --- |             --- |
|   LUT as Logic           |     0.011 |     3288 |    134600 |            2.44 |
|   Register               |    <0.001 |     2595 |    269200 |            0.96 |
|   CARRY4                 |    <0.001 |      195 |     33650 |            0.58 |
|   LUT as Distributed RAM |    <0.001 |       44 |     46200 |            0.10 |
|   F7/F8 Muxes            |    <0.001 |       42 |    134600 |            0.03 |
|   Others                 |     0.000 |       40 |       --- |             --- |
| Signals                  |     0.026 |     5886 |       --- |             --- |
| Block RAM                |     0.045 |       16 |       365 |            4.38 |
| PLL                      |     0.117 |        1 |        10 |           10.00 |
| DSPs                     |     0.000 |        4 |       740 |            0.54 |
| I/O                      |     0.003 |       12 |       285 |            4.21 |
| Static Power             |     0.153 |          |           |                 |
| Total                    |     0.370 |          |           |                 |
+--------------------------+-----------+----------+-----------+-----------------+


1.2 Power Supply Summary
------------------------

+-----------+-------------+-----------+-------------+------------+-------------+-------------+------------+
| Source    | Voltage (V) | Total (A) | Dynamic (A) | Static (A) | Powerup (A) | Budget (A)  | Margin (A) |
+-----------+-------------+-----------+-------------+------------+-------------+-------------+------------+
| Vccint    |       1.000 |     0.137 |       0.105 |      0.032 |       NA    | Unspecified | NA         |
| Vccaux    |       1.800 |     0.089 |       0.058 |      0.031 |       NA    | Unspecified | NA         |
| Vcco33    |       3.300 |     0.005 |       0.000 |      0.005 |       NA    | Unspecified | NA         |
| Vcco25    |       2.500 |     0.006 |       0.001 |      0.005 |       NA    | Unspecified | NA         |
| Vcco18    |       1.800 |     0.000 |       0.000 |      0.000 |       NA    | Unspecified | NA         |
| Vcco15    |       1.500 |     0.000 |       0.000 |      0.000 |       NA    | Unspecified | NA         |
| Vcco135   |       1.350 |     0.000 |       0.000 |      0.000 |       NA    | Unspecified | NA         |
| Vcco12    |       1.200 |     0.000 |       0.000 |      0.000 |       NA    | Unspecified | NA         |
| Vccaux_io |       1.800 |     0.000 |       0.000 |      0.000 |       NA    | Unspecified | NA         |
| Vccbram   |       1.000 |     0.005 |       0.004 |      0.001 |       NA    | Unspecified | NA         |
| MGTAVcc   |       1.000 |     0.000 |       0.000 |      0.000 |       NA    | Unspecified | NA         |
| MGTAVtt   |       1.200 |     0.000 |       0.000 |      0.000 |       NA    | Unspecified | NA         |
| Vccadc    |       1.800 |     0.020 |       0.000 |      0.020 |       NA    | Unspecified | NA         |
+-----------+-------------+-----------+-------------+------------+-------------+-------------+------------+


1.3 Confidence Level
--------------------

+-----------------------------+------------+------------------------------------------------+--------+
| User Input Data             | Confidence | Details                                        | Action |
+-----------------------------+------------+------------------------------------------------+--------+
| Design implementation state | High       | Design is routed                               |        |
| Clock nodes activity        | High       | User specified more than 95% of clocks         |        |
| I/O nodes activity          | High       | User specified more than 95% of inputs         |        |
| Internal nodes activity     | High       | User specified more than 25% of internal nodes |        |
| Device models               | High       | Device models are Production                   |        |
|                             |            |                                                |        |
| Overall confidence level    | High       |                                                |        |
+-----------------------------+------------+------------------------------------------------+--------+


2. Settings
-----------

2.1 Environment
---------------

+-----------------------+--------------------------+
| Ambient Temp (C)      | 25.0                     |
| ThetaJA (C/W)         | 3.3                      |
| Airflow (LFM)         | 250                      |
| Heat Sink             | medium (Medium Profile)  |
| ThetaSA (C/W)         | 4.6                      |
| Board Selection       | medium (10"x10")         |
| # of Board Layers     | 12to15 (12 to 15 Layers) |
| Board Temperature (C) | 25.0                     |
+-----------------------+--------------------------+


2.2 Clock Constraints
---------------------

+--------------------+---------------------------------+-----------------+
| Clock              | Domain                          | Constraint (ns) |
+--------------------+---------------------------------+-----------------+
| clk                | clk                             |            10.0 |
| clk_out1_clk_wiz_0 | clk_gen/inst/clk_out1_clk_wiz_0 |             8.8 |
| clkfbout_clk_wiz_0 | clk_gen/inst/clkfbout_clk_wiz_0 |            50.0 |
+--------------------+---------------------------------+-----------------+


3. Detailed Reports
-------------------

3.1 By Hierarchy
----------------

+------------------------+-----------+
| Name                   | Power (W) |
+------------------------+-----------+
| RV32IM72F8SPSoCTOP     |     0.217 |
|   clk_gen              |     0.117 |
|     inst               |     0.117 |
|   rv32im72f_8sp        |     0.096 |
|     alu                |     0.003 |
|       divider_word     |     0.001 |
|       multiplier_word  |     0.001 |
|     csr_file           |     0.002 |
|     data_memory        |     0.018 |
|     ex_ex2_register    |     0.005 |
|     ex_mem_register    |     0.006 |
|     exception_detector |     0.001 |
|     exr_ex_register    |     0.014 |
|     id_exr_register    |     0.005 |
|     if_io_register     |     0.002 |
|     instruction_memory |     0.028 |
|     io_id_register     |     0.003 |
|     mem_wb_register    |     0.005 |
+------------------------+-----------+


