Copyright 1986-2022 Xilinx, Inc. All Rights Reserved. Copyright 2022-2025 Advanced Micro Devices, Inc. All Rights Reserved.
------------------------------------------------------------------------------------------------------------------------------------------------------------------------
| Tool Version     : Vivado v.2025.2 (lin64) Build 6299465 Fri Nov 14 12:34:56 MST 2025
| Date             : Tue Sep 22 17:26:02 2026
| Host             : khwl-ThinkPad-X1-Carbon-Gen-13 running 64-bit Ubuntu 24.04.4 LTS
| Command          : report_power -hier all -file /home/khwl/Desktop/RV-IM100/riscof-env/saif_recost/RV64IM_7SP_BRAM_coremark/power_saif_hier.rpt
| Design           : RV64IM72F5SPSoCTOP
| Device           : xc7a200tsbg484-1
| Design State     : routed
| Grade            : commercial
| Process          : typical
| Characterization : Production
------------------------------------------------------------------------------------------------------------------------------------------------------------------------

Power Report

Table of Contents
-----------------
1. Summary
1.1 On-Chip Components
1.2 Power Supply Summary
1.3 Confidence Level
2. Settings
2.1 Environment
2.2 Clock Constraints
3. Detailed Reports
3.1 By Hierarchy

1. Summary
----------

+--------------------------+------------------------------------------------------------------------------------------------+
| Total On-Chip Power (W)  | 0.415                                                                                          |
| Design Power Budget (W)  | Unspecified*                                                                                   |
| Power Budget Margin (W)  | NA                                                                                             |
| Dynamic (W)              | 0.262                                                                                          |
| Device Static (W)        | 0.153                                                                                          |
| Effective TJA (C/W)      | 3.3                                                                                            |
| Max Ambient (C)          | 83.6                                                                                           |
| Junction Temperature (C) | 26.4                                                                                           |
| Confidence Level         | High                                                                                           |
| Setting File             | ---                                                                                            |
| Simulation Activity File | /home/khwl/Desktop/RV-IM100/riscof-env/saif/RV64IM_7SP_BRAM_coremark/kernel.saif |
| Design Nets Matched      | 71%   (17746/25067)                                                                            |
+--------------------------+------------------------------------------------------------------------------------------------+
* Specify Design Power Budget using, set_operating_conditions -design_power_budget <value in Watts>


1.1 On-Chip Components
----------------------

+--------------------------+-----------+----------+-----------+-----------------+
| On-Chip                  | Power (W) | Used     | Available | Utilization (%) |
+--------------------------+-----------+----------+-----------+-----------------+
| Clocks                   |     0.015 |        5 |       --- |             --- |
| Slice Logic              |     0.046 |    22103 |       --- |             --- |
|   LUT as Logic           |     0.042 |    12290 |    134600 |            9.13 |
|   F7/F8 Muxes            |     0.002 |     3050 |    134600 |            2.27 |
|   CARRY4                 |    <0.001 |      545 |     33650 |            1.62 |
|   LUT as Distributed RAM |    <0.001 |       88 |     46200 |            0.19 |
|   Register               |    <0.001 |     4664 |    269200 |            1.73 |
|   Others                 |     0.000 |       43 |       --- |             --- |
| Signals                  |     0.057 |    15182 |       --- |             --- |
| Block RAM                |     0.023 |       24 |       365 |            6.58 |
| PLL                      |     0.118 |        1 |        10 |           10.00 |
| DSPs                     |    <0.001 |       20 |       740 |            2.70 |
| I/O                      |     0.002 |       12 |       285 |            4.21 |
| Static Power             |     0.153 |          |           |                 |
| Total                    |     0.415 |          |           |                 |
+--------------------------+-----------+----------+-----------+-----------------+


1.2 Power Supply Summary
------------------------

+-----------+-------------+-----------+-------------+------------+-------------+-------------+------------+
| Source    | Voltage (V) | Total (A) | Dynamic (A) | Static (A) | Powerup (A) | Budget (A)  | Margin (A) |
+-----------+-------------+-----------+-------------+------------+-------------+-------------+------------+
| Vccint    |       1.000 |     0.184 |       0.152 |      0.032 |       NA    | Unspecified | NA         |
| Vccaux    |       1.800 |     0.089 |       0.059 |      0.031 |       NA    | Unspecified | NA         |
| Vcco33    |       3.300 |     0.005 |       0.000 |      0.005 |       NA    | Unspecified | NA         |
| Vcco25    |       2.500 |     0.006 |       0.001 |      0.005 |       NA    | Unspecified | NA         |
| Vcco18    |       1.800 |     0.000 |       0.000 |      0.000 |       NA    | Unspecified | NA         |
| Vcco15    |       1.500 |     0.000 |       0.000 |      0.000 |       NA    | Unspecified | NA         |
| Vcco135   |       1.350 |     0.000 |       0.000 |      0.000 |       NA    | Unspecified | NA         |
| Vcco12    |       1.200 |     0.000 |       0.000 |      0.000 |       NA    | Unspecified | NA         |
| Vccaux_io |       1.800 |     0.000 |       0.000 |      0.000 |       NA    | Unspecified | NA         |
| Vccbram   |       1.000 |     0.003 |       0.002 |      0.001 |       NA    | Unspecified | NA         |
| MGTAVcc   |       1.000 |     0.000 |       0.000 |      0.000 |       NA    | Unspecified | NA         |
| MGTAVtt   |       1.200 |     0.000 |       0.000 |      0.000 |       NA    | Unspecified | NA         |
| Vccadc    |       1.800 |     0.020 |       0.000 |      0.020 |       NA    | Unspecified | NA         |
+-----------+-------------+-----------+-------------+------------+-------------+-------------+------------+


1.3 Confidence Level
--------------------

+-----------------------------+------------+------------------------------------------------+--------+
| User Input Data             | Confidence | Details                                        | Action |
+-----------------------------+------------+------------------------------------------------+--------+
| Design implementation state | High       | Design is routed                               |        |
| Clock nodes activity        | High       | User specified more than 95% of clocks         |        |
| I/O nodes activity          | High       | User specified more than 95% of inputs         |        |
| Internal nodes activity     | High       | User specified more than 25% of internal nodes |        |
| Device models               | High       | Device models are Production                   |        |
|                             |            |                                                |        |
| Overall confidence level    | High       |                                                |        |
+-----------------------------+------------+------------------------------------------------+--------+


2. Settings
-----------

2.1 Environment
---------------

+-----------------------+--------------------------+
| Ambient Temp (C)      | 25.0                     |
| ThetaJA (C/W)         | 3.3                      |
| Airflow (LFM)         | 250                      |
| Heat Sink             | medium (Medium Profile)  |
| ThetaSA (C/W)         | 4.6                      |
| Board Selection       | medium (10"x10")         |
| # of Board Layers     | 12to15 (12 to 15 Layers) |
| Board Temperature (C) | 25.0                     |
+-----------------------+--------------------------+


2.2 Clock Constraints
---------------------

+--------------------+---------------------------------+-----------------+
| Clock              | Domain                          | Constraint (ns) |
+--------------------+---------------------------------+-----------------+
| clk                | clk                             |            10.0 |
| clk_out1_clk_wiz_0 | clk_gen/inst/clk_out1_clk_wiz_0 |            17.2 |
| clkfbout_clk_wiz_0 | clk_gen/inst/clkfbout_clk_wiz_0 |            50.0 |
+--------------------+---------------------------------+-----------------+


3. Detailed Reports
-------------------

3.1 By Hierarchy
----------------

+------------------------+-----------+---------+-----------+------+--------+----------+------------+---------+-----------+--------+----------+-------+---------+------------+--------------+
| Name                   | Power (W) | Clock # | Clock (W) | Io # | Io (W) | Signal # | Signal (W) | Logic # | Logic (W) | Bram # | Bram (W) | Dsp # | Dsp (W) | Clock IP # | Clock IP (W) |
+------------------------+-----------+---------+-----------+------+--------+----------+------------+---------+-----------+--------+----------+-------+---------+------------+--------------+
| RV64IM72F5SPSoCTOP     |     0.262 |       5 |     0.015 |   12 |  0.002 |    15182 |      0.057 |   22103 |     0.046 |     24 |    0.023 |    20 |  <0.001 |          1 |        0.118 |
|   clk_gen              |     0.118 |       5 |    <0.001 |    1 | <0.001 |        1 |      0.000 |       2 |     0.000 |      0 |    0.000 |     0 |   0.000 |          1 |        0.118 |
|     inst               |     0.118 |       5 |    <0.001 |    1 | <0.001 |        1 |      0.000 |       2 |     0.000 |      0 |    0.000 |     0 |   0.000 |          1 |        0.118 |
|   rv64im72f_6sp        |     0.141 |       5 |     0.015 |    0 |  0.000 |    15060 |      0.057 |   21946 |     0.046 |     24 |    0.023 |    20 |  <0.001 |          0 |        0.000 |
|     alu                |     0.007 |       5 |     0.004 |    0 |  0.000 |     4471 |      0.002 |    4368 |     0.001 |      0 |    0.000 |    20 |  <0.001 |          0 |        0.000 |
|       divider_dword    |     0.002 |       5 |     0.001 |    0 |  0.000 |     1169 |     <0.001 |    1417 |    <0.001 |      0 |    0.000 |     0 |   0.000 |          0 |        0.000 |
|       multiplier_dword |     0.001 |       5 |     0.001 |    0 |  0.000 |     1809 |     <0.001 |    1128 |    <0.001 |      0 |    0.000 |    16 |   0.000 |          0 |        0.000 |
|     csr_file           |     0.001 |       5 |     0.001 |    0 |  0.000 |      616 |     <0.001 |     609 |    <0.001 |      0 |    0.000 |     0 |   0.000 |          0 |        0.000 |
|     data_memory        |     0.017 |       5 |    <0.001 |    0 |  0.000 |      231 |     <0.001 |     170 |    <0.001 |     16 |    0.016 |     0 |   0.000 |          0 |        0.000 |
|     ex_ex2_register    |     0.040 |       5 |     0.003 |    0 |  0.000 |     2862 |      0.028 |    5162 |     0.010 |      0 |    0.000 |     0 |   0.000 |          0 |        0.000 |
|     ex_mem_register    |     0.005 |       5 |     0.001 |    0 |  0.000 |      846 |      0.003 |     935 |     0.001 |      0 |    0.000 |     0 |   0.000 |          0 |        0.000 |
|     exception_detector |     0.001 |       5 |    <0.001 |    0 |  0.000 |      110 |      0.001 |     115 |    <0.001 |      0 |    0.000 |     0 |   0.000 |          0 |        0.000 |
|     id_ex_register     |     0.026 |       5 |     0.001 |    0 |  0.000 |     2624 |      0.016 |    3217 |     0.008 |      0 |    0.000 |     0 |   0.000 |          0 |        0.000 |
|     if_io_register     |     0.001 |       5 |    <0.001 |    0 |  0.000 |      324 |     <0.001 |     329 |    <0.001 |      0 |    0.000 |     0 |   0.000 |          0 |        0.000 |
|     instruction_memory |     0.008 |       5 |    <0.001 |    0 |  0.000 |       96 |     <0.001 |      98 |    <0.001 |      8 |    0.008 |     0 |   0.000 |          0 |        0.000 |
|     io_id_register     |     0.003 |       5 |    <0.001 |    0 |  0.000 |      332 |      0.002 |     503 |    <0.001 |      0 |    0.000 |     0 |   0.000 |          0 |        0.000 |
|     mem_wb_register    |     0.004 |       5 |     0.001 |    0 |  0.000 |      739 |      0.002 |     746 |    <0.001 |      0 |    0.000 |     0 |   0.000 |          0 |        0.000 |
|     register_file      |     0.001 |       5 |    <0.001 |    0 |  0.000 |      128 |     <0.001 |     177 |    <0.001 |      0 |    0.000 |     0 |   0.000 |          0 |        0.000 |
+------------------------+-----------+---------+-----------+------+--------+----------+------------+---------+-----------+--------+----------+-------+---------+------------+--------------+


