Copyright 1986-2022 Xilinx, Inc. All Rights Reserved. Copyright 2022-2025 Advanced Micro Devices, Inc. All Rights Reserved.
---------------------------------------------------------------------------------------------------------------------------------------------
| Tool Version : Vivado v.2025.2 (lin64) Build 6299465 Fri Nov 14 12:34:56 MST 2025
| Date         : Wed Sep 16 02:02:32 2026
| Host         : khwl-ThinkPad-X1-Carbon-Gen-13 running 64-bit Ubuntu 24.04.4 LTS
| Command      : report_control_sets -verbose -file RV64IM72F5SPSoCTOP_control_sets_placed.rpt
| Design       : RV64IM72F5SPSoCTOP
| Device       : xc7a200t
---------------------------------------------------------------------------------------------------------------------------------------------

Control Set Information

Table of Contents
-----------------
1. Summary
2. Histogram
3. Flip-Flop Distribution
4. Detailed Control Set Information

1. Summary
----------

+----------------------------------------------------------+-------+
|                          Status                          | Count |
+----------------------------------------------------------+-------+
| Total control sets                                       |    42 |
|    Minimum number of control sets                        |    42 |
|    Addition due to synthesis replication                 |     0 |
|    Addition due to physical synthesis replication        |     0 |
| Unused register locations in slices containing registers |   120 |
+----------------------------------------------------------+-------+
* Control sets can be merged at opt_design using control_set_merge or merge_equivalent_drivers
** Run report_qor_suggestions for automated merging and remapping suggestions


2. Histogram
------------

+--------------------+-------+
|       Fanout       | Count |
+--------------------+-------+
| Total control sets |    42 |
| >= 0 to < 4        |     2 |
| >= 4 to < 6        |     6 |
| >= 6 to < 8        |     0 |
| >= 8 to < 10       |     2 |
| >= 10 to < 12      |     0 |
| >= 12 to < 14      |     0 |
| >= 14 to < 16      |     0 |
| >= 16              |    32 |
+--------------------+-------+
* Control sets can be remapped at either synth_design or opt_design


3. Flip-Flop Distribution
-------------------------

+--------------+-----------------------+------------------------+-----------------+--------------+
| Clock Enable | Synchronous Set/Reset | Asynchronous Set/Reset | Total Registers | Total Slices |
+--------------+-----------------------+------------------------+-----------------+--------------+
| No           | No                    | No                     |               5 |            3 |
| No           | No                    | Yes                    |              49 |           23 |
| No           | Yes                   | No                     |               0 |            0 |
| Yes          | No                    | No                     |              96 |           35 |
| Yes          | No                    | Yes                    |            2068 |          739 |
| Yes          | Yes                   | No                     |            2446 |         1058 |
+--------------+-----------------------+------------------------+-----------------+--------------+


4. Detailed Control Set Information
-----------------------------------

+------------------------+------------------------------------------------------------------+----------------------------------------------------------+------------------+----------------+--------------+
|      Clock Signal      |                           Enable Signal                          |                     Set/Reset Signal                     | Slice Load Count | Bel Load Count | Bels / Slice |
+------------------------+------------------------------------------------------------------+----------------------------------------------------------+------------------+----------------+--------------+
|  clk_gen/inst/clk_out1 | uart_tx/tx_i_1_n_0                                               | internal_reset                                           |                1 |              1 |         1.00 |
|  clk_gen/inst/clk_out1 |                                                                  | reset                                                    |                2 |              3 |         1.50 |
|  clk_gen/inst/clk_out1 | rv64im72f_6sp/alu/multiplier_dword/FSM_onehot_stage[3]_i_1_n_0   | internal_reset                                           |                1 |              4 |         4.00 |
|  clk_gen/inst/clk_out1 | uart_tx/bit_counter[3]_i_1__1_n_0                                | internal_reset                                           |                1 |              4 |         4.00 |
|  clk_gen/inst/clk_out1 | rv64im72f_6sp/alu/multiplier_word/FSM_onehot_stage[3]_i_1__0_n_0 | internal_reset                                           |                1 |              4 |         4.00 |
|  clk_gen/inst/clk_out1 | rv64im72f_6sp/alu/divider_dword/FSM_onehot_state[3]_i_1__0_n_0   | internal_reset                                           |                1 |              4 |         4.00 |
|  clk_gen/inst/clk_out1 | rv64im72f_6sp/alu/divider_word/FSM_onehot_state[3]_i_1_n_0       | internal_reset                                           |                2 |              4 |         2.00 |
|  clk_gen/inst/clk_out1 |                                                                  |                                                          |                3 |              5 |         1.67 |
|  clk_gen/inst/clk_out1 | mmio_interface/E[0]                                              | internal_reset                                           |                4 |              9 |         2.25 |
|  clk_gen/inst/clk_out1 | uart_tx/shift_reg[8]_i_1_n_0                                     | internal_reset                                           |                4 |              9 |         2.25 |
|  clk_gen/inst/clk_out1 | rv64im72f_6sp/id_ex_register/cpu_clk_enable_reg_0[0]             |                                                          |               11 |             32 |         2.91 |
|  clk_gen/inst/clk_out1 | rv64im72f_6sp/id_ex_register/cpu_clk_enable_reg_1[0]             | internal_reset                                           |               11 |             34 |         3.09 |
|  clk_gen/inst/clk_out1 | rv64im72f_6sp/alu/divider_word/quotient_sign4_out                | internal_reset                                           |               11 |             34 |         3.09 |
|  clk_gen/inst/clk_out1 | rv64im72f_6sp/alu/multiplier_word/result_sign_s22_out            | internal_reset                                           |               12 |             37 |         3.08 |
|  clk_gen/inst/clk_out1 |                                                                  | internal_reset                                           |               21 |             46 |         2.19 |
|  clk_gen/inst/clk_out1 | rv64im72f_6sp/id_ex_register/RDEN                                | internal_reset                                           |               27 |             64 |         2.37 |
|  clk_gen/inst/clk_out1 | rv64im72f_6sp/mem_wb_register/WB_raw_imm_reg[3]_0[0]             | internal_reset                                           |               22 |             64 |         2.91 |
|  clk_gen/inst/clk_out1 | rv64im72f_6sp/id_ex_register/cpu_clk_enable_reg_2[0]             |                                                          |               24 |             64 |         2.67 |
|  clk_gen/inst/clk_out1 | rv64im72f_6sp/exception_detector/WB_raw_imm_reg[11][0]           | internal_reset                                           |               18 |             64 |         3.56 |
|  clk_gen/inst/clk_out1 | rv64im72f_6sp/exception_detector/WB_csr_write_enable_reg[0]      | internal_reset                                           |               32 |             64 |         2.00 |
|  clk_gen/inst/clk_out1 | rv64im72f_6sp/exception_detector/cpu_clk_enable_reg[0]           | internal_reset                                           |               18 |             64 |         3.56 |
|  clk_gen/inst/clk_out1 | rv64im72f_6sp/alu/multiplier_word/prod_low[31]_i_1__0_n_0        | internal_reset                                           |               30 |             64 |         2.13 |
|  clk_gen/inst/clk_out1 | rv64im72f_6sp/exception_detector/E[0]                            | rv64im72f_6sp/exception_detector/SR[0]                   |               56 |             64 |         1.14 |
|  clk_gen/inst/clk_out1 | rv64im72f_6sp/csr_file/minstret[0]                               | internal_reset                                           |               17 |             64 |         3.76 |
|  clk_gen/inst/clk_out1 | rv64im72f_6sp/alu/divider_word/quotient_reg[31]_i_1_n_0          | internal_reset                                           |               18 |             64 |         3.56 |
|  clk_gen/inst/clk_out1 | rv64im72f_6sp/id_ex_register/cpu_clk_enable_reg_4[0]             | internal_reset                                           |               19 |             65 |         3.42 |
|  clk_gen/inst/clk_out1 | rv64im72f_6sp/alu/divider_dword/quotient_sign4_out               | internal_reset                                           |               19 |             66 |         3.47 |
|  clk_gen/inst/clk_out1 | rv64im72f_6sp/id_ex_register/cpu_clk_enable_reg_3[0]             | internal_reset                                           |               39 |             68 |         1.74 |
|  clk_gen/inst/clk_out1 | rv64im72f_6sp/alu/divider_word/bit_counter[5]_i_1_n_0            | internal_reset                                           |               30 |             70 |         2.33 |
|  clk_gen/inst/clk_out1 | rv64im72f_6sp/alu/divider_dword/quotient_reg[63]_i_1_n_0         | internal_reset                                           |               38 |            128 |         3.37 |
|  clk_gen/inst/clk_out1 | rv64im72f_6sp/alu/multiplier_dword/prod_high[63]_i_1_n_0         | internal_reset                                           |               46 |            128 |         2.78 |
|  clk_gen/inst/clk_out1 | rv64im72f_6sp/id_ex_register/cpu_clk_enable_reg[0]               | internal_reset                                           |               37 |            129 |         3.49 |
|  clk_gen/inst/clk_out1 | rv64im72f_6sp/alu/divider_dword/bit_counter[6]_i_1_n_0           | internal_reset                                           |               58 |            135 |         2.33 |
|  clk_gen/inst/clk_out1 | rv64im72f_6sp/alu/multiplier_dword/result_sign_s22_out           | internal_reset                                           |               59 |            145 |         2.46 |
|  clk_gen/inst/clk_out1 | rv64im72f_6sp/if_io_register/IO_pc[63]_i_2_n_0                   | rv64im72f_6sp/exception_detector/cpu_clk_enable_reg_1[0] |               44 |            160 |         3.64 |
|  clk_gen/inst/clk_out1 | rv64im72f_6sp/id_ex_register/E[0]                                | rv64im72f_6sp/exception_detector/cpu_clk_enable_reg_4[0] |               60 |            161 |         2.68 |
|  clk_gen/inst/clk_out1 | rv64im72f_6sp/mem_wb_register/p_0_in2_out                        |                                                          |               22 |            176 |         8.00 |
|  clk_gen/inst/clk_out1 | rv64im72f_6sp/exception_detector/E[0]                            | rv64im72f_6sp/mem_wb_register/WB_pc_plus_4[63]_i_1_n_0   |              132 |            388 |         2.94 |
|  clk_gen/inst/clk_out1 | rv64im72f_6sp/exception_detector/E[0]                            | rv64im72f_6sp/trap_controller/SR[0]                      |              145 |            391 |         2.70 |
|  clk_gen/inst/clk_out1 | rv64im72f_6sp/id_ex_register/E[0]                                | rv64im72f_6sp/exception_detector/cpu_clk_enable_reg_3[0] |              175 |            470 |         2.69 |
|  clk_gen/inst/clk_out1 | cpu_clk_enable                                                   | internal_reset                                           |              163 |            478 |         2.93 |
|  clk_gen/inst/clk_out1 | rv64im72f_6sp/exception_detector/E[0]                            | rv64im72f_6sp/exception_detector/cpu_clk_enable_reg_2    |              446 |            812 |         1.82 |
+------------------------+------------------------------------------------------------------+----------------------------------------------------------+------------------+----------------+--------------+


