Copyright 1986-2022 Xilinx, Inc. All Rights Reserved. Copyright 2022-2025 Advanced Micro Devices, Inc. All Rights Reserved.
-----------------------------------------------------------------------------------------------------------------------------------------------------------
| Tool Version : Vivado v.2025.2 (lin64) Build 6299465 Fri Nov 14 12:34:56 MST 2025
| Date         : Wed Sep 16 01:42:36 2026
| Host         : khwl-ThinkPad-X1-Carbon-Gen-13 running 64-bit Ubuntu 24.04.4 LTS
| Command      : report_timing_summary -file /home/khwl/Desktop/RV-IM100/riscof-env/logs/sweep_exact/RV64IM_7SP_BRAM_coremark/f56/timing.rpt
| Design       : RV64IM72F5SPSoCTOP
| Device       : 7a200t-sbg484
| Speed File   : -1  PRODUCTION 1.23 2018-06-13
| Design State : Physopt postRoute
-----------------------------------------------------------------------------------------------------------------------------------------------------------

Timing Summary Report

------------------------------------------------------------------------------------------------
| Timer Settings
| --------------
------------------------------------------------------------------------------------------------

  Enable Multi Corner Analysis               :  Yes
  Enable Pessimism Removal                   :  Yes
  Pessimism Removal Resolution               :  Nearest Common Node
  Enable Input Delay Default Clock           :  No
  Enable Preset / Clear Arcs                 :  No
  Disable Flight Delays                      :  No
  Ignore I/O Paths                           :  No
  Timing Early Launch at Borrowing Latches   :  No
  Borrow Time for Max Delay Exceptions       :  Yes
  Merge Timing Exceptions                    :  Yes
  Inter-SLR Compensation                     :  Conservative

  Corner  Analyze    Analyze    
  Name    Max Paths  Min Paths  
  ------  ---------  ---------  
  Slow    Yes        Yes        
  Fast    Yes        Yes        


------------------------------------------------------------------------------------------------
| Report Methodology
| ------------------
------------------------------------------------------------------------------------------------

Rule      Severity  Description                                 Violations  
--------  --------  ------------------------------------------  ----------  
DPIR-1    Warning   Asynchronous driver check                   623         
SYNTH-6   Warning   Timing of a RAM block might be sub-optimal  24          
SYNTH-10  Warning   Wide multiplier                             20          

Note: This report is based on the most recent report_methodology run and may not be up-to-date. Run report_methodology on the current design for the latest report.



check_timing report

Table of Contents
-----------------
1. checking no_clock (0)
2. checking constant_clock (0)
3. checking pulse_width_clock (0)
4. checking unconstrained_internal_endpoints (0)
5. checking no_input_delay (2)
6. checking no_output_delay (9)
7. checking multiple_clock (0)
8. checking generated_clocks (0)
9. checking loops (0)
10. checking partial_input_delay (0)
11. checking partial_output_delay (0)
12. checking latch_loops (0)

1. checking no_clock (0)
------------------------
 There are 0 register/latch pins with no clock.


2. checking constant_clock (0)
------------------------------
 There are 0 register/latch pins with constant_clock.


3. checking pulse_width_clock (0)
---------------------------------
 There are 0 register/latch pins which need pulse_width check


4. checking unconstrained_internal_endpoints (0)
------------------------------------------------
 There are 0 pins that are not constrained for maximum delay.

 There are 0 pins that are not constrained for maximum delay due to constant clock.


5. checking no_input_delay (2)
------------------------------
 There are 0 input ports with no input delay specified.

 There are 2 input ports with no input delay but user has a false path constraint. (MEDIUM)


6. checking no_output_delay (9)
-------------------------------
 There are 0 ports with no output delay specified.

 There are 9 ports with no output delay but user has a false path constraint (MEDIUM)

 There are 0 ports with no output delay but with a timing clock defined on it or propagating through it


7. checking multiple_clock (0)
------------------------------
 There are 0 register/latch pins with multiple clocks.


8. checking generated_clocks (0)
--------------------------------
 There are 0 generated clocks that are not connected to a clock source.


9. checking loops (0)
---------------------
 There are 0 combinational loops in the design.


10. checking partial_input_delay (0)
------------------------------------
 There are 0 input ports with partial input delay specified.


11. checking partial_output_delay (0)
-------------------------------------
 There are 0 ports with partial output delay specified.


12. checking latch_loops (0)
----------------------------
 There are 0 combinational latch loops in the design through latch input



------------------------------------------------------------------------------------------------
| Design Timing Summary
| ---------------------
------------------------------------------------------------------------------------------------

    WNS(ns)      TNS(ns)  TNS Failing Endpoints  TNS Total Endpoints      WHS(ns)      THS(ns)  THS Failing Endpoints  THS Total Endpoints     WPWS(ns)     TPWS(ns)  TPWS Failing Endpoints  TPWS Total Endpoints  
    -------      -------  ---------------------  -------------------      -------      -------  ---------------------  -------------------     --------     --------  ----------------------  --------------------  
      0.233        0.000                      0                16432        0.106        0.000                      0                16432        2.633        0.000                       0                  4897  


All user specified timing constraints are met.


------------------------------------------------------------------------------------------------
| Clock Summary
| -------------
------------------------------------------------------------------------------------------------

Clock                 Waveform(ns)       Period(ns)      Frequency(MHz)
-----                 ------------       ----------      --------------
clk                   {0.000 5.000}      10.000          100.000         
  clk_out1_clk_wiz_0  {0.000 8.929}      17.857          56.000          
  clkfbout_clk_wiz_0  {0.000 25.000}     50.000          20.000          


------------------------------------------------------------------------------------------------
| Intra Clock Table
| -----------------
------------------------------------------------------------------------------------------------

Clock                     WNS(ns)      TNS(ns)  TNS Failing Endpoints  TNS Total Endpoints      WHS(ns)      THS(ns)  THS Failing Endpoints  THS Total Endpoints     WPWS(ns)     TPWS(ns)  TPWS Failing Endpoints  TPWS Total Endpoints  
-----                     -------      -------  ---------------------  -------------------      -------      -------  ---------------------  -------------------     --------     --------  ----------------------  --------------------  
clk                                                                                                                                                                     3.000        0.000                       0                     1  
  clk_out1_clk_wiz_0        0.233        0.000                      0                14318        0.106        0.000                      0                14318        7.679        0.000                       0                  4893  
  clkfbout_clk_wiz_0                                                                                                                                                    2.633        0.000                       0                     3  


------------------------------------------------------------------------------------------------
| Inter Clock Table
| -----------------
------------------------------------------------------------------------------------------------

From Clock    To Clock          WNS(ns)      TNS(ns)  TNS Failing Endpoints  TNS Total Endpoints      WHS(ns)      THS(ns)  THS Failing Endpoints  THS Total Endpoints  
----------    --------          -------      -------  ---------------------  -------------------      -------      -------  ---------------------  -------------------  


------------------------------------------------------------------------------------------------
| Other Path Groups Table
| -----------------------
------------------------------------------------------------------------------------------------

Path Group          From Clock          To Clock                WNS(ns)      TNS(ns)  TNS Failing Endpoints  TNS Total Endpoints      WHS(ns)      THS(ns)  THS Failing Endpoints  THS Total Endpoints  
----------          ----------          --------                -------      -------  ---------------------  -------------------      -------      -------  ---------------------  -------------------  
**async_default**   clk_out1_clk_wiz_0  clk_out1_clk_wiz_0        6.216        0.000                      0                 2114        0.392        0.000                      0                 2114  


------------------------------------------------------------------------------------------------
| Timing Details
| --------------
------------------------------------------------------------------------------------------------


---------------------------------------------------------------------------------------------------
From Clock:  clk
  To Clock:  clk

Setup :           NA  Failing Endpoints,  Worst Slack           NA  ,  Total Violation           NA
Hold  :           NA  Failing Endpoints,  Worst Slack           NA  ,  Total Violation           NA
PW    :            0  Failing Endpoints,  Worst Slack        3.000ns,  Total Violation        0.000ns
---------------------------------------------------------------------------------------------------


Pulse Width Checks
--------------------------------------------------------------------------------------
Clock Name:         clk
Waveform(ns):       { 0.000 5.000 }
Period(ns):         10.000
Sources:            { clk }

Check Type        Corner  Lib Pin           Reference Pin  Required(ns)  Actual(ns)  Slack(ns)  Location        Pin
Min Period        n/a     PLLE2_ADV/CLKIN1  n/a            1.249         10.000      8.751      PLLE2_ADV_X1Y2  clk_gen/inst/plle2_adv_inst/CLKIN1
Max Period        n/a     PLLE2_ADV/CLKIN1  n/a            52.633        10.000      42.633     PLLE2_ADV_X1Y2  clk_gen/inst/plle2_adv_inst/CLKIN1
Low Pulse Width   Slow    PLLE2_ADV/CLKIN1  n/a            2.000         5.000       3.000      PLLE2_ADV_X1Y2  clk_gen/inst/plle2_adv_inst/CLKIN1
High Pulse Width  Slow    PLLE2_ADV/CLKIN1  n/a            2.000         5.000       3.000      PLLE2_ADV_X1Y2  clk_gen/inst/plle2_adv_inst/CLKIN1



---------------------------------------------------------------------------------------------------
From Clock:  clk_out1_clk_wiz_0
  To Clock:  clk_out1_clk_wiz_0

Setup :            0  Failing Endpoints,  Worst Slack        0.233ns,  Total Violation        0.000ns
Hold  :            0  Failing Endpoints,  Worst Slack        0.106ns,  Total Violation        0.000ns
PW    :            0  Failing Endpoints,  Worst Slack        7.679ns,  Total Violation        0.000ns
---------------------------------------------------------------------------------------------------


Max Delay Paths
--------------------------------------------------------------------------------------
Slack (MET) :             0.233ns  (required time - arrival time)
  Source:                 rv64im72f_6sp/ex_mem_register/MEM_alu_result_reg[2]/C
                            (rising edge-triggered cell FDRE clocked by clk_out1_clk_wiz_0  {rise@0.000ns fall@8.929ns period=17.857ns})
  Destination:            rv64im72f_6sp/exception_detector/trap_status_reg[0]/D
                            (rising edge-triggered cell FDCE clocked by clk_out1_clk_wiz_0  {rise@0.000ns fall@8.929ns period=17.857ns})
  Path Group:             clk_out1_clk_wiz_0
  Path Type:              Setup (Max at Slow Process Corner)
  Requirement:            17.857ns  (clk_out1_clk_wiz_0 rise@17.857ns - clk_out1_clk_wiz_0 rise@0.000ns)
  Data Path Delay:        17.462ns  (logic 4.468ns (25.586%)  route 12.994ns (74.414%))
  Logic Levels:           27  (CARRY4=6 LUT3=3 LUT4=1 LUT5=5 LUT6=12)
  Clock Path Skew:        -0.030ns (DCD - SCD + CPR)
    Destination Clock Delay (DCD):    -1.833ns = ( 16.024 - 17.857 ) 
    Source Clock Delay      (SCD):    -2.222ns
    Clock Pessimism Removal (CPR):    -0.418ns
  Clock Uncertainty:      0.162ns  ((TSJ^2 + DJ^2)^1/2) / 2 + PE
    Total System Jitter     (TSJ):    0.071ns
    Discrete Jitter          (DJ):    0.317ns
    Phase Error              (PE):    0.000ns

    Location             Delay type                Incr(ns)  Path(ns)    Netlist Resource(s)
  -------------------------------------------------------------------    -------------------
                         (clock clk_out1_clk_wiz_0 rise edge)
                                                      0.000     0.000 r  
    R4                                                0.000     0.000 r  clk (IN)
                         net (fo=0)                   0.000     0.000    clk_gen/inst/clk_in1
    R4                   IBUF (Prop_ibuf_I_O)         1.475     1.475 r  clk_gen/inst/clkin1_ibufg/O
                         net (fo=1, routed)           1.253     2.728    clk_gen/inst/clk_in1_clk_wiz_0
    PLLE2_ADV_X1Y2       PLLE2_ADV (Prop_plle2_adv_CLKIN1_CLKOUT0)
                                                     -8.953    -6.225 r  clk_gen/inst/plle2_adv_inst/CLKOUT0
                         net (fo=1, routed)           1.802    -4.422    clk_gen/inst/clk_out1_clk_wiz_0
    BUFGCTRL_X0Y0        BUFG (Prop_bufg_I_O)         0.096    -4.326 r  clk_gen/inst/clkout1_buf/O
                         net (fo=4891, routed)        2.104    -2.222    rv64im72f_6sp/ex_mem_register/clk_out1
    SLICE_X36Y20         FDRE                                         r  rv64im72f_6sp/ex_mem_register/MEM_alu_result_reg[2]/C
  -------------------------------------------------------------------    -------------------
    SLICE_X36Y20         FDRE (Prop_fdre_C_Q)         0.518    -1.704 r  rv64im72f_6sp/ex_mem_register/MEM_alu_result_reg[2]/Q
                         net (fo=119, routed)         0.905    -0.799    rv64im72f_6sp/ex_mem_register/Q[2]
    SLICE_X36Y19         LUT3 (Prop_lut3_I1_O)        0.124    -0.675 r  rv64im72f_6sp/ex_mem_register/pc_stall0_i_91/O
                         net (fo=1, routed)           0.000    -0.675    rv64im72f_6sp/ex_mem_register/pc_stall0_i_91_n_0
    SLICE_X36Y19         CARRY4 (Prop_carry4_S[0]_CO[3])
                                                      0.513    -0.162 r  rv64im72f_6sp/ex_mem_register/pc_stall0_i_83/CO[3]
                         net (fo=1, routed)           0.000    -0.162    rv64im72f_6sp/ex_mem_register/pc_stall0_i_83_n_0
    SLICE_X36Y20         CARRY4 (Prop_carry4_CI_CO[3])
                                                      0.117    -0.045 r  rv64im72f_6sp/ex_mem_register/pc_stall0_i_78/CO[3]
                         net (fo=1, routed)           0.000    -0.045    rv64im72f_6sp/ex_mem_register/pc_stall0_i_78_n_0
    SLICE_X36Y21         CARRY4 (Prop_carry4_CI_CO[3])
                                                      0.117     0.072 r  rv64im72f_6sp/ex_mem_register/pc_stall0_i_72/CO[3]
                         net (fo=1, routed)           0.000     0.072    rv64im72f_6sp/ex_mem_register/pc_stall0_i_72_n_0
    SLICE_X36Y22         CARRY4 (Prop_carry4_CI_CO[3])
                                                      0.117     0.189 r  rv64im72f_6sp/ex_mem_register/pc_stall0_i_45/CO[3]
                         net (fo=1, routed)           0.000     0.189    rv64im72f_6sp/ex_mem_register/pc_stall0_i_45_n_0
    SLICE_X36Y23         CARRY4 (Prop_carry4_CI_CO[3])
                                                      0.117     0.306 r  rv64im72f_6sp/ex_mem_register/pc_stall0_i_31/CO[3]
                         net (fo=1, routed)           0.000     0.306    rv64im72f_6sp/ex_mem_register/pc_stall0_i_31_n_0
    SLICE_X36Y24         CARRY4 (Prop_carry4_CI_CO[1])
                                                      0.157     0.463 r  rv64im72f_6sp/ex_mem_register/pc_stall0_i_15/CO[1]
                         net (fo=105, routed)         0.969     1.432    rv64im72f_6sp/data_memory/CO[0]
    SLICE_X38Y25         LUT5 (Prop_lut5_I4_O)        0.332     1.764 f  rv64im72f_6sp/data_memory/WB_byte_enable_logic_register_file_write_data[63]_i_14/O
                         net (fo=2, routed)           0.957     2.721    rv64im72f_6sp/data_memory/rom_read_data_reg[63][8]
    SLICE_X32Y27         LUT6 (Prop_lut6_I5_O)        0.124     2.845 f  rv64im72f_6sp/data_memory/WB_byte_enable_logic_register_file_write_data[63]_i_4/O
                         net (fo=39, routed)          0.854     3.699    rv64im72f_6sp/ex_mem_register/WB_byte_enable_logic_register_file_write_data_reg[63]_0
    SLICE_X30Y29         LUT6 (Prop_lut6_I1_O)        0.124     3.823 r  rv64im72f_6sp/ex_mem_register/dividend_reg[7]_i_7/O
                         net (fo=1, routed)           0.436     4.259    rv64im72f_6sp/ex_mem_register/dividend_reg[7]_i_7_n_0
    SLICE_X25Y29         LUT6 (Prop_lut6_I5_O)        0.124     4.383 f  rv64im72f_6sp/ex_mem_register/dividend_reg[7]_i_3/O
                         net (fo=3, routed)           0.597     4.980    rv64im72f_6sp/ex_ex2_register/MEM_forward_data_value[0]
    SLICE_X24Y28         LUT6 (Prop_lut6_I0_O)        0.124     5.104 f  rv64im72f_6sp/ex_ex2_register/dividend_reg[7]_i_2/O
                         net (fo=1, routed)           0.640     5.744    rv64im72f_6sp/id_ex_register/alu_forward_source_data_a[0]
    SLICE_X23Y29         LUT6 (Prop_lut6_I0_O)        0.124     5.868 f  rv64im72f_6sp/id_ex_register/dividend_reg[7]_i_1/O
                         net (fo=39, routed)          1.015     6.883    rv64im72f_6sp/id_ex_register/src_A[7]
    SLICE_X21Y32         LUT6 (Prop_lut6_I5_O)        0.124     7.007 f  rv64im72f_6sp/id_ex_register/i___50_i_39/O
                         net (fo=1, routed)           0.850     7.858    rv64im72f_6sp/id_ex_register/i___50_i_39_n_0
    SLICE_X25Y35         LUT3 (Prop_lut3_I2_O)        0.124     7.982 f  rv64im72f_6sp/id_ex_register/i___50_i_30/O
                         net (fo=4, routed)           0.522     8.504    rv64im72f_6sp/id_ex_register/i___50_i_30_n_0
    SLICE_X24Y35         LUT5 (Prop_lut5_I0_O)        0.124     8.628 f  rv64im72f_6sp/id_ex_register/i___51_i_32/O
                         net (fo=4, routed)           0.686     9.314    rv64im72f_6sp/id_ex_register/i___51_i_32_n_0
    SLICE_X21Y34         LUT3 (Prop_lut3_I0_O)        0.124     9.438 f  rv64im72f_6sp/id_ex_register/i___52_i_16/O
                         net (fo=2, routed)           0.426     9.864    rv64im72f_6sp/id_ex_register/i___52_i_16_n_0
    SLICE_X20Y33         LUT6 (Prop_lut6_I5_O)        0.124     9.988 f  rv64im72f_6sp/id_ex_register/i___52_i_8/O
                         net (fo=1, routed)           0.836    10.824    rv64im72f_6sp/id_ex_register/i___52_i_8_n_0
    SLICE_X16Y32         LUT6 (Prop_lut6_I2_O)        0.124    10.948 f  rv64im72f_6sp/id_ex_register/i___52_i_2/O
                         net (fo=2, routed)           0.575    11.523    rv64im72f_6sp/id_ex_register/i___62_i_6_0[1]
    SLICE_X13Y33         LUT6 (Prop_lut6_I4_O)        0.124    11.647 f  rv64im72f_6sp/id_ex_register/EX2_alu_result[1]_i_1/O
                         net (fo=5, routed)           0.613    12.259    rv64im72f_6sp/id_ex_register/dividend_reg_reg[63][1]
    SLICE_X13Y27         LUT5 (Prop_lut5_I0_O)        0.124    12.383 f  rv64im72f_6sp/id_ex_register/trap_status[0]_i_11/O
                         net (fo=1, routed)           0.427    12.810    rv64im72f_6sp/id_ex_register/trap_status[0]_i_11_n_0
    SLICE_X12Y26         LUT4 (Prop_lut4_I0_O)        0.124    12.934 f  rv64im72f_6sp/id_ex_register/trap_status[0]_i_8/O
                         net (fo=2, routed)           0.463    13.398    rv64im72f_6sp/id_ex_register/trap_status[0]_i_8_n_0
    SLICE_X10Y26         LUT6 (Prop_lut6_I0_O)        0.124    13.522 f  rv64im72f_6sp/id_ex_register/trap_status[2]_i_7/O
                         net (fo=2, routed)           0.177    13.698    rv64im72f_6sp/id_ex_register/trap_status[2]_i_7_n_0
    SLICE_X10Y26         LUT5 (Prop_lut5_I4_O)        0.124    13.822 r  rv64im72f_6sp/id_ex_register/trapped_i_8/O
                         net (fo=2, routed)           0.317    14.140    rv64im72f_6sp/id_ex_register/trapped_i_8_n_0
    SLICE_X10Y25         LUT5 (Prop_lut5_I4_O)        0.124    14.264 r  rv64im72f_6sp/id_ex_register/trapped_i_4/O
                         net (fo=6, routed)           0.465    14.728    rv64im72f_6sp/id_ex_register/EX_opcode_reg[0]_0
    SLICE_X11Y24         LUT6 (Prop_lut6_I0_O)        0.124    14.852 r  rv64im72f_6sp/id_ex_register/trap_status[0]_i_4/O
                         net (fo=1, routed)           0.264    15.117    rv64im72f_6sp/ex_mem_register/trap_status_reg[0]_0
    SLICE_X11Y24         LUT6 (Prop_lut6_I2_O)        0.124    15.241 r  rv64im72f_6sp/ex_mem_register/trap_status[0]_i_1/O
                         net (fo=1, routed)           0.000    15.241    rv64im72f_6sp/exception_detector/trap_status_reg[2]_3[0]
    SLICE_X11Y24         FDCE                                         r  rv64im72f_6sp/exception_detector/trap_status_reg[0]/D
  -------------------------------------------------------------------    -------------------

                         (clock clk_out1_clk_wiz_0 rise edge)
                                                     17.857    17.857 r  
    R4                                                0.000    17.857 r  clk (IN)
                         net (fo=0)                   0.000    17.857    clk_gen/inst/clk_in1
    R4                   IBUF (Prop_ibuf_I_O)         1.405    19.262 r  clk_gen/inst/clkin1_ibufg/O
                         net (fo=1, routed)           1.181    20.443    clk_gen/inst/clk_in1_clk_wiz_0
    PLLE2_ADV_X1Y2       PLLE2_ADV (Prop_plle2_adv_CLKIN1_CLKOUT0)
                                                     -8.206    12.237 r  clk_gen/inst/plle2_adv_inst/CLKOUT0
                         net (fo=1, routed)           1.718    13.955    clk_gen/inst/clk_out1_clk_wiz_0
    BUFGCTRL_X0Y0        BUFG (Prop_bufg_I_O)         0.091    14.046 r  clk_gen/inst/clkout1_buf/O
                         net (fo=4891, routed)        1.978    16.024    rv64im72f_6sp/exception_detector/clk_out1
    SLICE_X11Y24         FDCE                                         r  rv64im72f_6sp/exception_detector/trap_status_reg[0]/C
                         clock pessimism             -0.418    15.605    
                         clock uncertainty           -0.162    15.443    
    SLICE_X11Y24         FDCE (Setup_fdce_C_D)        0.031    15.474    rv64im72f_6sp/exception_detector/trap_status_reg[0]
  -------------------------------------------------------------------
                         required time                         15.474    
                         arrival time                         -15.241    
  -------------------------------------------------------------------
                         slack                                  0.233    





Min Delay Paths
--------------------------------------------------------------------------------------
Slack (MET) :             0.106ns  (arrival time - required time)
  Source:                 rv64im72f_6sp/id_ex_register/EX_instruction_reg[2]/C
                            (rising edge-triggered cell FDRE clocked by clk_out1_clk_wiz_0  {rise@0.000ns fall@8.929ns period=17.857ns})
  Destination:            rv64im72f_6sp/ex_ex2_register/EX2_instruction_reg[2]/D
                            (rising edge-triggered cell FDRE clocked by clk_out1_clk_wiz_0  {rise@0.000ns fall@8.929ns period=17.857ns})
  Path Group:             clk_out1_clk_wiz_0
  Path Type:              Hold (Min at Fast Process Corner)
  Requirement:            0.000ns  (clk_out1_clk_wiz_0 rise@0.000ns - clk_out1_clk_wiz_0 rise@0.000ns)
  Data Path Delay:        0.195ns  (logic 0.141ns (72.269%)  route 0.054ns (27.731%))
  Logic Levels:           0  
  Clock Path Skew:        0.013ns (DCD - SCD - CPR)
    Destination Clock Delay (DCD):    -0.247ns
    Source Clock Delay      (SCD):    -0.481ns
    Clock Pessimism Removal (CPR):    0.221ns

    Location             Delay type                Incr(ns)  Path(ns)    Netlist Resource(s)
  -------------------------------------------------------------------    -------------------
                         (clock clk_out1_clk_wiz_0 rise edge)
                                                      0.000     0.000 r  
    R4                                                0.000     0.000 r  clk (IN)
                         net (fo=0)                   0.000     0.000    clk_gen/inst/clk_in1
    R4                   IBUF (Prop_ibuf_I_O)         0.243     0.243 r  clk_gen/inst/clkin1_ibufg/O
                         net (fo=1, routed)           0.440     0.683    clk_gen/inst/clk_in1_clk_wiz_0
    PLLE2_ADV_X1Y2       PLLE2_ADV (Prop_plle2_adv_CLKIN1_CLKOUT0)
                                                     -2.503    -1.819 r  clk_gen/inst/plle2_adv_inst/CLKOUT0
                         net (fo=1, routed)           0.546    -1.273    clk_gen/inst/clk_out1_clk_wiz_0
    BUFGCTRL_X0Y0        BUFG (Prop_bufg_I_O)         0.026    -1.247 r  clk_gen/inst/clkout1_buf/O
                         net (fo=4891, routed)        0.767    -0.481    rv64im72f_6sp/id_ex_register/clk_out1
    SLICE_X13Y0          FDRE                                         r  rv64im72f_6sp/id_ex_register/EX_instruction_reg[2]/C
  -------------------------------------------------------------------    -------------------
    SLICE_X13Y0          FDRE (Prop_fdre_C_Q)         0.141    -0.340 r  rv64im72f_6sp/id_ex_register/EX_instruction_reg[2]/Q
                         net (fo=1, routed)           0.054    -0.285    rv64im72f_6sp/ex_ex2_register/EX2_instruction_reg[31]_1[2]
    SLICE_X12Y0          FDRE                                         r  rv64im72f_6sp/ex_ex2_register/EX2_instruction_reg[2]/D
  -------------------------------------------------------------------    -------------------

                         (clock clk_out1_clk_wiz_0 rise edge)
                                                      0.000     0.000 r  
    R4                                                0.000     0.000 r  clk (IN)
                         net (fo=0)                   0.000     0.000    clk_gen/inst/clk_in1
    R4                   IBUF (Prop_ibuf_I_O)         0.431     0.431 r  clk_gen/inst/clkin1_ibufg/O
                         net (fo=1, routed)           0.481     0.912    clk_gen/inst/clk_in1_clk_wiz_0
    PLLE2_ADV_X1Y2       PLLE2_ADV (Prop_plle2_adv_CLKIN1_CLKOUT0)
                                                     -2.828    -1.916 r  clk_gen/inst/plle2_adv_inst/CLKOUT0
                         net (fo=1, routed)           0.595    -1.322    clk_gen/inst/clk_out1_clk_wiz_0
    BUFGCTRL_X0Y0        BUFG (Prop_bufg_I_O)         0.029    -1.293 r  clk_gen/inst/clkout1_buf/O
                         net (fo=4891, routed)        1.046    -0.247    rv64im72f_6sp/ex_ex2_register/clk_out1
    SLICE_X12Y0          FDRE                                         r  rv64im72f_6sp/ex_ex2_register/EX2_instruction_reg[2]/C
                         clock pessimism             -0.221    -0.468    
    SLICE_X12Y0          FDRE (Hold_fdre_C_D)         0.076    -0.392    rv64im72f_6sp/ex_ex2_register/EX2_instruction_reg[2]
  -------------------------------------------------------------------
                         required time                          0.392    
                         arrival time                          -0.285    
  -------------------------------------------------------------------
                         slack                                  0.106    





Pulse Width Checks
--------------------------------------------------------------------------------------
Clock Name:         clk_out1_clk_wiz_0
Waveform(ns):       { 0.000 8.929 }
Period(ns):         17.857
Sources:            { clk_gen/inst/plle2_adv_inst/CLKOUT0 }

Check Type        Corner  Lib Pin             Reference Pin  Required(ns)  Actual(ns)  Slack(ns)  Location        Pin
Min Period        n/a     RAMB36E1/CLKARDCLK  n/a            2.944         17.857      14.913     RAMB36_X2Y3     rv64im72f_6sp/data_memory/memory_bank0_reg_0/CLKARDCLK
Max Period        n/a     PLLE2_ADV/CLKOUT0   n/a            160.000       17.857      142.143    PLLE2_ADV_X1Y2  clk_gen/inst/plle2_adv_inst/CLKOUT0
Low Pulse Width   Slow    RAMD32/CLK          n/a            1.250         8.929       7.679      SLICE_X22Y11    rv64im72f_6sp/register_file/registers_reg_r1_0_31_0_5/RAMA/CLK
High Pulse Width  Slow    RAMD32/CLK          n/a            1.250         8.929       7.679      SLICE_X22Y11    rv64im72f_6sp/register_file/registers_reg_r1_0_31_0_5/RAMA/CLK



---------------------------------------------------------------------------------------------------
From Clock:  clkfbout_clk_wiz_0
  To Clock:  clkfbout_clk_wiz_0

Setup :           NA  Failing Endpoints,  Worst Slack           NA  ,  Total Violation           NA
Hold  :           NA  Failing Endpoints,  Worst Slack           NA  ,  Total Violation           NA
PW    :            0  Failing Endpoints,  Worst Slack        2.633ns,  Total Violation        0.000ns
---------------------------------------------------------------------------------------------------


Pulse Width Checks
--------------------------------------------------------------------------------------
Clock Name:         clkfbout_clk_wiz_0
Waveform(ns):       { 0.000 25.000 }
Period(ns):         50.000
Sources:            { clk_gen/inst/plle2_adv_inst/CLKFBOUT }

Check Type  Corner  Lib Pin            Reference Pin  Required(ns)  Actual(ns)  Slack(ns)  Location        Pin
Min Period  n/a     BUFG/I             n/a            2.155         50.000      47.845     BUFGCTRL_X0Y1   clk_gen/inst/clkf_buf/I
Max Period  n/a     PLLE2_ADV/CLKFBIN  n/a            52.633        50.000      2.633      PLLE2_ADV_X1Y2  clk_gen/inst/plle2_adv_inst/CLKFBIN



---------------------------------------------------------------------------------------------------
Path Group:  **async_default**
From Clock:  clk_out1_clk_wiz_0
  To Clock:  clk_out1_clk_wiz_0

Setup :            0  Failing Endpoints,  Worst Slack        6.216ns,  Total Violation        0.000ns
Hold  :            0  Failing Endpoints,  Worst Slack        0.392ns,  Total Violation        0.000ns
---------------------------------------------------------------------------------------------------


Max Delay Paths
--------------------------------------------------------------------------------------
Slack (MET) :             6.216ns  (required time - arrival time)
  Source:                 reset_sync_reg[2]/C
                            (rising edge-triggered cell FDPE clocked by clk_out1_clk_wiz_0  {rise@0.000ns fall@8.929ns period=17.857ns})
  Destination:            rv64im72f_6sp/alu/multiplier_dword/prod_AHBH_s2_reg[14]__1/CLR
                            (recovery check against rising-edge clock clk_out1_clk_wiz_0  {rise@0.000ns fall@8.929ns period=17.857ns})
  Path Group:             **async_default**
  Path Type:              Recovery (Max at Slow Process Corner)
  Requirement:            17.857ns  (clk_out1_clk_wiz_0 rise@17.857ns - clk_out1_clk_wiz_0 rise@0.000ns)
  Data Path Delay:        10.779ns  (logic 0.456ns (4.230%)  route 10.323ns (95.770%))
  Logic Levels:           0  
  Clock Path Skew:        -0.294ns (DCD - SCD + CPR)
    Destination Clock Delay (DCD):    -2.008ns = ( 15.849 - 17.857 ) 
    Source Clock Delay      (SCD):    -2.213ns
    Clock Pessimism Removal (CPR):    -0.499ns
  Clock Uncertainty:      0.162ns  ((TSJ^2 + DJ^2)^1/2) / 2 + PE
    Total System Jitter     (TSJ):    0.071ns
    Discrete Jitter          (DJ):    0.317ns
    Phase Error              (PE):    0.000ns

    Location             Delay type                Incr(ns)  Path(ns)    Netlist Resource(s)
  -------------------------------------------------------------------    -------------------
                         (clock clk_out1_clk_wiz_0 rise edge)
                                                      0.000     0.000 r  
    R4                                                0.000     0.000 r  clk (IN)
                         net (fo=0)                   0.000     0.000    clk_gen/inst/clk_in1
    R4                   IBUF (Prop_ibuf_I_O)         1.475     1.475 r  clk_gen/inst/clkin1_ibufg/O
                         net (fo=1, routed)           1.253     2.728    clk_gen/inst/clk_in1_clk_wiz_0
    PLLE2_ADV_X1Y2       PLLE2_ADV (Prop_plle2_adv_CLKIN1_CLKOUT0)
                                                     -8.953    -6.225 r  clk_gen/inst/plle2_adv_inst/CLKOUT0
                         net (fo=1, routed)           1.802    -4.422    clk_gen/inst/clk_out1_clk_wiz_0
    BUFGCTRL_X0Y0        BUFG (Prop_bufg_I_O)         0.096    -4.326 r  clk_gen/inst/clkout1_buf/O
                         net (fo=4891, routed)        2.113    -2.213    clk_cpu
    SLICE_X15Y26         FDPE                                         r  reset_sync_reg[2]/C
  -------------------------------------------------------------------    -------------------
    SLICE_X15Y26         FDPE (Prop_fdpe_C_Q)         0.456    -1.757 f  reset_sync_reg[2]/Q
                         net (fo=2125, routed)       10.323     8.567    rv64im72f_6sp/alu/multiplier_dword/Q[0]
    SLICE_X13Y73         FDCE                                         f  rv64im72f_6sp/alu/multiplier_dword/prod_AHBH_s2_reg[14]__1/CLR
  -------------------------------------------------------------------    -------------------

                         (clock clk_out1_clk_wiz_0 rise edge)
                                                     17.857    17.857 r  
    R4                                                0.000    17.857 r  clk (IN)
                         net (fo=0)                   0.000    17.857    clk_gen/inst/clk_in1
    R4                   IBUF (Prop_ibuf_I_O)         1.405    19.262 r  clk_gen/inst/clkin1_ibufg/O
                         net (fo=1, routed)           1.181    20.443    clk_gen/inst/clk_in1_clk_wiz_0
    PLLE2_ADV_X1Y2       PLLE2_ADV (Prop_plle2_adv_CLKIN1_CLKOUT0)
                                                     -8.206    12.237 r  clk_gen/inst/plle2_adv_inst/CLKOUT0
                         net (fo=1, routed)           1.718    13.955    clk_gen/inst/clk_out1_clk_wiz_0
    BUFGCTRL_X0Y0        BUFG (Prop_bufg_I_O)         0.091    14.046 r  clk_gen/inst/clkout1_buf/O
                         net (fo=4891, routed)        1.803    15.849    rv64im72f_6sp/alu/multiplier_dword/clk_out1
    SLICE_X13Y73         FDCE                                         r  rv64im72f_6sp/alu/multiplier_dword/prod_AHBH_s2_reg[14]__1/C
                         clock pessimism             -0.499    15.350    
                         clock uncertainty           -0.162    15.188    
    SLICE_X13Y73         FDCE (Recov_fdce_C_CLR)     -0.405    14.783    rv64im72f_6sp/alu/multiplier_dword/prod_AHBH_s2_reg[14]__1
  -------------------------------------------------------------------
                         required time                         14.783    
                         arrival time                          -8.567    
  -------------------------------------------------------------------
                         slack                                  6.216    





Min Delay Paths
--------------------------------------------------------------------------------------
Slack (MET) :             0.392ns  (arrival time - required time)
  Source:                 reset_sync_reg[2]/C
                            (rising edge-triggered cell FDPE clocked by clk_out1_clk_wiz_0  {rise@0.000ns fall@8.929ns period=17.857ns})
  Destination:            rv64im72f_6sp/retire_byte_enable_logic_register_file_write_data_reg[28]/CLR
                            (removal check against rising-edge clock clk_out1_clk_wiz_0  {rise@0.000ns fall@8.929ns period=17.857ns})
  Path Group:             **async_default**
  Path Type:              Removal (Min at Fast Process Corner)
  Requirement:            0.000ns  (clk_out1_clk_wiz_0 rise@0.000ns - clk_out1_clk_wiz_0 rise@0.000ns)
  Data Path Delay:        0.359ns  (logic 0.141ns (39.310%)  route 0.218ns (60.690%))
  Logic Levels:           0  
  Clock Path Skew:        0.034ns (DCD - SCD - CPR)
    Destination Clock Delay (DCD):    -0.264ns
    Source Clock Delay      (SCD):    -0.494ns
    Clock Pessimism Removal (CPR):    0.196ns

    Location             Delay type                Incr(ns)  Path(ns)    Netlist Resource(s)
  -------------------------------------------------------------------    -------------------
                         (clock clk_out1_clk_wiz_0 rise edge)
                                                      0.000     0.000 r  
    R4                                                0.000     0.000 r  clk (IN)
                         net (fo=0)                   0.000     0.000    clk_gen/inst/clk_in1
    R4                   IBUF (Prop_ibuf_I_O)         0.243     0.243 r  clk_gen/inst/clkin1_ibufg/O
                         net (fo=1, routed)           0.440     0.683    clk_gen/inst/clk_in1_clk_wiz_0
    PLLE2_ADV_X1Y2       PLLE2_ADV (Prop_plle2_adv_CLKIN1_CLKOUT0)
                                                     -2.503    -1.819 r  clk_gen/inst/plle2_adv_inst/CLKOUT0
                         net (fo=1, routed)           0.546    -1.273    clk_gen/inst/clk_out1_clk_wiz_0
    BUFGCTRL_X0Y0        BUFG (Prop_bufg_I_O)         0.026    -1.247 r  clk_gen/inst/clkout1_buf/O
                         net (fo=4891, routed)        0.754    -0.494    clk_cpu
    SLICE_X15Y26         FDPE                                         r  reset_sync_reg[2]/C
  -------------------------------------------------------------------    -------------------
    SLICE_X15Y26         FDPE (Prop_fdpe_C_Q)         0.141    -0.353 f  reset_sync_reg[2]/Q
                         net (fo=2125, routed)        0.218    -0.135    rv64im72f_6sp/Q[0]
    SLICE_X16Y26         FDCE                                         f  rv64im72f_6sp/retire_byte_enable_logic_register_file_write_data_reg[28]/CLR
  -------------------------------------------------------------------    -------------------

                         (clock clk_out1_clk_wiz_0 rise edge)
                                                      0.000     0.000 r  
    R4                                                0.000     0.000 r  clk (IN)
                         net (fo=0)                   0.000     0.000    clk_gen/inst/clk_in1
    R4                   IBUF (Prop_ibuf_I_O)         0.431     0.431 r  clk_gen/inst/clkin1_ibufg/O
                         net (fo=1, routed)           0.481     0.912    clk_gen/inst/clk_in1_clk_wiz_0
    PLLE2_ADV_X1Y2       PLLE2_ADV (Prop_plle2_adv_CLKIN1_CLKOUT0)
                                                     -2.828    -1.916 r  clk_gen/inst/plle2_adv_inst/CLKOUT0
                         net (fo=1, routed)           0.595    -1.322    clk_gen/inst/clk_out1_clk_wiz_0
    BUFGCTRL_X0Y0        BUFG (Prop_bufg_I_O)         0.029    -1.293 r  clk_gen/inst/clkout1_buf/O
                         net (fo=4891, routed)        1.029    -0.264    rv64im72f_6sp/clk_out1
    SLICE_X16Y26         FDCE                                         r  rv64im72f_6sp/retire_byte_enable_logic_register_file_write_data_reg[28]/C
                         clock pessimism             -0.196    -0.460    
    SLICE_X16Y26         FDCE (Remov_fdce_C_CLR)     -0.067    -0.527    rv64im72f_6sp/retire_byte_enable_logic_register_file_write_data_reg[28]
  -------------------------------------------------------------------
                         required time                          0.527    
                         arrival time                          -0.135    
  -------------------------------------------------------------------
                         slack                                  0.392    





