
****** Vivado v2025.2 (64-bit)
  **** SW Build 6299465 on Fri Nov 14 12:34:56 MST 2025
  **** IP Build 6300035 on Fri Nov 14 10:48:45 MST 2025
  **** SharedData Build 6298862 on Thu Nov 13 04:50:51 MST 2025
  **** Start of session at: Fri Sep 11 20:38:52 2026
    ** Copyright 1986-2022 Xilinx, Inc. All Rights Reserved.
    ** Copyright 2022-2025 Advanced Micro Devices, Inc. All Rights Reserved.

source riscof-env/scripts/saif_netlist.tcl -notrace
INFO: [Device 21-403] Loading part xc7a200tsbg484-1
Netlist sorting complete. Time (s): cpu = 00:00:00.01 ; elapsed = 00:00:00.01 . Memory (MB): peak = 1788.203 ; gain = 0.000 ; free physical = 3594 ; free virtual = 26196
INFO: [Netlist 29-17] Analyzing 223 Unisim elements for replacement
INFO: [Netlist 29-28] Unisim Transformation completed in 0 CPU seconds
INFO: [Project 1-479] Netlist was created with Vivado 2025.2
INFO: [Project 1-570] Preparing netlist for logic optimization
Read ShapeDB Complete: Time (s): cpu = 00:00:00 ; elapsed = 00:00:00.01 . Memory (MB): peak = 1868.953 ; gain = 1.000 ; free physical = 3479 ; free virtual = 26082
INFO: [Timing 38-478] Restoring timing data from binary archive.
INFO: [Timing 38-479] Binary timing data restore complete.
INFO: [Project 1-856] Restoring constraints from binary archive.
INFO: [Constraints 18-5170] The checkpoint was created with non-default parameter values which do not match the current Vivado settings.  Mismatching parameters are:
  general.maxThreads
INFO: [Project 1-853] Binary constraint restore complete.
INFO: [Designutils 20-5722] Start Reading Physical Databases.
Read Netlist Cache: Time (s): cpu = 00:00:00 ; elapsed = 00:00:00 . Memory (MB): peak = 2451.555 ; gain = 0.000 ; free physical = 2940 ; free virtual = 25545
Reading placer database...
Read Device Cache: Time (s): cpu = 00:00:00.01 ; elapsed = 00:00:00 . Memory (MB): peak = 2451.555 ; gain = 0.000 ; free physical = 2940 ; free virtual = 25545
Read PlaceDB: Time (s): cpu = 00:00:00 ; elapsed = 00:00:00 . Memory (MB): peak = 2451.555 ; gain = 0.000 ; free physical = 2940 ; free virtual = 25545
Read placeStorage: Time (s): cpu = 00:00:00.04 ; elapsed = 00:00:00.05 . Memory (MB): peak = 2451.555 ; gain = 0.000 ; free physical = 2940 ; free virtual = 25545
Read PulsedLatchDB: Time (s): cpu = 00:00:00 ; elapsed = 00:00:00 . Memory (MB): peak = 2451.555 ; gain = 0.000 ; free physical = 2940 ; free virtual = 25545
Read RouteStorage: Time (s): cpu = 00:00:00.04 ; elapsed = 00:00:00.04 . Memory (MB): peak = 2451.555 ; gain = 0.000 ; free physical = 2939 ; free virtual = 25545
Read Physdb Files: Time (s): cpu = 00:00:00.09 ; elapsed = 00:00:00.1 . Memory (MB): peak = 2451.555 ; gain = 0.000 ; free physical = 2940 ; free virtual = 25545
Finished XDEF File Restore: Time (s): cpu = 00:00:00.26 ; elapsed = 00:00:00.28 . Memory (MB): peak = 2451.555 ; gain = 7.938 ; free physical = 2940 ; free virtual = 25545
INFO: [Project 1-837] Checkpoint contains data reused from an Incremental Compile. Run report_incremental_reuse for further information about reused data.
Netlist sorting complete. Time (s): cpu = 00:00:00 ; elapsed = 00:00:00 . Memory (MB): peak = 2451.555 ; gain = 0.000 ; free physical = 2941 ; free virtual = 25547
INFO: [Project 1-111] Unisim Transformation Summary:
  A total of 14 instances were transformed.
  RAM32M => RAM32M (RAMD32(x6), RAMS32(x2)): 10 instances
  RAM32X1D => RAM32X1D (RAMD32(x2)): 4 instances

open_run: Time (s): cpu = 00:00:05 ; elapsed = 00:00:05 . Memory (MB): peak = 2451.590 ; gain = 828.355 ; free physical = 2941 ; free virtual = 25547
TOP RV32IM72F7SPSoCTOP
NETLIST_BYTES 1978104
SDF_BYTES     6955396
SAIF_NETLIST_OK
INFO: [Common 17-206] Exiting Vivado at Fri Sep 11 20:39:00 2026...
