Copyright 1986-2022 Xilinx, Inc. All Rights Reserved. Copyright 2022-2025 Advanced Micro Devices, Inc. All Rights Reserved.
-------------------------------------------------------------------------------------------------------------------------------------------------
| Tool Version : Vivado v.2025.2 (lin64) Build 6299465 Fri Nov 14 12:34:56 MST 2025
| Date         : Tue Sep 15 22:01:38 2026
| Host         : khwl-ThinkPad-X1-Carbon-Gen-13 running 64-bit Ubuntu 24.04.4 LTS
| Command      : report_timing_summary -file /home/khwl/Desktop/RV-IM100/riscof-env/logs/final_impl/RV64I_5SP_dhrystone/timing.rpt
| Design       : RV64I59F5SPSoCTOP
| Device       : 7a200t-sbg484
| Speed File   : -1  PRODUCTION 1.23 2018-06-13
| Design State : Physopt postRoute
-------------------------------------------------------------------------------------------------------------------------------------------------

Timing Summary Report

------------------------------------------------------------------------------------------------
| Timer Settings
| --------------
------------------------------------------------------------------------------------------------

  Enable Multi Corner Analysis               :  Yes
  Enable Pessimism Removal                   :  Yes
  Pessimism Removal Resolution               :  Nearest Common Node
  Enable Input Delay Default Clock           :  No
  Enable Preset / Clear Arcs                 :  No
  Disable Flight Delays                      :  No
  Ignore I/O Paths                           :  No
  Timing Early Launch at Borrowing Latches   :  No
  Borrow Time for Max Delay Exceptions       :  Yes
  Merge Timing Exceptions                    :  Yes
  Inter-SLR Compensation                     :  Conservative

  Corner  Analyze    Analyze    
  Name    Max Paths  Min Paths  
  ------  ---------  ---------  
  Slow    Yes        Yes        
  Fast    Yes        Yes        


------------------------------------------------------------------------------------------------
| Report Methodology
| ------------------
------------------------------------------------------------------------------------------------

Rule     Severity  Description                                                Violations  
-------  --------  ---------------------------------------------------------  ----------  
SYNTH-5  Warning   Mapped onto distributed RAM because of timing constraints  2048        

Note: This report is based on the most recent report_methodology run and may not be up-to-date. Run report_methodology on the current design for the latest report.



check_timing report

Table of Contents
-----------------
1. checking no_clock (0)
2. checking constant_clock (0)
3. checking pulse_width_clock (0)
4. checking unconstrained_internal_endpoints (0)
5. checking no_input_delay (2)
6. checking no_output_delay (9)
7. checking multiple_clock (0)
8. checking generated_clocks (0)
9. checking loops (0)
10. checking partial_input_delay (0)
11. checking partial_output_delay (0)
12. checking latch_loops (0)

1. checking no_clock (0)
------------------------
 There are 0 register/latch pins with no clock.


2. checking constant_clock (0)
------------------------------
 There are 0 register/latch pins with constant_clock.


3. checking pulse_width_clock (0)
---------------------------------
 There are 0 register/latch pins which need pulse_width check


4. checking unconstrained_internal_endpoints (0)
------------------------------------------------
 There are 0 pins that are not constrained for maximum delay.

 There are 0 pins that are not constrained for maximum delay due to constant clock.


5. checking no_input_delay (2)
------------------------------
 There are 0 input ports with no input delay specified.

 There are 2 input ports with no input delay but user has a false path constraint. (MEDIUM)


6. checking no_output_delay (9)
-------------------------------
 There are 0 ports with no output delay specified.

 There are 9 ports with no output delay but user has a false path constraint (MEDIUM)

 There are 0 ports with no output delay but with a timing clock defined on it or propagating through it


7. checking multiple_clock (0)
------------------------------
 There are 0 register/latch pins with multiple clocks.


8. checking generated_clocks (0)
--------------------------------
 There are 0 generated clocks that are not connected to a clock source.


9. checking loops (0)
---------------------
 There are 0 combinational loops in the design.


10. checking partial_input_delay (0)
------------------------------------
 There are 0 input ports with partial input delay specified.


11. checking partial_output_delay (0)
-------------------------------------
 There are 0 ports with partial output delay specified.


12. checking latch_loops (0)
----------------------------
 There are 0 combinational latch loops in the design through latch input



------------------------------------------------------------------------------------------------
| Design Timing Summary
| ---------------------
------------------------------------------------------------------------------------------------

    WNS(ns)      TNS(ns)  TNS Failing Endpoints  TNS Total Endpoints      WHS(ns)      THS(ns)  THS Failing Endpoints  THS Total Endpoints     WPWS(ns)     TPWS(ns)  TPWS Failing Endpoints  TPWS Total Endpoints  
    -------      -------  ---------------------  -------------------      -------      -------  ---------------------  -------------------     --------     --------  ----------------------  --------------------  
      0.108        0.000                      0                93354        0.027        0.000                      0                93354        3.000        0.000                       0                 11804  


All user specified timing constraints are met.


------------------------------------------------------------------------------------------------
| Clock Summary
| -------------
------------------------------------------------------------------------------------------------

Clock                 Waveform(ns)       Period(ns)      Frequency(MHz)
-----                 ------------       ----------      --------------
clk                   {0.000 5.000}      10.000          100.000         
  clk_out1_clk_wiz_0  {0.000 12.821}     25.641          39.000          
  clkfbout_clk_wiz_0  {0.000 20.000}     40.000          25.000          


------------------------------------------------------------------------------------------------
| Intra Clock Table
| -----------------
------------------------------------------------------------------------------------------------

Clock                     WNS(ns)      TNS(ns)  TNS Failing Endpoints  TNS Total Endpoints      WHS(ns)      THS(ns)  THS Failing Endpoints  THS Total Endpoints     WPWS(ns)     TPWS(ns)  TPWS Failing Endpoints  TPWS Total Endpoints  
-----                     -------      -------  ---------------------  -------------------      -------      -------  ---------------------  -------------------     --------     --------  ----------------------  --------------------  
clk                                                                                                                                                                     3.000        0.000                       0                     1  
  clk_out1_clk_wiz_0        0.108        0.000                      0                89927        0.027        0.000                      0                89927       11.571        0.000                       0                 11800  
  clkfbout_clk_wiz_0                                                                                                                                                   12.633        0.000                       0                     3  


------------------------------------------------------------------------------------------------
| Inter Clock Table
| -----------------
------------------------------------------------------------------------------------------------

From Clock    To Clock          WNS(ns)      TNS(ns)  TNS Failing Endpoints  TNS Total Endpoints      WHS(ns)      THS(ns)  THS Failing Endpoints  THS Total Endpoints  
----------    --------          -------      -------  ---------------------  -------------------      -------      -------  ---------------------  -------------------  


------------------------------------------------------------------------------------------------
| Other Path Groups Table
| -----------------------
------------------------------------------------------------------------------------------------

Path Group          From Clock          To Clock                WNS(ns)      TNS(ns)  TNS Failing Endpoints  TNS Total Endpoints      WHS(ns)      THS(ns)  THS Failing Endpoints  THS Total Endpoints  
----------          ----------          --------                -------      -------  ---------------------  -------------------      -------      -------  ---------------------  -------------------  
**async_default**   clk_out1_clk_wiz_0  clk_out1_clk_wiz_0        9.731        0.000                      0                 3427        0.525        0.000                      0                 3427  


------------------------------------------------------------------------------------------------
| Timing Details
| --------------
------------------------------------------------------------------------------------------------


---------------------------------------------------------------------------------------------------
From Clock:  clk
  To Clock:  clk

Setup :           NA  Failing Endpoints,  Worst Slack           NA  ,  Total Violation           NA
Hold  :           NA  Failing Endpoints,  Worst Slack           NA  ,  Total Violation           NA
PW    :            0  Failing Endpoints,  Worst Slack        3.000ns,  Total Violation        0.000ns
---------------------------------------------------------------------------------------------------


Pulse Width Checks
--------------------------------------------------------------------------------------
Clock Name:         clk
Waveform(ns):       { 0.000 5.000 }
Period(ns):         10.000
Sources:            { clk }

Check Type        Corner  Lib Pin           Reference Pin  Required(ns)  Actual(ns)  Slack(ns)  Location        Pin
Min Period        n/a     PLLE2_ADV/CLKIN1  n/a            1.249         10.000      8.751      PLLE2_ADV_X1Y2  clk_gen/inst/plle2_adv_inst/CLKIN1
Max Period        n/a     PLLE2_ADV/CLKIN1  n/a            52.633        10.000      42.633     PLLE2_ADV_X1Y2  clk_gen/inst/plle2_adv_inst/CLKIN1
Low Pulse Width   Slow    PLLE2_ADV/CLKIN1  n/a            2.000         5.000       3.000      PLLE2_ADV_X1Y2  clk_gen/inst/plle2_adv_inst/CLKIN1
High Pulse Width  Slow    PLLE2_ADV/CLKIN1  n/a            2.000         5.000       3.000      PLLE2_ADV_X1Y2  clk_gen/inst/plle2_adv_inst/CLKIN1



---------------------------------------------------------------------------------------------------
From Clock:  clk_out1_clk_wiz_0
  To Clock:  clk_out1_clk_wiz_0

Setup :            0  Failing Endpoints,  Worst Slack        0.108ns,  Total Violation        0.000ns
Hold  :            0  Failing Endpoints,  Worst Slack        0.027ns,  Total Violation        0.000ns
PW    :            0  Failing Endpoints,  Worst Slack       11.571ns,  Total Violation        0.000ns
---------------------------------------------------------------------------------------------------


Max Delay Paths
--------------------------------------------------------------------------------------
Slack (MET) :             0.108ns  (required time - arrival time)
  Source:                 rv64i59f_5sp/ex_mem_register/MEM_alu_result_reg[4]_replica_33/C
                            (rising edge-triggered cell FDCE clocked by clk_out1_clk_wiz_0  {rise@0.000ns fall@12.821ns period=25.641ns})
  Destination:            rv64i59f_5sp/program_counter/pc_reg[50]/D
                            (rising edge-triggered cell FDCE clocked by clk_out1_clk_wiz_0  {rise@0.000ns fall@12.821ns period=25.641ns})
  Path Group:             clk_out1_clk_wiz_0
  Path Type:              Setup (Max at Slow Process Corner)
  Requirement:            25.641ns  (clk_out1_clk_wiz_0 rise@25.641ns - clk_out1_clk_wiz_0 rise@0.000ns)
  Data Path Delay:        25.421ns  (logic 8.666ns (34.090%)  route 16.755ns (65.910%))
  Logic Levels:           49  (CARRY4=26 LUT2=3 LUT5=3 LUT6=13 MUXF7=2 MUXF8=1 RAMS64E=1)
  Clock Path Skew:        -0.004ns (DCD - SCD + CPR)
    Destination Clock Delay (DCD):    -2.009ns = ( 23.632 - 25.641 ) 
    Source Clock Delay      (SCD):    -2.504ns
    Clock Pessimism Removal (CPR):    -0.499ns
  Clock Uncertainty:      0.137ns  ((TSJ^2 + DJ^2)^1/2) / 2 + PE
    Total System Jitter     (TSJ):    0.071ns
    Discrete Jitter          (DJ):    0.265ns
    Phase Error              (PE):    0.000ns

    Location             Delay type                Incr(ns)  Path(ns)    Netlist Resource(s)
  -------------------------------------------------------------------    -------------------
                         (clock clk_out1_clk_wiz_0 rise edge)
                                                      0.000     0.000 r  
    R4                                                0.000     0.000 r  clk (IN)
                         net (fo=0)                   0.000     0.000    clk_gen/inst/clk_in1
    R4                   IBUF (Prop_ibuf_I_O)         1.475     1.475 r  clk_gen/inst/clkin1_ibufg/O
                         net (fo=1, routed)           1.253     2.728    clk_gen/inst/clk_in1_clk_wiz_0
    PLLE2_ADV_X1Y2       PLLE2_ADV (Prop_plle2_adv_CLKIN1_CLKOUT0)
                                                     -8.953    -6.225 r  clk_gen/inst/plle2_adv_inst/CLKOUT0
                         net (fo=1, routed)           1.802    -4.422    clk_gen/inst/clk_out1_clk_wiz_0
    BUFGCTRL_X0Y0        BUFG (Prop_bufg_I_O)         0.096    -4.326 r  clk_gen/inst/clkout1_buf/O
                         net (fo=11798, routed)       1.822    -2.504    rv64i59f_5sp/ex_mem_register/clk_out1
    SLICE_X87Y99         FDCE                                         r  rv64i59f_5sp/ex_mem_register/MEM_alu_result_reg[4]_replica_33/C
  -------------------------------------------------------------------    -------------------
    SLICE_X87Y99         FDCE (Prop_fdce_C_Q)         0.456    -2.048 r  rv64i59f_5sp/ex_mem_register/MEM_alu_result_reg[4]_replica_33/Q
                         net (fo=32, routed)          1.743    -0.305    rv64i59f_5sp/data_memory/memory_reg_3840_4095_63_63/A1
    SLICE_X84Y100        RAMS64E (Prop_rams64e_ADR1_O)
                                                      0.124    -0.181 r  rv64i59f_5sp/data_memory/memory_reg_3840_4095_63_63/RAMS64E_D/O
                         net (fo=1, routed)           0.000    -0.181    rv64i59f_5sp/data_memory/memory_reg_3840_4095_63_63/OD
    SLICE_X84Y100        MUXF7 (Prop_muxf7_I0_O)      0.241     0.060 r  rv64i59f_5sp/data_memory/memory_reg_3840_4095_63_63/F7.B/O
                         net (fo=1, routed)           0.000     0.060    rv64i59f_5sp/data_memory/memory_reg_3840_4095_63_63/O0
    SLICE_X84Y100        MUXF8 (Prop_muxf8_I0_O)      0.098     0.158 r  rv64i59f_5sp/data_memory/memory_reg_3840_4095_63_63/F8/O
                         net (fo=1, routed)           1.562     1.720    rv64i59f_5sp/data_memory/memory_reg_3840_4095_63_63_n_0
    SLICE_X61Y100        LUT6 (Prop_lut6_I0_O)        0.319     2.039 r  rv64i59f_5sp/data_memory/memory_reg_0_255_63_63_i_16/O
                         net (fo=1, routed)           0.000     2.039    rv64i59f_5sp/data_memory/memory_reg_0_255_63_63_i_16_n_0
    SLICE_X61Y100        MUXF7 (Prop_muxf7_I1_O)      0.245     2.284 r  rv64i59f_5sp/data_memory/memory_reg_0_255_63_63_i_8/O
                         net (fo=1, routed)           1.221     3.505    rv64i59f_5sp/data_memory/memory_reg_0_255_63_63_i_8_n_0
    SLICE_X43Y93         LUT6 (Prop_lut6_I3_O)        0.298     3.803 r  rv64i59f_5sp/data_memory/memory_reg_0_255_63_63_i_3/O
                         net (fo=3, routed)           0.308     4.111    rv64i59f_5sp/ex_mem_register/read_data0[63]
    SLICE_X43Y91         LUT2 (Prop_lut2_I1_O)        0.124     4.235 r  rv64i59f_5sp/ex_mem_register/i___0_carry__1_i_75/O
                         net (fo=1, routed)           0.991     5.226    rv64i59f_5sp/ex_mem_register/i___0_carry__1_i_75_n_0
    SLICE_X45Y79         LUT6 (Prop_lut6_I1_O)        0.124     5.350 r  rv64i59f_5sp/ex_mem_register/i___0_carry__1_i_71/O
                         net (fo=2, routed)           0.587     5.937    rv64i59f_5sp/ex_mem_register/i___0_carry__1_i_71_n_0
    SLICE_X45Y78         LUT6 (Prop_lut6_I4_O)        0.124     6.061 r  rv64i59f_5sp/ex_mem_register/i___0_carry__1_i_55/O
                         net (fo=24, routed)          1.364     7.425    rv64i59f_5sp/ex_mem_register/i___0_carry__1_i_55_n_0
    SLICE_X45Y65         LUT6 (Prop_lut6_I1_O)        0.124     7.549 r  rv64i59f_5sp/ex_mem_register/i___0_carry__1_i_40/O
                         net (fo=1, routed)           0.434     7.982    rv64i59f_5sp/ex_mem_register/byte_enable_logic_register_file_write_data[9]
    SLICE_X45Y61         LUT6 (Prop_lut6_I5_O)        0.124     8.106 r  rv64i59f_5sp/ex_mem_register/i___0_carry__1_i_19/O
                         net (fo=3, routed)           0.699     8.805    rv64i59f_5sp/id_ex_register/MEM_forward_data_value[9]
    SLICE_X41Y57         LUT6 (Prop_lut6_I0_O)        0.124     8.929 r  rv64i59f_5sp/id_ex_register/i___0_carry__1_i_50/O
                         net (fo=1, routed)           0.154     9.083    rv64i59f_5sp/id_ex_register/alu_forward_source_data_b[9]
    SLICE_X41Y57         LUT5 (Prop_lut5_I4_O)        0.124     9.207 r  rv64i59f_5sp/id_ex_register/i___0_carry__1_i_27/O
                         net (fo=14, routed)          1.753    10.959    rv64i59f_5sp/id_ex_register/src_B[9]
    SLICE_X16Y56         LUT6 (Prop_lut6_I3_O)        0.124    11.083 r  rv64i59f_5sp/id_ex_register/alu_result2_carry__0_i_4_rewire_rewire/O
                         net (fo=1, routed)           0.530    11.614    rv64i59f_5sp/alu/alu_dword/alu_result2_carry__1_0[0]
    SLICE_X11Y54         CARRY4 (Prop_carry4_DI[0]_CO[3])
                                                      0.526    12.140 r  rv64i59f_5sp/alu/alu_dword/alu_result2_carry__0/CO[3]
                         net (fo=1, routed)           0.000    12.140    rv64i59f_5sp/alu/alu_dword/alu_result2_carry__0_n_0
    SLICE_X11Y55         CARRY4 (Prop_carry4_CI_CO[3])
                                                      0.114    12.254 r  rv64i59f_5sp/alu/alu_dword/alu_result2_carry__1/CO[3]
                         net (fo=1, routed)           0.000    12.254    rv64i59f_5sp/alu/alu_dword/alu_result2_carry__1_n_0
    SLICE_X11Y56         CARRY4 (Prop_carry4_CI_CO[3])
                                                      0.114    12.368 r  rv64i59f_5sp/alu/alu_dword/alu_result2_carry__2/CO[3]
                         net (fo=1, routed)           0.000    12.368    rv64i59f_5sp/alu/alu_dword/alu_result2_carry__2_n_0
    SLICE_X11Y57         CARRY4 (Prop_carry4_CI_CO[3])
                                                      0.114    12.482 r  rv64i59f_5sp/alu/alu_dword/alu_result2_carry__3/CO[3]
                         net (fo=1, routed)           0.000    12.482    rv64i59f_5sp/alu/alu_dword/alu_result2_carry__3_n_0
    SLICE_X11Y58         CARRY4 (Prop_carry4_CI_CO[3])
                                                      0.114    12.596 r  rv64i59f_5sp/alu/alu_dword/alu_result2_carry__4/CO[3]
                         net (fo=1, routed)           0.000    12.596    rv64i59f_5sp/alu/alu_dword/alu_result2_carry__4_n_0
    SLICE_X11Y59         CARRY4 (Prop_carry4_CI_CO[3])
                                                      0.114    12.710 r  rv64i59f_5sp/alu/alu_dword/alu_result2_carry__5/CO[3]
                         net (fo=1, routed)           0.000    12.710    rv64i59f_5sp/alu/alu_dword/alu_result2_carry__5_n_0
    SLICE_X11Y60         CARRY4 (Prop_carry4_CI_CO[3])
                                                      0.114    12.824 f  rv64i59f_5sp/alu/alu_dword/alu_result2_carry__6/CO[3]
                         net (fo=1, routed)           1.095    13.919    rv64i59f_5sp/id_ex_register/alu_zero0_carry_i_156_1[0]
    SLICE_X13Y55         LUT5 (Prop_lut5_I3_O)        0.124    14.043 r  rv64i59f_5sp/id_ex_register/alu_zero0_carry_i_204/O
                         net (fo=1, routed)           0.526    14.568    rv64i59f_5sp/id_ex_register/alu_zero0_carry_i_204_n_0
    SLICE_X14Y48         LUT6 (Prop_lut6_I0_O)        0.124    14.692 f  rv64i59f_5sp/id_ex_register/alu_zero0_carry_i_156/O
                         net (fo=1, routed)           0.301    14.993    rv64i59f_5sp/id_ex_register/alu_zero0_carry_i_156_n_0
    SLICE_X13Y49         LUT2 (Prop_lut2_I0_O)        0.124    15.117 f  rv64i59f_5sp/id_ex_register/alu_zero0_carry_i_81/O
                         net (fo=1, routed)           0.440    15.557    rv64i59f_5sp/id_ex_register/alu_zero0_carry_i_81_n_0
    SLICE_X13Y53         LUT6 (Prop_lut6_I5_O)        0.124    15.681 f  rv64i59f_5sp/id_ex_register/alu_zero0_carry_i_20/O
                         net (fo=2, routed)           0.454    16.135    rv64i59f_5sp/id_ex_register/alu_zero0_carry_i_20_n_0
    SLICE_X14Y53         LUT5 (Prop_lut5_I4_O)        0.124    16.259 r  rv64i59f_5sp/id_ex_register/alu_zero0_carry_i_4/O
                         net (fo=1, routed)           0.000    16.259    rv64i59f_5sp/alu/alu_dword/alu_zero0_carry__0_0[0]
    SLICE_X14Y53         CARRY4 (Prop_carry4_S[0]_CO[3])
                                                      0.513    16.772 r  rv64i59f_5sp/alu/alu_dword/alu_zero0_carry/CO[3]
                         net (fo=1, routed)           0.000    16.772    rv64i59f_5sp/alu/alu_dword/alu_zero0_carry_n_0
    SLICE_X14Y54         CARRY4 (Prop_carry4_CI_CO[3])
                                                      0.117    16.889 r  rv64i59f_5sp/alu/alu_dword/alu_zero0_carry__0/CO[3]
                         net (fo=1, routed)           0.000    16.889    rv64i59f_5sp/alu/alu_dword/alu_zero0_carry__0_n_0
    SLICE_X14Y55         CARRY4 (Prop_carry4_CI_CO[3])
                                                      0.117    17.006 r  rv64i59f_5sp/alu/alu_dword/alu_zero0_carry__1/CO[3]
                         net (fo=1, routed)           0.000    17.006    rv64i59f_5sp/alu/alu_dword/alu_zero0_carry__1_n_0
    SLICE_X14Y56         CARRY4 (Prop_carry4_CI_CO[3])
                                                      0.117    17.123 r  rv64i59f_5sp/alu/alu_dword/alu_zero0_carry__2/CO[3]
                         net (fo=1, routed)           0.000    17.123    rv64i59f_5sp/alu/alu_dword/alu_zero0_carry__2_n_0
    SLICE_X14Y57         CARRY4 (Prop_carry4_CI_CO[3])
                                                      0.117    17.240 r  rv64i59f_5sp/alu/alu_dword/alu_zero0_carry__3/CO[3]
                         net (fo=1, routed)           0.000    17.240    rv64i59f_5sp/alu/alu_dword/alu_zero0_carry__3_n_0
    SLICE_X14Y58         CARRY4 (Prop_carry4_CI_CO[1])
                                                      0.157    17.397 r  rv64i59f_5sp/alu/alu_dword/alu_zero0_carry__4/CO[1]
                         net (fo=1, routed)           1.053    18.450    rv64i59f_5sp/id_ex_register/prediction_counter[1]_i_3_0[0]
    SLICE_X25Y51         LUT6 (Prop_lut6_I5_O)        0.332    18.782 r  rv64i59f_5sp/id_ex_register/prediction_counter[1]_i_3_comp/O
                         net (fo=66, routed)          0.503    19.285    rv64i59f_5sp/id_ex_register/alu_zero
    SLICE_X28Y51         LUT6 (Prop_lut6_I2_O)        0.124    19.409 r  rv64i59f_5sp/id_ex_register/pc[1]_i_8/O
                         net (fo=1, routed)           0.000    19.409    rv64i59f_5sp/id_ex_register/pc[1]_i_8_n_0
    SLICE_X28Y51         CARRY4 (Prop_carry4_S[1]_CO[3])
                                                      0.550    19.959 r  rv64i59f_5sp/id_ex_register/pc_reg[1]_i_5/CO[3]
                         net (fo=1, routed)           0.000    19.959    rv64i59f_5sp/id_ex_register/pc_reg[1]_i_5_n_0
    SLICE_X28Y52         CARRY4 (Prop_carry4_CI_CO[3])
                                                      0.114    20.073 r  rv64i59f_5sp/id_ex_register/pc_reg[7]_i_6/CO[3]
                         net (fo=1, routed)           0.000    20.073    rv64i59f_5sp/id_ex_register/pc_reg[7]_i_6_n_0
    SLICE_X28Y53         CARRY4 (Prop_carry4_CI_CO[3])
                                                      0.114    20.187 r  rv64i59f_5sp/id_ex_register/pc_reg[11]_i_6/CO[3]
                         net (fo=1, routed)           0.000    20.187    rv64i59f_5sp/id_ex_register/pc_reg[11]_i_6_n_0
    SLICE_X28Y54         CARRY4 (Prop_carry4_CI_CO[3])
                                                      0.114    20.301 r  rv64i59f_5sp/id_ex_register/pc_reg[15]_i_6/CO[3]
                         net (fo=1, routed)           0.000    20.301    rv64i59f_5sp/id_ex_register/pc_reg[15]_i_6_n_0
    SLICE_X28Y55         CARRY4 (Prop_carry4_CI_CO[3])
                                                      0.114    20.415 r  rv64i59f_5sp/id_ex_register/pc_reg[19]_i_6/CO[3]
                         net (fo=1, routed)           0.000    20.415    rv64i59f_5sp/id_ex_register/pc_reg[19]_i_6_n_0
    SLICE_X28Y56         CARRY4 (Prop_carry4_CI_CO[3])
                                                      0.114    20.529 r  rv64i59f_5sp/id_ex_register/pc_reg[23]_i_6/CO[3]
                         net (fo=1, routed)           0.000    20.529    rv64i59f_5sp/id_ex_register/pc_reg[23]_i_6_n_0
    SLICE_X28Y57         CARRY4 (Prop_carry4_CI_CO[3])
                                                      0.114    20.643 r  rv64i59f_5sp/id_ex_register/pc_reg[27]_i_6/CO[3]
                         net (fo=1, routed)           0.000    20.643    rv64i59f_5sp/id_ex_register/pc_reg[27]_i_6_n_0
    SLICE_X28Y58         CARRY4 (Prop_carry4_CI_CO[3])
                                                      0.114    20.757 r  rv64i59f_5sp/id_ex_register/pc_reg[31]_i_6/CO[3]
                         net (fo=1, routed)           0.000    20.757    rv64i59f_5sp/id_ex_register/pc_reg[31]_i_6_n_0
    SLICE_X28Y59         CARRY4 (Prop_carry4_CI_CO[3])
                                                      0.114    20.871 r  rv64i59f_5sp/id_ex_register/pc_reg[35]_i_6/CO[3]
                         net (fo=1, routed)           0.000    20.871    rv64i59f_5sp/id_ex_register/pc_reg[35]_i_6_n_0
    SLICE_X28Y60         CARRY4 (Prop_carry4_CI_CO[3])
                                                      0.114    20.985 r  rv64i59f_5sp/id_ex_register/pc_reg[39]_i_6/CO[3]
                         net (fo=1, routed)           0.000    20.985    rv64i59f_5sp/id_ex_register/pc_reg[39]_i_6_n_0
    SLICE_X28Y61         CARRY4 (Prop_carry4_CI_CO[3])
                                                      0.114    21.099 r  rv64i59f_5sp/id_ex_register/pc_reg[43]_i_6/CO[3]
                         net (fo=1, routed)           0.000    21.099    rv64i59f_5sp/id_ex_register/pc_reg[43]_i_6_n_0
    SLICE_X28Y62         CARRY4 (Prop_carry4_CI_CO[3])
                                                      0.114    21.213 r  rv64i59f_5sp/id_ex_register/pc_reg[47]_i_6/CO[3]
                         net (fo=1, routed)           0.000    21.213    rv64i59f_5sp/id_ex_register/pc_reg[47]_i_6_n_0
    SLICE_X28Y63         CARRY4 (Prop_carry4_CI_O[2])
                                                      0.239    21.452 r  rv64i59f_5sp/id_ex_register/pc_reg[51]_i_6/O[2]
                         net (fo=1, routed)           0.292    21.743    rv64i59f_5sp/id_ex_register/pc_reg[51]_i_6_n_5
    SLICE_X31Y63         LUT2 (Prop_lut2_I1_O)        0.302    22.045 r  rv64i59f_5sp/id_ex_register/pc[50]_i_4/O
                         net (fo=1, routed)           0.748    22.793    rv64i59f_5sp/id_ex_register/EX_branch_reg_48
    SLICE_X24Y67         LUT6 (Prop_lut6_I4_O)        0.124    22.917 r  rv64i59f_5sp/id_ex_register/pc[50]_i_1_comp/O
                         net (fo=1, routed)           0.000    22.917    rv64i59f_5sp/program_counter/D[50]
    SLICE_X24Y67         FDCE                                         r  rv64i59f_5sp/program_counter/pc_reg[50]/D
  -------------------------------------------------------------------    -------------------

                         (clock clk_out1_clk_wiz_0 rise edge)
                                                     25.641    25.641 r  
    R4                                                0.000    25.641 r  clk (IN)
                         net (fo=0)                   0.000    25.641    clk_gen/inst/clk_in1
    R4                   IBUF (Prop_ibuf_I_O)         1.405    27.046 r  clk_gen/inst/clkin1_ibufg/O
                         net (fo=1, routed)           1.181    28.227    clk_gen/inst/clk_in1_clk_wiz_0
    PLLE2_ADV_X1Y2       PLLE2_ADV (Prop_plle2_adv_CLKIN1_CLKOUT0)
                                                     -8.206    20.021 r  clk_gen/inst/plle2_adv_inst/CLKOUT0
                         net (fo=1, routed)           1.718    21.739    clk_gen/inst/clk_out1_clk_wiz_0
    BUFGCTRL_X0Y0        BUFG (Prop_bufg_I_O)         0.091    21.830 r  clk_gen/inst/clkout1_buf/O
                         net (fo=11798, routed)       1.802    23.632    rv64i59f_5sp/program_counter/clk_out1
    SLICE_X24Y67         FDCE                                         r  rv64i59f_5sp/program_counter/pc_reg[50]/C
                         clock pessimism             -0.499    23.133    
                         clock uncertainty           -0.137    22.996    
    SLICE_X24Y67         FDCE (Setup_fdce_C_D)        0.029    23.025    rv64i59f_5sp/program_counter/pc_reg[50]
  -------------------------------------------------------------------
                         required time                         23.025    
                         arrival time                         -22.917    
  -------------------------------------------------------------------
                         slack                                  0.108    





Min Delay Paths
--------------------------------------------------------------------------------------
Slack (MET) :             0.027ns  (arrival time - required time)
  Source:                 rv64i59f_5sp/ex_mem_register/MEM_alu_result_reg[5]_replica_69/C
                            (rising edge-triggered cell FDCE clocked by clk_out1_clk_wiz_0  {rise@0.000ns fall@12.821ns period=25.641ns})
  Destination:            rv64i59f_5sp/data_memory/memory_reg_1792_2047_8_8/RAMS64E_A/ADR2
                            (rising edge-triggered cell RAMS64E clocked by clk_out1_clk_wiz_0  {rise@0.000ns fall@12.821ns period=25.641ns})
  Path Group:             clk_out1_clk_wiz_0
  Path Type:              Hold (Min at Fast Process Corner)
  Requirement:            0.000ns  (clk_out1_clk_wiz_0 rise@0.000ns - clk_out1_clk_wiz_0 rise@0.000ns)
  Data Path Delay:        0.479ns  (logic 0.141ns (29.433%)  route 0.338ns (70.567%))
  Logic Levels:           0  
  Clock Path Skew:        0.198ns (DCD - SCD - CPR)
    Destination Clock Delay (DCD):    -0.456ns
    Source Clock Delay      (SCD):    -0.614ns
    Clock Pessimism Removal (CPR):    -0.040ns

    Location             Delay type                Incr(ns)  Path(ns)    Netlist Resource(s)
  -------------------------------------------------------------------    -------------------
                         (clock clk_out1_clk_wiz_0 rise edge)
                                                      0.000     0.000 r  
    R4                                                0.000     0.000 r  clk (IN)
                         net (fo=0)                   0.000     0.000    clk_gen/inst/clk_in1
    R4                   IBUF (Prop_ibuf_I_O)         0.243     0.243 r  clk_gen/inst/clkin1_ibufg/O
                         net (fo=1, routed)           0.440     0.683    clk_gen/inst/clk_in1_clk_wiz_0
    PLLE2_ADV_X1Y2       PLLE2_ADV (Prop_plle2_adv_CLKIN1_CLKOUT0)
                                                     -2.503    -1.819 r  clk_gen/inst/plle2_adv_inst/CLKOUT0
                         net (fo=1, routed)           0.546    -1.273    clk_gen/inst/clk_out1_clk_wiz_0
    BUFGCTRL_X0Y0        BUFG (Prop_bufg_I_O)         0.026    -1.247 r  clk_gen/inst/clkout1_buf/O
                         net (fo=11798, routed)       0.633    -0.614    rv64i59f_5sp/ex_mem_register/clk_out1
    SLICE_X87Y98         FDCE                                         r  rv64i59f_5sp/ex_mem_register/MEM_alu_result_reg[5]_replica_69/C
  -------------------------------------------------------------------    -------------------
    SLICE_X87Y98         FDCE (Prop_fdce_C_Q)         0.141    -0.473 r  rv64i59f_5sp/ex_mem_register/MEM_alu_result_reg[5]_replica_69/Q
                         net (fo=36, routed)          0.338    -0.135    rv64i59f_5sp/data_memory/memory_reg_1792_2047_8_8/A2
    SLICE_X84Y101        RAMS64E                                      r  rv64i59f_5sp/data_memory/memory_reg_1792_2047_8_8/RAMS64E_A/ADR2
  -------------------------------------------------------------------    -------------------

                         (clock clk_out1_clk_wiz_0 rise edge)
                                                      0.000     0.000 r  
    R4                                                0.000     0.000 r  clk (IN)
                         net (fo=0)                   0.000     0.000    clk_gen/inst/clk_in1
    R4                   IBUF (Prop_ibuf_I_O)         0.431     0.431 r  clk_gen/inst/clkin1_ibufg/O
                         net (fo=1, routed)           0.481     0.912    clk_gen/inst/clk_in1_clk_wiz_0
    PLLE2_ADV_X1Y2       PLLE2_ADV (Prop_plle2_adv_CLKIN1_CLKOUT0)
                                                     -2.828    -1.916 r  clk_gen/inst/plle2_adv_inst/CLKOUT0
                         net (fo=1, routed)           0.595    -1.322    clk_gen/inst/clk_out1_clk_wiz_0
    BUFGCTRL_X0Y0        BUFG (Prop_bufg_I_O)         0.029    -1.293 r  clk_gen/inst/clkout1_buf/O
                         net (fo=11798, routed)       0.837    -0.456    rv64i59f_5sp/data_memory/memory_reg_1792_2047_8_8/WCLK
    SLICE_X84Y101        RAMS64E                                      r  rv64i59f_5sp/data_memory/memory_reg_1792_2047_8_8/RAMS64E_A/CLK
                         clock pessimism              0.040    -0.416    
    SLICE_X84Y101        RAMS64E (Hold_rams64e_CLK_ADR2)
                                                      0.254    -0.162    rv64i59f_5sp/data_memory/memory_reg_1792_2047_8_8/RAMS64E_A
  -------------------------------------------------------------------
                         required time                          0.162    
                         arrival time                          -0.135    
  -------------------------------------------------------------------
                         slack                                  0.027    





Pulse Width Checks
--------------------------------------------------------------------------------------
Clock Name:         clk_out1_clk_wiz_0
Waveform(ns):       { 0.000 12.821 }
Period(ns):         25.641
Sources:            { clk_gen/inst/plle2_adv_inst/CLKOUT0 }

Check Type        Corner  Lib Pin            Reference Pin  Required(ns)  Actual(ns)  Slack(ns)  Location        Pin
Min Period        n/a     BUFG/I             n/a            2.155         25.641      23.486     BUFGCTRL_X0Y0   clk_gen/inst/clkout1_buf/I
Max Period        n/a     PLLE2_ADV/CLKOUT0  n/a            160.000       25.641      134.359    PLLE2_ADV_X1Y2  clk_gen/inst/plle2_adv_inst/CLKOUT0
Low Pulse Width   Slow    RAMS64E/CLK        n/a            1.250         12.821      11.571     SLICE_X44Y84    rv64i59f_5sp/data_memory/memory_reg_0_255_0_0/RAMS64E_A/CLK
High Pulse Width  Slow    RAMS64E/CLK        n/a            1.250         12.821      11.571     SLICE_X44Y84    rv64i59f_5sp/data_memory/memory_reg_0_255_0_0/RAMS64E_A/CLK



---------------------------------------------------------------------------------------------------
From Clock:  clkfbout_clk_wiz_0
  To Clock:  clkfbout_clk_wiz_0

Setup :           NA  Failing Endpoints,  Worst Slack           NA  ,  Total Violation           NA
Hold  :           NA  Failing Endpoints,  Worst Slack           NA  ,  Total Violation           NA
PW    :            0  Failing Endpoints,  Worst Slack       12.633ns,  Total Violation        0.000ns
---------------------------------------------------------------------------------------------------


Pulse Width Checks
--------------------------------------------------------------------------------------
Clock Name:         clkfbout_clk_wiz_0
Waveform(ns):       { 0.000 20.000 }
Period(ns):         40.000
Sources:            { clk_gen/inst/plle2_adv_inst/CLKFBOUT }

Check Type  Corner  Lib Pin            Reference Pin  Required(ns)  Actual(ns)  Slack(ns)  Location        Pin
Min Period  n/a     BUFG/I             n/a            2.155         40.000      37.845     BUFGCTRL_X0Y1   clk_gen/inst/clkf_buf/I
Max Period  n/a     PLLE2_ADV/CLKFBIN  n/a            52.633        40.000      12.633     PLLE2_ADV_X1Y2  clk_gen/inst/plle2_adv_inst/CLKFBIN



---------------------------------------------------------------------------------------------------
Path Group:  **async_default**
From Clock:  clk_out1_clk_wiz_0
  To Clock:  clk_out1_clk_wiz_0

Setup :            0  Failing Endpoints,  Worst Slack        9.731ns,  Total Violation        0.000ns
Hold  :            0  Failing Endpoints,  Worst Slack        0.525ns,  Total Violation        0.000ns
---------------------------------------------------------------------------------------------------


Max Delay Paths
--------------------------------------------------------------------------------------
Slack (MET) :             9.731ns  (required time - arrival time)
  Source:                 reset_sync_reg[2]/C
                            (rising edge-triggered cell FDPE clocked by clk_out1_clk_wiz_0  {rise@0.000ns fall@12.821ns period=25.641ns})
  Destination:            rv64i59f_5sp/ex_mem_register/MEM_alu_result_reg[4]_replica_125/CLR
                            (recovery check against rising-edge clock clk_out1_clk_wiz_0  {rise@0.000ns fall@12.821ns period=25.641ns})
  Path Group:             **async_default**
  Path Type:              Recovery (Max at Slow Process Corner)
  Requirement:            25.641ns  (clk_out1_clk_wiz_0 rise@25.641ns - clk_out1_clk_wiz_0 rise@0.000ns)
  Data Path Delay:        15.129ns  (logic 0.419ns (2.770%)  route 14.710ns (97.230%))
  Logic Levels:           0  
  Clock Path Skew:        -0.064ns (DCD - SCD + CPR)
    Destination Clock Delay (DCD):    -2.114ns = ( 23.527 - 25.641 ) 
    Source Clock Delay      (SCD):    -2.557ns
    Clock Pessimism Removal (CPR):    -0.507ns
  Clock Uncertainty:      0.137ns  ((TSJ^2 + DJ^2)^1/2) / 2 + PE
    Total System Jitter     (TSJ):    0.071ns
    Discrete Jitter          (DJ):    0.265ns
    Phase Error              (PE):    0.000ns

    Location             Delay type                Incr(ns)  Path(ns)    Netlist Resource(s)
  -------------------------------------------------------------------    -------------------
                         (clock clk_out1_clk_wiz_0 rise edge)
                                                      0.000     0.000 r  
    R4                                                0.000     0.000 r  clk (IN)
                         net (fo=0)                   0.000     0.000    clk_gen/inst/clk_in1
    R4                   IBUF (Prop_ibuf_I_O)         1.475     1.475 r  clk_gen/inst/clkin1_ibufg/O
                         net (fo=1, routed)           1.253     2.728    clk_gen/inst/clk_in1_clk_wiz_0
    PLLE2_ADV_X1Y2       PLLE2_ADV (Prop_plle2_adv_CLKIN1_CLKOUT0)
                                                     -8.953    -6.225 r  clk_gen/inst/plle2_adv_inst/CLKOUT0
                         net (fo=1, routed)           1.802    -4.422    clk_gen/inst/clk_out1_clk_wiz_0
    BUFGCTRL_X0Y0        BUFG (Prop_bufg_I_O)         0.096    -4.326 r  clk_gen/inst/clkout1_buf/O
                         net (fo=11798, routed)       1.769    -2.557    clk_cpu
    SLICE_X21Y142        FDPE                                         r  reset_sync_reg[2]/C
  -------------------------------------------------------------------    -------------------
    SLICE_X21Y142        FDPE (Prop_fdpe_C_Q)         0.419    -2.138 f  reset_sync_reg[2]/Q
                         net (fo=3429, routed)       14.710    12.572    rv64i59f_5sp/ex_mem_register/Q[0]
    SLICE_X95Y76         FDCE                                         f  rv64i59f_5sp/ex_mem_register/MEM_alu_result_reg[4]_replica_125/CLR
  -------------------------------------------------------------------    -------------------

                         (clock clk_out1_clk_wiz_0 rise edge)
                                                     25.641    25.641 r  
    R4                                                0.000    25.641 r  clk (IN)
                         net (fo=0)                   0.000    25.641    clk_gen/inst/clk_in1
    R4                   IBUF (Prop_ibuf_I_O)         1.405    27.046 r  clk_gen/inst/clkin1_ibufg/O
                         net (fo=1, routed)           1.181    28.227    clk_gen/inst/clk_in1_clk_wiz_0
    PLLE2_ADV_X1Y2       PLLE2_ADV (Prop_plle2_adv_CLKIN1_CLKOUT0)
                                                     -8.206    20.021 r  clk_gen/inst/plle2_adv_inst/CLKOUT0
                         net (fo=1, routed)           1.718    21.739    clk_gen/inst/clk_out1_clk_wiz_0
    BUFGCTRL_X0Y0        BUFG (Prop_bufg_I_O)         0.091    21.830 r  clk_gen/inst/clkout1_buf/O
                         net (fo=11798, routed)       1.697    23.527    rv64i59f_5sp/ex_mem_register/clk_out1
    SLICE_X95Y76         FDCE                                         r  rv64i59f_5sp/ex_mem_register/MEM_alu_result_reg[4]_replica_125/C
                         clock pessimism             -0.507    23.020    
                         clock uncertainty           -0.137    22.883    
    SLICE_X95Y76         FDCE (Recov_fdce_C_CLR)     -0.580    22.303    rv64i59f_5sp/ex_mem_register/MEM_alu_result_reg[4]_replica_125
  -------------------------------------------------------------------
                         required time                         22.303    
                         arrival time                         -12.572    
  -------------------------------------------------------------------
                         slack                                  9.731    





Min Delay Paths
--------------------------------------------------------------------------------------
Slack (MET) :             0.525ns  (arrival time - required time)
  Source:                 reset_sync_reg[2]/C
                            (rising edge-triggered cell FDPE clocked by clk_out1_clk_wiz_0  {rise@0.000ns fall@12.821ns period=25.641ns})
  Destination:            rv64i59f_5sp/ex_mem_register/MEM_alu_result_reg[4]_replica_100/CLR
                            (removal check against rising-edge clock clk_out1_clk_wiz_0  {rise@0.000ns fall@12.821ns period=25.641ns})
  Path Group:             **async_default**
  Path Type:              Removal (Min at Fast Process Corner)
  Requirement:            0.000ns  (clk_out1_clk_wiz_0 rise@0.000ns - clk_out1_clk_wiz_0 rise@0.000ns)
  Data Path Delay:        0.442ns  (logic 0.128ns (28.944%)  route 0.314ns (71.056%))
  Logic Levels:           0  
  Clock Path Skew:        0.038ns (DCD - SCD - CPR)
    Destination Clock Delay (DCD):    -0.398ns
    Source Clock Delay      (SCD):    -0.625ns
    Clock Pessimism Removal (CPR):    0.189ns

    Location             Delay type                Incr(ns)  Path(ns)    Netlist Resource(s)
  -------------------------------------------------------------------    -------------------
                         (clock clk_out1_clk_wiz_0 rise edge)
                                                      0.000     0.000 r  
    R4                                                0.000     0.000 r  clk (IN)
                         net (fo=0)                   0.000     0.000    clk_gen/inst/clk_in1
    R4                   IBUF (Prop_ibuf_I_O)         0.243     0.243 r  clk_gen/inst/clkin1_ibufg/O
                         net (fo=1, routed)           0.440     0.683    clk_gen/inst/clk_in1_clk_wiz_0
    PLLE2_ADV_X1Y2       PLLE2_ADV (Prop_plle2_adv_CLKIN1_CLKOUT0)
                                                     -2.503    -1.819 r  clk_gen/inst/plle2_adv_inst/CLKOUT0
                         net (fo=1, routed)           0.546    -1.273    clk_gen/inst/clk_out1_clk_wiz_0
    BUFGCTRL_X0Y0        BUFG (Prop_bufg_I_O)         0.026    -1.247 r  clk_gen/inst/clkout1_buf/O
                         net (fo=11798, routed)       0.623    -0.625    clk_cpu
    SLICE_X21Y142        FDPE                                         r  reset_sync_reg[2]/C
  -------------------------------------------------------------------    -------------------
    SLICE_X21Y142        FDPE (Prop_fdpe_C_Q)         0.128    -0.497 f  reset_sync_reg[2]/Q
                         net (fo=3429, routed)        0.314    -0.183    rv64i59f_5sp/ex_mem_register/Q[0]
    SLICE_X22Y140        FDCE                                         f  rv64i59f_5sp/ex_mem_register/MEM_alu_result_reg[4]_replica_100/CLR
  -------------------------------------------------------------------    -------------------

                         (clock clk_out1_clk_wiz_0 rise edge)
                                                      0.000     0.000 r  
    R4                                                0.000     0.000 r  clk (IN)
                         net (fo=0)                   0.000     0.000    clk_gen/inst/clk_in1
    R4                   IBUF (Prop_ibuf_I_O)         0.431     0.431 r  clk_gen/inst/clkin1_ibufg/O
                         net (fo=1, routed)           0.481     0.912    clk_gen/inst/clk_in1_clk_wiz_0
    PLLE2_ADV_X1Y2       PLLE2_ADV (Prop_plle2_adv_CLKIN1_CLKOUT0)
                                                     -2.828    -1.916 r  clk_gen/inst/plle2_adv_inst/CLKOUT0
                         net (fo=1, routed)           0.595    -1.322    clk_gen/inst/clk_out1_clk_wiz_0
    BUFGCTRL_X0Y0        BUFG (Prop_bufg_I_O)         0.029    -1.293 r  clk_gen/inst/clkout1_buf/O
                         net (fo=11798, routed)       0.895    -0.398    rv64i59f_5sp/ex_mem_register/clk_out1
    SLICE_X22Y140        FDCE                                         r  rv64i59f_5sp/ex_mem_register/MEM_alu_result_reg[4]_replica_100/C
                         clock pessimism             -0.189    -0.587    
    SLICE_X22Y140        FDCE (Remov_fdce_C_CLR)     -0.121    -0.708    rv64i59f_5sp/ex_mem_register/MEM_alu_result_reg[4]_replica_100
  -------------------------------------------------------------------
                         required time                          0.708    
                         arrival time                          -0.183    
  -------------------------------------------------------------------
                         slack                                  0.525    





