Copyright 1986-2022 Xilinx, Inc. All Rights Reserved. Copyright 2022-2025 Advanced Micro Devices, Inc. All Rights Reserved.
-----------------------------------------------------------------------------------------------------------------------------------------------------------
| Tool Version : Vivado v.2025.2 (lin64) Build 6299465 Fri Nov 14 12:34:56 MST 2025
| Date         : Wed Sep 16 01:47:26 2026
| Host         : khwl-ThinkPad-X1-Carbon-Gen-13 running 64-bit Ubuntu 24.04.4 LTS
| Command      : report_timing_summary -file /home/khwl/Desktop/RV-IM100/riscof-env/logs/sweep_exact/RV64IM_7SP_BRAM_coremark/f57/timing.rpt
| Design       : RV64IM72F5SPSoCTOP
| Device       : 7a200t-sbg484
| Speed File   : -1  PRODUCTION 1.23 2018-06-13
| Design State : Physopt postRoute
-----------------------------------------------------------------------------------------------------------------------------------------------------------

Timing Summary Report

------------------------------------------------------------------------------------------------
| Timer Settings
| --------------
------------------------------------------------------------------------------------------------

  Enable Multi Corner Analysis               :  Yes
  Enable Pessimism Removal                   :  Yes
  Pessimism Removal Resolution               :  Nearest Common Node
  Enable Input Delay Default Clock           :  No
  Enable Preset / Clear Arcs                 :  No
  Disable Flight Delays                      :  No
  Ignore I/O Paths                           :  No
  Timing Early Launch at Borrowing Latches   :  No
  Borrow Time for Max Delay Exceptions       :  Yes
  Merge Timing Exceptions                    :  Yes
  Inter-SLR Compensation                     :  Conservative

  Corner  Analyze    Analyze    
  Name    Max Paths  Min Paths  
  ------  ---------  ---------  
  Slow    Yes        Yes        
  Fast    Yes        Yes        


------------------------------------------------------------------------------------------------
| Report Methodology
| ------------------
------------------------------------------------------------------------------------------------

Rule      Severity  Description                                 Violations  
--------  --------  ------------------------------------------  ----------  
DPIR-1    Warning   Asynchronous driver check                   623         
SYNTH-6   Warning   Timing of a RAM block might be sub-optimal  24          
SYNTH-10  Warning   Wide multiplier                             20          

Note: This report is based on the most recent report_methodology run and may not be up-to-date. Run report_methodology on the current design for the latest report.



check_timing report

Table of Contents
-----------------
1. checking no_clock (0)
2. checking constant_clock (0)
3. checking pulse_width_clock (0)
4. checking unconstrained_internal_endpoints (0)
5. checking no_input_delay (2)
6. checking no_output_delay (9)
7. checking multiple_clock (0)
8. checking generated_clocks (0)
9. checking loops (0)
10. checking partial_input_delay (0)
11. checking partial_output_delay (0)
12. checking latch_loops (0)

1. checking no_clock (0)
------------------------
 There are 0 register/latch pins with no clock.


2. checking constant_clock (0)
------------------------------
 There are 0 register/latch pins with constant_clock.


3. checking pulse_width_clock (0)
---------------------------------
 There are 0 register/latch pins which need pulse_width check


4. checking unconstrained_internal_endpoints (0)
------------------------------------------------
 There are 0 pins that are not constrained for maximum delay.

 There are 0 pins that are not constrained for maximum delay due to constant clock.


5. checking no_input_delay (2)
------------------------------
 There are 0 input ports with no input delay specified.

 There are 2 input ports with no input delay but user has a false path constraint. (MEDIUM)


6. checking no_output_delay (9)
-------------------------------
 There are 0 ports with no output delay specified.

 There are 9 ports with no output delay but user has a false path constraint (MEDIUM)

 There are 0 ports with no output delay but with a timing clock defined on it or propagating through it


7. checking multiple_clock (0)
------------------------------
 There are 0 register/latch pins with multiple clocks.


8. checking generated_clocks (0)
--------------------------------
 There are 0 generated clocks that are not connected to a clock source.


9. checking loops (0)
---------------------
 There are 0 combinational loops in the design.


10. checking partial_input_delay (0)
------------------------------------
 There are 0 input ports with partial input delay specified.


11. checking partial_output_delay (0)
-------------------------------------
 There are 0 ports with partial output delay specified.


12. checking latch_loops (0)
----------------------------
 There are 0 combinational latch loops in the design through latch input



------------------------------------------------------------------------------------------------
| Design Timing Summary
| ---------------------
------------------------------------------------------------------------------------------------

    WNS(ns)      TNS(ns)  TNS Failing Endpoints  TNS Total Endpoints      WHS(ns)      THS(ns)  THS Failing Endpoints  THS Total Endpoints     WPWS(ns)     TPWS(ns)  TPWS Failing Endpoints  TPWS Total Endpoints  
    -------      -------  ---------------------  -------------------      -------      -------  ---------------------  -------------------     --------     --------  ----------------------  --------------------  
      0.272        0.000                      0                16432        0.078        0.000                      0                16432        2.633        0.000                       0                  4897  


All user specified timing constraints are met.


------------------------------------------------------------------------------------------------
| Clock Summary
| -------------
------------------------------------------------------------------------------------------------

Clock                 Waveform(ns)       Period(ns)      Frequency(MHz)
-----                 ------------       ----------      --------------
clk                   {0.000 5.000}      10.000          100.000         
  clk_out1_clk_wiz_0  {0.000 8.772}      17.544          57.000          
  clkfbout_clk_wiz_0  {0.000 25.000}     50.000          20.000          


------------------------------------------------------------------------------------------------
| Intra Clock Table
| -----------------
------------------------------------------------------------------------------------------------

Clock                     WNS(ns)      TNS(ns)  TNS Failing Endpoints  TNS Total Endpoints      WHS(ns)      THS(ns)  THS Failing Endpoints  THS Total Endpoints     WPWS(ns)     TPWS(ns)  TPWS Failing Endpoints  TPWS Total Endpoints  
-----                     -------      -------  ---------------------  -------------------      -------      -------  ---------------------  -------------------     --------     --------  ----------------------  --------------------  
clk                                                                                                                                                                     3.000        0.000                       0                     1  
  clk_out1_clk_wiz_0        0.272        0.000                      0                14318        0.078        0.000                      0                14318        7.522        0.000                       0                  4893  
  clkfbout_clk_wiz_0                                                                                                                                                    2.633        0.000                       0                     3  


------------------------------------------------------------------------------------------------
| Inter Clock Table
| -----------------
------------------------------------------------------------------------------------------------

From Clock    To Clock          WNS(ns)      TNS(ns)  TNS Failing Endpoints  TNS Total Endpoints      WHS(ns)      THS(ns)  THS Failing Endpoints  THS Total Endpoints  
----------    --------          -------      -------  ---------------------  -------------------      -------      -------  ---------------------  -------------------  


------------------------------------------------------------------------------------------------
| Other Path Groups Table
| -----------------------
------------------------------------------------------------------------------------------------

Path Group          From Clock          To Clock                WNS(ns)      TNS(ns)  TNS Failing Endpoints  TNS Total Endpoints      WHS(ns)      THS(ns)  THS Failing Endpoints  THS Total Endpoints  
----------          ----------          --------                -------      -------  ---------------------  -------------------      -------      -------  ---------------------  -------------------  
**async_default**   clk_out1_clk_wiz_0  clk_out1_clk_wiz_0        8.389        0.000                      0                 2114        0.481        0.000                      0                 2114  


------------------------------------------------------------------------------------------------
| Timing Details
| --------------
------------------------------------------------------------------------------------------------


---------------------------------------------------------------------------------------------------
From Clock:  clk
  To Clock:  clk

Setup :           NA  Failing Endpoints,  Worst Slack           NA  ,  Total Violation           NA
Hold  :           NA  Failing Endpoints,  Worst Slack           NA  ,  Total Violation           NA
PW    :            0  Failing Endpoints,  Worst Slack        3.000ns,  Total Violation        0.000ns
---------------------------------------------------------------------------------------------------


Pulse Width Checks
--------------------------------------------------------------------------------------
Clock Name:         clk
Waveform(ns):       { 0.000 5.000 }
Period(ns):         10.000
Sources:            { clk }

Check Type        Corner  Lib Pin           Reference Pin  Required(ns)  Actual(ns)  Slack(ns)  Location        Pin
Min Period        n/a     PLLE2_ADV/CLKIN1  n/a            1.249         10.000      8.751      PLLE2_ADV_X1Y2  clk_gen/inst/plle2_adv_inst/CLKIN1
Max Period        n/a     PLLE2_ADV/CLKIN1  n/a            52.633        10.000      42.633     PLLE2_ADV_X1Y2  clk_gen/inst/plle2_adv_inst/CLKIN1
Low Pulse Width   Slow    PLLE2_ADV/CLKIN1  n/a            2.000         5.000       3.000      PLLE2_ADV_X1Y2  clk_gen/inst/plle2_adv_inst/CLKIN1
High Pulse Width  Slow    PLLE2_ADV/CLKIN1  n/a            2.000         5.000       3.000      PLLE2_ADV_X1Y2  clk_gen/inst/plle2_adv_inst/CLKIN1



---------------------------------------------------------------------------------------------------
From Clock:  clk_out1_clk_wiz_0
  To Clock:  clk_out1_clk_wiz_0

Setup :            0  Failing Endpoints,  Worst Slack        0.272ns,  Total Violation        0.000ns
Hold  :            0  Failing Endpoints,  Worst Slack        0.078ns,  Total Violation        0.000ns
PW    :            0  Failing Endpoints,  Worst Slack        7.522ns,  Total Violation        0.000ns
---------------------------------------------------------------------------------------------------


Max Delay Paths
--------------------------------------------------------------------------------------
Slack (MET) :             0.272ns  (required time - arrival time)
  Source:                 rv64im72f_6sp/id_ex_register/EX_rs2_reg[0]/C
                            (rising edge-triggered cell FDRE clocked by clk_out1_clk_wiz_0  {rise@0.000ns fall@8.772ns period=17.544ns})
  Destination:            rv64im72f_6sp/ex_ex2_register/EX2_alu_zero_reg/D
                            (rising edge-triggered cell FDRE clocked by clk_out1_clk_wiz_0  {rise@0.000ns fall@8.772ns period=17.544ns})
  Path Group:             clk_out1_clk_wiz_0
  Path Type:              Setup (Max at Slow Process Corner)
  Requirement:            17.544ns  (clk_out1_clk_wiz_0 rise@17.544ns - clk_out1_clk_wiz_0 rise@0.000ns)
  Data Path Delay:        16.985ns  (logic 3.870ns (22.784%)  route 13.115ns (77.216%))
  Logic Levels:           22  (CARRY4=6 LUT3=3 LUT4=1 LUT5=3 LUT6=9)
  Clock Path Skew:        -0.199ns (DCD - SCD + CPR)
    Destination Clock Delay (DCD):    -1.912ns = ( 15.632 - 17.544 ) 
    Source Clock Delay      (SCD):    -2.212ns
    Clock Pessimism Removal (CPR):    -0.499ns
  Clock Uncertainty:      0.119ns  ((TSJ^2 + DJ^2)^1/2) / 2 + PE
    Total System Jitter     (TSJ):    0.071ns
    Discrete Jitter          (DJ):    0.228ns
    Phase Error              (PE):    0.000ns

    Location             Delay type                Incr(ns)  Path(ns)    Netlist Resource(s)
  -------------------------------------------------------------------    -------------------
                         (clock clk_out1_clk_wiz_0 rise edge)
                                                      0.000     0.000 r  
    R4                                                0.000     0.000 r  clk (IN)
                         net (fo=0)                   0.000     0.000    clk_gen/inst/clk_in1
    R4                   IBUF (Prop_ibuf_I_O)         1.475     1.475 r  clk_gen/inst/clkin1_ibufg/O
                         net (fo=1, routed)           1.253     2.728    clk_gen/inst/clk_in1_clk_wiz_0
    PLLE2_ADV_X1Y2       PLLE2_ADV (Prop_plle2_adv_CLKIN1_CLKOUT0)
                                                     -8.953    -6.225 r  clk_gen/inst/plle2_adv_inst/CLKOUT0
                         net (fo=1, routed)           1.802    -4.422    clk_gen/inst/clk_out1_clk_wiz_0
    BUFGCTRL_X0Y0        BUFG (Prop_bufg_I_O)         0.096    -4.326 r  clk_gen/inst/clkout1_buf/O
                         net (fo=4891, routed)        2.114    -2.212    rv64im72f_6sp/id_ex_register/clk_out1
    SLICE_X14Y22         FDRE                                         r  rv64im72f_6sp/id_ex_register/EX_rs2_reg[0]/C
  -------------------------------------------------------------------    -------------------
    SLICE_X14Y22         FDRE (Prop_fdre_C_Q)         0.518    -1.694 r  rv64im72f_6sp/id_ex_register/EX_rs2_reg[0]/Q
                         net (fo=5, routed)           0.884    -0.810    rv64im72f_6sp/id_ex_register/EX_rs2_reg[4]_0[0]
    SLICE_X14Y22         LUT6 (Prop_lut6_I3_O)        0.124    -0.686 r  rv64im72f_6sp/id_ex_register/pc_stall0_i_19/O
                         net (fo=1, routed)           0.781     0.095    rv64im72f_6sp/id_ex_register/pc_stall0_i_19_n_0
    SLICE_X15Y23         LUT6 (Prop_lut6_I0_O)        0.124     0.219 r  rv64im72f_6sp/id_ex_register/pc_stall0_i_9/O
                         net (fo=3, routed)           0.835     1.055    rv64im72f_6sp/id_ex_register/pc_stall0_i_9_n_0
    SLICE_X17Y24         LUT5 (Prop_lut5_I0_O)        0.124     1.179 f  rv64im72f_6sp/id_ex_register/divisor_latch[31]_i_9/O
                         net (fo=4, routed)           0.644     1.823    rv64im72f_6sp/id_ex_register/divisor_latch[31]_i_9_n_0
    SLICE_X17Y29         LUT6 (Prop_lut6_I4_O)        0.124     1.947 r  rv64im72f_6sp/id_ex_register/divisor_latch[31]_i_5/O
                         net (fo=150, routed)         1.630     3.577    rv64im72f_6sp/id_ex_register/divisor_latch[31]_i_5_n_0
    SLICE_X24Y32         LUT5 (Prop_lut5_I4_O)        0.124     3.701 r  rv64im72f_6sp/id_ex_register/divisor_latch[5]_i_4/O
                         net (fo=1, routed)           1.098     4.799    rv64im72f_6sp/id_ex_register/divisor_latch[5]_i_4_n_0
    SLICE_X21Y36         LUT6 (Prop_lut6_I2_O)        0.124     4.923 r  rv64im72f_6sp/id_ex_register/divisor_latch[5]_i_2/O
                         net (fo=3, routed)           0.686     5.609    rv64im72f_6sp/id_ex_register/alu_forward_source_data_b[5]
    SLICE_X19Y40         LUT6 (Prop_lut6_I3_O)        0.124     5.733 r  rv64im72f_6sp/id_ex_register/i___232_i_3/O
                         net (fo=177, routed)         1.266     6.999    rv64im72f_6sp/id_ex_register/EX_alu_src_B_select_reg[1]_8
    SLICE_X18Y44         LUT6 (Prop_lut6_I4_O)        0.124     7.123 f  rv64im72f_6sp/id_ex_register/i___51_i_34/O
                         net (fo=1, routed)           0.622     7.745    rv64im72f_6sp/id_ex_register/i___51_i_34_n_0
    SLICE_X19Y44         LUT3 (Prop_lut3_I2_O)        0.124     7.869 f  rv64im72f_6sp/id_ex_register/i___51_i_27/O
                         net (fo=4, routed)           0.550     8.419    rv64im72f_6sp/id_ex_register/i___51_i_27_n_0
    SLICE_X18Y44         LUT5 (Prop_lut5_I4_O)        0.124     8.543 f  rv64im72f_6sp/id_ex_register/i___51_i_28/O
                         net (fo=2, routed)           0.570     9.113    rv64im72f_6sp/id_ex_register/i___51_i_28_n_0
    SLICE_X19Y42         LUT3 (Prop_lut3_I0_O)        0.124     9.237 f  rv64im72f_6sp/id_ex_register/i___51_i_23/O
                         net (fo=2, routed)           0.582     9.819    rv64im72f_6sp/id_ex_register/i___51_i_23_n_0
    SLICE_X21Y42         LUT6 (Prop_lut6_I5_O)        0.124     9.943 f  rv64im72f_6sp/id_ex_register/i___51_i_11/O
                         net (fo=1, routed)           0.580    10.523    rv64im72f_6sp/id_ex_register/i___51_i_11_n_0
    SLICE_X23Y42         LUT6 (Prop_lut6_I2_O)        0.124    10.647 f  rv64im72f_6sp/id_ex_register/i___51_i_3/O
                         net (fo=2, routed)           1.324    11.971    rv64im72f_6sp/alu/alu_dword_result[3]
    SLICE_X7Y47          LUT3 (Prop_lut3_I2_O)        0.124    12.095 r  rv64im72f_6sp/alu/i___51/O
                         net (fo=1, routed)           0.000    12.095    rv64im72f_6sp/alu/i___51_n_0
    SLICE_X7Y47          CARRY4 (Prop_carry4_S[1]_CO[3])
                                                      0.550    12.645 r  rv64im72f_6sp/alu/EX2_alu_zero_reg_i_184/CO[3]
                         net (fo=1, routed)           0.000    12.645    rv64im72f_6sp/alu/EX2_alu_zero_reg_i_184_n_0
    SLICE_X7Y48          CARRY4 (Prop_carry4_CI_CO[3])
                                                      0.114    12.759 r  rv64im72f_6sp/alu/EX2_alu_zero_reg_i_155/CO[3]
                         net (fo=1, routed)           0.000    12.759    rv64im72f_6sp/alu/EX2_alu_zero_reg_i_155_n_0
    SLICE_X7Y49          CARRY4 (Prop_carry4_CI_CO[3])
                                                      0.114    12.873 r  rv64im72f_6sp/alu/EX2_alu_zero_reg_i_126/CO[3]
                         net (fo=1, routed)           0.001    12.874    rv64im72f_6sp/alu/EX2_alu_zero_reg_i_126_n_0
    SLICE_X7Y50          CARRY4 (Prop_carry4_CI_CO[3])
                                                      0.114    12.988 r  rv64im72f_6sp/alu/EX2_alu_zero_reg_i_82/CO[3]
                         net (fo=1, routed)           0.000    12.988    rv64im72f_6sp/alu/EX2_alu_zero_reg_i_82_n_0
    SLICE_X7Y51          CARRY4 (Prop_carry4_CI_CO[3])
                                                      0.114    13.102 r  rv64im72f_6sp/alu/EX2_alu_zero_reg_i_33/CO[3]
                         net (fo=1, routed)           0.000    13.102    rv64im72f_6sp/alu/EX2_alu_zero_reg_i_33_n_0
    SLICE_X7Y52          CARRY4 (Prop_carry4_CI_CO[1])
                                                      0.157    13.259 r  rv64im72f_6sp/alu/EX2_alu_zero_reg_i_10/CO[1]
                         net (fo=1, routed)           0.476    13.735    rv64im72f_6sp/id_ex_register/EX2_alu_zero_reg_3[0]
    SLICE_X5Y52          LUT4 (Prop_lut4_I0_O)        0.329    14.064 r  rv64im72f_6sp/id_ex_register/EX2_alu_zero_i_3/O
                         net (fo=1, routed)           0.586    14.649    rv64im72f_6sp/id_ex_register/EX2_alu_zero_i_3_n_0
    SLICE_X1Y52          LUT6 (Prop_lut6_I1_O)        0.124    14.773 r  rv64im72f_6sp/id_ex_register/EX2_alu_zero_i_1/O
                         net (fo=1, routed)           0.000    14.773    rv64im72f_6sp/ex_ex2_register/alu_zero
    SLICE_X1Y52          FDRE                                         r  rv64im72f_6sp/ex_ex2_register/EX2_alu_zero_reg/D
  -------------------------------------------------------------------    -------------------

                         (clock clk_out1_clk_wiz_0 rise edge)
                                                     17.544    17.544 r  
    R4                                                0.000    17.544 r  clk (IN)
                         net (fo=0)                   0.000    17.544    clk_gen/inst/clk_in1
    R4                   IBUF (Prop_ibuf_I_O)         1.405    18.948 r  clk_gen/inst/clkin1_ibufg/O
                         net (fo=1, routed)           1.181    20.129    clk_gen/inst/clk_in1_clk_wiz_0
    PLLE2_ADV_X1Y2       PLLE2_ADV (Prop_plle2_adv_CLKIN1_CLKOUT0)
                                                     -8.206    11.924 r  clk_gen/inst/plle2_adv_inst/CLKOUT0
                         net (fo=1, routed)           1.718    13.642    clk_gen/inst/clk_out1_clk_wiz_0
    BUFGCTRL_X0Y0        BUFG (Prop_bufg_I_O)         0.091    13.733 r  clk_gen/inst/clkout1_buf/O
                         net (fo=4891, routed)        1.899    15.632    rv64im72f_6sp/ex_ex2_register/clk_out1
    SLICE_X1Y52          FDRE                                         r  rv64im72f_6sp/ex_ex2_register/EX2_alu_zero_reg/C
                         clock pessimism             -0.499    15.133    
                         clock uncertainty           -0.119    15.014    
    SLICE_X1Y52          FDRE (Setup_fdre_C_D)        0.032    15.046    rv64im72f_6sp/ex_ex2_register/EX2_alu_zero_reg
  -------------------------------------------------------------------
                         required time                         15.046    
                         arrival time                         -14.773    
  -------------------------------------------------------------------
                         slack                                  0.272    





Min Delay Paths
--------------------------------------------------------------------------------------
Slack (MET) :             0.078ns  (arrival time - required time)
  Source:                 rv64im72f_6sp/ex_ex2_register/EX2_read_data2_reg[58]/C
                            (rising edge-triggered cell FDRE clocked by clk_out1_clk_wiz_0  {rise@0.000ns fall@8.772ns period=17.544ns})
  Destination:            rv64im72f_6sp/ex_mem_register/MEM_read_data2_reg[58]/D
                            (rising edge-triggered cell FDRE clocked by clk_out1_clk_wiz_0  {rise@0.000ns fall@8.772ns period=17.544ns})
  Path Group:             clk_out1_clk_wiz_0
  Path Type:              Hold (Min at Fast Process Corner)
  Requirement:            0.000ns  (clk_out1_clk_wiz_0 rise@0.000ns - clk_out1_clk_wiz_0 rise@0.000ns)
  Data Path Delay:        0.492ns  (logic 0.141ns (28.659%)  route 0.351ns (71.341%))
  Logic Levels:           0  
  Clock Path Skew:        0.342ns (DCD - SCD - CPR)
    Destination Clock Delay (DCD):    -0.255ns
    Source Clock Delay      (SCD):    -0.560ns
    Clock Pessimism Removal (CPR):    -0.037ns

    Location             Delay type                Incr(ns)  Path(ns)    Netlist Resource(s)
  -------------------------------------------------------------------    -------------------
                         (clock clk_out1_clk_wiz_0 rise edge)
                                                      0.000     0.000 r  
    R4                                                0.000     0.000 r  clk (IN)
                         net (fo=0)                   0.000     0.000    clk_gen/inst/clk_in1
    R4                   IBUF (Prop_ibuf_I_O)         0.243     0.243 r  clk_gen/inst/clkin1_ibufg/O
                         net (fo=1, routed)           0.440     0.683    clk_gen/inst/clk_in1_clk_wiz_0
    PLLE2_ADV_X1Y2       PLLE2_ADV (Prop_plle2_adv_CLKIN1_CLKOUT0)
                                                     -2.503    -1.819 r  clk_gen/inst/plle2_adv_inst/CLKOUT0
                         net (fo=1, routed)           0.546    -1.273    clk_gen/inst/clk_out1_clk_wiz_0
    BUFGCTRL_X0Y0        BUFG (Prop_bufg_I_O)         0.026    -1.247 r  clk_gen/inst/clkout1_buf/O
                         net (fo=4891, routed)        0.687    -0.560    rv64im72f_6sp/ex_ex2_register/clk_out1
    SLICE_X28Y51         FDRE                                         r  rv64im72f_6sp/ex_ex2_register/EX2_read_data2_reg[58]/C
  -------------------------------------------------------------------    -------------------
    SLICE_X28Y51         FDRE (Prop_fdre_C_Q)         0.141    -0.419 r  rv64im72f_6sp/ex_ex2_register/EX2_read_data2_reg[58]/Q
                         net (fo=1, routed)           0.351    -0.068    rv64im72f_6sp/ex_mem_register/MEM_read_data2_reg[63]_0[58]
    SLICE_X28Y40         FDRE                                         r  rv64im72f_6sp/ex_mem_register/MEM_read_data2_reg[58]/D
  -------------------------------------------------------------------    -------------------

                         (clock clk_out1_clk_wiz_0 rise edge)
                                                      0.000     0.000 r  
    R4                                                0.000     0.000 r  clk (IN)
                         net (fo=0)                   0.000     0.000    clk_gen/inst/clk_in1
    R4                   IBUF (Prop_ibuf_I_O)         0.431     0.431 r  clk_gen/inst/clkin1_ibufg/O
                         net (fo=1, routed)           0.481     0.912    clk_gen/inst/clk_in1_clk_wiz_0
    PLLE2_ADV_X1Y2       PLLE2_ADV (Prop_plle2_adv_CLKIN1_CLKOUT0)
                                                     -2.828    -1.916 r  clk_gen/inst/plle2_adv_inst/CLKOUT0
                         net (fo=1, routed)           0.595    -1.322    clk_gen/inst/clk_out1_clk_wiz_0
    BUFGCTRL_X0Y0        BUFG (Prop_bufg_I_O)         0.029    -1.293 r  clk_gen/inst/clkout1_buf/O
                         net (fo=4891, routed)        1.038    -0.255    rv64im72f_6sp/ex_mem_register/clk_out1
    SLICE_X28Y40         FDRE                                         r  rv64im72f_6sp/ex_mem_register/MEM_read_data2_reg[58]/C
                         clock pessimism              0.037    -0.218    
    SLICE_X28Y40         FDRE (Hold_fdre_C_D)         0.072    -0.146    rv64im72f_6sp/ex_mem_register/MEM_read_data2_reg[58]
  -------------------------------------------------------------------
                         required time                          0.146    
                         arrival time                          -0.068    
  -------------------------------------------------------------------
                         slack                                  0.078    





Pulse Width Checks
--------------------------------------------------------------------------------------
Clock Name:         clk_out1_clk_wiz_0
Waveform(ns):       { 0.000 8.772 }
Period(ns):         17.544
Sources:            { clk_gen/inst/plle2_adv_inst/CLKOUT0 }

Check Type        Corner  Lib Pin             Reference Pin  Required(ns)  Actual(ns)  Slack(ns)  Location        Pin
Min Period        n/a     RAMB36E1/CLKARDCLK  n/a            2.944         17.544      14.600     RAMB36_X2Y9     rv64im72f_6sp/data_memory/memory_bank0_reg_0/CLKARDCLK
Max Period        n/a     PLLE2_ADV/CLKOUT0   n/a            160.000       17.544      142.456    PLLE2_ADV_X1Y2  clk_gen/inst/plle2_adv_inst/CLKOUT0
Low Pulse Width   Slow    RAMD32/CLK          n/a            1.250         8.772       7.522      SLICE_X16Y26    rv64im72f_6sp/register_file/registers_reg_r1_0_31_0_5/RAMA/CLK
High Pulse Width  Slow    RAMD32/CLK          n/a            1.250         8.772       7.522      SLICE_X16Y26    rv64im72f_6sp/register_file/registers_reg_r1_0_31_0_5/RAMA/CLK



---------------------------------------------------------------------------------------------------
From Clock:  clkfbout_clk_wiz_0
  To Clock:  clkfbout_clk_wiz_0

Setup :           NA  Failing Endpoints,  Worst Slack           NA  ,  Total Violation           NA
Hold  :           NA  Failing Endpoints,  Worst Slack           NA  ,  Total Violation           NA
PW    :            0  Failing Endpoints,  Worst Slack        2.633ns,  Total Violation        0.000ns
---------------------------------------------------------------------------------------------------


Pulse Width Checks
--------------------------------------------------------------------------------------
Clock Name:         clkfbout_clk_wiz_0
Waveform(ns):       { 0.000 25.000 }
Period(ns):         50.000
Sources:            { clk_gen/inst/plle2_adv_inst/CLKFBOUT }

Check Type  Corner  Lib Pin            Reference Pin  Required(ns)  Actual(ns)  Slack(ns)  Location        Pin
Min Period  n/a     BUFG/I             n/a            2.155         50.000      47.845     BUFGCTRL_X0Y1   clk_gen/inst/clkf_buf/I
Max Period  n/a     PLLE2_ADV/CLKFBIN  n/a            52.633        50.000      2.633      PLLE2_ADV_X1Y2  clk_gen/inst/plle2_adv_inst/CLKFBIN



---------------------------------------------------------------------------------------------------
Path Group:  **async_default**
From Clock:  clk_out1_clk_wiz_0
  To Clock:  clk_out1_clk_wiz_0

Setup :            0  Failing Endpoints,  Worst Slack        8.389ns,  Total Violation        0.000ns
Hold  :            0  Failing Endpoints,  Worst Slack        0.481ns,  Total Violation        0.000ns
---------------------------------------------------------------------------------------------------


Max Delay Paths
--------------------------------------------------------------------------------------
Slack (MET) :             8.389ns  (required time - arrival time)
  Source:                 reset_sync_reg[2]/C
                            (rising edge-triggered cell FDPE clocked by clk_out1_clk_wiz_0  {rise@0.000ns fall@8.772ns period=17.544ns})
  Destination:            rv64im72f_6sp/retire_alu_result_reg[13]/CLR
                            (recovery check against rising-edge clock clk_out1_clk_wiz_0  {rise@0.000ns fall@8.772ns period=17.544ns})
  Path Group:             **async_default**
  Path Type:              Recovery (Max at Slow Process Corner)
  Requirement:            17.544ns  (clk_out1_clk_wiz_0 rise@17.544ns - clk_out1_clk_wiz_0 rise@0.000ns)
  Data Path Delay:        8.583ns  (logic 0.456ns (5.313%)  route 8.127ns (94.687%))
  Logic Levels:           0  
  Clock Path Skew:        -0.048ns (DCD - SCD + CPR)
    Destination Clock Delay (DCD):    -1.835ns = ( 15.709 - 17.544 ) 
    Source Clock Delay      (SCD):    -2.206ns
    Clock Pessimism Removal (CPR):    -0.418ns
  Clock Uncertainty:      0.119ns  ((TSJ^2 + DJ^2)^1/2) / 2 + PE
    Total System Jitter     (TSJ):    0.071ns
    Discrete Jitter          (DJ):    0.228ns
    Phase Error              (PE):    0.000ns

    Location             Delay type                Incr(ns)  Path(ns)    Netlist Resource(s)
  -------------------------------------------------------------------    -------------------
                         (clock clk_out1_clk_wiz_0 rise edge)
                                                      0.000     0.000 r  
    R4                                                0.000     0.000 r  clk (IN)
                         net (fo=0)                   0.000     0.000    clk_gen/inst/clk_in1
    R4                   IBUF (Prop_ibuf_I_O)         1.475     1.475 r  clk_gen/inst/clkin1_ibufg/O
                         net (fo=1, routed)           1.253     2.728    clk_gen/inst/clk_in1_clk_wiz_0
    PLLE2_ADV_X1Y2       PLLE2_ADV (Prop_plle2_adv_CLKIN1_CLKOUT0)
                                                     -8.953    -6.225 r  clk_gen/inst/plle2_adv_inst/CLKOUT0
                         net (fo=1, routed)           1.802    -4.422    clk_gen/inst/clk_out1_clk_wiz_0
    BUFGCTRL_X0Y0        BUFG (Prop_bufg_I_O)         0.096    -4.326 r  clk_gen/inst/clkout1_buf/O
                         net (fo=4891, routed)        2.120    -2.206    clk_cpu
    SLICE_X9Y32          FDPE                                         r  reset_sync_reg[2]/C
  -------------------------------------------------------------------    -------------------
    SLICE_X9Y32          FDPE (Prop_fdpe_C_Q)         0.456    -1.750 f  reset_sync_reg[2]/Q
                         net (fo=2125, routed)        8.127     6.377    rv64im72f_6sp/Q[0]
    SLICE_X26Y29         FDCE                                         f  rv64im72f_6sp/retire_alu_result_reg[13]/CLR
  -------------------------------------------------------------------    -------------------

                         (clock clk_out1_clk_wiz_0 rise edge)
                                                     17.544    17.544 r  
    R4                                                0.000    17.544 r  clk (IN)
                         net (fo=0)                   0.000    17.544    clk_gen/inst/clk_in1
    R4                   IBUF (Prop_ibuf_I_O)         1.405    18.948 r  clk_gen/inst/clkin1_ibufg/O
                         net (fo=1, routed)           1.181    20.129    clk_gen/inst/clk_in1_clk_wiz_0
    PLLE2_ADV_X1Y2       PLLE2_ADV (Prop_plle2_adv_CLKIN1_CLKOUT0)
                                                     -8.206    11.924 r  clk_gen/inst/plle2_adv_inst/CLKOUT0
                         net (fo=1, routed)           1.718    13.642    clk_gen/inst/clk_out1_clk_wiz_0
    BUFGCTRL_X0Y0        BUFG (Prop_bufg_I_O)         0.091    13.733 r  clk_gen/inst/clkout1_buf/O
                         net (fo=4891, routed)        1.976    15.709    rv64im72f_6sp/clk_out1
    SLICE_X26Y29         FDCE                                         r  rv64im72f_6sp/retire_alu_result_reg[13]/C
                         clock pessimism             -0.418    15.290    
                         clock uncertainty           -0.119    15.171    
    SLICE_X26Y29         FDCE (Recov_fdce_C_CLR)     -0.405    14.766    rv64im72f_6sp/retire_alu_result_reg[13]
  -------------------------------------------------------------------
                         required time                         14.766    
                         arrival time                          -6.377    
  -------------------------------------------------------------------
                         slack                                  8.389    





Min Delay Paths
--------------------------------------------------------------------------------------
Slack (MET) :             0.481ns  (arrival time - required time)
  Source:                 reset_sync_reg[2]/C
                            (rising edge-triggered cell FDPE clocked by clk_out1_clk_wiz_0  {rise@0.000ns fall@8.772ns period=17.544ns})
  Destination:            rv64im72f_6sp/program_counter/pc_reg[28]/CLR
                            (removal check against rising-edge clock clk_out1_clk_wiz_0  {rise@0.000ns fall@8.772ns period=17.544ns})
  Path Group:             **async_default**
  Path Type:              Removal (Min at Fast Process Corner)
  Requirement:            0.000ns  (clk_out1_clk_wiz_0 rise@0.000ns - clk_out1_clk_wiz_0 rise@0.000ns)
  Data Path Delay:        0.404ns  (logic 0.141ns (34.894%)  route 0.263ns (65.106%))
  Logic Levels:           0  
  Clock Path Skew:        0.015ns (DCD - SCD - CPR)
    Destination Clock Delay (DCD):    -0.255ns
    Source Clock Delay      (SCD):    -0.488ns
    Clock Pessimism Removal (CPR):    0.218ns

    Location             Delay type                Incr(ns)  Path(ns)    Netlist Resource(s)
  -------------------------------------------------------------------    -------------------
                         (clock clk_out1_clk_wiz_0 rise edge)
                                                      0.000     0.000 r  
    R4                                                0.000     0.000 r  clk (IN)
                         net (fo=0)                   0.000     0.000    clk_gen/inst/clk_in1
    R4                   IBUF (Prop_ibuf_I_O)         0.243     0.243 r  clk_gen/inst/clkin1_ibufg/O
                         net (fo=1, routed)           0.440     0.683    clk_gen/inst/clk_in1_clk_wiz_0
    PLLE2_ADV_X1Y2       PLLE2_ADV (Prop_plle2_adv_CLKIN1_CLKOUT0)
                                                     -2.503    -1.819 r  clk_gen/inst/plle2_adv_inst/CLKOUT0
                         net (fo=1, routed)           0.546    -1.273    clk_gen/inst/clk_out1_clk_wiz_0
    BUFGCTRL_X0Y0        BUFG (Prop_bufg_I_O)         0.026    -1.247 r  clk_gen/inst/clkout1_buf/O
                         net (fo=4891, routed)        0.760    -0.488    clk_cpu
    SLICE_X9Y32          FDPE                                         r  reset_sync_reg[2]/C
  -------------------------------------------------------------------    -------------------
    SLICE_X9Y32          FDPE (Prop_fdpe_C_Q)         0.141    -0.347 f  reset_sync_reg[2]/Q
                         net (fo=2125, routed)        0.263    -0.084    rv64im72f_6sp/program_counter/pc_reg[63]_0[0]
    SLICE_X9Y33          FDCE                                         f  rv64im72f_6sp/program_counter/pc_reg[28]/CLR
  -------------------------------------------------------------------    -------------------

                         (clock clk_out1_clk_wiz_0 rise edge)
                                                      0.000     0.000 r  
    R4                                                0.000     0.000 r  clk (IN)
                         net (fo=0)                   0.000     0.000    clk_gen/inst/clk_in1
    R4                   IBUF (Prop_ibuf_I_O)         0.431     0.431 r  clk_gen/inst/clkin1_ibufg/O
                         net (fo=1, routed)           0.481     0.912    clk_gen/inst/clk_in1_clk_wiz_0
    PLLE2_ADV_X1Y2       PLLE2_ADV (Prop_plle2_adv_CLKIN1_CLKOUT0)
                                                     -2.828    -1.916 r  clk_gen/inst/plle2_adv_inst/CLKOUT0
                         net (fo=1, routed)           0.595    -1.322    clk_gen/inst/clk_out1_clk_wiz_0
    BUFGCTRL_X0Y0        BUFG (Prop_bufg_I_O)         0.029    -1.293 r  clk_gen/inst/clkout1_buf/O
                         net (fo=4891, routed)        1.038    -0.255    rv64im72f_6sp/program_counter/clk_out1
    SLICE_X9Y33          FDCE                                         r  rv64im72f_6sp/program_counter/pc_reg[28]/C
                         clock pessimism             -0.218    -0.473    
    SLICE_X9Y33          FDCE (Remov_fdce_C_CLR)     -0.092    -0.565    rv64im72f_6sp/program_counter/pc_reg[28]
  -------------------------------------------------------------------
                         required time                          0.565    
                         arrival time                          -0.084    
  -------------------------------------------------------------------
                         slack                                  0.481    





