Copyright 1986-2022 Xilinx, Inc. All Rights Reserved. Copyright 2022-2025 Advanced Micro Devices, Inc. All Rights Reserved.
---------------------------------------------------------------------------------------------------------------------------------------------
| Tool Version : Vivado v.2025.2 (lin64) Build 6299465 Fri Nov 14 12:34:56 MST 2025
| Date         : Thu Sep 17 10:39:44 2026
| Host         : khwl-ThinkPad-X1-Carbon-Gen-13 running 64-bit Ubuntu 24.04.4 LTS
| Command      : report_timing_summary -file /home/khwl/Desktop/RV-IM100/riscof-env/logs/extcore/vexriscv/timing.rpt
| Design       : VexRiscv
| Device       : 7a200t-sbg484
| Speed File   : -1  PRODUCTION 1.23 2018-06-13
| Design State : Optimized
---------------------------------------------------------------------------------------------------------------------------------------------

Timing Summary Report

------------------------------------------------------------------------------------------------
| Timer Settings
| --------------
------------------------------------------------------------------------------------------------

  Enable Multi Corner Analysis               :  Yes
  Enable Pessimism Removal                   :  Yes
  Pessimism Removal Resolution               :  Nearest Common Node
  Enable Input Delay Default Clock           :  No
  Enable Preset / Clear Arcs                 :  No
  Disable Flight Delays                      :  No
  Ignore I/O Paths                           :  No
  Timing Early Launch at Borrowing Latches   :  No
  Borrow Time for Max Delay Exceptions       :  Yes
  Merge Timing Exceptions                    :  Yes
  Inter-SLR Compensation                     :  Conservative

  Corner  Analyze    Analyze    
  Name    Max Paths  Min Paths  
  ------  ---------  ---------  
  Slow    Yes        Yes        
  Fast    Yes        Yes        


------------------------------------------------------------------------------------------------
| Report Methodology
| ------------------
------------------------------------------------------------------------------------------------

No report available as report_methodology has not been run prior. Run report_methodology on the current design for the summary of methodology violations.



check_timing report

Table of Contents
-----------------
1. checking no_clock (0)
2. checking constant_clock (0)
3. checking pulse_width_clock (0)
4. checking unconstrained_internal_endpoints (0)
5. checking no_input_delay (113)
6. checking no_output_delay (137)
7. checking multiple_clock (0)
8. checking generated_clocks (0)
9. checking loops (0)
10. checking partial_input_delay (0)
11. checking partial_output_delay (0)
12. checking latch_loops (0)

1. checking no_clock (0)
------------------------
 There are 0 register/latch pins with no clock.


2. checking constant_clock (0)
------------------------------
 There are 0 register/latch pins with constant_clock.


3. checking pulse_width_clock (0)
---------------------------------
 There are 0 register/latch pins which need pulse_width check


4. checking unconstrained_internal_endpoints (0)
------------------------------------------------
 There are 0 pins that are not constrained for maximum delay.

 There are 0 pins that are not constrained for maximum delay due to constant clock.


5. checking no_input_delay (113)
--------------------------------
 There are 113 input ports with no input delay specified. (HIGH)

 There are 0 input ports with no input delay but user has a false path constraint.


6. checking no_output_delay (137)
---------------------------------
 There are 137 ports with no output delay specified. (HIGH)

 There are 0 ports with no output delay but user has a false path constraint

 There are 0 ports with no output delay but with a timing clock defined on it or propagating through it


7. checking multiple_clock (0)
------------------------------
 There are 0 register/latch pins with multiple clocks.


8. checking generated_clocks (0)
--------------------------------
 There are 0 generated clocks that are not connected to a clock source.


9. checking loops (0)
---------------------
 There are 0 combinational loops in the design.


10. checking partial_input_delay (0)
------------------------------------
 There are 0 input ports with partial input delay specified.


11. checking partial_output_delay (0)
-------------------------------------
 There are 0 ports with partial output delay specified.


12. checking latch_loops (0)
----------------------------
 There are 0 combinational latch loops in the design through latch input



------------------------------------------------------------------------------------------------
| Design Timing Summary
| ---------------------
------------------------------------------------------------------------------------------------

    WNS(ns)      TNS(ns)  TNS Failing Endpoints  TNS Total Endpoints      WHS(ns)      THS(ns)  THS Failing Endpoints  THS Total Endpoints     WPWS(ns)     TPWS(ns)  TPWS Failing Endpoints  TPWS Total Endpoints  
    -------      -------  ---------------------  -------------------      -------      -------  ---------------------  -------------------     --------     --------  ----------------------  --------------------  
     -2.321     -318.015                    499                 1873        0.262        0.000                      0                 1873        2.000        0.000                       0                   948  


Timing constraints are not met.


------------------------------------------------------------------------------------------------
| Clock Summary
| -------------
------------------------------------------------------------------------------------------------

Clock    Waveform(ns)         Period(ns)      Frequency(MHz)
-----    ------------         ----------      --------------
coreclk  {0.000 2.500}        5.000           200.000         


------------------------------------------------------------------------------------------------
| Intra Clock Table
| -----------------
------------------------------------------------------------------------------------------------

Clock             WNS(ns)      TNS(ns)  TNS Failing Endpoints  TNS Total Endpoints      WHS(ns)      THS(ns)  THS Failing Endpoints  THS Total Endpoints     WPWS(ns)     TPWS(ns)  TPWS Failing Endpoints  TPWS Total Endpoints  
-----             -------      -------  ---------------------  -------------------      -------      -------  ---------------------  -------------------     --------     --------  ----------------------  --------------------  
coreclk            -2.321     -318.015                    499                 1873        0.262        0.000                      0                 1873        2.000        0.000                       0                   948  


------------------------------------------------------------------------------------------------
| Inter Clock Table
| -----------------
------------------------------------------------------------------------------------------------

From Clock    To Clock          WNS(ns)      TNS(ns)  TNS Failing Endpoints  TNS Total Endpoints      WHS(ns)      THS(ns)  THS Failing Endpoints  THS Total Endpoints  
----------    --------          -------      -------  ---------------------  -------------------      -------      -------  ---------------------  -------------------  


------------------------------------------------------------------------------------------------
| Other Path Groups Table
| -----------------------
------------------------------------------------------------------------------------------------

Path Group    From Clock    To Clock          WNS(ns)      TNS(ns)  TNS Failing Endpoints  TNS Total Endpoints      WHS(ns)      THS(ns)  THS Failing Endpoints  THS Total Endpoints  
----------    ----------    --------          -------      -------  ---------------------  -------------------      -------      -------  ---------------------  -------------------  


------------------------------------------------------------------------------------------------
| Timing Details
| --------------
------------------------------------------------------------------------------------------------


---------------------------------------------------------------------------------------------------
From Clock:  coreclk
  To Clock:  coreclk

Setup :          499  Failing Endpoints,  Worst Slack       -2.321ns,  Total Violation     -318.015ns
Hold  :            0  Failing Endpoints,  Worst Slack        0.262ns,  Total Violation        0.000ns
PW    :            0  Failing Endpoints,  Worst Slack        2.000ns,  Total Violation        0.000ns
---------------------------------------------------------------------------------------------------


Max Delay Paths
--------------------------------------------------------------------------------------
Slack (VIOLATED) :        -2.321ns  (required time - arrival time)
  Source:                 decode_to_execute_INSTRUCTION_reg[20]/C
                            (rising edge-triggered cell FDRE clocked by coreclk  {rise@0.000ns fall@2.500ns period=5.000ns})
  Destination:            decode_to_execute_RS1_reg[0]/D
                            (rising edge-triggered cell FDRE clocked by coreclk  {rise@0.000ns fall@2.500ns period=5.000ns})
  Path Group:             coreclk
  Path Type:              Setup (Max at Slow Process Corner)
  Requirement:            5.000ns  (coreclk rise@5.000ns - coreclk rise@0.000ns)
  Data Path Delay:        7.266ns  (logic 3.224ns (44.371%)  route 4.042ns (55.629%))
  Logic Levels:           14  (CARRY4=8 LUT4=1 LUT5=4 LUT6=1)
  Clock Path Skew:        -0.049ns (DCD - SCD + CPR)
    Destination Clock Delay (DCD):    0.924ns = ( 5.924 - 5.000 ) 
    Source Clock Delay      (SCD):    0.973ns
    Clock Pessimism Removal (CPR):    0.000ns
  Clock Uncertainty:      0.035ns  ((TSJ^2 + TIJ^2)^1/2 + DJ) / 2 + PE
    Total System Jitter     (TSJ):    0.071ns
    Total Input Jitter      (TIJ):    0.000ns
    Discrete Jitter          (DJ):    0.000ns
    Phase Error              (PE):    0.000ns

    Location             Delay type                Incr(ns)  Path(ns)    Netlist Resource(s)
  -------------------------------------------------------------------    -------------------
                         (clock coreclk rise edge)    0.000     0.000 r  
                                                      0.000     0.000 r  clk (IN)
                         net (fo=947, unset)          0.973     0.973    clk
                         FDRE                                         r  decode_to_execute_INSTRUCTION_reg[20]/C
  -------------------------------------------------------------------    -------------------
                         FDRE (Prop_fdre_C_Q)         0.456     1.429 f  decode_to_execute_INSTRUCTION_reg[20]/Q
                         net (fo=7, unplaced)         0.841     2.270    execute_CsrPlugin_csrAddress[0]
                         LUT5 (Prop_lut5_I0_O)        0.295     2.565 r  execute_to_memory_SHIFT_RIGHT[31]_i_5/O
                         net (fo=35, unplaced)        0.522     3.087    execute_to_memory_SHIFT_RIGHT[31]_i_5_n_0
                         LUT6 (Prop_lut6_I4_O)        0.124     3.211 r  dBus_cmd_payload_mask[3]_INST_0_i_8/O
                         net (fo=1, unplaced)         0.665     3.876    dBus_cmd_payload_mask[3]_INST_0_i_8_n_0
                         CARRY4 (Prop_carry4_S[0]_CO[3])
                                                      0.637     4.513 r  dBus_cmd_payload_mask[3]_INST_0_i_2/CO[3]
                         net (fo=1, unplaced)         0.009     4.522    dBus_cmd_payload_mask[3]_INST_0_i_2_n_0
                         CARRY4 (Prop_carry4_CI_CO[3])
                                                      0.117     4.639 r  dBus_cmd_payload_address[7]_INST_0_i_1/CO[3]
                         net (fo=1, unplaced)         0.000     4.639    dBus_cmd_payload_address[7]_INST_0_i_1_n_0
                         CARRY4 (Prop_carry4_CI_CO[3])
                                                      0.117     4.756 r  dBus_cmd_payload_address[11]_INST_0_i_1/CO[3]
                         net (fo=1, unplaced)         0.000     4.756    dBus_cmd_payload_address[11]_INST_0_i_1_n_0
                         CARRY4 (Prop_carry4_CI_CO[3])
                                                      0.117     4.873 r  dBus_cmd_payload_address[15]_INST_0_i_1/CO[3]
                         net (fo=1, unplaced)         0.000     4.873    dBus_cmd_payload_address[15]_INST_0_i_1_n_0
                         CARRY4 (Prop_carry4_CI_CO[3])
                                                      0.117     4.990 r  dBus_cmd_payload_address[19]_INST_0_i_1/CO[3]
                         net (fo=1, unplaced)         0.000     4.990    dBus_cmd_payload_address[19]_INST_0_i_1_n_0
                         CARRY4 (Prop_carry4_CI_CO[3])
                                                      0.117     5.107 r  dBus_cmd_payload_address[23]_INST_0_i_1/CO[3]
                         net (fo=1, unplaced)         0.000     5.107    dBus_cmd_payload_address[23]_INST_0_i_1_n_0
                         CARRY4 (Prop_carry4_CI_CO[3])
                                                      0.117     5.224 r  dBus_cmd_payload_address[27]_INST_0_i_1/CO[3]
                         net (fo=1, unplaced)         0.000     5.224    dBus_cmd_payload_address[27]_INST_0_i_1_n_0
                         CARRY4 (Prop_carry4_CI_O[3])
                                                      0.331     5.555 r  dBus_cmd_payload_address[31]_INST_0_i_1/O[3]
                         net (fo=2, unplaced)         0.629     6.184    _zz_execute_SrcPlugin_addSub[31]
                         LUT5 (Prop_lut5_I3_O)        0.307     6.491 r  execute_to_memory_REGFILE_WRITE_DATA[0]_i_3/O
                         net (fo=2, unplaced)         0.460     6.951    execute_to_memory_REGFILE_WRITE_DATA[0]_i_3_n_0
                         LUT5 (Prop_lut5_I0_O)        0.124     7.075 r  execute_to_memory_REGFILE_WRITE_DATA[0]_i_2/O
                         net (fo=1, unplaced)         0.449     7.524    execute_to_memory_REGFILE_WRITE_DATA[0]_i_2_n_0
                         LUT4 (Prop_lut4_I3_O)        0.124     7.648 r  execute_to_memory_REGFILE_WRITE_DATA[0]_i_1/O
                         net (fo=3, unplaced)         0.467     8.115    _zz_decode_RS2[0]
                         LUT5 (Prop_lut5_I0_O)        0.124     8.239 r  decode_to_execute_RS1[0]_i_1/O
                         net (fo=1, unplaced)         0.000     8.239    decode_RS1[0]
                         FDRE                                         r  decode_to_execute_RS1_reg[0]/D
  -------------------------------------------------------------------    -------------------

                         (clock coreclk rise edge)    5.000     5.000 r  
                                                      0.000     5.000 r  clk (IN)
                         net (fo=947, unset)          0.924     5.924    clk
                         FDRE                                         r  decode_to_execute_RS1_reg[0]/C
                         clock pessimism              0.000     5.924    
                         clock uncertainty           -0.035     5.889    
                         FDRE (Setup_fdre_C_D)        0.029     5.918    decode_to_execute_RS1_reg[0]
  -------------------------------------------------------------------
                         required time                          5.918    
                         arrival time                          -8.239    
  -------------------------------------------------------------------
                         slack                                 -2.321    





Min Delay Paths
--------------------------------------------------------------------------------------
Slack (MET) :             0.262ns  (arrival time - required time)
  Source:                 DebugPlugin_godmode_reg/C
                            (rising edge-triggered cell FDCE clocked by coreclk  {rise@0.000ns fall@2.500ns period=5.000ns})
  Destination:            CsrPlugin_hadException_reg/D
                            (rising edge-triggered cell FDCE clocked by coreclk  {rise@0.000ns fall@2.500ns period=5.000ns})
  Path Group:             coreclk
  Path Type:              Hold (Min at Fast Process Corner)
  Requirement:            0.000ns  (coreclk rise@0.000ns - coreclk rise@0.000ns)
  Data Path Delay:        0.375ns  (logic 0.239ns (63.779%)  route 0.136ns (36.221%))
  Logic Levels:           1  (LUT2=1)
  Clock Path Skew:        0.022ns (DCD - SCD - CPR)
    Destination Clock Delay (DCD):    0.432ns
    Source Clock Delay      (SCD):    0.410ns
    Clock Pessimism Removal (CPR):    -0.000ns

    Location             Delay type                Incr(ns)  Path(ns)    Netlist Resource(s)
  -------------------------------------------------------------------    -------------------
                         (clock coreclk rise edge)    0.000     0.000 r  
                                                      0.000     0.000 r  clk (IN)
                         net (fo=947, unset)          0.410     0.410    clk
                         FDCE                                         r  DebugPlugin_godmode_reg/C
  -------------------------------------------------------------------    -------------------
                         FDCE (Prop_fdce_C_Q)         0.141     0.551 f  DebugPlugin_godmode_reg/Q
                         net (fo=2, unplaced)         0.136     0.687    DebugPlugin_godmode_reg_n_0
                         LUT2 (Prop_lut2_I1_O)        0.098     0.785 r  CsrPlugin_hadException_i_1/O
                         net (fo=1, unplaced)         0.000     0.785    CsrPlugin_exception
                         FDCE                                         r  CsrPlugin_hadException_reg/D
  -------------------------------------------------------------------    -------------------

                         (clock coreclk rise edge)    0.000     0.000 r  
                                                      0.000     0.000 r  clk (IN)
                         net (fo=947, unset)          0.432     0.432    clk
                         FDCE                                         r  CsrPlugin_hadException_reg/C
                         clock pessimism              0.000     0.432    
                         FDCE (Hold_fdce_C_D)         0.091     0.523    CsrPlugin_hadException_reg
  -------------------------------------------------------------------
                         required time                         -0.523    
                         arrival time                           0.785    
  -------------------------------------------------------------------
                         slack                                  0.262    





Pulse Width Checks
--------------------------------------------------------------------------------------
Clock Name:         coreclk
Waveform(ns):       { 0.000 2.500 }
Period(ns):         5.000
Sources:            { clk }

Check Type        Corner  Lib Pin             Reference Pin  Required(ns)  Actual(ns)  Slack(ns)  Location  Pin
Min Period        n/a     RAMB18E1/CLKARDCLK  n/a            2.944         5.000       2.056                RegFilePlugin_regFile_reg_1/CLKARDCLK
Low Pulse Width   Slow    FDRE/C              n/a            0.500         2.500       2.000                CsrPlugin_exceptionPortCtrl_exceptionContext_badAddr_reg[0]/C
High Pulse Width  Slow    FDRE/C              n/a            0.500         2.500       2.000                CsrPlugin_exceptionPortCtrl_exceptionContext_badAddr_reg[0]/C



