Copyright 1986-2022 Xilinx, Inc. All Rights Reserved. Copyright 2022-2025 Advanced Micro Devices, Inc. All Rights Reserved.
---------------------------------------------------------------------------------------------------------------------------------------------
| Tool Version : Vivado v.2025.2 (lin64) Build 6299465 Fri Nov 14 12:34:56 MST 2025
| Date         : Wed Sep  9 10:51:03 2026
| Host         : khwl-ThinkPad-X1-Carbon-Gen-13 running 64-bit Ubuntu 24.04.4 LTS
| Command      : report_timing_summary -file logs/swap_reports/RV64I5SP_SoC/timing.rpt
| Design       : RV64I59F5SPSoCTOP
| Device       : 7a200t-sbg484
| Speed File   : -1  PRODUCTION 1.23 2018-06-13
| Design State : Physopt postRoute
---------------------------------------------------------------------------------------------------------------------------------------------

Timing Summary Report

------------------------------------------------------------------------------------------------
| Timer Settings
| --------------
------------------------------------------------------------------------------------------------

  Enable Multi Corner Analysis               :  Yes
  Enable Pessimism Removal                   :  Yes
  Pessimism Removal Resolution               :  Nearest Common Node
  Enable Input Delay Default Clock           :  No
  Enable Preset / Clear Arcs                 :  No
  Disable Flight Delays                      :  No
  Ignore I/O Paths                           :  No
  Timing Early Launch at Borrowing Latches   :  No
  Borrow Time for Max Delay Exceptions       :  Yes
  Merge Timing Exceptions                    :  Yes
  Inter-SLR Compensation                     :  Conservative

  Corner  Analyze    Analyze    
  Name    Max Paths  Min Paths  
  ------  ---------  ---------  
  Slow    Yes        Yes        
  Fast    Yes        Yes        


------------------------------------------------------------------------------------------------
| Report Methodology
| ------------------
------------------------------------------------------------------------------------------------

Rule       Severity  Description                                                Violations  
---------  --------  ---------------------------------------------------------  ----------  
SYNTH-5    Warning   Mapped onto distributed RAM because of timing constraints  2048        
TIMING-16  Warning   Large setup violation                                      286         

Note: This report is based on the most recent report_methodology run and may not be up-to-date. Run report_methodology on the current design for the latest report.



check_timing report

Table of Contents
-----------------
1. checking no_clock (0)
2. checking constant_clock (0)
3. checking pulse_width_clock (0)
4. checking unconstrained_internal_endpoints (0)
5. checking no_input_delay (2)
6. checking no_output_delay (9)
7. checking multiple_clock (0)
8. checking generated_clocks (0)
9. checking loops (0)
10. checking partial_input_delay (0)
11. checking partial_output_delay (0)
12. checking latch_loops (0)

1. checking no_clock (0)
------------------------
 There are 0 register/latch pins with no clock.


2. checking constant_clock (0)
------------------------------
 There are 0 register/latch pins with constant_clock.


3. checking pulse_width_clock (0)
---------------------------------
 There are 0 register/latch pins which need pulse_width check


4. checking unconstrained_internal_endpoints (0)
------------------------------------------------
 There are 0 pins that are not constrained for maximum delay.

 There are 0 pins that are not constrained for maximum delay due to constant clock.


5. checking no_input_delay (2)
------------------------------
 There are 0 input ports with no input delay specified.

 There are 2 input ports with no input delay but user has a false path constraint. (MEDIUM)


6. checking no_output_delay (9)
-------------------------------
 There are 0 ports with no output delay specified.

 There are 9 ports with no output delay but user has a false path constraint (MEDIUM)

 There are 0 ports with no output delay but with a timing clock defined on it or propagating through it


7. checking multiple_clock (0)
------------------------------
 There are 0 register/latch pins with multiple clocks.


8. checking generated_clocks (0)
--------------------------------
 There are 0 generated clocks that are not connected to a clock source.


9. checking loops (0)
---------------------
 There are 0 combinational loops in the design.


10. checking partial_input_delay (0)
------------------------------------
 There are 0 input ports with partial input delay specified.


11. checking partial_output_delay (0)
-------------------------------------
 There are 0 ports with partial output delay specified.


12. checking latch_loops (0)
----------------------------
 There are 0 combinational latch loops in the design through latch input



------------------------------------------------------------------------------------------------
| Design Timing Summary
| ---------------------
------------------------------------------------------------------------------------------------

    WNS(ns)      TNS(ns)  TNS Failing Endpoints  TNS Total Endpoints      WHS(ns)      THS(ns)  THS Failing Endpoints  THS Total Endpoints     WPWS(ns)     TPWS(ns)  TPWS Failing Endpoints  TPWS Total Endpoints  
    -------      -------  ---------------------  -------------------      -------      -------  ---------------------  -------------------     --------     --------  ----------------------  --------------------  
     -0.695     -341.036                   1035                92814        0.090        0.000                      0                92814        2.633        0.000                       0                 11626  


Timing constraints are not met.


------------------------------------------------------------------------------------------------
| Clock Summary
| -------------
------------------------------------------------------------------------------------------------

Clock                 Waveform(ns)       Period(ns)      Frequency(MHz)
-----                 ------------       ----------      --------------
clk                   {0.000 5.000}      10.000          100.000         
  clk_out1_clk_wiz_0  {0.000 12.500}     25.000          40.000          
  clkfbout_clk_wiz_0  {0.000 25.000}     50.000          20.000          


------------------------------------------------------------------------------------------------
| Intra Clock Table
| -----------------
------------------------------------------------------------------------------------------------

Clock                     WNS(ns)      TNS(ns)  TNS Failing Endpoints  TNS Total Endpoints      WHS(ns)      THS(ns)  THS Failing Endpoints  THS Total Endpoints     WPWS(ns)     TPWS(ns)  TPWS Failing Endpoints  TPWS Total Endpoints  
-----                     -------      -------  ---------------------  -------------------      -------      -------  ---------------------  -------------------     --------     --------  ----------------------  --------------------  
clk                                                                                                                                                                     3.000        0.000                       0                     1  
  clk_out1_clk_wiz_0       -0.695     -341.036                   1035                89567        0.090        0.000                      0                89567       11.250        0.000                       0                 11622  
  clkfbout_clk_wiz_0                                                                                                                                                    2.633        0.000                       0                     3  


------------------------------------------------------------------------------------------------
| Inter Clock Table
| -----------------
------------------------------------------------------------------------------------------------

From Clock    To Clock          WNS(ns)      TNS(ns)  TNS Failing Endpoints  TNS Total Endpoints      WHS(ns)      THS(ns)  THS Failing Endpoints  THS Total Endpoints  
----------    --------          -------      -------  ---------------------  -------------------      -------      -------  ---------------------  -------------------  


------------------------------------------------------------------------------------------------
| Other Path Groups Table
| -----------------------
------------------------------------------------------------------------------------------------

Path Group          From Clock          To Clock                WNS(ns)      TNS(ns)  TNS Failing Endpoints  TNS Total Endpoints      WHS(ns)      THS(ns)  THS Failing Endpoints  THS Total Endpoints  
----------          ----------          --------                -------      -------  ---------------------  -------------------      -------      -------  ---------------------  -------------------  
**async_default**   clk_out1_clk_wiz_0  clk_out1_clk_wiz_0       10.271        0.000                      0                 3247        0.836        0.000                      0                 3247  


------------------------------------------------------------------------------------------------
| Timing Details
| --------------
------------------------------------------------------------------------------------------------


---------------------------------------------------------------------------------------------------
From Clock:  clk
  To Clock:  clk

Setup :           NA  Failing Endpoints,  Worst Slack           NA  ,  Total Violation           NA
Hold  :           NA  Failing Endpoints,  Worst Slack           NA  ,  Total Violation           NA
PW    :            0  Failing Endpoints,  Worst Slack        3.000ns,  Total Violation        0.000ns
---------------------------------------------------------------------------------------------------


Pulse Width Checks
--------------------------------------------------------------------------------------
Clock Name:         clk
Waveform(ns):       { 0.000 5.000 }
Period(ns):         10.000
Sources:            { clk }

Check Type        Corner  Lib Pin           Reference Pin  Required(ns)  Actual(ns)  Slack(ns)  Location        Pin
Min Period        n/a     PLLE2_ADV/CLKIN1  n/a            1.249         10.000      8.751      PLLE2_ADV_X1Y2  clk_gen/inst/plle2_adv_inst/CLKIN1
Max Period        n/a     PLLE2_ADV/CLKIN1  n/a            52.633        10.000      42.633     PLLE2_ADV_X1Y2  clk_gen/inst/plle2_adv_inst/CLKIN1
Low Pulse Width   Slow    PLLE2_ADV/CLKIN1  n/a            2.000         5.000       3.000      PLLE2_ADV_X1Y2  clk_gen/inst/plle2_adv_inst/CLKIN1
High Pulse Width  Slow    PLLE2_ADV/CLKIN1  n/a            2.000         5.000       3.000      PLLE2_ADV_X1Y2  clk_gen/inst/plle2_adv_inst/CLKIN1



---------------------------------------------------------------------------------------------------
From Clock:  clk_out1_clk_wiz_0
  To Clock:  clk_out1_clk_wiz_0

Setup :         1035  Failing Endpoints,  Worst Slack       -0.695ns,  Total Violation     -341.036ns
Hold  :            0  Failing Endpoints,  Worst Slack        0.090ns,  Total Violation        0.000ns
PW    :            0  Failing Endpoints,  Worst Slack       11.250ns,  Total Violation        0.000ns
---------------------------------------------------------------------------------------------------


Max Delay Paths
--------------------------------------------------------------------------------------
Slack (VIOLATED) :        -0.695ns  (required time - arrival time)
  Source:                 rv64i59f_5sp/ex_mem_register/MEM_alu_result_reg[4]_replica_2/C
                            (rising edge-triggered cell FDCE clocked by clk_out1_clk_wiz_0  {rise@0.000ns fall@12.500ns period=25.000ns})
  Destination:            rv64i59f_5sp/program_counter/pc_reg[61]/D
                            (rising edge-triggered cell FDCE clocked by clk_out1_clk_wiz_0  {rise@0.000ns fall@12.500ns period=25.000ns})
  Path Group:             clk_out1_clk_wiz_0
  Path Type:              Setup (Max at Slow Process Corner)
  Requirement:            25.000ns  (clk_out1_clk_wiz_0 rise@25.000ns - clk_out1_clk_wiz_0 rise@0.000ns)
  Data Path Delay:        25.769ns  (logic 7.829ns (30.382%)  route 17.940ns (69.618%))
  Logic Levels:           44  (CARRY4=22 LUT2=2 LUT3=1 LUT5=1 LUT6=14 MUXF7=2 MUXF8=1 RAMS64E=1)
  Clock Path Skew:        0.170ns (DCD - SCD + CPR)
    Destination Clock Delay (DCD):    -1.357ns = ( 23.643 - 25.000 ) 
    Source Clock Delay      (SCD):    -2.002ns
    Clock Pessimism Removal (CPR):    -0.475ns
  Clock Uncertainty:      0.173ns  ((TSJ^2 + DJ^2)^1/2) / 2 + PE
    Total System Jitter     (TSJ):    0.071ns
    Discrete Jitter          (DJ):    0.338ns
    Phase Error              (PE):    0.000ns

    Location             Delay type                Incr(ns)  Path(ns)    Netlist Resource(s)
  -------------------------------------------------------------------    -------------------
                         (clock clk_out1_clk_wiz_0 rise edge)
                                                      0.000     0.000 r  
    R4                                                0.000     0.000 r  clk (IN)
                         net (fo=0)                   0.000     0.000    clk_gen/inst/clk_in1
    R4                   IBUF (Prop_ibuf_I_O)         1.475     1.475 r  clk_gen/inst/clkin1_ibufg/O
                         net (fo=1, routed)           1.253     2.728    clk_gen/inst/clk_in1_clk_wiz_0
    PLLE2_ADV_X1Y2       PLLE2_ADV (Prop_plle2_adv_CLKIN1_CLKOUT0)
                                                     -8.953    -6.225 r  clk_gen/inst/plle2_adv_inst/CLKOUT0
                         net (fo=1, routed)           1.802    -4.422    clk_gen/inst/clk_out1_clk_wiz_0
    BUFGCTRL_X0Y14       BUFG (Prop_bufg_I_O)         0.096    -4.326 r  clk_gen/inst/clkout1_buf_replica_1/O
                         net (fo=3, routed)           0.140    -4.186    clk_gen/inst/clk_out1_repN_1
    BUFGCTRL_X0Y15       BUFG (Prop_bufg_I_O)         0.096    -4.090 r  clk_gen/inst/clkout1_buf_replica/O
                         net (fo=7, routed)           0.154    -3.936    clk_gen/inst/clk_out1_repN
    BUFGCTRL_X0Y0        BUFG (Prop_bufg_I_O)         0.096    -3.840 r  clk_gen/inst/clkout1_buf/O
                         net (fo=11610, routed)       1.838    -2.002    rv64i59f_5sp/ex_mem_register/clk_out1
    SLICE_X60Y86         FDCE                                         r  rv64i59f_5sp/ex_mem_register/MEM_alu_result_reg[4]_replica_2/C
  -------------------------------------------------------------------    -------------------
    SLICE_X60Y86         FDCE (Prop_fdce_C_Q)         0.478    -1.524 r  rv64i59f_5sp/ex_mem_register/MEM_alu_result_reg[4]_replica_2/Q
                         net (fo=471, routed)         2.076     0.552    rv64i59f_5sp/data_memory/memory_reg_4608_4863_52_52/A1
    SLICE_X64Y106        RAMS64E (Prop_rams64e_ADR1_O)
                                                      0.298     0.850 f  rv64i59f_5sp/data_memory/memory_reg_4608_4863_52_52/RAMS64E_D/O
                         net (fo=1, routed)           0.000     0.850    rv64i59f_5sp/data_memory/memory_reg_4608_4863_52_52/OD
    SLICE_X64Y106        MUXF7 (Prop_muxf7_I0_O)      0.241     1.091 f  rv64i59f_5sp/data_memory/memory_reg_4608_4863_52_52/F7.B/O
                         net (fo=1, routed)           0.000     1.091    rv64i59f_5sp/data_memory/memory_reg_4608_4863_52_52/O0
    SLICE_X64Y106        MUXF8 (Prop_muxf8_I0_O)      0.098     1.189 f  rv64i59f_5sp/data_memory/memory_reg_4608_4863_52_52/F8/O
                         net (fo=1, routed)           1.751     2.940    rv64i59f_5sp/data_memory/memory_reg_4608_4863_52_52_n_0
    SLICE_X61Y83         LUT6 (Prop_lut6_I1_O)        0.319     3.259 f  rv64i59f_5sp/data_memory/memory_reg_0_255_52_52_i_10/O
                         net (fo=1, routed)           0.000     3.259    rv64i59f_5sp/data_memory/memory_reg_0_255_52_52_i_10_n_0
    SLICE_X61Y83         MUXF7 (Prop_muxf7_I0_O)      0.238     3.497 f  rv64i59f_5sp/data_memory/memory_reg_0_255_52_52_i_5/O
                         net (fo=5, routed)           1.342     4.839    rv64i59f_5sp/data_memory/memory_reg_0_255_52_52_i_5_n_0
    SLICE_X51Y88         LUT6 (Prop_lut6_I1_O)        0.298     5.137 f  rv64i59f_5sp/data_memory/memory_reg_0_255_52_52_i_3_replica/O
                         net (fo=1, routed)           0.151     5.288    rv64i59f_5sp/ex_mem_register/read_data0[52]_repN_alias
    SLICE_X51Y88         LUT2 (Prop_lut2_I1_O)        0.124     5.412 f  rv64i59f_5sp/ex_mem_register/i___0_carry__4_i_90/O
                         net (fo=1, routed)           0.433     5.845    rv64i59f_5sp/ex_mem_register/i___0_carry__4_i_90_n_0
    SLICE_X51Y88         LUT6 (Prop_lut6_I0_O)        0.124     5.969 f  rv64i59f_5sp/ex_mem_register/i___0_carry__4_i_86/O
                         net (fo=2, routed)           1.700     7.669    rv64i59f_5sp/ex_mem_register/data_memory_read_data[52]
    SLICE_X17Y77         LUT6 (Prop_lut6_I4_O)        0.124     7.793 f  rv64i59f_5sp/ex_mem_register/i___0_carry__4_i_72/O
                         net (fo=1, routed)           0.871     8.665    rv64i59f_5sp/ex_mem_register/i___0_carry__4_i_72_n_0
    SLICE_X9Y69          LUT6 (Prop_lut6_I0_O)        0.124     8.789 f  rv64i59f_5sp/ex_mem_register/i___0_carry__4_i_51/O
                         net (fo=1, routed)           0.496     9.284    rv64i59f_5sp/ex_mem_register/i___0_carry__4_i_51_n_0
    SLICE_X9Y64          LUT6 (Prop_lut6_I4_O)        0.124     9.408 f  rv64i59f_5sp/ex_mem_register/i___0_carry__4_i_23/O
                         net (fo=1, routed)           1.086    10.494    rv64i59f_5sp/forward_unit/MEM_forward_data_value[20]
    SLICE_X21Y54         LUT6 (Prop_lut6_I4_O)        0.124    10.618 f  rv64i59f_5sp/i___0_carry__4_i_4/O
                         net (fo=27, routed)          1.825    12.443    rv64i59f_5sp/id_ex_register/src_A[20]
    SLICE_X2Y37          LUT5 (Prop_lut5_I4_O)        0.124    12.567 f  rv64i59f_5sp/id_ex_register/alu_zero0_carry_i_165/O
                         net (fo=5, routed)           1.060    13.627    rv64i59f_5sp/id_ex_register/alu_zero0_carry_i_165_n_0
    SLICE_X9Y36          LUT6 (Prop_lut6_I0_O)        0.124    13.751 f  rv64i59f_5sp/id_ex_register/alu_zero0_carry_i_105/O
                         net (fo=5, routed)           0.632    14.383    rv64i59f_5sp/id_ex_register/alu_zero0_carry_i_105_n_0
    SLICE_X8Y34          LUT3 (Prop_lut3_I2_O)        0.124    14.507 f  rv64i59f_5sp/id_ex_register/alu_zero0_carry_i_119/O
                         net (fo=4, routed)           1.163    15.671    rv64i59f_5sp/id_ex_register/alu_zero0_carry_i_119_n_0
    SLICE_X22Y25         LUT6 (Prop_lut6_I1_O)        0.124    15.795 f  rv64i59f_5sp/id_ex_register/alu_zero0_carry_i_50/O
                         net (fo=1, routed)           0.692    16.487    rv64i59f_5sp/id_ex_register/alu_zero0_carry_i_50_n_0
    SLICE_X24Y25         LUT6 (Prop_lut6_I5_O)        0.124    16.611 f  rv64i59f_5sp/id_ex_register/alu_zero0_carry_i_10/O
                         net (fo=1, routed)           0.926    17.537    rv64i59f_5sp/id_ex_register/alu_zero0_carry_i_10_n_0
    SLICE_X24Y29         LUT6 (Prop_lut6_I2_O)        0.124    17.661 r  rv64i59f_5sp/id_ex_register/alu_zero0_carry_i_2_comp_1/O
                         net (fo=1, routed)           0.000    17.661    rv64i59f_5sp/alu/alu_dword/alu_zero0_carry__0_0[2]
    SLICE_X24Y29         CARRY4 (Prop_carry4_S[2]_CO[3])
                                                      0.398    18.059 r  rv64i59f_5sp/alu/alu_dword/alu_zero0_carry/CO[3]
                         net (fo=1, routed)           0.000    18.059    rv64i59f_5sp/alu/alu_dword/alu_zero0_carry_n_0
    SLICE_X24Y30         CARRY4 (Prop_carry4_CI_CO[3])
                                                      0.114    18.173 r  rv64i59f_5sp/alu/alu_dword/alu_zero0_carry__0/CO[3]
                         net (fo=1, routed)           0.000    18.173    rv64i59f_5sp/alu/alu_dword/alu_zero0_carry__0_n_0
    SLICE_X24Y31         CARRY4 (Prop_carry4_CI_CO[3])
                                                      0.114    18.287 r  rv64i59f_5sp/alu/alu_dword/alu_zero0_carry__1/CO[3]
                         net (fo=1, routed)           0.000    18.287    rv64i59f_5sp/alu/alu_dword/alu_zero0_carry__1_n_0
    SLICE_X24Y32         CARRY4 (Prop_carry4_CI_CO[3])
                                                      0.114    18.401 r  rv64i59f_5sp/alu/alu_dword/alu_zero0_carry__2/CO[3]
                         net (fo=1, routed)           0.000    18.401    rv64i59f_5sp/alu/alu_dword/alu_zero0_carry__2_n_0
    SLICE_X24Y33         CARRY4 (Prop_carry4_CI_CO[3])
                                                      0.114    18.515 r  rv64i59f_5sp/alu/alu_dword/alu_zero0_carry__3/CO[3]
                         net (fo=1, routed)           0.000    18.515    rv64i59f_5sp/alu/alu_dword/alu_zero0_carry__3_n_0
    SLICE_X24Y34         CARRY4 (Prop_carry4_CI_CO[1])
                                                      0.157    18.672 r  rv64i59f_5sp/alu/alu_dword/alu_zero0_carry__4/CO[1]
                         net (fo=1, routed)           0.688    19.360    rv64i59f_5sp/id_ex_register/prediction_counter[1]_i_3_0[0]
    SLICE_X20Y33         LUT6 (Prop_lut6_I5_O)        0.329    19.689 r  rv64i59f_5sp/id_ex_register/prediction_counter[1]_i_3_comp/O
                         net (fo=66, routed)          0.437    20.127    rv64i59f_5sp/id_ex_register/alu_zero
    SLICE_X21Y33         LUT6 (Prop_lut6_I2_O)        0.124    20.251 r  rv64i59f_5sp/id_ex_register/pc[1]_i_8/O
                         net (fo=1, routed)           0.000    20.251    rv64i59f_5sp/id_ex_register/pc[1]_i_8_n_0
    SLICE_X21Y33         CARRY4 (Prop_carry4_S[1]_CO[3])
                                                      0.550    20.801 r  rv64i59f_5sp/id_ex_register/pc_reg[1]_i_5/CO[3]
                         net (fo=1, routed)           0.000    20.801    rv64i59f_5sp/id_ex_register/pc_reg[1]_i_5_n_0
    SLICE_X21Y34         CARRY4 (Prop_carry4_CI_CO[3])
                                                      0.114    20.915 r  rv64i59f_5sp/id_ex_register/pc_reg[7]_i_6/CO[3]
                         net (fo=1, routed)           0.000    20.915    rv64i59f_5sp/id_ex_register/pc_reg[7]_i_6_n_0
    SLICE_X21Y35         CARRY4 (Prop_carry4_CI_CO[3])
                                                      0.114    21.029 r  rv64i59f_5sp/id_ex_register/pc_reg[11]_i_6/CO[3]
                         net (fo=1, routed)           0.000    21.029    rv64i59f_5sp/id_ex_register/pc_reg[11]_i_6_n_0
    SLICE_X21Y36         CARRY4 (Prop_carry4_CI_CO[3])
                                                      0.114    21.143 r  rv64i59f_5sp/id_ex_register/pc_reg[15]_i_6/CO[3]
                         net (fo=1, routed)           0.000    21.143    rv64i59f_5sp/id_ex_register/pc_reg[15]_i_6_n_0
    SLICE_X21Y37         CARRY4 (Prop_carry4_CI_CO[3])
                                                      0.114    21.257 r  rv64i59f_5sp/id_ex_register/pc_reg[19]_i_6/CO[3]
                         net (fo=1, routed)           0.000    21.257    rv64i59f_5sp/id_ex_register/pc_reg[19]_i_6_n_0
    SLICE_X21Y38         CARRY4 (Prop_carry4_CI_CO[3])
                                                      0.114    21.371 r  rv64i59f_5sp/id_ex_register/pc_reg[23]_i_6/CO[3]
                         net (fo=1, routed)           0.000    21.371    rv64i59f_5sp/id_ex_register/pc_reg[23]_i_6_n_0
    SLICE_X21Y39         CARRY4 (Prop_carry4_CI_CO[3])
                                                      0.114    21.485 r  rv64i59f_5sp/id_ex_register/pc_reg[27]_i_6/CO[3]
                         net (fo=1, routed)           0.000    21.485    rv64i59f_5sp/id_ex_register/pc_reg[27]_i_6_n_0
    SLICE_X21Y40         CARRY4 (Prop_carry4_CI_CO[3])
                                                      0.114    21.599 r  rv64i59f_5sp/id_ex_register/pc_reg[31]_i_6/CO[3]
                         net (fo=1, routed)           0.000    21.599    rv64i59f_5sp/id_ex_register/pc_reg[31]_i_6_n_0
    SLICE_X21Y41         CARRY4 (Prop_carry4_CI_CO[3])
                                                      0.114    21.713 r  rv64i59f_5sp/id_ex_register/pc_reg[35]_i_6/CO[3]
                         net (fo=1, routed)           0.000    21.713    rv64i59f_5sp/id_ex_register/pc_reg[35]_i_6_n_0
    SLICE_X21Y42         CARRY4 (Prop_carry4_CI_CO[3])
                                                      0.114    21.827 r  rv64i59f_5sp/id_ex_register/pc_reg[39]_i_6/CO[3]
                         net (fo=1, routed)           0.000    21.827    rv64i59f_5sp/id_ex_register/pc_reg[39]_i_6_n_0
    SLICE_X21Y43         CARRY4 (Prop_carry4_CI_CO[3])
                                                      0.114    21.941 r  rv64i59f_5sp/id_ex_register/pc_reg[43]_i_6/CO[3]
                         net (fo=1, routed)           0.000    21.941    rv64i59f_5sp/id_ex_register/pc_reg[43]_i_6_n_0
    SLICE_X21Y44         CARRY4 (Prop_carry4_CI_CO[3])
                                                      0.114    22.055 r  rv64i59f_5sp/id_ex_register/pc_reg[47]_i_6/CO[3]
                         net (fo=1, routed)           0.000    22.055    rv64i59f_5sp/id_ex_register/pc_reg[47]_i_6_n_0
    SLICE_X21Y45         CARRY4 (Prop_carry4_CI_CO[3])
                                                      0.114    22.169 r  rv64i59f_5sp/id_ex_register/pc_reg[51]_i_6/CO[3]
                         net (fo=1, routed)           0.000    22.169    rv64i59f_5sp/id_ex_register/pc_reg[51]_i_6_n_0
    SLICE_X21Y46         CARRY4 (Prop_carry4_CI_CO[3])
                                                      0.114    22.283 r  rv64i59f_5sp/id_ex_register/pc_reg[55]_i_6/CO[3]
                         net (fo=1, routed)           0.000    22.283    rv64i59f_5sp/id_ex_register/pc_reg[55]_i_6_n_0
    SLICE_X21Y47         CARRY4 (Prop_carry4_CI_CO[3])
                                                      0.114    22.397 r  rv64i59f_5sp/id_ex_register/pc_reg[59]_i_6/CO[3]
                         net (fo=1, routed)           0.000    22.397    rv64i59f_5sp/id_ex_register/pc_reg[59]_i_6_n_0
    SLICE_X21Y48         CARRY4 (Prop_carry4_CI_O[1])
                                                      0.334    22.731 r  rv64i59f_5sp/id_ex_register/pc_reg[63]_i_11/O[1]
                         net (fo=1, routed)           0.300    23.031    rv64i59f_5sp/id_ex_register/pc_reg[63]_i_11_n_6
    SLICE_X23Y48         LUT2 (Prop_lut2_I1_O)        0.303    23.334 r  rv64i59f_5sp/id_ex_register/pc[61]_i_4/O
                         net (fo=1, routed)           0.309    23.643    rv64i59f_5sp/id_ex_register/EX_branch_reg_59
    SLICE_X22Y46         LUT6 (Prop_lut6_I4_O)        0.124    23.767 r  rv64i59f_5sp/id_ex_register/pc[61]_i_1_comp/O
                         net (fo=1, routed)           0.000    23.767    rv64i59f_5sp/program_counter/D[61]
    SLICE_X22Y46         FDCE                                         r  rv64i59f_5sp/program_counter/pc_reg[61]/D
  -------------------------------------------------------------------    -------------------

                         (clock clk_out1_clk_wiz_0 rise edge)
                                                     25.000    25.000 r  
    R4                                                0.000    25.000 r  clk (IN)
                         net (fo=0)                   0.000    25.000    clk_gen/inst/clk_in1
    R4                   IBUF (Prop_ibuf_I_O)         1.405    26.405 r  clk_gen/inst/clkin1_ibufg/O
                         net (fo=1, routed)           1.181    27.586    clk_gen/inst/clk_in1_clk_wiz_0
    PLLE2_ADV_X1Y2       PLLE2_ADV (Prop_plle2_adv_CLKIN1_CLKOUT0)
                                                     -8.206    19.380 r  clk_gen/inst/plle2_adv_inst/CLKOUT0
                         net (fo=1, routed)           1.718    21.098    clk_gen/inst/clk_out1_clk_wiz_0
    BUFGCTRL_X0Y14       BUFG (Prop_bufg_I_O)         0.091    21.189 r  clk_gen/inst/clkout1_buf_replica_1/O
                         net (fo=3, routed)           0.133    21.322    clk_gen/inst/clk_out1_repN_1
    BUFGCTRL_X0Y15       BUFG (Prop_bufg_I_O)         0.091    21.413 r  clk_gen/inst/clkout1_buf_replica/O
                         net (fo=7, routed)           0.147    21.560    clk_gen/inst/clk_out1_repN
    BUFGCTRL_X0Y0        BUFG (Prop_bufg_I_O)         0.091    21.651 r  clk_gen/inst/clkout1_buf/O
                         net (fo=11610, routed)       1.992    23.643    rv64i59f_5sp/program_counter/clk_out1
    SLICE_X22Y46         FDCE                                         r  rv64i59f_5sp/program_counter/pc_reg[61]/C
                         clock pessimism             -0.475    23.168    
                         clock uncertainty           -0.173    22.995    
    SLICE_X22Y46         FDCE (Setup_fdce_C_D)        0.077    23.072    rv64i59f_5sp/program_counter/pc_reg[61]
  -------------------------------------------------------------------
                         required time                         23.072    
                         arrival time                         -23.767    
  -------------------------------------------------------------------
                         slack                                 -0.695    





Min Delay Paths
--------------------------------------------------------------------------------------
Slack (MET) :             0.090ns  (arrival time - required time)
  Source:                 rv64i59f_5sp/ex_mem_register/MEM_alu_result_reg[4]_replica_71/C
                            (rising edge-triggered cell FDCE clocked by clk_out1_clk_wiz_0  {rise@0.000ns fall@12.500ns period=25.000ns})
  Destination:            rv64i59f_5sp/data_memory/memory_reg_7936_8191_51_51/RAMS64E_A/ADR1
                            (rising edge-triggered cell RAMS64E clocked by clk_out1_clk_wiz_0  {rise@0.000ns fall@12.500ns period=25.000ns})
  Path Group:             clk_out1_clk_wiz_0
  Path Type:              Hold (Min at Fast Process Corner)
  Requirement:            0.000ns  (clk_out1_clk_wiz_0 rise@0.000ns - clk_out1_clk_wiz_0 rise@0.000ns)
  Data Path Delay:        0.433ns  (logic 0.141ns (32.570%)  route 0.292ns (67.430%))
  Logic Levels:           0  
  Clock Path Skew:        0.034ns (DCD - SCD - CPR)
    Destination Clock Delay (DCD):    -0.242ns
    Source Clock Delay      (SCD):    -0.481ns
    Clock Pessimism Removal (CPR):    0.205ns

    Location             Delay type                Incr(ns)  Path(ns)    Netlist Resource(s)
  -------------------------------------------------------------------    -------------------
                         (clock clk_out1_clk_wiz_0 rise edge)
                                                      0.000     0.000 r  
    R4                                                0.000     0.000 r  clk (IN)
                         net (fo=0)                   0.000     0.000    clk_gen/inst/clk_in1
    R4                   IBUF (Prop_ibuf_I_O)         0.243     0.243 r  clk_gen/inst/clkin1_ibufg/O
                         net (fo=1, routed)           0.440     0.683    clk_gen/inst/clk_in1_clk_wiz_0
    PLLE2_ADV_X1Y2       PLLE2_ADV (Prop_plle2_adv_CLKIN1_CLKOUT0)
                                                     -2.503    -1.819 r  clk_gen/inst/plle2_adv_inst/CLKOUT0
                         net (fo=1, routed)           0.546    -1.273    clk_gen/inst/clk_out1_clk_wiz_0
    BUFGCTRL_X0Y14       BUFG (Prop_bufg_I_O)         0.026    -1.247 r  clk_gen/inst/clkout1_buf_replica_1/O
                         net (fo=3, routed)           0.030    -1.217    clk_gen/inst/clk_out1_repN_1
    BUFGCTRL_X0Y15       BUFG (Prop_bufg_I_O)         0.026    -1.191 r  clk_gen/inst/clkout1_buf_replica/O
                         net (fo=7, routed)           0.042    -1.149    clk_gen/inst/clk_out1_repN
    BUFGCTRL_X0Y0        BUFG (Prop_bufg_I_O)         0.026    -1.123 r  clk_gen/inst/clkout1_buf/O
                         net (fo=11610, routed)       0.642    -0.481    rv64i59f_5sp/ex_mem_register/clk_out1
    SLICE_X91Y96         FDCE                                         r  rv64i59f_5sp/ex_mem_register/MEM_alu_result_reg[4]_replica_71/C
  -------------------------------------------------------------------    -------------------
    SLICE_X91Y96         FDCE (Prop_fdce_C_Q)         0.141    -0.340 r  rv64i59f_5sp/ex_mem_register/MEM_alu_result_reg[4]_replica_71/Q
                         net (fo=31, routed)          0.292    -0.048    rv64i59f_5sp/data_memory/memory_reg_7936_8191_51_51/A1
    SLICE_X88Y95         RAMS64E                                      r  rv64i59f_5sp/data_memory/memory_reg_7936_8191_51_51/RAMS64E_A/ADR1
  -------------------------------------------------------------------    -------------------

                         (clock clk_out1_clk_wiz_0 rise edge)
                                                      0.000     0.000 r  
    R4                                                0.000     0.000 r  clk (IN)
                         net (fo=0)                   0.000     0.000    clk_gen/inst/clk_in1
    R4                   IBUF (Prop_ibuf_I_O)         0.431     0.431 r  clk_gen/inst/clkin1_ibufg/O
                         net (fo=1, routed)           0.481     0.912    clk_gen/inst/clk_in1_clk_wiz_0
    PLLE2_ADV_X1Y2       PLLE2_ADV (Prop_plle2_adv_CLKIN1_CLKOUT0)
                                                     -2.828    -1.916 r  clk_gen/inst/plle2_adv_inst/CLKOUT0
                         net (fo=1, routed)           0.595    -1.322    clk_gen/inst/clk_out1_clk_wiz_0
    BUFGCTRL_X0Y14       BUFG (Prop_bufg_I_O)         0.029    -1.293 r  clk_gen/inst/clkout1_buf_replica_1/O
                         net (fo=3, routed)           0.033    -1.260    clk_gen/inst/clk_out1_repN_1
    BUFGCTRL_X0Y15       BUFG (Prop_bufg_I_O)         0.029    -1.231 r  clk_gen/inst/clkout1_buf_replica/O
                         net (fo=7, routed)           0.046    -1.185    clk_gen/inst/clk_out1_repN
    BUFGCTRL_X0Y0        BUFG (Prop_bufg_I_O)         0.029    -1.156 r  clk_gen/inst/clkout1_buf/O
                         net (fo=11610, routed)       0.914    -0.242    rv64i59f_5sp/data_memory/memory_reg_7936_8191_51_51/WCLK
    SLICE_X88Y95         RAMS64E                                      r  rv64i59f_5sp/data_memory/memory_reg_7936_8191_51_51/RAMS64E_A/CLK
                         clock pessimism             -0.205    -0.447    
    SLICE_X88Y95         RAMS64E (Hold_rams64e_CLK_ADR1)
                                                      0.309    -0.138    rv64i59f_5sp/data_memory/memory_reg_7936_8191_51_51/RAMS64E_A
  -------------------------------------------------------------------
                         required time                          0.138    
                         arrival time                          -0.048    
  -------------------------------------------------------------------
                         slack                                  0.090    





Pulse Width Checks
--------------------------------------------------------------------------------------
Clock Name:         clk_out1_clk_wiz_0
Waveform(ns):       { 0.000 12.500 }
Period(ns):         25.000
Sources:            { clk_gen/inst/plle2_adv_inst/CLKOUT0 }

Check Type        Corner  Lib Pin            Reference Pin  Required(ns)  Actual(ns)  Slack(ns)  Location        Pin
Min Period        n/a     BUFG/I             n/a            2.155         25.000      22.845     BUFGCTRL_X0Y0   clk_gen/inst/clkout1_buf/I
Max Period        n/a     PLLE2_ADV/CLKOUT0  n/a            160.000       25.000      135.000    PLLE2_ADV_X1Y2  clk_gen/inst/plle2_adv_inst/CLKOUT0
Low Pulse Width   Slow    RAMS64E/CLK        n/a            1.250         12.500      11.250     SLICE_X62Y92    rv64i59f_5sp/data_memory/memory_reg_0_255_0_0/RAMS64E_A/CLK
High Pulse Width  Slow    RAMS64E/CLK        n/a            1.250         12.500      11.250     SLICE_X62Y92    rv64i59f_5sp/data_memory/memory_reg_0_255_0_0/RAMS64E_A/CLK



---------------------------------------------------------------------------------------------------
From Clock:  clkfbout_clk_wiz_0
  To Clock:  clkfbout_clk_wiz_0

Setup :           NA  Failing Endpoints,  Worst Slack           NA  ,  Total Violation           NA
Hold  :           NA  Failing Endpoints,  Worst Slack           NA  ,  Total Violation           NA
PW    :            0  Failing Endpoints,  Worst Slack        2.633ns,  Total Violation        0.000ns
---------------------------------------------------------------------------------------------------


Pulse Width Checks
--------------------------------------------------------------------------------------
Clock Name:         clkfbout_clk_wiz_0
Waveform(ns):       { 0.000 25.000 }
Period(ns):         50.000
Sources:            { clk_gen/inst/plle2_adv_inst/CLKFBOUT }

Check Type  Corner  Lib Pin            Reference Pin  Required(ns)  Actual(ns)  Slack(ns)  Location        Pin
Min Period  n/a     BUFG/I             n/a            2.155         50.000      47.845     BUFGCTRL_X0Y1   clk_gen/inst/clkf_buf/I
Max Period  n/a     PLLE2_ADV/CLKFBIN  n/a            52.633        50.000      2.633      PLLE2_ADV_X1Y2  clk_gen/inst/plle2_adv_inst/CLKFBIN



---------------------------------------------------------------------------------------------------
Path Group:  **async_default**
From Clock:  clk_out1_clk_wiz_0
  To Clock:  clk_out1_clk_wiz_0

Setup :            0  Failing Endpoints,  Worst Slack       10.271ns,  Total Violation        0.000ns
Hold  :            0  Failing Endpoints,  Worst Slack        0.836ns,  Total Violation        0.000ns
---------------------------------------------------------------------------------------------------


Max Delay Paths
--------------------------------------------------------------------------------------
Slack (MET) :             10.271ns  (required time - arrival time)
  Source:                 reset_sync_reg[2]/C
                            (rising edge-triggered cell FDPE clocked by clk_out1_clk_wiz_0  {rise@0.000ns fall@12.500ns period=25.000ns})
  Destination:            cpu_clk_enable_reg/CLR
                            (recovery check against rising-edge clock clk_out1_clk_wiz_0  {rise@0.000ns fall@12.500ns period=25.000ns})
  Path Group:             **async_default**
  Path Type:              Recovery (Max at Slow Process Corner)
  Requirement:            25.000ns  (clk_out1_clk_wiz_0 rise@25.000ns - clk_out1_clk_wiz_0 rise@0.000ns)
  Data Path Delay:        14.068ns  (logic 0.478ns (3.398%)  route 13.590ns (96.602%))
  Logic Levels:           0  
  Clock Path Skew:        0.044ns (DCD - SCD + CPR)
    Destination Clock Delay (DCD):    -1.712ns = ( 23.288 - 25.000 ) 
    Source Clock Delay      (SCD):    -2.168ns
    Clock Pessimism Removal (CPR):    -0.411ns
  Clock Uncertainty:      0.173ns  ((TSJ^2 + DJ^2)^1/2) / 2 + PE
    Total System Jitter     (TSJ):    0.071ns
    Discrete Jitter          (DJ):    0.338ns
    Phase Error              (PE):    0.000ns

    Location             Delay type                Incr(ns)  Path(ns)    Netlist Resource(s)
  -------------------------------------------------------------------    -------------------
                         (clock clk_out1_clk_wiz_0 rise edge)
                                                      0.000     0.000 r  
    R4                                                0.000     0.000 r  clk (IN)
                         net (fo=0)                   0.000     0.000    clk_gen/inst/clk_in1
    R4                   IBUF (Prop_ibuf_I_O)         1.475     1.475 r  clk_gen/inst/clkin1_ibufg/O
                         net (fo=1, routed)           1.253     2.728    clk_gen/inst/clk_in1_clk_wiz_0
    PLLE2_ADV_X1Y2       PLLE2_ADV (Prop_plle2_adv_CLKIN1_CLKOUT0)
                                                     -8.953    -6.225 r  clk_gen/inst/plle2_adv_inst/CLKOUT0
                         net (fo=1, routed)           1.802    -4.422    clk_gen/inst/clk_out1_clk_wiz_0
    BUFGCTRL_X0Y14       BUFG (Prop_bufg_I_O)         0.096    -4.326 r  clk_gen/inst/clkout1_buf_replica_1/O
                         net (fo=3, routed)           0.140    -4.186    clk_gen/inst/clk_out1_repN_1
    BUFGCTRL_X0Y15       BUFG (Prop_bufg_I_O)         0.096    -4.090 r  clk_gen/inst/clkout1_buf_replica/O
                         net (fo=7, routed)           0.154    -3.936    clk_gen/inst/clk_out1_repN
    BUFGCTRL_X0Y0        BUFG (Prop_bufg_I_O)         0.096    -3.840 r  clk_gen/inst/clkout1_buf/O
                         net (fo=11610, routed)       1.672    -2.168    clk_cpu
    SLICE_X48Y144        FDPE                                         r  reset_sync_reg[2]/C
  -------------------------------------------------------------------    -------------------
    SLICE_X48Y144        FDPE (Prop_fdpe_C_Q)         0.478    -1.690 f  reset_sync_reg[2]/Q
                         net (fo=3249, routed)       13.590    11.901    internal_reset
    SLICE_X20Y127        FDCE                                         f  cpu_clk_enable_reg/CLR
  -------------------------------------------------------------------    -------------------

                         (clock clk_out1_clk_wiz_0 rise edge)
                                                     25.000    25.000 r  
    R4                                                0.000    25.000 r  clk (IN)
                         net (fo=0)                   0.000    25.000    clk_gen/inst/clk_in1
    R4                   IBUF (Prop_ibuf_I_O)         1.405    26.405 r  clk_gen/inst/clkin1_ibufg/O
                         net (fo=1, routed)           1.181    27.586    clk_gen/inst/clk_in1_clk_wiz_0
    PLLE2_ADV_X1Y2       PLLE2_ADV (Prop_plle2_adv_CLKIN1_CLKOUT0)
                                                     -8.206    19.380 r  clk_gen/inst/plle2_adv_inst/CLKOUT0
                         net (fo=1, routed)           1.718    21.098    clk_gen/inst/clk_out1_clk_wiz_0
    BUFGCTRL_X0Y14       BUFG (Prop_bufg_I_O)         0.091    21.189 r  clk_gen/inst/clkout1_buf_replica_1/O
                         net (fo=3, routed)           0.133    21.322    clk_gen/inst/clk_out1_repN_1
    BUFGCTRL_X0Y15       BUFG (Prop_bufg_I_O)         0.091    21.413 r  clk_gen/inst/clkout1_buf_replica/O
                         net (fo=7, routed)           0.147    21.560    clk_gen/inst/clk_out1_repN
    BUFGCTRL_X0Y0        BUFG (Prop_bufg_I_O)         0.091    21.651 r  clk_gen/inst/clkout1_buf/O
                         net (fo=11610, routed)       1.636    23.288    clk_cpu
    SLICE_X20Y127        FDCE                                         r  cpu_clk_enable_reg/C
                         clock pessimism             -0.411    22.876    
                         clock uncertainty           -0.173    22.703    
    SLICE_X20Y127        FDCE (Recov_fdce_C_CLR)     -0.532    22.171    cpu_clk_enable_reg
  -------------------------------------------------------------------
                         required time                         22.171    
                         arrival time                         -11.901    
  -------------------------------------------------------------------
                         slack                                 10.271    





Min Delay Paths
--------------------------------------------------------------------------------------
Slack (MET) :             0.836ns  (arrival time - required time)
  Source:                 reset_sync_reg[2]/C
                            (rising edge-triggered cell FDPE clocked by clk_out1_clk_wiz_0  {rise@0.000ns fall@12.500ns period=25.000ns})
  Destination:            rv64i59f_5sp/ex_mem_register/MEM_alu_result_reg[3]_replica_96/CLR
                            (removal check against rising-edge clock clk_out1_clk_wiz_0  {rise@0.000ns fall@12.500ns period=25.000ns})
  Path Group:             **async_default**
  Path Type:              Removal (Min at Fast Process Corner)
  Requirement:            0.000ns  (clk_out1_clk_wiz_0 rise@0.000ns - clk_out1_clk_wiz_0 rise@0.000ns)
  Data Path Delay:        0.711ns  (logic 0.148ns (20.817%)  route 0.563ns (79.183%))
  Logic Levels:           0  
  Clock Path Skew:        0.020ns (DCD - SCD - CPR)
    Destination Clock Delay (DCD):    -0.316ns
    Source Clock Delay      (SCD):    -0.538ns
    Clock Pessimism Removal (CPR):    0.202ns

    Location             Delay type                Incr(ns)  Path(ns)    Netlist Resource(s)
  -------------------------------------------------------------------    -------------------
                         (clock clk_out1_clk_wiz_0 rise edge)
                                                      0.000     0.000 r  
    R4                                                0.000     0.000 r  clk (IN)
                         net (fo=0)                   0.000     0.000    clk_gen/inst/clk_in1
    R4                   IBUF (Prop_ibuf_I_O)         0.243     0.243 r  clk_gen/inst/clkin1_ibufg/O
                         net (fo=1, routed)           0.440     0.683    clk_gen/inst/clk_in1_clk_wiz_0
    PLLE2_ADV_X1Y2       PLLE2_ADV (Prop_plle2_adv_CLKIN1_CLKOUT0)
                                                     -2.503    -1.819 r  clk_gen/inst/plle2_adv_inst/CLKOUT0
                         net (fo=1, routed)           0.546    -1.273    clk_gen/inst/clk_out1_clk_wiz_0
    BUFGCTRL_X0Y14       BUFG (Prop_bufg_I_O)         0.026    -1.247 r  clk_gen/inst/clkout1_buf_replica_1/O
                         net (fo=3, routed)           0.030    -1.217    clk_gen/inst/clk_out1_repN_1
    BUFGCTRL_X0Y15       BUFG (Prop_bufg_I_O)         0.026    -1.191 r  clk_gen/inst/clkout1_buf_replica/O
                         net (fo=7, routed)           0.042    -1.149    clk_gen/inst/clk_out1_repN
    BUFGCTRL_X0Y0        BUFG (Prop_bufg_I_O)         0.026    -1.123 r  clk_gen/inst/clkout1_buf/O
                         net (fo=11610, routed)       0.586    -0.538    clk_cpu
    SLICE_X48Y144        FDPE                                         r  reset_sync_reg[2]/C
  -------------------------------------------------------------------    -------------------
    SLICE_X48Y144        FDPE (Prop_fdpe_C_Q)         0.148    -0.390 f  reset_sync_reg[2]/Q
                         net (fo=3249, routed)        0.563     0.173    rv64i59f_5sp/ex_mem_register/Q[0]
    SLICE_X47Y124        FDCE                                         f  rv64i59f_5sp/ex_mem_register/MEM_alu_result_reg[3]_replica_96/CLR
  -------------------------------------------------------------------    -------------------

                         (clock clk_out1_clk_wiz_0 rise edge)
                                                      0.000     0.000 r  
    R4                                                0.000     0.000 r  clk (IN)
                         net (fo=0)                   0.000     0.000    clk_gen/inst/clk_in1
    R4                   IBUF (Prop_ibuf_I_O)         0.431     0.431 r  clk_gen/inst/clkin1_ibufg/O
                         net (fo=1, routed)           0.481     0.912    clk_gen/inst/clk_in1_clk_wiz_0
    PLLE2_ADV_X1Y2       PLLE2_ADV (Prop_plle2_adv_CLKIN1_CLKOUT0)
                                                     -2.828    -1.916 r  clk_gen/inst/plle2_adv_inst/CLKOUT0
                         net (fo=1, routed)           0.595    -1.322    clk_gen/inst/clk_out1_clk_wiz_0
    BUFGCTRL_X0Y14       BUFG (Prop_bufg_I_O)         0.029    -1.293 r  clk_gen/inst/clkout1_buf_replica_1/O
                         net (fo=3, routed)           0.033    -1.260    clk_gen/inst/clk_out1_repN_1
    BUFGCTRL_X0Y15       BUFG (Prop_bufg_I_O)         0.029    -1.231 r  clk_gen/inst/clkout1_buf_replica/O
                         net (fo=7, routed)           0.046    -1.185    clk_gen/inst/clk_out1_repN
    BUFGCTRL_X0Y0        BUFG (Prop_bufg_I_O)         0.029    -1.156 r  clk_gen/inst/clkout1_buf/O
                         net (fo=11610, routed)       0.840    -0.316    rv64i59f_5sp/ex_mem_register/clk_out1
    SLICE_X47Y124        FDCE                                         r  rv64i59f_5sp/ex_mem_register/MEM_alu_result_reg[3]_replica_96/C
                         clock pessimism             -0.202    -0.518    
    SLICE_X47Y124        FDCE (Remov_fdce_C_CLR)     -0.145    -0.663    rv64i59f_5sp/ex_mem_register/MEM_alu_result_reg[3]_replica_96
  -------------------------------------------------------------------
                         required time                          0.663    
                         arrival time                           0.173    
  -------------------------------------------------------------------
                         slack                                  0.836    





