=== RV32 rebuild: 8 variants x 5 = 40 builds, Tue Sep 22 10:59:14 AM KST 2026 ===
>>> [1/40] RV32IM_5SP_matmult-int  43.0MHz  10:59:14
<<< [1/40] RV32IM_5SP_matmult-int  WNS=0.595
>>> [2/40] RV32IM_5SP_crc32  43.0MHz  11:04:17
<<< [2/40] RV32IM_5SP_crc32  WNS=0.057
>>> [3/40] RV32IM_5SP_nettle-aes  43.0MHz  11:09:22
<<< [3/40] RV32IM_5SP_nettle-aes  WNS=0.125
>>> [4/40] RV32IM_5SP_statemate  43.0MHz  11:14:38
<<< [4/40] RV32IM_5SP_statemate  WNS=0.104
>>> [5/40] RV32IM_5SP_md5sum  43.0MHz  11:24:27
<<< [5/40] RV32IM_5SP_md5sum  WNS=0.079
>>> [6/40] RV32IM_6SP_matmult-int  50.0MHz  11:29:25
<<< [6/40] RV32IM_6SP_matmult-int  WNS=0.375
>>> [7/40] RV32IM_6SP_crc32  50.0MHz  12:20:54
<<< [7/40] RV32IM_6SP_crc32  WNS=0.049
>>> [8/40] RV32IM_6SP_nettle-aes  50.0MHz  12:25:07
<<< [8/40] RV32IM_6SP_nettle-aes  WNS=0.582
>>> [9/40] RV32IM_6SP_statemate  50.0MHz  12:29:12
<<< [9/40] RV32IM_6SP_statemate  WNS=0.318
>>> [10/40] RV32IM_6SP_md5sum  50.0MHz  12:37:04
<<< [10/40] RV32IM_6SP_md5sum  WNS=0.034
>>> [11/40] RV32IM_7SP_matmult-int  57.501MHz  13:02:40
<<< [11/40] RV32IM_7SP_matmult-int  WNS=0.436
>>> [12/40] RV32IM_7SP_crc32  57.501MHz  13:07:55
<<< [12/40] RV32IM_7SP_crc32  WNS=0.150
>>> [13/40] RV32IM_7SP_nettle-aes  57.501MHz  13:12:59
<<< [13/40] RV32IM_7SP_nettle-aes  WNS=0.210
>>> [14/40] RV32IM_7SP_statemate  57.501MHz  13:18:04
<<< [14/40] RV32IM_7SP_statemate  WNS=0.144
>>> [15/40] RV32IM_7SP_md5sum  57.501MHz  13:24:31
<<< [15/40] RV32IM_7SP_md5sum  WNS=0.213
>>> [16/40] RV32IM_7SP_BRAM_matmult-int  71.999MHz  13:29:25
<<< [16/40] RV32IM_7SP_BRAM_matmult-int  WNS=0.091
>>> [17/40] RV32IM_7SP_BRAM_crc32  71.999MHz  13:33:25
<<< [17/40] RV32IM_7SP_BRAM_crc32  WNS=0.091
>>> [18/40] RV32IM_7SP_BRAM_nettle-aes  71.999MHz  13:37:24
<<< [18/40] RV32IM_7SP_BRAM_nettle-aes  WNS=0.014
>>> [19/40] RV32IM_7SP_BRAM_statemate  71.999MHz  13:42:46
<<< [19/40] RV32IM_7SP_BRAM_statemate  WNS=0.020
>>> [20/40] RV32IM_7SP_BRAM_md5sum  71.999MHz  13:47:03
<<< [20/40] RV32IM_7SP_BRAM_md5sum  WNS=0.091
>>> [21/40] RV32IM_7SP_BRAM_Opt_matmult-int  92.0MHz  13:50:59
<<< [21/40] RV32IM_7SP_BRAM_Opt_matmult-int  WNS=0.007
>>> [22/40] RV32IM_7SP_BRAM_Opt_crc32  92.0MHz  13:55:05
<<< [22/40] RV32IM_7SP_BRAM_Opt_crc32  WNS=0.007
>>> [23/40] RV32IM_7SP_BRAM_Opt_nettle-aes  92.0MHz  13:59:19
<<< [23/40] RV32IM_7SP_BRAM_Opt_nettle-aes  WNS=0.017
>>> [24/40] RV32IM_7SP_BRAM_Opt_statemate  92.0MHz  14:03:55
<<< [24/40] RV32IM_7SP_BRAM_Opt_statemate  WNS=0.024
>>> [25/40] RV32IM_7SP_BRAM_Opt_md5sum  92.0MHz  14:09:45
<<< [25/40] RV32IM_7SP_BRAM_Opt_md5sum  WNS=0.007
>>> [26/40] RV32IM_8SP_matmult-int  122.0MHz  14:13:52
<<< [26/40] RV32IM_8SP_matmult-int  WNS=0.012
>>> [27/40] RV32IM_8SP_crc32  122.0MHz  14:18:24
<<< [27/40] RV32IM_8SP_crc32  WNS=0.012
>>> [28/40] RV32IM_8SP_nettle-aes  122.0MHz  14:23:09
<<< [28/40] RV32IM_8SP_nettle-aes  WNS=0.012
>>> [29/40] RV32IM_8SP_statemate  122.0MHz  14:27:49
<<< [29/40] RV32IM_8SP_statemate  WNS=0.012
>>> [30/40] RV32IM_8SP_md5sum  122.0MHz  14:32:28
<<< [30/40] RV32IM_8SP_md5sum  WNS=0.012
>>> [31/40] RV32IM_8SP_withoutOpt_matmult-int  113.999MHz  14:37:00
<<< [31/40] RV32IM_8SP_withoutOpt_matmult-int  WNS=0.023
>>> [32/40] RV32IM_8SP_withoutOpt_crc32  113.999MHz  14:41:15
<<< [32/40] RV32IM_8SP_withoutOpt_crc32  WNS=0.023
>>> [33/40] RV32IM_8SP_withoutOpt_nettle-aes  113.999MHz  14:45:32
<<< [33/40] RV32IM_8SP_withoutOpt_nettle-aes  WNS=0.023
>>> [34/40] RV32IM_8SP_withoutOpt_statemate  113.999MHz  14:49:54
<<< [34/40] RV32IM_8SP_withoutOpt_statemate  WNS=0.023
>>> [35/40] RV32IM_8SP_withoutOpt_md5sum  113.999MHz  14:54:20
<<< [35/40] RV32IM_8SP_withoutOpt_md5sum  WNS=0.023
>>> [36/40] RV32I_5SP_matmult-int  45.0MHz  14:58:27
<<< [36/40] RV32I_5SP_matmult-int  WNS=0.027
>>> [37/40] RV32I_5SP_crc32  45.0MHz  15:03:56
<<< [37/40] RV32I_5SP_crc32  WNS=0.105
>>> [38/40] RV32I_5SP_nettle-aes  45.0MHz  15:08:51
<<< [38/40] RV32I_5SP_nettle-aes  WNS=0.025
>>> [39/40] RV32I_5SP_statemate  45.0MHz  15:21:40
<<< [39/40] RV32I_5SP_statemate  WNS=0.289
>>> [40/40] RV32I_5SP_md5sum  45.0MHz  15:32:46
<<< [40/40] RV32I_5SP_md5sum  WNS=0.150
=== RV32 rebuild finished Tue Sep 22 03:57:10 PM KST 2026 ===
