=== RV32 rebuild: 8 variants x 5 = 40 builds, Fri Sep 18 11:02:19 PM KST 2026 ===
>>> [1/40] RV32IM_5SP_matmult-int  43.0MHz  23:02:19
<<< [1/40] RV32IM_5SP_matmult-int  WNS=0.013
>>> [2/40] RV32IM_5SP_crc32  43.0MHz  23:07:43
<<< [2/40] RV32IM_5SP_crc32  WNS=0.272
>>> [3/40] RV32IM_5SP_nettle-aes  43.0MHz  23:12:24
<<< [3/40] RV32IM_5SP_nettle-aes  WNS=0.321
>>> [4/40] RV32IM_5SP_statemate  43.0MHz  23:19:17
<<< [4/40] RV32IM_5SP_statemate  WNS=0.046
>>> [5/40] RV32IM_5SP_md5sum  43.0MHz  23:29:45
<<< [5/40] RV32IM_5SP_md5sum  WNS=0.287
>>> [6/40] RV32IM_6SP_matmult-int  50.0MHz  23:34:16
<<< [6/40] RV32IM_6SP_matmult-int  WNS=0.370
>>> [7/40] RV32IM_6SP_crc32  50.0MHz  23:38:27
<<< [7/40] RV32IM_6SP_crc32  WNS=0.338
>>> [8/40] RV32IM_6SP_nettle-aes  50.0MHz  23:42:46
<<< [8/40] RV32IM_6SP_nettle-aes  WNS=0.498
>>> [9/40] RV32IM_6SP_statemate  50.0MHz  23:47:21
<<< [9/40] RV32IM_6SP_statemate  WNS=0.075
>>> [10/40] RV32IM_6SP_md5sum  50.0MHz  23:54:24
<<< [10/40] RV32IM_6SP_md5sum  WNS=0.183
>>> [11/40] RV32IM_7SP_matmult-int  57.501MHz  23:58:25
<<< [11/40] RV32IM_7SP_matmult-int  WNS=0.011
>>> [12/40] RV32IM_7SP_crc32  57.501MHz  00:04:27
<<< [12/40] RV32IM_7SP_crc32  WNS=0.048
>>> [13/40] RV32IM_7SP_nettle-aes  57.501MHz  00:09:54
<<< [13/40] RV32IM_7SP_nettle-aes  WNS=0.179
>>> [14/40] RV32IM_7SP_statemate  57.501MHz  00:14:15
<<< [14/40] RV32IM_7SP_statemate  WNS=0.119
>>> [15/40] RV32IM_7SP_md5sum  57.501MHz  00:20:48
<<< [15/40] RV32IM_7SP_md5sum  WNS=0.060
>>> [16/40] RV32IM_7SP_BRAM_matmult-int  71.999MHz  00:25:59
<<< [16/40] RV32IM_7SP_BRAM_matmult-int  WNS=0.091
>>> [17/40] RV32IM_7SP_BRAM_crc32  71.999MHz  00:29:52
<<< [17/40] RV32IM_7SP_BRAM_crc32  WNS=0.091
>>> [18/40] RV32IM_7SP_BRAM_nettle-aes  71.999MHz  00:33:46
<<< [18/40] RV32IM_7SP_BRAM_nettle-aes  WNS=0.014
>>> [19/40] RV32IM_7SP_BRAM_statemate  71.999MHz  00:39:01
<<< [19/40] RV32IM_7SP_BRAM_statemate  WNS=0.020
>>> [20/40] RV32IM_7SP_BRAM_md5sum  71.999MHz  00:43:14
<<< [20/40] RV32IM_7SP_BRAM_md5sum  WNS=0.091
>>> [21/40] RV32IM_7SP_BRAM_Opt_matmult-int  92.0MHz  00:47:07
<<< [21/40] RV32IM_7SP_BRAM_Opt_matmult-int  WNS=0.007
>>> [22/40] RV32IM_7SP_BRAM_Opt_crc32  92.0MHz  00:51:07
<<< [22/40] RV32IM_7SP_BRAM_Opt_crc32  WNS=0.007
>>> [23/40] RV32IM_7SP_BRAM_Opt_nettle-aes  92.0MHz  00:55:07
<<< [23/40] RV32IM_7SP_BRAM_Opt_nettle-aes  WNS=0.017
>>> [24/40] RV32IM_7SP_BRAM_Opt_statemate  92.0MHz  00:59:17
<<< [24/40] RV32IM_7SP_BRAM_Opt_statemate  WNS=0.024
>>> [25/40] RV32IM_7SP_BRAM_Opt_md5sum  92.0MHz  01:04:21
<<< [25/40] RV32IM_7SP_BRAM_Opt_md5sum  WNS=0.007
>>> [26/40] RV32IM_8SP_matmult-int  122.0MHz  01:08:21
<<< [26/40] RV32IM_8SP_matmult-int  WNS=0.012
>>> [27/40] RV32IM_8SP_crc32  122.0MHz  01:12:43
<<< [27/40] RV32IM_8SP_crc32  WNS=0.012
>>> [28/40] RV32IM_8SP_nettle-aes  122.0MHz  01:17:05
<<< [28/40] RV32IM_8SP_nettle-aes  WNS=0.012
>>> [29/40] RV32IM_8SP_statemate  122.0MHz  01:21:25
<<< [29/40] RV32IM_8SP_statemate  WNS=0.012
>>> [30/40] RV32IM_8SP_md5sum  122.0MHz  01:25:49
<<< [30/40] RV32IM_8SP_md5sum  WNS=0.012
>>> [31/40] RV32IM_8SP_withoutOpt_matmult-int  113.999MHz  01:30:10
<<< [31/40] RV32IM_8SP_withoutOpt_matmult-int  WNS=0.023
>>> [32/40] RV32IM_8SP_withoutOpt_crc32  113.999MHz  01:34:11
<<< [32/40] RV32IM_8SP_withoutOpt_crc32  WNS=0.023
>>> [33/40] RV32IM_8SP_withoutOpt_nettle-aes  113.999MHz  01:38:11
<<< [33/40] RV32IM_8SP_withoutOpt_nettle-aes  WNS=0.023
>>> [34/40] RV32IM_8SP_withoutOpt_statemate  113.999MHz  01:42:12
<<< [34/40] RV32IM_8SP_withoutOpt_statemate  WNS=0.023
>>> [35/40] RV32IM_8SP_withoutOpt_md5sum  113.999MHz  01:46:12
<<< [35/40] RV32IM_8SP_withoutOpt_md5sum  WNS=0.023
>>> [36/40] RV32I_5SP_matmult-int  45.0MHz  01:50:12
<<< [36/40] RV32I_5SP_matmult-int  WNS=0.085
>>> [37/40] RV32I_5SP_crc32  45.0MHz  01:57:54
<<< [37/40] RV32I_5SP_crc32  WNS=0.406
>>> [38/40] RV32I_5SP_nettle-aes  45.0MHz  02:03:08
<<< [38/40] RV32I_5SP_nettle-aes  WNS=0.438
>>> [39/40] RV32I_5SP_statemate  45.0MHz  02:07:57
<<< [39/40] RV32I_5SP_statemate  WNS=0.085
>>> [40/40] RV32I_5SP_md5sum  45.0MHz  02:15:28
<<< [40/40] RV32I_5SP_md5sum  WNS=0.014
=== RV32 rebuild finished Sat Sep 19 02:23:51 AM KST 2026 ===
