=== 16 variants x 5 benchmarks = 80 builds, Wed Sep 16 03:36:27 PM KST 2026 ===
>>> [1/80] RV32IM_5SP_matmult-int  43.0MHz  15:36:27
<<< [1/80] RV32IM_5SP_matmult-int  WNS=0.121  1.6M
>>> [2/80] RV32IM_5SP_crc32  43.0MHz  15:42:56
<<< [2/80] RV32IM_5SP_crc32  WNS=0.152  2.1M
>>> [3/80] RV32IM_5SP_nettle-aes  43.0MHz  15:49:45
<<< [3/80] RV32IM_5SP_nettle-aes  WNS=0.217  2.1M
>>> [4/80] RV32IM_5SP_statemate  43.0MHz  15:57:27
<<< [4/80] RV32IM_5SP_statemate  WNS=0.092  2.4M
>>> [5/80] RV32IM_5SP_md5sum  43.0MHz  16:11:54
<<< [5/80] RV32IM_5SP_md5sum  WNS=0.007  1.7M
>>> [6/80] RV32IM_6SP_matmult-int  50.0MHz  16:21:07
<<< [6/80] RV32IM_6SP_matmult-int  WNS=0.459  1.8M
>>> [7/80] RV32IM_6SP_crc32  50.0MHz  16:26:59
<<< [7/80] RV32IM_6SP_crc32  WNS=0.197  1.9M
>>> [8/80] RV32IM_6SP_nettle-aes  50.0MHz  16:32:45
<<< [8/80] RV32IM_6SP_nettle-aes  WNS=0.290  1.7M
>>> [9/80] RV32IM_6SP_statemate  50.0MHz  16:38:07
<<< [9/80] RV32IM_6SP_statemate  WNS=0.056  2.0M
>>> [10/80] RV32IM_6SP_md5sum  50.0MHz  16:47:36
<<< [10/80] RV32IM_6SP_md5sum  WNS=0.083  1.7M
>>> [11/80] RV32IM_7SP_matmult-int  57.501MHz  16:52:16
<<< [11/80] RV32IM_7SP_matmult-int  WNS=0.029  1.9M
>>> [12/80] RV32IM_7SP_crc32  57.501MHz  16:58:04
<<< [12/80] RV32IM_7SP_crc32  WNS=0.153  1.9M
>>> [13/80] RV32IM_7SP_nettle-aes  57.501MHz  17:03:40
<<< [13/80] RV32IM_7SP_nettle-aes  WNS=0.261  1.9M
>>> [14/80] RV32IM_7SP_statemate  57.501MHz  17:07:53
<<< [14/80] RV32IM_7SP_statemate  WNS=0.151  2.0M
>>> [15/80] RV32IM_7SP_md5sum  57.501MHz  17:15:12
<<< [15/80] RV32IM_7SP_md5sum  WNS=0.001  1.8M
>>> [16/80] RV32IM_7SP_BRAM_matmult-int  71.999MHz  17:23:33
<<< [16/80] RV32IM_7SP_BRAM_matmult-int  WNS=0.091  1.5M
>>> [17/80] RV32IM_7SP_BRAM_crc32  71.999MHz  17:27:57
<<< [17/80] RV32IM_7SP_BRAM_crc32  WNS=0.091  1.5M
>>> [18/80] RV32IM_7SP_BRAM_nettle-aes  71.999MHz  17:32:19
<<< [18/80] RV32IM_7SP_BRAM_nettle-aes  WNS=0.014  1.5M
>>> [19/80] RV32IM_7SP_BRAM_statemate  71.999MHz  17:38:11
<<< [19/80] RV32IM_7SP_BRAM_statemate  WNS=0.020  1.6M
>>> [20/80] RV32IM_7SP_BRAM_md5sum  71.999MHz  17:43:00
<<< [20/80] RV32IM_7SP_BRAM_md5sum  WNS=0.091  1.5M
>>> [21/80] RV32IM_7SP_BRAM_Opt_matmult-int  92.0MHz  17:47:27
<<< [21/80] RV32IM_7SP_BRAM_Opt_matmult-int  WNS=0.007  1.7M
>>> [22/80] RV32IM_7SP_BRAM_Opt_crc32  92.0MHz  17:51:59
<<< [22/80] RV32IM_7SP_BRAM_Opt_crc32  WNS=0.007  1.6M
>>> [23/80] RV32IM_7SP_BRAM_Opt_nettle-aes  92.0MHz  17:56:36
<<< [23/80] RV32IM_7SP_BRAM_Opt_nettle-aes  WNS=0.017  1.3M
>>> [24/80] RV32IM_7SP_BRAM_Opt_statemate  92.0MHz  18:02:12
<<< [24/80] RV32IM_7SP_BRAM_Opt_statemate  WNS=0.024  1.3M
>>> [25/80] RV32IM_7SP_BRAM_Opt_md5sum  92.0MHz  18:08:47
<<< [25/80] RV32IM_7SP_BRAM_Opt_md5sum  WNS=0.007  1.6M
>>> [26/80] RV32IM_8SP_matmult-int  122.0MHz  18:13:21
<<< [26/80] RV32IM_8SP_matmult-int  WNS=0.012  1.4M
>>> [27/80] RV32IM_8SP_crc32  122.0MHz  18:18:10
<<< [27/80] RV32IM_8SP_crc32  WNS=0.012  1.4M
>>> [28/80] RV32IM_8SP_nettle-aes  122.0MHz  18:22:58
<<< [28/80] RV32IM_8SP_nettle-aes  WNS=0.012  1.4M
>>> [29/80] RV32IM_8SP_statemate  122.0MHz  18:27:37
<<< [29/80] RV32IM_8SP_statemate  WNS=0.012  1.4M
>>> [30/80] RV32IM_8SP_md5sum  122.0MHz  18:32:03
<<< [30/80] RV32IM_8SP_md5sum  WNS=0.012  1.4M
>>> [31/80] RV32IM_8SP_withoutOpt_matmult-int  113.999MHz  18:36:32
<<< [31/80] RV32IM_8SP_withoutOpt_matmult-int  WNS=0.023  1.3M
>>> [32/80] RV32IM_8SP_withoutOpt_crc32  113.999MHz  18:40:57
<<< [32/80] RV32IM_8SP_withoutOpt_crc32  WNS=0.023  1.2M
>>> [33/80] RV32IM_8SP_withoutOpt_nettle-aes  113.999MHz  18:45:17
<<< [33/80] RV32IM_8SP_withoutOpt_nettle-aes  WNS=0.023  1.3M
>>> [34/80] RV32IM_8SP_withoutOpt_statemate  113.999MHz  18:49:36
<<< [34/80] RV32IM_8SP_withoutOpt_statemate  WNS=0.023  1.3M
>>> [35/80] RV32IM_8SP_withoutOpt_md5sum  113.999MHz  18:53:55
<<< [35/80] RV32IM_8SP_withoutOpt_md5sum  WNS=0.023  1.3M
>>> [36/80] RV32I_5SP_matmult-int  45.0MHz  18:58:19
<<< [36/80] RV32I_5SP_matmult-int  WNS=-0.021  1.9M
>>> [37/80] RV32I_5SP_crc32  45.0MHz  19:09:56
<<< [37/80] RV32I_5SP_crc32  WNS=0.034  1.8M
>>> [38/80] RV32I_5SP_nettle-aes  45.0MHz  19:14:54
<<< [38/80] RV32I_5SP_nettle-aes  WNS=0.023  2.0M
>>> [39/80] RV32I_5SP_statemate  45.0MHz  19:21:58
<<< [39/80] RV32I_5SP_statemate  WNS=0.017  2.2M
>>> [40/80] RV32I_5SP_md5sum  45.0MHz  19:30:54
<<< [40/80] RV32I_5SP_md5sum  WNS=0.281  1.9M
>>> [41/80] RV64IM_5SP_matmult-int  38.0MHz  19:37:29
<<< [41/80] RV64IM_5SP_matmult-int  WNS=0.027  2.3M
>>> [42/80] RV64IM_5SP_crc32  38.0MHz  19:46:56
<<< [42/80] RV64IM_5SP_crc32  WNS=0.011  2.2M
>>> [43/80] RV64IM_5SP_nettle-aes  38.0MHz  19:57:05
<<< [43/80] RV64IM_5SP_nettle-aes  WNS=-0.131  2.6M
>>> [44/80] RV64IM_5SP_statemate  38.0MHz  20:17:30
<<< [44/80] RV64IM_5SP_statemate  WNS=0.014  2.3M
>>> [45/80] RV64IM_5SP_md5sum  38.0MHz  20:27:37
<<< [45/80] RV64IM_5SP_md5sum  WNS=0.283  2.4M
>>> [46/80] RV64IM_6SP_matmult-int  45.0MHz  20:35:13
<<< [46/80] RV64IM_6SP_matmult-int  WNS=0.062  2.3M
>>> [47/80] RV64IM_6SP_crc32  45.0MHz  20:44:01
<<< [47/80] RV64IM_6SP_crc32  WNS=0.067  2.5M
>>> [48/80] RV64IM_6SP_nettle-aes  45.0MHz  20:50:27
<<< [48/80] RV64IM_6SP_nettle-aes  WNS=0.015  2.8M
>>> [49/80] RV64IM_6SP_statemate  45.0MHz  21:04:19
<<< [49/80] RV64IM_6SP_statemate  WNS=0.113  2.5M
>>> [50/80] RV64IM_6SP_md5sum  45.0MHz  21:12:51
<<< [50/80] RV64IM_6SP_md5sum  WNS=0.131  2.4M
>>> [51/80] RV64IM_7SP_matmult-int  46.999MHz  21:21:20
<<< [51/80] RV64IM_7SP_matmult-int  WNS=0.030  2.3M
>>> [52/80] RV64IM_7SP_crc32  46.999MHz  21:33:08
<<< [52/80] RV64IM_7SP_crc32  WNS=0.084  2.5M
>>> [53/80] RV64IM_7SP_nettle-aes  46.999MHz  21:44:43
<<< [53/80] RV64IM_7SP_nettle-aes  WNS=0.045  2.9M
>>> [54/80] RV64IM_7SP_statemate  46.999MHz  22:04:25
<<< [54/80] RV64IM_7SP_statemate  WNS=0.058  2.4M
>>> [55/80] RV64IM_7SP_md5sum  46.999MHz  22:14:58
<<< [55/80] RV64IM_7SP_md5sum  WNS=0.027  2.4M
>>> [56/80] RV64IM_7SP_BRAM_matmult-int  58.0MHz  22:26:15
<<< [56/80] RV64IM_7SP_BRAM_matmult-int  WNS=0.231  1.7M
>>> [57/80] RV64IM_7SP_BRAM_crc32  58.0MHz  22:30:33
<<< [57/80] RV64IM_7SP_BRAM_crc32  WNS=0.280  1.4M
>>> [58/80] RV64IM_7SP_BRAM_nettle-aes  58.0MHz  22:34:02
<<< [58/80] RV64IM_7SP_BRAM_nettle-aes  WNS=0.214  1.8M
>>> [59/80] RV64IM_7SP_BRAM_statemate  58.0MHz  22:44:15
<<< [59/80] RV64IM_7SP_BRAM_statemate  WNS=0.241  1.7M
>>> [60/80] RV64IM_7SP_BRAM_md5sum  58.0MHz  22:48:44
<<< [60/80] RV64IM_7SP_BRAM_md5sum  WNS=0.137  1.7M
>>> [61/80] RV64IM_7SP_BRAM_Opt_matmult-int  80.952380952MHz  22:52:44
<<< [61/80] RV64IM_7SP_BRAM_Opt_matmult-int  WNS=0.152  1.5M
>>> [62/80] RV64IM_7SP_BRAM_Opt_crc32  80.952380952MHz  22:58:46
<<< [62/80] RV64IM_7SP_BRAM_Opt_crc32  WNS=0.006  1.4M
>>> [63/80] RV64IM_7SP_BRAM_Opt_nettle-aes  80.952380952MHz  23:05:18
<<< [63/80] RV64IM_7SP_BRAM_Opt_nettle-aes  WNS=0.056  1.8M
>>> [64/80] RV64IM_7SP_BRAM_Opt_statemate  80.952380952MHz  23:13:02
<<< [64/80] RV64IM_7SP_BRAM_Opt_statemate  WNS=0.011  1.5M
>>> [65/80] RV64IM_7SP_BRAM_Opt_md5sum  80.952380952MHz  23:19:31
<<< [65/80] RV64IM_7SP_BRAM_Opt_md5sum  WNS=0.019  1.5M
>>> [66/80] RV64IM_8SP_matmult-int  101.999MHz  23:25:05
<<< [66/80] RV64IM_8SP_matmult-int  WNS=0.011  1.5M
>>> [67/80] RV64IM_8SP_crc32  101.999MHz  23:30:47
<<< [67/80] RV64IM_8SP_crc32  WNS=0.135  1.7M
>>> [68/80] RV64IM_8SP_nettle-aes  101.999MHz  23:34:19
<<< [68/80] RV64IM_8SP_nettle-aes  WNS=0.078  1.7M
>>> [69/80] RV64IM_8SP_statemate  101.999MHz  23:38:08
<<< [69/80] RV64IM_8SP_statemate  WNS=0.087  1.8M
>>> [70/80] RV64IM_8SP_md5sum  101.999MHz  23:42:05
<<< [70/80] RV64IM_8SP_md5sum  WNS=0.012  1.7M
>>> [71/80] RV64IM_8SP_withoutOpt_matmult-int  91.996MHz  23:47:14
<<< [71/80] RV64IM_8SP_withoutOpt_matmult-int  WNS=0.068  1.4M
>>> [72/80] RV64IM_8SP_withoutOpt_crc32  91.996MHz  23:52:05
<<< [72/80] RV64IM_8SP_withoutOpt_crc32  WNS=0.135  1.7M
>>> [73/80] RV64IM_8SP_withoutOpt_nettle-aes  91.996MHz  23:55:32
<<< [73/80] RV64IM_8SP_withoutOpt_nettle-aes  WNS=0.118  1.9M
>>> [74/80] RV64IM_8SP_withoutOpt_statemate  91.996MHz  00:05:33
<<< [74/80] RV64IM_8SP_withoutOpt_statemate  WNS=0.134  1.7M
>>> [75/80] RV64IM_8SP_withoutOpt_md5sum  91.996MHz  00:10:31
<<< [75/80] RV64IM_8SP_withoutOpt_md5sum  WNS=0.144  1.6M
>>> [76/80] RV64I_5SP_matmult-int  37.5MHz  00:14:23
<<< [76/80] RV64I_5SP_matmult-int  WNS=0.328  2.4M
>>> [77/80] RV64I_5SP_crc32  37.5MHz  00:28:26
<<< [77/80] RV64I_5SP_crc32  WNS=0.021  2.3M
>>> [78/80] RV64I_5SP_nettle-aes  37.5MHz  00:42:54
<<< [78/80] RV64I_5SP_nettle-aes  WNS=0.127  2.6M
>>> [79/80] RV64I_5SP_statemate  37.5MHz  01:01:20
<<< [79/80] RV64I_5SP_statemate  WNS=0.103  2.5M
>>> [80/80] RV64I_5SP_md5sum  37.5MHz  01:25:23
<<< [80/80] RV64I_5SP_md5sum  WNS=0.007  2.4M
=== embench fpga finished Thu Sep 17 01:46:48 AM KST 2026 ===
