=== RV32 rebuild: 8 variants x 5 = 40 builds, Tue Sep 22 09:14:58 AM KST 2026 ===
>>> [1/40] RV32IM_5SP_matmult-int  43.0MHz  09:14:58
<<< [1/40] RV32IM_5SP_matmult-int  WNS=0.043
>>> [2/40] RV32IM_5SP_crc32  43.0MHz  09:21:21
<<< [2/40] RV32IM_5SP_crc32  WNS=0.071
>>> [3/40] RV32IM_5SP_nettle-aes  43.0MHz  09:27:27
<<< [3/40] RV32IM_5SP_nettle-aes  WNS=0.075
>>> [4/40] RV32IM_5SP_statemate  43.0MHz  09:31:59
<<< [4/40] RV32IM_5SP_statemate  WNS=0.028
>>> [5/40] RV32IM_5SP_md5sum  43.0MHz  09:48:01
<<< [5/40] RV32IM_5SP_md5sum  WNS=0.408
>>> [6/40] RV32IM_6SP_matmult-int  50.0MHz  09:54:08
<<< [6/40] RV32IM_6SP_matmult-int  WNS=0.378
>>> [7/40] RV32IM_6SP_crc32  50.0MHz  09:58:48
<<< [7/40] RV32IM_6SP_crc32  WNS=0.173
>>> [8/40] RV32IM_6SP_nettle-aes  50.0MHz  10:03:22
<<< [8/40] RV32IM_6SP_nettle-aes  WNS=0.450
>>> [9/40] RV32IM_6SP_statemate  50.0MHz  10:07:24
<<< [9/40] RV32IM_6SP_statemate  WNS=0.019
>>> [10/40] RV32IM_6SP_md5sum  50.0MHz  10:15:28
<<< [10/40] RV32IM_6SP_md5sum  WNS=0.308
>>> [11/40] RV32IM_7SP_matmult-int  57.501MHz  10:20:21
<<< [11/40] RV32IM_7SP_matmult-int  WNS=0.243
>>> [12/40] RV32IM_7SP_crc32  57.501MHz  10:26:31
<<< [12/40] RV32IM_7SP_crc32  WNS=0.168
>>> [13/40] RV32IM_7SP_nettle-aes  57.501MHz  10:31:34
<<< [13/40] RV32IM_7SP_nettle-aes  WNS=0.208
>>> [14/40] RV32IM_7SP_statemate  57.501MHz  10:35:20
<<< [14/40] RV32IM_7SP_statemate  WNS=0.055
>>> [15/40] RV32IM_7SP_md5sum  57.501MHz  10:43:25
<<< [15/40] RV32IM_7SP_md5sum  WNS=0.138
>>> [16/40] RV32IM_7SP_BRAM_matmult-int  71.999MHz  10:49:01
<<< [16/40] RV32IM_7SP_BRAM_matmult-int  WNS=0.091
>>> [17/40] RV32IM_7SP_BRAM_crc32  71.999MHz  10:53:04
<<< [17/40] RV32IM_7SP_BRAM_crc32  WNS=0.091
>>> [18/40] RV32IM_7SP_BRAM_nettle-aes  71.999MHz  10:57:09
