=== 16 projects Tue Sep  1 12:39:53 PM KST 2026 ===
>>> RV32I_5SP 12:39:53
>>> RV32IM_5SP 12:39:53
<<< RV32IM_5SP READONLY_SKIP 12:39:59
<<< RV32I_5SP READONLY_SKIP 12:39:59
>>> RV32IM_6SP 12:39:59
>>> RV32IM_7SP_BRAM_Opt 12:39:59
<<< RV32IM_7SP_BRAM_Opt POWER_OK 12:40:19
>>> RV32IM_7SP_BRAM 12:40:19
<<< RV32IM_6SP POWER_OK 12:40:19
>>> RV32IM_7SP 12:40:19
<<< RV32IM_7SP_BRAM POWER_OK 12:40:39
>>> RV32IM_8SP 12:40:39
<<< RV32IM_7SP POWER_OK 12:40:39
>>> RV32IM_8SP_withoutOpt 12:40:39
<<< RV32IM_8SP POWER_OK 12:40:59
>>> RV64I_5SP 12:40:59
<<< RV32IM_8SP_withoutOpt POWER_OK 12:41:00
>>> RV64IM_5SP 12:41:00
<<< RV64I_5SP POWER_OK 12:41:21
>>> RV64IM_6SP 12:41:21
<<< RV64IM_5SP POWER_OK 12:41:25
>>> RV64IM_7SP_BRAM_Opt 12:41:25
<<< RV64IM_6SP POWER_OK 12:41:46
>>> RV64IM_7SP_BRAM 12:41:46
<<< RV64IM_7SP_BRAM_Opt POWER_OK 12:41:49
>>> RV64IM_7SP 12:41:49
<<< RV64IM_7SP_BRAM POWER_OK 12:42:11
>>> RV64IM_8SP 12:42:11
<<< RV64IM_7SP POWER_OK 12:42:14
>>> RV64IM_8SP_withoutOpt 12:42:14
<<< RV64IM_8SP POWER_OK 12:42:35
<<< RV64IM_8SP_withoutOpt POWER_OK 12:42:39
=== done Tue Sep  1 12:42:39 PM KST 2026 ===
