=== 32 configurations, Tue Sep 15 06:02:26 PM KST 2026 ===
>>> [1/32] RV32IM_5SP_coremark  43.0MHz  coremark_RV32IM_43MHz.mem  18:02:26
<<< [1] RV32IM_5SP_coremark  LUT=13983  WNS=0.069
>>> [2/32] RV32IM_6SP_coremark  50.0MHz  coremark_RV32IM_50MHz.mem  18:06:59
<<< [2] RV32IM_6SP_coremark  LUT=14180  WNS=none
>>> [3/32] RV32IM_7SP_BRAM_coremark  71.999MHz  coremark_RV32IM_72MHz.mem  18:10:46
<<< [3] RV32IM_7SP_BRAM_coremark  LUT=3127  WNS=none
>>> [4/32] RV32IM_7SP_BRAM_Opt_coremark  90.001MHz  coremark_RV32IM_90MHz.mem  18:15:50
<<< [4] RV32IM_7SP_BRAM_Opt_coremark  LUT=2705  WNS=none
>>> [5/32] RV32IM_7SP_coremark  57.501MHz  coremark_RV32IM_57.5MHz.mem  18:20:10
<<< [5] RV32IM_7SP_coremark  LUT=10450  WNS=none
>>> [6/32] RV32IM_8SP_coremark  119.048MHz  coremark_RV32IM_119MHz.mem  18:25:14
<<< [6] RV32IM_8SP_coremark  LUT=2865  WNS=none
>>> [7/32] RV32IM_8SP_withoutOpt_coremark  113.999MHz  coremark_RV32IM_114MHz.mem  18:28:32
<<< [7] RV32IM_8SP_withoutOpt_coremark  LUT=3332  WNS=none
>>> [8/32] RV32I_5SP_coremark  45.0MHz  coremark_RV32I_45MHz.mem  18:32:24
<<< [8] RV32I_5SP_coremark  LUT=13504  WNS=none
>>> [9/32] RV32IM_5SP_dhrystone  43.0MHz  dhrystone_RV32IM_43MHz.mem  18:36:47
<<< [9] RV32IM_5SP_dhrystone  LUT=12559  WNS=0.074
>>> [10/32] RV32IM_6SP_dhrystone  51.515MHz  dhrystone_RV32IM_51.5MHz.mem  18:44:05
<<< [10] RV32IM_6SP_dhrystone  LUT=13704  WNS=none
>>> [11/32] RV32IM_7SP_BRAM_dhrystone  71.999MHz  dhrystone_RV32IM_72MHz.mem  18:50:14
<<< [11] RV32IM_7SP_BRAM_dhrystone  LUT=3113  WNS=none
>>> [12/32] RV32IM_7SP_BRAM_Opt_dhrystone  90.909MHz  dhrystone_RV32IM_90.90909MHz.mem  18:53:58
<<< [12] RV32IM_7SP_BRAM_Opt_dhrystone  LUT=2707  WNS=none
>>> [13/32] RV32IM_7SP_dhrystone  53.0MHz  dhrystone_RV32IM_53MHz.mem  18:57:30
<<< [13] RV32IM_7SP_dhrystone  LUT=12089  WNS=none
>>> [14/32] RV32IM_8SP_dhrystone  119.048MHz  dhrystone_RV32IM_119MHz.mem  19:01:59
<<< [14] RV32IM_8SP_dhrystone  LUT=2865  WNS=none
>>> [15/32] RV32IM_8SP_withoutOpt_dhrystone  113.999MHz  dhrystone_RV32IM_114MHz.mem  19:05:20
<<< [15] RV32IM_8SP_withoutOpt_dhrystone  LUT=3332  WNS=none
>>> [16/32] RV32I_5SP_dhrystone  45.0MHz  dhrystone_RV32I_45MHz.mem  19:09:16
<<< [16] RV32I_5SP_dhrystone  LUT=13799  WNS=none
>>> [17/32] RV64IM_5SP_coremark  38.0MHz  coremark_RV64IM_38MHz.mem  19:27:39
<<< [17] RV64IM_5SP_coremark  LUT=26460  WNS=none
>>> [18/32] RV64IM_6SP_coremark  45.0MHz  coremark_RV64IM_45MHz.mem  19:38:22
<<< [18] RV64IM_6SP_coremark  LUT=26554  WNS=none
>>> [19/32] RV64IM_7SP_BRAM_coremark  55.556MHz  coremark_RV64IM_55.556MHz.mem  19:48:07
<<< [19] RV64IM_7SP_BRAM_coremark  LUT=12339  WNS=none
>>> [20/32] RV64IM_7SP_BRAM_Opt_coremark  80.952MHz  coremark_RV64IM_80.952MHz.mem  19:51:51
<<< [20] RV64IM_7SP_BRAM_Opt_coremark  LUT=12052  WNS=none
>>> [21/32] RV64IM_7SP_coremark  46.999MHz  coremark_RV64IM_47MHz.mem  19:59:46
<<< [21] RV64IM_7SP_coremark  LUT=21320  WNS=none
>>> [22/32] RV64IM_8SP_coremark  101.999MHz  coremark_RV64IM_102MHz.mem  20:09:56
<<< [22] RV64IM_8SP_coremark  LUT=12666  WNS=none
>>> [23/32] RV64IM_8SP_withoutOpt_coremark  91.996MHz  coremark_RV64IM_92MHz.mem  20:14:56
<<< [23] RV64IM_8SP_withoutOpt_coremark  LUT=12232  WNS=none
>>> [24/32] RV64I_5SP_coremark  37.5MHz  coremark_RV64I_37.5MHz.mem  20:25:06
<<< [24] RV64I_5SP_coremark  LUT=24685  WNS=none
>>> [25/32] RV64IM_5SP_dhrystone  37.0MHz  dhrystone_RV64IM_37MHz.mem  20:38:50
<<< [25] RV64IM_5SP_dhrystone  LUT=20979  WNS=none
>>> [26/32] RV64IM_6SP_dhrystone  44.001MHz  dhrystone_RV64IM_44MHz.mem  20:45:12
<<< [26] RV64IM_6SP_dhrystone  LUT=22553  WNS=none
>>> [27/32] RV64IM_7SP_BRAM_dhrystone  58.001MHz  dhrystone_RV64IM_58MHz.mem  20:52:09
<<< [27] RV64IM_7SP_BRAM_dhrystone  LUT=9049  WNS=none
>>> [28/32] RV64IM_7SP_BRAM_Opt_dhrystone  80.952MHz  dhrystone_RV64IM_81MHz.mem  20:56:26
<<< [28] RV64IM_7SP_BRAM_Opt_dhrystone  LUT=8248  WNS=none
>>> [29/32] RV64IM_7SP_dhrystone  48.612MHz  dhrystone_RV64IM_48.61111.mem  21:02:21
<<< [29] RV64IM_7SP_dhrystone  LUT=19680  WNS=none
>>> [30/32] RV64IM_8SP_dhrystone  101.999MHz  dhrystone_RV64IM_102MHz.mem  21:16:06
<<< [30] RV64IM_8SP_dhrystone  LUT=8569  WNS=none
>>> [31/32] RV64IM_8SP_withoutOpt_dhrystone  95.997MHz  dhrystone_RV64IM_96MHz.mem  21:19:36
<<< [31] RV64IM_8SP_withoutOpt_dhrystone  LUT=9341  WNS=none
>>> [32/32] RV64I_5SP_dhrystone  39.0MHz  dhrystone_RV64I_39MHz.mem  21:28:27
<<< [32] RV64I_5SP_dhrystone  LUT=20540  WNS=none
=== finished Tue Sep 15 10:01:38 PM KST 2026 ===
