>>> RV32IM_7SP_BRAM_Opt_coremark  22:10:24
<<< RV32IM_7SP_BRAM_Opt_coremark  VECTORLESS Total On-Chip Power (W) = 0.323 VECTORLESS Dynamic (W) = 0.170 VECTORLESS Device Static (W) = 0.153 SAIF_BASED Total On-Chip Power (W) = 0.335 SAIF_BASED Dynamic (W) = 0.183 SAIF_BASED Device Static (W) = 0.153 
    CONF 1.3 Confidence Level
    CONF | Confidence Level         | High                                                                                               |
>>> RV32I_5SP_dhrystone  22:10:34
<<< RV32I_5SP_dhrystone  VECTORLESS Total On-Chip Power (W) = 0.333 VECTORLESS Dynamic (W) = 0.181 VECTORLESS Device Static (W) = 0.152 SAIF_BASED Total On-Chip Power (W) = 0.376 SAIF_BASED Dynamic (W) = 0.224 SAIF_BASED Device Static (W) = 0.152 
    CONF 1.3 Confidence Level
    CONF | Confidence Level         | High                                                                                      |
>>> RV64IM_7SP_BRAM_Opt_coremark  22:10:49
<<< RV64IM_7SP_BRAM_Opt_coremark  VECTORLESS Total On-Chip Power (W) = 0.358 VECTORLESS Dynamic (W) = 0.205 VECTORLESS Device Static (W) = 0.153 SAIF_BASED Total On-Chip Power (W) = 0.498 SAIF_BASED Dynamic (W) = 0.344 SAIF_BASED Device Static (W) = 0.154 
    CONF 1.3 Confidence Level
    CONF | Confidence Level         | High                                                                                               |
>>> RV64IM_7SP_BRAM_Opt_dhrystone  22:11:03
<<< RV64IM_7SP_BRAM_Opt_dhrystone  VECTORLESS Total On-Chip Power (W) = 0.337 VECTORLESS Dynamic (W) = 0.184 VECTORLESS Device Static (W) = 0.153 SAIF_BASED Total On-Chip Power (W) = 0.358 SAIF_BASED Dynamic (W) = 0.205 SAIF_BASED Device Static (W) = 0.153 
    CONF 1.3 Confidence Level
    CONF | Confidence Level         | High                                                                                                |
>>> RV64I_5SP_dhrystone  22:11:16
<<< RV64I_5SP_dhrystone  VECTORLESS Total On-Chip Power (W) = 0.390 VECTORLESS Dynamic (W) = 0.238 VECTORLESS Device Static (W) = 0.152 SAIF_BASED Total On-Chip Power (W) = 0.406 SAIF_BASED Dynamic (W) = 0.254 SAIF_BASED Device Static (W) = 0.152 
    CONF 1.3 Confidence Level
    CONF | Confidence Level         | High                                                                                      |
=== repower finished Tue Sep 15 10:11:36 PM KST 2026 ===
