>>> RV32IM_6SP_dhrystone  02:05:50
<<< RV32IM_6SP_dhrystone  VECTORLESS Total On-Chip Power (W) = 0.361 VECTORLESS Dynamic (W) = 0.209 VECTORLESS Device Static (W) = 0.152 SAIF_BASED Total On-Chip Power (W) = 0.386 SAIF_BASED Dynamic (W) = 0.234 SAIF_BASED Device Static (W) = 0.152 
    CONF 1.3 Confidence Level
    CONF | Confidence Level         | High                                                                                       |
>>> RV32IM_7SP_BRAM_Opt_dhrystone  02:06:05
<<< RV32IM_7SP_BRAM_Opt_dhrystone  VECTORLESS Total On-Chip Power (W) = 0.312 VECTORLESS Dynamic (W) = 0.160 VECTORLESS Device Static (W) = 0.153 SAIF_BASED Total On-Chip Power (W) = 0.332 SAIF_BASED Dynamic (W) = 0.179 SAIF_BASED Device Static (W) = 0.153 
    CONF 1.3 Confidence Level
    CONF | Confidence Level         | High                                                                                                |
>>> RV64IM_7SP_BRAM_Opt_coremark  02:06:15
<<< RV64IM_7SP_BRAM_Opt_coremark  VECTORLESS Total On-Chip Power (W) = 0.358 VECTORLESS Dynamic (W) = 0.205 VECTORLESS Device Static (W) = 0.153 SAIF_BASED Total On-Chip Power (W) = 0.498 SAIF_BASED Dynamic (W) = 0.344 SAIF_BASED Device Static (W) = 0.154 
    CONF 1.3 Confidence Level
    CONF | Confidence Level         | High                                                                                               |
>>> RV64IM_7SP_BRAM_Opt_dhrystone  02:06:28
<<< RV64IM_7SP_BRAM_Opt_dhrystone  VECTORLESS Total On-Chip Power (W) = 0.338 VECTORLESS Dynamic (W) = 0.185 VECTORLESS Device Static (W) = 0.153 SAIF_BASED Total On-Chip Power (W) = 0.359 SAIF_BASED Dynamic (W) = 0.206 SAIF_BASED Device Static (W) = 0.153 
    CONF 1.3 Confidence Level
    CONF | Confidence Level         | High                                                                                                |
>>> RV64IM_7SP_dhrystone  02:06:41
<<< RV64IM_7SP_dhrystone  VECTORLESS Total On-Chip Power (W) = 0.401 VECTORLESS Dynamic (W) = 0.249 VECTORLESS Device Static (W) = 0.152 SAIF_BASED Total On-Chip Power (W) = 0.377 SAIF_BASED Dynamic (W) = 0.225 SAIF_BASED Device Static (W) = 0.152 
    CONF 1.3 Confidence Level
    CONF | Confidence Level         | High                                                                                       |
=== repower finished Wed Sep 16 02:07:00 AM KST 2026 ===
