RV32I_5SP_coremark INFO: [Power 33-26] Design nets matched = 16612 of 22615 1
RV32I_5SP_dhrystone INFO: [Power 33-26] Design nets matched = 11534 of 21458 1
RV32IM_5SP_dhrystone INFO: [Power 33-26] Design nets matched = 13953 of 21197 1
RV32IM_5SP_coremark INFO: [Power 33-26] Design nets matched = 18439 of 24223 1
RV32IM_6SP_coremark INFO: [Power 33-26] Design nets matched = 19003 of 24753 1
RV32IM_6SP_dhrystone INFO: [Power 33-26] Design nets matched = 14225 of 23574 1
RV32IM_7SP_BRAM_coremark INFO: [Power 33-26] Design nets matched = 5323 of 6865 1
RV32IM_7SP_BRAM_dhrystone INFO: [Power 33-26] Design nets matched = 5322 of 6863 1
RV32IM_7SP_BRAM_Opt_coremark INFO: [Power 33-26] Design nets matched = 4822 of 6085 1
RV32IM_7SP_BRAM_Opt_dhrystone INFO: [Power 33-26] Design nets matched = 4791 of 6093 1
RV32IM_7SP_coremark INFO: [Power 33-26] Design nets matched = 15688 of 19645 1
RV32IM_7SP_dhrystone INFO: [Power 33-26] Design nets matched = 13292 of 21420 1
RV32IM_8SP_coremark INFO: [Power 33-26] Design nets matched = 5297 of 6733 1
RV32IM_8SP_dhrystone INFO: [Power 33-26] Design nets matched = 5297 of 6733 1
RV32IM_8SP_withoutOpt_coremark INFO: [Power 33-26] Design nets matched = 5935 of 7493 1
RV32IM_8SP_withoutOpt_dhrystone INFO: [Power 33-26] Design nets matched = 5935 of 7493 1
RV64I_5SP_dhrystone INFO: [Power 33-26] Design nets matched = 24495 of 33094 1
RV64I_5SP_coremark INFO: [Power 33-26] Design nets matched = 31534 of 38867 1
RV64IM_5SP_dhrystone INFO: [Power 33-26] Design nets matched = 27792 of 37317 1
RV64IM_5SP_coremark INFO: [Power 33-26] Design nets matched = 35852 of 45254 1
RV64IM_6SP_dhrystone INFO: [Power 33-26] Design nets matched = 28918 of 39269 1
RV64IM_6SP_coremark INFO: [Power 33-26] Design nets matched = 36590 of 45877 1
RV64IM_7SP_BRAM_dhrystone INFO: [Power 33-26] Design nets matched = 12462 of 18725 1
RV64IM_7SP_BRAM_coremark INFO: [Power 33-26] Design nets matched = 17746 of 25067 1
RV64IM_7SP_BRAM_Opt_dhrystone INFO: [Power 33-26] Design nets matched = 11804 of 17482 1
RV64IM_7SP_BRAM_Opt_coremark INFO: [Power 33-26] Design nets matched = 15345 of 24000 1
RV64IM_7SP_dhrystone INFO: [Power 33-26] Design nets matched = 27664 of 36685 1
RV64IM_7SP_coremark INFO: [Power 33-26] Design nets matched = 32833 of 40382 1
RV64IM_8SP_dhrystone INFO: [Power 33-26] Design nets matched = 9520 of 18974 1
RV64IM_8SP_coremark INFO: [Power 33-26] Design nets matched = 12365 of 26072 1
RV64IM_8SP_withoutOpt_coremark INFO: [Power 33-26] Design nets matched = 19022 of 25584 1
RV64IM_8SP_withoutOpt_dhrystone INFO: [Power 33-26] Design nets matched = 13500 of 19617 1
=== recost finished Tue Sep 22 05:29:02 PM KST 2026
