>>> RV32IM_8SP_coremark  RV32IM72F8SPSoCTOP  02:33:28
    RV32IM_8SP/coremark toggling 61.79%
=== RV32IM_8SP/coremark done: 0.340 W (toggling 61.79%, uart_delta 0)
<<< RV32IM_8SP_coremark
    variant RV32IM_8SP
    bench coremark
    toggling_pct 61.79
    uart_delta 0
    VECTORLESS Total On-Chip Power (W) = 0.328
    VECTORLESS Dynamic (W) = 0.191
    VECTORLESS Device Static (W) = 0.136
    SAIF_BASED Total On-Chip Power (W) = 0.340
    SAIF_BASED Dynamic (W) = 0.204
    SAIF_BASED Device Static (W) = 0.136
>>> RV32IM_8SP_dhrystone  RV32IM72F8SPSoCTOP  03:01:58
    RV32IM_8SP/dhrystone toggling 60.76%
=== RV32IM_8SP/dhrystone done: 0.359 W (toggling 60.76%, uart_delta 0)
<<< RV32IM_8SP_dhrystone
    variant RV32IM_8SP
    bench dhrystone
    toggling_pct 60.76
    uart_delta 0
    VECTORLESS Total On-Chip Power (W) = 0.328
    VECTORLESS Dynamic (W) = 0.191
    VECTORLESS Device Static (W) = 0.136
    SAIF_BASED Total On-Chip Power (W) = 0.359
    SAIF_BASED Dynamic (W) = 0.223
    SAIF_BASED Device Static (W) = 0.136
>>> RV64IM_7SP_BRAM_coremark  RV64IM72F5SPSoCTOP  03:31:35
    RV64IM_7SP_BRAM/coremark toggling 63.80%
=== RV64IM_7SP_BRAM/coremark done: 0.415 W (toggling 63.80%, uart_delta 0)
<<< RV64IM_7SP_BRAM_coremark
    variant RV64IM_7SP_BRAM
    bench coremark
    toggling_pct 63.80
    uart_delta 0
    VECTORLESS Total On-Chip Power (W) = 0.342
    VECTORLESS Dynamic (W) = 0.189
    VECTORLESS Device Static (W) = 0.153
    SAIF_BASED Total On-Chip Power (W) = 0.415
    SAIF_BASED Dynamic (W) = 0.262
    SAIF_BASED Device Static (W) = 0.153
=== resim finished Wed Sep 16 04:17:06 AM KST 2026 ===
