  working copy: .sweep/RV32IM_8SP_coremark  (source project untouched)
=== RV32IM_8SP/coremark  sweep with matching images  Wed Sep 16 01:17:08 AM KST 2026 ===
       ASKED            EXACT        WNS        LUT         FMAX  verdict
         120    120.000000000      0.100       2865      121.457  meets
         121    120.833333333      0.042       2876      121.450  meets
         122    122.000000000      0.012       2869      122.179  meets
=== done Wed Sep 16 01:27:29 AM KST 2026 ===
  working copy: .sweep/RV32IM_8SP_dhrystone  (source project untouched)
=== RV32IM_8SP/dhrystone  sweep with matching images  Wed Sep 16 01:27:29 AM KST 2026 ===
       ASKED            EXACT        WNS        LUT         FMAX  verdict
         120    120.000000000      0.100       2865      121.457  meets
         121    120.833333333      0.042       2876      121.450  meets
         122    122.000000000      0.012       2869      122.179  meets
=== done Wed Sep 16 01:37:46 AM KST 2026 ===
  working copy: .sweep/RV64IM_7SP_BRAM_coremark  (source project untouched)
=== RV64IM_7SP_BRAM/coremark  sweep with matching images  Wed Sep 16 01:37:46 AM KST 2026 ===
       ASKED            EXACT        WNS        LUT         FMAX  verdict
          56     56.000000000      0.233      12407       56.740  meets
          57     57.000000000      0.272      12450       57.898  meets
          58     58.000000000      0.174      12378       58.591  meets
=== done Wed Sep 16 01:51:48 AM KST 2026 ===
