=== 16 core projects, Tue Sep  1 10:07:00 AM KST 2026 ===
>>> RV32I_5SP 10:07:00
>>> RV32IM_5SP 10:07:00
<<< RV32IM_5SP READONLY_SKIP 10:07:06
>>> RV32IM_6SP 10:07:06
<<< RV32I_5SP READONLY_SKIP 10:07:06
>>> RV32IM_7SP_BRAM_Opt 10:07:06
<<< RV32IM_7SP_BRAM_Opt SYNTH_OK 10:08:30
>>> RV32IM_7SP_BRAM 10:08:30
<<< RV32IM_6SP SYNTH_OK 10:08:52
>>> RV32IM_7SP 10:08:52
<<< RV32IM_7SP_BRAM SYNTH_OK 10:10:15
>>> RV32IM_8SP 10:10:15
<<< RV32IM_7SP SYNTH_OK 10:10:36
>>> RV32IM_8SP_withoutOpt 10:10:36
<<< RV32IM_8SP SYNTH_OK 10:11:40
>>> RV64I_5SP 10:11:40
<<< RV32IM_8SP_withoutOpt SYNTH_OK 10:12:10
>>> RV64IM_5SP 10:12:10
<<< RV64I_5SP SYNTH_OK 10:14:51
>>> RV64IM_6SP 10:14:51
<<< RV64IM_5SP SYNTH_OK 10:16:06
>>> RV64IM_7SP_BRAM_Opt 10:16:06
<<< RV64IM_6SP SYNTH_OK 10:17:45
>>> RV64IM_7SP_BRAM 10:17:45
<<< RV64IM_7SP_BRAM_Opt SYNTH_OK 10:18:14
>>> RV64IM_7SP 10:18:14
<<< RV64IM_7SP_BRAM SYNTH_OK 10:20:31
>>> RV64IM_8SP 10:20:31
<<< RV64IM_7SP SYNTH_OK 10:20:59
>>> RV64IM_8SP_withoutOpt 10:20:59
<<< RV64IM_8SP SYNTH_OK 12:30:16
<<< RV64IM_8SP_withoutOpt SYNTH_OK 12:30:57
=== done Tue Sep  1 12:30:57 PM KST 2026 ===
