Copyright 1986-2022 Xilinx, Inc. All Rights Reserved. Copyright 2022-2025 Advanced Micro Devices, Inc. All Rights Reserved.
--------------------------------------------------------------------------------------------------------------------------------------------------------------------
| Tool Version     : Vivado v.2025.2 (lin64) Build 6299465 Fri Nov 14 12:34:56 MST 2025
| Date             : Tue Sep 22 17:21:24 2026
| Host             : khwl-ThinkPad-X1-Carbon-Gen-13 running 64-bit Ubuntu 24.04.4 LTS
| Command          : report_power -hier all -file /home/khwl/Desktop/RV-IM100/riscof-env/saif_recost/RV32IM_6SP_dhrystone/power_saif_hier.rpt
| Design           : RV64IM72F5SPSoCTOP
| Device           : xc7a200tsbg484-1
| Design State     : routed
| Grade            : commercial
| Process          : typical
| Characterization : Production
--------------------------------------------------------------------------------------------------------------------------------------------------------------------

Power Report

Table of Contents
-----------------
1. Summary
1.1 On-Chip Components
1.2 Power Supply Summary
1.3 Confidence Level
2. Settings
2.1 Environment
2.2 Clock Constraints
3. Detailed Reports
3.1 By Hierarchy

1. Summary
----------

+--------------------------+--------------------------------------------------------------------------------------------+
| Total On-Chip Power (W)  | 0.386                                                                                      |
| Design Power Budget (W)  | Unspecified*                                                                               |
| Power Budget Margin (W)  | NA                                                                                         |
| Dynamic (W)              | 0.234                                                                                      |
| Device Static (W)        | 0.152                                                                                      |
| Effective TJA (C/W)      | 3.3                                                                                        |
| Max Ambient (C)          | 83.7                                                                                       |
| Junction Temperature (C) | 26.3                                                                                       |
| Confidence Level         | High                                                                                       |
| Setting File             | ---                                                                                        |
| Simulation Activity File | /home/khwl/Desktop/RV-IM100/riscof-env/saif/RV32IM_6SP_dhrystone/kernel.saif |
| Design Nets Matched      | 60%   (14225/23574)                                                                        |
+--------------------------+--------------------------------------------------------------------------------------------+
* Specify Design Power Budget using, set_operating_conditions -design_power_budget <value in Watts>


1.1 On-Chip Components
----------------------

+--------------------------+-----------+----------+-----------+-----------------+
| On-Chip                  | Power (W) | Used     | Available | Utilization (%) |
+--------------------------+-----------+----------+-----------+-----------------+
| Clocks                   |     0.013 |        5 |       --- |             --- |
| Slice Logic              |     0.030 |    22658 |       --- |             --- |
|   LUT as Logic           |     0.028 |    10198 |    134600 |            7.58 |
|   F7/F8 Muxes            |    <0.001 |     4976 |    134600 |            3.70 |
|   LUT as Distributed RAM |    <0.001 |     4140 |     46200 |            8.96 |
|   Register               |    <0.001 |     2426 |    269200 |            0.90 |
|   CARRY4                 |    <0.001 |      188 |     33650 |            0.56 |
|   Others                 |     0.000 |       29 |       --- |             --- |
| Signals                  |     0.072 |    11524 |       --- |             --- |
| PLL                      |     0.116 |        1 |        10 |           10.00 |
| DSPs                     |     0.000 |        4 |       740 |            0.54 |
| I/O                      |     0.002 |       12 |       285 |            4.21 |
| Static Power             |     0.152 |          |           |                 |
| Total                    |     0.386 |          |           |                 |
+--------------------------+-----------+----------+-----------+-----------------+


1.2 Power Supply Summary
------------------------

+-----------+-------------+-----------+-------------+------------+-------------+-------------+------------+
| Source    | Voltage (V) | Total (A) | Dynamic (A) | Static (A) | Powerup (A) | Budget (A)  | Margin (A) |
+-----------+-------------+-----------+-------------+------------+-------------+-------------+------------+
| Vccint    |       1.000 |     0.158 |       0.127 |      0.031 |       NA    | Unspecified | NA         |
| Vccaux    |       1.800 |     0.089 |       0.058 |      0.031 |       NA    | Unspecified | NA         |
| Vcco33    |       3.300 |     0.005 |       0.000 |      0.005 |       NA    | Unspecified | NA         |
| Vcco25    |       2.500 |     0.006 |       0.001 |      0.005 |       NA    | Unspecified | NA         |
| Vcco18    |       1.800 |     0.000 |       0.000 |      0.000 |       NA    | Unspecified | NA         |
| Vcco15    |       1.500 |     0.000 |       0.000 |      0.000 |       NA    | Unspecified | NA         |
| Vcco135   |       1.350 |     0.000 |       0.000 |      0.000 |       NA    | Unspecified | NA         |
| Vcco12    |       1.200 |     0.000 |       0.000 |      0.000 |       NA    | Unspecified | NA         |
| Vccaux_io |       1.800 |     0.000 |       0.000 |      0.000 |       NA    | Unspecified | NA         |
| Vccbram   |       1.000 |     0.001 |       0.000 |      0.001 |       NA    | Unspecified | NA         |
| MGTAVcc   |       1.000 |     0.000 |       0.000 |      0.000 |       NA    | Unspecified | NA         |
| MGTAVtt   |       1.200 |     0.000 |       0.000 |      0.000 |       NA    | Unspecified | NA         |
| Vccadc    |       1.800 |     0.020 |       0.000 |      0.020 |       NA    | Unspecified | NA         |
+-----------+-------------+-----------+-------------+------------+-------------+-------------+------------+


1.3 Confidence Level
--------------------

+-----------------------------+------------+------------------------------------------------+--------+
| User Input Data             | Confidence | Details                                        | Action |
+-----------------------------+------------+------------------------------------------------+--------+
| Design implementation state | High       | Design is routed                               |        |
| Clock nodes activity        | High       | User specified more than 95% of clocks         |        |
| I/O nodes activity          | High       | User specified more than 95% of inputs         |        |
| Internal nodes activity     | High       | User specified more than 25% of internal nodes |        |
| Device models               | High       | Device models are Production                   |        |
|                             |            |                                                |        |
| Overall confidence level    | High       |                                                |        |
+-----------------------------+------------+------------------------------------------------+--------+


2. Settings
-----------

2.1 Environment
---------------

+-----------------------+--------------------------+
| Ambient Temp (C)      | 25.0                     |
| ThetaJA (C/W)         | 3.3                      |
| Airflow (LFM)         | 250                      |
| Heat Sink             | medium (Medium Profile)  |
| ThetaSA (C/W)         | 4.6                      |
| Board Selection       | medium (10"x10")         |
| # of Board Layers     | 12to15 (12 to 15 Layers) |
| Board Temperature (C) | 25.0                     |
+-----------------------+--------------------------+


2.2 Clock Constraints
---------------------

+--------------------+---------------------------------+-----------------+
| Clock              | Domain                          | Constraint (ns) |
+--------------------+---------------------------------+-----------------+
| clk                | clk                             |            10.0 |
| clk_out1_clk_wiz_0 | clk_gen/inst/clk_out1_clk_wiz_0 |            19.4 |
| clkfbout_clk_wiz_0 | clk_gen/inst/clkfbout_clk_wiz_0 |            30.0 |
+--------------------+---------------------------------+-----------------+


3. Detailed Reports
-------------------

3.1 By Hierarchy
----------------

+------------------------+-----------+---------+-----------+------+--------+----------+------------+---------+-----------+-------+---------+------------+--------------+
| Name                   | Power (W) | Clock # | Clock (W) | Io # | Io (W) | Signal # | Signal (W) | Logic # | Logic (W) | Dsp # | Dsp (W) | Clock IP # | Clock IP (W) |
+------------------------+-----------+---------+-----------+------+--------+----------+------------+---------+-----------+-------+---------+------------+--------------+
| RV64IM72F5SPSoCTOP     |     0.234 |       5 |     0.013 |   12 |  0.002 |    11524 |      0.072 |   22658 |     0.030 |     4 |   0.000 |          1 |        0.116 |
|   clk_gen              |     0.117 |       5 |    <0.001 |    1 | <0.001 |        1 |      0.000 |       2 |     0.000 |     0 |   0.000 |          1 |        0.116 |
|     inst               |     0.117 |       5 |    <0.001 |    1 | <0.001 |        1 |      0.000 |       2 |     0.000 |     0 |   0.000 |          1 |        0.116 |
|   rv64im72f_6sp        |     0.115 |       5 |     0.013 |    0 |  0.000 |    11417 |      0.072 |   22517 |     0.030 |     4 |   0.000 |          0 |        0.000 |
|     alu                |     0.002 |       5 |    <0.001 |    0 |  0.000 |     1316 |     <0.001 |    1276 |    <0.001 |     4 |   0.000 |          0 |        0.000 |
|     data_memory        |     0.009 |       5 |     0.008 |    0 |  0.000 |     1184 |     <0.001 |    7584 |    <0.001 |     0 |   0.000 |          0 |        0.000 |
|     ex_ex2_register    |     0.004 |       5 |    <0.001 |    0 |  0.000 |      618 |      0.002 |     894 |    <0.001 |     0 |   0.000 |          0 |        0.000 |
|     ex_mem_register    |     0.073 |       5 |    <0.001 |    0 |  0.000 |     3511 |      0.055 |    5009 |     0.017 |     0 |   0.000 |          0 |        0.000 |
|     id_ex_register     |     0.009 |       5 |    <0.001 |    0 |  0.000 |     1023 |      0.004 |    1497 |     0.004 |     0 |   0.000 |          0 |        0.000 |
|     if_id_register     |     0.002 |       5 |    <0.001 |    0 |  0.000 |      297 |     <0.001 |     567 |    <0.001 |     0 |   0.000 |          0 |        0.000 |
|     instruction_memory |     0.007 |       5 |     0.000 |    0 |  0.000 |     1872 |      0.002 |    3850 |     0.005 |     0 |   0.000 |          0 |        0.000 |
|     mem_wb_register    |     0.002 |       5 |    <0.001 |    0 |  0.000 |      482 |      0.001 |     520 |    <0.001 |     0 |   0.000 |          0 |        0.000 |
|     program_counter    |     0.004 |       5 |    <0.001 |    0 |  0.000 |      273 |      0.004 |     312 |    <0.001 |     0 |   0.000 |          0 |        0.000 |
+------------------------+-----------+---------+-----------+------+--------+----------+------------+---------+-----------+-------+---------+------------+--------------+


