Copyright 1986-2022 Xilinx, Inc. All Rights Reserved. Copyright 2022-2025 Advanced Micro Devices, Inc. All Rights Reserved.
-----------------------------------------------------------------------------------------------------------------------------------------------------------------------------
| Tool Version     : Vivado v.2025.2 (lin64) Build 6299465 Fri Nov 14 12:34:56 MST 2025
| Date             : Tue Sep 22 17:22:11 2026
| Host             : khwl-ThinkPad-X1-Carbon-Gen-13 running 64-bit Ubuntu 24.04.4 LTS
| Command          : report_power -hier all -file /home/khwl/Desktop/RV-IM100/riscof-env/saif_recost/RV32IM_7SP_BRAM_Opt_dhrystone/power_saif_hier.rpt
| Design           : RV32IM72F7SPSoCTOP
| Device           : xc7a200tsbg484-1
| Design State     : routed
| Grade            : commercial
| Process          : typical
| Characterization : Production
-----------------------------------------------------------------------------------------------------------------------------------------------------------------------------

Power Report

Table of Contents
-----------------
1. Summary
1.1 On-Chip Components
1.2 Power Supply Summary
1.3 Confidence Level
2. Settings
2.1 Environment
2.2 Clock Constraints
3. Detailed Reports
3.1 By Hierarchy

1. Summary
----------

+--------------------------+-----------------------------------------------------------------------------------------------------+
| Total On-Chip Power (W)  | 0.321                                                                                               |
| Design Power Budget (W)  | Unspecified*                                                                                        |
| Power Budget Margin (W)  | NA                                                                                                  |
| Dynamic (W)              | 0.169                                                                                               |
| Device Static (W)        | 0.152                                                                                               |
| Effective TJA (C/W)      | 3.3                                                                                                 |
| Max Ambient (C)          | 83.9                                                                                                |
| Junction Temperature (C) | 26.1                                                                                                |
| Confidence Level         | High                                                                                                |
| Setting File             | ---                                                                                                 |
| Simulation Activity File | /home/khwl/Desktop/RV-IM100/riscof-env/saif/RV32IM_7SP_BRAM_Opt_dhrystone/kernel.saif |
| Design Nets Matched      | 79%   (4791/6093)                                                                                   |
+--------------------------+-----------------------------------------------------------------------------------------------------+
* Specify Design Power Budget using, set_operating_conditions -design_power_budget <value in Watts>


1.1 On-Chip Components
----------------------

+--------------------------+-----------+----------+-----------+-----------------+
| On-Chip                  | Power (W) | Used     | Available | Utilization (%) |
+--------------------------+-----------+----------+-----------+-----------------+
| Clocks                   |     0.013 |        8 |       --- |             --- |
| Slice Logic              |     0.008 |     5083 |       --- |             --- |
|   LUT as Logic           |     0.007 |     2670 |    134600 |            1.98 |
|   CARRY4                 |    <0.001 |      186 |     33650 |            0.55 |
|   LUT as Distributed RAM |    <0.001 |       44 |     46200 |            0.10 |
|   Register               |    <0.001 |     1920 |    269200 |            0.71 |
|   Others                 |     0.000 |       33 |       --- |             --- |
| Signals                  |     0.017 |     4615 |       --- |             --- |
| Block RAM                |     0.020 |       10 |       365 |            2.74 |
| PLL                      |     0.109 |        1 |        10 |           10.00 |
| DSPs                     |     0.000 |        4 |       740 |            0.54 |
| I/O                      |     0.003 |       12 |       285 |            4.21 |
| Static Power             |     0.152 |          |           |                 |
| Total                    |     0.321 |          |           |                 |
+--------------------------+-----------+----------+-----------+-----------------+


1.2 Power Supply Summary
------------------------

+-----------+-------------+-----------+-------------+------------+-------------+-------------+------------+
| Source    | Voltage (V) | Total (A) | Dynamic (A) | Static (A) | Powerup (A) | Budget (A)  | Margin (A) |
+-----------+-------------+-----------+-------------+------------+-------------+-------------+------------+
| Vccint    |       1.000 |     0.097 |       0.066 |      0.031 |       NA    | Unspecified | NA         |
| Vccaux    |       1.800 |     0.085 |       0.055 |      0.031 |       NA    | Unspecified | NA         |
| Vcco33    |       3.300 |     0.005 |       0.000 |      0.005 |       NA    | Unspecified | NA         |
| Vcco25    |       2.500 |     0.006 |       0.001 |      0.005 |       NA    | Unspecified | NA         |
| Vcco18    |       1.800 |     0.000 |       0.000 |      0.000 |       NA    | Unspecified | NA         |
| Vcco15    |       1.500 |     0.000 |       0.000 |      0.000 |       NA    | Unspecified | NA         |
| Vcco135   |       1.350 |     0.000 |       0.000 |      0.000 |       NA    | Unspecified | NA         |
| Vcco12    |       1.200 |     0.000 |       0.000 |      0.000 |       NA    | Unspecified | NA         |
| Vccaux_io |       1.800 |     0.000 |       0.000 |      0.000 |       NA    | Unspecified | NA         |
| Vccbram   |       1.000 |     0.003 |       0.002 |      0.001 |       NA    | Unspecified | NA         |
| MGTAVcc   |       1.000 |     0.000 |       0.000 |      0.000 |       NA    | Unspecified | NA         |
| MGTAVtt   |       1.200 |     0.000 |       0.000 |      0.000 |       NA    | Unspecified | NA         |
| Vccadc    |       1.800 |     0.020 |       0.000 |      0.020 |       NA    | Unspecified | NA         |
+-----------+-------------+-----------+-------------+------------+-------------+-------------+------------+


1.3 Confidence Level
--------------------

+-----------------------------+------------+------------------------------------------------+--------+
| User Input Data             | Confidence | Details                                        | Action |
+-----------------------------+------------+------------------------------------------------+--------+
| Design implementation state | High       | Design is routed                               |        |
| Clock nodes activity        | High       | User specified more than 95% of clocks         |        |
| I/O nodes activity          | High       | User specified more than 95% of inputs         |        |
| Internal nodes activity     | High       | User specified more than 25% of internal nodes |        |
| Device models               | High       | Device models are Production                   |        |
|                             |            |                                                |        |
| Overall confidence level    | High       |                                                |        |
+-----------------------------+------------+------------------------------------------------+--------+


2. Settings
-----------

2.1 Environment
---------------

+-----------------------+--------------------------+
| Ambient Temp (C)      | 25.0                     |
| ThetaJA (C/W)         | 3.3                      |
| Airflow (LFM)         | 250                      |
| Heat Sink             | medium (Medium Profile)  |
| ThetaSA (C/W)         | 4.6                      |
| Board Selection       | medium (10"x10")         |
| # of Board Layers     | 12to15 (12 to 15 Layers) |
| Board Temperature (C) | 25.0                     |
+-----------------------+--------------------------+


2.2 Clock Constraints
---------------------

+----------------------+---------------------------------+-----------------+
| Clock                | Domain                          | Constraint (ns) |
+----------------------+---------------------------------+-----------------+
| clk                  | clk                             |            10.0 |
| clk_out1_clk_wiz_0   | clk_gen/inst/clk_out1_clk_wiz_0 |            11.0 |
| clk_out1_clk_wiz_0_1 | clk_gen/inst/clk_out1_clk_wiz_0 |            11.0 |
| clkfbout_clk_wiz_0   | clk_gen/inst/clkfbout_clk_wiz_0 |            10.0 |
| clkfbout_clk_wiz_0_1 | clk_gen/inst/clkfbout_clk_wiz_0 |            10.0 |
| sys_clk_pin          | clk                             |            10.0 |
+----------------------+---------------------------------+-----------------+


3. Detailed Reports
-------------------

3.1 By Hierarchy
----------------

+------------------------+-----------+---------+-----------+------+--------+----------+------------+---------+-----------+--------+----------+-------+---------+------------+--------------+
| Name                   | Power (W) | Clock # | Clock (W) | Io # | Io (W) | Signal # | Signal (W) | Logic # | Logic (W) | Bram # | Bram (W) | Dsp # | Dsp (W) | Clock IP # | Clock IP (W) |
+------------------------+-----------+---------+-----------+------+--------+----------+------------+---------+-----------+--------+----------+-------+---------+------------+--------------+
| RV32IM72F7SPSoCTOP     |     0.169 |       8 |     0.013 |   12 |  0.003 |     4615 |      0.017 |    5083 |     0.008 |     10 |    0.020 |     4 |   0.000 |          1 |        0.109 |
|   clk_gen              |     0.111 |       8 |     0.001 |    1 | <0.001 |        1 |      0.000 |       2 |     0.000 |      0 |    0.000 |     0 |   0.000 |          1 |        0.109 |
|     inst               |     0.111 |       8 |     0.001 |    1 | <0.001 |        1 |      0.000 |       2 |     0.000 |      0 |    0.000 |     0 |   0.000 |          1 |        0.109 |
|   rv32im72f_7sp        |     0.055 |       8 |     0.011 |    0 |  0.000 |     4505 |      0.017 |    4938 |     0.008 |     10 |    0.020 |     4 |   0.000 |          0 |        0.000 |
|     alu                |     0.003 |       8 |     0.002 |    0 |  0.000 |     1187 |     <0.001 |    1173 |    <0.001 |      0 |    0.000 |     4 |   0.000 |          0 |        0.000 |
|       divider_word     |     0.001 |       8 |     0.001 |    0 |  0.000 |      480 |     <0.001 |     651 |    <0.001 |      0 |    0.000 |     0 |   0.000 |          0 |        0.000 |
|       multiplier_word  |     0.001 |       8 |    <0.001 |    0 |  0.000 |      660 |     <0.001 |     504 |    <0.001 |      0 |    0.000 |     4 |   0.000 |          0 |        0.000 |
|     csr_file           |     0.002 |       8 |     0.001 |    0 |  0.000 |      419 |     <0.001 |     406 |    <0.001 |      0 |    0.000 |     0 |   0.000 |          0 |        0.000 |
|     data_memory        |     0.015 |       8 |    <0.001 |    0 |  0.000 |      123 |     <0.001 |      94 |    <0.001 |      8 |    0.013 |     0 |   0.000 |          0 |        0.000 |
|     ex_ex2_register    |     0.007 |       8 |     0.001 |    0 |  0.000 |      698 |      0.004 |     798 |     0.002 |      0 |    0.000 |     0 |   0.000 |          0 |        0.000 |
|     ex_mem_register    |     0.002 |       8 |    <0.001 |    0 |  0.000 |      315 |      0.001 |     325 |    <0.001 |      0 |    0.000 |     0 |   0.000 |          0 |        0.000 |
|     exception_detector |     0.001 |       8 |    <0.001 |    0 |  0.000 |       68 |     <0.001 |      76 |    <0.001 |      0 |    0.000 |     0 |   0.000 |          0 |        0.000 |
|     id_ex_register     |     0.009 |       8 |     0.001 |    0 |  0.000 |      755 |      0.004 |     979 |     0.003 |      0 |    0.000 |     0 |   0.000 |          0 |        0.000 |
|     if_io_register     |     0.001 |       8 |    <0.001 |    0 |  0.000 |      179 |     <0.001 |     184 |    <0.001 |      0 |    0.000 |     0 |   0.000 |          0 |        0.000 |
|     instruction_memory |     0.007 |       8 |    <0.001 |    0 |  0.000 |       64 |     <0.001 |       2 |     0.000 |      2 |    0.006 |     0 |   0.000 |          0 |        0.000 |
|     io_id_register     |     0.003 |       8 |    <0.001 |    0 |  0.000 |      208 |      0.001 |     312 |    <0.001 |      0 |    0.000 |     0 |   0.000 |          0 |        0.000 |
|     mem_wb_register    |     0.002 |       8 |    <0.001 |    0 |  0.000 |      150 |     <0.001 |     150 |    <0.001 |      0 |    0.000 |     0 |   0.000 |          0 |        0.000 |
+------------------------+-----------+---------+-----------+------+--------+----------+------------+---------+-----------+--------+----------+-------+---------+------------+--------------+


