Copyright 1986-2022 Xilinx, Inc. All Rights Reserved. Copyright 2022-2025 Advanced Micro Devices, Inc. All Rights Reserved.
---------------------------------------------------------------------------------------------------------------------------------------------
| Tool Version : Vivado v.2025.2 (lin64) Build 6299465 Fri Nov 14 12:34:56 MST 2025
| Date         : Tue Sep 15 18:34:44 2026
| Host         : khwl-ThinkPad-X1-Carbon-Gen-13 running 64-bit Ubuntu 24.04.4 LTS
| Command      : report_control_sets -verbose -file RV32I46F5SPMMIOSoCTOP_control_sets_placed.rpt
| Design       : RV32I46F5SPMMIOSoCTOP
| Device       : xc7a200t
---------------------------------------------------------------------------------------------------------------------------------------------

Control Set Information

Table of Contents
-----------------
1. Summary
2. Histogram
3. Flip-Flop Distribution
4. Detailed Control Set Information

1. Summary
----------

+----------------------------------------------------------+-------+
|                          Status                          | Count |
+----------------------------------------------------------+-------+
| Total control sets                                       |    48 |
|    Minimum number of control sets                        |    48 |
|    Addition due to synthesis replication                 |     0 |
|    Addition due to physical synthesis replication        |     0 |
| Unused register locations in slices containing registers |    38 |
+----------------------------------------------------------+-------+
* Control sets can be merged at opt_design using control_set_merge or merge_equivalent_drivers
** Run report_qor_suggestions for automated merging and remapping suggestions


2. Histogram
------------

+--------------------+-------+
|       Fanout       | Count |
+--------------------+-------+
| Total control sets |    48 |
| >= 0 to < 4        |     2 |
| >= 4 to < 6        |     1 |
| >= 6 to < 8        |     0 |
| >= 8 to < 10       |     3 |
| >= 10 to < 12      |     0 |
| >= 12 to < 14      |     0 |
| >= 14 to < 16      |     0 |
| >= 16              |    42 |
+--------------------+-------+
* Control sets can be remapped at either synth_design or opt_design


3. Flip-Flop Distribution
-------------------------

+--------------+-----------------------+------------------------+-----------------+--------------+
| Clock Enable | Synchronous Set/Reset | Asynchronous Set/Reset | Total Registers | Total Slices |
+--------------+-----------------------+------------------------+-----------------+--------------+
| No           | No                    | No                     |               0 |            0 |
| No           | No                    | Yes                    |              35 |           16 |
| No           | Yes                   | No                     |               0 |            0 |
| Yes          | No                    | No                     |               0 |            0 |
| Yes          | No                    | Yes                    |            1631 |          751 |
| Yes          | Yes                   | No                     |               0 |            0 |
+--------------+-----------------------+------------------------+-----------------+--------------+


4. Detailed Control Set Information
-----------------------------------

+------------------------+-------------------------------------------------------------------+------------------+------------------+----------------+--------------+
|      Clock Signal      |                           Enable Signal                           | Set/Reset Signal | Slice Load Count | Bel Load Count | Bels / Slice |
+------------------------+-------------------------------------------------------------------+------------------+------------------+----------------+--------------+
|  clk_gen/inst/clk_out1 | uart_tx/tx_i_1_n_0                                                | internal_reset   |                1 |              1 |         1.00 |
|  clk_gen/inst/clk_out1 |                                                                   | reset            |                1 |              3 |         3.00 |
|  clk_gen/inst/clk_out1 | uart_tx/bit_counter[3]_i_1_n_0                                    | internal_reset   |                1 |              4 |         4.00 |
|  clk_gen/inst/clk_out1 | rv32i46f_5sp_mmio/mem_wb_register/WB_alu_result_reg[19]_0[0]      | internal_reset   |                2 |              8 |         4.00 |
|  clk_gen/inst/clk_out1 | mmio_interface/mmio_uart_tx_start_reg_0[0]                        | internal_reset   |                5 |              9 |         1.80 |
|  clk_gen/inst/clk_out1 | uart_tx/shift_reg[8]_i_1_n_0                                      | internal_reset   |                4 |              9 |         2.25 |
|  clk_gen/inst/clk_out1 |                                                                   | internal_reset   |               15 |             32 |         2.13 |
|  clk_gen/inst/clk_out1 | rv32i46f_5sp_mmio/exception_detector/E[0]                         | internal_reset   |                9 |             32 |         3.56 |
|  clk_gen/inst/clk_out1 | rv32i46f_5sp_mmio/exception_detector/cpu_clk_enable_reg[0]        | internal_reset   |               16 |             32 |         2.00 |
|  clk_gen/inst/clk_out1 | rv32i46f_5sp_mmio/mem_wb_register/WB_raw_imm_reg[4]_0[0]          | internal_reset   |               10 |             32 |         3.20 |
|  clk_gen/inst/clk_out1 | rv32i46f_5sp_mmio/mem_wb_register/WB_raw_imm_reg[7]_0[0]          | internal_reset   |                7 |             32 |         4.57 |
|  clk_gen/inst/clk_out1 | rv32i46f_5sp_mmio/csr_file/minstret[0]                            | internal_reset   |               17 |             64 |         3.76 |
|  clk_gen/inst/clk_out1 | rv32i46f_5sp_mmio/mem_wb_register/p_0_in2_out                     |                  |               11 |             88 |         8.00 |
|  clk_gen/inst/clk_out1 | rv32i46f_5sp_mmio/ex_mem_register/MEM_alu_result_reg[14]_3        |                  |               32 |            128 |         4.00 |
|  clk_gen/inst/clk_out1 | rv32i46f_5sp_mmio/ex_mem_register/MEM_alu_result_reg[14]_2        |                  |               32 |            128 |         4.00 |
|  clk_gen/inst/clk_out1 | rv32i46f_5sp_mmio/ex_mem_register/MEM_alu_result_reg[14]_1        |                  |               32 |            128 |         4.00 |
|  clk_gen/inst/clk_out1 | rv32i46f_5sp_mmio/ex_mem_register/MEM_alu_result_reg[14]_0        |                  |               32 |            128 |         4.00 |
|  clk_gen/inst/clk_out1 | rv32i46f_5sp_mmio/ex_mem_register/MEM_alu_result_reg[13]_5        |                  |               32 |            128 |         4.00 |
|  clk_gen/inst/clk_out1 | rv32i46f_5sp_mmio/ex_mem_register/MEM_alu_result_reg[13]_4        |                  |               32 |            128 |         4.00 |
|  clk_gen/inst/clk_out1 | rv32i46f_5sp_mmio/ex_mem_register/MEM_alu_result_reg[13]_3        |                  |               32 |            128 |         4.00 |
|  clk_gen/inst/clk_out1 | rv32i46f_5sp_mmio/ex_mem_register/MEM_alu_result_reg[13]_2        |                  |               32 |            128 |         4.00 |
|  clk_gen/inst/clk_out1 | rv32i46f_5sp_mmio/ex_mem_register/MEM_alu_result_reg[13]_1        |                  |               32 |            128 |         4.00 |
|  clk_gen/inst/clk_out1 | rv32i46f_5sp_mmio/ex_mem_register/MEM_alu_result_reg[13]_0        |                  |               32 |            128 |         4.00 |
|  clk_gen/inst/clk_out1 | rv32i46f_5sp_mmio/ex_mem_register/MEM_alu_result_reg[12]_rep_8    |                  |               32 |            128 |         4.00 |
|  clk_gen/inst/clk_out1 | rv32i46f_5sp_mmio/ex_mem_register/MEM_alu_result_reg[12]_rep_7    |                  |               32 |            128 |         4.00 |
|  clk_gen/inst/clk_out1 | rv32i46f_5sp_mmio/ex_mem_register/MEM_alu_result_reg[12]_rep_5    |                  |               32 |            128 |         4.00 |
|  clk_gen/inst/clk_out1 | rv32i46f_5sp_mmio/ex_mem_register/MEM_alu_result_reg[10]_rep__2_1 |                  |               32 |            128 |         4.00 |
|  clk_gen/inst/clk_out1 | rv32i46f_5sp_mmio/ex_mem_register/MEM_alu_result_reg[10]_rep__2_2 |                  |               32 |            128 |         4.00 |
|  clk_gen/inst/clk_out1 | rv32i46f_5sp_mmio/ex_mem_register/MEM_alu_result_reg[10]_rep__2_3 |                  |               32 |            128 |         4.00 |
|  clk_gen/inst/clk_out1 | rv32i46f_5sp_mmio/ex_mem_register/MEM_alu_result_reg[10]_rep__2_4 |                  |               32 |            128 |         4.00 |
|  clk_gen/inst/clk_out1 | rv32i46f_5sp_mmio/ex_mem_register/MEM_alu_result_reg[10]_rep__2_5 |                  |               32 |            128 |         4.00 |
|  clk_gen/inst/clk_out1 | rv32i46f_5sp_mmio/ex_mem_register/MEM_alu_result_reg[10]_rep__2_6 |                  |               32 |            128 |         4.00 |
|  clk_gen/inst/clk_out1 | rv32i46f_5sp_mmio/ex_mem_register/MEM_alu_result_reg[11]_rep__1_1 |                  |               32 |            128 |         4.00 |
|  clk_gen/inst/clk_out1 | rv32i46f_5sp_mmio/ex_mem_register/MEM_alu_result_reg[11]_rep__1_2 |                  |               32 |            128 |         4.00 |
|  clk_gen/inst/clk_out1 | rv32i46f_5sp_mmio/ex_mem_register/MEM_alu_result_reg[11]_rep__1_3 |                  |               32 |            128 |         4.00 |
|  clk_gen/inst/clk_out1 | rv32i46f_5sp_mmio/ex_mem_register/MEM_alu_result_reg[11]_rep__1_4 |                  |               32 |            128 |         4.00 |
|  clk_gen/inst/clk_out1 | rv32i46f_5sp_mmio/ex_mem_register/MEM_alu_result_reg[11]_rep__1_5 |                  |               32 |            128 |         4.00 |
|  clk_gen/inst/clk_out1 | rv32i46f_5sp_mmio/ex_mem_register/MEM_alu_result_reg[11]_rep__1_6 |                  |               32 |            128 |         4.00 |
|  clk_gen/inst/clk_out1 | rv32i46f_5sp_mmio/ex_mem_register/MEM_alu_result_reg[11]_rep__1_7 |                  |               32 |            128 |         4.00 |
|  clk_gen/inst/clk_out1 | rv32i46f_5sp_mmio/ex_mem_register/MEM_alu_result_reg[11]_rep__1_8 |                  |               32 |            128 |         4.00 |
|  clk_gen/inst/clk_out1 | rv32i46f_5sp_mmio/ex_mem_register/MEM_alu_result_reg[12]_rep_1    |                  |               32 |            128 |         4.00 |
|  clk_gen/inst/clk_out1 | rv32i46f_5sp_mmio/ex_mem_register/MEM_alu_result_reg[12]_rep_2    |                  |               32 |            128 |         4.00 |
|  clk_gen/inst/clk_out1 | rv32i46f_5sp_mmio/ex_mem_register/MEM_alu_result_reg[12]_rep_3    |                  |               32 |            128 |         4.00 |
|  clk_gen/inst/clk_out1 | rv32i46f_5sp_mmio/ex_mem_register/MEM_alu_result_reg[12]_rep_4    |                  |               32 |            128 |         4.00 |
|  clk_gen/inst/clk_out1 | rv32i46f_5sp_mmio/ex_mem_register/MEM_alu_result_reg[12]_rep_6    |                  |               32 |            128 |         4.00 |
|  clk_gen/inst/clk_out1 | cpu_clk_enable                                                    | internal_reset   |              130 |            303 |         2.33 |
|  clk_gen/inst/clk_out1 | rv32i46f_5sp_mmio/trap_controller/E[0]                            | internal_reset   |              129 |            374 |         2.90 |
|  clk_gen/inst/clk_out1 | rv32i46f_5sp_mmio/trap_controller/cpu_clk_enable_reg[0]           | internal_reset   |              420 |            731 |         1.74 |
+------------------------+-------------------------------------------------------------------+------------------+------------------+----------------+--------------+


