Archive member included to satisfy reference by file (symbol)

/home/khwl/riscv/lib/gcc/riscv64-unknown-elf/15.2.0/rv64im/lp64/libgcc.a(divsf3.o)
                              dhry_1.o (__divsf3)
/home/khwl/riscv/lib/gcc/riscv64-unknown-elf/15.2.0/rv64im/lp64/libgcc.a(mulsf3.o)
                              dhry_1.o (__mulsf3)
/home/khwl/riscv/lib/gcc/riscv64-unknown-elf/15.2.0/rv64im/lp64/libgcc.a(fixsfsi.o)
                              dhry_1.o (__fixsfsi)
/home/khwl/riscv/lib/gcc/riscv64-unknown-elf/15.2.0/rv64im/lp64/libgcc.a(floatdisf.o)
                              dhry_1.o (__floatdisf)
/home/khwl/riscv/lib/gcc/riscv64-unknown-elf/15.2.0/rv64im/lp64/libgcc.a(_clzsi2.o)
                              /home/khwl/riscv/lib/gcc/riscv64-unknown-elf/15.2.0/rv64im/lp64/libgcc.a(divsf3.o) (__clzdi2)
/home/khwl/riscv/lib/gcc/riscv64-unknown-elf/15.2.0/rv64im/lp64/libgcc.a(_clz.o)
                              /home/khwl/riscv/lib/gcc/riscv64-unknown-elf/15.2.0/rv64im/lp64/libgcc.a(_clzsi2.o) (__clz_tab)

Discarded input sections

 .text          0x0000000000000000        0x0 crt0.o
 .data          0x0000000000000000        0x0 crt0.o
 .bss           0x0000000000000000        0x0 crt0.o
 .data          0x0000000000000000        0x0 strcmp.o
 .bss           0x0000000000000000        0x0 strcmp.o
 .text          0x0000000000000000        0x0 dhry_1.o
 .data          0x0000000000000000        0x0 dhry_1.o
 .bss           0x0000000000000000        0x0 dhry_1.o
 .text.Proc_2   0x0000000000000000       0x30 dhry_1.o
 .text.Proc_3   0x0000000000000000       0x34 dhry_1.o
 .text.Proc_4   0x0000000000000000       0x34 dhry_1.o
 .text.Proc_5   0x0000000000000000       0x18 dhry_1.o
 .text          0x0000000000000000        0x0 dhry_2.o
 .data          0x0000000000000000        0x0 dhry_2.o
 .bss           0x0000000000000000        0x0 dhry_2.o
 .text.Func_3   0x0000000000000000        0xc dhry_2.o
 .text          0x0000000000000000        0x0 syscalls.o
 .data          0x0000000000000000        0x0 syscalls.o
 .bss           0x0000000000000000        0x0 syscalls.o
 .text          0x0000000000000000        0x0 mini_libc.o
 .data          0x0000000000000000        0x0 mini_libc.o
 .bss           0x0000000000000000        0x0 mini_libc.o
 .text.free     0x0000000000000000        0x4 mini_libc.o
 .text.putchar  0x0000000000000000       0x30 mini_libc.o
 .text.puts     0x0000000000000000       0x2c mini_libc.o
 .data          0x0000000000000000        0x0 /home/khwl/riscv/lib/gcc/riscv64-unknown-elf/15.2.0/rv64im/lp64/libgcc.a(divsf3.o)
 .bss           0x0000000000000000        0x0 /home/khwl/riscv/lib/gcc/riscv64-unknown-elf/15.2.0/rv64im/lp64/libgcc.a(divsf3.o)
 .data          0x0000000000000000        0x0 /home/khwl/riscv/lib/gcc/riscv64-unknown-elf/15.2.0/rv64im/lp64/libgcc.a(mulsf3.o)
 .bss           0x0000000000000000        0x0 /home/khwl/riscv/lib/gcc/riscv64-unknown-elf/15.2.0/rv64im/lp64/libgcc.a(mulsf3.o)
 .data          0x0000000000000000        0x0 /home/khwl/riscv/lib/gcc/riscv64-unknown-elf/15.2.0/rv64im/lp64/libgcc.a(fixsfsi.o)
 .bss           0x0000000000000000        0x0 /home/khwl/riscv/lib/gcc/riscv64-unknown-elf/15.2.0/rv64im/lp64/libgcc.a(fixsfsi.o)
 .data          0x0000000000000000        0x0 /home/khwl/riscv/lib/gcc/riscv64-unknown-elf/15.2.0/rv64im/lp64/libgcc.a(floatdisf.o)
 .bss           0x0000000000000000        0x0 /home/khwl/riscv/lib/gcc/riscv64-unknown-elf/15.2.0/rv64im/lp64/libgcc.a(floatdisf.o)
 .data          0x0000000000000000        0x0 /home/khwl/riscv/lib/gcc/riscv64-unknown-elf/15.2.0/rv64im/lp64/libgcc.a(_clzsi2.o)
 .bss           0x0000000000000000        0x0 /home/khwl/riscv/lib/gcc/riscv64-unknown-elf/15.2.0/rv64im/lp64/libgcc.a(_clzsi2.o)
 .text          0x0000000000000000        0x0 /home/khwl/riscv/lib/gcc/riscv64-unknown-elf/15.2.0/rv64im/lp64/libgcc.a(_clz.o)
 .data          0x0000000000000000        0x0 /home/khwl/riscv/lib/gcc/riscv64-unknown-elf/15.2.0/rv64im/lp64/libgcc.a(_clz.o)
 .bss           0x0000000000000000        0x0 /home/khwl/riscv/lib/gcc/riscv64-unknown-elf/15.2.0/rv64im/lp64/libgcc.a(_clz.o)

Memory Configuration

Name             Origin             Length             Attributes
ROM              0x0000000000000000 0x0000000000010000 xr
RAM              0x0000000010000000 0x0000000000008000 xrw
*default*        0x0000000000000000 0xffffffffffffffff

Linker script and memory map

                0x0000000000000800                __stack_size = 0x800
                0x0000000000001000                __heap_size = 0x1000
LOAD crt0.o
LOAD strcmp.o
LOAD dhry_1.o
LOAD dhry_2.o
LOAD syscalls.o
LOAD mini_libc.o
LOAD /home/khwl/riscv/lib/gcc/riscv64-unknown-elf/15.2.0/rv64im/lp64/libgcc.a
                0x0000000000000800                __stack_size = DEFINED (__stack_size)?__stack_size:0x800
                0x0000000000001000                __heap_size = DEFINED (__heap_size)?__heap_size:0x1000

.text           0x0000000000000000     0x1630
 *(.text.init)
 .text.init     0x0000000000000000       0x78 crt0.o
                0x0000000000000000                _start
                0x0000000000000074                _exit
 *(.text.unlikely .text.unlikely.*)
 *(.text.startup .text.startup.*)
 .text.startup.main
                0x0000000000000078      0x6a4 dhry_1.o
                0x0000000000000078                main
 *(.text .text.*)
 .text          0x000000000000071c      0x12c strcmp.o
                0x000000000000071c                strcmp
 .text.Proc_1   0x0000000000000848      0x134 dhry_1.o
                0x0000000000000848                Proc_1
 .text.Proc_6   0x000000000000097c       0x50 dhry_2.o
                0x000000000000097c                Proc_6
 .text.Proc_7   0x00000000000009cc       0x10 dhry_2.o
                0x00000000000009cc                Proc_7
 .text.Proc_8   0x00000000000009dc       0x60 dhry_2.o
                0x00000000000009dc                Proc_8
 .text.Func_1   0x0000000000000a3c       0x20 dhry_2.o
                0x0000000000000a3c                Func_1
 .text.Func_2   0x0000000000000a5c       0x40 dhry_2.o
                0x0000000000000a5c                Func_2
 .text.uart_putchar
                0x0000000000000a9c       0x24 syscalls.o
                0x0000000000000a9c                uart_putchar
 .text.uart_puts
                0x0000000000000ac0       0x5c syscalls.o
                0x0000000000000ac0                uart_puts
 .text.times    0x0000000000000b1c       0x20 syscalls.o
                0x0000000000000b1c                times
 .text.out_uint
                0x0000000000000b3c       0x9c mini_libc.o
 .text.malloc   0x0000000000000bd8       0x74 mini_libc.o
                0x0000000000000bd8                malloc
 .text.strcpy   0x0000000000000c4c       0x1c mini_libc.o
                0x0000000000000c4c                strcpy
 .text.printf   0x0000000000000c68      0x288 mini_libc.o
                0x0000000000000c68                printf
 .text          0x0000000000000ef0      0x29c /home/khwl/riscv/lib/gcc/riscv64-unknown-elf/15.2.0/rv64im/lp64/libgcc.a(divsf3.o)
                0x0000000000000ef0                __divsf3
 .text          0x000000000000118c      0x2cc /home/khwl/riscv/lib/gcc/riscv64-unknown-elf/15.2.0/rv64im/lp64/libgcc.a(mulsf3.o)
                0x000000000000118c                __mulsf3
 .text          0x0000000000001458       0x7c /home/khwl/riscv/lib/gcc/riscv64-unknown-elf/15.2.0/rv64im/lp64/libgcc.a(fixsfsi.o)
                0x0000000000001458                __fixsfsi
 .text          0x00000000000014d4      0x11c /home/khwl/riscv/lib/gcc/riscv64-unknown-elf/15.2.0/rv64im/lp64/libgcc.a(floatdisf.o)
                0x00000000000014d4                __floatdisf
 .text          0x00000000000015f0       0x40 /home/khwl/riscv/lib/gcc/riscv64-unknown-elf/15.2.0/rv64im/lp64/libgcc.a(_clzsi2.o)
                0x00000000000015f0                __clzdi2
 *(.gnu.linkonce.t.*)

.rodata         0x0000000000001630      0x838
 *(.rdata)
 *(.rodata .rodata.*)
 .rodata.main.str1.8
                0x0000000000001630      0x667 dhry_1.o
                                        0x625 (size before relaxing)
 .rodata.out_uint.str1.8
                0x0000000000001c97        0x0 mini_libc.o
                                         0x29 (size before relaxing)
 .rodata.printf.str1.8
                0x0000000000001c97        0x0 mini_libc.o
                                          0x7 (size before relaxing)
 *fill*         0x0000000000001c97        0x1 
 .rodata.printf
                0x0000000000001c98       0x84 mini_libc.o
 .rodata        0x0000000000001d1c       0x3c /home/khwl/riscv/lib/gcc/riscv64-unknown-elf/15.2.0/rv64im/lp64/libgcc.a(divsf3.o)
 .rodata        0x0000000000001d58      0x100 /home/khwl/riscv/lib/gcc/riscv64-unknown-elf/15.2.0/rv64im/lp64/libgcc.a(_clz.o)
                0x0000000000001d58                __clz_tab
 *(.gnu.linkonce.r.*)
 *(.srodata.cst16)
 *(.srodata.cst8)
 .srodata.cst8  0x0000000000001e58        0x8 strcmp.o
 *(.srodata.cst4)
 .srodata.cst4  0x0000000000001e60        0x8 dhry_1.o
 *(.srodata.cst2)
 *(.srodata .srodata.*)

.rela.dyn       0x0000000000001e68        0x0
 .rela.text.init
                0x0000000000001e68        0x0 crt0.o
 .rela.text.malloc
                0x0000000000001e68        0x0 crt0.o

.srodata
 *(.srodata .srodata.*)
                0x0000000000001e68                _etext = .
                [!provide]                        PROVIDE (etext = .)

.data           0x0000000010000000        0x0 load address 0x0000000000001e68
                0x0000000010000000                _data_start = .
                0x0000000010000000                __DATA_BEGIN__ = .
 *(.data .data.*)
 *(.gnu.linkonce.d.*)
                0x0000000010000000                . = ALIGN (0x8)
                0x0000000010000800                PROVIDE (__global_pointer$ = (. + 0x800))
 *(.sdata .sdata.*)
 *(.sdata2 .sdata2.*)
 *(.gnu.linkonce.s.*)
                0x0000000010000000                . = ALIGN (0x8)
                0x0000000010000000                _data_end = .
                0x0000000000001e68                _data_load = LOADADDR (.data)

.bss            0x0000000010000000     0x2840 load address 0x0000000000001e68
                0x0000000010000000                _bss_start = .
                0x0000000010000000                __BSS_START__ = .
 *(.sbss .sbss.*)
 .sbss.Dhrystones_Per_Second
                0x0000000010000000        0x4 dhry_1.o
                0x0000000010000000                Dhrystones_Per_Second
 .sbss.Microseconds
                0x0000000010000004        0x4 dhry_1.o
                0x0000000010000004                Microseconds
 .sbss.User_Time
                0x0000000010000008        0x8 dhry_1.o
                0x0000000010000008                User_Time
 .sbss.End_Time
                0x0000000010000010        0x8 dhry_1.o
                0x0000000010000010                End_Time
 .sbss.Begin_Time
                0x0000000010000018        0x8 dhry_1.o
                0x0000000010000018                Begin_Time
 .sbss.Reg      0x0000000010000020        0x4 dhry_1.o
                0x0000000010000020                Reg
 .sbss.Ch_2_Glob
                0x0000000010000024        0x1 dhry_1.o
                0x0000000010000024                Ch_2_Glob
 .sbss.Ch_1_Glob
                0x0000000010000025        0x1 dhry_1.o
                0x0000000010000025                Ch_1_Glob
 *fill*         0x0000000010000026        0x2 
 .sbss.Bool_Glob
                0x0000000010000028        0x4 dhry_1.o
                0x0000000010000028                Bool_Glob
 .sbss.Int_Glob
                0x000000001000002c        0x4 dhry_1.o
                0x000000001000002c                Int_Glob
 .sbss.Next_Ptr_Glob
                0x0000000010000030        0x8 dhry_1.o
                0x0000000010000030                Next_Ptr_Glob
 .sbss.Ptr_Glob
                0x0000000010000038        0x8 dhry_1.o
                0x0000000010000038                Ptr_Glob
 .sbss.g_brk    0x0000000010000040        0x8 mini_libc.o
 *(.gnu.linkonce.sb.*)
 *(.bss .bss.*)
 .bss.time_info
                0x0000000010000048       0x20 dhry_1.o
                0x0000000010000048                time_info
 .bss.Arr_2_Glob
                0x0000000010000068     0x2710 dhry_1.o
                0x0000000010000068                Arr_2_Glob
 .bss.Arr_1_Glob
                0x0000000010002778       0xc8 dhry_1.o
                0x0000000010002778                Arr_1_Glob
 *(.gnu.linkonce.b.*)
 *(COMMON)
                0x0000000010002840                . = ALIGN (0x8)
                0x0000000010002840                _bss_end = .
                0x0000000010002840                __BSS_END__ = .

.heap           0x0000000010002840     0x1000 load address 0x0000000000001e68
                [!provide]                        PROVIDE (__heap_start = .)
                0x0000000010002840                PROVIDE (_heap_start = .)
                0x0000000010003840                . = (. + __heap_size)
 *fill*         0x0000000010002840     0x1000 
                [!provide]                        PROVIDE (__heap_end = .)
                0x0000000010003840                PROVIDE (_heap_end = .)

.stack          0x0000000010003840      0x800 load address 0x0000000000001e70
                [!provide]                        PROVIDE (__stack_bottom = .)
                0x0000000010004040                . = (. + __stack_size)
 *fill*         0x0000000010003840      0x800 
                0x0000000010004040                PROVIDE (__stack_top = .)
                [!provide]                        PROVIDE (_sp = .)
                0x0000000010004040                _end = .
                [!provide]                        PROVIDE (end = .)
OUTPUT(dhrystone.elf elf64-littleriscv)

.riscv.attributes
                0x0000000000000000       0x37
 .riscv.attributes
                0x0000000000000000       0x35 crt0.o
 .riscv.attributes
                0x0000000000000035       0x31 strcmp.o
 .riscv.attributes
                0x0000000000000066       0x33 dhry_1.o
 .riscv.attributes
                0x0000000000000099       0x33 dhry_2.o
 .riscv.attributes
                0x00000000000000cc       0x37 syscalls.o
 .riscv.attributes
                0x0000000000000103       0x33 mini_libc.o
 .riscv.attributes
                0x0000000000000136       0x2a /home/khwl/riscv/lib/gcc/riscv64-unknown-elf/15.2.0/rv64im/lp64/libgcc.a(divsf3.o)
 .riscv.attributes
                0x0000000000000160       0x2a /home/khwl/riscv/lib/gcc/riscv64-unknown-elf/15.2.0/rv64im/lp64/libgcc.a(mulsf3.o)
 .riscv.attributes
                0x000000000000018a       0x2a /home/khwl/riscv/lib/gcc/riscv64-unknown-elf/15.2.0/rv64im/lp64/libgcc.a(fixsfsi.o)
 .riscv.attributes
                0x00000000000001b4       0x2a /home/khwl/riscv/lib/gcc/riscv64-unknown-elf/15.2.0/rv64im/lp64/libgcc.a(floatdisf.o)
 .riscv.attributes
                0x00000000000001de       0x2a /home/khwl/riscv/lib/gcc/riscv64-unknown-elf/15.2.0/rv64im/lp64/libgcc.a(_clzsi2.o)
 .riscv.attributes
                0x0000000000000208       0x2a /home/khwl/riscv/lib/gcc/riscv64-unknown-elf/15.2.0/rv64im/lp64/libgcc.a(_clz.o)

.comment        0x0000000000000000        0xf
 .comment       0x0000000000000000        0xf dhry_1.o
                                         0x10 (size before relaxing)
 .comment       0x000000000000000f        0x0 dhry_2.o
                                         0x10 (size before relaxing)
 .comment       0x000000000000000f        0x0 syscalls.o
                                         0x10 (size before relaxing)
 .comment       0x000000000000000f        0x0 mini_libc.o
                                         0x10 (size before relaxing)
 .comment       0x000000000000000f        0x0 /home/khwl/riscv/lib/gcc/riscv64-unknown-elf/15.2.0/rv64im/lp64/libgcc.a(divsf3.o)
                                         0x10 (size before relaxing)
 .comment       0x000000000000000f        0x0 /home/khwl/riscv/lib/gcc/riscv64-unknown-elf/15.2.0/rv64im/lp64/libgcc.a(mulsf3.o)
                                         0x10 (size before relaxing)
 .comment       0x000000000000000f        0x0 /home/khwl/riscv/lib/gcc/riscv64-unknown-elf/15.2.0/rv64im/lp64/libgcc.a(fixsfsi.o)
                                         0x10 (size before relaxing)
 .comment       0x000000000000000f        0x0 /home/khwl/riscv/lib/gcc/riscv64-unknown-elf/15.2.0/rv64im/lp64/libgcc.a(floatdisf.o)
                                         0x10 (size before relaxing)
 .comment       0x000000000000000f        0x0 /home/khwl/riscv/lib/gcc/riscv64-unknown-elf/15.2.0/rv64im/lp64/libgcc.a(_clzsi2.o)
                                         0x10 (size before relaxing)
 .comment       0x000000000000000f        0x0 /home/khwl/riscv/lib/gcc/riscv64-unknown-elf/15.2.0/rv64im/lp64/libgcc.a(_clz.o)
                                         0x10 (size before relaxing)

.note.GNU-stack
                0x0000000000000000        0x0
 .note.GNU-stack
                0x0000000000000000        0x0 dhry_1.o
 .note.GNU-stack
                0x0000000000000000        0x0 dhry_2.o
 .note.GNU-stack
                0x0000000000000000        0x0 syscalls.o
 .note.GNU-stack
                0x0000000000000000        0x0 mini_libc.o
 .note.GNU-stack
                0x0000000000000000        0x0 /home/khwl/riscv/lib/gcc/riscv64-unknown-elf/15.2.0/rv64im/lp64/libgcc.a(divsf3.o)
 .note.GNU-stack
                0x0000000000000000        0x0 /home/khwl/riscv/lib/gcc/riscv64-unknown-elf/15.2.0/rv64im/lp64/libgcc.a(mulsf3.o)
 .note.GNU-stack
                0x0000000000000000        0x0 /home/khwl/riscv/lib/gcc/riscv64-unknown-elf/15.2.0/rv64im/lp64/libgcc.a(fixsfsi.o)
 .note.GNU-stack
                0x0000000000000000        0x0 /home/khwl/riscv/lib/gcc/riscv64-unknown-elf/15.2.0/rv64im/lp64/libgcc.a(floatdisf.o)
 .note.GNU-stack
                0x0000000000000000        0x0 /home/khwl/riscv/lib/gcc/riscv64-unknown-elf/15.2.0/rv64im/lp64/libgcc.a(_clzsi2.o)
 .note.GNU-stack
                0x0000000000000000        0x0 /home/khwl/riscv/lib/gcc/riscv64-unknown-elf/15.2.0/rv64im/lp64/libgcc.a(_clz.o)

.debug_info     0x0000000000000000      0xd11
 .debug_info    0x0000000000000000      0x342 /home/khwl/riscv/lib/gcc/riscv64-unknown-elf/15.2.0/rv64im/lp64/libgcc.a(divsf3.o)
 .debug_info    0x0000000000000342      0x308 /home/khwl/riscv/lib/gcc/riscv64-unknown-elf/15.2.0/rv64im/lp64/libgcc.a(mulsf3.o)
 .debug_info    0x000000000000064a      0x1ed /home/khwl/riscv/lib/gcc/riscv64-unknown-elf/15.2.0/rv64im/lp64/libgcc.a(fixsfsi.o)
 .debug_info    0x0000000000000837      0x250 /home/khwl/riscv/lib/gcc/riscv64-unknown-elf/15.2.0/rv64im/lp64/libgcc.a(floatdisf.o)
 .debug_info    0x0000000000000a87      0x186 /home/khwl/riscv/lib/gcc/riscv64-unknown-elf/15.2.0/rv64im/lp64/libgcc.a(_clzsi2.o)
 .debug_info    0x0000000000000c0d      0x104 /home/khwl/riscv/lib/gcc/riscv64-unknown-elf/15.2.0/rv64im/lp64/libgcc.a(_clz.o)

.debug_abbrev   0x0000000000000000      0x6f5
 .debug_abbrev  0x0000000000000000      0x16b /home/khwl/riscv/lib/gcc/riscv64-unknown-elf/15.2.0/rv64im/lp64/libgcc.a(divsf3.o)
 .debug_abbrev  0x000000000000016b      0x160 /home/khwl/riscv/lib/gcc/riscv64-unknown-elf/15.2.0/rv64im/lp64/libgcc.a(mulsf3.o)
 .debug_abbrev  0x00000000000002cb      0x15b /home/khwl/riscv/lib/gcc/riscv64-unknown-elf/15.2.0/rv64im/lp64/libgcc.a(fixsfsi.o)
 .debug_abbrev  0x0000000000000426      0x180 /home/khwl/riscv/lib/gcc/riscv64-unknown-elf/15.2.0/rv64im/lp64/libgcc.a(floatdisf.o)
 .debug_abbrev  0x00000000000005a6       0xd9 /home/khwl/riscv/lib/gcc/riscv64-unknown-elf/15.2.0/rv64im/lp64/libgcc.a(_clzsi2.o)
 .debug_abbrev  0x000000000000067f       0x76 /home/khwl/riscv/lib/gcc/riscv64-unknown-elf/15.2.0/rv64im/lp64/libgcc.a(_clz.o)

.debug_loclists
                0x0000000000000000      0xb85
 .debug_loclists
                0x0000000000000000      0x44c /home/khwl/riscv/lib/gcc/riscv64-unknown-elf/15.2.0/rv64im/lp64/libgcc.a(divsf3.o)
 .debug_loclists
                0x000000000000044c      0x3dc /home/khwl/riscv/lib/gcc/riscv64-unknown-elf/15.2.0/rv64im/lp64/libgcc.a(mulsf3.o)
 .debug_loclists
                0x0000000000000828       0xdf /home/khwl/riscv/lib/gcc/riscv64-unknown-elf/15.2.0/rv64im/lp64/libgcc.a(fixsfsi.o)
 .debug_loclists
                0x0000000000000907      0x214 /home/khwl/riscv/lib/gcc/riscv64-unknown-elf/15.2.0/rv64im/lp64/libgcc.a(floatdisf.o)
 .debug_loclists
                0x0000000000000b1b       0x6a /home/khwl/riscv/lib/gcc/riscv64-unknown-elf/15.2.0/rv64im/lp64/libgcc.a(_clzsi2.o)

.debug_aranges  0x0000000000000000      0x110
 .debug_aranges
                0x0000000000000000       0x30 /home/khwl/riscv/lib/gcc/riscv64-unknown-elf/15.2.0/rv64im/lp64/libgcc.a(divsf3.o)
 .debug_aranges
                0x0000000000000030       0x30 /home/khwl/riscv/lib/gcc/riscv64-unknown-elf/15.2.0/rv64im/lp64/libgcc.a(mulsf3.o)
 .debug_aranges
                0x0000000000000060       0x30 /home/khwl/riscv/lib/gcc/riscv64-unknown-elf/15.2.0/rv64im/lp64/libgcc.a(fixsfsi.o)
 .debug_aranges
                0x0000000000000090       0x30 /home/khwl/riscv/lib/gcc/riscv64-unknown-elf/15.2.0/rv64im/lp64/libgcc.a(floatdisf.o)
 .debug_aranges
                0x00000000000000c0       0x30 /home/khwl/riscv/lib/gcc/riscv64-unknown-elf/15.2.0/rv64im/lp64/libgcc.a(_clzsi2.o)
 .debug_aranges
                0x00000000000000f0       0x20 /home/khwl/riscv/lib/gcc/riscv64-unknown-elf/15.2.0/rv64im/lp64/libgcc.a(_clz.o)

.debug_rnglists
                0x0000000000000000      0x123
 .debug_rnglists
                0x0000000000000000       0x58 /home/khwl/riscv/lib/gcc/riscv64-unknown-elf/15.2.0/rv64im/lp64/libgcc.a(divsf3.o)
 .debug_rnglists
                0x0000000000000058       0x53 /home/khwl/riscv/lib/gcc/riscv64-unknown-elf/15.2.0/rv64im/lp64/libgcc.a(mulsf3.o)
 .debug_rnglists
                0x00000000000000ab       0x16 /home/khwl/riscv/lib/gcc/riscv64-unknown-elf/15.2.0/rv64im/lp64/libgcc.a(fixsfsi.o)
 .debug_rnglists
                0x00000000000000c1       0x4c /home/khwl/riscv/lib/gcc/riscv64-unknown-elf/15.2.0/rv64im/lp64/libgcc.a(floatdisf.o)
 .debug_rnglists
                0x000000000000010d       0x16 /home/khwl/riscv/lib/gcc/riscv64-unknown-elf/15.2.0/rv64im/lp64/libgcc.a(_clzsi2.o)

.debug_line     0x0000000000000000     0x17f2
 .debug_line    0x0000000000000000      0x830 /home/khwl/riscv/lib/gcc/riscv64-unknown-elf/15.2.0/rv64im/lp64/libgcc.a(divsf3.o)
 .debug_line    0x0000000000000830      0x81c /home/khwl/riscv/lib/gcc/riscv64-unknown-elf/15.2.0/rv64im/lp64/libgcc.a(mulsf3.o)
 .debug_line    0x000000000000104c      0x25f /home/khwl/riscv/lib/gcc/riscv64-unknown-elf/15.2.0/rv64im/lp64/libgcc.a(fixsfsi.o)
 .debug_line    0x00000000000012ab      0x3f7 /home/khwl/riscv/lib/gcc/riscv64-unknown-elf/15.2.0/rv64im/lp64/libgcc.a(floatdisf.o)
 .debug_line    0x00000000000016a2      0x103 /home/khwl/riscv/lib/gcc/riscv64-unknown-elf/15.2.0/rv64im/lp64/libgcc.a(_clzsi2.o)
 .debug_line    0x00000000000017a5       0x4d /home/khwl/riscv/lib/gcc/riscv64-unknown-elf/15.2.0/rv64im/lp64/libgcc.a(_clz.o)

.debug_str      0x0000000000000000      0x374
 .debug_str     0x0000000000000000      0x374 /home/khwl/riscv/lib/gcc/riscv64-unknown-elf/15.2.0/rv64im/lp64/libgcc.a(divsf3.o)
                                        0x256 (size before relaxing)
 .debug_str     0x0000000000000374        0x0 /home/khwl/riscv/lib/gcc/riscv64-unknown-elf/15.2.0/rv64im/lp64/libgcc.a(mulsf3.o)
                                        0x22c (size before relaxing)
 .debug_str     0x0000000000000374        0x0 /home/khwl/riscv/lib/gcc/riscv64-unknown-elf/15.2.0/rv64im/lp64/libgcc.a(fixsfsi.o)
                                        0x1a1 (size before relaxing)
 .debug_str     0x0000000000000374        0x0 /home/khwl/riscv/lib/gcc/riscv64-unknown-elf/15.2.0/rv64im/lp64/libgcc.a(floatdisf.o)
                                        0x231 (size before relaxing)
 .debug_str     0x0000000000000374        0x0 /home/khwl/riscv/lib/gcc/riscv64-unknown-elf/15.2.0/rv64im/lp64/libgcc.a(_clzsi2.o)
                                        0x1e9 (size before relaxing)
 .debug_str     0x0000000000000374        0x0 /home/khwl/riscv/lib/gcc/riscv64-unknown-elf/15.2.0/rv64im/lp64/libgcc.a(_clz.o)
                                        0x1cc (size before relaxing)

.debug_line_str
                0x0000000000000000      0x1a3
 .debug_line_str
                0x0000000000000000      0x1a3 /home/khwl/riscv/lib/gcc/riscv64-unknown-elf/15.2.0/rv64im/lp64/libgcc.a(divsf3.o)
                                         0xcb (size before relaxing)
 .debug_line_str
                0x00000000000001a3        0x0 /home/khwl/riscv/lib/gcc/riscv64-unknown-elf/15.2.0/rv64im/lp64/libgcc.a(mulsf3.o)
                                         0xcb (size before relaxing)
 .debug_line_str
                0x00000000000001a3        0x0 /home/khwl/riscv/lib/gcc/riscv64-unknown-elf/15.2.0/rv64im/lp64/libgcc.a(fixsfsi.o)
                                         0xd7 (size before relaxing)
 .debug_line_str
                0x00000000000001a3        0x0 /home/khwl/riscv/lib/gcc/riscv64-unknown-elf/15.2.0/rv64im/lp64/libgcc.a(floatdisf.o)
                                         0xdb (size before relaxing)
 .debug_line_str
                0x00000000000001a3        0x0 /home/khwl/riscv/lib/gcc/riscv64-unknown-elf/15.2.0/rv64im/lp64/libgcc.a(_clzsi2.o)
                                         0xbe (size before relaxing)
 .debug_line_str
                0x00000000000001a3        0x0 /home/khwl/riscv/lib/gcc/riscv64-unknown-elf/15.2.0/rv64im/lp64/libgcc.a(_clz.o)
                                         0xbe (size before relaxing)

.debug_frame    0x0000000000000000      0x140
 .debug_frame   0x0000000000000000       0x58 /home/khwl/riscv/lib/gcc/riscv64-unknown-elf/15.2.0/rv64im/lp64/libgcc.a(divsf3.o)
 .debug_frame   0x0000000000000058       0x58 /home/khwl/riscv/lib/gcc/riscv64-unknown-elf/15.2.0/rv64im/lp64/libgcc.a(mulsf3.o)
 .debug_frame   0x00000000000000b0       0x28 /home/khwl/riscv/lib/gcc/riscv64-unknown-elf/15.2.0/rv64im/lp64/libgcc.a(fixsfsi.o)
 .debug_frame   0x00000000000000d8       0x40 /home/khwl/riscv/lib/gcc/riscv64-unknown-elf/15.2.0/rv64im/lp64/libgcc.a(floatdisf.o)
 .debug_frame   0x0000000000000118       0x28 /home/khwl/riscv/lib/gcc/riscv64-unknown-elf/15.2.0/rv64im/lp64/libgcc.a(_clzsi2.o)
