Copyright 1986-2022 Xilinx, Inc. All Rights Reserved. Copyright 2022-2025 Advanced Micro Devices, Inc. All Rights Reserved.
---------------------------------------------------------------------------------------------------------------------------------------------
| Tool Version : Vivado v.2025.2 (lin64) Build 6299465 Fri Nov 14 12:34:56 MST 2025
| Date         : Wed Aug  5 15:40:48 2026
| Host         : khwl-ThinkPad-X1-Carbon-Gen-13 running 64-bit Ubuntu 24.04.4 LTS
| Command      : report_control_sets -verbose -file RV64IM72F6SP_CORE_control_sets_placed.rpt
| Design       : RV64IM72F6SP_CORE
| Device       : xc7a200t
---------------------------------------------------------------------------------------------------------------------------------------------

Control Set Information

Table of Contents
-----------------
1. Summary
2. Histogram
3. Flip-Flop Distribution
4. Detailed Control Set Information

1. Summary
----------

+----------------------------------------------------------+-------+
|                          Status                          | Count |
+----------------------------------------------------------+-------+
| Total control sets                                       |    35 |
|    Minimum number of control sets                        |    35 |
|    Addition due to synthesis replication                 |     0 |
|    Addition due to physical synthesis replication        |     0 |
| Unused register locations in slices containing registers |   103 |
+----------------------------------------------------------+-------+
* Control sets can be merged at opt_design using control_set_merge or merge_equivalent_drivers
** Run report_qor_suggestions for automated merging and remapping suggestions


2. Histogram
------------

+--------------------+-------+
|       Fanout       | Count |
+--------------------+-------+
| Total control sets |    35 |
| >= 0 to < 4        |     1 |
| >= 4 to < 6        |     4 |
| >= 6 to < 8        |     0 |
| >= 8 to < 10       |     0 |
| >= 10 to < 12      |     1 |
| >= 12 to < 14      |     0 |
| >= 14 to < 16      |     0 |
| >= 16              |    29 |
+--------------------+-------+
* Control sets can be remapped at either synth_design or opt_design


3. Flip-Flop Distribution
-------------------------

+--------------+-----------------------+------------------------+-----------------+--------------+
| Clock Enable | Synchronous Set/Reset | Asynchronous Set/Reset | Total Registers | Total Slices |
+--------------+-----------------------+------------------------+-----------------+--------------+
| No           | No                    | No                     |               1 |            1 |
| No           | No                    | Yes                    |              11 |           10 |
| No           | Yes                   | No                     |               0 |            0 |
| Yes          | No                    | No                     |             201 |           63 |
| Yes          | No                    | Yes                    |            1781 |          742 |
| Yes          | Yes                   | No                     |            1767 |          547 |
+--------------+-----------------------+------------------------+-----------------+--------------+


4. Detailed Control Set Information
-----------------------------------

+--------------+----------------------------------------------------+-------------------------------------------+------------------+----------------+--------------+
| Clock Signal |                    Enable Signal                   |              Set/Reset Signal             | Slice Load Count | Bel Load Count | Bels / Slice |
+--------------+----------------------------------------------------+-------------------------------------------+------------------+----------------+--------------+
|  clk         |                                                    |                                           |                1 |              1 |         1.00 |
|  clk         | alu/multiplier_word/FSM_onehot_stage[3]_i_1__0_n_0 | reset                                     |                1 |              4 |         4.00 |
|  clk         | alu/multiplier_dword/FSM_onehot_stage[3]_i_1_n_0   | reset                                     |                1 |              4 |         4.00 |
|  clk         | alu/divider_dword/FSM_onehot_state[3]_i_1__0_n_0   | reset                                     |                2 |              4 |         2.00 |
|  clk         | alu/divider_word/FSM_onehot_state[3]_i_1_n_0       | reset                                     |                3 |              4 |         1.33 |
|  clk         |                                                    | reset                                     |               10 |             11 |         1.10 |
|  clk         | clk_enable                                         |                                           |                8 |             30 |         3.75 |
|  clk         | alu/divider_word/quotient_sign4_out                | reset                                     |               18 |             34 |         1.89 |
|  clk         | id_ex_register/clk_enable_0[0]                     | reset                                     |               31 |             34 |         1.10 |
|  clk         | alu/multiplier_word/E[0]                           | reset                                     |               11 |             37 |         3.36 |
|  clk         | alu/divider_word/quotient_reg[31]_i_1_n_0          | reset                                     |               19 |             64 |         3.37 |
|  clk         | id_ex_register/clk_enable_5[0]                     | reset                                     |               16 |             64 |         4.00 |
|  clk         | exception_detector/trapped_reg_rep_2[0]            | reset                                     |               23 |             64 |         2.78 |
|  clk         | exception_detector/trapped_reg_rep_1[0]            | reset                                     |               23 |             64 |         2.78 |
|  clk         | csr_file/minstret[0]                               | reset                                     |               17 |             64 |         3.76 |
|  clk         | exception_detector/clk_enable_0[0]                 | reset                                     |               41 |             64 |         1.56 |
|  clk         | exception_detector/E[0]                            | reset                                     |               23 |             64 |         2.78 |
|  clk         | alu/multiplier_word/prod_low[31]_i_1__0_n_0        | reset                                     |               21 |             64 |         3.05 |
|  clk         | alu/multiplier_word/I54                            | exception_detector/MEM_WB_flush           |               51 |             65 |         1.27 |
|  clk         | id_ex_register/clk_enable_2[0]                     | reset                                     |               30 |             65 |         2.17 |
|  clk         | id_ex_register/clk_enable_1[0]                     | reset                                     |               43 |             66 |         1.53 |
|  clk         | alu/divider_dword/quotient_sign4_out               | reset                                     |               34 |             66 |         1.94 |
|  clk         | alu/divider_word/bit_counter[5]_i_1_n_0            | reset                                     |               27 |             70 |         2.59 |
|  clk         | alu/multiplier_dword/prod_high[63]_i_1_n_0         | reset                                     |               48 |            128 |         2.67 |
|  clk         | alu/divider_dword/quotient_reg[63]_i_1_n_0         | reset                                     |               38 |            128 |         3.37 |
|  clk         | id_ex_register/E[0]                                | reset                                     |               55 |            129 |         2.35 |
|  clk         | alu/divider_dword/bit_counter[6]_i_1_n_0           | reset                                     |               56 |            135 |         2.41 |
|  clk         | alu/multiplier_dword/E[0]                          | reset                                     |               48 |            145 |         3.02 |
|  clk         | id_ex_register/clk_enable_6[0]                     | if_io_register/IO_pc[63]_i_1_n_0          |               29 |            160 |         5.52 |
|  clk         | alu/multiplier_dword/E[0]                          |                                           |               55 |            171 |         3.11 |
|  clk         | mem_wb_register/p_0_in2_out                        |                                           |               22 |            176 |         8.00 |
|  clk         | clk_enable                                         | reset                                     |              113 |            216 |         1.91 |
|  clk         | alu/multiplier_word/I54                            | exception_detector/SR[0]                  |              165 |            439 |         2.66 |
|  clk         | alu/multiplier_word/I54                            | exception_detector/clk_enable_1[0]        |              178 |            491 |         2.76 |
|  clk         | id_ex_register/clk_enable_6[0]                     | ex_ex2_register/ID_branch_estimation0_out |              124 |            612 |         4.94 |
+--------------+----------------------------------------------------+-------------------------------------------+------------------+----------------+--------------+


