Copyright 1986-2022 Xilinx, Inc. All Rights Reserved. Copyright 2022-2025 Advanced Micro Devices, Inc. All Rights Reserved.
---------------------------------------------------------------------------------------------------------------------------------------------
| Tool Version : Vivado v.2025.2 (lin64) Build 6299465 Fri Nov 14 12:34:56 MST 2025
| Date         : Tue Sep 15 03:02:24 2026
| Host         : khwl-ThinkPad-X1-Carbon-Gen-13 running 64-bit Ubuntu 24.04.4 LTS
| Command      : report_timing_summary -file /home/khwl/Desktop/RV-IM100/riscof-env/logs/final_impl/RV64IM_7SP_Dhry/timing.rpt
| Design       : RV64IM72F5SPSoCTOP
| Device       : 7a200t-sbg484
| Speed File   : -1  PRODUCTION 1.23 2018-06-13
| Design State : Physopt postRoute
---------------------------------------------------------------------------------------------------------------------------------------------

Timing Summary Report

------------------------------------------------------------------------------------------------
| Timer Settings
| --------------
------------------------------------------------------------------------------------------------

  Enable Multi Corner Analysis               :  Yes
  Enable Pessimism Removal                   :  Yes
  Pessimism Removal Resolution               :  Nearest Common Node
  Enable Input Delay Default Clock           :  No
  Enable Preset / Clear Arcs                 :  No
  Disable Flight Delays                      :  No
  Ignore I/O Paths                           :  No
  Timing Early Launch at Borrowing Latches   :  No
  Borrow Time for Max Delay Exceptions       :  Yes
  Merge Timing Exceptions                    :  Yes
  Inter-SLR Compensation                     :  Conservative

  Corner  Analyze    Analyze    
  Name    Max Paths  Min Paths  
  ------  ---------  ---------  
  Slow    Yes        Yes        
  Fast    Yes        Yes        


------------------------------------------------------------------------------------------------
| Report Methodology
| ------------------
------------------------------------------------------------------------------------------------

Rule      Severity  Description                                                Violations  
--------  --------  ---------------------------------------------------------  ----------  
DPIR-1    Warning   Asynchronous driver check                                  623         
SYNTH-5   Warning   Mapped onto distributed RAM because of timing constraints  2048        
SYNTH-10  Warning   Wide multiplier                                            20          

Note: This report is based on the most recent report_methodology run and may not be up-to-date. Run report_methodology on the current design for the latest report.



check_timing report

Table of Contents
-----------------
1. checking no_clock (0)
2. checking constant_clock (0)
3. checking pulse_width_clock (0)
4. checking unconstrained_internal_endpoints (0)
5. checking no_input_delay (2)
6. checking no_output_delay (9)
7. checking multiple_clock (0)
8. checking generated_clocks (0)
9. checking loops (0)
10. checking partial_input_delay (0)
11. checking partial_output_delay (0)
12. checking latch_loops (0)

1. checking no_clock (0)
------------------------
 There are 0 register/latch pins with no clock.


2. checking constant_clock (0)
------------------------------
 There are 0 register/latch pins with constant_clock.


3. checking pulse_width_clock (0)
---------------------------------
 There are 0 register/latch pins which need pulse_width check


4. checking unconstrained_internal_endpoints (0)
------------------------------------------------
 There are 0 pins that are not constrained for maximum delay.

 There are 0 pins that are not constrained for maximum delay due to constant clock.


5. checking no_input_delay (2)
------------------------------
 There are 0 input ports with no input delay specified.

 There are 2 input ports with no input delay but user has a false path constraint. (MEDIUM)


6. checking no_output_delay (9)
-------------------------------
 There are 0 ports with no output delay specified.

 There are 9 ports with no output delay but user has a false path constraint (MEDIUM)

 There are 0 ports with no output delay but with a timing clock defined on it or propagating through it


7. checking multiple_clock (0)
------------------------------
 There are 0 register/latch pins with multiple clocks.


8. checking generated_clocks (0)
--------------------------------
 There are 0 generated clocks that are not connected to a clock source.


9. checking loops (0)
---------------------
 There are 0 combinational loops in the design.


10. checking partial_input_delay (0)
------------------------------------
 There are 0 input ports with partial input delay specified.


11. checking partial_output_delay (0)
-------------------------------------
 There are 0 ports with partial output delay specified.


12. checking latch_loops (0)
----------------------------
 There are 0 combinational latch loops in the design through latch input



------------------------------------------------------------------------------------------------
| Design Timing Summary
| ---------------------
------------------------------------------------------------------------------------------------

    WNS(ns)      TNS(ns)  TNS Failing Endpoints  TNS Total Endpoints      WHS(ns)      THS(ns)  THS Failing Endpoints  THS Total Endpoints     WPWS(ns)     TPWS(ns)  TPWS Failing Endpoints  TPWS Total Endpoints  
    -------      -------  ---------------------  -------------------      -------      -------  ---------------------  -------------------     --------     --------  ----------------------  --------------------  
      0.013        0.000                      0                97443        0.044        0.000                      0                97443        3.000        0.000                       0                 12968  


All user specified timing constraints are met.


------------------------------------------------------------------------------------------------
| Clock Summary
| -------------
------------------------------------------------------------------------------------------------

Clock                 Waveform(ns)       Period(ns)      Frequency(MHz)
-----                 ------------       ----------      --------------
clk                   {0.000 5.000}      10.000          100.000         
  clk_out1_clk_wiz_0  {0.000 10.286}     20.571          48.611          
  clkfbout_clk_wiz_0  {0.000 20.000}     40.000          25.000          


------------------------------------------------------------------------------------------------
| Intra Clock Table
| -----------------
------------------------------------------------------------------------------------------------

Clock                     WNS(ns)      TNS(ns)  TNS Failing Endpoints  TNS Total Endpoints      WHS(ns)      THS(ns)  THS Failing Endpoints  THS Total Endpoints     WPWS(ns)     TPWS(ns)  TPWS Failing Endpoints  TPWS Total Endpoints  
-----                     -------      -------  ---------------------  -------------------      -------      -------  ---------------------  -------------------     --------     --------  ----------------------  --------------------  
clk                                                                                                                                                                     3.000        0.000                       0                     1  
  clk_out1_clk_wiz_0        0.013        0.000                      0                95267        0.044        0.000                      0                95267        9.036        0.000                       0                 12964  
  clkfbout_clk_wiz_0                                                                                                                                                   12.633        0.000                       0                     3  


------------------------------------------------------------------------------------------------
| Inter Clock Table
| -----------------
------------------------------------------------------------------------------------------------

From Clock    To Clock          WNS(ns)      TNS(ns)  TNS Failing Endpoints  TNS Total Endpoints      WHS(ns)      THS(ns)  THS Failing Endpoints  THS Total Endpoints  
----------    --------          -------      -------  ---------------------  -------------------      -------      -------  ---------------------  -------------------  


------------------------------------------------------------------------------------------------
| Other Path Groups Table
| -----------------------
------------------------------------------------------------------------------------------------

Path Group          From Clock          To Clock                WNS(ns)      TNS(ns)  TNS Failing Endpoints  TNS Total Endpoints      WHS(ns)      THS(ns)  THS Failing Endpoints  THS Total Endpoints  
----------          ----------          --------                -------      -------  ---------------------  -------------------      -------      -------  ---------------------  -------------------  
**async_default**   clk_out1_clk_wiz_0  clk_out1_clk_wiz_0        9.970        0.000                      0                 2176        0.740        0.000                      0                 2176  


------------------------------------------------------------------------------------------------
| Timing Details
| --------------
------------------------------------------------------------------------------------------------


---------------------------------------------------------------------------------------------------
From Clock:  clk
  To Clock:  clk

Setup :           NA  Failing Endpoints,  Worst Slack           NA  ,  Total Violation           NA
Hold  :           NA  Failing Endpoints,  Worst Slack           NA  ,  Total Violation           NA
PW    :            0  Failing Endpoints,  Worst Slack        3.000ns,  Total Violation        0.000ns
---------------------------------------------------------------------------------------------------


Pulse Width Checks
--------------------------------------------------------------------------------------
Clock Name:         clk
Waveform(ns):       { 0.000 5.000 }
Period(ns):         10.000
Sources:            { clk }

Check Type        Corner  Lib Pin           Reference Pin  Required(ns)  Actual(ns)  Slack(ns)  Location        Pin
Min Period        n/a     PLLE2_ADV/CLKIN1  n/a            1.249         10.000      8.751      PLLE2_ADV_X1Y2  clk_gen/inst/plle2_adv_inst/CLKIN1
Max Period        n/a     PLLE2_ADV/CLKIN1  n/a            52.633        10.000      42.633     PLLE2_ADV_X1Y2  clk_gen/inst/plle2_adv_inst/CLKIN1
Low Pulse Width   Slow    PLLE2_ADV/CLKIN1  n/a            2.000         5.000       3.000      PLLE2_ADV_X1Y2  clk_gen/inst/plle2_adv_inst/CLKIN1
High Pulse Width  Slow    PLLE2_ADV/CLKIN1  n/a            2.000         5.000       3.000      PLLE2_ADV_X1Y2  clk_gen/inst/plle2_adv_inst/CLKIN1



---------------------------------------------------------------------------------------------------
From Clock:  clk_out1_clk_wiz_0
  To Clock:  clk_out1_clk_wiz_0

Setup :            0  Failing Endpoints,  Worst Slack        0.013ns,  Total Violation        0.000ns
Hold  :            0  Failing Endpoints,  Worst Slack        0.044ns,  Total Violation        0.000ns
PW    :            0  Failing Endpoints,  Worst Slack        9.036ns,  Total Violation        0.000ns
---------------------------------------------------------------------------------------------------


Max Delay Paths
--------------------------------------------------------------------------------------
Slack (MET) :             0.013ns  (required time - arrival time)
  Source:                 rv64im72f_6sp/ex_mem_register/MEM_alu_result_reg[4]_replica_5/C
                            (rising edge-triggered cell FDRE clocked by clk_out1_clk_wiz_0  {rise@0.000ns fall@10.286ns period=20.571ns})
  Destination:            rv64im72f_6sp/program_counter/pc_reg[61]/D
                            (rising edge-triggered cell FDCE clocked by clk_out1_clk_wiz_0  {rise@0.000ns fall@10.286ns period=20.571ns})
  Path Group:             clk_out1_clk_wiz_0
  Path Type:              Setup (Max at Slow Process Corner)
  Requirement:            20.571ns  (clk_out1_clk_wiz_0 rise@20.571ns - clk_out1_clk_wiz_0 rise@0.000ns)
  Data Path Delay:        20.497ns  (logic 5.357ns (26.136%)  route 15.140ns (73.864%))
  Logic Levels:           28  (CARRY4=8 LUT2=1 LUT5=3 LUT6=12 MUXF7=2 MUXF8=1 RAMS64E=1)
  Clock Path Skew:        0.054ns (DCD - SCD + CPR)
    Destination Clock Delay (DCD):    -2.002ns = ( 18.570 - 20.571 ) 
    Source Clock Delay      (SCD):    -2.483ns
    Clock Pessimism Removal (CPR):    -0.427ns
  Clock Uncertainty:      0.147ns  ((TSJ^2 + DJ^2)^1/2) / 2 + PE
    Total System Jitter     (TSJ):    0.071ns
    Discrete Jitter          (DJ):    0.285ns
    Phase Error              (PE):    0.000ns

    Location             Delay type                Incr(ns)  Path(ns)    Netlist Resource(s)
  -------------------------------------------------------------------    -------------------
                         (clock clk_out1_clk_wiz_0 rise edge)
                                                      0.000     0.000 r  
    R4                                                0.000     0.000 r  clk (IN)
                         net (fo=0)                   0.000     0.000    clk_gen/inst/clk_in1
    R4                   IBUF (Prop_ibuf_I_O)         1.475     1.475 r  clk_gen/inst/clkin1_ibufg/O
                         net (fo=1, routed)           1.253     2.728    clk_gen/inst/clk_in1_clk_wiz_0
    PLLE2_ADV_X1Y2       PLLE2_ADV (Prop_plle2_adv_CLKIN1_CLKOUT0)
                                                     -8.953    -6.225 r  clk_gen/inst/plle2_adv_inst/CLKOUT0
                         net (fo=1, routed)           1.802    -4.422    clk_gen/inst/clk_out1_clk_wiz_0
    BUFGCTRL_X0Y0        BUFG (Prop_bufg_I_O)         0.096    -4.326 r  clk_gen/inst/clkout1_buf/O
                         net (fo=12962, routed)       1.843    -2.483    rv64im72f_6sp/ex_mem_register/clk_out1
    SLICE_X43Y91         FDRE                                         r  rv64im72f_6sp/ex_mem_register/MEM_alu_result_reg[4]_replica_5/C
  -------------------------------------------------------------------    -------------------
    SLICE_X43Y91         FDRE (Prop_fdre_C_Q)         0.456    -2.027 r  rv64im72f_6sp/ex_mem_register/MEM_alu_result_reg[4]_replica_5/Q
                         net (fo=712, routed)         2.722     0.695    rv64im72f_6sp/data_memory/memory_reg_5120_5375_8_8/A1
    SLICE_X40Y119        RAMS64E (Prop_rams64e_ADR1_O)
                                                      0.317     1.012 r  rv64im72f_6sp/data_memory/memory_reg_5120_5375_8_8/RAMS64E_A/O
                         net (fo=1, routed)           0.000     1.012    rv64im72f_6sp/data_memory/memory_reg_5120_5375_8_8/OA
    SLICE_X40Y119        MUXF7 (Prop_muxf7_I1_O)      0.214     1.226 r  rv64im72f_6sp/data_memory/memory_reg_5120_5375_8_8/F7.A/O
                         net (fo=1, routed)           0.000     1.226    rv64im72f_6sp/data_memory/memory_reg_5120_5375_8_8/O1
    SLICE_X40Y119        MUXF8 (Prop_muxf8_I1_O)      0.088     1.314 r  rv64im72f_6sp/data_memory/memory_reg_5120_5375_8_8/F8/O
                         net (fo=1, routed)           1.045     2.359    rv64im72f_6sp/data_memory/memory_reg_5120_5375_8_8_n_0
    SLICE_X43Y101        LUT6 (Prop_lut6_I5_O)        0.319     2.678 r  rv64im72f_6sp/data_memory/memory_reg_0_255_8_8_i_15/O
                         net (fo=1, routed)           0.000     2.678    rv64im72f_6sp/data_memory/memory_reg_0_255_8_8_i_15_n_0
    SLICE_X43Y101        MUXF7 (Prop_muxf7_I1_O)      0.217     2.895 r  rv64im72f_6sp/data_memory/memory_reg_0_255_8_8_i_8/O
                         net (fo=1, routed)           1.065     3.960    rv64im72f_6sp/data_memory/memory_reg_0_255_8_8_i_8_n_0
    SLICE_X45Y89         LUT6 (Prop_lut6_I1_O)        0.299     4.259 r  rv64im72f_6sp/data_memory/memory_reg_0_255_8_8_i_5/O
                         net (fo=2, routed)           1.114     5.373    rv64im72f_6sp/ex_mem_register/read_data0[8]
    SLICE_X39Y67         LUT5 (Prop_lut5_I3_O)        0.124     5.497 r  rv64im72f_6sp/ex_mem_register/WB_byte_enable_logic_register_file_write_data[8]_i_4/O
                         net (fo=4, routed)           0.962     6.459    rv64im72f_6sp/ex_mem_register/data_memory_read_data_muxed[8]
    SLICE_X27Y60         LUT6 (Prop_lut6_I3_O)        0.124     6.583 r  rv64im72f_6sp/ex_mem_register/WB_byte_enable_logic_register_file_write_data[0]_i_3/O
                         net (fo=1, routed)           0.846     7.429    rv64im72f_6sp/ex_mem_register/WB_byte_enable_logic_register_file_write_data[0]_i_3_n_0
    SLICE_X26Y52         LUT6 (Prop_lut6_I3_O)        0.124     7.553 r  rv64im72f_6sp/ex_mem_register/WB_byte_enable_logic_register_file_write_data[0]_i_1/O
                         net (fo=2, routed)           0.713     8.266    rv64im72f_6sp/ex_mem_register/MEM_funct3_reg[2]_0[0]
    SLICE_X28Y41         LUT6 (Prop_lut6_I5_O)        0.124     8.390 r  rv64im72f_6sp/ex_mem_register/dividend_reg[0]_i_5/O
                         net (fo=3, routed)           0.805     9.195    rv64im72f_6sp/ex_mem_register/MEM_forward_data_value[0]
    SLICE_X29Y30         LUT6 (Prop_lut6_I0_O)        0.124     9.319 r  rv64im72f_6sp/ex_mem_register/divisor_latch[0]_i_2/O
                         net (fo=6, routed)           0.628     9.947    rv64im72f_6sp/id_ex_register/alu_forward_source_data_b[0]
    SLICE_X33Y27         LUT6 (Prop_lut6_I3_O)        0.124    10.071 r  rv64im72f_6sp/id_ex_register/i___229_rep_i_1/O
                         net (fo=67, routed)          0.925    10.996    rv64im72f_6sp/id_ex_register/EX_alu_src_B_select_reg[2]_14
    SLICE_X37Y26         LUT2 (Prop_lut2_I1_O)        0.124    11.120 r  rv64im72f_6sp/id_ex_register/EX2_alu_result[3]_i_21/O
                         net (fo=1, routed)           0.000    11.120    rv64im72f_6sp/alu/S[0]
    SLICE_X37Y26         CARRY4 (Prop_carry4_S[0]_CO[3])
                                                      0.532    11.652 r  rv64im72f_6sp/alu/EX2_alu_result_reg[3]_i_17/CO[3]
                         net (fo=1, routed)           0.000    11.652    rv64im72f_6sp/alu/EX2_alu_result_reg[3]_i_17_n_0
    SLICE_X37Y27         CARRY4 (Prop_carry4_CI_CO[3])
                                                      0.114    11.766 r  rv64im72f_6sp/alu/EX2_alu_result_reg[8]_i_50/CO[3]
                         net (fo=1, routed)           0.000    11.766    rv64im72f_6sp/alu/EX2_alu_result_reg[8]_i_50_n_0
    SLICE_X37Y28         CARRY4 (Prop_carry4_CI_CO[3])
                                                      0.114    11.880 r  rv64im72f_6sp/alu/EX2_alu_result_reg[8]_i_29/CO[3]
                         net (fo=1, routed)           0.000    11.880    rv64im72f_6sp/alu/EX2_alu_result_reg[8]_i_29_n_0
    SLICE_X37Y29         CARRY4 (Prop_carry4_CI_CO[3])
                                                      0.114    11.994 r  rv64im72f_6sp/alu/EX2_alu_result_reg[15]_i_18/CO[3]
                         net (fo=1, routed)           0.000    11.994    rv64im72f_6sp/alu/EX2_alu_result_reg[15]_i_18_n_0
    SLICE_X37Y30         CARRY4 (Prop_carry4_CI_CO[3])
                                                      0.114    12.108 r  rv64im72f_6sp/alu/EX2_alu_result_reg[19]_i_18/CO[3]
                         net (fo=1, routed)           0.000    12.108    rv64im72f_6sp/alu/EX2_alu_result_reg[19]_i_18_n_0
    SLICE_X37Y31         CARRY4 (Prop_carry4_CI_CO[3])
                                                      0.114    12.222 r  rv64im72f_6sp/alu/EX2_alu_result_reg[23]_i_18/CO[3]
                         net (fo=1, routed)           0.000    12.222    rv64im72f_6sp/alu/EX2_alu_result_reg[23]_i_18_n_0
    SLICE_X37Y32         CARRY4 (Prop_carry4_CI_CO[3])
                                                      0.114    12.336 r  rv64im72f_6sp/alu/EX2_alu_result_reg[27]_i_18/CO[3]
                         net (fo=1, routed)           0.000    12.336    rv64im72f_6sp/alu/EX2_alu_result_reg[27]_i_18_n_0
    SLICE_X37Y33         CARRY4 (Prop_carry4_CI_O[3])
                                                      0.313    12.649 r  rv64im72f_6sp/alu/EX2_alu_result_reg[30]_i_24/O[3]
                         net (fo=1, routed)           0.597    13.246    rv64im72f_6sp/id_ex_register/EX2_alu_result[63]_i_20_1[30]
    SLICE_X34Y33         LUT6 (Prop_lut6_I3_O)        0.306    13.552 r  rv64im72f_6sp/id_ex_register/EX2_alu_result[63]_i_24/O
                         net (fo=1, routed)           0.306    13.858    rv64im72f_6sp/id_ex_register/EX2_alu_result[63]_i_24_n_0
    SLICE_X34Y31         LUT5 (Prop_lut5_I1_O)        0.124    13.982 r  rv64im72f_6sp/id_ex_register/EX2_alu_result[63]_i_20/O
                         net (fo=2, routed)           0.457    14.438    rv64im72f_6sp/id_ex_register/alu/alu_word_result[31]
    SLICE_X34Y34         LUT6 (Prop_lut6_I0_O)        0.124    14.562 r  rv64im72f_6sp/id_ex_register/EX2_alu_result[63]_i_12/O
                         net (fo=1, routed)           0.562    15.124    rv64im72f_6sp/id_ex_register/EX2_alu_result[63]_i_12_n_0
    SLICE_X34Y36         LUT6 (Prop_lut6_I3_O)        0.124    15.248 r  rv64im72f_6sp/id_ex_register/EX2_alu_result[63]_i_6/O
                         net (fo=33, routed)          1.160    16.408    rv64im72f_6sp/id_ex_register/EX2_alu_result[63]_i_6_n_0
    SLICE_X24Y47         LUT6 (Prop_lut6_I4_O)        0.124    16.532 r  rv64im72f_6sp/id_ex_register/EX2_alu_result[61]_i_1/O
                         net (fo=2, routed)           0.772    17.304    rv64im72f_6sp/if_io_register/pc_reg[63][61]
    SLICE_X33Y51         LUT6 (Prop_lut6_I5_O)        0.124    17.428 r  rv64im72f_6sp/if_io_register/pc[61]_i_2/O
                         net (fo=1, routed)           0.462    17.890    rv64im72f_6sp/ex_ex2_register/pc_reg[61]
    SLICE_X33Y52         LUT5 (Prop_lut5_I1_O)        0.124    18.014 r  rv64im72f_6sp/ex_ex2_register/pc[61]_i_1/O
                         net (fo=1, routed)           0.000    18.014    rv64im72f_6sp/program_counter/pc_reg[63]_0[61]
    SLICE_X33Y52         FDCE                                         r  rv64im72f_6sp/program_counter/pc_reg[61]/D
  -------------------------------------------------------------------    -------------------

                         (clock clk_out1_clk_wiz_0 rise edge)
                                                     20.571    20.571 r  
    R4                                                0.000    20.571 r  clk (IN)
                         net (fo=0)                   0.000    20.571    clk_gen/inst/clk_in1
    R4                   IBUF (Prop_ibuf_I_O)         1.405    21.976 r  clk_gen/inst/clkin1_ibufg/O
                         net (fo=1, routed)           1.181    23.157    clk_gen/inst/clk_in1_clk_wiz_0
    PLLE2_ADV_X1Y2       PLLE2_ADV (Prop_plle2_adv_CLKIN1_CLKOUT0)
                                                     -8.206    14.951 r  clk_gen/inst/plle2_adv_inst/CLKOUT0
                         net (fo=1, routed)           1.718    16.670    clk_gen/inst/clk_out1_clk_wiz_0
    BUFGCTRL_X0Y0        BUFG (Prop_bufg_I_O)         0.091    16.761 r  clk_gen/inst/clkout1_buf/O
                         net (fo=12962, routed)       1.809    18.570    rv64im72f_6sp/program_counter/clk_out1
    SLICE_X33Y52         FDCE                                         r  rv64im72f_6sp/program_counter/pc_reg[61]/C
                         clock pessimism             -0.427    18.143    
                         clock uncertainty           -0.147    17.996    
    SLICE_X33Y52         FDCE (Setup_fdce_C_D)        0.031    18.027    rv64im72f_6sp/program_counter/pc_reg[61]
  -------------------------------------------------------------------
                         required time                         18.027    
                         arrival time                         -18.014    
  -------------------------------------------------------------------
                         slack                                  0.013    





Min Delay Paths
--------------------------------------------------------------------------------------
Slack (MET) :             0.044ns  (arrival time - required time)
  Source:                 rv64im72f_6sp/ex_ex2_register/EX2_pc_plus_4_reg[38]/C
                            (rising edge-triggered cell FDRE clocked by clk_out1_clk_wiz_0  {rise@0.000ns fall@10.286ns period=20.571ns})
  Destination:            rv64im72f_6sp/ex_mem_register/MEM_pc_plus_4_reg[38]/D
                            (rising edge-triggered cell FDRE clocked by clk_out1_clk_wiz_0  {rise@0.000ns fall@10.286ns period=20.571ns})
  Path Group:             clk_out1_clk_wiz_0
  Path Type:              Hold (Min at Fast Process Corner)
  Requirement:            0.000ns  (clk_out1_clk_wiz_0 rise@0.000ns - clk_out1_clk_wiz_0 rise@0.000ns)
  Data Path Delay:        0.463ns  (logic 0.141ns (30.474%)  route 0.322ns (69.526%))
  Logic Levels:           0  
  Clock Path Skew:        0.349ns (DCD - SCD - CPR)
    Destination Clock Delay (DCD):    -0.252ns
    Source Clock Delay      (SCD):    -0.564ns
    Clock Pessimism Removal (CPR):    -0.037ns

    Location             Delay type                Incr(ns)  Path(ns)    Netlist Resource(s)
  -------------------------------------------------------------------    -------------------
                         (clock clk_out1_clk_wiz_0 rise edge)
                                                      0.000     0.000 r  
    R4                                                0.000     0.000 r  clk (IN)
                         net (fo=0)                   0.000     0.000    clk_gen/inst/clk_in1
    R4                   IBUF (Prop_ibuf_I_O)         0.243     0.243 r  clk_gen/inst/clkin1_ibufg/O
                         net (fo=1, routed)           0.440     0.683    clk_gen/inst/clk_in1_clk_wiz_0
    PLLE2_ADV_X1Y2       PLLE2_ADV (Prop_plle2_adv_CLKIN1_CLKOUT0)
                                                     -2.503    -1.819 r  clk_gen/inst/plle2_adv_inst/CLKOUT0
                         net (fo=1, routed)           0.546    -1.273    clk_gen/inst/clk_out1_clk_wiz_0
    BUFGCTRL_X0Y0        BUFG (Prop_bufg_I_O)         0.026    -1.247 r  clk_gen/inst/clkout1_buf/O
                         net (fo=12962, routed)       0.683    -0.564    rv64im72f_6sp/ex_ex2_register/clk_out1
    SLICE_X37Y54         FDRE                                         r  rv64im72f_6sp/ex_ex2_register/EX2_pc_plus_4_reg[38]/C
  -------------------------------------------------------------------    -------------------
    SLICE_X37Y54         FDRE (Prop_fdre_C_Q)         0.141    -0.423 r  rv64im72f_6sp/ex_ex2_register/EX2_pc_plus_4_reg[38]/Q
                         net (fo=2, routed)           0.322    -0.102    rv64im72f_6sp/ex_mem_register/MEM_pc_plus_4_reg[63]_1[38]
    SLICE_X25Y48         FDRE                                         r  rv64im72f_6sp/ex_mem_register/MEM_pc_plus_4_reg[38]/D
  -------------------------------------------------------------------    -------------------

                         (clock clk_out1_clk_wiz_0 rise edge)
                                                      0.000     0.000 r  
    R4                                                0.000     0.000 r  clk (IN)
                         net (fo=0)                   0.000     0.000    clk_gen/inst/clk_in1
    R4                   IBUF (Prop_ibuf_I_O)         0.431     0.431 r  clk_gen/inst/clkin1_ibufg/O
                         net (fo=1, routed)           0.481     0.912    clk_gen/inst/clk_in1_clk_wiz_0
    PLLE2_ADV_X1Y2       PLLE2_ADV (Prop_plle2_adv_CLKIN1_CLKOUT0)
                                                     -2.828    -1.916 r  clk_gen/inst/plle2_adv_inst/CLKOUT0
                         net (fo=1, routed)           0.595    -1.322    clk_gen/inst/clk_out1_clk_wiz_0
    BUFGCTRL_X0Y0        BUFG (Prop_bufg_I_O)         0.029    -1.293 r  clk_gen/inst/clkout1_buf/O
                         net (fo=12962, routed)       1.041    -0.252    rv64im72f_6sp/ex_mem_register/clk_out1
    SLICE_X25Y48         FDRE                                         r  rv64im72f_6sp/ex_mem_register/MEM_pc_plus_4_reg[38]/C
                         clock pessimism              0.037    -0.215    
    SLICE_X25Y48         FDRE (Hold_fdre_C_D)         0.070    -0.145    rv64im72f_6sp/ex_mem_register/MEM_pc_plus_4_reg[38]
  -------------------------------------------------------------------
                         required time                          0.145    
                         arrival time                          -0.102    
  -------------------------------------------------------------------
                         slack                                  0.044    





Pulse Width Checks
--------------------------------------------------------------------------------------
Clock Name:         clk_out1_clk_wiz_0
Waveform(ns):       { 0.000 10.286 }
Period(ns):         20.571
Sources:            { clk_gen/inst/plle2_adv_inst/CLKOUT0 }

Check Type        Corner  Lib Pin            Reference Pin  Required(ns)  Actual(ns)  Slack(ns)  Location        Pin
Min Period        n/a     BUFG/I             n/a            2.155         20.571      18.416     BUFGCTRL_X0Y0   clk_gen/inst/clkout1_buf/I
Max Period        n/a     PLLE2_ADV/CLKOUT0  n/a            160.000       20.571      139.429    PLLE2_ADV_X1Y2  clk_gen/inst/plle2_adv_inst/CLKOUT0
Low Pulse Width   Slow    RAMS64E/CLK        n/a            1.250         10.286      9.036      SLICE_X22Y90    rv64im72f_6sp/data_memory/memory_reg_0_255_0_0/RAMS64E_A/CLK
High Pulse Width  Slow    RAMS64E/CLK        n/a            1.250         10.286      9.036      SLICE_X22Y90    rv64im72f_6sp/data_memory/memory_reg_0_255_0_0/RAMS64E_A/CLK



---------------------------------------------------------------------------------------------------
From Clock:  clkfbout_clk_wiz_0
  To Clock:  clkfbout_clk_wiz_0

Setup :           NA  Failing Endpoints,  Worst Slack           NA  ,  Total Violation           NA
Hold  :           NA  Failing Endpoints,  Worst Slack           NA  ,  Total Violation           NA
PW    :            0  Failing Endpoints,  Worst Slack       12.633ns,  Total Violation        0.000ns
---------------------------------------------------------------------------------------------------


Pulse Width Checks
--------------------------------------------------------------------------------------
Clock Name:         clkfbout_clk_wiz_0
Waveform(ns):       { 0.000 20.000 }
Period(ns):         40.000
Sources:            { clk_gen/inst/plle2_adv_inst/CLKFBOUT }

Check Type  Corner  Lib Pin            Reference Pin  Required(ns)  Actual(ns)  Slack(ns)  Location        Pin
Min Period  n/a     BUFG/I             n/a            2.155         40.000      37.845     BUFGCTRL_X0Y1   clk_gen/inst/clkf_buf/I
Max Period  n/a     PLLE2_ADV/CLKFBIN  n/a            52.633        40.000      12.633     PLLE2_ADV_X1Y2  clk_gen/inst/plle2_adv_inst/CLKFBIN



---------------------------------------------------------------------------------------------------
Path Group:  **async_default**
From Clock:  clk_out1_clk_wiz_0
  To Clock:  clk_out1_clk_wiz_0

Setup :            0  Failing Endpoints,  Worst Slack        9.970ns,  Total Violation        0.000ns
Hold  :            0  Failing Endpoints,  Worst Slack        0.740ns,  Total Violation        0.000ns
---------------------------------------------------------------------------------------------------


Max Delay Paths
--------------------------------------------------------------------------------------
Slack (MET) :             9.970ns  (required time - arrival time)
  Source:                 reset_sync_reg[2]/C
                            (rising edge-triggered cell FDPE clocked by clk_out1_clk_wiz_0  {rise@0.000ns fall@10.286ns period=20.571ns})
  Destination:            rv64im72f_6sp/program_counter/pc_reg[54]/CLR
                            (recovery check against rising-edge clock clk_out1_clk_wiz_0  {rise@0.000ns fall@10.286ns period=20.571ns})
  Path Group:             **async_default**
  Path Type:              Recovery (Max at Slow Process Corner)
  Requirement:            20.571ns  (clk_out1_clk_wiz_0 rise@20.571ns - clk_out1_clk_wiz_0 rise@0.000ns)
  Data Path Delay:        10.056ns  (logic 0.478ns (4.753%)  route 9.578ns (95.247%))
  Logic Levels:           0  
  Clock Path Skew:        0.178ns (DCD - SCD + CPR)
    Destination Clock Delay (DCD):    -2.002ns = ( 18.570 - 20.571 ) 
    Source Clock Delay      (SCD):    -2.687ns
    Clock Pessimism Removal (CPR):    -0.507ns
  Clock Uncertainty:      0.147ns  ((TSJ^2 + DJ^2)^1/2) / 2 + PE
    Total System Jitter     (TSJ):    0.071ns
    Discrete Jitter          (DJ):    0.285ns
    Phase Error              (PE):    0.000ns

    Location             Delay type                Incr(ns)  Path(ns)    Netlist Resource(s)
  -------------------------------------------------------------------    -------------------
                         (clock clk_out1_clk_wiz_0 rise edge)
                                                      0.000     0.000 r  
    R4                                                0.000     0.000 r  clk (IN)
                         net (fo=0)                   0.000     0.000    clk_gen/inst/clk_in1
    R4                   IBUF (Prop_ibuf_I_O)         1.475     1.475 r  clk_gen/inst/clkin1_ibufg/O
                         net (fo=1, routed)           1.253     2.728    clk_gen/inst/clk_in1_clk_wiz_0
    PLLE2_ADV_X1Y2       PLLE2_ADV (Prop_plle2_adv_CLKIN1_CLKOUT0)
                                                     -8.953    -6.225 r  clk_gen/inst/plle2_adv_inst/CLKOUT0
                         net (fo=1, routed)           1.802    -4.422    clk_gen/inst/clk_out1_clk_wiz_0
    BUFGCTRL_X0Y0        BUFG (Prop_bufg_I_O)         0.096    -4.326 r  clk_gen/inst/clkout1_buf/O
                         net (fo=12962, routed)       1.639    -2.687    clk_cpu
    SLICE_X80Y135        FDPE                                         r  reset_sync_reg[2]/C
  -------------------------------------------------------------------    -------------------
    SLICE_X80Y135        FDPE (Prop_fdpe_C_Q)         0.478    -2.209 f  reset_sync_reg[2]/Q
                         net (fo=2184, routed)        9.578     7.369    rv64im72f_6sp/program_counter/pc_reg[10]_rep__10_1[0]
    SLICE_X33Y51         FDCE                                         f  rv64im72f_6sp/program_counter/pc_reg[54]/CLR
  -------------------------------------------------------------------    -------------------

                         (clock clk_out1_clk_wiz_0 rise edge)
                                                     20.571    20.571 r  
    R4                                                0.000    20.571 r  clk (IN)
                         net (fo=0)                   0.000    20.571    clk_gen/inst/clk_in1
    R4                   IBUF (Prop_ibuf_I_O)         1.405    21.976 r  clk_gen/inst/clkin1_ibufg/O
                         net (fo=1, routed)           1.181    23.157    clk_gen/inst/clk_in1_clk_wiz_0
    PLLE2_ADV_X1Y2       PLLE2_ADV (Prop_plle2_adv_CLKIN1_CLKOUT0)
                                                     -8.206    14.951 r  clk_gen/inst/plle2_adv_inst/CLKOUT0
                         net (fo=1, routed)           1.718    16.670    clk_gen/inst/clk_out1_clk_wiz_0
    BUFGCTRL_X0Y0        BUFG (Prop_bufg_I_O)         0.091    16.761 r  clk_gen/inst/clkout1_buf/O
                         net (fo=12962, routed)       1.809    18.570    rv64im72f_6sp/program_counter/clk_out1
    SLICE_X33Y51         FDCE                                         r  rv64im72f_6sp/program_counter/pc_reg[54]/C
                         clock pessimism             -0.507    18.062    
                         clock uncertainty           -0.147    17.915    
    SLICE_X33Y51         FDCE (Recov_fdce_C_CLR)     -0.576    17.339    rv64im72f_6sp/program_counter/pc_reg[54]
  -------------------------------------------------------------------
                         required time                         17.339    
                         arrival time                          -7.369    
  -------------------------------------------------------------------
                         slack                                  9.970    





Min Delay Paths
--------------------------------------------------------------------------------------
Slack (MET) :             0.740ns  (arrival time - required time)
  Source:                 reset_sync_reg[2]/C
                            (rising edge-triggered cell FDPE clocked by clk_out1_clk_wiz_0  {rise@0.000ns fall@10.286ns period=20.571ns})
  Destination:            unified_uart_controller/btn_stable_reg/CLR
                            (removal check against rising-edge clock clk_out1_clk_wiz_0  {rise@0.000ns fall@10.286ns period=20.571ns})
  Path Group:             **async_default**
  Path Type:              Removal (Min at Fast Process Corner)
  Requirement:            0.000ns  (clk_out1_clk_wiz_0 rise@0.000ns - clk_out1_clk_wiz_0 rise@0.000ns)
  Data Path Delay:        0.653ns  (logic 0.148ns (22.662%)  route 0.505ns (77.338%))
  Logic Levels:           0  
  Clock Path Skew:        0.033ns (DCD - SCD - CPR)
    Destination Clock Delay (DCD):    -0.464ns
    Source Clock Delay      (SCD):    -0.686ns
    Clock Pessimism Removal (CPR):    0.189ns

    Location             Delay type                Incr(ns)  Path(ns)    Netlist Resource(s)
  -------------------------------------------------------------------    -------------------
                         (clock clk_out1_clk_wiz_0 rise edge)
                                                      0.000     0.000 r  
    R4                                                0.000     0.000 r  clk (IN)
                         net (fo=0)                   0.000     0.000    clk_gen/inst/clk_in1
    R4                   IBUF (Prop_ibuf_I_O)         0.243     0.243 r  clk_gen/inst/clkin1_ibufg/O
                         net (fo=1, routed)           0.440     0.683    clk_gen/inst/clk_in1_clk_wiz_0
    PLLE2_ADV_X1Y2       PLLE2_ADV (Prop_plle2_adv_CLKIN1_CLKOUT0)
                                                     -2.503    -1.819 r  clk_gen/inst/plle2_adv_inst/CLKOUT0
                         net (fo=1, routed)           0.546    -1.273    clk_gen/inst/clk_out1_clk_wiz_0
    BUFGCTRL_X0Y0        BUFG (Prop_bufg_I_O)         0.026    -1.247 r  clk_gen/inst/clkout1_buf/O
                         net (fo=12962, routed)       0.562    -0.686    clk_cpu
    SLICE_X80Y135        FDPE                                         r  reset_sync_reg[2]/C
  -------------------------------------------------------------------    -------------------
    SLICE_X80Y135        FDPE (Prop_fdpe_C_Q)         0.148    -0.538 f  reset_sync_reg[2]/Q
                         net (fo=2184, routed)        0.505    -0.033    unified_uart_controller/Q[0]
    SLICE_X76Y123        FDCE                                         f  unified_uart_controller/btn_stable_reg/CLR
  -------------------------------------------------------------------    -------------------

                         (clock clk_out1_clk_wiz_0 rise edge)
                                                      0.000     0.000 r  
    R4                                                0.000     0.000 r  clk (IN)
                         net (fo=0)                   0.000     0.000    clk_gen/inst/clk_in1
    R4                   IBUF (Prop_ibuf_I_O)         0.431     0.431 r  clk_gen/inst/clkin1_ibufg/O
                         net (fo=1, routed)           0.481     0.912    clk_gen/inst/clk_in1_clk_wiz_0
    PLLE2_ADV_X1Y2       PLLE2_ADV (Prop_plle2_adv_CLKIN1_CLKOUT0)
                                                     -2.828    -1.916 r  clk_gen/inst/plle2_adv_inst/CLKOUT0
                         net (fo=1, routed)           0.595    -1.322    clk_gen/inst/clk_out1_clk_wiz_0
    BUFGCTRL_X0Y0        BUFG (Prop_bufg_I_O)         0.029    -1.293 r  clk_gen/inst/clkout1_buf/O
                         net (fo=12962, routed)       0.829    -0.464    unified_uart_controller/clk_out1
    SLICE_X76Y123        FDCE                                         r  unified_uart_controller/btn_stable_reg/C
                         clock pessimism             -0.189    -0.653    
    SLICE_X76Y123        FDCE (Remov_fdce_C_CLR)     -0.120    -0.773    unified_uart_controller/btn_stable_reg
  -------------------------------------------------------------------
                         required time                          0.773    
                         arrival time                          -0.033    
  -------------------------------------------------------------------
                         slack                                  0.740    





