
*** Running vivado
    with args -log RV64I59F5SPSoCTOP.vdi -applog -m64 -product Vivado -messageDb vivado.pb -mode batch -source RV64I59F5SPSoCTOP.tcl -notrace


****** Vivado v2025.2 (64-bit)
  **** SW Build 6299465 on Fri Nov 14 12:34:56 MST 2025
  **** IP Build 6300035 on Fri Nov 14 10:48:45 MST 2025
  **** SharedData Build 6298862 on Thu Nov 13 04:50:51 MST 2025
  **** Start of session at: Tue Sep 15 20:28:05 2026
    ** Copyright 1986-2022 Xilinx, Inc. All Rights Reserved.
    ** Copyright 2022-2025 Advanced Micro Devices, Inc. All Rights Reserved.

source RV64I59F5SPSoCTOP.tcl -notrace
Command: link_design -top RV64I59F5SPSoCTOP -part xc7a200tsbg484-1
Design is defaulting to srcset: sources_1
Design is defaulting to constrset: constrs_1
INFO: [Device 21-403] Loading part xc7a200tsbg484-1
INFO: [Project 1-5699] Read binary netlist with skipMacroContent - 1
INFO: [Project 1-454] Reading design checkpoint '/home/khwl/Desktop/claude_RISCOF_RV-IM100/RV-IM100/RV64s/SoCs/RV64I_5SP_Coremark/RV64I59F_5SP_FPGA.gen/sources_1/ip/clk_wiz_0/clk_wiz_0.dcp' for cell 'clk_gen'
Netlist sorting complete. Time (s): cpu = 00:00:00.04 ; elapsed = 00:00:00.03 . Memory (MB): peak = 1812.035 ; gain = 0.000 ; free physical = 14155 ; free virtual = 30675
INFO: [Netlist 29-17] Analyzing 7320 Unisim elements for replacement
INFO: [Netlist 29-28] Unisim Transformation completed in 0 CPU seconds
INFO: [Project 1-479] Netlist was created with Vivado 2025.2
INFO: [Project 1-570] Preparing netlist for logic optimization
Parsing XDC File [/home/khwl/Desktop/claude_RISCOF_RV-IM100/RV-IM100/RV64s/SoCs/RV64I_5SP_Coremark/RV64I59F_5SP_FPGA.gen/sources_1/ip/clk_wiz_0/clk_wiz_0_board.xdc] for cell 'clk_gen/inst'
Finished Parsing XDC File [/home/khwl/Desktop/claude_RISCOF_RV-IM100/RV-IM100/RV64s/SoCs/RV64I_5SP_Coremark/RV64I59F_5SP_FPGA.gen/sources_1/ip/clk_wiz_0/clk_wiz_0_board.xdc] for cell 'clk_gen/inst'
Parsing XDC File [/home/khwl/Desktop/claude_RISCOF_RV-IM100/RV-IM100/RV64s/SoCs/RV64I_5SP_Coremark/RV64I59F_5SP_FPGA.gen/sources_1/ip/clk_wiz_0/clk_wiz_0.xdc] for cell 'clk_gen/inst'
INFO: [Timing 38-35] Done setting XDC timing constraints. [/home/khwl/Desktop/claude_RISCOF_RV-IM100/RV-IM100/RV64s/SoCs/RV64I_5SP_Coremark/RV64I59F_5SP_FPGA.gen/sources_1/ip/clk_wiz_0/clk_wiz_0.xdc:54]
INFO: [Timing 38-2] Deriving generated clocks [/home/khwl/Desktop/claude_RISCOF_RV-IM100/RV-IM100/RV64s/SoCs/RV64I_5SP_Coremark/RV64I59F_5SP_FPGA.gen/sources_1/ip/clk_wiz_0/clk_wiz_0.xdc:54]
Finished Parsing XDC File [/home/khwl/Desktop/claude_RISCOF_RV-IM100/RV-IM100/RV64s/SoCs/RV64I_5SP_Coremark/RV64I59F_5SP_FPGA.gen/sources_1/ip/clk_wiz_0/clk_wiz_0.xdc] for cell 'clk_gen/inst'
Parsing XDC File [/home/khwl/Desktop/claude_RISCOF_RV-IM100/RV-IM100/RV64s/SoCs/RV64I_5SP_Coremark/RV64I59F_5SP_FPGA.srcs/constrs_1/imports/RV64I59F_5SP/RV32I46F_5SP_Debug_XDC.xdc]
Finished Parsing XDC File [/home/khwl/Desktop/claude_RISCOF_RV-IM100/RV-IM100/RV64s/SoCs/RV64I_5SP_Coremark/RV64I59F_5SP_FPGA.srcs/constrs_1/imports/RV64I59F_5SP/RV32I46F_5SP_Debug_XDC.xdc]
INFO: [Opt 31-138] Pushed 0 inverter(s) to 0 load pin(s).
Netlist sorting complete. Time (s): cpu = 00:00:00 ; elapsed = 00:00:00 . Memory (MB): peak = 2626.605 ; gain = 0.000 ; free physical = 13504 ; free virtual = 30024
INFO: [Project 1-111] Unisim Transformation Summary:
  A total of 2070 instances were transformed.
  RAM256X1S => RAM256X1S (MUXF7(x2), MUXF8, RAMS64E(x4)): 2048 instances
  RAM32M => RAM32M (RAMD32(x6), RAMS32(x2)): 22 instances

11 Infos, 0 Warnings, 0 Critical Warnings and 0 Errors encountered.
link_design completed successfully
link_design: Time (s): cpu = 00:00:08 ; elapsed = 00:00:07 . Memory (MB): peak = 2626.641 ; gain = 919.418 ; free physical = 13503 ; free virtual = 30023
Command: opt_design -directive Explore
INFO: [Vivado_Tcl 4-136] Directive used for opt_design is: Explore
Attempting to get a license for feature 'Implementation' and/or device 'xc7a200t'
INFO: [Common 17-349] Got license for feature 'Implementation' and/or device 'xc7a200t'
Running DRC as a precondition to command opt_design

Starting DRC Task
INFO: [DRC 23-27] Running DRC with 16 threads
INFO: [Project 1-461] DRC finished with 0 Errors
INFO: [Project 1-462] Please refer to the DRC report (report_drc) for more information.

Time (s): cpu = 00:00:00.91 ; elapsed = 00:00:00.24 . Memory (MB): peak = 2726.730 ; gain = 100.090 ; free physical = 13428 ; free virtual = 29948

Starting Logic Optimization Task

Phase 1 Initialization

Phase 1.1 Core Generation And Design Setup
Phase 1.1 Core Generation And Design Setup | Checksum: 2545fd1d3

Time (s): cpu = 00:00:00.02 ; elapsed = 00:00:00.01 . Memory (MB): peak = 2917.629 ; gain = 0.000 ; free physical = 13141 ; free virtual = 29663

Phase 1.2 Setup Constraints And Sort Netlist
Phase 1.2 Setup Constraints And Sort Netlist | Checksum: 2545fd1d3

Time (s): cpu = 00:00:00.02 ; elapsed = 00:00:00.02 . Memory (MB): peak = 2917.629 ; gain = 0.000 ; free physical = 13141 ; free virtual = 29663
Phase 1 Initialization | Checksum: 2545fd1d3

Time (s): cpu = 00:00:00.03 ; elapsed = 00:00:00.03 . Memory (MB): peak = 2917.629 ; gain = 0.000 ; free physical = 13141 ; free virtual = 29663

Phase 2 Timer Update And Timing Data Collection

Phase 2.1 Detect if minReqCache needed
Phase 2.1 Detect if minReqCache needed | Checksum: 2545fd1d3

Time (s): cpu = 00:00:00.04 ; elapsed = 00:00:00.04 . Memory (MB): peak = 2920.598 ; gain = 2.969 ; free physical = 13133 ; free virtual = 29655

Phase 2.2 Timer Update
INFO: [Timing 38-35] Done setting XDC timing constraints.
Phase 2.2 Timer Update | Checksum: 2545fd1d3

Time (s): cpu = 00:00:04 ; elapsed = 00:00:00.7 . Memory (MB): peak = 3029.410 ; gain = 111.781 ; free physical = 13102 ; free virtual = 29624

Phase 2.3 Timing Data Collection
Phase 2.3 Timing Data Collection | Checksum: 2545fd1d3

Time (s): cpu = 00:00:04 ; elapsed = 00:00:00.71 . Memory (MB): peak = 3029.410 ; gain = 111.781 ; free physical = 13098 ; free virtual = 29621
Phase 2 Timer Update And Timing Data Collection | Checksum: 2545fd1d3

Time (s): cpu = 00:00:04 ; elapsed = 00:00:00.72 . Memory (MB): peak = 3029.410 ; gain = 111.781 ; free physical = 13098 ; free virtual = 29621

Phase 3 Retarget
INFO: [Opt 31-1851] Number of loadless carry chains removed were: 0
INFO: [Opt 31-1834] Total Chains To Be Transformed Were: 0 AND Number of Transformed insts Created are: 0
INFO: [Opt 31-1566] Pulled 3 inverters resulting in an inversion of 12 pins
INFO: [Opt 31-138] Pushed 1 inverter(s) to 1 load pin(s).
INFO: [Opt 31-49] Retargeted 0 cell(s).
Phase 3 Retarget | Checksum: 12c9a0632

Time (s): cpu = 00:00:04 ; elapsed = 00:00:00.9 . Memory (MB): peak = 3029.410 ; gain = 111.781 ; free physical = 13098 ; free virtual = 29619
Retarget | Checksum: 12c9a0632
INFO: [Opt 31-389] Phase Retarget created 1064 cells and removed 1068 cells
INFO: [Opt 31-1021] In phase Retarget, 1 netlist objects are constrained preventing optimization. Please run opt_design with -debug_log to get more detail. 

Phase 4 Constant propagation
INFO: [Opt 31-138] Pushed 0 inverter(s) to 0 load pin(s).
Phase 4 Constant propagation | Checksum: e8c2c3d8

Time (s): cpu = 00:00:05 ; elapsed = 00:00:00.96 . Memory (MB): peak = 3029.410 ; gain = 111.781 ; free physical = 13098 ; free virtual = 29619
Constant propagation | Checksum: e8c2c3d8
INFO: [Opt 31-389] Phase Constant propagation created 0 cells and removed 0 cells

Phase 5 Sweep
INFO: [Constraints 18-11670] Building netlist checker database with flags, 0x8
Done building netlist checker database: Time (s): cpu = 00:00:00 ; elapsed = 00:00:00.01 . Memory (MB): peak = 3029.410 ; gain = 0.000 ; free physical = 13098 ; free virtual = 29619
INFO: [Constraints 18-11670] Building netlist checker database with flags, 0x8
Done building netlist checker database: Time (s): cpu = 00:00:00.01 ; elapsed = 00:00:00 . Memory (MB): peak = 3029.410 ; gain = 0.000 ; free physical = 13097 ; free virtual = 29617
Phase 5 Sweep | Checksum: 10f17b982

Time (s): cpu = 00:00:05 ; elapsed = 00:00:01 . Memory (MB): peak = 3029.410 ; gain = 111.781 ; free physical = 13096 ; free virtual = 29617
Sweep | Checksum: 10f17b982
INFO: [Opt 31-389] Phase Sweep created 7 cells and removed 0 cells

Phase 6 BUFG optimization
Phase 6 BUFG optimization | Checksum: 10f17b982

Time (s): cpu = 00:00:05 ; elapsed = 00:00:01 . Memory (MB): peak = 3061.426 ; gain = 143.797 ; free physical = 13094 ; free virtual = 29615
BUFG optimization | Checksum: 10f17b982
INFO: [Opt 31-662] Phase BUFG optimization created 0 cells of which 0 are BUFGs and removed 0 cells.

Phase 7 Shift Register Optimization
INFO: [Opt 31-1064] SRL Remap converted 0 SRLs to 0 registers and converted 0 registers of register chains to 0 SRLs
Phase 7 Shift Register Optimization | Checksum: 10f17b982

Time (s): cpu = 00:00:05 ; elapsed = 00:00:01 . Memory (MB): peak = 3061.426 ; gain = 143.797 ; free physical = 13094 ; free virtual = 29615
Shift Register Optimization | Checksum: 10f17b982
INFO: [Opt 31-389] Phase Shift Register Optimization created 0 cells and removed 0 cells
INFO: [Opt 31-1555] control_set_opt supports Versal devices only, and device 7a200t is unsupported

Phase 8 Post Processing Netlist
Phase 8 Post Processing Netlist | Checksum: 13c5fd321

Time (s): cpu = 00:00:05 ; elapsed = 00:00:01 . Memory (MB): peak = 3061.426 ; gain = 143.797 ; free physical = 13094 ; free virtual = 29615
Post Processing Netlist | Checksum: 13c5fd321
INFO: [Opt 31-389] Phase Post Processing Netlist created 0 cells and removed 0 cells

Phase 9 Finalization

Phase 9.1 Finalizing Design Cores and Updating Shapes
Phase 9.1 Finalizing Design Cores and Updating Shapes | Checksum: 1bd022cd9

Time (s): cpu = 00:00:05 ; elapsed = 00:00:01 . Memory (MB): peak = 3061.426 ; gain = 143.797 ; free physical = 13094 ; free virtual = 29615

Phase 9.2 Verifying Netlist Connectivity

Starting Connectivity Check Task

Time (s): cpu = 00:00:00.02 ; elapsed = 00:00:00.02 . Memory (MB): peak = 3061.426 ; gain = 0.000 ; free physical = 13094 ; free virtual = 29615
Phase 9.2 Verifying Netlist Connectivity | Checksum: 1bd022cd9

Time (s): cpu = 00:00:05 ; elapsed = 00:00:01 . Memory (MB): peak = 3061.426 ; gain = 143.797 ; free physical = 13094 ; free virtual = 29615
Phase 9 Finalization | Checksum: 1bd022cd9

Time (s): cpu = 00:00:05 ; elapsed = 00:00:01 . Memory (MB): peak = 3061.426 ; gain = 143.797 ; free physical = 13094 ; free virtual = 29615
Opt_design Change Summary
=========================


-------------------------------------------------------------------------------------------------------------------------
|  Phase                        |  #Cells created  |  #Cells Removed  |  #Constrained objects preventing optimizations  |
-------------------------------------------------------------------------------------------------------------------------
|  Retarget                     |            1064  |            1068  |                                              1  |
|  Constant propagation         |               0  |               0  |                                              0  |
|  Sweep                        |               7  |               0  |                                              0  |
|  BUFG optimization            |               0  |               0  |                                              0  |
|  Shift Register Optimization  |               0  |               0  |                                              0  |
|  Post Processing Netlist      |               0  |               0  |                                              0  |
-------------------------------------------------------------------------------------------------------------------------


Ending Logic Optimization Task | Checksum: 1bd022cd9

Time (s): cpu = 00:00:05 ; elapsed = 00:00:01 . Memory (MB): peak = 3061.426 ; gain = 143.797 ; free physical = 13094 ; free virtual = 29615
Netlist sorting complete. Time (s): cpu = 00:00:00 ; elapsed = 00:00:00 . Memory (MB): peak = 3061.426 ; gain = 0.000 ; free physical = 13094 ; free virtual = 29615
INFO: [Common 17-83] Releasing license: Implementation
35 Infos, 0 Warnings, 0 Critical Warnings and 0 Errors encountered.
opt_design completed successfully
INFO: [Vivado 12-24828] Executing command : report_drc -file RV64I59F5SPSoCTOP_drc_opted.rpt -pb RV64I59F5SPSoCTOP_drc_opted.pb -rpx RV64I59F5SPSoCTOP_drc_opted.rpx
Command: report_drc -file RV64I59F5SPSoCTOP_drc_opted.rpt -pb RV64I59F5SPSoCTOP_drc_opted.pb -rpx RV64I59F5SPSoCTOP_drc_opted.rpx
INFO: [IP_Flow 19-1839] IP Catalog is up to date.
INFO: [DRC 23-27] Running DRC with 16 threads
INFO: [Vivado_Tcl 2-168] The results of DRC are in file /home/khwl/Desktop/claude_RISCOF_RV-IM100/RV-IM100/RV64s/SoCs/RV64I_5SP_Coremark/RV64I59F_5SP_FPGA.runs/impl_1/RV64I59F5SPSoCTOP_drc_opted.rpt.
report_drc completed successfully
INFO: [Timing 38-480] Writing timing data to binary archive.
Wrote PlaceDB: Time (s): cpu = 00:00:00 ; elapsed = 00:00:00 . Memory (MB): peak = 3061.426 ; gain = 0.000 ; free physical = 13087 ; free virtual = 29607
Wrote PulsedLatchDB: Time (s): cpu = 00:00:00 ; elapsed = 00:00:00 . Memory (MB): peak = 3061.426 ; gain = 0.000 ; free physical = 13087 ; free virtual = 29607
Writing XDEF routing.
Writing XDEF routing logical nets.
Writing XDEF routing special nets.
Wrote RouteStorage: Time (s): cpu = 00:00:00.16 ; elapsed = 00:00:00.03 . Memory (MB): peak = 3061.426 ; gain = 0.000 ; free physical = 13084 ; free virtual = 29607
Wrote PlaceStorage: Time (s): cpu = 00:00:00 ; elapsed = 00:00:00 . Memory (MB): peak = 3061.426 ; gain = 0.000 ; free physical = 13084 ; free virtual = 29607
Wrote Netlist Cache: Time (s): cpu = 00:00:00 ; elapsed = 00:00:00 . Memory (MB): peak = 3061.426 ; gain = 0.000 ; free physical = 13084 ; free virtual = 29607
Wrote Device Cache: Time (s): cpu = 00:00:00.01 ; elapsed = 00:00:00 . Memory (MB): peak = 3061.426 ; gain = 0.000 ; free physical = 13082 ; free virtual = 29606
Write Physdb Complete: Time (s): cpu = 00:00:00.18 ; elapsed = 00:00:00.04 . Memory (MB): peak = 3061.426 ; gain = 0.000 ; free physical = 13082 ; free virtual = 29606
Write ShapeDB Complete: Time (s): cpu = 00:00:00.2 ; elapsed = 00:00:00.05 . Memory (MB): peak = 3061.426 ; gain = 0.000 ; free physical = 13082 ; free virtual = 29607
INFO: [Common 17-1381] The checkpoint '/home/khwl/Desktop/claude_RISCOF_RV-IM100/RV-IM100/RV64s/SoCs/RV64I_5SP_Coremark/RV64I59F_5SP_FPGA.runs/impl_1/RV64I59F5SPSoCTOP_opt.dcp' has been generated.
Command: place_design -directive Explore
Attempting to get a license for feature 'Implementation' and/or device 'xc7a200t'
INFO: [Common 17-349] Got license for feature 'Implementation' and/or device 'xc7a200t'
INFO: [Common 17-83] Releasing license: Implementation
INFO: [DRC 23-27] Running DRC with 16 threads
INFO: [Vivado_Tcl 4-198] DRC finished with 0 Errors
INFO: [Vivado_Tcl 4-199] Please refer to the DRC report (report_drc) for more information.
INFO: [Timing 38-35] Done setting XDC timing constraints.
INFO: [Vivado_Tcl 4-2302] The placer was invoked with the 'Explore' directive.
Running DRC as a precondition to command place_design
INFO: [DRC 23-27] Running DRC with 16 threads
INFO: [Vivado_Tcl 4-198] DRC finished with 0 Errors
INFO: [Vivado_Tcl 4-199] Please refer to the DRC report (report_drc) for more information.
INFO: [Place 30-611] Multithreading enabled for place_design using a maximum of 16 CPUs

Starting Placer Task

Phase 1 Placer Initialization

Phase 1.1 Placer Initialization Netlist Sorting
Netlist sorting complete. Time (s): cpu = 00:00:00 ; elapsed = 00:00:00.01 . Memory (MB): peak = 3061.426 ; gain = 0.000 ; free physical = 13079 ; free virtual = 29602
Phase 1.1 Placer Initialization Netlist Sorting | Checksum: 12e085a7d

Time (s): cpu = 00:00:00.01 ; elapsed = 00:00:00.02 . Memory (MB): peak = 3061.426 ; gain = 0.000 ; free physical = 13079 ; free virtual = 29602
Netlist sorting complete. Time (s): cpu = 00:00:00 ; elapsed = 00:00:00 . Memory (MB): peak = 3061.426 ; gain = 0.000 ; free physical = 13079 ; free virtual = 29602

Phase 1.2 IO Placement/ Clock Placement/ Build Placer Device
Phase 1.2 IO Placement/ Clock Placement/ Build Placer Device | Checksum: 1226642b3

Time (s): cpu = 00:00:00.88 ; elapsed = 00:00:00.43 . Memory (MB): peak = 3149.469 ; gain = 88.043 ; free physical = 13078 ; free virtual = 29601

Phase 1.3 Build Placer Netlist Model
Phase 1.3 Build Placer Netlist Model | Checksum: 21879b3ab

Time (s): cpu = 00:00:12 ; elapsed = 00:00:04 . Memory (MB): peak = 3228.559 ; gain = 167.133 ; free physical = 13072 ; free virtual = 29596

Phase 1.4 Constrain Clocks/Macros
Phase 1.4 Constrain Clocks/Macros | Checksum: 21879b3ab

Time (s): cpu = 00:00:12 ; elapsed = 00:00:04 . Memory (MB): peak = 3228.559 ; gain = 167.133 ; free physical = 13072 ; free virtual = 29596
Phase 1 Placer Initialization | Checksum: 21879b3ab

Time (s): cpu = 00:00:12 ; elapsed = 00:00:04 . Memory (MB): peak = 3228.559 ; gain = 167.133 ; free physical = 13072 ; free virtual = 29596

Phase 2 Global Placement

Phase 2.1 Floorplanning
Phase 2.1 Floorplanning | Checksum: 18b6cfe4c

Time (s): cpu = 00:00:18 ; elapsed = 00:00:05 . Memory (MB): peak = 3241.559 ; gain = 180.133 ; free physical = 12975 ; free virtual = 29498

Phase 2.2 Update Timing before SLR Path Opt
Phase 2.2 Update Timing before SLR Path Opt | Checksum: 1ec6907b8

Time (s): cpu = 00:00:24 ; elapsed = 00:00:06 . Memory (MB): peak = 3300.559 ; gain = 239.133 ; free physical = 12914 ; free virtual = 29438

Phase 2.3 Post-Processing in Floorplanning
Phase 2.3 Post-Processing in Floorplanning | Checksum: 1ec6907b8

Time (s): cpu = 00:00:24 ; elapsed = 00:00:07 . Memory (MB): peak = 3300.559 ; gain = 239.133 ; free physical = 12914 ; free virtual = 29437

Phase 2.4 Global Place Phase1
Phase 2.4 Global Place Phase1 | Checksum: 1d2997c5c

Time (s): cpu = 00:01:02 ; elapsed = 00:00:17 . Memory (MB): peak = 3386.621 ; gain = 325.195 ; free physical = 12834 ; free virtual = 29357

Phase 2.5 Global Place Phase2

Phase 2.5.1 UpdateTiming Before Physical Synthesis
Phase 2.5.1 UpdateTiming Before Physical Synthesis | Checksum: 1ca7ae81b

Time (s): cpu = 00:01:11 ; elapsed = 00:00:18 . Memory (MB): peak = 3447.621 ; gain = 386.195 ; free physical = 12777 ; free virtual = 29300

Phase 2.5.2 Physical Synthesis In Placer
INFO: [Physopt 32-1035] Found 0 LUTNM shape to break, 481 LUT instances to create LUTNM shape
INFO: [Physopt 32-1044] Break lutnm for timing: one critical 0, two critical 0, total 0, new lutff created 0
INFO: [Physopt 32-1138] End 1 Pass. Optimized 194 nets or LUTs. Breaked 0 LUT, combined 194 existing LUTs and moved 0 existing LUT
INFO: [Physopt 32-1408] Pass 1. Identified 8 candidate nets for high-fanout optimization.
INFO: [Physopt 32-81] Processed net rv64i59f_5sp/ex_mem_register/MEM_alu_result_reg[63]_0[5]. Replicated 41 times.
INFO: [Physopt 32-81] Processed net rv64i59f_5sp/ex_mem_register/MEM_alu_result_reg[63]_0[3]. Replicated 41 times.
INFO: [Physopt 32-81] Processed net rv64i59f_5sp/ex_mem_register/MEM_alu_result_reg[63]_0[4]. Replicated 41 times.
INFO: [Physopt 32-81] Processed net rv64i59f_5sp/ex_mem_register/MEM_alu_result_reg[63]_0[7]. Replicated 41 times.
INFO: [Physopt 32-81] Processed net rv64i59f_5sp/ex_mem_register/MEM_alu_result_reg[63]_0[6]. Replicated 41 times.
INFO: [Physopt 32-81] Processed net rv64i59f_5sp/ex_mem_register/MEM_alu_result_reg[63]_0[9]. Replicated 19 times.
INFO: [Physopt 32-81] Processed net rv64i59f_5sp/ex_mem_register/MEM_alu_result_reg[63]_0[8]. Replicated 27 times.
INFO: [Physopt 32-81] Processed net rv64i59f_5sp/ex_mem_register/MEM_alu_result_reg[63]_0[10]. Replicated 17 times.
INFO: [Physopt 32-232] Optimized 8 nets. Created 268 new instances.
INFO: [Physopt 32-775] End 1 Pass. Optimized 8 nets or cells. Created 268 new cells, deleted 0 existing cell and moved 0 existing cell
Netlist sorting complete. Time (s): cpu = 00:00:00.04 ; elapsed = 00:00:00.04 . Memory (MB): peak = 3447.621 ; gain = 0.000 ; free physical = 12810 ; free virtual = 29332
INFO: [Physopt 32-456] No candidate cells for DSP register optimization found in the design.
INFO: [Physopt 32-775] End 2 Pass. Optimized 0 net or cell. Created 0 new cell, deleted 0 existing cell and moved 0 existing cell
INFO: [Physopt 32-1123] No candidate cells found for Shift Register to Pipeline optimization
INFO: [Physopt 32-775] End 2 Pass. Optimized 0 net or cell. Created 0 new cell, deleted 0 existing cell and moved 0 existing cell
INFO: [Physopt 32-1401] No candidate cells found for Shift Register optimization.
INFO: [Physopt 32-677] No candidate cells for Shift Register optimization found in the design
INFO: [Physopt 32-775] End 1 Pass. Optimized 0 net or cell. Created 0 new cell, deleted 0 existing cell and moved 0 existing cell
INFO: [Physopt 32-526] No candidate cells for BRAM register optimization found in the design
INFO: [Physopt 32-775] End 1 Pass. Optimized 0 net or cell. Created 0 new cell, deleted 0 existing cell and moved 0 existing cell
INFO: [Physopt 32-846] No candidate cells for URAM register optimization found in the design
INFO: [Physopt 32-775] End 1 Pass. Optimized 0 net or cell. Created 0 new cell, deleted 0 existing cell and moved 0 existing cell
INFO: [Physopt 32-846] No candidate cells for URAM register optimization found in the design
INFO: [Physopt 32-775] End 1 Pass. Optimized 0 net or cell. Created 0 new cell, deleted 0 existing cell and moved 0 existing cell
INFO: [Physopt 32-949] No candidate nets found for dynamic/static region interface net replication
INFO: [Physopt 32-775] End 1 Pass. Optimized 0 net or cell. Created 0 new cell, deleted 0 existing cell and moved 0 existing cell
Netlist sorting complete. Time (s): cpu = 00:00:00.01 ; elapsed = 00:00:00 . Memory (MB): peak = 3447.621 ; gain = 0.000 ; free physical = 12810 ; free virtual = 29333
INFO: [Physopt 32-64] No nets found for fanout-optimization.
INFO: [Physopt 32-232] Optimized 0 net. Created 0 new instance.
INFO: [Physopt 32-775] End 1 Pass. Optimized 0 net or cell. Created 0 new cell, deleted 0 existing cell and moved 0 existing cell
INFO: [Physopt 32-68] No nets found for critical-cell optimization.
INFO: [Physopt 32-232] Optimized 0 net. Created 0 new instance.
INFO: [Physopt 32-775] End 1 Pass. Optimized 0 net or cell. Created 0 new cell, deleted 0 existing cell and moved 0 existing cell
Netlist sorting complete. Time (s): cpu = 00:00:00 ; elapsed = 00:00:00.01 . Memory (MB): peak = 3447.621 ; gain = 0.000 ; free physical = 12810 ; free virtual = 29333

Summary of Physical Synthesis Optimizations
============================================


-----------------------------------------------------------------------------------------------------------------------------------------------------------
|  Optimization                                     |  Added Cells  |  Removed Cells  |  Optimized Cells/Nets  |  Dont Touch  |  Iterations  |  Elapsed   |
-----------------------------------------------------------------------------------------------------------------------------------------------------------
|  LUT Combining                                    |            0  |            194  |                   194  |           0  |           1  |  00:00:01  |
|  Retime                                           |            0  |              0  |                     0  |           0  |           1  |  00:00:00  |
|  Very High Fanout                                 |          268  |              0  |                     8  |           0  |           1  |  00:00:08  |
|  DSP Register                                     |            0  |              0  |                     0  |           0  |           1  |  00:00:00  |
|  Shift Register to Pipeline                       |            0  |              0  |                     0  |           0  |           1  |  00:00:00  |
|  Shift Register                                   |            0  |              0  |                     0  |           0  |           1  |  00:00:00  |
|  BRAM Register                                    |            0  |              0  |                     0  |           0  |           1  |  00:00:00  |
|  URAM Register                                    |            0  |              0  |                     0  |           0  |           1  |  00:00:00  |
|  Dynamic/Static Region Interface Net Replication  |            0  |              0  |                     0  |           0  |           1  |  00:00:00  |
|  Fanout                                           |            0  |              0  |                     0  |           0  |           1  |  00:00:00  |
|  Critical Cell                                    |            0  |              0  |                     0  |           0  |           1  |  00:00:00  |
|  Total                                            |          268  |            194  |                   202  |           0  |          11  |  00:00:09  |
-----------------------------------------------------------------------------------------------------------------------------------------------------------


Phase 2.5.2 Physical Synthesis In Placer | Checksum: 2245caac0

Time (s): cpu = 00:01:27 ; elapsed = 00:00:29 . Memory (MB): peak = 3447.621 ; gain = 386.195 ; free physical = 12811 ; free virtual = 29334
Phase 2.5 Global Place Phase2 | Checksum: 190ac4d75

Time (s): cpu = 00:01:37 ; elapsed = 00:00:33 . Memory (MB): peak = 3447.621 ; gain = 386.195 ; free physical = 12815 ; free virtual = 29338
Phase 2 Global Placement | Checksum: 190ac4d75

Time (s): cpu = 00:01:37 ; elapsed = 00:00:33 . Memory (MB): peak = 3447.621 ; gain = 386.195 ; free physical = 12815 ; free virtual = 29338

Phase 3 Detail Placement

Phase 3.1 Commit Multi Column Macros
Phase 3.1 Commit Multi Column Macros | Checksum: 169c23d6c

Time (s): cpu = 00:01:44 ; elapsed = 00:00:35 . Memory (MB): peak = 3447.621 ; gain = 386.195 ; free physical = 12817 ; free virtual = 29340

Phase 3.2 Commit Most Macros & LUTRAMs
Phase 3.2 Commit Most Macros & LUTRAMs | Checksum: 1781c4796

Time (s): cpu = 00:02:00 ; elapsed = 00:00:40 . Memory (MB): peak = 3447.621 ; gain = 386.195 ; free physical = 12823 ; free virtual = 29346

Phase 3.3 Area Swap Optimization
Phase 3.3 Area Swap Optimization | Checksum: 1f93d6fe8

Time (s): cpu = 00:02:00 ; elapsed = 00:00:40 . Memory (MB): peak = 3447.621 ; gain = 386.195 ; free physical = 12823 ; free virtual = 29346

Phase 3.4 Pipeline Register Optimization
Phase 3.4 Pipeline Register Optimization | Checksum: 1aeaaab49

Time (s): cpu = 00:02:00 ; elapsed = 00:00:40 . Memory (MB): peak = 3447.621 ; gain = 386.195 ; free physical = 12823 ; free virtual = 29346

Phase 3.5 Fast Optimization
Phase 3.5 Fast Optimization | Checksum: 23756fd11

Time (s): cpu = 00:02:33 ; elapsed = 00:00:50 . Memory (MB): peak = 3447.621 ; gain = 386.195 ; free physical = 12813 ; free virtual = 29336

Phase 3.6 Small Shape Detail Placement
Phase 3.6 Small Shape Detail Placement | Checksum: 17aedfda2

Time (s): cpu = 00:02:38 ; elapsed = 00:00:55 . Memory (MB): peak = 3447.621 ; gain = 386.195 ; free physical = 12815 ; free virtual = 29337

Phase 3.7 Re-assign LUT pins
Phase 3.7 Re-assign LUT pins | Checksum: 1f1cf17a1

Time (s): cpu = 00:02:39 ; elapsed = 00:00:55 . Memory (MB): peak = 3447.621 ; gain = 386.195 ; free physical = 12815 ; free virtual = 29337

Phase 3.8 Pipeline Register Optimization
Phase 3.8 Pipeline Register Optimization | Checksum: 1da28c02d

Time (s): cpu = 00:02:39 ; elapsed = 00:00:55 . Memory (MB): peak = 3447.621 ; gain = 386.195 ; free physical = 12815 ; free virtual = 29337
Phase 3 Detail Placement | Checksum: 1da28c02d

Time (s): cpu = 00:02:39 ; elapsed = 00:00:55 . Memory (MB): peak = 3447.621 ; gain = 386.195 ; free physical = 12815 ; free virtual = 29337

Phase 4 Post Placement Optimization and Clean-Up

Phase 4.1 Post Commit Optimization
INFO: [Timing 38-35] Done setting XDC timing constraints.

Phase 4.1.1 Post Placement Optimization
Post Placement Optimization Initialization | Checksum: 2613cefba

Phase 4.1.1.1 BUFG Insertion

Starting Physical Synthesis Task

Phase 1 Physical Synthesis Initialization
INFO: [Physopt 32-721] Multithreading enabled for phys_opt_design using a maximum of 16 CPUs
INFO: [Physopt 32-619] Estimated Timing Summary | WNS=-3.195 | TNS=-912.158 |
Phase 1 Physical Synthesis Initialization | Checksum: 11bda7172

Time (s): cpu = 00:00:02 ; elapsed = 00:00:00.34 . Memory (MB): peak = 3447.621 ; gain = 0.000 ; free physical = 12816 ; free virtual = 29339
INFO: [Place 46-33] Processed net internal_reset, BUFG insertion was skipped due to placement/routing conflicts.
INFO: [Place 46-33] Processed net rv64i59f_5sp/exception_detector/E[0], BUFG insertion was skipped due to placement/routing conflicts.
INFO: [Place 46-56] BUFG insertion identified 2 candidate nets. Inserted BUFG: 0, Replicated BUFG Driver: 0, Skipped due to Placement/Routing Conflicts: 2, Skipped due to Timing Degradation: 0, Skipped due to netlist editing failed: 0.
Ending Physical Synthesis Task | Checksum: 2068e1419

Time (s): cpu = 00:00:03 ; elapsed = 00:00:00.58 . Memory (MB): peak = 3447.621 ; gain = 0.000 ; free physical = 12816 ; free virtual = 29339
Phase 4.1.1.1 BUFG Insertion | Checksum: 2613cefba

Time (s): cpu = 00:03:04 ; elapsed = 00:00:59 . Memory (MB): peak = 3447.621 ; gain = 386.195 ; free physical = 12816 ; free virtual = 29339

Phase 4.1.1.2 Post Placement Timing Optimization
INFO: [Place 30-746] Post Placement Timing Summary WNS=0.074. For the most accurate timing information please run report_timing.
Phase 4.1.1.2 Post Placement Timing Optimization | Checksum: 1f0e0b50e

Time (s): cpu = 00:05:54 ; elapsed = 00:03:04 . Memory (MB): peak = 3447.621 ; gain = 386.195 ; free physical = 12831 ; free virtual = 29354

Time (s): cpu = 00:05:54 ; elapsed = 00:03:04 . Memory (MB): peak = 3447.621 ; gain = 386.195 ; free physical = 12831 ; free virtual = 29354
Phase 4.1 Post Commit Optimization | Checksum: 1f0e0b50e

Time (s): cpu = 00:05:55 ; elapsed = 00:03:04 . Memory (MB): peak = 3447.621 ; gain = 386.195 ; free physical = 12831 ; free virtual = 29354

Phase 4.2 Post Placement Cleanup
Phase 4.2 Post Placement Cleanup | Checksum: 1f0e0b50e

Time (s): cpu = 00:05:55 ; elapsed = 00:03:04 . Memory (MB): peak = 3447.621 ; gain = 386.195 ; free physical = 12829 ; free virtual = 29352

Phase 4.3 Placer Reporting

Phase 4.3.1 Print Estimated Congestion
INFO: [Place 30-612] Post-Placement Estimated Congestion 
 ____________________________________________________
|           | Global Congestion | Short Congestion  |
| Direction | Region Size       | Region Size       |
|___________|___________________|___________________|
|      North|                1x1|                2x2|
|___________|___________________|___________________|
|      South|                4x4|                4x4|
|___________|___________________|___________________|
|       East|                1x1|                1x1|
|___________|___________________|___________________|
|       West|                1x1|                1x1|
|___________|___________________|___________________|

Phase 4.3.1 Print Estimated Congestion | Checksum: 1f0e0b50e

Time (s): cpu = 00:05:55 ; elapsed = 00:03:04 . Memory (MB): peak = 3447.621 ; gain = 386.195 ; free physical = 12829 ; free virtual = 29352
Phase 4.3 Placer Reporting | Checksum: 1f0e0b50e

Time (s): cpu = 00:05:55 ; elapsed = 00:03:04 . Memory (MB): peak = 3447.621 ; gain = 386.195 ; free physical = 12829 ; free virtual = 29352

Phase 4.4 Final Placement Cleanup
Netlist sorting complete. Time (s): cpu = 00:00:00.01 ; elapsed = 00:00:00 . Memory (MB): peak = 3447.621 ; gain = 0.000 ; free physical = 12829 ; free virtual = 29352

Time (s): cpu = 00:05:55 ; elapsed = 00:03:04 . Memory (MB): peak = 3447.621 ; gain = 386.195 ; free physical = 12829 ; free virtual = 29352
Phase 4 Post Placement Optimization and Clean-Up | Checksum: 2a8dd3f05

Time (s): cpu = 00:05:55 ; elapsed = 00:03:05 . Memory (MB): peak = 3447.621 ; gain = 386.195 ; free physical = 12829 ; free virtual = 29352
Ending Placer Task | Checksum: 1eb232685

Time (s): cpu = 00:05:55 ; elapsed = 00:03:05 . Memory (MB): peak = 3447.621 ; gain = 386.195 ; free physical = 12829 ; free virtual = 29352
95 Infos, 0 Warnings, 0 Critical Warnings and 0 Errors encountered.
place_design completed successfully
place_design: Time (s): cpu = 00:05:59 ; elapsed = 00:03:05 . Memory (MB): peak = 3447.621 ; gain = 386.195 ; free physical = 12829 ; free virtual = 29352
INFO: [Vivado 12-24838] Running report commands "report_control_sets, report_io, report_utilization" in parallel.
Running report generation with 3 threads.
INFO: [Vivado 12-24828] Executing command : report_control_sets -verbose -file RV64I59F5SPSoCTOP_control_sets_placed.rpt
report_control_sets: Time (s): cpu = 00:00:00.13 ; elapsed = 00:00:00.11 . Memory (MB): peak = 3447.621 ; gain = 0.000 ; free physical = 12811 ; free virtual = 29335
INFO: [Vivado 12-24828] Executing command : report_io -file RV64I59F5SPSoCTOP_io_placed.rpt
report_io: Time (s): cpu = 00:00:00.21 ; elapsed = 00:00:00.16 . Memory (MB): peak = 3447.621 ; gain = 0.000 ; free physical = 12810 ; free virtual = 29333
INFO: [Vivado 12-24828] Executing command : report_utilization -file RV64I59F5SPSoCTOP_utilization_placed.rpt -pb RV64I59F5SPSoCTOP_utilization_placed.pb
INFO: [Timing 38-480] Writing timing data to binary archive.
Wrote PlaceDB: Time (s): cpu = 00:00:00 ; elapsed = 00:00:00 . Memory (MB): peak = 3447.621 ; gain = 0.000 ; free physical = 12810 ; free virtual = 29334
Wrote PulsedLatchDB: Time (s): cpu = 00:00:00 ; elapsed = 00:00:00 . Memory (MB): peak = 3447.621 ; gain = 0.000 ; free physical = 12810 ; free virtual = 29334
Writing XDEF routing.
Writing XDEF routing logical nets.
Writing XDEF routing special nets.
Wrote RouteStorage: Time (s): cpu = 00:00:00.16 ; elapsed = 00:00:00.03 . Memory (MB): peak = 3447.621 ; gain = 0.000 ; free physical = 12809 ; free virtual = 29334
Write ShapeDB Complete: Time (s): cpu = 00:00:00.24 ; elapsed = 00:00:00.05 . Memory (MB): peak = 3447.621 ; gain = 0.000 ; free physical = 12806 ; free virtual = 29336
Wrote PlaceStorage: Time (s): cpu = 00:00:00.95 ; elapsed = 00:00:00.49 . Memory (MB): peak = 3447.621 ; gain = 0.000 ; free physical = 12776 ; free virtual = 29331
Wrote Netlist Cache: Time (s): cpu = 00:00:00.01 ; elapsed = 00:00:00.02 . Memory (MB): peak = 3447.621 ; gain = 0.000 ; free physical = 12776 ; free virtual = 29334
Wrote Device Cache: Time (s): cpu = 00:00:00 ; elapsed = 00:00:00 . Memory (MB): peak = 3447.621 ; gain = 0.000 ; free physical = 12776 ; free virtual = 29334
Write Physdb Complete: Time (s): cpu = 00:00:01 ; elapsed = 00:00:00.54 . Memory (MB): peak = 3447.621 ; gain = 0.000 ; free physical = 12776 ; free virtual = 29334
INFO: [Common 17-1381] The checkpoint '/home/khwl/Desktop/claude_RISCOF_RV-IM100/RV-IM100/RV64s/SoCs/RV64I_5SP_Coremark/RV64I59F_5SP_FPGA.runs/impl_1/RV64I59F5SPSoCTOP_placed.dcp' has been generated.
Command: phys_opt_design -directive Explore
Attempting to get a license for feature 'Implementation' and/or device 'xc7a200t'
INFO: [Common 17-349] Got license for feature 'Implementation' and/or device 'xc7a200t'
INFO: [Vivado_Tcl 4-137] Directive used for phys_opt_design is: Explore

Starting Initial Update Timing Task

Time (s): cpu = 00:00:20 ; elapsed = 00:00:03 . Memory (MB): peak = 3447.621 ; gain = 0.000 ; free physical = 12813 ; free virtual = 29345
INFO: [Vivado_Tcl 4-2279] Estimated Timing Summary | WNS= 0.074 | TNS= 0.000 | 
INFO: [Vivado_Tcl 4-383] Design worst setup slack (WNS) is greater than or equal to 0.000 ns. All physical synthesis setup optimizations will be skipped.
INFO: [Vivado_Tcl 4-232] No setup violation found. The netlist was not modified.
INFO: [Common 17-83] Releasing license: Implementation
107 Infos, 0 Warnings, 0 Critical Warnings and 0 Errors encountered.
phys_opt_design completed successfully
INFO: [Timing 38-480] Writing timing data to binary archive.
Wrote PlaceDB: Time (s): cpu = 00:00:00 ; elapsed = 00:00:00 . Memory (MB): peak = 3447.621 ; gain = 0.000 ; free physical = 12813 ; free virtual = 29345
Wrote PulsedLatchDB: Time (s): cpu = 00:00:00 ; elapsed = 00:00:00 . Memory (MB): peak = 3447.621 ; gain = 0.000 ; free physical = 12813 ; free virtual = 29345
Writing XDEF routing.
Writing XDEF routing logical nets.
Writing XDEF routing special nets.
Wrote RouteStorage: Time (s): cpu = 00:00:00.16 ; elapsed = 00:00:00.03 . Memory (MB): peak = 3447.621 ; gain = 0.000 ; free physical = 12808 ; free virtual = 29344
Write ShapeDB Complete: Time (s): cpu = 00:00:00.18 ; elapsed = 00:00:00.04 . Memory (MB): peak = 3447.621 ; gain = 0.000 ; free physical = 12808 ; free virtual = 29345
Wrote PlaceStorage: Time (s): cpu = 00:00:00.92 ; elapsed = 00:00:00.5 . Memory (MB): peak = 3447.621 ; gain = 0.000 ; free physical = 12770 ; free virtual = 29333
Wrote Netlist Cache: Time (s): cpu = 00:00:00.01 ; elapsed = 00:00:00.02 . Memory (MB): peak = 3447.621 ; gain = 0.000 ; free physical = 12770 ; free virtual = 29335
Wrote Device Cache: Time (s): cpu = 00:00:00 ; elapsed = 00:00:00 . Memory (MB): peak = 3447.621 ; gain = 0.000 ; free physical = 12770 ; free virtual = 29336
Write Physdb Complete: Time (s): cpu = 00:00:01 ; elapsed = 00:00:00.55 . Memory (MB): peak = 3447.621 ; gain = 0.000 ; free physical = 12770 ; free virtual = 29336
INFO: [Common 17-1381] The checkpoint '/home/khwl/Desktop/claude_RISCOF_RV-IM100/RV-IM100/RV64s/SoCs/RV64I_5SP_Coremark/RV64I59F_5SP_FPGA.runs/impl_1/RV64I59F5SPSoCTOP_physopt.dcp' has been generated.
Command: route_design -directive Explore -tns_cleanup
Attempting to get a license for feature 'Implementation' and/or device 'xc7a200t'
INFO: [Common 17-349] Got license for feature 'Implementation' and/or device 'xc7a200t'


Starting Routing Task
INFO: [Route 35-270] Using Router directive 'Explore'.
INFO: [Route 35-254] Multithreading enabled for route_design using a maximum of 16 CPUs

Phase 1 Build RT Design
Checksum: PlaceDB: f28bda3a ConstDB: 0 ShapeSum: 607c60e7 RouteDB: 981aeb64
Post Restoration Checksum: NetGraph: 7fbfa82f | NumContArr: 8a2fefd2 | Constraints: c2a8fa9d | Timing: c2a8fa9d
Phase 1 Build RT Design | Checksum: 28f418d3b

Time (s): cpu = 00:01:09 ; elapsed = 00:00:22 . Memory (MB): peak = 3447.621 ; gain = 0.000 ; free physical = 12807 ; free virtual = 29349

Phase 2 Router Initialization

Phase 2.1 Fix Topology Constraints
Phase 2.1 Fix Topology Constraints | Checksum: 28f418d3b

Time (s): cpu = 00:01:09 ; elapsed = 00:00:22 . Memory (MB): peak = 3447.621 ; gain = 0.000 ; free physical = 12807 ; free virtual = 29349

Phase 2.2 Pre Route Cleanup
Phase 2.2 Pre Route Cleanup | Checksum: 28f418d3b

Time (s): cpu = 00:01:09 ; elapsed = 00:00:22 . Memory (MB): peak = 3447.621 ; gain = 0.000 ; free physical = 12807 ; free virtual = 29349
 Number of Nodes with overlaps = 0

Phase 2.3 Update Timing
Phase 2.3 Update Timing | Checksum: 1a56ba62a

Time (s): cpu = 00:02:03 ; elapsed = 00:00:28 . Memory (MB): peak = 3447.621 ; gain = 0.000 ; free physical = 12719 ; free virtual = 29260
INFO: [Route 35-416] Intermediate Timing Summary | WNS=0.375  | TNS=0.000  | WHS=-0.243 | THS=-1627.859|


Phase 2.4 Soft Constraint Pins - Fast Budgeting
Phase 2.4 Soft Constraint Pins - Fast Budgeting | Checksum: 184b93b5c

Time (s): cpu = 00:02:08 ; elapsed = 00:00:29 . Memory (MB): peak = 3447.621 ; gain = 0.000 ; free physical = 12719 ; free virtual = 29260

Router Utilization Summary
  Global Vertical Routing Utilization    = 0 %
  Global Horizontal Routing Utilization  = 0 %
  Routable Net Status*
  *Does not include unroutable nets such as driverless and loadless.
  Run report_route_status for detailed report.
  Number of Failed Nets               = 16318
    (Failed Nets is the sum of unrouted and partially routed nets)
  Number of Unrouted Nets             = 16318
  Number of Partially Routed Nets     = 0
  Number of Node Overlaps             = 0

Phase 2 Router Initialization | Checksum: 1dc6324f6

Time (s): cpu = 00:02:09 ; elapsed = 00:00:29 . Memory (MB): peak = 3453.512 ; gain = 5.891 ; free physical = 12696 ; free virtual = 29237

Phase 3 Global Routing
Phase 3 Global Routing | Checksum: 1dc6324f6

Time (s): cpu = 00:02:09 ; elapsed = 00:00:29 . Memory (MB): peak = 3453.512 ; gain = 5.891 ; free physical = 12696 ; free virtual = 29237

Phase 4 Initial Routing

Phase 4.1 Initial Net Routing Pass
Phase 4.1 Initial Net Routing Pass | Checksum: 24c2ff12a

Time (s): cpu = 00:03:03 ; elapsed = 00:00:39 . Memory (MB): peak = 3947.723 ; gain = 500.102 ; free physical = 12170 ; free virtual = 28711
Phase 4 Initial Routing | Checksum: 24c2ff12a

Time (s): cpu = 00:03:04 ; elapsed = 00:00:39 . Memory (MB): peak = 3947.723 ; gain = 500.102 ; free physical = 12170 ; free virtual = 28711
INFO: [Route 35-580] Design has 2 pins with tight setup and hold constraints.

The top 5 pins with tight setup and hold constraints:

+====================+====================+===========================================+
| Launch Setup Clock | Launch Hold Clock  | Pin                                       |
+====================+====================+===========================================+
| clk_out1_clk_wiz_0 | clk_out1_clk_wiz_0 | rv64i59f_5sp/program_counter/pc_reg[56]/D |
| clk_out1_clk_wiz_0 | clk_out1_clk_wiz_0 | rv64i59f_5sp/program_counter/pc_reg[57]/D |
+--------------------+--------------------+-------------------------------------------+

File with complete list of pins: tight_setup_hold_pins.txt


Phase 5 Rip-up And Reroute

Phase 5.1 Global Iteration 0
 Number of Nodes with overlaps = 6253
 Number of Nodes with overlaps = 1250
 Number of Nodes with overlaps = 458
 Number of Nodes with overlaps = 198
 Number of Nodes with overlaps = 85
 Number of Nodes with overlaps = 36
 Number of Nodes with overlaps = 11
 Number of Nodes with overlaps = 2
 Number of Nodes with overlaps = 0
INFO: [Route 35-416] Intermediate Timing Summary | WNS=-3.093 | TNS=-35540.318| WHS=N/A    | THS=N/A    |

Phase 5.1 Global Iteration 0 | Checksum: 1a8e96c47

Time (s): cpu = 00:04:23 ; elapsed = 00:01:25 . Memory (MB): peak = 4779.723 ; gain = 1332.102 ; free physical = 11362 ; free virtual = 27903

Phase 5.2 Global Iteration 1
 Number of Nodes with overlaps = 3289
 Number of Nodes with overlaps = 1082
 Number of Nodes with overlaps = 605
 Number of Nodes with overlaps = 323
 Number of Nodes with overlaps = 179
 Number of Nodes with overlaps = 85
 Number of Nodes with overlaps = 55
 Number of Nodes with overlaps = 24
 Number of Nodes with overlaps = 7
 Number of Nodes with overlaps = 13
 Number of Nodes with overlaps = 8
 Number of Nodes with overlaps = 3
 Number of Nodes with overlaps = 0
INFO: [Route 35-416] Intermediate Timing Summary | WNS=-1.180 | TNS=-1576.073| WHS=N/A    | THS=N/A    |

Phase 5.2 Global Iteration 1 | Checksum: 2643e169c

Time (s): cpu = 00:05:15 ; elapsed = 00:01:58 . Memory (MB): peak = 4779.723 ; gain = 1332.102 ; free physical = 11371 ; free virtual = 27912

Phase 5.3 Global Iteration 2
 Number of Nodes with overlaps = 3294
 Number of Nodes with overlaps = 1844
 Number of Nodes with overlaps = 940
 Number of Nodes with overlaps = 589
 Number of Nodes with overlaps = 345
 Number of Nodes with overlaps = 125
 Number of Nodes with overlaps = 74
 Number of Nodes with overlaps = 36
 Number of Nodes with overlaps = 17
 Number of Nodes with overlaps = 4
 Number of Nodes with overlaps = 2
 Number of Nodes with overlaps = 2
 Number of Nodes with overlaps = 1
 Number of Nodes with overlaps = 1
 Number of Nodes with overlaps = 0
INFO: [Route 35-416] Intermediate Timing Summary | WNS=-0.660 | TNS=-112.487| WHS=N/A    | THS=N/A    |

Phase 5.3 Global Iteration 2 | Checksum: 2cf6fb9ca

Time (s): cpu = 00:07:20 ; elapsed = 00:02:43 . Memory (MB): peak = 4779.723 ; gain = 1332.102 ; free physical = 11372 ; free virtual = 27913

Phase 5.4 Global Iteration 3
 Number of Nodes with overlaps = 5363
 Number of Nodes with overlaps = 1994
 Number of Nodes with overlaps = 998
 Number of Nodes with overlaps = 519
 Number of Nodes with overlaps = 242
 Number of Nodes with overlaps = 121
 Number of Nodes with overlaps = 72
 Number of Nodes with overlaps = 40
 Number of Nodes with overlaps = 9
 Number of Nodes with overlaps = 6
 Number of Nodes with overlaps = 2
 Number of Nodes with overlaps = 1
 Number of Nodes with overlaps = 0
INFO: [Route 35-416] Intermediate Timing Summary | WNS=-0.353 | TNS=-25.338| WHS=N/A    | THS=N/A    |

Phase 5.4 Global Iteration 3 | Checksum: 2185578c0

Time (s): cpu = 00:09:32 ; elapsed = 00:03:30 . Memory (MB): peak = 4779.723 ; gain = 1332.102 ; free physical = 11373 ; free virtual = 27915

Phase 5.5 Global Iteration 4
 Number of Nodes with overlaps = 5804
 Number of Nodes with overlaps = 1169
 Number of Nodes with overlaps = 503
 Number of Nodes with overlaps = 318
 Number of Nodes with overlaps = 126
 Number of Nodes with overlaps = 57
 Number of Nodes with overlaps = 39
 Number of Nodes with overlaps = 16
 Number of Nodes with overlaps = 8
 Number of Nodes with overlaps = 7
 Number of Nodes with overlaps = 2
 Number of Nodes with overlaps = 1
 Number of Nodes with overlaps = 0
INFO: [Route 35-416] Intermediate Timing Summary | WNS=-0.243 | TNS=-3.859 | WHS=N/A    | THS=N/A    |

Phase 5.5 Global Iteration 4 | Checksum: 2473431ff

Time (s): cpu = 00:11:30 ; elapsed = 00:04:14 . Memory (MB): peak = 4779.723 ; gain = 1332.102 ; free physical = 11372 ; free virtual = 27914

Phase 5.6 Global Iteration 5
 Number of Nodes with overlaps = 4345
 Number of Nodes with overlaps = 1095
 Number of Nodes with overlaps = 424
 Number of Nodes with overlaps = 257
 Number of Nodes with overlaps = 90
 Number of Nodes with overlaps = 72
 Number of Nodes with overlaps = 49
 Number of Nodes with overlaps = 25
 Number of Nodes with overlaps = 9
 Number of Nodes with overlaps = 3
 Number of Nodes with overlaps = 0
INFO: [Route 35-416] Intermediate Timing Summary | WNS=-0.321 | TNS=-7.179 | WHS=N/A    | THS=N/A    |

Phase 5.6 Global Iteration 5 | Checksum: 2a59d64ec

Time (s): cpu = 00:13:06 ; elapsed = 00:04:48 . Memory (MB): peak = 4779.723 ; gain = 1332.102 ; free physical = 11375 ; free virtual = 27917
Phase 5 Rip-up And Reroute | Checksum: 2a59d64ec

Time (s): cpu = 00:13:06 ; elapsed = 00:04:48 . Memory (MB): peak = 4779.723 ; gain = 1332.102 ; free physical = 11375 ; free virtual = 27917

Phase 6 Delay and Skew Optimization

Phase 6.1 TNS Cleanup

Phase 6.1.1 Delay CleanUp

Phase 6.1.1.1 Update Timing
Phase 6.1.1.1 Update Timing | Checksum: 2a39931ac

Time (s): cpu = 00:13:09 ; elapsed = 00:04:49 . Memory (MB): peak = 4779.723 ; gain = 1332.102 ; free physical = 11375 ; free virtual = 27917
INFO: [Route 35-416] Intermediate Timing Summary | WNS=-0.236 | TNS=-3.515 | WHS=N/A    | THS=N/A    |

 Number of Nodes with overlaps = 0

Phase 6.1.1.2 Update Timing
Phase 6.1.1.2 Update Timing | Checksum: 267266232

Time (s): cpu = 00:13:10 ; elapsed = 00:04:49 . Memory (MB): peak = 4779.723 ; gain = 1332.102 ; free physical = 11375 ; free virtual = 27917
INFO: [Route 35-416] Intermediate Timing Summary | WNS=-0.236 | TNS=-3.467 | WHS=N/A    | THS=N/A    |

 Number of Nodes with overlaps = 0

Phase 6.1.1.3 Update Timing
Phase 6.1.1.3 Update Timing | Checksum: 2f04887a1

Time (s): cpu = 00:13:12 ; elapsed = 00:04:49 . Memory (MB): peak = 4779.723 ; gain = 1332.102 ; free physical = 11375 ; free virtual = 27917
INFO: [Route 35-416] Intermediate Timing Summary | WNS=-0.236 | TNS=-3.310 | WHS=N/A    | THS=N/A    |

 Number of Nodes with overlaps = 0

Phase 6.1.1.4 Update Timing
Phase 6.1.1.4 Update Timing | Checksum: 29abde741

Time (s): cpu = 00:13:13 ; elapsed = 00:04:50 . Memory (MB): peak = 4779.723 ; gain = 1332.102 ; free physical = 11376 ; free virtual = 27917
INFO: [Route 35-416] Intermediate Timing Summary | WNS=-0.236 | TNS=-3.310 | WHS=N/A    | THS=N/A    |

 Number of Nodes with overlaps = 0

Phase 6.1.1.5 Update Timing
Phase 6.1.1.5 Update Timing | Checksum: 2776923ec

Time (s): cpu = 00:13:15 ; elapsed = 00:04:50 . Memory (MB): peak = 4779.723 ; gain = 1332.102 ; free physical = 11376 ; free virtual = 27917
INFO: [Route 35-416] Intermediate Timing Summary | WNS=-0.236 | TNS=-3.310 | WHS=N/A    | THS=N/A    |

Phase 6.1.1 Delay CleanUp | Checksum: 2e99f8178

Time (s): cpu = 00:13:15 ; elapsed = 00:04:50 . Memory (MB): peak = 4779.723 ; gain = 1332.102 ; free physical = 11376 ; free virtual = 27917
Phase 6.1 TNS Cleanup | Checksum: 2e99f8178

Time (s): cpu = 00:13:15 ; elapsed = 00:04:50 . Memory (MB): peak = 4779.723 ; gain = 1332.102 ; free physical = 11376 ; free virtual = 27917

Phase 6.2 Clock Skew Optimization
Phase 6.2 Clock Skew Optimization | Checksum: 2e99f8178

Time (s): cpu = 00:13:16 ; elapsed = 00:04:50 . Memory (MB): peak = 4779.723 ; gain = 1332.102 ; free physical = 11376 ; free virtual = 27917
Phase 6 Delay and Skew Optimization | Checksum: 2e99f8178

Time (s): cpu = 00:13:16 ; elapsed = 00:04:50 . Memory (MB): peak = 4779.723 ; gain = 1332.102 ; free physical = 11376 ; free virtual = 27917

Phase 7 Post Hold Fix

Phase 7.1 Hold Fix Iter
INFO: [Route 35-416] Intermediate Timing Summary | WNS=-0.236 | TNS=-3.310 | WHS=0.045  | THS=0.000  |

Phase 7.1 Hold Fix Iter | Checksum: 23697d02a

Time (s): cpu = 00:13:19 ; elapsed = 00:04:51 . Memory (MB): peak = 4779.723 ; gain = 1332.102 ; free physical = 11376 ; free virtual = 27917
Phase 7 Post Hold Fix | Checksum: 23697d02a

Time (s): cpu = 00:13:20 ; elapsed = 00:04:51 . Memory (MB): peak = 4779.723 ; gain = 1332.102 ; free physical = 11376 ; free virtual = 27917

Phase 8 Timing Verification

Phase 8.1 Update Timing
Phase 8.1 Update Timing | Checksum: 28e4a1c0f

Time (s): cpu = 00:13:24 ; elapsed = 00:04:51 . Memory (MB): peak = 4779.723 ; gain = 1332.102 ; free physical = 11376 ; free virtual = 27917
INFO: [Route 35-416] Intermediate Timing Summary | WNS=-0.236 | TNS=-3.310 | WHS=0.045  | THS=0.000  |

Phase 8 Timing Verification | Checksum: 28e4a1c0f

Time (s): cpu = 00:13:24 ; elapsed = 00:04:51 . Memory (MB): peak = 4779.723 ; gain = 1332.102 ; free physical = 11376 ; free virtual = 27917

Phase 9 Route finalize

Router Utilization Summary
  Global Vertical Routing Utilization    = 5.87908 %
  Global Horizontal Routing Utilization  = 6.0881 %
  Routable Net Status*
  *Does not include unroutable nets such as driverless and loadless.
  Run report_route_status for detailed report.
  Number of Failed Nets               = 0
    (Failed Nets is the sum of unrouted and partially routed nets)
  Number of Unrouted Nets             = 0
  Number of Partially Routed Nets     = 0
  Number of Node Overlaps             = 0


--GLOBAL Congestion:
Utilization threshold used for congestion level computation: 0.85
Congestion Report
North Dir 2x2 Area, Max Cong = 87.8378%, Congestion bounded by tiles (Lower Left Tile -> Upper Right Tile):
   INT_L_X8Y40 -> INT_R_X9Y41
   INT_L_X10Y38 -> INT_R_X11Y39
South Dir 1x1 Area, Max Cong = 85.5856%, Congestion bounded by tiles (Lower Left Tile -> Upper Right Tile):
   INT_L_X12Y34 -> INT_L_X12Y34
East Dir 1x1 Area, Max Cong = 83.8235%, No Congested Regions.
West Dir 1x1 Area, Max Cong = 86.7647%, Congestion bounded by tiles (Lower Left Tile -> Upper Right Tile):
   INT_L_X18Y47 -> INT_L_X18Y47
   INT_L_X14Y45 -> INT_L_X14Y45

------------------------------
Reporting congestion hotspots
------------------------------
Direction: North
----------------
Congested clusters found at Level 0
Effective congestion level: 2 Aspect Ratio: 0.875 Sparse Ratio: 1.625
Direction: South
----------------
Congested clusters found at Level 0
Effective congestion level: 0 Aspect Ratio: 1 Sparse Ratio: 1
Direction: East
----------------
Congested clusters found at Level 0
Effective congestion level: 0 Aspect Ratio: 1 Sparse Ratio: 0
Direction: West
----------------
Congested clusters found at Level 0
Effective congestion level: 0 Aspect Ratio: 1 Sparse Ratio: 1

Phase 9 Route finalize | Checksum: 28e4a1c0f

Time (s): cpu = 00:13:24 ; elapsed = 00:04:51 . Memory (MB): peak = 4779.723 ; gain = 1332.102 ; free physical = 11376 ; free virtual = 27917

Phase 10 Verifying routed nets

 Verification completed successfully
Phase 10 Verifying routed nets | Checksum: 28e4a1c0f

Time (s): cpu = 00:13:24 ; elapsed = 00:04:52 . Memory (MB): peak = 4779.723 ; gain = 1332.102 ; free physical = 11376 ; free virtual = 27917

Phase 11 Depositing Routes
Phase 11 Depositing Routes | Checksum: 211544643

Time (s): cpu = 00:13:26 ; elapsed = 00:04:52 . Memory (MB): peak = 4779.723 ; gain = 1332.102 ; free physical = 11376 ; free virtual = 27917

Phase 12 Incr Placement Change
Netlist sorting complete. Time (s): cpu = 00:00:00.01 ; elapsed = 00:00:00.01 . Memory (MB): peak = 4779.723 ; gain = 0.000 ; free physical = 11376 ; free virtual = 27917
INFO: [Place 30-746] Post Placement Timing Summary WNS=0.506. For the most accurate timing information please run report_timing.
Ending IncrPlace Task | Checksum: 1587498ed

Time (s): cpu = 00:00:52 ; elapsed = 00:00:29 . Memory (MB): peak = 4811.738 ; gain = 32.016 ; free physical = 11375 ; free virtual = 27917
Phase 12 Incr Placement Change | Checksum: 1587498ed

Time (s): cpu = 00:14:19 ; elapsed = 00:05:21 . Memory (MB): peak = 4811.738 ; gain = 1364.117 ; free physical = 11375 ; free virtual = 27917

Phase 13 Build RT Design
Checksum: PlaceDB: 8e571ad0 ConstDB: 0 ShapeSum: 2f72d916 RouteDB: 9aaaa507
Post Restoration Checksum: NetGraph: 45cdf719 | NumContArr: fa2e900d | Constraints: c2a8fa9d | Timing: c2a8fa9d
Phase 13 Build RT Design | Checksum: 2c54e7c60

Time (s): cpu = 00:15:06 ; elapsed = 00:05:25 . Memory (MB): peak = 4811.738 ; gain = 1364.117 ; free physical = 11375 ; free virtual = 27917

Phase 14 Router Initialization

Phase 14.1 Fix Topology Constraints
Phase 14.1 Fix Topology Constraints | Checksum: 2c54e7c60

Time (s): cpu = 00:15:07 ; elapsed = 00:05:26 . Memory (MB): peak = 4811.738 ; gain = 1364.117 ; free physical = 11375 ; free virtual = 27917

Phase 14.2 Pre Route Cleanup
Phase 14.2 Pre Route Cleanup | Checksum: 30b426ae3

Time (s): cpu = 00:15:07 ; elapsed = 00:05:26 . Memory (MB): peak = 4811.738 ; gain = 1364.117 ; free physical = 11375 ; free virtual = 27917
 Number of Nodes with overlaps = 0

Phase 14.3 Update Timing
Phase 14.3 Update Timing | Checksum: 2f4e9fb1b

Time (s): cpu = 00:16:02 ; elapsed = 00:05:31 . Memory (MB): peak = 4811.738 ; gain = 1364.117 ; free physical = 11376 ; free virtual = 27917
INFO: [Route 35-416] Intermediate Timing Summary | WNS=0.417  | TNS=0.000  | WHS=-0.243 | THS=-1616.932|


Phase 14.4 Soft Constraint Pins - Fast Budgeting
Phase 14.4 Soft Constraint Pins - Fast Budgeting | Checksum: 2feec896e

Time (s): cpu = 00:16:07 ; elapsed = 00:05:32 . Memory (MB): peak = 4811.738 ; gain = 1364.117 ; free physical = 11376 ; free virtual = 27917

Router Utilization Summary
  Global Vertical Routing Utilization    = 5.81012 %
  Global Horizontal Routing Utilization  = 6.01328 %
  Routable Net Status*
  *Does not include unroutable nets such as driverless and loadless.
  Run report_route_status for detailed report.
  Number of Failed Nets               = 785
    (Failed Nets is the sum of unrouted and partially routed nets)
  Number of Unrouted Nets             = 367
  Number of Partially Routed Nets     = 418
  Number of Node Overlaps             = 0

Phase 14 Router Initialization | Checksum: 347dfdae3

Time (s): cpu = 00:16:08 ; elapsed = 00:05:32 . Memory (MB): peak = 4811.738 ; gain = 1364.117 ; free physical = 11376 ; free virtual = 27918

Phase 15 Global Routing
Phase 15 Global Routing | Checksum: 347dfdae3

Time (s): cpu = 00:16:08 ; elapsed = 00:05:32 . Memory (MB): peak = 4811.738 ; gain = 1364.117 ; free physical = 11376 ; free virtual = 27918

Phase 16 Initial Routing

Phase 16.1 Initial Net Routing Pass
Phase 16.1 Initial Net Routing Pass | Checksum: 1ea03a7d5

Time (s): cpu = 00:16:11 ; elapsed = 00:05:33 . Memory (MB): peak = 4811.738 ; gain = 1364.117 ; free physical = 11376 ; free virtual = 27917
Phase 16 Initial Routing | Checksum: 1ea03a7d5

Time (s): cpu = 00:16:11 ; elapsed = 00:05:33 . Memory (MB): peak = 4811.738 ; gain = 1364.117 ; free physical = 11376 ; free virtual = 27917
INFO: [Route 35-580] Design has 2 pins with tight setup and hold constraints.

The top 5 pins with tight setup and hold constraints:

+====================+====================+==================================================================+
| Launch Setup Clock | Launch Hold Clock  | Pin                                                              |
+====================+====================+==================================================================+
| clk_out1_clk_wiz_0 | clk_out1_clk_wiz_0 | rv64i59f_5sp/data_memory/memory_reg_3584_3839_7_7/RAMS64E_A/ADR0 |
| clk_out1_clk_wiz_0 | clk_out1_clk_wiz_0 | rv64i59f_5sp/data_memory/memory_reg_3584_3839_7_7/RAMS64E_B/ADR0 |
+--------------------+--------------------+------------------------------------------------------------------+

File with complete list of pins: tight_setup_hold_pins.txt


Phase 17 Rip-up And Reroute

Phase 17.1 Global Iteration 0
 Number of Nodes with overlaps = 1312
 Number of Nodes with overlaps = 441
 Number of Nodes with overlaps = 163
 Number of Nodes with overlaps = 55
 Number of Nodes with overlaps = 18
 Number of Nodes with overlaps = 3
 Number of Nodes with overlaps = 1
 Number of Nodes with overlaps = 0
INFO: [Route 35-416] Intermediate Timing Summary | WNS=-0.276 | TNS=-4.279 | WHS=N/A    | THS=N/A    |

Phase 17.1 Global Iteration 0 | Checksum: 234e60543

Time (s): cpu = 00:16:39 ; elapsed = 00:05:47 . Memory (MB): peak = 4811.738 ; gain = 1364.117 ; free physical = 11375 ; free virtual = 27917

Phase 17.2 Global Iteration 1
 Number of Nodes with overlaps = 4274
 Number of Nodes with overlaps = 2732
 Number of Nodes with overlaps = 1058
 Number of Nodes with overlaps = 761
 Number of Nodes with overlaps = 365
 Number of Nodes with overlaps = 187
 Number of Nodes with overlaps = 128
 Number of Nodes with overlaps = 50
 Number of Nodes with overlaps = 26
 Number of Nodes with overlaps = 9
 Number of Nodes with overlaps = 1
 Number of Nodes with overlaps = 5
 Number of Nodes with overlaps = 0
INFO: [Route 35-416] Intermediate Timing Summary | WNS=-0.149 | TNS=-0.523 | WHS=N/A    | THS=N/A    |

Phase 17.2 Global Iteration 1 | Checksum: 22f00d1a2

Time (s): cpu = 00:17:34 ; elapsed = 00:06:20 . Memory (MB): peak = 4811.738 ; gain = 1364.117 ; free physical = 11380 ; free virtual = 27922

Phase 17.3 Global Iteration 2
 Number of Nodes with overlaps = 3262
 Number of Nodes with overlaps = 1077
 Number of Nodes with overlaps = 843
 Number of Nodes with overlaps = 359
 Number of Nodes with overlaps = 193
 Number of Nodes with overlaps = 62
 Number of Nodes with overlaps = 31
 Number of Nodes with overlaps = 12
 Number of Nodes with overlaps = 6
 Number of Nodes with overlaps = 2
 Number of Nodes with overlaps = 1
 Number of Nodes with overlaps = 0
INFO: [Route 35-416] Intermediate Timing Summary | WNS=0.130  | TNS=0.000  | WHS=N/A    | THS=N/A    |

Phase 17.3 Global Iteration 2 | Checksum: 2463ec624

Time (s): cpu = 00:18:47 ; elapsed = 00:06:43 . Memory (MB): peak = 4811.738 ; gain = 1364.117 ; free physical = 11379 ; free virtual = 27921
Phase 17 Rip-up And Reroute | Checksum: 2463ec624

Time (s): cpu = 00:18:47 ; elapsed = 00:06:43 . Memory (MB): peak = 4811.738 ; gain = 1364.117 ; free physical = 11379 ; free virtual = 27921

Phase 18 Delay and Skew Optimization

Phase 18.1 TNS Cleanup

Phase 18.1.1 Delay CleanUp
Phase 18.1.1 Delay CleanUp | Checksum: 2463ec624

Time (s): cpu = 00:18:47 ; elapsed = 00:06:43 . Memory (MB): peak = 4811.738 ; gain = 1364.117 ; free physical = 11379 ; free virtual = 27921
Phase 18.1 TNS Cleanup | Checksum: 2463ec624

Time (s): cpu = 00:18:47 ; elapsed = 00:06:43 . Memory (MB): peak = 4811.738 ; gain = 1364.117 ; free physical = 11379 ; free virtual = 27921

Phase 18.2 Clock Skew Optimization
Phase 18.2 Clock Skew Optimization | Checksum: 2463ec624

Time (s): cpu = 00:18:47 ; elapsed = 00:06:43 . Memory (MB): peak = 4811.738 ; gain = 1364.117 ; free physical = 11379 ; free virtual = 27921
Phase 18 Delay and Skew Optimization | Checksum: 2463ec624

Time (s): cpu = 00:18:48 ; elapsed = 00:06:43 . Memory (MB): peak = 4811.738 ; gain = 1364.117 ; free physical = 11379 ; free virtual = 27921

Phase 19 Post Hold Fix

Phase 19.1 Hold Fix Iter
INFO: [Route 35-416] Intermediate Timing Summary | WNS=0.137  | TNS=0.000  | WHS=0.045  | THS=0.000  |

Phase 19.1 Hold Fix Iter | Checksum: 1fbac66a8

Time (s): cpu = 00:18:51 ; elapsed = 00:06:44 . Memory (MB): peak = 4811.738 ; gain = 1364.117 ; free physical = 11379 ; free virtual = 27921
Phase 19 Post Hold Fix | Checksum: 1fbac66a8

Time (s): cpu = 00:18:51 ; elapsed = 00:06:44 . Memory (MB): peak = 4811.738 ; gain = 1364.117 ; free physical = 11379 ; free virtual = 27921

Phase 20 Timing Verification

Phase 20.1 Update Timing
Phase 20.1 Update Timing | Checksum: 1fbac66a8

Time (s): cpu = 00:18:56 ; elapsed = 00:06:44 . Memory (MB): peak = 4811.738 ; gain = 1364.117 ; free physical = 11378 ; free virtual = 27920
INFO: [Route 35-416] Intermediate Timing Summary | WNS=0.137  | TNS=0.000  | WHS=0.045  | THS=0.000  |

Phase 20 Timing Verification | Checksum: 1fbac66a8

Time (s): cpu = 00:18:56 ; elapsed = 00:06:44 . Memory (MB): peak = 4811.738 ; gain = 1364.117 ; free physical = 11378 ; free virtual = 27920

Phase 21 Route finalize

Router Utilization Summary
  Global Vertical Routing Utilization    = 5.88671 %
  Global Horizontal Routing Utilization  = 6.11143 %
  Routable Net Status*
  *Does not include unroutable nets such as driverless and loadless.
  Run report_route_status for detailed report.
  Number of Failed Nets               = 0
    (Failed Nets is the sum of unrouted and partially routed nets)
  Number of Unrouted Nets             = 0
  Number of Partially Routed Nets     = 0
  Number of Node Overlaps             = 0

Phase 21 Route finalize | Checksum: 1fbac66a8

Time (s): cpu = 00:18:56 ; elapsed = 00:06:44 . Memory (MB): peak = 4811.738 ; gain = 1364.117 ; free physical = 11378 ; free virtual = 27920

Phase 22 Verifying routed nets

 Verification completed successfully
Phase 22 Verifying routed nets | Checksum: 1fbac66a8

Time (s): cpu = 00:18:56 ; elapsed = 00:06:44 . Memory (MB): peak = 4811.738 ; gain = 1364.117 ; free physical = 11378 ; free virtual = 27920

Phase 23 Depositing Routes
Phase 23 Depositing Routes | Checksum: 146cfe01e

Time (s): cpu = 00:18:58 ; elapsed = 00:06:45 . Memory (MB): peak = 4811.738 ; gain = 1364.117 ; free physical = 11378 ; free virtual = 27920

Phase 24 Post Process Routing
Phase 24 Post Process Routing | Checksum: 146cfe01e

Time (s): cpu = 00:18:58 ; elapsed = 00:06:45 . Memory (MB): peak = 4811.738 ; gain = 1364.117 ; free physical = 11378 ; free virtual = 27920

Phase 25 Post Router Timing
INFO: [Route 35-20] Post Routing Timing Summary | WNS=0.149  | TNS=0.000  | WHS=0.048  | THS=0.000  |

Phase 25 Post Router Timing | Checksum: 1bf4bd117

Time (s): cpu = 00:19:49 ; elapsed = 00:06:50 . Memory (MB): peak = 4811.738 ; gain = 1364.117 ; free physical = 11377 ; free virtual = 27919
INFO: [Route 35-61] The design met the timing requirement.
Total Elapsed time in route_design: 409.97 secs

Phase 26 Post-Route Event Processing
Phase 26 Post-Route Event Processing | Checksum: 1ddcd518d

Time (s): cpu = 00:19:49 ; elapsed = 00:06:50 . Memory (MB): peak = 4811.738 ; gain = 1364.117 ; free physical = 11377 ; free virtual = 27919
INFO: [Route 35-16] Router Completed Successfully
Ending Routing Task | Checksum: 1ddcd518d

Time (s): cpu = 00:19:49 ; elapsed = 00:06:50 . Memory (MB): peak = 4811.738 ; gain = 1364.117 ; free physical = 11377 ; free virtual = 27919

Routing Is Done.
INFO: [Common 17-83] Releasing license: Implementation
139 Infos, 0 Warnings, 0 Critical Warnings and 0 Errors encountered.
route_design completed successfully
route_design: Time (s): cpu = 00:19:49 ; elapsed = 00:06:50 . Memory (MB): peak = 4811.738 ; gain = 1364.117 ; free physical = 11377 ; free virtual = 27919
INFO: [Vivado 12-24828] Executing command : report_drc -file RV64I59F5SPSoCTOP_drc_routed.rpt -pb RV64I59F5SPSoCTOP_drc_routed.pb -rpx RV64I59F5SPSoCTOP_drc_routed.rpx
Command: report_drc -file RV64I59F5SPSoCTOP_drc_routed.rpt -pb RV64I59F5SPSoCTOP_drc_routed.pb -rpx RV64I59F5SPSoCTOP_drc_routed.rpx
INFO: [IP_Flow 19-1839] IP Catalog is up to date.
INFO: [DRC 23-27] Running DRC with 16 threads
INFO: [Vivado_Tcl 2-168] The results of DRC are in file /home/khwl/Desktop/claude_RISCOF_RV-IM100/RV-IM100/RV64s/SoCs/RV64I_5SP_Coremark/RV64I59F_5SP_FPGA.runs/impl_1/RV64I59F5SPSoCTOP_drc_routed.rpt.
report_drc completed successfully
INFO: [Vivado 12-24828] Executing command : report_methodology -file RV64I59F5SPSoCTOP_methodology_drc_routed.rpt -pb RV64I59F5SPSoCTOP_methodology_drc_routed.pb -rpx RV64I59F5SPSoCTOP_methodology_drc_routed.rpx
Command: report_methodology -file RV64I59F5SPSoCTOP_methodology_drc_routed.rpt -pb RV64I59F5SPSoCTOP_methodology_drc_routed.pb -rpx RV64I59F5SPSoCTOP_methodology_drc_routed.rpx
INFO: [Timing 38-35] Done setting XDC timing constraints.
INFO: [DRC 23-133] Running Methodology with 16 threads
INFO: [Vivado_Tcl 2-1520] The results of Report Methodology are in file /home/khwl/Desktop/claude_RISCOF_RV-IM100/RV-IM100/RV64s/SoCs/RV64I_5SP_Coremark/RV64I59F_5SP_FPGA.runs/impl_1/RV64I59F5SPSoCTOP_methodology_drc_routed.rpt.
report_methodology completed successfully
report_methodology: Time (s): cpu = 00:01:02 ; elapsed = 00:00:06 . Memory (MB): peak = 4811.738 ; gain = 0.000 ; free physical = 11379 ; free virtual = 27922
INFO: [Vivado 12-24828] Executing command : report_timing_summary -max_paths 10 -routable_nets -report_unconstrained -file RV64I59F5SPSoCTOP_timing_summary_routed.rpt -pb RV64I59F5SPSoCTOP_timing_summary_routed.pb -rpx RV64I59F5SPSoCTOP_timing_summary_routed.rpx
INFO: [Timing 38-35] Done setting XDC timing constraints.
INFO: [Timing 38-91] UpdateTimingParams: Speed grade: -1, Delay Type: min_max.
INFO: [Timing 38-191] Multithreading enabled for timing update using a maximum of 16 CPUs
INFO: [Vivado 12-24838] Running report commands "report_bus_skew, report_incremental_reuse, report_route_status" in parallel.
Running report generation with 3 threads.
INFO: [Vivado 12-24828] Executing command : report_incremental_reuse -file RV64I59F5SPSoCTOP_incremental_reuse_routed.rpt
INFO: [Vivado_Tcl 4-1062] Incremental flow is disabled. No incremental reuse Info to report.
INFO: [Vivado 12-24828] Executing command : report_bus_skew -warn_on_violation -file RV64I59F5SPSoCTOP_bus_skew_routed.rpt -pb RV64I59F5SPSoCTOP_bus_skew_routed.pb -rpx RV64I59F5SPSoCTOP_bus_skew_routed.rpx
INFO: [Timing 38-91] UpdateTimingParams: Speed grade: -1, Delay Type: min_max.
INFO: [Timing 38-191] Multithreading enabled for timing update using a maximum of 16 CPUs
INFO: [Vivado 12-24828] Executing command : report_route_status -file RV64I59F5SPSoCTOP_route_status.rpt -pb RV64I59F5SPSoCTOP_route_status.pb
INFO: [Vivado 12-24828] Executing command : report_power -file RV64I59F5SPSoCTOP_power_routed.rpt -pb RV64I59F5SPSoCTOP_power_summary_routed.pb -rpx RV64I59F5SPSoCTOP_power_routed.rpx
Command: report_power -file RV64I59F5SPSoCTOP_power_routed.rpt -pb RV64I59F5SPSoCTOP_power_summary_routed.pb -rpx RV64I59F5SPSoCTOP_power_routed.rpx
Running Vector-less Activity Propagation...

Finished Running Vector-less Activity Propagation
159 Infos, 0 Warnings, 0 Critical Warnings and 0 Errors encountered.
report_power completed successfully
INFO: [Vivado 12-24828] Executing command : report_clock_utilization -file RV64I59F5SPSoCTOP_clock_utilization_routed.rpt
generate_parallel_reports: Time (s): cpu = 00:01:26 ; elapsed = 00:00:12 . Memory (MB): peak = 4947.805 ; gain = 136.066 ; free physical = 11361 ; free virtual = 27913
INFO: [Timing 38-480] Writing timing data to binary archive.
Wrote PlaceDB: Time (s): cpu = 00:00:00 ; elapsed = 00:00:00 . Memory (MB): peak = 4947.805 ; gain = 0.000 ; free physical = 11361 ; free virtual = 27913
Wrote PulsedLatchDB: Time (s): cpu = 00:00:00 ; elapsed = 00:00:00 . Memory (MB): peak = 4947.805 ; gain = 0.000 ; free physical = 11361 ; free virtual = 27913
Writing XDEF routing.
Writing XDEF routing logical nets.
Write ShapeDB Complete: Time (s): cpu = 00:00:00.23 ; elapsed = 00:00:00.05 . Memory (MB): peak = 4947.805 ; gain = 0.000 ; free physical = 11356 ; free virtual = 27914
Writing XDEF routing special nets.
Wrote RouteStorage: Time (s): cpu = 00:00:00.79 ; elapsed = 00:00:00.14 . Memory (MB): peak = 4947.805 ; gain = 0.000 ; free physical = 11349 ; free virtual = 27917
Wrote PlaceStorage: Time (s): cpu = 00:00:00.72 ; elapsed = 00:00:00.54 . Memory (MB): peak = 4947.805 ; gain = 0.000 ; free physical = 11314 ; free virtual = 27903
Wrote Netlist Cache: Time (s): cpu = 00:00:00.01 ; elapsed = 00:00:00.01 . Memory (MB): peak = 4947.805 ; gain = 0.000 ; free physical = 11314 ; free virtual = 27905
Wrote Device Cache: Time (s): cpu = 00:00:00.01 ; elapsed = 00:00:00.01 . Memory (MB): peak = 4947.805 ; gain = 0.000 ; free physical = 11314 ; free virtual = 27906
Write Physdb Complete: Time (s): cpu = 00:00:02 ; elapsed = 00:00:00.71 . Memory (MB): peak = 4947.805 ; gain = 0.000 ; free physical = 11314 ; free virtual = 27906
INFO: [Common 17-1381] The checkpoint '/home/khwl/Desktop/claude_RISCOF_RV-IM100/RV-IM100/RV64s/SoCs/RV64I_5SP_Coremark/RV64I59F_5SP_FPGA.runs/impl_1/RV64I59F5SPSoCTOP_routed.dcp' has been generated.
Command: phys_opt_design -directive Explore
Attempting to get a license for feature 'Implementation' and/or device 'xc7a200t'
INFO: [Common 17-349] Got license for feature 'Implementation' and/or device 'xc7a200t'
INFO: [Vivado_Tcl 4-241] Physical synthesis in post route mode 
INFO: [Vivado_Tcl 4-137] Directive used for phys_opt_design is: Explore
INFO: [Vivado_Tcl 4-2279] Estimated Timing Summary | WNS= 0.149 | TNS= 0.000 | 
INFO: [Vivado_Tcl 4-383] Design worst setup slack (WNS) is greater than or equal to 0.000 ns. All physical synthesis setup optimizations will be skipped.
INFO: [Vivado_Tcl 4-232] No setup violation found. The netlist was not modified.
INFO: [Common 17-83] Releasing license: Implementation
169 Infos, 0 Warnings, 0 Critical Warnings and 0 Errors encountered.
phys_opt_design completed successfully
INFO: [Vivado 12-24828] Executing command : report_timing_summary -max_paths 10 -report_unconstrained -warn_on_violation -file RV64I59F5SPSoCTOP_timing_summary_postroute_physopted.rpt -pb RV64I59F5SPSoCTOP_timing_summary_postroute_physopted.pb -rpx RV64I59F5SPSoCTOP_timing_summary_postroute_physopted.rpx
INFO: [Timing 38-91] UpdateTimingParams: Speed grade: -1, Delay Type: min_max.
INFO: [Timing 38-191] Multithreading enabled for timing update using a maximum of 16 CPUs
INFO: [Vivado 12-24828] Executing command : report_bus_skew -warn_on_violation -file RV64I59F5SPSoCTOP_bus_skew_postroute_physopted.rpt -pb RV64I59F5SPSoCTOP_bus_skew_postroute_physopted.pb -rpx RV64I59F5SPSoCTOP_bus_skew_postroute_physopted.rpx
INFO: [Timing 38-91] UpdateTimingParams: Speed grade: -1, Delay Type: min_max.
INFO: [Timing 38-191] Multithreading enabled for timing update using a maximum of 16 CPUs
INFO: [Timing 38-480] Writing timing data to binary archive.
Wrote PlaceDB: Time (s): cpu = 00:00:00 ; elapsed = 00:00:00 . Memory (MB): peak = 4947.805 ; gain = 0.000 ; free physical = 11339 ; free virtual = 27902
Wrote PulsedLatchDB: Time (s): cpu = 00:00:00 ; elapsed = 00:00:00 . Memory (MB): peak = 4947.805 ; gain = 0.000 ; free physical = 11339 ; free virtual = 27902
Writing XDEF routing.
Writing XDEF routing logical nets.
Write ShapeDB Complete: Time (s): cpu = 00:00:00.23 ; elapsed = 00:00:00.05 . Memory (MB): peak = 4947.805 ; gain = 0.000 ; free physical = 11336 ; free virtual = 27905
Writing XDEF routing special nets.
Wrote RouteStorage: Time (s): cpu = 00:00:00.78 ; elapsed = 00:00:00.14 . Memory (MB): peak = 4947.805 ; gain = 0.000 ; free physical = 11328 ; free virtual = 27907
Wrote PlaceStorage: Time (s): cpu = 00:00:00.69 ; elapsed = 00:00:00.52 . Memory (MB): peak = 4947.805 ; gain = 0.000 ; free physical = 11312 ; free virtual = 27913
Wrote Netlist Cache: Time (s): cpu = 00:00:00.02 ; elapsed = 00:00:00.01 . Memory (MB): peak = 4947.805 ; gain = 0.000 ; free physical = 11304 ; free virtual = 27908
Wrote Device Cache: Time (s): cpu = 00:00:00 ; elapsed = 00:00:00.01 . Memory (MB): peak = 4947.805 ; gain = 0.000 ; free physical = 11304 ; free virtual = 27908
Write Physdb Complete: Time (s): cpu = 00:00:01 ; elapsed = 00:00:00.68 . Memory (MB): peak = 4947.805 ; gain = 0.000 ; free physical = 11304 ; free virtual = 27908
INFO: [Common 17-1381] The checkpoint '/home/khwl/Desktop/claude_RISCOF_RV-IM100/RV-IM100/RV64s/SoCs/RV64I_5SP_Coremark/RV64I59F_5SP_FPGA.runs/impl_1/RV64I59F5SPSoCTOP_postroute_physopt.dcp' has been generated.
INFO: [Common 17-206] Exiting Vivado at Tue Sep 15 20:38:35 2026...
