Copyright 1986-2022 Xilinx, Inc. All Rights Reserved. Copyright 2022-2025 Advanced Micro Devices, Inc. All Rights Reserved.
------------------------------------------------------------------------------------------------------------------------------------------------------
| Tool Version     : Vivado v.2025.2 (lin64) Build 6299465 Fri Nov 14 12:34:56 MST 2025
| Date             : Mon Sep 14 04:05:30 2026
| Host             : khwl-ThinkPad-X1-Carbon-Gen-13 running 64-bit Ubuntu 24.04.4 LTS
| Command          : report_power -file /home/khwl/Desktop/RV-IM100/riscof-env/saif/RV64IM_7SP_BRAM_Opt_coremark/power_saif.rpt
| Design           : RV64IM72F5SPSoCTOP
| Device           : xc7a200tsbg484-1
| Design State     : routed
| Grade            : commercial
| Process          : typical
| Characterization : Production
------------------------------------------------------------------------------------------------------------------------------------------------------

Power Report

Table of Contents
-----------------
1. Summary
1.1 On-Chip Components
1.2 Power Supply Summary
1.3 Confidence Level
2. Settings
2.1 Environment
2.2 Clock Constraints
3. Detailed Reports
3.1 By Hierarchy

1. Summary
----------

+--------------------------+----------------------------------------------------------------------------------------------------+
| Total On-Chip Power (W)  | 0.499                                                                                              |
| Design Power Budget (W)  | Unspecified*                                                                                       |
| Power Budget Margin (W)  | NA                                                                                                 |
| Dynamic (W)              | 0.346                                                                                              |
| Device Static (W)        | 0.154                                                                                              |
| Effective TJA (C/W)      | 3.3                                                                                                |
| Max Ambient (C)          | 83.3                                                                                               |
| Junction Temperature (C) | 26.7                                                                                               |
| Confidence Level         | High                                                                                               |
| Setting File             | ---                                                                                                |
| Simulation Activity File | /home/khwl/Desktop/RV-IM100/riscof-env/saif/RV64IM_7SP_BRAM_Opt_coremark/kernel.saif |
| Design Nets Matched      | 64%   (15376/24046)                                                                                |
+--------------------------+----------------------------------------------------------------------------------------------------+
* Specify Design Power Budget using, set_operating_conditions -design_power_budget <value in Watts>


1.1 On-Chip Components
----------------------

+--------------------------+-----------+----------+-----------+-----------------+
| On-Chip                  | Power (W) | Used     | Available | Utilization (%) |
+--------------------------+-----------+----------+-----------+-----------------+
| Clocks                   |     0.021 |        8 |       --- |             --- |
| Slice Logic              |     0.082 |    21077 |       --- |             --- |
|   LUT as Logic           |     0.076 |    11933 |    134600 |            8.87 |
|   F7/F8 Muxes            |     0.003 |     3039 |    134600 |            2.26 |
|   CARRY4                 |    <0.001 |      519 |     33650 |            1.54 |
|   Register               |    <0.001 |     4186 |    269200 |            1.55 |
|   LUT as Distributed RAM |    <0.001 |       88 |     46200 |            0.19 |
|   Others                 |     0.000 |       40 |       --- |             --- |
| Signals                  |     0.091 |    13830 |       --- |             --- |
| Block RAM                |     0.035 |       24 |       365 |            6.58 |
| PLL                      |     0.113 |        1 |        10 |           10.00 |
| DSPs                     |    <0.001 |       20 |       740 |            2.70 |
| I/O                      |     0.003 |       12 |       285 |            4.21 |
| Static Power             |     0.154 |          |           |                 |
| Total                    |     0.499 |          |           |                 |
+--------------------------+-----------+----------+-----------+-----------------+


1.2 Power Supply Summary
------------------------

+-----------+-------------+-----------+-------------+------------+-------------+-------------+------------+
| Source    | Voltage (V) | Total (A) | Dynamic (A) | Static (A) | Powerup (A) | Budget (A)  | Margin (A) |
+-----------+-------------+-----------+-------------+------------+-------------+-------------+------------+
| Vccint    |       1.000 |     0.270 |       0.238 |      0.032 |       NA    | Unspecified | NA         |
| Vccaux    |       1.800 |     0.087 |       0.057 |      0.031 |       NA    | Unspecified | NA         |
| Vcco33    |       3.300 |     0.005 |       0.000 |      0.005 |       NA    | Unspecified | NA         |
| Vcco25    |       2.500 |     0.006 |       0.001 |      0.005 |       NA    | Unspecified | NA         |
| Vcco18    |       1.800 |     0.000 |       0.000 |      0.000 |       NA    | Unspecified | NA         |
| Vcco15    |       1.500 |     0.000 |       0.000 |      0.000 |       NA    | Unspecified | NA         |
| Vcco135   |       1.350 |     0.000 |       0.000 |      0.000 |       NA    | Unspecified | NA         |
| Vcco12    |       1.200 |     0.000 |       0.000 |      0.000 |       NA    | Unspecified | NA         |
| Vccaux_io |       1.800 |     0.000 |       0.000 |      0.000 |       NA    | Unspecified | NA         |
| Vccbram   |       1.000 |     0.004 |       0.003 |      0.001 |       NA    | Unspecified | NA         |
| MGTAVcc   |       1.000 |     0.000 |       0.000 |      0.000 |       NA    | Unspecified | NA         |
| MGTAVtt   |       1.200 |     0.000 |       0.000 |      0.000 |       NA    | Unspecified | NA         |
| Vccadc    |       1.800 |     0.020 |       0.000 |      0.020 |       NA    | Unspecified | NA         |
+-----------+-------------+-----------+-------------+------------+-------------+-------------+------------+


1.3 Confidence Level
--------------------

+-----------------------------+------------+------------------------------------------------+--------+
| User Input Data             | Confidence | Details                                        | Action |
+-----------------------------+------------+------------------------------------------------+--------+
| Design implementation state | High       | Design is routed                               |        |
| Clock nodes activity        | High       | User specified more than 95% of clocks         |        |
| I/O nodes activity          | High       | User specified more than 95% of inputs         |        |
| Internal nodes activity     | High       | User specified more than 25% of internal nodes |        |
| Device models               | High       | Device models are Production                   |        |
|                             |            |                                                |        |
| Overall confidence level    | High       |                                                |        |
+-----------------------------+------------+------------------------------------------------+--------+


2. Settings
-----------

2.1 Environment
---------------

+-----------------------+--------------------------+
| Ambient Temp (C)      | 25.0                     |
| ThetaJA (C/W)         | 3.3                      |
| Airflow (LFM)         | 250                      |
| Heat Sink             | medium (Medium Profile)  |
| ThetaSA (C/W)         | 4.6                      |
| Board Selection       | medium (10"x10")         |
| # of Board Layers     | 12to15 (12 to 15 Layers) |
| Board Temperature (C) | 25.0                     |
+-----------------------+--------------------------+


2.2 Clock Constraints
---------------------

+----------------------+---------------------------------+-----------------+
| Clock                | Domain                          | Constraint (ns) |
+----------------------+---------------------------------+-----------------+
| clk                  | clk                             |            10.0 |
| clk_out1_clk_wiz_0   | clk_gen/inst/clk_out1_clk_wiz_0 |            12.0 |
| clk_out1_clk_wiz_0_1 | clk_gen/inst/clk_out1_clk_wiz_0 |            12.0 |
| clkfbout_clk_wiz_0   | clk_gen/inst/clkfbout_clk_wiz_0 |            50.0 |
| clkfbout_clk_wiz_0_1 | clk_gen/inst/clkfbout_clk_wiz_0 |            50.0 |
| sys_clk_pin          | clk                             |            10.0 |
+----------------------+---------------------------------+-----------------+


3. Detailed Reports
-------------------

3.1 By Hierarchy
----------------

+------------------------+-----------+
| Name                   | Power (W) |
+------------------------+-----------+
| RV64IM72F5SPSoCTOP     |     0.346 |
|   clk_gen              |     0.114 |
|     inst               |     0.114 |
|   rv64im72f_6sp        |     0.228 |
|     alu                |     0.007 |
|       divider_dword    |     0.002 |
|       divider_word     |     0.001 |
|       multiplier_dword |     0.002 |
|       multiplier_word  |     0.001 |
|     csr_file           |     0.002 |
|     data_memory        |     0.028 |
|     ex_ex2_register    |     0.130 |
|     ex_mem_register    |     0.005 |
|     exception_detector |     0.002 |
|     forward_unit       |     0.002 |
|     id_ex_register     |     0.030 |
|     if_io_register     |     0.002 |
|     instruction_memory |     0.012 |
|     io_id_register     |     0.004 |
|     mem_wb_register    |     0.002 |
|     register_file      |     0.001 |
+------------------------+-----------+


