
*** Running vivado
    with args -log RV32IM72F7SPSoCTOP.vdi -applog -m64 -product Vivado -messageDb vivado.pb -mode batch -source RV32IM72F7SPSoCTOP.tcl -notrace


****** Vivado v2025.2 (64-bit)
  **** SW Build 6299465 on Fri Nov 14 12:34:56 MST 2025
  **** IP Build 6300035 on Fri Nov 14 10:48:45 MST 2025
  **** SharedData Build 6298862 on Thu Nov 13 04:50:51 MST 2025
  **** Start of session at: Wed Sep  9 03:22:36 2026
    ** Copyright 1986-2022 Xilinx, Inc. All Rights Reserved.
    ** Copyright 2022-2025 Advanced Micro Devices, Inc. All Rights Reserved.

source RV32IM72F7SPSoCTOP.tcl -notrace
Command: link_design -top RV32IM72F7SPSoCTOP -part xc7a200tsbg484-1
Design is defaulting to srcset: sources_1
Design is defaulting to constrset: constrs_1
INFO: [Device 21-403] Loading part xc7a200tsbg484-1
INFO: [Project 1-5699] Read binary netlist with skipMacroContent - 1
INFO: [Project 1-454] Reading design checkpoint '/home/khwl/Desktop/claude_RISCOF_RV-IM100/RV-IM100/RV32s/SoCs/RV32IM_7SP/RV64IM72F_7SP_FPGA.gen/sources_1/ip/clk_wiz_0_1/clk_wiz_0.dcp' for cell 'clk_gen'
Netlist sorting complete. Time (s): cpu = 00:00:00.05 ; elapsed = 00:00:00.05 . Memory (MB): peak = 1803.102 ; gain = 0.000 ; free physical = 7007 ; free virtual = 29135
INFO: [Netlist 29-17] Analyzing 3079 Unisim elements for replacement
INFO: [Netlist 29-28] Unisim Transformation completed in 0 CPU seconds
INFO: [Project 1-479] Netlist was created with Vivado 2025.2
INFO: [Project 1-570] Preparing netlist for logic optimization
Parsing XDC File [/home/khwl/Desktop/claude_RISCOF_RV-IM100/RV-IM100/RV32s/SoCs/RV32IM_7SP/RV64IM72F_7SP_FPGA.gen/sources_1/ip/clk_wiz_0_1/clk_wiz_0_board.xdc] for cell 'clk_gen/inst'
Finished Parsing XDC File [/home/khwl/Desktop/claude_RISCOF_RV-IM100/RV-IM100/RV32s/SoCs/RV32IM_7SP/RV64IM72F_7SP_FPGA.gen/sources_1/ip/clk_wiz_0_1/clk_wiz_0_board.xdc] for cell 'clk_gen/inst'
Parsing XDC File [/home/khwl/Desktop/claude_RISCOF_RV-IM100/RV-IM100/RV32s/SoCs/RV32IM_7SP/RV64IM72F_7SP_FPGA.gen/sources_1/ip/clk_wiz_0_1/clk_wiz_0.xdc] for cell 'clk_gen/inst'
INFO: [Timing 38-35] Done setting XDC timing constraints. [/home/khwl/Desktop/claude_RISCOF_RV-IM100/RV-IM100/RV32s/SoCs/RV32IM_7SP/RV64IM72F_7SP_FPGA.gen/sources_1/ip/clk_wiz_0_1/clk_wiz_0.xdc:54]
INFO: [Timing 38-2] Deriving generated clocks [/home/khwl/Desktop/claude_RISCOF_RV-IM100/RV-IM100/RV32s/SoCs/RV32IM_7SP/RV64IM72F_7SP_FPGA.gen/sources_1/ip/clk_wiz_0_1/clk_wiz_0.xdc:54]
get_clocks: Time (s): cpu = 00:00:07 ; elapsed = 00:00:06 . Memory (MB): peak = 2506.422 ; gain = 575.914 ; free physical = 6407 ; free virtual = 28535
Finished Parsing XDC File [/home/khwl/Desktop/claude_RISCOF_RV-IM100/RV-IM100/RV32s/SoCs/RV32IM_7SP/RV64IM72F_7SP_FPGA.gen/sources_1/ip/clk_wiz_0_1/clk_wiz_0.xdc] for cell 'clk_gen/inst'
Parsing XDC File [/home/khwl/Desktop/claude_RISCOF_RV-IM100/RV-IM100/RV32s/SoCs/RV32IM_7SP/RV64IM72F_7SP_FPGA.srcs/constrs_1/imports/FPGA_SoC/RV32I46F_5SP_Debug_XDC.xdc]
Finished Parsing XDC File [/home/khwl/Desktop/claude_RISCOF_RV-IM100/RV-IM100/RV32s/SoCs/RV32IM_7SP/RV64IM72F_7SP_FPGA.srcs/constrs_1/imports/FPGA_SoC/RV32I46F_5SP_Debug_XDC.xdc]
INFO: [Opt 31-138] Pushed 0 inverter(s) to 0 load pin(s).
Netlist sorting complete. Time (s): cpu = 00:00:00 ; elapsed = 00:00:00 . Memory (MB): peak = 2506.422 ; gain = 0.000 ; free physical = 6407 ; free virtual = 28535
INFO: [Project 1-111] Unisim Transformation Summary:
  A total of 1038 instances were transformed.
  RAM256X1S => RAM256X1S (MUXF7(x2), MUXF8, RAMS64E(x4)): 1024 instances
  RAM32M => RAM32M (RAMD32(x6), RAMS32(x2)): 10 instances
  RAM32X1D => RAM32X1D (RAMD32(x2)): 4 instances

11 Infos, 0 Warnings, 0 Critical Warnings and 0 Errors encountered.
link_design completed successfully
link_design: Time (s): cpu = 00:00:13 ; elapsed = 00:00:12 . Memory (MB): peak = 2506.457 ; gain = 883.223 ; free physical = 6407 ; free virtual = 28535
Command: opt_design -directive Explore
INFO: [Vivado_Tcl 4-136] Directive used for opt_design is: Explore
Attempting to get a license for feature 'Implementation' and/or device 'xc7a200t'
INFO: [Common 17-349] Got license for feature 'Implementation' and/or device 'xc7a200t'
Running DRC as a precondition to command opt_design

Starting DRC Task
INFO: [DRC 23-27] Running DRC with 8 threads
INFO: [Project 1-461] DRC finished with 0 Errors
INFO: [Project 1-462] Please refer to the DRC report (report_drc) for more information.

Time (s): cpu = 00:00:01 ; elapsed = 00:00:00.51 . Memory (MB): peak = 2519.297 ; gain = 12.840 ; free physical = 6368 ; free virtual = 28496

Starting Logic Optimization Task

Phase 1 Initialization

Phase 1.1 Core Generation And Design Setup
Phase 1.1 Core Generation And Design Setup | Checksum: 1979c8398

Time (s): cpu = 00:00:00.02 ; elapsed = 00:00:00.02 . Memory (MB): peak = 2821.109 ; gain = 0.000 ; free physical = 6031 ; free virtual = 28158

Phase 1.2 Setup Constraints And Sort Netlist
Phase 1.2 Setup Constraints And Sort Netlist | Checksum: 1979c8398

Time (s): cpu = 00:00:00.03 ; elapsed = 00:00:00.03 . Memory (MB): peak = 2821.109 ; gain = 0.000 ; free physical = 6031 ; free virtual = 28158
Phase 1 Initialization | Checksum: 1979c8398

Time (s): cpu = 00:00:00.03 ; elapsed = 00:00:00.03 . Memory (MB): peak = 2821.109 ; gain = 0.000 ; free physical = 6031 ; free virtual = 28158

Phase 2 Timer Update And Timing Data Collection

Phase 2.1 Detect if minReqCache needed
Phase 2.1 Detect if minReqCache needed | Checksum: 1979c8398

Time (s): cpu = 00:00:00.04 ; elapsed = 00:00:00.05 . Memory (MB): peak = 2821.109 ; gain = 0.000 ; free physical = 6031 ; free virtual = 28158

Phase 2.2 Timer Update
INFO: [Timing 38-35] Done setting XDC timing constraints.
Phase 2.2 Timer Update | Checksum: 1979c8398

Time (s): cpu = 00:00:03 ; elapsed = 00:00:00.83 . Memory (MB): peak = 2898.922 ; gain = 77.812 ; free physical = 6004 ; free virtual = 28131

Phase 2.3 Timing Data Collection
Phase 2.3 Timing Data Collection | Checksum: 1979c8398

Time (s): cpu = 00:00:03 ; elapsed = 00:00:00.84 . Memory (MB): peak = 2898.922 ; gain = 77.812 ; free physical = 6004 ; free virtual = 28131
Phase 2 Timer Update And Timing Data Collection | Checksum: 1979c8398

Time (s): cpu = 00:00:03 ; elapsed = 00:00:00.85 . Memory (MB): peak = 2898.922 ; gain = 77.812 ; free physical = 6004 ; free virtual = 28131

Phase 3 Retarget
INFO: [Opt 31-1851] Number of loadless carry chains removed were: 0
INFO: [Opt 31-1834] Total Chains To Be Transformed Were: 0 AND Number of Transformed insts Created are: 0
INFO: [Opt 31-138] Pushed 1 inverter(s) to 1 load pin(s).
INFO: [Opt 31-49] Retargeted 0 cell(s).
Phase 3 Retarget | Checksum: 140b79ade

Time (s): cpu = 00:00:03 ; elapsed = 00:00:00.98 . Memory (MB): peak = 2898.922 ; gain = 77.812 ; free physical = 6004 ; free virtual = 28131
Retarget | Checksum: 140b79ade
INFO: [Opt 31-389] Phase Retarget created 0 cells and removed 1 cells
INFO: [Opt 31-1021] In phase Retarget, 1 netlist objects are constrained preventing optimization. Please run opt_design with -debug_log to get more detail. 

Phase 4 Constant propagation
INFO: [Opt 31-138] Pushed 0 inverter(s) to 0 load pin(s).
Phase 4 Constant propagation | Checksum: 185440b7a

Time (s): cpu = 00:00:03 ; elapsed = 00:00:01 . Memory (MB): peak = 2898.922 ; gain = 77.812 ; free physical = 6004 ; free virtual = 28131
Constant propagation | Checksum: 185440b7a
INFO: [Opt 31-389] Phase Constant propagation created 0 cells and removed 0 cells

Phase 5 Sweep
INFO: [Constraints 18-11670] Building netlist checker database with flags, 0x8
Done building netlist checker database: Time (s): cpu = 00:00:00 ; elapsed = 00:00:00.01 . Memory (MB): peak = 2898.922 ; gain = 0.000 ; free physical = 6004 ; free virtual = 28131
INFO: [Constraints 18-11670] Building netlist checker database with flags, 0x8
Done building netlist checker database: Time (s): cpu = 00:00:00 ; elapsed = 00:00:00 . Memory (MB): peak = 2898.922 ; gain = 0.000 ; free physical = 6004 ; free virtual = 28131
Phase 5 Sweep | Checksum: 18fa84444

Time (s): cpu = 00:00:03 ; elapsed = 00:00:01 . Memory (MB): peak = 2898.922 ; gain = 77.812 ; free physical = 6004 ; free virtual = 28131
Sweep | Checksum: 18fa84444
INFO: [Opt 31-389] Phase Sweep created 7 cells and removed 0 cells

Phase 6 BUFG optimization
Phase 6 BUFG optimization | Checksum: 18fa84444

Time (s): cpu = 00:00:04 ; elapsed = 00:00:01 . Memory (MB): peak = 2930.938 ; gain = 109.828 ; free physical = 6004 ; free virtual = 28131
BUFG optimization | Checksum: 18fa84444
INFO: [Opt 31-662] Phase BUFG optimization created 0 cells of which 0 are BUFGs and removed 0 cells.

Phase 7 Shift Register Optimization
INFO: [Opt 31-1064] SRL Remap converted 0 SRLs to 0 registers and converted 0 registers of register chains to 0 SRLs
Phase 7 Shift Register Optimization | Checksum: 18fa84444

Time (s): cpu = 00:00:04 ; elapsed = 00:00:01 . Memory (MB): peak = 2930.938 ; gain = 109.828 ; free physical = 6004 ; free virtual = 28131
Shift Register Optimization | Checksum: 18fa84444
INFO: [Opt 31-389] Phase Shift Register Optimization created 0 cells and removed 0 cells
INFO: [Opt 31-1555] control_set_opt supports Versal devices only, and device 7a200t is unsupported

Phase 8 Post Processing Netlist
Phase 8 Post Processing Netlist | Checksum: 19a09753a

Time (s): cpu = 00:00:04 ; elapsed = 00:00:01 . Memory (MB): peak = 2930.938 ; gain = 109.828 ; free physical = 6004 ; free virtual = 28131
Post Processing Netlist | Checksum: 19a09753a
INFO: [Opt 31-389] Phase Post Processing Netlist created 0 cells and removed 0 cells

Phase 9 Finalization

Phase 9.1 Finalizing Design Cores and Updating Shapes
Phase 9.1 Finalizing Design Cores and Updating Shapes | Checksum: 1a8db0b05

Time (s): cpu = 00:00:04 ; elapsed = 00:00:02 . Memory (MB): peak = 2930.938 ; gain = 109.828 ; free physical = 6004 ; free virtual = 28131

Phase 9.2 Verifying Netlist Connectivity

Starting Connectivity Check Task

Time (s): cpu = 00:00:00.02 ; elapsed = 00:00:00.02 . Memory (MB): peak = 2930.938 ; gain = 0.000 ; free physical = 6004 ; free virtual = 28131
Phase 9.2 Verifying Netlist Connectivity | Checksum: 1a8db0b05

Time (s): cpu = 00:00:04 ; elapsed = 00:00:02 . Memory (MB): peak = 2930.938 ; gain = 109.828 ; free physical = 6004 ; free virtual = 28131
Phase 9 Finalization | Checksum: 1a8db0b05

Time (s): cpu = 00:00:04 ; elapsed = 00:00:02 . Memory (MB): peak = 2930.938 ; gain = 109.828 ; free physical = 6004 ; free virtual = 28131
Opt_design Change Summary
=========================


-------------------------------------------------------------------------------------------------------------------------
|  Phase                        |  #Cells created  |  #Cells Removed  |  #Constrained objects preventing optimizations  |
-------------------------------------------------------------------------------------------------------------------------
|  Retarget                     |               0  |               1  |                                              1  |
|  Constant propagation         |               0  |               0  |                                              0  |
|  Sweep                        |               7  |               0  |                                              0  |
|  BUFG optimization            |               0  |               0  |                                              0  |
|  Shift Register Optimization  |               0  |               0  |                                              0  |
|  Post Processing Netlist      |               0  |               0  |                                              0  |
-------------------------------------------------------------------------------------------------------------------------


Ending Logic Optimization Task | Checksum: 1a8db0b05

Time (s): cpu = 00:00:04 ; elapsed = 00:00:02 . Memory (MB): peak = 2930.938 ; gain = 109.828 ; free physical = 6004 ; free virtual = 28131
Netlist sorting complete. Time (s): cpu = 00:00:00 ; elapsed = 00:00:00 . Memory (MB): peak = 2930.938 ; gain = 0.000 ; free physical = 6004 ; free virtual = 28131
INFO: [Common 17-83] Releasing license: Implementation
34 Infos, 0 Warnings, 0 Critical Warnings and 0 Errors encountered.
opt_design completed successfully
opt_design: Time (s): cpu = 00:00:08 ; elapsed = 00:00:05 . Memory (MB): peak = 2930.938 ; gain = 424.480 ; free physical = 6004 ; free virtual = 28131
INFO: [Vivado 12-24828] Executing command : report_drc -file RV32IM72F7SPSoCTOP_drc_opted.rpt -pb RV32IM72F7SPSoCTOP_drc_opted.pb -rpx RV32IM72F7SPSoCTOP_drc_opted.rpx
Command: report_drc -file RV32IM72F7SPSoCTOP_drc_opted.rpt -pb RV32IM72F7SPSoCTOP_drc_opted.pb -rpx RV32IM72F7SPSoCTOP_drc_opted.rpx
INFO: [IP_Flow 19-1839] IP Catalog is up to date.
INFO: [DRC 23-27] Running DRC with 8 threads
INFO: [Vivado_Tcl 2-168] The results of DRC are in file /home/khwl/Desktop/claude_RISCOF_RV-IM100/RV-IM100/RV32s/SoCs/RV32IM_7SP/RV64IM72F_7SP_FPGA.runs/impl_1/RV32IM72F7SPSoCTOP_drc_opted.rpt.
report_drc completed successfully
INFO: [Timing 38-480] Writing timing data to binary archive.
Wrote PlaceDB: Time (s): cpu = 00:00:00 ; elapsed = 00:00:00 . Memory (MB): peak = 2930.938 ; gain = 0.000 ; free physical = 5996 ; free virtual = 28123
Wrote PulsedLatchDB: Time (s): cpu = 00:00:00 ; elapsed = 00:00:00 . Memory (MB): peak = 2930.938 ; gain = 0.000 ; free physical = 5996 ; free virtual = 28123
Writing XDEF routing.
Writing XDEF routing logical nets.
Writing XDEF routing special nets.
Wrote RouteStorage: Time (s): cpu = 00:00:00.23 ; elapsed = 00:00:00.05 . Memory (MB): peak = 2930.938 ; gain = 0.000 ; free physical = 5995 ; free virtual = 28124
Wrote PlaceStorage: Time (s): cpu = 00:00:00 ; elapsed = 00:00:00 . Memory (MB): peak = 2930.938 ; gain = 0.000 ; free physical = 5995 ; free virtual = 28124
Wrote Netlist Cache: Time (s): cpu = 00:00:00 ; elapsed = 00:00:00 . Memory (MB): peak = 2930.938 ; gain = 0.000 ; free physical = 5995 ; free virtual = 28124
Wrote Device Cache: Time (s): cpu = 00:00:00.03 ; elapsed = 00:00:00.01 . Memory (MB): peak = 2930.938 ; gain = 0.000 ; free physical = 5995 ; free virtual = 28124
Write ShapeDB Complete: Time (s): cpu = 00:00:00.26 ; elapsed = 00:00:00.06 . Memory (MB): peak = 2930.938 ; gain = 0.000 ; free physical = 5995 ; free virtual = 28124
Write Physdb Complete: Time (s): cpu = 00:00:00.27 ; elapsed = 00:00:00.06 . Memory (MB): peak = 2930.938 ; gain = 0.000 ; free physical = 5995 ; free virtual = 28124
INFO: [Common 17-1381] The checkpoint '/home/khwl/Desktop/claude_RISCOF_RV-IM100/RV-IM100/RV32s/SoCs/RV32IM_7SP/RV64IM72F_7SP_FPGA.runs/impl_1/RV32IM72F7SPSoCTOP_opt.dcp' has been generated.
Command: place_design -directive Explore
Attempting to get a license for feature 'Implementation' and/or device 'xc7a200t'
INFO: [Common 17-349] Got license for feature 'Implementation' and/or device 'xc7a200t'
INFO: [Common 17-83] Releasing license: Implementation
INFO: [DRC 23-27] Running DRC with 8 threads
INFO: [Vivado_Tcl 4-198] DRC finished with 0 Errors
INFO: [Vivado_Tcl 4-199] Please refer to the DRC report (report_drc) for more information.
INFO: [Timing 38-35] Done setting XDC timing constraints.
INFO: [Vivado_Tcl 4-2302] The placer was invoked with the 'Explore' directive.
Running DRC as a precondition to command place_design
INFO: [DRC 23-27] Running DRC with 8 threads
INFO: [Vivado_Tcl 4-198] DRC finished with 0 Errors
INFO: [Vivado_Tcl 4-199] Please refer to the DRC report (report_drc) for more information.
INFO: [Place 30-611] Multithreading enabled for place_design using a maximum of 8 CPUs

Starting Placer Task

Phase 1 Placer Initialization

Phase 1.1 Placer Initialization Netlist Sorting
Netlist sorting complete. Time (s): cpu = 00:00:00.01 ; elapsed = 00:00:00.01 . Memory (MB): peak = 2930.938 ; gain = 0.000 ; free physical = 6001 ; free virtual = 28130
Phase 1.1 Placer Initialization Netlist Sorting | Checksum: 19f810c0a

Time (s): cpu = 00:00:00.02 ; elapsed = 00:00:00.02 . Memory (MB): peak = 2930.938 ; gain = 0.000 ; free physical = 6001 ; free virtual = 28130
Netlist sorting complete. Time (s): cpu = 00:00:00.01 ; elapsed = 00:00:00.01 . Memory (MB): peak = 2930.938 ; gain = 0.000 ; free physical = 6001 ; free virtual = 28130

Phase 1.2 IO Placement/ Clock Placement/ Build Placer Device
Phase 1.2 IO Placement/ Clock Placement/ Build Placer Device | Checksum: ebfa4baf

Time (s): cpu = 00:00:01 ; elapsed = 00:00:00.64 . Memory (MB): peak = 2986.965 ; gain = 56.027 ; free physical = 6000 ; free virtual = 28130

Phase 1.3 Build Placer Netlist Model
Phase 1.3 Build Placer Netlist Model | Checksum: 1dd413112

Time (s): cpu = 00:00:11 ; elapsed = 00:00:04 . Memory (MB): peak = 3026.008 ; gain = 95.070 ; free physical = 5997 ; free virtual = 28127

Phase 1.4 Constrain Clocks/Macros
Phase 1.4 Constrain Clocks/Macros | Checksum: 1dd413112

Time (s): cpu = 00:00:11 ; elapsed = 00:00:05 . Memory (MB): peak = 3026.008 ; gain = 95.070 ; free physical = 5997 ; free virtual = 28127
Phase 1 Placer Initialization | Checksum: 1dd413112

Time (s): cpu = 00:00:11 ; elapsed = 00:00:05 . Memory (MB): peak = 3026.008 ; gain = 95.070 ; free physical = 5997 ; free virtual = 28127

Phase 2 Global Placement

Phase 2.1 Floorplanning
Phase 2.1 Floorplanning | Checksum: 1a86b6d2d

Time (s): cpu = 00:00:18 ; elapsed = 00:00:06 . Memory (MB): peak = 3026.008 ; gain = 95.070 ; free physical = 5993 ; free virtual = 28123

Phase 2.2 Update Timing before SLR Path Opt
Phase 2.2 Update Timing before SLR Path Opt | Checksum: 1b1b3baf8

Time (s): cpu = 00:00:23 ; elapsed = 00:00:07 . Memory (MB): peak = 3026.008 ; gain = 95.070 ; free physical = 5992 ; free virtual = 28122

Phase 2.3 Post-Processing in Floorplanning
Phase 2.3 Post-Processing in Floorplanning | Checksum: 1b1b3baf8

Time (s): cpu = 00:00:23 ; elapsed = 00:00:07 . Memory (MB): peak = 3026.008 ; gain = 95.070 ; free physical = 5992 ; free virtual = 28122

Phase 2.4 Global Place Phase1
Phase 2.4 Global Place Phase1 | Checksum: 164173d3f

Time (s): cpu = 00:01:02 ; elapsed = 00:00:18 . Memory (MB): peak = 3034.012 ; gain = 103.074 ; free physical = 5982 ; free virtual = 28111

Phase 2.5 Global Place Phase2

Phase 2.5.1 UpdateTiming Before Physical Synthesis
Phase 2.5.1 UpdateTiming Before Physical Synthesis | Checksum: 17ce99dcb

Time (s): cpu = 00:01:07 ; elapsed = 00:00:19 . Memory (MB): peak = 3034.012 ; gain = 103.074 ; free physical = 5983 ; free virtual = 28113

Phase 2.5.2 Physical Synthesis In Placer
INFO: [Physopt 32-1035] Found 0 LUTNM shape to break, 1362 LUT instances to create LUTNM shape
INFO: [Physopt 32-1044] Break lutnm for timing: one critical 0, two critical 0, total 0, new lutff created 0
INFO: [Physopt 32-1138] End 1 Pass. Optimized 614 nets or LUTs. Breaked 0 LUT, combined 614 existing LUTs and moved 0 existing LUT
INFO: [Physopt 32-65] No nets found for high-fanout optimization.
INFO: [Physopt 32-232] Optimized 0 net. Created 0 new instance.
INFO: [Physopt 32-775] End 1 Pass. Optimized 0 net or cell. Created 0 new cell, deleted 0 existing cell and moved 0 existing cell
INFO: [Physopt 32-456] No candidate cells for DSP register optimization found in the design.
INFO: [Physopt 32-775] End 2 Pass. Optimized 0 net or cell. Created 0 new cell, deleted 0 existing cell and moved 0 existing cell
INFO: [Physopt 32-1123] No candidate cells found for Shift Register to Pipeline optimization
INFO: [Physopt 32-775] End 2 Pass. Optimized 0 net or cell. Created 0 new cell, deleted 0 existing cell and moved 0 existing cell
INFO: [Physopt 32-1401] No candidate cells found for Shift Register optimization.
INFO: [Physopt 32-677] No candidate cells for Shift Register optimization found in the design
INFO: [Physopt 32-775] End 1 Pass. Optimized 0 net or cell. Created 0 new cell, deleted 0 existing cell and moved 0 existing cell
INFO: [Physopt 32-526] No candidate cells for BRAM register optimization found in the design
INFO: [Physopt 32-775] End 1 Pass. Optimized 0 net or cell. Created 0 new cell, deleted 0 existing cell and moved 0 existing cell
INFO: [Physopt 32-846] No candidate cells for URAM register optimization found in the design
INFO: [Physopt 32-775] End 1 Pass. Optimized 0 net or cell. Created 0 new cell, deleted 0 existing cell and moved 0 existing cell
INFO: [Physopt 32-846] No candidate cells for URAM register optimization found in the design
INFO: [Physopt 32-775] End 1 Pass. Optimized 0 net or cell. Created 0 new cell, deleted 0 existing cell and moved 0 existing cell
INFO: [Physopt 32-949] No candidate nets found for dynamic/static region interface net replication
INFO: [Physopt 32-775] End 1 Pass. Optimized 0 net or cell. Created 0 new cell, deleted 0 existing cell and moved 0 existing cell
Netlist sorting complete. Time (s): cpu = 00:00:00.01 ; elapsed = 00:00:00 . Memory (MB): peak = 3034.012 ; gain = 0.000 ; free physical = 5984 ; free virtual = 28113

Summary of Physical Synthesis Optimizations
============================================


-----------------------------------------------------------------------------------------------------------------------------------------------------------
|  Optimization                                     |  Added Cells  |  Removed Cells  |  Optimized Cells/Nets  |  Dont Touch  |  Iterations  |  Elapsed   |
-----------------------------------------------------------------------------------------------------------------------------------------------------------
|  LUT Combining                                    |            0  |            614  |                   614  |           0  |           1  |  00:00:01  |
|  Retime                                           |            0  |              0  |                     0  |           0  |           1  |  00:00:00  |
|  Very High Fanout                                 |            0  |              0  |                     0  |           0  |           1  |  00:00:00  |
|  DSP Register                                     |            0  |              0  |                     0  |           0  |           1  |  00:00:00  |
|  Shift Register to Pipeline                       |            0  |              0  |                     0  |           0  |           1  |  00:00:00  |
|  Shift Register                                   |            0  |              0  |                     0  |           0  |           1  |  00:00:00  |
|  BRAM Register                                    |            0  |              0  |                     0  |           0  |           1  |  00:00:00  |
|  URAM Register                                    |            0  |              0  |                     0  |           0  |           1  |  00:00:00  |
|  Dynamic/Static Region Interface Net Replication  |            0  |              0  |                     0  |           0  |           1  |  00:00:00  |
|  Total                                            |            0  |            614  |                   614  |           0  |           9  |  00:00:01  |
-----------------------------------------------------------------------------------------------------------------------------------------------------------


Phase 2.5.2 Physical Synthesis In Placer | Checksum: 27daadc9c

Time (s): cpu = 00:01:13 ; elapsed = 00:00:22 . Memory (MB): peak = 3034.012 ; gain = 103.074 ; free physical = 5988 ; free virtual = 28118
Phase 2.5 Global Place Phase2 | Checksum: 24a8262d4

Time (s): cpu = 00:01:16 ; elapsed = 00:00:23 . Memory (MB): peak = 3034.012 ; gain = 103.074 ; free physical = 5990 ; free virtual = 28119
Phase 2 Global Placement | Checksum: 24a8262d4

Time (s): cpu = 00:01:16 ; elapsed = 00:00:23 . Memory (MB): peak = 3034.012 ; gain = 103.074 ; free physical = 5990 ; free virtual = 28119

Phase 3 Detail Placement

Phase 3.1 Commit Multi Column Macros
Phase 3.1 Commit Multi Column Macros | Checksum: 288f00452

Time (s): cpu = 00:01:21 ; elapsed = 00:00:24 . Memory (MB): peak = 3034.012 ; gain = 103.074 ; free physical = 5994 ; free virtual = 28124

Phase 3.2 Commit Most Macros & LUTRAMs
Phase 3.2 Commit Most Macros & LUTRAMs | Checksum: 1eb04ae7d

Time (s): cpu = 00:01:33 ; elapsed = 00:00:28 . Memory (MB): peak = 3034.012 ; gain = 103.074 ; free physical = 5999 ; free virtual = 28129

Phase 3.3 Area Swap Optimization
Phase 3.3 Area Swap Optimization | Checksum: 1e66ed1dd

Time (s): cpu = 00:01:34 ; elapsed = 00:00:29 . Memory (MB): peak = 3034.012 ; gain = 103.074 ; free physical = 5999 ; free virtual = 28129

Phase 3.4 Pipeline Register Optimization
Phase 3.4 Pipeline Register Optimization | Checksum: 2ab164456

Time (s): cpu = 00:01:34 ; elapsed = 00:00:29 . Memory (MB): peak = 3034.012 ; gain = 103.074 ; free physical = 5999 ; free virtual = 28129

Phase 3.5 Fast Optimization
Phase 3.5 Fast Optimization | Checksum: 2809af49e

Time (s): cpu = 00:01:47 ; elapsed = 00:00:31 . Memory (MB): peak = 3034.012 ; gain = 103.074 ; free physical = 6000 ; free virtual = 28130

Phase 3.6 Small Shape Detail Placement
Phase 3.6 Small Shape Detail Placement | Checksum: 2c701c206

Time (s): cpu = 00:01:52 ; elapsed = 00:00:35 . Memory (MB): peak = 3034.012 ; gain = 103.074 ; free physical = 5998 ; free virtual = 28128

Phase 3.7 Re-assign LUT pins
Phase 3.7 Re-assign LUT pins | Checksum: 268bbf351

Time (s): cpu = 00:01:53 ; elapsed = 00:00:36 . Memory (MB): peak = 3034.012 ; gain = 103.074 ; free physical = 5999 ; free virtual = 28128

Phase 3.8 Pipeline Register Optimization
Phase 3.8 Pipeline Register Optimization | Checksum: 24558ef19

Time (s): cpu = 00:01:53 ; elapsed = 00:00:36 . Memory (MB): peak = 3034.012 ; gain = 103.074 ; free physical = 5999 ; free virtual = 28128
Phase 3 Detail Placement | Checksum: 24558ef19

Time (s): cpu = 00:01:53 ; elapsed = 00:00:36 . Memory (MB): peak = 3034.012 ; gain = 103.074 ; free physical = 5999 ; free virtual = 28128

Phase 4 Post Placement Optimization and Clean-Up

Phase 4.1 Post Commit Optimization
INFO: [Timing 38-35] Done setting XDC timing constraints.

Phase 4.1.1 Post Placement Optimization
Post Placement Optimization Initialization | Checksum: 1b8d30d60

Phase 4.1.1.1 BUFG Insertion

Starting Physical Synthesis Task

Phase 1 Physical Synthesis Initialization
INFO: [Physopt 32-721] Multithreading enabled for phys_opt_design using a maximum of 8 CPUs
INFO: [Physopt 32-619] Estimated Timing Summary | WNS=-0.027 | TNS=-0.027 |
Phase 1 Physical Synthesis Initialization | Checksum: 12253f2d6

Time (s): cpu = 00:00:01 ; elapsed = 00:00:00.37 . Memory (MB): peak = 3034.012 ; gain = 0.000 ; free physical = 5999 ; free virtual = 28129
INFO: [Place 46-33] Processed net rv32im72f_7sp/exception_detector/E[0], BUFG insertion was skipped due to placement/routing conflicts.
INFO: [Place 46-33] Processed net internal_reset, BUFG insertion was skipped due to placement/routing conflicts.
INFO: [Place 46-56] BUFG insertion identified 2 candidate nets. Inserted BUFG: 0, Replicated BUFG Driver: 0, Skipped due to Placement/Routing Conflicts: 2, Skipped due to Timing Degradation: 0, Skipped due to netlist editing failed: 0.
Ending Physical Synthesis Task | Checksum: 19022253e

Time (s): cpu = 00:00:02 ; elapsed = 00:00:00.65 . Memory (MB): peak = 3034.012 ; gain = 0.000 ; free physical = 5999 ; free virtual = 28129
Phase 4.1.1.1 BUFG Insertion | Checksum: 1b8d30d60

Time (s): cpu = 00:02:10 ; elapsed = 00:00:40 . Memory (MB): peak = 3034.012 ; gain = 103.074 ; free physical = 5999 ; free virtual = 28129

Phase 4.1.1.2 Post Placement Timing Optimization
INFO: [Place 30-746] Post Placement Timing Summary WNS=0.535. For the most accurate timing information please run report_timing.
Phase 4.1.1.2 Post Placement Timing Optimization | Checksum: 2b4bedb01

Time (s): cpu = 00:02:14 ; elapsed = 00:00:42 . Memory (MB): peak = 3034.012 ; gain = 103.074 ; free physical = 5999 ; free virtual = 28129

Time (s): cpu = 00:02:14 ; elapsed = 00:00:42 . Memory (MB): peak = 3034.012 ; gain = 103.074 ; free physical = 5999 ; free virtual = 28129
Phase 4.1 Post Commit Optimization | Checksum: 2b4bedb01

Time (s): cpu = 00:02:14 ; elapsed = 00:00:42 . Memory (MB): peak = 3034.012 ; gain = 103.074 ; free physical = 5999 ; free virtual = 28129

Phase 4.2 Post Placement Cleanup
Phase 4.2 Post Placement Cleanup | Checksum: 2b4bedb01

Time (s): cpu = 00:02:15 ; elapsed = 00:00:43 . Memory (MB): peak = 3034.012 ; gain = 103.074 ; free physical = 5999 ; free virtual = 28129

Phase 4.3 Placer Reporting

Phase 4.3.1 Print Estimated Congestion
INFO: [Place 30-612] Post-Placement Estimated Congestion 
 ____________________________________________________
|           | Global Congestion | Short Congestion  |
| Direction | Region Size       | Region Size       |
|___________|___________________|___________________|
|      North|                1x1|                2x2|
|___________|___________________|___________________|
|      South|                1x1|                4x4|
|___________|___________________|___________________|
|       East|                1x1|                1x1|
|___________|___________________|___________________|
|       West|                1x1|                1x1|
|___________|___________________|___________________|

Phase 4.3.1 Print Estimated Congestion | Checksum: 2b4bedb01

Time (s): cpu = 00:02:15 ; elapsed = 00:00:43 . Memory (MB): peak = 3034.012 ; gain = 103.074 ; free physical = 5999 ; free virtual = 28129
Phase 4.3 Placer Reporting | Checksum: 2b4bedb01

Time (s): cpu = 00:02:15 ; elapsed = 00:00:43 . Memory (MB): peak = 3034.012 ; gain = 103.074 ; free physical = 5999 ; free virtual = 28128

Phase 4.4 Final Placement Cleanup
Netlist sorting complete. Time (s): cpu = 00:00:00.01 ; elapsed = 00:00:00 . Memory (MB): peak = 3034.012 ; gain = 0.000 ; free physical = 5999 ; free virtual = 28128

Time (s): cpu = 00:02:15 ; elapsed = 00:00:43 . Memory (MB): peak = 3034.012 ; gain = 103.074 ; free physical = 5999 ; free virtual = 28128
Phase 4 Post Placement Optimization and Clean-Up | Checksum: 12477ac84

Time (s): cpu = 00:02:15 ; elapsed = 00:00:43 . Memory (MB): peak = 3034.012 ; gain = 103.074 ; free physical = 5999 ; free virtual = 28128
Ending Placer Task | Checksum: ebfd2608

Time (s): cpu = 00:02:15 ; elapsed = 00:00:43 . Memory (MB): peak = 3034.012 ; gain = 103.074 ; free physical = 5999 ; free virtual = 28128
80 Infos, 0 Warnings, 0 Critical Warnings and 0 Errors encountered.
place_design completed successfully
place_design: Time (s): cpu = 00:02:19 ; elapsed = 00:00:44 . Memory (MB): peak = 3034.012 ; gain = 103.074 ; free physical = 5999 ; free virtual = 28129
INFO: [Vivado 12-24838] Running report commands "report_control_sets, report_io, report_utilization" in parallel.
Running report generation with 3 threads.
INFO: [Vivado 12-24828] Executing command : report_control_sets -verbose -file RV32IM72F7SPSoCTOP_control_sets_placed.rpt
report_control_sets: Time (s): cpu = 00:00:00.34 ; elapsed = 00:00:00.3 . Memory (MB): peak = 3034.012 ; gain = 0.000 ; free physical = 5987 ; free virtual = 28116
INFO: [Vivado 12-24828] Executing command : report_io -file RV32IM72F7SPSoCTOP_io_placed.rpt
report_io: Time (s): cpu = 00:00:00.52 ; elapsed = 00:00:00.42 . Memory (MB): peak = 3034.012 ; gain = 0.000 ; free physical = 5999 ; free virtual = 28128
INFO: [Vivado 12-24828] Executing command : report_utilization -file RV32IM72F7SPSoCTOP_utilization_placed.rpt -pb RV32IM72F7SPSoCTOP_utilization_placed.pb
INFO: [Timing 38-480] Writing timing data to binary archive.
Wrote PlaceDB: Time (s): cpu = 00:00:00 ; elapsed = 00:00:00 . Memory (MB): peak = 3034.012 ; gain = 0.000 ; free physical = 6000 ; free virtual = 28129
Wrote PulsedLatchDB: Time (s): cpu = 00:00:00 ; elapsed = 00:00:00 . Memory (MB): peak = 3034.012 ; gain = 0.000 ; free physical = 6000 ; free virtual = 28129
Writing XDEF routing.
Writing XDEF routing logical nets.
Writing XDEF routing special nets.
Wrote RouteStorage: Time (s): cpu = 00:00:00.26 ; elapsed = 00:00:00.05 . Memory (MB): peak = 3034.012 ; gain = 0.000 ; free physical = 5998 ; free virtual = 28129
Write ShapeDB Complete: Time (s): cpu = 00:00:00.35 ; elapsed = 00:00:00.07 . Memory (MB): peak = 3034.012 ; gain = 0.000 ; free physical = 5996 ; free virtual = 28129
Wrote PlaceStorage: Time (s): cpu = 00:00:01 ; elapsed = 00:00:00.55 . Memory (MB): peak = 3034.012 ; gain = 0.000 ; free physical = 5985 ; free virtual = 28131
Wrote Netlist Cache: Time (s): cpu = 00:00:00.01 ; elapsed = 00:00:00.02 . Memory (MB): peak = 3034.012 ; gain = 0.000 ; free physical = 5985 ; free virtual = 28132
Wrote Device Cache: Time (s): cpu = 00:00:00.01 ; elapsed = 00:00:00 . Memory (MB): peak = 3034.012 ; gain = 0.000 ; free physical = 5977 ; free virtual = 28125
Write Physdb Complete: Time (s): cpu = 00:00:01 ; elapsed = 00:00:00.64 . Memory (MB): peak = 3034.012 ; gain = 0.000 ; free physical = 5977 ; free virtual = 28125
INFO: [Common 17-1381] The checkpoint '/home/khwl/Desktop/claude_RISCOF_RV-IM100/RV-IM100/RV32s/SoCs/RV32IM_7SP/RV64IM72F_7SP_FPGA.runs/impl_1/RV32IM72F7SPSoCTOP_placed.dcp' has been generated.
Command: phys_opt_design -directive Explore
Attempting to get a license for feature 'Implementation' and/or device 'xc7a200t'
INFO: [Common 17-349] Got license for feature 'Implementation' and/or device 'xc7a200t'
INFO: [Vivado_Tcl 4-137] Directive used for phys_opt_design is: Explore

Starting Initial Update Timing Task

Time (s): cpu = 00:00:13 ; elapsed = 00:00:03 . Memory (MB): peak = 3034.012 ; gain = 0.000 ; free physical = 5993 ; free virtual = 28128
INFO: [Vivado_Tcl 4-2279] Estimated Timing Summary | WNS= 0.535 | TNS= 0.000 | 
INFO: [Vivado_Tcl 4-383] Design worst setup slack (WNS) is greater than or equal to 0.000 ns. All physical synthesis setup optimizations will be skipped.
INFO: [Vivado_Tcl 4-232] No setup violation found. The netlist was not modified.
INFO: [Common 17-83] Releasing license: Implementation
92 Infos, 0 Warnings, 0 Critical Warnings and 0 Errors encountered.
phys_opt_design completed successfully
INFO: [Timing 38-480] Writing timing data to binary archive.
Wrote PlaceDB: Time (s): cpu = 00:00:00 ; elapsed = 00:00:00 . Memory (MB): peak = 3034.012 ; gain = 0.000 ; free physical = 5993 ; free virtual = 28128
Wrote PulsedLatchDB: Time (s): cpu = 00:00:00 ; elapsed = 00:00:00 . Memory (MB): peak = 3034.012 ; gain = 0.000 ; free physical = 5993 ; free virtual = 28128
Writing XDEF routing.
Writing XDEF routing logical nets.
Writing XDEF routing special nets.
Wrote RouteStorage: Time (s): cpu = 00:00:00.25 ; elapsed = 00:00:00.06 . Memory (MB): peak = 3034.012 ; gain = 0.000 ; free physical = 5992 ; free virtual = 28128
Write ShapeDB Complete: Time (s): cpu = 00:00:00.32 ; elapsed = 00:00:00.07 . Memory (MB): peak = 3034.012 ; gain = 0.000 ; free physical = 5991 ; free virtual = 28128
Wrote PlaceStorage: Time (s): cpu = 00:00:01 ; elapsed = 00:00:00.54 . Memory (MB): peak = 3034.012 ; gain = 0.000 ; free physical = 5979 ; free virtual = 28130
Wrote Netlist Cache: Time (s): cpu = 00:00:00.01 ; elapsed = 00:00:00.01 . Memory (MB): peak = 3034.012 ; gain = 0.000 ; free physical = 5979 ; free virtual = 28131
Wrote Device Cache: Time (s): cpu = 00:00:00 ; elapsed = 00:00:00.01 . Memory (MB): peak = 3034.012 ; gain = 0.000 ; free physical = 5971 ; free virtual = 28124
Write Physdb Complete: Time (s): cpu = 00:00:01 ; elapsed = 00:00:00.62 . Memory (MB): peak = 3034.012 ; gain = 0.000 ; free physical = 5971 ; free virtual = 28124
INFO: [Common 17-1381] The checkpoint '/home/khwl/Desktop/claude_RISCOF_RV-IM100/RV-IM100/RV32s/SoCs/RV32IM_7SP/RV64IM72F_7SP_FPGA.runs/impl_1/RV32IM72F7SPSoCTOP_physopt.dcp' has been generated.
Command: route_design -directive Explore -tns_cleanup
Attempting to get a license for feature 'Implementation' and/or device 'xc7a200t'
INFO: [Common 17-349] Got license for feature 'Implementation' and/or device 'xc7a200t'


Starting Routing Task
INFO: [Route 35-270] Using Router directive 'Explore'.
INFO: [Route 35-254] Multithreading enabled for route_design using a maximum of 8 CPUs

Phase 1 Build RT Design
Checksum: PlaceDB: 39fe8c66 ConstDB: 0 ShapeSum: 19e3ae3e RouteDB: 981aeb64
Post Restoration Checksum: NetGraph: 1fad6fcd | NumContArr: 9ded1769 | Constraints: c2a8fa9d | Timing: c2a8fa9d
Phase 1 Build RT Design | Checksum: 242ec7c70

Time (s): cpu = 00:01:08 ; elapsed = 00:00:41 . Memory (MB): peak = 3034.012 ; gain = 0.000 ; free physical = 5882 ; free virtual = 28022

Phase 2 Router Initialization

Phase 2.1 Fix Topology Constraints
Phase 2.1 Fix Topology Constraints | Checksum: 242ec7c70

Time (s): cpu = 00:01:09 ; elapsed = 00:00:41 . Memory (MB): peak = 3034.012 ; gain = 0.000 ; free physical = 5882 ; free virtual = 28022

Phase 2.2 Pre Route Cleanup
Phase 2.2 Pre Route Cleanup | Checksum: 242ec7c70

Time (s): cpu = 00:01:09 ; elapsed = 00:00:41 . Memory (MB): peak = 3034.012 ; gain = 0.000 ; free physical = 5882 ; free virtual = 28022
 Number of Nodes with overlaps = 0

Phase 2.3 Update Timing
Phase 2.3 Update Timing | Checksum: 25480e445

Time (s): cpu = 00:01:37 ; elapsed = 00:00:47 . Memory (MB): peak = 3101.750 ; gain = 67.738 ; free physical = 5803 ; free virtual = 27943
INFO: [Route 35-416] Intermediate Timing Summary | WNS=0.825  | TNS=0.000  | WHS=-0.248 | THS=-2132.928|


Phase 2.4 Soft Constraint Pins - Fast Budgeting
Phase 2.4 Soft Constraint Pins - Fast Budgeting | Checksum: 22f436f31

Time (s): cpu = 00:01:41 ; elapsed = 00:00:48 . Memory (MB): peak = 3101.750 ; gain = 67.738 ; free physical = 5803 ; free virtual = 27943

Router Utilization Summary
  Global Vertical Routing Utilization    = 0 %
  Global Horizontal Routing Utilization  = 0 %
  Routable Net Status*
  *Does not include unroutable nets such as driverless and loadless.
  Run report_route_status for detailed report.
  Number of Failed Nets               = 10095
    (Failed Nets is the sum of unrouted and partially routed nets)
  Number of Unrouted Nets             = 10095
  Number of Partially Routed Nets     = 0
  Number of Node Overlaps             = 0

Phase 2 Router Initialization | Checksum: 218373b46

Time (s): cpu = 00:01:43 ; elapsed = 00:00:48 . Memory (MB): peak = 3120.227 ; gain = 86.215 ; free physical = 5780 ; free virtual = 27920

Phase 3 Global Routing
Phase 3 Global Routing | Checksum: 218373b46

Time (s): cpu = 00:01:43 ; elapsed = 00:00:48 . Memory (MB): peak = 3120.227 ; gain = 86.215 ; free physical = 5780 ; free virtual = 27920

Phase 4 Initial Routing

Phase 4.1 Initial Net Routing Pass
Phase 4.1 Initial Net Routing Pass | Checksum: 263acff5e

Time (s): cpu = 00:02:14 ; elapsed = 00:00:55 . Memory (MB): peak = 3190.227 ; gain = 156.215 ; free physical = 5708 ; free virtual = 27848
Phase 4 Initial Routing | Checksum: 263acff5e

Time (s): cpu = 00:02:14 ; elapsed = 00:00:55 . Memory (MB): peak = 3190.227 ; gain = 156.215 ; free physical = 5708 ; free virtual = 27848

Phase 5 Rip-up And Reroute

Phase 5.1 Global Iteration 0
 Number of Nodes with overlaps = 2397
 Number of Nodes with overlaps = 327
 Number of Nodes with overlaps = 117
 Number of Nodes with overlaps = 40
 Number of Nodes with overlaps = 9
 Number of Nodes with overlaps = 2
 Number of Nodes with overlaps = 1
 Number of Nodes with overlaps = 0
INFO: [Route 35-416] Intermediate Timing Summary | WNS=-0.386 | TNS=-10.021| WHS=N/A    | THS=N/A    |

Phase 5.1 Global Iteration 0 | Checksum: 26e29ba47

Time (s): cpu = 00:02:53 ; elapsed = 00:01:14 . Memory (MB): peak = 3190.227 ; gain = 156.215 ; free physical = 5715 ; free virtual = 27855

Phase 5.2 Global Iteration 1
 Number of Nodes with overlaps = 682
 Number of Nodes with overlaps = 393
 Number of Nodes with overlaps = 185
 Number of Nodes with overlaps = 111
 Number of Nodes with overlaps = 54
 Number of Nodes with overlaps = 25
 Number of Nodes with overlaps = 14
 Number of Nodes with overlaps = 6
 Number of Nodes with overlaps = 3
 Number of Nodes with overlaps = 3
 Number of Nodes with overlaps = 2
 Number of Nodes with overlaps = 1
 Number of Nodes with overlaps = 0
INFO: [Route 35-416] Intermediate Timing Summary | WNS=0.797  | TNS=0.000  | WHS=N/A    | THS=N/A    |

Phase 5.2 Global Iteration 1 | Checksum: 218aa335d

Time (s): cpu = 00:03:27 ; elapsed = 00:01:32 . Memory (MB): peak = 3190.227 ; gain = 156.215 ; free physical = 5716 ; free virtual = 27856
Phase 5 Rip-up And Reroute | Checksum: 218aa335d

Time (s): cpu = 00:03:27 ; elapsed = 00:01:32 . Memory (MB): peak = 3190.227 ; gain = 156.215 ; free physical = 5716 ; free virtual = 27856

Phase 6 Delay and Skew Optimization

Phase 6.1 TNS Cleanup

Phase 6.1.1 Delay CleanUp
Phase 6.1.1 Delay CleanUp | Checksum: 218aa335d

Time (s): cpu = 00:03:27 ; elapsed = 00:01:32 . Memory (MB): peak = 3190.227 ; gain = 156.215 ; free physical = 5716 ; free virtual = 27856
Phase 6.1 TNS Cleanup | Checksum: 218aa335d

Time (s): cpu = 00:03:27 ; elapsed = 00:01:32 . Memory (MB): peak = 3190.227 ; gain = 156.215 ; free physical = 5716 ; free virtual = 27856

Phase 6.2 Clock Skew Optimization
Phase 6.2 Clock Skew Optimization | Checksum: 218aa335d

Time (s): cpu = 00:03:27 ; elapsed = 00:01:32 . Memory (MB): peak = 3190.227 ; gain = 156.215 ; free physical = 5716 ; free virtual = 27856
Phase 6 Delay and Skew Optimization | Checksum: 218aa335d

Time (s): cpu = 00:03:27 ; elapsed = 00:01:32 . Memory (MB): peak = 3190.227 ; gain = 156.215 ; free physical = 5716 ; free virtual = 27856

Phase 7 Post Hold Fix

Phase 7.1 Hold Fix Iter
INFO: [Route 35-416] Intermediate Timing Summary | WNS=0.804  | TNS=0.000  | WHS=0.038  | THS=0.000  |

Phase 7.1 Hold Fix Iter | Checksum: 22a4f7472

Time (s): cpu = 00:03:30 ; elapsed = 00:01:33 . Memory (MB): peak = 3190.227 ; gain = 156.215 ; free physical = 5716 ; free virtual = 27856
Phase 7 Post Hold Fix | Checksum: 22a4f7472

Time (s): cpu = 00:03:30 ; elapsed = 00:01:33 . Memory (MB): peak = 3190.227 ; gain = 156.215 ; free physical = 5716 ; free virtual = 27856

Phase 8 Route finalize

Router Utilization Summary
  Global Vertical Routing Utilization    = 1.96805 %
  Global Horizontal Routing Utilization  = 2.18817 %
  Routable Net Status*
  *Does not include unroutable nets such as driverless and loadless.
  Run report_route_status for detailed report.
  Number of Failed Nets               = 0
    (Failed Nets is the sum of unrouted and partially routed nets)
  Number of Unrouted Nets             = 0
  Number of Partially Routed Nets     = 0
  Number of Node Overlaps             = 0

Phase 8 Route finalize | Checksum: 22a4f7472

Time (s): cpu = 00:03:31 ; elapsed = 00:01:33 . Memory (MB): peak = 3190.227 ; gain = 156.215 ; free physical = 5716 ; free virtual = 27856

Phase 9 Verifying routed nets

 Verification completed successfully
Phase 9 Verifying routed nets | Checksum: 22a4f7472

Time (s): cpu = 00:03:31 ; elapsed = 00:01:33 . Memory (MB): peak = 3190.227 ; gain = 156.215 ; free physical = 5715 ; free virtual = 27856

Phase 10 Depositing Routes
Phase 10 Depositing Routes | Checksum: 27eeac5b9

Time (s): cpu = 00:03:33 ; elapsed = 00:01:34 . Memory (MB): peak = 3190.227 ; gain = 156.215 ; free physical = 5715 ; free virtual = 27856

Phase 11 Post Process Routing
Phase 11 Post Process Routing | Checksum: 27eeac5b9

Time (s): cpu = 00:03:33 ; elapsed = 00:01:34 . Memory (MB): peak = 3190.227 ; gain = 156.215 ; free physical = 5715 ; free virtual = 27856

Phase 12 Post Router Timing
INFO: [Route 35-20] Post Routing Timing Summary | WNS=0.877  | TNS=0.000  | WHS=0.038  | THS=0.000  |

Phase 12 Post Router Timing | Checksum: 2ec2c5e8d

Time (s): cpu = 00:03:58 ; elapsed = 00:01:39 . Memory (MB): peak = 3190.227 ; gain = 156.215 ; free physical = 5716 ; free virtual = 27856
INFO: [Route 35-61] The design met the timing requirement.
Total Elapsed time in route_design: 98.84 secs

Phase 13 Post-Route Event Processing
Phase 13 Post-Route Event Processing | Checksum: c5a81b79

Time (s): cpu = 00:03:59 ; elapsed = 00:01:39 . Memory (MB): peak = 3190.227 ; gain = 156.215 ; free physical = 5716 ; free virtual = 27856
INFO: [Route 35-16] Router Completed Successfully
Ending Routing Task | Checksum: c5a81b79

Time (s): cpu = 00:03:59 ; elapsed = 00:01:39 . Memory (MB): peak = 3190.227 ; gain = 156.215 ; free physical = 5716 ; free virtual = 27856

Routing Is Done.
INFO: [Common 17-83] Releasing license: Implementation
105 Infos, 0 Warnings, 0 Critical Warnings and 0 Errors encountered.
route_design completed successfully
route_design: Time (s): cpu = 00:03:59 ; elapsed = 00:01:39 . Memory (MB): peak = 3190.227 ; gain = 156.215 ; free physical = 5716 ; free virtual = 27856
INFO: [Vivado 12-24828] Executing command : report_drc -file RV32IM72F7SPSoCTOP_drc_routed.rpt -pb RV32IM72F7SPSoCTOP_drc_routed.pb -rpx RV32IM72F7SPSoCTOP_drc_routed.rpx
Command: report_drc -file RV32IM72F7SPSoCTOP_drc_routed.rpt -pb RV32IM72F7SPSoCTOP_drc_routed.pb -rpx RV32IM72F7SPSoCTOP_drc_routed.rpx
INFO: [IP_Flow 19-1839] IP Catalog is up to date.
INFO: [DRC 23-27] Running DRC with 8 threads
INFO: [Vivado_Tcl 2-168] The results of DRC are in file /home/khwl/Desktop/claude_RISCOF_RV-IM100/RV-IM100/RV32s/SoCs/RV32IM_7SP/RV64IM72F_7SP_FPGA.runs/impl_1/RV32IM72F7SPSoCTOP_drc_routed.rpt.
report_drc completed successfully
INFO: [Vivado 12-24828] Executing command : report_methodology -file RV32IM72F7SPSoCTOP_methodology_drc_routed.rpt -pb RV32IM72F7SPSoCTOP_methodology_drc_routed.pb -rpx RV32IM72F7SPSoCTOP_methodology_drc_routed.rpx
Command: report_methodology -file RV32IM72F7SPSoCTOP_methodology_drc_routed.rpt -pb RV32IM72F7SPSoCTOP_methodology_drc_routed.pb -rpx RV32IM72F7SPSoCTOP_methodology_drc_routed.rpx
INFO: [Timing 38-35] Done setting XDC timing constraints.
INFO: [DRC 23-133] Running Methodology with 8 threads
INFO: [Vivado_Tcl 2-1520] The results of Report Methodology are in file /home/khwl/Desktop/claude_RISCOF_RV-IM100/RV-IM100/RV32s/SoCs/RV32IM_7SP/RV64IM72F_7SP_FPGA.runs/impl_1/RV32IM72F7SPSoCTOP_methodology_drc_routed.rpt.
report_methodology completed successfully
report_methodology: Time (s): cpu = 00:00:34 ; elapsed = 00:00:06 . Memory (MB): peak = 3190.227 ; gain = 0.000 ; free physical = 5714 ; free virtual = 27855
INFO: [Vivado 12-24828] Executing command : report_timing_summary -max_paths 10 -routable_nets -report_unconstrained -file RV32IM72F7SPSoCTOP_timing_summary_routed.rpt -pb RV32IM72F7SPSoCTOP_timing_summary_routed.pb -rpx RV32IM72F7SPSoCTOP_timing_summary_routed.rpx
INFO: [Timing 38-35] Done setting XDC timing constraints.
INFO: [Timing 38-91] UpdateTimingParams: Speed grade: -1, Delay Type: min_max.
INFO: [Timing 38-191] Multithreading enabled for timing update using a maximum of 8 CPUs
INFO: [Vivado 12-24838] Running report commands "report_bus_skew, report_incremental_reuse, report_route_status" in parallel.
Running report generation with 3 threads.
INFO: [Vivado 12-24828] Executing command : report_incremental_reuse -file RV32IM72F7SPSoCTOP_incremental_reuse_routed.rpt
INFO: [Vivado_Tcl 4-1062] Incremental flow is disabled. No incremental reuse Info to report.
INFO: [Vivado 12-24828] Executing command : report_route_status -file RV32IM72F7SPSoCTOP_route_status.rpt -pb RV32IM72F7SPSoCTOP_route_status.pb
INFO: [Vivado 12-24828] Executing command : report_bus_skew -warn_on_violation -file RV32IM72F7SPSoCTOP_bus_skew_routed.rpt -pb RV32IM72F7SPSoCTOP_bus_skew_routed.pb -rpx RV32IM72F7SPSoCTOP_bus_skew_routed.rpx
INFO: [Timing 38-91] UpdateTimingParams: Speed grade: -1, Delay Type: min_max.
INFO: [Timing 38-191] Multithreading enabled for timing update using a maximum of 8 CPUs
INFO: [Vivado 12-24828] Executing command : report_power -file RV32IM72F7SPSoCTOP_power_routed.rpt -pb RV32IM72F7SPSoCTOP_power_summary_routed.pb -rpx RV32IM72F7SPSoCTOP_power_routed.rpx
Command: report_power -file RV32IM72F7SPSoCTOP_power_routed.rpt -pb RV32IM72F7SPSoCTOP_power_summary_routed.pb -rpx RV32IM72F7SPSoCTOP_power_routed.rpx
Running Vector-less Activity Propagation...

Finished Running Vector-less Activity Propagation
125 Infos, 0 Warnings, 0 Critical Warnings and 0 Errors encountered.
report_power completed successfully
INFO: [Vivado 12-24828] Executing command : report_clock_utilization -file RV32IM72F7SPSoCTOP_clock_utilization_routed.rpt
generate_parallel_reports: Time (s): cpu = 00:00:56 ; elapsed = 00:00:14 . Memory (MB): peak = 3230.273 ; gain = 40.047 ; free physical = 5712 ; free virtual = 27860
INFO: [Timing 38-480] Writing timing data to binary archive.
Wrote PlaceDB: Time (s): cpu = 00:00:00 ; elapsed = 00:00:00 . Memory (MB): peak = 3230.273 ; gain = 0.000 ; free physical = 5712 ; free virtual = 27860
Wrote PulsedLatchDB: Time (s): cpu = 00:00:00 ; elapsed = 00:00:00 . Memory (MB): peak = 3230.273 ; gain = 0.000 ; free physical = 5712 ; free virtual = 27860
Writing XDEF routing.
Writing XDEF routing logical nets.
Write ShapeDB Complete: Time (s): cpu = 00:00:00.35 ; elapsed = 00:00:00.07 . Memory (MB): peak = 3230.273 ; gain = 0.000 ; free physical = 5710 ; free virtual = 27861
Writing XDEF routing special nets.
Wrote RouteStorage: Time (s): cpu = 00:00:01 ; elapsed = 00:00:00.34 . Memory (MB): peak = 3230.273 ; gain = 0.000 ; free physical = 5706 ; free virtual = 27862
Wrote PlaceStorage: Time (s): cpu = 00:00:00.56 ; elapsed = 00:00:00.57 . Memory (MB): peak = 3230.273 ; gain = 0.000 ; free physical = 5702 ; free virtual = 27869
Wrote Netlist Cache: Time (s): cpu = 00:00:00.01 ; elapsed = 00:00:00.02 . Memory (MB): peak = 3230.273 ; gain = 0.000 ; free physical = 5698 ; free virtual = 27866
Wrote Device Cache: Time (s): cpu = 00:00:00 ; elapsed = 00:00:00 . Memory (MB): peak = 3230.273 ; gain = 0.000 ; free physical = 5698 ; free virtual = 27867
Write Physdb Complete: Time (s): cpu = 00:00:02 ; elapsed = 00:00:00.94 . Memory (MB): peak = 3230.273 ; gain = 0.000 ; free physical = 5698 ; free virtual = 27867
INFO: [Common 17-1381] The checkpoint '/home/khwl/Desktop/claude_RISCOF_RV-IM100/RV-IM100/RV32s/SoCs/RV32IM_7SP/RV64IM72F_7SP_FPGA.runs/impl_1/RV32IM72F7SPSoCTOP_routed.dcp' has been generated.
Command: phys_opt_design -directive Explore
Attempting to get a license for feature 'Implementation' and/or device 'xc7a200t'
INFO: [Common 17-349] Got license for feature 'Implementation' and/or device 'xc7a200t'
INFO: [Vivado_Tcl 4-241] Physical synthesis in post route mode 
INFO: [Vivado_Tcl 4-137] Directive used for phys_opt_design is: Explore
INFO: [Vivado_Tcl 4-2279] Estimated Timing Summary | WNS= 0.877 | TNS= 0.000 | 
INFO: [Vivado_Tcl 4-383] Design worst setup slack (WNS) is greater than or equal to 0.000 ns. All physical synthesis setup optimizations will be skipped.
INFO: [Vivado_Tcl 4-232] No setup violation found. The netlist was not modified.
INFO: [Common 17-83] Releasing license: Implementation
135 Infos, 0 Warnings, 0 Critical Warnings and 0 Errors encountered.
phys_opt_design completed successfully
INFO: [Vivado 12-24828] Executing command : report_timing_summary -max_paths 10 -report_unconstrained -warn_on_violation -file RV32IM72F7SPSoCTOP_timing_summary_postroute_physopted.rpt -pb RV32IM72F7SPSoCTOP_timing_summary_postroute_physopted.pb -rpx RV32IM72F7SPSoCTOP_timing_summary_postroute_physopted.rpx
INFO: [Timing 38-91] UpdateTimingParams: Speed grade: -1, Delay Type: min_max.
INFO: [Timing 38-191] Multithreading enabled for timing update using a maximum of 8 CPUs
INFO: [Vivado 12-24828] Executing command : report_bus_skew -warn_on_violation -file RV32IM72F7SPSoCTOP_bus_skew_postroute_physopted.rpt -pb RV32IM72F7SPSoCTOP_bus_skew_postroute_physopted.pb -rpx RV32IM72F7SPSoCTOP_bus_skew_postroute_physopted.rpx
INFO: [Timing 38-91] UpdateTimingParams: Speed grade: -1, Delay Type: min_max.
INFO: [Timing 38-191] Multithreading enabled for timing update using a maximum of 8 CPUs
INFO: [Timing 38-480] Writing timing data to binary archive.
Wrote PlaceDB: Time (s): cpu = 00:00:00 ; elapsed = 00:00:00 . Memory (MB): peak = 3230.273 ; gain = 0.000 ; free physical = 5712 ; free virtual = 27866
Wrote PulsedLatchDB: Time (s): cpu = 00:00:00 ; elapsed = 00:00:00 . Memory (MB): peak = 3230.273 ; gain = 0.000 ; free physical = 5712 ; free virtual = 27866
Writing XDEF routing.
Writing XDEF routing logical nets.
Write ShapeDB Complete: Time (s): cpu = 00:00:00.34 ; elapsed = 00:00:00.07 . Memory (MB): peak = 3230.273 ; gain = 0.000 ; free physical = 5708 ; free virtual = 27866
Writing XDEF routing special nets.
Wrote RouteStorage: Time (s): cpu = 00:00:01 ; elapsed = 00:00:00.32 . Memory (MB): peak = 3230.273 ; gain = 0.000 ; free physical = 5704 ; free virtual = 27867
Wrote PlaceStorage: Time (s): cpu = 00:00:00.58 ; elapsed = 00:00:00.57 . Memory (MB): peak = 3230.273 ; gain = 0.000 ; free physical = 5693 ; free virtual = 27867
Wrote Netlist Cache: Time (s): cpu = 00:00:00.02 ; elapsed = 00:00:00.02 . Memory (MB): peak = 3230.273 ; gain = 0.000 ; free physical = 5693 ; free virtual = 27868
Wrote Device Cache: Time (s): cpu = 00:00:00 ; elapsed = 00:00:00 . Memory (MB): peak = 3230.273 ; gain = 0.000 ; free physical = 5685 ; free virtual = 27861
Write Physdb Complete: Time (s): cpu = 00:00:02 ; elapsed = 00:00:00.92 . Memory (MB): peak = 3230.273 ; gain = 0.000 ; free physical = 5685 ; free virtual = 27861
INFO: [Common 17-1381] The checkpoint '/home/khwl/Desktop/claude_RISCOF_RV-IM100/RV-IM100/RV32s/SoCs/RV32IM_7SP/RV64IM72F_7SP_FPGA.runs/impl_1/RV32IM72F7SPSoCTOP_postroute_physopt.dcp' has been generated.
INFO: [Common 17-206] Exiting Vivado at Wed Sep  9 03:25:47 2026...
