
*** Running vivado
    with args -log RV64IM72F8SPSoCTOP.vdi -applog -m64 -product Vivado -messageDb vivado.pb -mode batch -source RV64IM72F8SPSoCTOP.tcl -notrace


****** Vivado v2025.2 (64-bit)
  **** SW Build 6299465 on Fri Nov 14 12:34:56 MST 2025
  **** IP Build 6300035 on Fri Nov 14 10:48:45 MST 2025
  **** SharedData Build 6298862 on Thu Nov 13 04:50:51 MST 2025
  **** Start of session at: Tue Sep 15 21:17:06 2026
    ** Copyright 1986-2022 Xilinx, Inc. All Rights Reserved.
    ** Copyright 2022-2025 Advanced Micro Devices, Inc. All Rights Reserved.

source RV64IM72F8SPSoCTOP.tcl -notrace
Command: link_design -top RV64IM72F8SPSoCTOP -part xc7a200tsbg484-1
Design is defaulting to srcset: sources_1
Design is defaulting to constrset: constrs_1
INFO: [Device 21-403] Loading part xc7a200tsbg484-1
INFO: [Project 1-5699] Read binary netlist with skipMacroContent - 1
INFO: [Project 1-454] Reading design checkpoint '/home/khwl/Desktop/claude_RISCOF_RV-IM100/RV-IM100/RV64s/SoCs/RV64IM_8SP_Dhry/RV64IM72F_8SP_100MHz.gen/sources_1/ip/clk_wiz_0/clk_wiz_0.dcp' for cell 'clk_gen'
Netlist sorting complete. Time (s): cpu = 00:00:00.03 ; elapsed = 00:00:00.03 . Memory (MB): peak = 1805.137 ; gain = 0.000 ; free physical = 14052 ; free virtual = 30598
INFO: [Netlist 29-17] Analyzing 1570 Unisim elements for replacement
INFO: [Netlist 29-28] Unisim Transformation completed in 0 CPU seconds
INFO: [Project 1-479] Netlist was created with Vivado 2025.2
INFO: [Project 1-570] Preparing netlist for logic optimization
Parsing XDC File [/home/khwl/Desktop/claude_RISCOF_RV-IM100/RV-IM100/RV64s/SoCs/RV64IM_8SP_Dhry/RV64IM72F_8SP_100MHz.gen/sources_1/ip/clk_wiz_0/clk_wiz_0_board.xdc] for cell 'clk_gen/inst'
Finished Parsing XDC File [/home/khwl/Desktop/claude_RISCOF_RV-IM100/RV-IM100/RV64s/SoCs/RV64IM_8SP_Dhry/RV64IM72F_8SP_100MHz.gen/sources_1/ip/clk_wiz_0/clk_wiz_0_board.xdc] for cell 'clk_gen/inst'
Parsing XDC File [/home/khwl/Desktop/claude_RISCOF_RV-IM100/RV-IM100/RV64s/SoCs/RV64IM_8SP_Dhry/RV64IM72F_8SP_100MHz.gen/sources_1/ip/clk_wiz_0/clk_wiz_0.xdc] for cell 'clk_gen/inst'
INFO: [Timing 38-35] Done setting XDC timing constraints. [/home/khwl/Desktop/claude_RISCOF_RV-IM100/RV-IM100/RV64s/SoCs/RV64IM_8SP_Dhry/RV64IM72F_8SP_100MHz.gen/sources_1/ip/clk_wiz_0/clk_wiz_0.xdc:54]
INFO: [Timing 38-2] Deriving generated clocks [/home/khwl/Desktop/claude_RISCOF_RV-IM100/RV-IM100/RV64s/SoCs/RV64IM_8SP_Dhry/RV64IM72F_8SP_100MHz.gen/sources_1/ip/clk_wiz_0/clk_wiz_0.xdc:54]
Finished Parsing XDC File [/home/khwl/Desktop/claude_RISCOF_RV-IM100/RV-IM100/RV64s/SoCs/RV64IM_8SP_Dhry/RV64IM72F_8SP_100MHz.gen/sources_1/ip/clk_wiz_0/clk_wiz_0.xdc] for cell 'clk_gen/inst'
Parsing XDC File [/home/khwl/Desktop/claude_RISCOF_RV-IM100/RV-IM100/RV64s/SoCs/RV64IM_8SP_Dhry/RV64IM72F_8SP_100MHz.srcs/constrs_1/imports/100MHz_RV64IM72F_8SP/RV64IM72F_5SP_Debug_XDC.xdc]
Finished Parsing XDC File [/home/khwl/Desktop/claude_RISCOF_RV-IM100/RV-IM100/RV64s/SoCs/RV64IM_8SP_Dhry/RV64IM72F_8SP_100MHz.srcs/constrs_1/imports/100MHz_RV64IM72F_8SP/RV64IM72F_5SP_Debug_XDC.xdc]
INFO: [Opt 31-138] Pushed 0 inverter(s) to 0 load pin(s).
Netlist sorting complete. Time (s): cpu = 00:00:00 ; elapsed = 00:00:00 . Memory (MB): peak = 2691.672 ; gain = 0.000 ; free physical = 13445 ; free virtual = 29989
INFO: [Project 1-111] Unisim Transformation Summary:
  A total of 22 instances were transformed.
  RAM32M => RAM32M (RAMD32(x6), RAMS32(x2)): 22 instances

11 Infos, 0 Warnings, 0 Critical Warnings and 0 Errors encountered.
link_design completed successfully
link_design: Time (s): cpu = 00:00:06 ; elapsed = 00:00:06 . Memory (MB): peak = 2691.707 ; gain = 996.406 ; free physical = 13445 ; free virtual = 29989
Command: opt_design -directive Explore
INFO: [Vivado_Tcl 4-136] Directive used for opt_design is: Explore
Attempting to get a license for feature 'Implementation' and/or device 'xc7a200t'
INFO: [Common 17-349] Got license for feature 'Implementation' and/or device 'xc7a200t'
Running DRC as a precondition to command opt_design

Starting DRC Task
INFO: [DRC 23-27] Running DRC with 16 threads
INFO: [Project 1-461] DRC finished with 0 Errors
INFO: [Project 1-462] Please refer to the DRC report (report_drc) for more information.

Time (s): cpu = 00:00:01 ; elapsed = 00:00:00.33 . Memory (MB): peak = 2818.992 ; gain = 127.285 ; free physical = 13363 ; free virtual = 29908

Starting Logic Optimization Task

Phase 1 Initialization

Phase 1.1 Core Generation And Design Setup
Phase 1.1 Core Generation And Design Setup | Checksum: 225e060a6

Time (s): cpu = 00:00:00 ; elapsed = 00:00:00.01 . Memory (MB): peak = 3013.805 ; gain = 0.000 ; free physical = 13059 ; free virtual = 29605

Phase 1.2 Setup Constraints And Sort Netlist
Phase 1.2 Setup Constraints And Sort Netlist | Checksum: 225e060a6

Time (s): cpu = 00:00:00.01 ; elapsed = 00:00:00.01 . Memory (MB): peak = 3013.805 ; gain = 0.000 ; free physical = 13059 ; free virtual = 29605
Phase 1 Initialization | Checksum: 225e060a6

Time (s): cpu = 00:00:00.01 ; elapsed = 00:00:00.01 . Memory (MB): peak = 3013.805 ; gain = 0.000 ; free physical = 13059 ; free virtual = 29605

Phase 2 Timer Update And Timing Data Collection

Phase 2.1 Detect if minReqCache needed
Phase 2.1 Detect if minReqCache needed | Checksum: 225e060a6

Time (s): cpu = 00:00:00.01 ; elapsed = 00:00:00.02 . Memory (MB): peak = 3013.805 ; gain = 0.000 ; free physical = 13059 ; free virtual = 29605

Phase 2.2 Timer Update
INFO: [Timing 38-35] Done setting XDC timing constraints.
INFO: [Timing 38-2] Deriving generated clocks
Phase 2.2 Timer Update | Checksum: 225e060a6

Time (s): cpu = 00:00:02 ; elapsed = 00:00:00.38 . Memory (MB): peak = 3101.617 ; gain = 87.812 ; free physical = 13048 ; free virtual = 29592

Phase 2.3 Timing Data Collection
Phase 2.3 Timing Data Collection | Checksum: 225e060a6

Time (s): cpu = 00:00:02 ; elapsed = 00:00:00.38 . Memory (MB): peak = 3101.617 ; gain = 87.812 ; free physical = 13047 ; free virtual = 29591
Phase 2 Timer Update And Timing Data Collection | Checksum: 225e060a6

Time (s): cpu = 00:00:02 ; elapsed = 00:00:00.38 . Memory (MB): peak = 3101.617 ; gain = 87.812 ; free physical = 13047 ; free virtual = 29591

Phase 3 Retarget
INFO: [Opt 31-1851] Number of loadless carry chains removed were: 0
INFO: [Opt 31-1834] Total Chains To Be Transformed Were: 0 AND Number of Transformed insts Created are: 0
INFO: [Opt 31-138] Pushed 1 inverter(s) to 1 load pin(s).
INFO: [Opt 31-49] Retargeted 0 cell(s).
Phase 3 Retarget | Checksum: 17303bec9

Time (s): cpu = 00:00:02 ; elapsed = 00:00:00.47 . Memory (MB): peak = 3101.617 ; gain = 87.812 ; free physical = 13047 ; free virtual = 29591
Retarget | Checksum: 17303bec9
INFO: [Opt 31-389] Phase Retarget created 73 cells and removed 75 cells
INFO: [Opt 31-1021] In phase Retarget, 1 netlist objects are constrained preventing optimization. Please run opt_design with -debug_log to get more detail. 

Phase 4 Constant propagation
INFO: [Opt 31-138] Pushed 0 inverter(s) to 0 load pin(s).
Phase 4 Constant propagation | Checksum: 18da8ff3d

Time (s): cpu = 00:00:02 ; elapsed = 00:00:00.51 . Memory (MB): peak = 3101.617 ; gain = 87.812 ; free physical = 13047 ; free virtual = 29591
Constant propagation | Checksum: 18da8ff3d
INFO: [Opt 31-389] Phase Constant propagation created 0 cells and removed 0 cells

Phase 5 Sweep
INFO: [Constraints 18-11670] Building netlist checker database with flags, 0x8
Done building netlist checker database: Time (s): cpu = 00:00:00 ; elapsed = 00:00:00 . Memory (MB): peak = 3101.617 ; gain = 0.000 ; free physical = 13047 ; free virtual = 29591
INFO: [Constraints 18-11670] Building netlist checker database with flags, 0x8
Done building netlist checker database: Time (s): cpu = 00:00:00 ; elapsed = 00:00:00 . Memory (MB): peak = 3101.617 ; gain = 0.000 ; free physical = 13047 ; free virtual = 29591
Phase 5 Sweep | Checksum: 1b3b1e104

Time (s): cpu = 00:00:02 ; elapsed = 00:00:00.58 . Memory (MB): peak = 3101.617 ; gain = 87.812 ; free physical = 13047 ; free virtual = 29591
Sweep | Checksum: 1b3b1e104
INFO: [Opt 31-389] Phase Sweep created 7 cells and removed 0 cells

Phase 6 BUFG optimization
Phase 6 BUFG optimization | Checksum: 1b3b1e104

Time (s): cpu = 00:00:02 ; elapsed = 00:00:00.62 . Memory (MB): peak = 3133.633 ; gain = 119.828 ; free physical = 13047 ; free virtual = 29591
BUFG optimization | Checksum: 1b3b1e104
INFO: [Opt 31-662] Phase BUFG optimization created 0 cells of which 0 are BUFGs and removed 0 cells.

Phase 7 Shift Register Optimization
INFO: [Opt 31-1064] SRL Remap converted 0 SRLs to 0 registers and converted 0 registers of register chains to 0 SRLs
Phase 7 Shift Register Optimization | Checksum: 1b3b1e104

Time (s): cpu = 00:00:02 ; elapsed = 00:00:00.63 . Memory (MB): peak = 3133.633 ; gain = 119.828 ; free physical = 13047 ; free virtual = 29591
Shift Register Optimization | Checksum: 1b3b1e104
INFO: [Opt 31-389] Phase Shift Register Optimization created 0 cells and removed 0 cells
INFO: [Opt 31-1555] control_set_opt supports Versal devices only, and device 7a200t is unsupported

Phase 8 Post Processing Netlist
Phase 8 Post Processing Netlist | Checksum: 1babb8525

Time (s): cpu = 00:00:02 ; elapsed = 00:00:00.64 . Memory (MB): peak = 3133.633 ; gain = 119.828 ; free physical = 13047 ; free virtual = 29591
Post Processing Netlist | Checksum: 1babb8525
INFO: [Opt 31-389] Phase Post Processing Netlist created 0 cells and removed 0 cells

Phase 9 Finalization

Phase 9.1 Finalizing Design Cores and Updating Shapes
Phase 9.1 Finalizing Design Cores and Updating Shapes | Checksum: 1fe5c03ad

Time (s): cpu = 00:00:03 ; elapsed = 00:00:00.73 . Memory (MB): peak = 3133.633 ; gain = 119.828 ; free physical = 13047 ; free virtual = 29591

Phase 9.2 Verifying Netlist Connectivity

Starting Connectivity Check Task

Time (s): cpu = 00:00:00.01 ; elapsed = 00:00:00.01 . Memory (MB): peak = 3133.633 ; gain = 0.000 ; free physical = 13047 ; free virtual = 29591
Phase 9.2 Verifying Netlist Connectivity | Checksum: 1fe5c03ad

Time (s): cpu = 00:00:03 ; elapsed = 00:00:00.74 . Memory (MB): peak = 3133.633 ; gain = 119.828 ; free physical = 13047 ; free virtual = 29591
Phase 9 Finalization | Checksum: 1fe5c03ad

Time (s): cpu = 00:00:03 ; elapsed = 00:00:00.74 . Memory (MB): peak = 3133.633 ; gain = 119.828 ; free physical = 13047 ; free virtual = 29591
Opt_design Change Summary
=========================


-------------------------------------------------------------------------------------------------------------------------
|  Phase                        |  #Cells created  |  #Cells Removed  |  #Constrained objects preventing optimizations  |
-------------------------------------------------------------------------------------------------------------------------
|  Retarget                     |              73  |              75  |                                              1  |
|  Constant propagation         |               0  |               0  |                                              0  |
|  Sweep                        |               7  |               0  |                                              0  |
|  BUFG optimization            |               0  |               0  |                                              0  |
|  Shift Register Optimization  |               0  |               0  |                                              0  |
|  Post Processing Netlist      |               0  |               0  |                                              0  |
-------------------------------------------------------------------------------------------------------------------------


Ending Logic Optimization Task | Checksum: 1fe5c03ad

Time (s): cpu = 00:00:03 ; elapsed = 00:00:00.75 . Memory (MB): peak = 3133.633 ; gain = 119.828 ; free physical = 13047 ; free virtual = 29591
Netlist sorting complete. Time (s): cpu = 00:00:00 ; elapsed = 00:00:00 . Memory (MB): peak = 3133.633 ; gain = 0.000 ; free physical = 13047 ; free virtual = 29591
INFO: [Common 17-83] Releasing license: Implementation
35 Infos, 0 Warnings, 0 Critical Warnings and 0 Errors encountered.
opt_design completed successfully
INFO: [Vivado 12-24828] Executing command : report_drc -file RV64IM72F8SPSoCTOP_drc_opted.rpt -pb RV64IM72F8SPSoCTOP_drc_opted.pb -rpx RV64IM72F8SPSoCTOP_drc_opted.rpx
Command: report_drc -file RV64IM72F8SPSoCTOP_drc_opted.rpt -pb RV64IM72F8SPSoCTOP_drc_opted.pb -rpx RV64IM72F8SPSoCTOP_drc_opted.rpx
INFO: [IP_Flow 19-1839] IP Catalog is up to date.
INFO: [DRC 23-27] Running DRC with 16 threads
INFO: [Vivado_Tcl 2-168] The results of DRC are in file /home/khwl/Desktop/claude_RISCOF_RV-IM100/RV-IM100/RV64s/SoCs/RV64IM_8SP_Dhry/RV64IM72F_8SP_100MHz.runs/impl_1/RV64IM72F8SPSoCTOP_drc_opted.rpt.
report_drc completed successfully
INFO: [Timing 38-480] Writing timing data to binary archive.
Wrote PlaceDB: Time (s): cpu = 00:00:00 ; elapsed = 00:00:00 . Memory (MB): peak = 3133.633 ; gain = 0.000 ; free physical = 13043 ; free virtual = 29587
Wrote PulsedLatchDB: Time (s): cpu = 00:00:00 ; elapsed = 00:00:00 . Memory (MB): peak = 3133.633 ; gain = 0.000 ; free physical = 13043 ; free virtual = 29587
Writing XDEF routing.
Write ShapeDB Complete: Time (s): cpu = 00:00:00.05 ; elapsed = 00:00:00.01 . Memory (MB): peak = 3133.633 ; gain = 0.000 ; free physical = 13043 ; free virtual = 29588
Writing XDEF routing logical nets.
Writing XDEF routing special nets.
Wrote RouteStorage: Time (s): cpu = 00:00:00.08 ; elapsed = 00:00:00.02 . Memory (MB): peak = 3133.633 ; gain = 0.000 ; free physical = 13043 ; free virtual = 29588
Wrote PlaceStorage: Time (s): cpu = 00:00:00 ; elapsed = 00:00:00 . Memory (MB): peak = 3133.633 ; gain = 0.000 ; free physical = 13043 ; free virtual = 29588
Wrote Netlist Cache: Time (s): cpu = 00:00:00 ; elapsed = 00:00:00 . Memory (MB): peak = 3133.633 ; gain = 0.000 ; free physical = 13043 ; free virtual = 29588
Wrote Device Cache: Time (s): cpu = 00:00:00.01 ; elapsed = 00:00:00 . Memory (MB): peak = 3133.633 ; gain = 0.000 ; free physical = 13042 ; free virtual = 29588
Write Physdb Complete: Time (s): cpu = 00:00:00.1 ; elapsed = 00:00:00.03 . Memory (MB): peak = 3133.633 ; gain = 0.000 ; free physical = 13042 ; free virtual = 29588
INFO: [Common 17-1381] The checkpoint '/home/khwl/Desktop/claude_RISCOF_RV-IM100/RV-IM100/RV64s/SoCs/RV64IM_8SP_Dhry/RV64IM72F_8SP_100MHz.runs/impl_1/RV64IM72F8SPSoCTOP_opt.dcp' has been generated.
Command: place_design -directive Explore
Attempting to get a license for feature 'Implementation' and/or device 'xc7a200t'
INFO: [Common 17-349] Got license for feature 'Implementation' and/or device 'xc7a200t'
INFO: [Common 17-83] Releasing license: Implementation
INFO: [DRC 23-27] Running DRC with 16 threads
INFO: [Vivado_Tcl 4-198] DRC finished with 0 Errors
INFO: [Vivado_Tcl 4-199] Please refer to the DRC report (report_drc) for more information.
INFO: [Timing 38-35] Done setting XDC timing constraints.
INFO: [Vivado_Tcl 4-2302] The placer was invoked with the 'Explore' directive.
Running DRC as a precondition to command place_design
INFO: [DRC 23-27] Running DRC with 16 threads
INFO: [Vivado_Tcl 4-198] DRC finished with 0 Errors, 21 Warnings
INFO: [Vivado_Tcl 4-199] Please refer to the DRC report (report_drc) for more information.
INFO: [Place 30-611] Multithreading enabled for place_design using a maximum of 16 CPUs

Starting Placer Task

Phase 1 Placer Initialization

Phase 1.1 Placer Initialization Netlist Sorting
Netlist sorting complete. Time (s): cpu = 00:00:00 ; elapsed = 00:00:00 . Memory (MB): peak = 3133.633 ; gain = 0.000 ; free physical = 13032 ; free virtual = 29578
Phase 1.1 Placer Initialization Netlist Sorting | Checksum: 14158c53e

Time (s): cpu = 00:00:00 ; elapsed = 00:00:00 . Memory (MB): peak = 3133.633 ; gain = 0.000 ; free physical = 13032 ; free virtual = 29578
Netlist sorting complete. Time (s): cpu = 00:00:00 ; elapsed = 00:00:00.01 . Memory (MB): peak = 3133.633 ; gain = 0.000 ; free physical = 13032 ; free virtual = 29578

Phase 1.2 IO Placement/ Clock Placement/ Build Placer Device
Phase 1.2 IO Placement/ Clock Placement/ Build Placer Device | Checksum: 105193f9a

Time (s): cpu = 00:00:00.67 ; elapsed = 00:00:00.27 . Memory (MB): peak = 3133.633 ; gain = 0.000 ; free physical = 13031 ; free virtual = 29577

Phase 1.3 Build Placer Netlist Model
Phase 1.3 Build Placer Netlist Model | Checksum: 15697fc64

Time (s): cpu = 00:00:06 ; elapsed = 00:00:01 . Memory (MB): peak = 3180.707 ; gain = 47.074 ; free physical = 13030 ; free virtual = 29576

Phase 1.4 Constrain Clocks/Macros
Phase 1.4 Constrain Clocks/Macros | Checksum: 15697fc64

Time (s): cpu = 00:00:06 ; elapsed = 00:00:01 . Memory (MB): peak = 3180.707 ; gain = 47.074 ; free physical = 13030 ; free virtual = 29576
Phase 1 Placer Initialization | Checksum: 15697fc64

Time (s): cpu = 00:00:06 ; elapsed = 00:00:01 . Memory (MB): peak = 3180.707 ; gain = 47.074 ; free physical = 13030 ; free virtual = 29576

Phase 2 Global Placement

Phase 2.1 Floorplanning
Phase 2.1 Floorplanning | Checksum: 16c992328

Time (s): cpu = 00:00:09 ; elapsed = 00:00:02 . Memory (MB): peak = 3180.707 ; gain = 47.074 ; free physical = 13037 ; free virtual = 29584

Phase 2.2 Update Timing before SLR Path Opt
Phase 2.2 Update Timing before SLR Path Opt | Checksum: 1d76bbc47

Time (s): cpu = 00:00:11 ; elapsed = 00:00:03 . Memory (MB): peak = 3180.707 ; gain = 47.074 ; free physical = 13034 ; free virtual = 29583

Phase 2.3 Post-Processing in Floorplanning
Phase 2.3 Post-Processing in Floorplanning | Checksum: 16dbf4b01

Time (s): cpu = 00:00:11 ; elapsed = 00:00:03 . Memory (MB): peak = 3180.707 ; gain = 47.074 ; free physical = 13034 ; free virtual = 29583

Phase 2.4 Global Place Phase1
Phase 2.4 Global Place Phase1 | Checksum: 25fbe7bed

Time (s): cpu = 00:00:28 ; elapsed = 00:00:07 . Memory (MB): peak = 3180.707 ; gain = 47.074 ; free physical = 13037 ; free virtual = 29584

Phase 2.5 Global Place Phase2

Phase 2.5.1 UpdateTiming Before Physical Synthesis
Phase 2.5.1 UpdateTiming Before Physical Synthesis | Checksum: 26621c5d1

Time (s): cpu = 00:00:31 ; elapsed = 00:00:08 . Memory (MB): peak = 3180.707 ; gain = 47.074 ; free physical = 13036 ; free virtual = 29582

Phase 2.5.2 Physical Synthesis In Placer
INFO: [Physopt 32-1035] Found 0 LUTNM shape to break, 1469 LUT instances to create LUTNM shape
INFO: [Physopt 32-1044] Break lutnm for timing: one critical 0, two critical 0, total 0, new lutff created 0
INFO: [Physopt 32-1138] End 1 Pass. Optimized 674 nets or LUTs. Breaked 0 LUT, combined 674 existing LUTs and moved 0 existing LUT
INFO: [Physopt 32-1408] Pass 1. Identified 1 candidate net for high-fanout optimization.
INFO: [Physopt 32-81] Processed net internal_reset. Replicated 13 times.
INFO: [Physopt 32-232] Optimized 1 net. Created 13 new instances.
INFO: [Physopt 32-775] End 1 Pass. Optimized 1 net or cell. Created 13 new cells, deleted 0 existing cell and moved 0 existing cell
Netlist sorting complete. Time (s): cpu = 00:00:00.02 ; elapsed = 00:00:00.02 . Memory (MB): peak = 3180.707 ; gain = 0.000 ; free physical = 13036 ; free virtual = 29582
INFO: [Physopt 32-457] Pass 1. Identified 4 candidate cells for DSP register optimization.
INFO: [Physopt 32-665] Processed cell rv64im72f_6sp/alu/multiplier_dword/mult_ALBL__2. 47 registers were pushed out.
INFO: [Physopt 32-665] Processed cell rv64im72f_6sp/alu/multiplier_dword/mult_AHBL__2. 47 registers were pushed out.
INFO: [Physopt 32-665] Processed cell rv64im72f_6sp/alu/multiplier_dword/mult_ALBL__0. 30 registers were pushed out.
INFO: [Physopt 32-665] Processed cell rv64im72f_6sp/alu/multiplier_dword/mult_ALBH__2. 47 registers were pushed out.
INFO: [Physopt 32-775] End 2 Pass. Optimized 4 nets or cells. Created 171 new cells, deleted 0 existing cell and moved 0 existing cell
Netlist sorting complete. Time (s): cpu = 00:00:00.01 ; elapsed = 00:00:00.01 . Memory (MB): peak = 3180.707 ; gain = 0.000 ; free physical = 13031 ; free virtual = 29579
INFO: [Physopt 32-1123] No candidate cells found for Shift Register to Pipeline optimization
INFO: [Physopt 32-775] End 2 Pass. Optimized 0 net or cell. Created 0 new cell, deleted 0 existing cell and moved 0 existing cell
INFO: [Physopt 32-1401] No candidate cells found for Shift Register optimization.
INFO: [Physopt 32-677] No candidate cells for Shift Register optimization found in the design
INFO: [Physopt 32-775] End 1 Pass. Optimized 0 net or cell. Created 0 new cell, deleted 0 existing cell and moved 0 existing cell
INFO: [Physopt 32-526] No candidate cells for BRAM register optimization found in the design
INFO: [Physopt 32-775] End 1 Pass. Optimized 0 net or cell. Created 0 new cell, deleted 0 existing cell and moved 0 existing cell
INFO: [Physopt 32-846] No candidate cells for URAM register optimization found in the design
INFO: [Physopt 32-775] End 1 Pass. Optimized 0 net or cell. Created 0 new cell, deleted 0 existing cell and moved 0 existing cell
INFO: [Physopt 32-846] No candidate cells for URAM register optimization found in the design
INFO: [Physopt 32-775] End 1 Pass. Optimized 0 net or cell. Created 0 new cell, deleted 0 existing cell and moved 0 existing cell
INFO: [Physopt 32-949] No candidate nets found for dynamic/static region interface net replication
INFO: [Physopt 32-775] End 1 Pass. Optimized 0 net or cell. Created 0 new cell, deleted 0 existing cell and moved 0 existing cell
Netlist sorting complete. Time (s): cpu = 00:00:00 ; elapsed = 00:00:00 . Memory (MB): peak = 3180.707 ; gain = 0.000 ; free physical = 13031 ; free virtual = 29579

Summary of Physical Synthesis Optimizations
============================================


-----------------------------------------------------------------------------------------------------------------------------------------------------------
|  Optimization                                     |  Added Cells  |  Removed Cells  |  Optimized Cells/Nets  |  Dont Touch  |  Iterations  |  Elapsed   |
-----------------------------------------------------------------------------------------------------------------------------------------------------------
|  LUT Combining                                    |            0  |            674  |                   674  |           0  |           1  |  00:00:00  |
|  Retime                                           |            0  |              0  |                     0  |           0  |           1  |  00:00:00  |
|  Very High Fanout                                 |           13  |              0  |                     1  |           0  |           1  |  00:00:00  |
|  DSP Register                                     |          171  |              0  |                     4  |           0  |           1  |  00:00:00  |
|  Shift Register to Pipeline                       |            0  |              0  |                     0  |           0  |           1  |  00:00:00  |
|  Shift Register                                   |            0  |              0  |                     0  |           0  |           1  |  00:00:00  |
|  BRAM Register                                    |            0  |              0  |                     0  |           0  |           1  |  00:00:00  |
|  URAM Register                                    |            0  |              0  |                     0  |           0  |           1  |  00:00:00  |
|  Dynamic/Static Region Interface Net Replication  |            0  |              0  |                     0  |           0  |           1  |  00:00:00  |
|  Total                                            |          184  |            674  |                   679  |           0  |           9  |  00:00:01  |
-----------------------------------------------------------------------------------------------------------------------------------------------------------


Phase 2.5.2 Physical Synthesis In Placer | Checksum: 2743f8e53

Time (s): cpu = 00:00:35 ; elapsed = 00:00:09 . Memory (MB): peak = 3180.707 ; gain = 47.074 ; free physical = 13032 ; free virtual = 29581
Phase 2.5 Global Place Phase2 | Checksum: 22fc784dc

Time (s): cpu = 00:00:37 ; elapsed = 00:00:10 . Memory (MB): peak = 3180.707 ; gain = 47.074 ; free physical = 13032 ; free virtual = 29579
Phase 2 Global Placement | Checksum: 22fc784dc

Time (s): cpu = 00:00:37 ; elapsed = 00:00:10 . Memory (MB): peak = 3180.707 ; gain = 47.074 ; free physical = 13032 ; free virtual = 29579

Phase 3 Detail Placement

Phase 3.1 Commit Multi Column Macros
Phase 3.1 Commit Multi Column Macros | Checksum: 30914ac88

Time (s): cpu = 00:00:40 ; elapsed = 00:00:11 . Memory (MB): peak = 3180.707 ; gain = 47.074 ; free physical = 13033 ; free virtual = 29579

Phase 3.2 Commit Most Macros & LUTRAMs
Phase 3.2 Commit Most Macros & LUTRAMs | Checksum: 1c2a065e8

Time (s): cpu = 00:00:44 ; elapsed = 00:00:11 . Memory (MB): peak = 3180.707 ; gain = 47.074 ; free physical = 13037 ; free virtual = 29583

Phase 3.3 Area Swap Optimization
Phase 3.3 Area Swap Optimization | Checksum: 241509ad0

Time (s): cpu = 00:00:45 ; elapsed = 00:00:11 . Memory (MB): peak = 3180.707 ; gain = 47.074 ; free physical = 13037 ; free virtual = 29583

Phase 3.4 Pipeline Register Optimization
Phase 3.4 Pipeline Register Optimization | Checksum: 1c970f73a

Time (s): cpu = 00:00:45 ; elapsed = 00:00:11 . Memory (MB): peak = 3180.707 ; gain = 47.074 ; free physical = 13037 ; free virtual = 29583

Phase 3.5 Fast Optimization
Phase 3.5 Fast Optimization | Checksum: 1ef1e7325

Time (s): cpu = 00:00:52 ; elapsed = 00:00:14 . Memory (MB): peak = 3180.707 ; gain = 47.074 ; free physical = 13030 ; free virtual = 29576

Phase 3.6 Small Shape Detail Placement
Phase 3.6 Small Shape Detail Placement | Checksum: 2b997de73

Time (s): cpu = 00:00:55 ; elapsed = 00:00:16 . Memory (MB): peak = 3180.707 ; gain = 47.074 ; free physical = 13032 ; free virtual = 29578

Phase 3.7 Re-assign LUT pins
Phase 3.7 Re-assign LUT pins | Checksum: 31a315204

Time (s): cpu = 00:00:55 ; elapsed = 00:00:17 . Memory (MB): peak = 3180.707 ; gain = 47.074 ; free physical = 13034 ; free virtual = 29581

Phase 3.8 Pipeline Register Optimization
Phase 3.8 Pipeline Register Optimization | Checksum: 21b86653f

Time (s): cpu = 00:00:55 ; elapsed = 00:00:17 . Memory (MB): peak = 3180.707 ; gain = 47.074 ; free physical = 13034 ; free virtual = 29581
Phase 3 Detail Placement | Checksum: 21b86653f

Time (s): cpu = 00:00:56 ; elapsed = 00:00:17 . Memory (MB): peak = 3180.707 ; gain = 47.074 ; free physical = 13035 ; free virtual = 29581

Phase 4 Post Placement Optimization and Clean-Up

Phase 4.1 Post Commit Optimization
INFO: [Timing 38-35] Done setting XDC timing constraints.

Phase 4.1.1 Post Placement Optimization
Post Placement Optimization Initialization | Checksum: 2b0f2bd51

Phase 4.1.1.1 BUFG Insertion

Starting Physical Synthesis Task

Phase 1 Physical Synthesis Initialization
INFO: [Physopt 32-721] Multithreading enabled for phys_opt_design using a maximum of 16 CPUs
INFO: [Physopt 32-619] Estimated Timing Summary | WNS=-1.695 | TNS=-252.600 |
Phase 1 Physical Synthesis Initialization | Checksum: 204d3d746

Time (s): cpu = 00:00:00.96 ; elapsed = 00:00:00.12 . Memory (MB): peak = 3180.707 ; gain = 0.000 ; free physical = 13037 ; free virtual = 29584
INFO: [Place 46-33] Processed net rv64im72f_6sp/trap_controller/cpu_clk_enable_reg_0, BUFG insertion was skipped due to placement/routing conflicts.
INFO: [Place 46-56] BUFG insertion identified 1 candidate nets. Inserted BUFG: 0, Replicated BUFG Driver: 0, Skipped due to Placement/Routing Conflicts: 1, Skipped due to Timing Degradation: 0, Skipped due to netlist editing failed: 0.
Ending Physical Synthesis Task | Checksum: 290194487

Time (s): cpu = 00:00:01 ; elapsed = 00:00:00.23 . Memory (MB): peak = 3180.707 ; gain = 0.000 ; free physical = 13037 ; free virtual = 29584
Phase 4.1.1.1 BUFG Insertion | Checksum: 2b0f2bd51

Time (s): cpu = 00:01:05 ; elapsed = 00:00:18 . Memory (MB): peak = 3180.707 ; gain = 47.074 ; free physical = 13037 ; free virtual = 29584

Phase 4.1.1.2 Post Placement Timing Optimization
INFO: [Place 30-746] Post Placement Timing Summary WNS=0.107. For the most accurate timing information please run report_timing.
Phase 4.1.1.2 Post Placement Timing Optimization | Checksum: 2c6833118

Time (s): cpu = 00:01:53 ; elapsed = 00:01:05 . Memory (MB): peak = 3180.707 ; gain = 47.074 ; free physical = 13064 ; free virtual = 29610

Time (s): cpu = 00:01:53 ; elapsed = 00:01:05 . Memory (MB): peak = 3180.707 ; gain = 47.074 ; free physical = 13064 ; free virtual = 29610
Phase 4.1 Post Commit Optimization | Checksum: 2c6833118

Time (s): cpu = 00:01:54 ; elapsed = 00:01:05 . Memory (MB): peak = 3180.707 ; gain = 47.074 ; free physical = 13063 ; free virtual = 29610

Phase 4.2 Post Placement Cleanup
Phase 4.2 Post Placement Cleanup | Checksum: 2c6833118

Time (s): cpu = 00:01:54 ; elapsed = 00:01:05 . Memory (MB): peak = 3180.707 ; gain = 47.074 ; free physical = 13064 ; free virtual = 29610

Phase 4.3 Placer Reporting

Phase 4.3.1 Print Estimated Congestion
INFO: [Place 30-612] Post-Placement Estimated Congestion 
 ____________________________________________________
|           | Global Congestion | Short Congestion  |
| Direction | Region Size       | Region Size       |
|___________|___________________|___________________|
|      North|                1x1|                8x8|
|___________|___________________|___________________|
|      South|                1x1|                8x8|
|___________|___________________|___________________|
|       East|                4x4|                8x8|
|___________|___________________|___________________|
|       West|                1x1|                2x2|
|___________|___________________|___________________|

Phase 4.3.1 Print Estimated Congestion | Checksum: 2c6833118

Time (s): cpu = 00:01:54 ; elapsed = 00:01:05 . Memory (MB): peak = 3180.707 ; gain = 47.074 ; free physical = 13063 ; free virtual = 29610
Phase 4.3 Placer Reporting | Checksum: 2c6833118

Time (s): cpu = 00:01:54 ; elapsed = 00:01:05 . Memory (MB): peak = 3180.707 ; gain = 47.074 ; free physical = 13064 ; free virtual = 29610

Phase 4.4 Final Placement Cleanup
Netlist sorting complete. Time (s): cpu = 00:00:00 ; elapsed = 00:00:00.01 . Memory (MB): peak = 3180.707 ; gain = 0.000 ; free physical = 13064 ; free virtual = 29610

Time (s): cpu = 00:01:54 ; elapsed = 00:01:05 . Memory (MB): peak = 3180.707 ; gain = 47.074 ; free physical = 13064 ; free virtual = 29610
Phase 4 Post Placement Optimization and Clean-Up | Checksum: 27dbe2b73

Time (s): cpu = 00:01:54 ; elapsed = 00:01:05 . Memory (MB): peak = 3180.707 ; gain = 47.074 ; free physical = 13064 ; free virtual = 29610
Ending Placer Task | Checksum: 1b5b14cec

Time (s): cpu = 00:01:54 ; elapsed = 00:01:05 . Memory (MB): peak = 3180.707 ; gain = 47.074 ; free physical = 13064 ; free virtual = 29610
85 Infos, 0 Warnings, 0 Critical Warnings and 0 Errors encountered.
place_design completed successfully
place_design: Time (s): cpu = 00:01:57 ; elapsed = 00:01:06 . Memory (MB): peak = 3180.707 ; gain = 47.074 ; free physical = 13064 ; free virtual = 29610
INFO: [Vivado 12-24838] Running report commands "report_control_sets, report_io, report_utilization" in parallel.
Running report generation with 3 threads.
INFO: [Vivado 12-24828] Executing command : report_control_sets -verbose -file RV64IM72F8SPSoCTOP_control_sets_placed.rpt
report_control_sets: Time (s): cpu = 00:00:00.12 ; elapsed = 00:00:00.11 . Memory (MB): peak = 3180.707 ; gain = 0.000 ; free physical = 13046 ; free virtual = 29593
INFO: [Vivado 12-24828] Executing command : report_io -file RV64IM72F8SPSoCTOP_io_placed.rpt
report_io: Time (s): cpu = 00:00:00.19 ; elapsed = 00:00:00.16 . Memory (MB): peak = 3180.707 ; gain = 0.000 ; free physical = 13054 ; free virtual = 29601
INFO: [Vivado 12-24828] Executing command : report_utilization -file RV64IM72F8SPSoCTOP_utilization_placed.rpt -pb RV64IM72F8SPSoCTOP_utilization_placed.pb
INFO: [Timing 38-480] Writing timing data to binary archive.
Wrote PlaceDB: Time (s): cpu = 00:00:00 ; elapsed = 00:00:00 . Memory (MB): peak = 3180.707 ; gain = 0.000 ; free physical = 13046 ; free virtual = 29593
Wrote PulsedLatchDB: Time (s): cpu = 00:00:00 ; elapsed = 00:00:00 . Memory (MB): peak = 3180.707 ; gain = 0.000 ; free physical = 13046 ; free virtual = 29593
Writing XDEF routing.
Writing XDEF routing logical nets.
Write ShapeDB Complete: Time (s): cpu = 00:00:00.08 ; elapsed = 00:00:00.02 . Memory (MB): peak = 3180.707 ; gain = 0.000 ; free physical = 13046 ; free virtual = 29594
Writing XDEF routing special nets.
Wrote RouteStorage: Time (s): cpu = 00:00:00.09 ; elapsed = 00:00:00.02 . Memory (MB): peak = 3180.707 ; gain = 0.000 ; free physical = 13046 ; free virtual = 29594
Wrote PlaceStorage: Time (s): cpu = 00:00:00.54 ; elapsed = 00:00:00.25 . Memory (MB): peak = 3180.707 ; gain = 0.000 ; free physical = 13038 ; free virtual = 29598
Wrote Netlist Cache: Time (s): cpu = 00:00:00.01 ; elapsed = 00:00:00.01 . Memory (MB): peak = 3180.707 ; gain = 0.000 ; free physical = 13036 ; free virtual = 29597
Wrote Device Cache: Time (s): cpu = 00:00:00 ; elapsed = 00:00:00 . Memory (MB): peak = 3180.707 ; gain = 0.000 ; free physical = 13036 ; free virtual = 29598
Write Physdb Complete: Time (s): cpu = 00:00:00.64 ; elapsed = 00:00:00.28 . Memory (MB): peak = 3180.707 ; gain = 0.000 ; free physical = 13036 ; free virtual = 29598
INFO: [Common 17-1381] The checkpoint '/home/khwl/Desktop/claude_RISCOF_RV-IM100/RV-IM100/RV64s/SoCs/RV64IM_8SP_Dhry/RV64IM72F_8SP_100MHz.runs/impl_1/RV64IM72F8SPSoCTOP_placed.dcp' has been generated.
Command: phys_opt_design -directive Explore
Attempting to get a license for feature 'Implementation' and/or device 'xc7a200t'
INFO: [Common 17-349] Got license for feature 'Implementation' and/or device 'xc7a200t'
INFO: [Vivado_Tcl 4-137] Directive used for phys_opt_design is: Explore

Starting Initial Update Timing Task

Time (s): cpu = 00:00:09 ; elapsed = 00:00:00.88 . Memory (MB): peak = 3180.707 ; gain = 0.000 ; free physical = 13053 ; free virtual = 29604
INFO: [Vivado_Tcl 4-2279] Estimated Timing Summary | WNS= 0.107 | TNS= 0.000 | 
INFO: [Vivado_Tcl 4-383] Design worst setup slack (WNS) is greater than or equal to 0.000 ns. All physical synthesis setup optimizations will be skipped.
INFO: [Vivado_Tcl 4-232] No setup violation found. The netlist was not modified.
INFO: [Common 17-83] Releasing license: Implementation
97 Infos, 0 Warnings, 0 Critical Warnings and 0 Errors encountered.
phys_opt_design completed successfully
INFO: [Timing 38-480] Writing timing data to binary archive.
Wrote PlaceDB: Time (s): cpu = 00:00:00 ; elapsed = 00:00:00 . Memory (MB): peak = 3180.707 ; gain = 0.000 ; free physical = 13053 ; free virtual = 29604
Wrote PulsedLatchDB: Time (s): cpu = 00:00:00 ; elapsed = 00:00:00.01 . Memory (MB): peak = 3180.707 ; gain = 0.000 ; free physical = 13053 ; free virtual = 29604
Writing XDEF routing.
Writing XDEF routing logical nets.
Write ShapeDB Complete: Time (s): cpu = 00:00:00.06 ; elapsed = 00:00:00.02 . Memory (MB): peak = 3180.707 ; gain = 0.000 ; free physical = 13052 ; free virtual = 29604
Writing XDEF routing special nets.
Wrote RouteStorage: Time (s): cpu = 00:00:00.08 ; elapsed = 00:00:00.01 . Memory (MB): peak = 3180.707 ; gain = 0.000 ; free physical = 13052 ; free virtual = 29604
Wrote PlaceStorage: Time (s): cpu = 00:00:00.55 ; elapsed = 00:00:00.23 . Memory (MB): peak = 3180.707 ; gain = 0.000 ; free physical = 13039 ; free virtual = 29603
Wrote Netlist Cache: Time (s): cpu = 00:00:00 ; elapsed = 00:00:00.01 . Memory (MB): peak = 3180.707 ; gain = 0.000 ; free physical = 13039 ; free virtual = 29604
Wrote Device Cache: Time (s): cpu = 00:00:00 ; elapsed = 00:00:00 . Memory (MB): peak = 3180.707 ; gain = 0.000 ; free physical = 13032 ; free virtual = 29596
Write Physdb Complete: Time (s): cpu = 00:00:00.64 ; elapsed = 00:00:00.26 . Memory (MB): peak = 3180.707 ; gain = 0.000 ; free physical = 13032 ; free virtual = 29596
INFO: [Common 17-1381] The checkpoint '/home/khwl/Desktop/claude_RISCOF_RV-IM100/RV-IM100/RV64s/SoCs/RV64IM_8SP_Dhry/RV64IM72F_8SP_100MHz.runs/impl_1/RV64IM72F8SPSoCTOP_physopt.dcp' has been generated.
Command: route_design -directive Explore -tns_cleanup
Attempting to get a license for feature 'Implementation' and/or device 'xc7a200t'
INFO: [Common 17-349] Got license for feature 'Implementation' and/or device 'xc7a200t'


Starting Routing Task
INFO: [Route 35-270] Using Router directive 'Explore'.
INFO: [Route 35-254] Multithreading enabled for route_design using a maximum of 16 CPUs

Phase 1 Build RT Design
Checksum: PlaceDB: a9c995e0 ConstDB: 0 ShapeSum: 73cccba8 RouteDB: 981aeb64
Post Restoration Checksum: NetGraph: d43561fe | NumContArr: 9553516f | Constraints: c2a8fa9d | Timing: c2a8fa9d
Phase 1 Build RT Design | Checksum: 2eedaa8a7

Time (s): cpu = 00:00:36 ; elapsed = 00:00:22 . Memory (MB): peak = 3180.707 ; gain = 0.000 ; free physical = 12907 ; free virtual = 29463

Phase 2 Router Initialization

Phase 2.1 Fix Topology Constraints
Phase 2.1 Fix Topology Constraints | Checksum: 2eedaa8a7

Time (s): cpu = 00:00:36 ; elapsed = 00:00:22 . Memory (MB): peak = 3180.707 ; gain = 0.000 ; free physical = 12907 ; free virtual = 29463

Phase 2.2 Pre Route Cleanup
Phase 2.2 Pre Route Cleanup | Checksum: 2eedaa8a7

Time (s): cpu = 00:00:36 ; elapsed = 00:00:22 . Memory (MB): peak = 3180.707 ; gain = 0.000 ; free physical = 12907 ; free virtual = 29463
 Number of Nodes with overlaps = 0

Phase 2.3 Update Timing
Phase 2.3 Update Timing | Checksum: 2531a08d0

Time (s): cpu = 00:00:48 ; elapsed = 00:00:24 . Memory (MB): peak = 3261.980 ; gain = 81.273 ; free physical = 12799 ; free virtual = 29354
INFO: [Route 35-416] Intermediate Timing Summary | WNS=0.244  | TNS=0.000  | WHS=-0.274 | THS=-438.095|


Phase 2.4 Soft Constraint Pins - Fast Budgeting
Phase 2.4 Soft Constraint Pins - Fast Budgeting | Checksum: 1998d43c5

Time (s): cpu = 00:00:51 ; elapsed = 00:00:25 . Memory (MB): peak = 3261.980 ; gain = 81.273 ; free physical = 12799 ; free virtual = 29355

Router Utilization Summary
  Global Vertical Routing Utilization    = 0 %
  Global Horizontal Routing Utilization  = 0 %
  Routable Net Status*
  *Does not include unroutable nets such as driverless and loadless.
  Run report_route_status for detailed report.
  Number of Failed Nets               = 13082
    (Failed Nets is the sum of unrouted and partially routed nets)
  Number of Unrouted Nets             = 13082
  Number of Partially Routed Nets     = 0
  Number of Node Overlaps             = 0

Phase 2 Router Initialization | Checksum: 1e8a2e1b2

Time (s): cpu = 00:00:52 ; elapsed = 00:00:25 . Memory (MB): peak = 3280.457 ; gain = 99.750 ; free physical = 12783 ; free virtual = 29339

Phase 3 Global Routing
Phase 3 Global Routing | Checksum: 1e8a2e1b2

Time (s): cpu = 00:00:52 ; elapsed = 00:00:25 . Memory (MB): peak = 3280.457 ; gain = 99.750 ; free physical = 12783 ; free virtual = 29339

Phase 4 Initial Routing

Phase 4.1 Initial Net Routing Pass
Phase 4.1 Initial Net Routing Pass | Checksum: 28f3e479e

Time (s): cpu = 00:00:56 ; elapsed = 00:00:26 . Memory (MB): peak = 3280.457 ; gain = 99.750 ; free physical = 12784 ; free virtual = 29340
Phase 4 Initial Routing | Checksum: 28f3e479e

Time (s): cpu = 00:00:56 ; elapsed = 00:00:26 . Memory (MB): peak = 3280.457 ; gain = 99.750 ; free physical = 12784 ; free virtual = 29340
INFO: [Route 35-580] Design has 33 pins with tight setup and hold constraints.

The top 5 pins with tight setup and hold constraints:

+====================+====================+========================================================+
| Launch Setup Clock | Launch Hold Clock  | Pin                                                    |
+====================+====================+========================================================+
| clk_out1_clk_wiz_0 | clk_out1_clk_wiz_0 | rv64im72f_6sp/exr_ex_register/EX_src_B_reg[9]/D        |
| clk_out1_clk_wiz_0 | clk_out1_clk_wiz_0 | rv64im72f_6sp/exr_ex_register/EX_read_data2_reg[0]/D   |
| clk_out1_clk_wiz_0 | clk_out1_clk_wiz_0 | rv64im72f_6sp/csr_file/csr_read_out_reg[42]/D          |
| clk_out1_clk_wiz_0 | clk_out1_clk_wiz_0 | rv64im72f_6sp/exr_ex_register/EX_src_B_reg[0]_rep__0/D |
| clk_out1_clk_wiz_0 | clk_out1_clk_wiz_0 | rv64im72f_6sp/exr_ex_register/EX_src_B_reg[0]/D        |
+--------------------+--------------------+--------------------------------------------------------+

File with complete list of pins: tight_setup_hold_pins.txt


Phase 5 Rip-up And Reroute

Phase 5.1 Global Iteration 0
 Number of Nodes with overlaps = 4280
 Number of Nodes with overlaps = 1332
 Number of Nodes with overlaps = 547
 Number of Nodes with overlaps = 145
 Number of Nodes with overlaps = 69
 Number of Nodes with overlaps = 29
 Number of Nodes with overlaps = 10
 Number of Nodes with overlaps = 4
 Number of Nodes with overlaps = 2
 Number of Nodes with overlaps = 3
 Number of Nodes with overlaps = 0
INFO: [Route 35-416] Intermediate Timing Summary | WNS=-0.020 | TNS=-0.041 | WHS=N/A    | THS=N/A    |

Phase 5.1 Global Iteration 0 | Checksum: 28bc5d30d

Time (s): cpu = 00:01:42 ; elapsed = 00:00:44 . Memory (MB): peak = 3280.457 ; gain = 99.750 ; free physical = 12789 ; free virtual = 29345

Phase 5.2 Global Iteration 1
 Number of Nodes with overlaps = 690
 Number of Nodes with overlaps = 178
 Number of Nodes with overlaps = 49
 Number of Nodes with overlaps = 20
 Number of Nodes with overlaps = 6
 Number of Nodes with overlaps = 3
 Number of Nodes with overlaps = 1
 Number of Nodes with overlaps = 0
INFO: [Route 35-416] Intermediate Timing Summary | WNS=0.000  | TNS=0.000  | WHS=N/A    | THS=N/A    |

Phase 5.2 Global Iteration 1 | Checksum: 1dc0b78e9

Time (s): cpu = 00:01:50 ; elapsed = 00:00:48 . Memory (MB): peak = 3280.457 ; gain = 99.750 ; free physical = 12791 ; free virtual = 29347
Phase 5 Rip-up And Reroute | Checksum: 1dc0b78e9

Time (s): cpu = 00:01:50 ; elapsed = 00:00:48 . Memory (MB): peak = 3280.457 ; gain = 99.750 ; free physical = 12791 ; free virtual = 29347

Phase 6 Delay and Skew Optimization

Phase 6.1 TNS Cleanup

Phase 6.1.1 Delay CleanUp
Phase 6.1.1 Delay CleanUp | Checksum: 1dc0b78e9

Time (s): cpu = 00:01:50 ; elapsed = 00:00:48 . Memory (MB): peak = 3280.457 ; gain = 99.750 ; free physical = 12791 ; free virtual = 29347
Phase 6.1 TNS Cleanup | Checksum: 1dc0b78e9

Time (s): cpu = 00:01:51 ; elapsed = 00:00:48 . Memory (MB): peak = 3280.457 ; gain = 99.750 ; free physical = 12791 ; free virtual = 29347

Phase 6.2 Clock Skew Optimization
Phase 6.2 Clock Skew Optimization | Checksum: 1dc0b78e9

Time (s): cpu = 00:01:51 ; elapsed = 00:00:48 . Memory (MB): peak = 3280.457 ; gain = 99.750 ; free physical = 12791 ; free virtual = 29347
Phase 6 Delay and Skew Optimization | Checksum: 1dc0b78e9

Time (s): cpu = 00:01:51 ; elapsed = 00:00:48 . Memory (MB): peak = 3280.457 ; gain = 99.750 ; free physical = 12791 ; free virtual = 29347

Phase 7 Post Hold Fix

Phase 7.1 Hold Fix Iter
INFO: [Route 35-416] Intermediate Timing Summary | WNS=0.087  | TNS=0.000  | WHS=0.019  | THS=0.000  |

Phase 7.1 Hold Fix Iter | Checksum: 29cd7b0b4

Time (s): cpu = 00:01:52 ; elapsed = 00:00:48 . Memory (MB): peak = 3280.457 ; gain = 99.750 ; free physical = 12789 ; free virtual = 29345
Phase 7 Post Hold Fix | Checksum: 29cd7b0b4

Time (s): cpu = 00:01:53 ; elapsed = 00:00:48 . Memory (MB): peak = 3280.457 ; gain = 99.750 ; free physical = 12789 ; free virtual = 29345

Phase 8 Route finalize

Router Utilization Summary
  Global Vertical Routing Utilization    = 1.90062 %
  Global Horizontal Routing Utilization  = 2.40112 %
  Routable Net Status*
  *Does not include unroutable nets such as driverless and loadless.
  Run report_route_status for detailed report.
  Number of Failed Nets               = 0
    (Failed Nets is the sum of unrouted and partially routed nets)
  Number of Unrouted Nets             = 0
  Number of Partially Routed Nets     = 0
  Number of Node Overlaps             = 0

Phase 8 Route finalize | Checksum: 29cd7b0b4

Time (s): cpu = 00:01:53 ; elapsed = 00:00:48 . Memory (MB): peak = 3280.457 ; gain = 99.750 ; free physical = 12789 ; free virtual = 29345

Phase 9 Verifying routed nets

 Verification completed successfully
Phase 9 Verifying routed nets | Checksum: 29cd7b0b4

Time (s): cpu = 00:01:53 ; elapsed = 00:00:48 . Memory (MB): peak = 3280.457 ; gain = 99.750 ; free physical = 12789 ; free virtual = 29345

Phase 10 Depositing Routes
Phase 10 Depositing Routes | Checksum: 2d583dfe2

Time (s): cpu = 00:01:54 ; elapsed = 00:00:48 . Memory (MB): peak = 3280.457 ; gain = 99.750 ; free physical = 12789 ; free virtual = 29344

Phase 11 Post Process Routing
Phase 11 Post Process Routing | Checksum: 2d583dfe2

Time (s): cpu = 00:01:54 ; elapsed = 00:00:48 . Memory (MB): peak = 3280.457 ; gain = 99.750 ; free physical = 12789 ; free virtual = 29344

Phase 12 Post Router Timing
INFO: [Route 35-20] Post Routing Timing Summary | WNS=0.093  | TNS=0.000  | WHS=0.023  | THS=0.000  |

Phase 12 Post Router Timing | Checksum: 1e184eabe

Time (s): cpu = 00:02:07 ; elapsed = 00:00:50 . Memory (MB): peak = 3280.457 ; gain = 99.750 ; free physical = 12788 ; free virtual = 29344
INFO: [Route 35-61] The design met the timing requirement.
Total Elapsed time in route_design: 49.66 secs

Phase 13 Post-Route Event Processing
Phase 13 Post-Route Event Processing | Checksum: 19cd178a3

Time (s): cpu = 00:02:07 ; elapsed = 00:00:50 . Memory (MB): peak = 3280.457 ; gain = 99.750 ; free physical = 12788 ; free virtual = 29345
INFO: [Route 35-16] Router Completed Successfully
Ending Routing Task | Checksum: 19cd178a3

Time (s): cpu = 00:02:07 ; elapsed = 00:00:50 . Memory (MB): peak = 3280.457 ; gain = 99.750 ; free physical = 12789 ; free virtual = 29345

Routing Is Done.
INFO: [Common 17-83] Releasing license: Implementation
111 Infos, 0 Warnings, 0 Critical Warnings and 0 Errors encountered.
route_design completed successfully
route_design: Time (s): cpu = 00:02:07 ; elapsed = 00:00:50 . Memory (MB): peak = 3280.457 ; gain = 99.750 ; free physical = 12789 ; free virtual = 29345
INFO: [Vivado 12-24828] Executing command : report_drc -file RV64IM72F8SPSoCTOP_drc_routed.rpt -pb RV64IM72F8SPSoCTOP_drc_routed.pb -rpx RV64IM72F8SPSoCTOP_drc_routed.rpx
Command: report_drc -file RV64IM72F8SPSoCTOP_drc_routed.rpt -pb RV64IM72F8SPSoCTOP_drc_routed.pb -rpx RV64IM72F8SPSoCTOP_drc_routed.rpx
INFO: [IP_Flow 19-1839] IP Catalog is up to date.
INFO: [DRC 23-27] Running DRC with 16 threads
INFO: [Vivado_Tcl 2-168] The results of DRC are in file /home/khwl/Desktop/claude_RISCOF_RV-IM100/RV-IM100/RV64s/SoCs/RV64IM_8SP_Dhry/RV64IM72F_8SP_100MHz.runs/impl_1/RV64IM72F8SPSoCTOP_drc_routed.rpt.
report_drc completed successfully
INFO: [Vivado 12-24828] Executing command : report_methodology -file RV64IM72F8SPSoCTOP_methodology_drc_routed.rpt -pb RV64IM72F8SPSoCTOP_methodology_drc_routed.pb -rpx RV64IM72F8SPSoCTOP_methodology_drc_routed.rpx
Command: report_methodology -file RV64IM72F8SPSoCTOP_methodology_drc_routed.rpt -pb RV64IM72F8SPSoCTOP_methodology_drc_routed.pb -rpx RV64IM72F8SPSoCTOP_methodology_drc_routed.rpx
INFO: [Timing 38-35] Done setting XDC timing constraints.
INFO: [DRC 23-133] Running Methodology with 16 threads
INFO: [Vivado_Tcl 2-1520] The results of Report Methodology are in file /home/khwl/Desktop/claude_RISCOF_RV-IM100/RV-IM100/RV64s/SoCs/RV64IM_8SP_Dhry/RV64IM72F_8SP_100MHz.runs/impl_1/RV64IM72F8SPSoCTOP_methodology_drc_routed.rpt.
report_methodology completed successfully
INFO: [Vivado 12-24828] Executing command : report_timing_summary -max_paths 10 -routable_nets -report_unconstrained -file RV64IM72F8SPSoCTOP_timing_summary_routed.rpt -pb RV64IM72F8SPSoCTOP_timing_summary_routed.pb -rpx RV64IM72F8SPSoCTOP_timing_summary_routed.rpx
INFO: [Timing 38-35] Done setting XDC timing constraints.
INFO: [Timing 38-91] UpdateTimingParams: Speed grade: -1, Delay Type: min_max.
INFO: [Timing 38-191] Multithreading enabled for timing update using a maximum of 16 CPUs
INFO: [Vivado 12-24838] Running report commands "report_bus_skew, report_incremental_reuse, report_route_status" in parallel.
Running report generation with 3 threads.
INFO: [Vivado 12-24828] Executing command : report_incremental_reuse -file RV64IM72F8SPSoCTOP_incremental_reuse_routed.rpt
INFO: [Vivado_Tcl 4-1062] Incremental flow is disabled. No incremental reuse Info to report.
INFO: [Vivado 12-24828] Executing command : report_route_status -file RV64IM72F8SPSoCTOP_route_status.rpt -pb RV64IM72F8SPSoCTOP_route_status.pb
INFO: [Vivado 12-24828] Executing command : report_bus_skew -warn_on_violation -file RV64IM72F8SPSoCTOP_bus_skew_routed.rpt -pb RV64IM72F8SPSoCTOP_bus_skew_routed.pb -rpx RV64IM72F8SPSoCTOP_bus_skew_routed.rpx
INFO: [Timing 38-91] UpdateTimingParams: Speed grade: -1, Delay Type: min_max.
INFO: [Timing 38-191] Multithreading enabled for timing update using a maximum of 16 CPUs
INFO: [Vivado 12-24828] Executing command : report_power -file RV64IM72F8SPSoCTOP_power_routed.rpt -pb RV64IM72F8SPSoCTOP_power_summary_routed.pb -rpx RV64IM72F8SPSoCTOP_power_routed.rpx
Command: report_power -file RV64IM72F8SPSoCTOP_power_routed.rpt -pb RV64IM72F8SPSoCTOP_power_summary_routed.pb -rpx RV64IM72F8SPSoCTOP_power_routed.rpx
Running Vector-less Activity Propagation...

Finished Running Vector-less Activity Propagation
131 Infos, 0 Warnings, 0 Critical Warnings and 0 Errors encountered.
report_power completed successfully
INFO: [Vivado 12-24828] Executing command : report_clock_utilization -file RV64IM72F8SPSoCTOP_clock_utilization_routed.rpt
generate_parallel_reports: Time (s): cpu = 00:00:39 ; elapsed = 00:00:08 . Memory (MB): peak = 3467.352 ; gain = 186.895 ; free physical = 12747 ; free virtual = 29314
INFO: [Timing 38-480] Writing timing data to binary archive.
Wrote PlaceDB: Time (s): cpu = 00:00:00 ; elapsed = 00:00:00 . Memory (MB): peak = 3467.352 ; gain = 0.000 ; free physical = 12747 ; free virtual = 29314
Wrote PulsedLatchDB: Time (s): cpu = 00:00:00 ; elapsed = 00:00:00 . Memory (MB): peak = 3467.352 ; gain = 0.000 ; free physical = 12747 ; free virtual = 29314
Writing XDEF routing.
Writing XDEF routing logical nets.
Write ShapeDB Complete: Time (s): cpu = 00:00:00.07 ; elapsed = 00:00:00.02 . Memory (MB): peak = 3467.352 ; gain = 0.000 ; free physical = 12747 ; free virtual = 29315
Writing XDEF routing special nets.
Wrote RouteStorage: Time (s): cpu = 00:00:00.44 ; elapsed = 00:00:00.09 . Memory (MB): peak = 3467.352 ; gain = 0.000 ; free physical = 12744 ; free virtual = 29318
Wrote PlaceStorage: Time (s): cpu = 00:00:00.39 ; elapsed = 00:00:00.24 . Memory (MB): peak = 3467.352 ; gain = 0.000 ; free physical = 12735 ; free virtual = 29318
Wrote Netlist Cache: Time (s): cpu = 00:00:00.01 ; elapsed = 00:00:00.01 . Memory (MB): peak = 3467.352 ; gain = 0.000 ; free physical = 12727 ; free virtual = 29311
Wrote Device Cache: Time (s): cpu = 00:00:00.01 ; elapsed = 00:00:00 . Memory (MB): peak = 3467.352 ; gain = 0.000 ; free physical = 12727 ; free virtual = 29312
Write Physdb Complete: Time (s): cpu = 00:00:00.85 ; elapsed = 00:00:00.35 . Memory (MB): peak = 3467.352 ; gain = 0.000 ; free physical = 12727 ; free virtual = 29312
INFO: [Common 17-1381] The checkpoint '/home/khwl/Desktop/claude_RISCOF_RV-IM100/RV-IM100/RV64s/SoCs/RV64IM_8SP_Dhry/RV64IM72F_8SP_100MHz.runs/impl_1/RV64IM72F8SPSoCTOP_routed.dcp' has been generated.
Command: phys_opt_design -directive Explore
Attempting to get a license for feature 'Implementation' and/or device 'xc7a200t'
INFO: [Common 17-349] Got license for feature 'Implementation' and/or device 'xc7a200t'
INFO: [Vivado_Tcl 4-241] Physical synthesis in post route mode 
INFO: [Vivado_Tcl 4-137] Directive used for phys_opt_design is: Explore
INFO: [Vivado_Tcl 4-2279] Estimated Timing Summary | WNS= 0.093 | TNS= 0.000 | 
INFO: [Vivado_Tcl 4-383] Design worst setup slack (WNS) is greater than or equal to 0.000 ns. All physical synthesis setup optimizations will be skipped.
INFO: [Vivado_Tcl 4-232] No setup violation found. The netlist was not modified.
INFO: [Common 17-83] Releasing license: Implementation
141 Infos, 0 Warnings, 0 Critical Warnings and 0 Errors encountered.
phys_opt_design completed successfully
INFO: [Vivado 12-24828] Executing command : report_timing_summary -max_paths 10 -report_unconstrained -warn_on_violation -file RV64IM72F8SPSoCTOP_timing_summary_postroute_physopted.rpt -pb RV64IM72F8SPSoCTOP_timing_summary_postroute_physopted.pb -rpx RV64IM72F8SPSoCTOP_timing_summary_postroute_physopted.rpx
INFO: [Timing 38-91] UpdateTimingParams: Speed grade: -1, Delay Type: min_max.
INFO: [Timing 38-191] Multithreading enabled for timing update using a maximum of 16 CPUs
INFO: [Vivado 12-24828] Executing command : report_bus_skew -warn_on_violation -file RV64IM72F8SPSoCTOP_bus_skew_postroute_physopted.rpt -pb RV64IM72F8SPSoCTOP_bus_skew_postroute_physopted.pb -rpx RV64IM72F8SPSoCTOP_bus_skew_postroute_physopted.rpx
INFO: [Timing 38-91] UpdateTimingParams: Speed grade: -1, Delay Type: min_max.
INFO: [Timing 38-191] Multithreading enabled for timing update using a maximum of 16 CPUs
INFO: [Timing 38-480] Writing timing data to binary archive.
Wrote PlaceDB: Time (s): cpu = 00:00:00 ; elapsed = 00:00:00 . Memory (MB): peak = 3467.352 ; gain = 0.000 ; free physical = 12735 ; free virtual = 29309
Wrote PulsedLatchDB: Time (s): cpu = 00:00:00 ; elapsed = 00:00:00 . Memory (MB): peak = 3467.352 ; gain = 0.000 ; free physical = 12735 ; free virtual = 29309
Writing XDEF routing.
Writing XDEF routing logical nets.
Write ShapeDB Complete: Time (s): cpu = 00:00:00.07 ; elapsed = 00:00:00.01 . Memory (MB): peak = 3467.352 ; gain = 0.000 ; free physical = 12734 ; free virtual = 29309
Writing XDEF routing special nets.
Wrote RouteStorage: Time (s): cpu = 00:00:00.46 ; elapsed = 00:00:00.09 . Memory (MB): peak = 3467.352 ; gain = 0.000 ; free physical = 12730 ; free virtual = 29310
Wrote PlaceStorage: Time (s): cpu = 00:00:00.38 ; elapsed = 00:00:00.24 . Memory (MB): peak = 3467.352 ; gain = 0.000 ; free physical = 12729 ; free virtual = 29319
Wrote Netlist Cache: Time (s): cpu = 00:00:00.01 ; elapsed = 00:00:00.01 . Memory (MB): peak = 3467.352 ; gain = 0.000 ; free physical = 12729 ; free virtual = 29320
Wrote Device Cache: Time (s): cpu = 00:00:00 ; elapsed = 00:00:00 . Memory (MB): peak = 3467.352 ; gain = 0.000 ; free physical = 12728 ; free virtual = 29320
Write Physdb Complete: Time (s): cpu = 00:00:00.85 ; elapsed = 00:00:00.35 . Memory (MB): peak = 3467.352 ; gain = 0.000 ; free physical = 12728 ; free virtual = 29320
INFO: [Common 17-1381] The checkpoint '/home/khwl/Desktop/claude_RISCOF_RV-IM100/RV-IM100/RV64s/SoCs/RV64IM_8SP_Dhry/RV64IM72F_8SP_100MHz.runs/impl_1/RV64IM72F8SPSoCTOP_postroute_physopt.dcp' has been generated.
INFO: [Common 17-206] Exiting Vivado at Tue Sep 15 21:19:26 2026...
