Copyright 1986-2022 Xilinx, Inc. All Rights Reserved. Copyright 2022-2025 Advanced Micro Devices, Inc. All Rights Reserved.
---------------------------------------------------------------------------------------------------------------------------------------------
| Tool Version : Vivado v.2025.2 (lin64) Build 6299465 Fri Nov 14 12:34:56 MST 2025
| Date         : Tue Sep 15 21:18:24 2026
| Host         : khwl-ThinkPad-X1-Carbon-Gen-13 running 64-bit Ubuntu 24.04.4 LTS
| Command      : report_control_sets -verbose -file RV64IM72F8SPSoCTOP_control_sets_placed.rpt
| Design       : RV64IM72F8SPSoCTOP
| Device       : xc7a200t
---------------------------------------------------------------------------------------------------------------------------------------------

Control Set Information

Table of Contents
-----------------
1. Summary
2. Histogram
3. Flip-Flop Distribution
4. Detailed Control Set Information

1. Summary
----------

+----------------------------------------------------------+-------+
|                          Status                          | Count |
+----------------------------------------------------------+-------+
| Total control sets                                       |   108 |
|    Minimum number of control sets                        |    17 |
|    Addition due to synthesis replication                 |     0 |
|    Addition due to physical synthesis replication        |    91 |
| Unused register locations in slices containing registers |   384 |
+----------------------------------------------------------+-------+
* Control sets can be merged at opt_design using control_set_merge or merge_equivalent_drivers
** Run report_qor_suggestions for automated merging and remapping suggestions


2. Histogram
------------

+--------------------+-------+
|       Fanout       | Count |
+--------------------+-------+
| Total control sets |   108 |
| >= 0 to < 4        |    14 |
| >= 4 to < 6        |    13 |
| >= 6 to < 8        |     3 |
| >= 8 to < 10       |     5 |
| >= 10 to < 12      |     5 |
| >= 12 to < 14      |     6 |
| >= 14 to < 16      |     4 |
| >= 16              |    58 |
+--------------------+-------+
* Control sets can be remapped at either synth_design or opt_design


3. Flip-Flop Distribution
-------------------------

+--------------+-----------------------+------------------------+-----------------+--------------+
| Clock Enable | Synchronous Set/Reset | Asynchronous Set/Reset | Total Registers | Total Slices |
+--------------+-----------------------+------------------------+-----------------+--------------+
| No           | No                    | No                     |               7 |            5 |
| No           | No                    | Yes                    |              66 |           39 |
| No           | Yes                   | No                     |               0 |            0 |
| Yes          | No                    | No                     |             288 |           90 |
| Yes          | No                    | Yes                    |            1997 |          734 |
| Yes          | Yes                   | No                     |            2538 |          770 |
+--------------+-----------------------+------------------------+-----------------+--------------+


4. Detailed Control Set Information
-----------------------------------

+------------------------+------------------------------------------------------------------+--------------------------------------------------------------+------------------+----------------+--------------+
|      Clock Signal      |                           Enable Signal                          |                       Set/Reset Signal                       | Slice Load Count | Bel Load Count | Bels / Slice |
+------------------------+------------------------------------------------------------------+--------------------------------------------------------------+------------------+----------------+--------------+
|  clk_gen/inst/clk_out1 | rv64im72f_6sp/alu/divider_word/quotient_sign4_out                | internal_reset_repN_9                                        |                1 |              1 |         1.00 |
|  clk_gen/inst/clk_out1 |                                                                  | internal_reset_repN_9                                        |                1 |              1 |         1.00 |
|  clk_gen/inst/clk_out1 | rv64im72f_6sp/exception_detector/cpu_clk_enable_reg[0]           | internal_reset_repN_12                                       |                1 |              1 |         1.00 |
|  clk_gen/inst/clk_out1 | uart_tx/shift_reg[8]_i_1_n_0                                     | internal_reset_repN_9                                        |                1 |              1 |         1.00 |
|  clk_gen/inst/clk_out1 | uart_tx/tx_i_1_n_0                                               | internal_reset_repN_9                                        |                1 |              1 |         1.00 |
|  clk_gen/inst/clk_out1 | rv64im72f_6sp/csr_file/minstret[0]                               | internal_reset_repN_7                                        |                1 |              1 |         1.00 |
|  clk_gen/inst/clk_out1 | cpu_clk_enable                                                   | internal_reset                                               |                1 |              1 |         1.00 |
|  clk_gen/inst/clk_out1 | cpu_clk_enable                                                   | internal_reset_repN_10                                       |                1 |              1 |         1.00 |
|  clk_gen/inst/clk_out1 | rv64im72f_6sp/alu/divider_word/bit_counter[5]_i_1_n_0            | internal_reset_repN_8                                        |                2 |              2 |         1.00 |
|  clk_gen/inst/clk_out1 | rv64im72f_6sp/exr_ex_register/cpu_clk_enable_reg_3[0]            | internal_reset_repN_2                                        |                2 |              2 |         1.00 |
|  clk_gen/inst/clk_out1 | rv64im72f_6sp/exr_ex_register/cpu_clk_enable_reg_2[0]            | internal_reset_repN_2                                        |                2 |              2 |         1.00 |
|  clk_gen/inst/clk_out1 | rv64im72f_6sp/ex_ex2_register/cpu_clk_enable_reg_2[0]            | internal_reset_repN_12                                       |                1 |              3 |         3.00 |
|  clk_gen/inst/clk_out1 | rv64im72f_6sp/exr_ex_register/cpu_clk_enable_reg_3[0]            | internal_reset_repN_4                                        |                1 |              3 |         3.00 |
|  clk_gen/inst/clk_out1 | rv64im72f_6sp/ex_ex2_register/cpu_clk_enable_reg_3[0]            | internal_reset_repN_2                                        |                2 |              3 |         1.50 |
|  clk_gen/inst/clk_out1 | rv64im72f_6sp/alu/divider_dword/quotient_sign4_out               | internal_reset_repN_8                                        |                1 |              4 |         4.00 |
|  clk_gen/inst/clk_out1 | rv64im72f_6sp/alu/multiplier_dword/FSM_onehot_stage[3]_i_1_n_0   | internal_reset_repN_8                                        |                1 |              4 |         4.00 |
|  clk_gen/inst/clk_out1 |                                                                  | internal_reset_repN                                          |                3 |              4 |         1.33 |
|  clk_gen/inst/clk_out1 | rv64im72f_6sp/alu/multiplier_word/FSM_onehot_stage[3]_i_1__0_n_0 | internal_reset_repN_8                                        |                1 |              4 |         4.00 |
|  clk_gen/inst/clk_out1 |                                                                  | internal_reset_repN_12                                       |                3 |              4 |         1.33 |
|  clk_gen/inst/clk_out1 | uart_tx/bit_counter[3]_i_1__1_n_0                                | internal_reset_repN_9                                        |                2 |              4 |         2.00 |
|  clk_gen/inst/clk_out1 | rv64im72f_6sp/alu/divider_dword/FSM_onehot_state[3]_i_1__0_n_0   | internal_reset_repN_3                                        |                1 |              4 |         4.00 |
|  clk_gen/inst/clk_out1 | rv64im72f_6sp/ex_ex2_register/cpu_clk_enable_reg_2[0]            | internal_reset_repN_2                                        |                3 |              4 |         1.33 |
|  clk_gen/inst/clk_out1 | rv64im72f_6sp/exr_ex_register/cpu_clk_enable_reg_1[0]            | internal_reset_repN_1                                        |                2 |              4 |         2.00 |
|  clk_gen/inst/clk_out1 | rv64im72f_6sp/alu/divider_word/FSM_onehot_state[3]_i_1_n_0       | internal_reset_repN_8                                        |                1 |              4 |         4.00 |
|  clk_gen/inst/clk_out1 | cpu_clk_enable                                                   | internal_reset_repN_3                                        |                3 |              5 |         1.67 |
|  clk_gen/inst/clk_out1 | rv64im72f_6sp/exr_ex_register/cpu_clk_enable_reg_2[0]            | internal_reset_repN_9                                        |                3 |              5 |         1.67 |
|  clk_gen/inst/clk_out1 | rv64im72f_6sp/alu/multiplier_word/prod_low[31]_i_1__0_n_0        | internal_reset_repN_1                                        |                2 |              5 |         2.50 |
|  clk_gen/inst/clk_out1 | rv64im72f_6sp/alu/divider_word/quotient_reg[31]_i_1_n_0          | internal_reset_repN_6                                        |                2 |              6 |         3.00 |
|  clk_gen/inst/clk_out1 |                                                                  |                                                              |                5 |              7 |         1.40 |
|  clk_gen/inst/clk_out1 | rv64im72f_6sp/data_memory/E[0]                                   | internal_reset_repN_3                                        |                3 |              7 |         2.33 |
|  clk_gen/inst/clk_out1 | uart_tx/shift_reg[8]_i_1_n_0                                     | internal_reset_repN_2                                        |                3 |              8 |         2.67 |
|  clk_gen/inst/clk_out1 | rv64im72f_6sp/data_memory/E[0]                                   | internal_reset_repN_2                                        |                3 |              8 |         2.67 |
|  clk_gen/inst/clk_out1 | rv64im72f_6sp/exr_ex_register/cpu_clk_enable_reg_3[0]            | internal_reset_repN_1                                        |                5 |              9 |         1.80 |
|  clk_gen/inst/clk_out1 | cpu_clk_enable                                                   | rv64im72f_6sp/ex_ex2_register/ID_branch_estimation0_out      |                2 |              9 |         4.50 |
|  clk_gen/inst/clk_out1 | rv64im72f_6sp/alu/divider_word/quotient_sign4_out                | internal_reset_repN_1                                        |                3 |              9 |         3.00 |
|  clk_gen/inst/clk_out1 | rv64im72f_6sp/exception_detector/cpu_clk_enable_reg[0]           | internal_reset_repN_7                                        |                6 |             10 |         1.67 |
|  clk_gen/inst/clk_out1 | mmio_interface/E[0]                                              | internal_reset_repN_9                                        |                3 |             10 |         3.33 |
|  clk_gen/inst/clk_out1 | rv64im72f_6sp/exr_ex_register/cpu_clk_enable_reg_1[0]            | internal_reset_repN_3                                        |                3 |             11 |         3.67 |
|  clk_gen/inst/clk_out1 | rv64im72f_6sp/exception_detector/trapped_reg_rep_1[0]            | internal_reset_repN_10                                       |                5 |             11 |         2.20 |
|  clk_gen/inst/clk_out1 | rv64im72f_6sp/exception_detector/trapped_reg_rep_2[0]            | internal_reset_repN_10                                       |                7 |             11 |         1.57 |
|  clk_gen/inst/clk_out1 | rv64im72f_6sp/alu/divider_word/quotient_reg[31]_i_1_n_0          | internal_reset_repN_9                                        |                3 |             12 |         4.00 |
|  clk_gen/inst/clk_out1 | rv64im72f_6sp/alu/divider_word/bit_counter[5]_i_1_n_0            | internal_reset_repN_9                                        |                5 |             12 |         2.40 |
|  clk_gen/inst/clk_out1 | rv64im72f_6sp/alu/divider_dword/bit_counter[6]_i_1_n_0           | internal_reset_repN_4                                        |                7 |             13 |         1.86 |
|  clk_gen/inst/clk_out1 | rv64im72f_6sp/alu/divider_dword/quotient_sign4_out               | internal_reset_repN_2                                        |                4 |             13 |         3.25 |
|  clk_gen/inst/clk_out1 | rv64im72f_6sp/exr_ex_register/cpu_clk_enable_reg_2[0]            | internal_reset_repN_1                                        |                6 |             13 |         2.17 |
|  clk_gen/inst/clk_out1 | cpu_clk_enable                                                   | internal_reset_repN_7                                        |                5 |             13 |         2.60 |
|  clk_gen/inst/clk_out1 | rv64im72f_6sp/exception_detector/E[0]                            | internal_reset_repN_10                                       |                6 |             14 |         2.33 |
|  clk_gen/inst/clk_out1 | rv64im72f_6sp/alu/divider_word/quotient_reg[31]_i_1_n_0          | internal_reset_repN_1                                        |                6 |             14 |         2.33 |
|  clk_gen/inst/clk_out1 | rv64im72f_6sp/exr_ex_register/cpu_clk_enable_reg_2[0]            | internal_reset_repN_8                                        |               10 |             14 |         1.40 |
|  clk_gen/inst/clk_out1 | rv64im72f_6sp/exr_ex_register/cpu_clk_enable_reg_4[0]            | internal_reset_repN_9                                        |                5 |             15 |         3.00 |
|  clk_gen/inst/clk_out1 | cpu_clk_enable                                                   | internal_reset_repN_2                                        |               10 |             16 |         1.60 |
|  clk_gen/inst/clk_out1 |                                                                  | reset                                                        |               10 |             16 |         1.60 |
|  clk_gen/inst/clk_out1 |                                                                  | internal_reset_repN_2                                        |               13 |             16 |         1.23 |
|  clk_gen/inst/clk_out1 | rv64im72f_6sp/ex_ex2_register/cpu_clk_enable_reg_2[0]            | internal_reset_repN                                          |                6 |             19 |         3.17 |
|  clk_gen/inst/clk_out1 | rv64im72f_6sp/exception_detector/E[0]                            | internal_reset_repN_12                                       |                5 |             20 |         4.00 |
|  clk_gen/inst/clk_out1 | cpu_clk_enable                                                   |                                                              |                8 |             21 |         2.62 |
|  clk_gen/inst/clk_out1 | rv64im72f_6sp/alu/divider_dword/quotient_reg[63]_i_1_n_0         | internal_reset_repN_8                                        |                7 |             21 |         3.00 |
|  clk_gen/inst/clk_out1 | cpu_clk_enable                                                   | internal_reset_repN                                          |               12 |             21 |         1.75 |
|  clk_gen/inst/clk_out1 | rv64im72f_6sp/exception_detector/trapped_reg_rep_2[0]            | internal_reset_repN_12                                       |                5 |             21 |         4.20 |
|  clk_gen/inst/clk_out1 | rv64im72f_6sp/alu/divider_word/bit_counter[5]_i_1_n_0            | internal_reset_repN_6                                        |                7 |             21 |         3.00 |
|  clk_gen/inst/clk_out1 | rv64im72f_6sp/exr_ex_register/cpu_clk_enable_reg_3[0]            | internal_reset_repN_8                                        |                9 |             24 |         2.67 |
|  clk_gen/inst/clk_out1 | rv64im72f_6sp/alu/divider_word/quotient_sign4_out                | internal_reset_repN_6                                        |                7 |             24 |         3.43 |
|  clk_gen/inst/clk_out1 | rv64im72f_6sp/exception_detector/trapped_reg_rep_1[0]            | internal_reset_repN_12                                       |                5 |             24 |         4.80 |
|  clk_gen/inst/clk_out1 |                                                                  | internal_reset_repN_3                                        |                9 |             25 |         2.78 |
|  clk_gen/inst/clk_out1 | rv64im72f_6sp/id_exr_register/cpu_clk_enable_reg[0]              | internal_reset_repN                                          |                9 |             27 |         3.00 |
|  clk_gen/inst/clk_out1 | rv64im72f_6sp/exr_ex_register/cpu_clk_enable_reg_3[0]            | internal_reset_repN_3                                        |               12 |             28 |         2.33 |
|  clk_gen/inst/clk_out1 | rv64im72f_6sp/exception_detector/trapped_reg_rep_1[0]            | internal_reset_repN_7                                        |               10 |             29 |         2.90 |
|  clk_gen/inst/clk_out1 | rv64im72f_6sp/ex_ex2_register/cpu_clk_enable_reg_3[0]            | internal_reset_repN                                          |                7 |             30 |         4.29 |
|  clk_gen/inst/clk_out1 | rv64im72f_6sp/exception_detector/E[0]                            | internal_reset_repN_7                                        |               10 |             30 |         3.00 |
|  clk_gen/inst/clk_out1 | rv64im72f_6sp/ex_ex2_register/cpu_clk_enable_reg_3[0]            | internal_reset_repN_11                                       |               11 |             31 |         2.82 |
|  clk_gen/inst/clk_out1 | rv64im72f_6sp/exr_ex_register/cpu_clk_enable_reg_1[0]            | internal_reset_repN_5                                        |                9 |             31 |         3.44 |
|  clk_gen/inst/clk_out1 | rv64im72f_6sp/exr_ex_register/cpu_clk_enable_reg[0]              |                                                              |               10 |             32 |         3.20 |
|  clk_gen/inst/clk_out1 | rv64im72f_6sp/alu/divider_word/quotient_reg[31]_i_1_n_0          | internal_reset_repN_8                                        |                8 |             32 |         4.00 |
|  clk_gen/inst/clk_out1 | rv64im72f_6sp/exception_detector/trapped_reg_rep_2[0]            | internal_reset_repN_7                                        |                9 |             32 |         3.56 |
|  clk_gen/inst/clk_out1 | rv64im72f_6sp/alu/multiplier_dword/prod_high[63]_i_1_n_0         | internal_reset_repN_1                                        |               15 |             35 |         2.33 |
|  clk_gen/inst/clk_out1 | rv64im72f_6sp/alu/divider_word/bit_counter[5]_i_1_n_0            | internal_reset_repN_1                                        |               15 |             35 |         2.33 |
|  clk_gen/inst/clk_out1 | rv64im72f_6sp/alu/multiplier_dword/cpu_clk_enable_reg            | internal_reset_repN_1                                        |               12 |             35 |         2.92 |
|  clk_gen/inst/clk_out1 | rv64im72f_6sp/alu/multiplier_word/cpu_clk_enable_reg             | internal_reset_repN_6                                        |               15 |             37 |         2.47 |
|  clk_gen/inst/clk_out1 | rv64im72f_6sp/id_exr_register/cpu_clk_enable_reg[0]              | internal_reset_repN_11                                       |               10 |             37 |         3.70 |
|  clk_gen/inst/clk_out1 | rv64im72f_6sp/ex_ex2_register/cpu_clk_enable_reg_2[0]            | internal_reset_repN_11                                       |               16 |             38 |         2.38 |
|  clk_gen/inst/clk_out1 | rv64im72f_6sp/alu/multiplier_dword/cpu_clk_enable_reg            | internal_reset_repN_5                                        |               18 |             41 |         2.28 |
|  clk_gen/inst/clk_out1 | rv64im72f_6sp/alu/divider_dword/quotient_reg[63]_i_1_n_0         | internal_reset_repN_3                                        |               13 |             43 |         3.31 |
|  clk_gen/inst/clk_out1 | rv64im72f_6sp/alu/multiplier_dword/prod_high[63]_i_1_n_0         | internal_reset_repN_5                                        |               15 |             44 |         2.93 |
|  clk_gen/inst/clk_out1 | rv64im72f_6sp/alu/multiplier_dword/prod_high[63]_i_1_n_0         | internal_reset_repN_4                                        |               24 |             49 |         2.04 |
|  clk_gen/inst/clk_out1 | rv64im72f_6sp/alu/divider_dword/quotient_sign4_out               | internal_reset_repN_3                                        |               16 |             49 |         3.06 |
|  clk_gen/inst/clk_out1 | rv64im72f_6sp/data_memory/E[0]                                   | internal_reset_repN_12                                       |               13 |             49 |         3.77 |
|  clk_gen/inst/clk_out1 | rv64im72f_6sp/exr_ex_register/cpu_clk_enable_reg_4[0]            | internal_reset_repN_6                                        |               17 |             50 |         2.94 |
|  clk_gen/inst/clk_out1 | rv64im72f_6sp/alu/divider_dword/bit_counter[6]_i_1_n_0           | internal_reset_repN_8                                        |               22 |             52 |         2.36 |
|  clk_gen/inst/clk_out1 | rv64im72f_6sp/exception_detector/cpu_clk_enable_reg[0]           | internal_reset_repN_10                                       |               26 |             53 |         2.04 |
|  clk_gen/inst/clk_out1 | rv64im72f_6sp/alu/multiplier_word/prod_low[31]_i_1__0_n_0        | internal_reset_repN_6                                        |               18 |             59 |         3.28 |
|  clk_gen/inst/clk_out1 | rv64im72f_6sp/csr_file/minstret[0]                               | internal_reset_repN_11                                       |               16 |             63 |         3.94 |
|  clk_gen/inst/clk_out1 | rv64im72f_6sp/trap_controller/cpu_clk_enable_reg_0               | rv64im72f_6sp/ex_ex2_register/SR[0]                          |               52 |             64 |         1.23 |
|  clk_gen/inst/clk_out1 | rv64im72f_6sp/exr_ex_register/cpu_clk_enable_reg_0[0]            |                                                              |               21 |             64 |         3.05 |
|  clk_gen/inst/clk_out1 | rv64im72f_6sp/alu/divider_dword/quotient_reg[63]_i_1_n_0         | internal_reset_repN_4                                        |               16 |             64 |         4.00 |
|  clk_gen/inst/clk_out1 | rv64im72f_6sp/ex_ex2_register/est_target[0]                      | rv64im72f_6sp/ex_ex2_register/EX_jump_reg                    |               17 |             64 |         3.76 |
|  clk_gen/inst/clk_out1 | rv64im72f_6sp/trap_controller/cpu_clk_enable_reg_0               | rv64im72f_6sp/exception_detector/MEM_WB_flush                |               43 |             65 |         1.51 |
|  clk_gen/inst/clk_out1 | rv64im72f_6sp/alu/multiplier_dword/cpu_clk_enable_reg            | internal_reset_repN_4                                        |               24 |             69 |         2.88 |
|  clk_gen/inst/clk_out1 | rv64im72f_6sp/alu/divider_dword/bit_counter[6]_i_1_n_0           | internal_reset_repN_3                                        |               28 |             70 |         2.50 |
|  clk_gen/inst/clk_out1 | cpu_clk_enable                                                   | internal_reset_repN_11                                       |               22 |             71 |         3.23 |
|  clk_gen/inst/clk_out1 | rv64im72f_6sp/exr_ex_register/cpu_clk_enable_reg_1[0]            | internal_reset_repN_4                                        |               27 |             83 |         3.07 |
|  clk_gen/inst/clk_out1 | cpu_clk_enable                                                   | internal_reset_repN_12                                       |               41 |             88 |         2.15 |
|  clk_gen/inst/clk_out1 | rv64im72f_6sp/ex_ex2_register/cpu_clk_enable_reg_0[0]            | rv64im72f_6sp/if_io_register/IO_pc[63]_i_1_n_0               |               34 |            160 |         4.71 |
|  clk_gen/inst/clk_out1 | rv64im72f_6sp/alu/multiplier_dword/cpu_clk_enable_reg            |                                                              |               51 |            171 |         3.35 |
|  clk_gen/inst/clk_out1 | rv64im72f_6sp/mem_wb_register/p_0_in2_out                        |                                                              |               22 |            176 |         8.00 |
|  clk_gen/inst/clk_out1 | rv64im72f_6sp/trap_controller/cpu_clk_enable_reg_0               | rv64im72f_6sp/exception_detector/SR[0]                       |              133 |            446 |         3.35 |
|  clk_gen/inst/clk_out1 | rv64im72f_6sp/trap_controller/cpu_clk_enable_reg_0               | rv64im72f_6sp/ex_ex2_register/cpu_clk_enable_reg             |              167 |            544 |         3.26 |
|  clk_gen/inst/clk_out1 | rv64im72f_6sp/trap_controller/cpu_clk_enable_reg_0               | rv64im72f_6sp/ex_ex2_register/EX2_register_write_enable0_out |              193 |            577 |         2.99 |
|  clk_gen/inst/clk_out1 | rv64im72f_6sp/ex_ex2_register/E[0]                               | rv64im72f_6sp/ex_ex2_register/ID_branch_estimation0_out      |              129 |            609 |         4.72 |
+------------------------+------------------------------------------------------------------+--------------------------------------------------------------+------------------+----------------+--------------+


