Copyright 1986-2022 Xilinx, Inc. All Rights Reserved. Copyright 2022-2025 Advanced Micro Devices, Inc. All Rights Reserved.
-----------------------------------------------------------------------------------------------------------------------------------------------------------
| Tool Version : Vivado v.2025.2 (lin64) Build 6299465 Fri Nov 14 12:34:56 MST 2025
| Date         : Wed Sep 16 01:51:47 2026
| Host         : khwl-ThinkPad-X1-Carbon-Gen-13 running 64-bit Ubuntu 24.04.4 LTS
| Command      : report_timing_summary -file /home/khwl/Desktop/RV-IM100/riscof-env/logs/sweep_exact/RV64IM_7SP_BRAM_coremark/f58/timing.rpt
| Design       : RV64IM72F5SPSoCTOP
| Device       : 7a200t-sbg484
| Speed File   : -1  PRODUCTION 1.23 2018-06-13
| Design State : Physopt postRoute
-----------------------------------------------------------------------------------------------------------------------------------------------------------

Timing Summary Report

------------------------------------------------------------------------------------------------
| Timer Settings
| --------------
------------------------------------------------------------------------------------------------

  Enable Multi Corner Analysis               :  Yes
  Enable Pessimism Removal                   :  Yes
  Pessimism Removal Resolution               :  Nearest Common Node
  Enable Input Delay Default Clock           :  No
  Enable Preset / Clear Arcs                 :  No
  Disable Flight Delays                      :  No
  Ignore I/O Paths                           :  No
  Timing Early Launch at Borrowing Latches   :  No
  Borrow Time for Max Delay Exceptions       :  Yes
  Merge Timing Exceptions                    :  Yes
  Inter-SLR Compensation                     :  Conservative

  Corner  Analyze    Analyze    
  Name    Max Paths  Min Paths  
  ------  ---------  ---------  
  Slow    Yes        Yes        
  Fast    Yes        Yes        


------------------------------------------------------------------------------------------------
| Report Methodology
| ------------------
------------------------------------------------------------------------------------------------

Rule      Severity  Description                                 Violations  
--------  --------  ------------------------------------------  ----------  
DPIR-1    Warning   Asynchronous driver check                   623         
SYNTH-6   Warning   Timing of a RAM block might be sub-optimal  24          
SYNTH-10  Warning   Wide multiplier                             20          

Note: This report is based on the most recent report_methodology run and may not be up-to-date. Run report_methodology on the current design for the latest report.



check_timing report

Table of Contents
-----------------
1. checking no_clock (0)
2. checking constant_clock (0)
3. checking pulse_width_clock (0)
4. checking unconstrained_internal_endpoints (0)
5. checking no_input_delay (2)
6. checking no_output_delay (9)
7. checking multiple_clock (0)
8. checking generated_clocks (0)
9. checking loops (0)
10. checking partial_input_delay (0)
11. checking partial_output_delay (0)
12. checking latch_loops (0)

1. checking no_clock (0)
------------------------
 There are 0 register/latch pins with no clock.


2. checking constant_clock (0)
------------------------------
 There are 0 register/latch pins with constant_clock.


3. checking pulse_width_clock (0)
---------------------------------
 There are 0 register/latch pins which need pulse_width check


4. checking unconstrained_internal_endpoints (0)
------------------------------------------------
 There are 0 pins that are not constrained for maximum delay.

 There are 0 pins that are not constrained for maximum delay due to constant clock.


5. checking no_input_delay (2)
------------------------------
 There are 0 input ports with no input delay specified.

 There are 2 input ports with no input delay but user has a false path constraint. (MEDIUM)


6. checking no_output_delay (9)
-------------------------------
 There are 0 ports with no output delay specified.

 There are 9 ports with no output delay but user has a false path constraint (MEDIUM)

 There are 0 ports with no output delay but with a timing clock defined on it or propagating through it


7. checking multiple_clock (0)
------------------------------
 There are 0 register/latch pins with multiple clocks.


8. checking generated_clocks (0)
--------------------------------
 There are 0 generated clocks that are not connected to a clock source.


9. checking loops (0)
---------------------
 There are 0 combinational loops in the design.


10. checking partial_input_delay (0)
------------------------------------
 There are 0 input ports with partial input delay specified.


11. checking partial_output_delay (0)
-------------------------------------
 There are 0 ports with partial output delay specified.


12. checking latch_loops (0)
----------------------------
 There are 0 combinational latch loops in the design through latch input



------------------------------------------------------------------------------------------------
| Design Timing Summary
| ---------------------
------------------------------------------------------------------------------------------------

    WNS(ns)      TNS(ns)  TNS Failing Endpoints  TNS Total Endpoints      WHS(ns)      THS(ns)  THS Failing Endpoints  THS Total Endpoints     WPWS(ns)     TPWS(ns)  TPWS Failing Endpoints  TPWS Total Endpoints  
    -------      -------  ---------------------  -------------------      -------      -------  ---------------------  -------------------     --------     --------  ----------------------  --------------------  
      0.174        0.000                      0                16429        0.078        0.000                      0                16429        2.633        0.000                       0                  4896  


All user specified timing constraints are met.


------------------------------------------------------------------------------------------------
| Clock Summary
| -------------
------------------------------------------------------------------------------------------------

Clock                 Waveform(ns)       Period(ns)      Frequency(MHz)
-----                 ------------       ----------      --------------
clk                   {0.000 5.000}      10.000          100.000         
  clk_out1_clk_wiz_0  {0.000 8.621}      17.241          58.000          
  clkfbout_clk_wiz_0  {0.000 25.000}     50.000          20.000          


------------------------------------------------------------------------------------------------
| Intra Clock Table
| -----------------
------------------------------------------------------------------------------------------------

Clock                     WNS(ns)      TNS(ns)  TNS Failing Endpoints  TNS Total Endpoints      WHS(ns)      THS(ns)  THS Failing Endpoints  THS Total Endpoints     WPWS(ns)     TPWS(ns)  TPWS Failing Endpoints  TPWS Total Endpoints  
-----                     -------      -------  ---------------------  -------------------      -------      -------  ---------------------  -------------------     --------     --------  ----------------------  --------------------  
clk                                                                                                                                                                     3.000        0.000                       0                     1  
  clk_out1_clk_wiz_0        0.174        0.000                      0                14315        0.078        0.000                      0                14315        7.371        0.000                       0                  4892  
  clkfbout_clk_wiz_0                                                                                                                                                    2.633        0.000                       0                     3  


------------------------------------------------------------------------------------------------
| Inter Clock Table
| -----------------
------------------------------------------------------------------------------------------------

From Clock    To Clock          WNS(ns)      TNS(ns)  TNS Failing Endpoints  TNS Total Endpoints      WHS(ns)      THS(ns)  THS Failing Endpoints  THS Total Endpoints  
----------    --------          -------      -------  ---------------------  -------------------      -------      -------  ---------------------  -------------------  


------------------------------------------------------------------------------------------------
| Other Path Groups Table
| -----------------------
------------------------------------------------------------------------------------------------

Path Group          From Clock          To Clock                WNS(ns)      TNS(ns)  TNS Failing Endpoints  TNS Total Endpoints      WHS(ns)      THS(ns)  THS Failing Endpoints  THS Total Endpoints  
----------          ----------          --------                -------      -------  ---------------------  -------------------      -------      -------  ---------------------  -------------------  
**async_default**   clk_out1_clk_wiz_0  clk_out1_clk_wiz_0        7.044        0.000                      0                 2114        0.395        0.000                      0                 2114  


------------------------------------------------------------------------------------------------
| Timing Details
| --------------
------------------------------------------------------------------------------------------------


---------------------------------------------------------------------------------------------------
From Clock:  clk
  To Clock:  clk

Setup :           NA  Failing Endpoints,  Worst Slack           NA  ,  Total Violation           NA
Hold  :           NA  Failing Endpoints,  Worst Slack           NA  ,  Total Violation           NA
PW    :            0  Failing Endpoints,  Worst Slack        3.000ns,  Total Violation        0.000ns
---------------------------------------------------------------------------------------------------


Pulse Width Checks
--------------------------------------------------------------------------------------
Clock Name:         clk
Waveform(ns):       { 0.000 5.000 }
Period(ns):         10.000
Sources:            { clk }

Check Type        Corner  Lib Pin           Reference Pin  Required(ns)  Actual(ns)  Slack(ns)  Location        Pin
Min Period        n/a     PLLE2_ADV/CLKIN1  n/a            1.249         10.000      8.751      PLLE2_ADV_X1Y2  clk_gen/inst/plle2_adv_inst/CLKIN1
Max Period        n/a     PLLE2_ADV/CLKIN1  n/a            52.633        10.000      42.633     PLLE2_ADV_X1Y2  clk_gen/inst/plle2_adv_inst/CLKIN1
Low Pulse Width   Slow    PLLE2_ADV/CLKIN1  n/a            2.000         5.000       3.000      PLLE2_ADV_X1Y2  clk_gen/inst/plle2_adv_inst/CLKIN1
High Pulse Width  Slow    PLLE2_ADV/CLKIN1  n/a            2.000         5.000       3.000      PLLE2_ADV_X1Y2  clk_gen/inst/plle2_adv_inst/CLKIN1



---------------------------------------------------------------------------------------------------
From Clock:  clk_out1_clk_wiz_0
  To Clock:  clk_out1_clk_wiz_0

Setup :            0  Failing Endpoints,  Worst Slack        0.174ns,  Total Violation        0.000ns
Hold  :            0  Failing Endpoints,  Worst Slack        0.078ns,  Total Violation        0.000ns
PW    :            0  Failing Endpoints,  Worst Slack        7.371ns,  Total Violation        0.000ns
---------------------------------------------------------------------------------------------------


Max Delay Paths
--------------------------------------------------------------------------------------
Slack (MET) :             0.174ns  (required time - arrival time)
  Source:                 rv64im72f_6sp/ex_mem_register/MEM_alu_result_reg[3]/C
                            (rising edge-triggered cell FDRE clocked by clk_out1_clk_wiz_0  {rise@0.000ns fall@8.621ns period=17.241ns})
  Destination:            rv64im72f_6sp/ex_ex2_register/EX2_alu_zero_reg/D
                            (rising edge-triggered cell FDRE clocked by clk_out1_clk_wiz_0  {rise@0.000ns fall@8.621ns period=17.241ns})
  Path Group:             clk_out1_clk_wiz_0
  Path Type:              Setup (Max at Slow Process Corner)
  Requirement:            17.241ns  (clk_out1_clk_wiz_0 rise@17.241ns - clk_out1_clk_wiz_0 rise@0.000ns)
  Data Path Delay:        17.022ns  (logic 5.174ns (30.395%)  route 11.848ns (69.605%))
  Logic Levels:           28  (CARRY4=12 LUT3=4 LUT4=1 LUT5=1 LUT6=10)
  Clock Path Skew:        -0.009ns (DCD - SCD + CPR)
    Destination Clock Delay (DCD):    -1.817ns = ( 15.424 - 17.241 ) 
    Source Clock Delay      (SCD):    -2.227ns
    Clock Pessimism Removal (CPR):    -0.418ns
  Clock Uncertainty:      0.117ns  ((TSJ^2 + DJ^2)^1/2) / 2 + PE
    Total System Jitter     (TSJ):    0.071ns
    Discrete Jitter          (DJ):    0.223ns
    Phase Error              (PE):    0.000ns

    Location             Delay type                Incr(ns)  Path(ns)    Netlist Resource(s)
  -------------------------------------------------------------------    -------------------
                         (clock clk_out1_clk_wiz_0 rise edge)
                                                      0.000     0.000 r  
    R4                                                0.000     0.000 r  clk (IN)
                         net (fo=0)                   0.000     0.000    clk_gen/inst/clk_in1
    R4                   IBUF (Prop_ibuf_I_O)         1.475     1.475 r  clk_gen/inst/clkin1_ibufg/O
                         net (fo=1, routed)           1.253     2.728    clk_gen/inst/clk_in1_clk_wiz_0
    PLLE2_ADV_X1Y2       PLLE2_ADV (Prop_plle2_adv_CLKIN1_CLKOUT0)
                                                     -8.953    -6.225 r  clk_gen/inst/plle2_adv_inst/CLKOUT0
                         net (fo=1, routed)           1.802    -4.422    clk_gen/inst/clk_out1_clk_wiz_0
    BUFGCTRL_X0Y0        BUFG (Prop_bufg_I_O)         0.096    -4.326 r  clk_gen/inst/clkout1_buf/O
                         net (fo=4890, routed)        2.099    -2.227    rv64im72f_6sp/ex_mem_register/clk_out1
    SLICE_X37Y23         FDRE                                         r  rv64im72f_6sp/ex_mem_register/MEM_alu_result_reg[3]/C
  -------------------------------------------------------------------    -------------------
    SLICE_X37Y23         FDRE (Prop_fdre_C_Q)         0.456    -1.771 f  rv64im72f_6sp/ex_mem_register/MEM_alu_result_reg[3]/Q
                         net (fo=6, routed)           0.846    -0.925    rv64im72f_6sp/ex_mem_register/Q[3]
    SLICE_X34Y23         LUT3 (Prop_lut3_I2_O)        0.124    -0.801 r  rv64im72f_6sp/ex_mem_register/pc_stall0_i_90/O
                         net (fo=1, routed)           0.000    -0.801    rv64im72f_6sp/ex_mem_register/pc_stall0_i_90_n_0
    SLICE_X34Y23         CARRY4 (Prop_carry4_S[1]_CO[3])
                                                      0.550    -0.251 r  rv64im72f_6sp/ex_mem_register/pc_stall0_i_83/CO[3]
                         net (fo=1, routed)           0.000    -0.251    rv64im72f_6sp/ex_mem_register/pc_stall0_i_83_n_0
    SLICE_X34Y24         CARRY4 (Prop_carry4_CI_CO[3])
                                                      0.114    -0.137 r  rv64im72f_6sp/ex_mem_register/pc_stall0_i_78/CO[3]
                         net (fo=1, routed)           0.009    -0.128    rv64im72f_6sp/ex_mem_register/pc_stall0_i_78_n_0
    SLICE_X34Y25         CARRY4 (Prop_carry4_CI_CO[3])
                                                      0.114    -0.014 r  rv64im72f_6sp/ex_mem_register/pc_stall0_i_72/CO[3]
                         net (fo=1, routed)           0.000    -0.014    rv64im72f_6sp/ex_mem_register/pc_stall0_i_72_n_0
    SLICE_X34Y26         CARRY4 (Prop_carry4_CI_CO[3])
                                                      0.114     0.100 r  rv64im72f_6sp/ex_mem_register/pc_stall0_i_45/CO[3]
                         net (fo=1, routed)           0.000     0.100    rv64im72f_6sp/ex_mem_register/pc_stall0_i_45_n_0
    SLICE_X34Y27         CARRY4 (Prop_carry4_CI_CO[3])
                                                      0.114     0.214 r  rv64im72f_6sp/ex_mem_register/pc_stall0_i_31/CO[3]
                         net (fo=1, routed)           0.000     0.214    rv64im72f_6sp/ex_mem_register/pc_stall0_i_31_n_0
    SLICE_X34Y28         CARRY4 (Prop_carry4_CI_CO[1])
                                                      0.157     0.371 r  rv64im72f_6sp/ex_mem_register/pc_stall0_i_15/CO[1]
                         net (fo=105, routed)         1.207     1.578    rv64im72f_6sp/data_memory/CO[0]
    SLICE_X36Y29         LUT6 (Prop_lut6_I0_O)        0.329     1.907 f  rv64im72f_6sp/data_memory/WB_byte_enable_logic_register_file_write_data[63]_i_11/O
                         net (fo=1, routed)           0.794     2.701    rv64im72f_6sp/data_memory/WB_byte_enable_logic_register_file_write_data[63]_i_11_n_0
    SLICE_X36Y28         LUT6 (Prop_lut6_I5_O)        0.124     2.825 f  rv64im72f_6sp/data_memory/WB_byte_enable_logic_register_file_write_data[63]_i_3/O
                         net (fo=32, routed)          0.879     3.704    rv64im72f_6sp/ex_mem_register/WB_byte_enable_logic_register_file_write_data_reg[63]_1
    SLICE_X35Y26         LUT6 (Prop_lut6_I3_O)        0.124     3.828 f  rv64im72f_6sp/ex_mem_register/WB_byte_enable_logic_register_file_write_data[62]_i_1/O
                         net (fo=2, routed)           0.829     4.657    rv64im72f_6sp/ex_mem_register/D[62]
    SLICE_X35Y37         LUT6 (Prop_lut6_I5_O)        0.124     4.781 f  rv64im72f_6sp/ex_mem_register/dividend_reg[62]_i_3/O
                         net (fo=3, routed)           0.598     5.379    rv64im72f_6sp/ex_ex2_register/MEM_forward_data_value[55]
    SLICE_X33Y41         LUT6 (Prop_lut6_I0_O)        0.124     5.503 f  rv64im72f_6sp/ex_ex2_register/dividend_reg[62]_i_2/O
                         net (fo=1, routed)           0.506     6.009    rv64im72f_6sp/id_ex_register/alu_forward_source_data_a[55]
    SLICE_X31Y41         LUT6 (Prop_lut6_I0_O)        0.124     6.133 f  rv64im72f_6sp/id_ex_register/dividend_reg[62]_i_1/O
                         net (fo=30, routed)          1.040     7.173    rv64im72f_6sp/id_ex_register/src_A[62]
    SLICE_X27Y36         LUT6 (Prop_lut6_I0_O)        0.124     7.297 f  rv64im72f_6sp/id_ex_register/i___48_i_35/O
                         net (fo=5, routed)           0.438     7.735    rv64im72f_6sp/id_ex_register/i___48_i_35_n_0
    SLICE_X27Y35         LUT3 (Prop_lut3_I0_O)        0.124     7.859 f  rv64im72f_6sp/id_ex_register/i___50_i_35/O
                         net (fo=4, routed)           0.438     8.298    rv64im72f_6sp/id_ex_register/i___50_i_35_n_0
    SLICE_X31Y35         LUT5 (Prop_lut5_I4_O)        0.124     8.422 f  rv64im72f_6sp/id_ex_register/i___50_i_36/O
                         net (fo=2, routed)           0.603     9.025    rv64im72f_6sp/id_ex_register/i___50_i_36_n_0
    SLICE_X31Y34         LUT3 (Prop_lut3_I0_O)        0.124     9.149 f  rv64im72f_6sp/id_ex_register/i___51_i_19/O
                         net (fo=2, routed)           0.574     9.723    rv64im72f_6sp/id_ex_register/i___51_i_19_n_0
    SLICE_X34Y36         LUT6 (Prop_lut6_I5_O)        0.124     9.847 f  rv64im72f_6sp/id_ex_register/i___51_i_8/O
                         net (fo=1, routed)           0.763    10.611    rv64im72f_6sp/id_ex_register/i___51_i_8_n_0
    SLICE_X35Y38         LUT6 (Prop_lut6_I2_O)        0.124    10.735 f  rv64im72f_6sp/id_ex_register/i___51_i_2/O
                         net (fo=2, routed)           1.293    12.028    rv64im72f_6sp/alu/alu_dword_result[4]
    SLICE_X20Y44         LUT3 (Prop_lut3_I1_O)        0.124    12.152 r  rv64im72f_6sp/alu/i___51/O
                         net (fo=1, routed)           0.000    12.152    rv64im72f_6sp/alu/i___51_n_0
    SLICE_X20Y44         CARRY4 (Prop_carry4_S[1]_CO[3])
                                                      0.533    12.685 r  rv64im72f_6sp/alu/EX2_alu_zero_reg_i_184/CO[3]
                         net (fo=1, routed)           0.000    12.685    rv64im72f_6sp/alu/EX2_alu_zero_reg_i_184_n_0
    SLICE_X20Y45         CARRY4 (Prop_carry4_CI_CO[3])
                                                      0.117    12.802 r  rv64im72f_6sp/alu/EX2_alu_zero_reg_i_155/CO[3]
                         net (fo=1, routed)           0.000    12.802    rv64im72f_6sp/alu/EX2_alu_zero_reg_i_155_n_0
    SLICE_X20Y46         CARRY4 (Prop_carry4_CI_CO[3])
                                                      0.117    12.919 r  rv64im72f_6sp/alu/EX2_alu_zero_reg_i_126/CO[3]
                         net (fo=1, routed)           0.000    12.919    rv64im72f_6sp/alu/EX2_alu_zero_reg_i_126_n_0
    SLICE_X20Y47         CARRY4 (Prop_carry4_CI_CO[3])
                                                      0.117    13.036 r  rv64im72f_6sp/alu/EX2_alu_zero_reg_i_82/CO[3]
                         net (fo=1, routed)           0.000    13.036    rv64im72f_6sp/alu/EX2_alu_zero_reg_i_82_n_0
    SLICE_X20Y48         CARRY4 (Prop_carry4_CI_CO[3])
                                                      0.117    13.153 r  rv64im72f_6sp/alu/EX2_alu_zero_reg_i_33/CO[3]
                         net (fo=1, routed)           0.000    13.153    rv64im72f_6sp/alu/EX2_alu_zero_reg_i_33_n_0
    SLICE_X20Y49         CARRY4 (Prop_carry4_CI_CO[1])
                                                      0.157    13.310 r  rv64im72f_6sp/alu/EX2_alu_zero_reg_i_10/CO[1]
                         net (fo=1, routed)           0.594    13.903    rv64im72f_6sp/id_ex_register/EX2_alu_zero_reg_3[0]
    SLICE_X18Y48         LUT4 (Prop_lut4_I0_O)        0.332    14.235 r  rv64im72f_6sp/id_ex_register/EX2_alu_zero_i_3/O
                         net (fo=1, routed)           0.436    14.671    rv64im72f_6sp/id_ex_register/EX2_alu_zero_i_3_n_0
    SLICE_X16Y46         LUT6 (Prop_lut6_I1_O)        0.124    14.795 r  rv64im72f_6sp/id_ex_register/EX2_alu_zero_i_1/O
                         net (fo=1, routed)           0.000    14.795    rv64im72f_6sp/ex_ex2_register/alu_zero
    SLICE_X16Y46         FDRE                                         r  rv64im72f_6sp/ex_ex2_register/EX2_alu_zero_reg/D
  -------------------------------------------------------------------    -------------------

                         (clock clk_out1_clk_wiz_0 rise edge)
                                                     17.241    17.241 r  
    R4                                                0.000    17.241 r  clk (IN)
                         net (fo=0)                   0.000    17.241    clk_gen/inst/clk_in1
    R4                   IBUF (Prop_ibuf_I_O)         1.405    18.646 r  clk_gen/inst/clkin1_ibufg/O
                         net (fo=1, routed)           1.181    19.827    clk_gen/inst/clk_in1_clk_wiz_0
    PLLE2_ADV_X1Y2       PLLE2_ADV (Prop_plle2_adv_CLKIN1_CLKOUT0)
                                                     -8.206    11.621 r  clk_gen/inst/plle2_adv_inst/CLKOUT0
                         net (fo=1, routed)           1.718    13.339    clk_gen/inst/clk_out1_clk_wiz_0
    BUFGCTRL_X0Y0        BUFG (Prop_bufg_I_O)         0.091    13.430 r  clk_gen/inst/clkout1_buf/O
                         net (fo=4890, routed)        1.994    15.424    rv64im72f_6sp/ex_ex2_register/clk_out1
    SLICE_X16Y46         FDRE                                         r  rv64im72f_6sp/ex_ex2_register/EX2_alu_zero_reg/C
                         clock pessimism             -0.418    15.006    
                         clock uncertainty           -0.117    14.889    
    SLICE_X16Y46         FDRE (Setup_fdre_C_D)        0.081    14.970    rv64im72f_6sp/ex_ex2_register/EX2_alu_zero_reg
  -------------------------------------------------------------------
                         required time                         14.970    
                         arrival time                         -14.795    
  -------------------------------------------------------------------
                         slack                                  0.174    





Min Delay Paths
--------------------------------------------------------------------------------------
Slack (MET) :             0.078ns  (arrival time - required time)
  Source:                 rv64im72f_6sp/alu/divider_word/FSM_onehot_state_reg[1]/C
                            (rising edge-triggered cell FDCE clocked by clk_out1_clk_wiz_0  {rise@0.000ns fall@8.621ns period=17.241ns})
  Destination:            rv64im72f_6sp/alu/divider_word/FSM_onehot_state_reg[2]/D
                            (rising edge-triggered cell FDCE clocked by clk_out1_clk_wiz_0  {rise@0.000ns fall@8.621ns period=17.241ns})
  Path Group:             clk_out1_clk_wiz_0
  Path Type:              Hold (Min at Fast Process Corner)
  Requirement:            0.000ns  (clk_out1_clk_wiz_0 rise@0.000ns - clk_out1_clk_wiz_0 rise@0.000ns)
  Data Path Delay:        0.346ns  (logic 0.141ns (40.700%)  route 0.205ns (59.300%))
  Logic Levels:           0  
  Clock Path Skew:        0.198ns (DCD - SCD - CPR)
    Destination Clock Delay (DCD):    -0.292ns
    Source Clock Delay      (SCD):    -0.454ns
    Clock Pessimism Removal (CPR):    -0.037ns

    Location             Delay type                Incr(ns)  Path(ns)    Netlist Resource(s)
  -------------------------------------------------------------------    -------------------
                         (clock clk_out1_clk_wiz_0 rise edge)
                                                      0.000     0.000 r  
    R4                                                0.000     0.000 r  clk (IN)
                         net (fo=0)                   0.000     0.000    clk_gen/inst/clk_in1
    R4                   IBUF (Prop_ibuf_I_O)         0.243     0.243 r  clk_gen/inst/clkin1_ibufg/O
                         net (fo=1, routed)           0.440     0.683    clk_gen/inst/clk_in1_clk_wiz_0
    PLLE2_ADV_X1Y2       PLLE2_ADV (Prop_plle2_adv_CLKIN1_CLKOUT0)
                                                     -2.503    -1.819 r  clk_gen/inst/plle2_adv_inst/CLKOUT0
                         net (fo=1, routed)           0.546    -1.273    clk_gen/inst/clk_out1_clk_wiz_0
    BUFGCTRL_X0Y0        BUFG (Prop_bufg_I_O)         0.026    -1.247 r  clk_gen/inst/clkout1_buf/O
                         net (fo=4890, routed)        0.794    -0.454    rv64im72f_6sp/alu/divider_word/clk_out1
    SLICE_X4Y49          FDCE                                         r  rv64im72f_6sp/alu/divider_word/FSM_onehot_state_reg[1]/C
  -------------------------------------------------------------------    -------------------
    SLICE_X4Y49          FDCE (Prop_fdce_C_Q)         0.141    -0.313 r  rv64im72f_6sp/alu/divider_word/FSM_onehot_state_reg[1]/Q
                         net (fo=37, routed)          0.205    -0.107    rv64im72f_6sp/alu/divider_word/divisor_reg[0]
    SLICE_X3Y50          FDCE                                         r  rv64im72f_6sp/alu/divider_word/FSM_onehot_state_reg[2]/D
  -------------------------------------------------------------------    -------------------

                         (clock clk_out1_clk_wiz_0 rise edge)
                                                      0.000     0.000 r  
    R4                                                0.000     0.000 r  clk (IN)
                         net (fo=0)                   0.000     0.000    clk_gen/inst/clk_in1
    R4                   IBUF (Prop_ibuf_I_O)         0.431     0.431 r  clk_gen/inst/clkin1_ibufg/O
                         net (fo=1, routed)           0.481     0.912    clk_gen/inst/clk_in1_clk_wiz_0
    PLLE2_ADV_X1Y2       PLLE2_ADV (Prop_plle2_adv_CLKIN1_CLKOUT0)
                                                     -2.828    -1.916 r  clk_gen/inst/plle2_adv_inst/CLKOUT0
                         net (fo=1, routed)           0.595    -1.322    clk_gen/inst/clk_out1_clk_wiz_0
    BUFGCTRL_X0Y0        BUFG (Prop_bufg_I_O)         0.029    -1.293 r  clk_gen/inst/clkout1_buf/O
                         net (fo=4890, routed)        1.001    -0.292    rv64im72f_6sp/alu/divider_word/clk_out1
    SLICE_X3Y50          FDCE                                         r  rv64im72f_6sp/alu/divider_word/FSM_onehot_state_reg[2]/C
                         clock pessimism              0.037    -0.255    
    SLICE_X3Y50          FDCE (Hold_fdce_C_D)         0.070    -0.185    rv64im72f_6sp/alu/divider_word/FSM_onehot_state_reg[2]
  -------------------------------------------------------------------
                         required time                          0.185    
                         arrival time                          -0.107    
  -------------------------------------------------------------------
                         slack                                  0.078    





Pulse Width Checks
--------------------------------------------------------------------------------------
Clock Name:         clk_out1_clk_wiz_0
Waveform(ns):       { 0.000 8.621 }
Period(ns):         17.241
Sources:            { clk_gen/inst/plle2_adv_inst/CLKOUT0 }

Check Type        Corner  Lib Pin             Reference Pin  Required(ns)  Actual(ns)  Slack(ns)  Location        Pin
Min Period        n/a     RAMB36E1/CLKARDCLK  n/a            2.944         17.241      14.297     RAMB36_X2Y2     rv64im72f_6sp/data_memory/memory_bank0_reg_0/CLKARDCLK
Max Period        n/a     PLLE2_ADV/CLKOUT0   n/a            160.000       17.241      142.759    PLLE2_ADV_X1Y2  clk_gen/inst/plle2_adv_inst/CLKOUT0
Low Pulse Width   Slow    RAMD32/CLK          n/a            1.250         8.621       7.371      SLICE_X14Y16    rv64im72f_6sp/register_file/registers_reg_r1_0_31_0_5/RAMA/CLK
High Pulse Width  Slow    RAMD32/CLK          n/a            1.250         8.621       7.371      SLICE_X14Y16    rv64im72f_6sp/register_file/registers_reg_r1_0_31_0_5/RAMA/CLK



---------------------------------------------------------------------------------------------------
From Clock:  clkfbout_clk_wiz_0
  To Clock:  clkfbout_clk_wiz_0

Setup :           NA  Failing Endpoints,  Worst Slack           NA  ,  Total Violation           NA
Hold  :           NA  Failing Endpoints,  Worst Slack           NA  ,  Total Violation           NA
PW    :            0  Failing Endpoints,  Worst Slack        2.633ns,  Total Violation        0.000ns
---------------------------------------------------------------------------------------------------


Pulse Width Checks
--------------------------------------------------------------------------------------
Clock Name:         clkfbout_clk_wiz_0
Waveform(ns):       { 0.000 25.000 }
Period(ns):         50.000
Sources:            { clk_gen/inst/plle2_adv_inst/CLKFBOUT }

Check Type  Corner  Lib Pin            Reference Pin  Required(ns)  Actual(ns)  Slack(ns)  Location        Pin
Min Period  n/a     BUFG/I             n/a            2.155         50.000      47.845     BUFGCTRL_X0Y1   clk_gen/inst/clkf_buf/I
Max Period  n/a     PLLE2_ADV/CLKFBIN  n/a            52.633        50.000      2.633      PLLE2_ADV_X1Y2  clk_gen/inst/plle2_adv_inst/CLKFBIN



---------------------------------------------------------------------------------------------------
Path Group:  **async_default**
From Clock:  clk_out1_clk_wiz_0
  To Clock:  clk_out1_clk_wiz_0

Setup :            0  Failing Endpoints,  Worst Slack        7.044ns,  Total Violation        0.000ns
Hold  :            0  Failing Endpoints,  Worst Slack        0.395ns,  Total Violation        0.000ns
---------------------------------------------------------------------------------------------------


Max Delay Paths
--------------------------------------------------------------------------------------
Slack (MET) :             7.044ns  (required time - arrival time)
  Source:                 reset_sync_reg[2]/C
                            (rising edge-triggered cell FDPE clocked by clk_out1_clk_wiz_0  {rise@0.000ns fall@8.621ns period=17.241ns})
  Destination:            rv64im72f_6sp/trap_controller/FSM_onehot_trap_handle_state_reg[3]/CLR
                            (recovery check against rising-edge clock clk_out1_clk_wiz_0  {rise@0.000ns fall@8.621ns period=17.241ns})
  Path Group:             **async_default**
  Path Type:              Recovery (Max at Slow Process Corner)
  Requirement:            17.241ns  (clk_out1_clk_wiz_0 rise@17.241ns - clk_out1_clk_wiz_0 rise@0.000ns)
  Data Path Delay:        9.757ns  (logic 0.518ns (5.309%)  route 9.239ns (94.691%))
  Logic Levels:           0  
  Clock Path Skew:        0.037ns (DCD - SCD + CPR)
    Destination Clock Delay (DCD):    -1.741ns = ( 15.500 - 17.241 ) 
    Source Clock Delay      (SCD):    -2.197ns
    Clock Pessimism Removal (CPR):    -0.418ns
  Clock Uncertainty:      0.117ns  ((TSJ^2 + DJ^2)^1/2) / 2 + PE
    Total System Jitter     (TSJ):    0.071ns
    Discrete Jitter          (DJ):    0.223ns
    Phase Error              (PE):    0.000ns

    Location             Delay type                Incr(ns)  Path(ns)    Netlist Resource(s)
  -------------------------------------------------------------------    -------------------
                         (clock clk_out1_clk_wiz_0 rise edge)
                                                      0.000     0.000 r  
    R4                                                0.000     0.000 r  clk (IN)
                         net (fo=0)                   0.000     0.000    clk_gen/inst/clk_in1
    R4                   IBUF (Prop_ibuf_I_O)         1.475     1.475 r  clk_gen/inst/clkin1_ibufg/O
                         net (fo=1, routed)           1.253     2.728    clk_gen/inst/clk_in1_clk_wiz_0
    PLLE2_ADV_X1Y2       PLLE2_ADV (Prop_plle2_adv_CLKIN1_CLKOUT0)
                                                     -8.953    -6.225 r  clk_gen/inst/plle2_adv_inst/CLKOUT0
                         net (fo=1, routed)           1.802    -4.422    clk_gen/inst/clk_out1_clk_wiz_0
    BUFGCTRL_X0Y0        BUFG (Prop_bufg_I_O)         0.096    -4.326 r  clk_gen/inst/clkout1_buf/O
                         net (fo=4890, routed)        2.129    -2.197    clk_cpu
    SLICE_X8Y45          FDPE                                         r  reset_sync_reg[2]/C
  -------------------------------------------------------------------    -------------------
    SLICE_X8Y45          FDPE (Prop_fdpe_C_Q)         0.518    -1.679 f  reset_sync_reg[2]/Q
                         net (fo=2125, routed)        9.239     7.560    rv64im72f_6sp/trap_controller/Q[0]
    SLICE_X6Y11          FDCE                                         f  rv64im72f_6sp/trap_controller/FSM_onehot_trap_handle_state_reg[3]/CLR
  -------------------------------------------------------------------    -------------------

                         (clock clk_out1_clk_wiz_0 rise edge)
                                                     17.241    17.241 r  
    R4                                                0.000    17.241 r  clk (IN)
                         net (fo=0)                   0.000    17.241    clk_gen/inst/clk_in1
    R4                   IBUF (Prop_ibuf_I_O)         1.405    18.646 r  clk_gen/inst/clkin1_ibufg/O
                         net (fo=1, routed)           1.181    19.827    clk_gen/inst/clk_in1_clk_wiz_0
    PLLE2_ADV_X1Y2       PLLE2_ADV (Prop_plle2_adv_CLKIN1_CLKOUT0)
                                                     -8.206    11.621 r  clk_gen/inst/plle2_adv_inst/CLKOUT0
                         net (fo=1, routed)           1.718    13.339    clk_gen/inst/clk_out1_clk_wiz_0
    BUFGCTRL_X0Y0        BUFG (Prop_bufg_I_O)         0.091    13.430 r  clk_gen/inst/clkout1_buf/O
                         net (fo=4890, routed)        2.070    15.500    rv64im72f_6sp/trap_controller/clk_out1
    SLICE_X6Y11          FDCE                                         r  rv64im72f_6sp/trap_controller/FSM_onehot_trap_handle_state_reg[3]/C
                         clock pessimism             -0.418    15.082    
                         clock uncertainty           -0.117    14.965    
    SLICE_X6Y11          FDCE (Recov_fdce_C_CLR)     -0.361    14.604    rv64im72f_6sp/trap_controller/FSM_onehot_trap_handle_state_reg[3]
  -------------------------------------------------------------------
                         required time                         14.604    
                         arrival time                          -7.560    
  -------------------------------------------------------------------
                         slack                                  7.044    





Min Delay Paths
--------------------------------------------------------------------------------------
Slack (MET) :             0.395ns  (arrival time - required time)
  Source:                 reset_sync_reg[2]/C
                            (rising edge-triggered cell FDPE clocked by clk_out1_clk_wiz_0  {rise@0.000ns fall@8.621ns period=17.241ns})
  Destination:            rv64im72f_6sp/alu/multiplier_word/abs_A_s1_reg[0]/CLR
                            (removal check against rising-edge clock clk_out1_clk_wiz_0  {rise@0.000ns fall@8.621ns period=17.241ns})
  Path Group:             **async_default**
  Path Type:              Removal (Min at Fast Process Corner)
  Requirement:            0.000ns  (clk_out1_clk_wiz_0 rise@0.000ns - clk_out1_clk_wiz_0 rise@0.000ns)
  Data Path Delay:        0.366ns  (logic 0.164ns (44.787%)  route 0.202ns (55.213%))
  Logic Levels:           0  
  Clock Path Skew:        0.038ns (DCD - SCD - CPR)
    Destination Clock Delay (DCD):    -0.248ns
    Source Clock Delay      (SCD):    -0.482ns
    Clock Pessimism Removal (CPR):    0.196ns

    Location             Delay type                Incr(ns)  Path(ns)    Netlist Resource(s)
  -------------------------------------------------------------------    -------------------
                         (clock clk_out1_clk_wiz_0 rise edge)
                                                      0.000     0.000 r  
    R4                                                0.000     0.000 r  clk (IN)
                         net (fo=0)                   0.000     0.000    clk_gen/inst/clk_in1
    R4                   IBUF (Prop_ibuf_I_O)         0.243     0.243 r  clk_gen/inst/clkin1_ibufg/O
                         net (fo=1, routed)           0.440     0.683    clk_gen/inst/clk_in1_clk_wiz_0
    PLLE2_ADV_X1Y2       PLLE2_ADV (Prop_plle2_adv_CLKIN1_CLKOUT0)
                                                     -2.503    -1.819 r  clk_gen/inst/plle2_adv_inst/CLKOUT0
                         net (fo=1, routed)           0.546    -1.273    clk_gen/inst/clk_out1_clk_wiz_0
    BUFGCTRL_X0Y0        BUFG (Prop_bufg_I_O)         0.026    -1.247 r  clk_gen/inst/clkout1_buf/O
                         net (fo=4890, routed)        0.766    -0.482    clk_cpu
    SLICE_X8Y45          FDPE                                         r  reset_sync_reg[2]/C
  -------------------------------------------------------------------    -------------------
    SLICE_X8Y45          FDPE (Prop_fdpe_C_Q)         0.164    -0.318 f  reset_sync_reg[2]/Q
                         net (fo=2125, routed)        0.202    -0.115    rv64im72f_6sp/alu/multiplier_word/Q[0]
    SLICE_X10Y45         FDCE                                         f  rv64im72f_6sp/alu/multiplier_word/abs_A_s1_reg[0]/CLR
  -------------------------------------------------------------------    -------------------

                         (clock clk_out1_clk_wiz_0 rise edge)
                                                      0.000     0.000 r  
    R4                                                0.000     0.000 r  clk (IN)
                         net (fo=0)                   0.000     0.000    clk_gen/inst/clk_in1
    R4                   IBUF (Prop_ibuf_I_O)         0.431     0.431 r  clk_gen/inst/clkin1_ibufg/O
                         net (fo=1, routed)           0.481     0.912    clk_gen/inst/clk_in1_clk_wiz_0
    PLLE2_ADV_X1Y2       PLLE2_ADV (Prop_plle2_adv_CLKIN1_CLKOUT0)
                                                     -2.828    -1.916 r  clk_gen/inst/plle2_adv_inst/CLKOUT0
                         net (fo=1, routed)           0.595    -1.322    clk_gen/inst/clk_out1_clk_wiz_0
    BUFGCTRL_X0Y0        BUFG (Prop_bufg_I_O)         0.029    -1.293 r  clk_gen/inst/clkout1_buf/O
                         net (fo=4890, routed)        1.045    -0.248    rv64im72f_6sp/alu/multiplier_word/clk_out1
    SLICE_X10Y45         FDCE                                         r  rv64im72f_6sp/alu/multiplier_word/abs_A_s1_reg[0]/C
                         clock pessimism             -0.196    -0.444    
    SLICE_X10Y45         FDCE (Remov_fdce_C_CLR)     -0.067    -0.511    rv64im72f_6sp/alu/multiplier_word/abs_A_s1_reg[0]
  -------------------------------------------------------------------
                         required time                          0.511    
                         arrival time                          -0.115    
  -------------------------------------------------------------------
                         slack                                  0.395    





