Copyright 1986-2022 Xilinx, Inc. All Rights Reserved. Copyright 2022-2025 Advanced Micro Devices, Inc. All Rights Reserved.
------------------------------------------------------------------------------------------------------------------------------------------------------------
| Tool Version : Vivado v.2025.2 (lin64) Build 6299465 Fri Nov 14 12:34:56 MST 2025
| Date         : Wed Sep  9 17:02:30 2026
| Host         : khwl-ThinkPad-X1-Carbon-Gen-13 running 64-bit Ubuntu 24.04.4 LTS
| Command      : report_timing_summary -file /home/khwl/Desktop/RV-IM100/riscof-env/logs/reimage_reports/RV64IM_7SP_BRAM_dhrystone/timing.rpt
| Design       : RV64IM72F5SPSoCTOP
| Device       : 7a200t-sbg484
| Speed File   : -1  PRODUCTION 1.23 2018-06-13
| Design State : Physopt postRoute
------------------------------------------------------------------------------------------------------------------------------------------------------------

Timing Summary Report

------------------------------------------------------------------------------------------------
| Timer Settings
| --------------
------------------------------------------------------------------------------------------------

  Enable Multi Corner Analysis               :  Yes
  Enable Pessimism Removal                   :  Yes
  Pessimism Removal Resolution               :  Nearest Common Node
  Enable Input Delay Default Clock           :  No
  Enable Preset / Clear Arcs                 :  No
  Disable Flight Delays                      :  No
  Ignore I/O Paths                           :  No
  Timing Early Launch at Borrowing Latches   :  No
  Borrow Time for Max Delay Exceptions       :  Yes
  Merge Timing Exceptions                    :  Yes
  Inter-SLR Compensation                     :  Conservative

  Corner  Analyze    Analyze    
  Name    Max Paths  Min Paths  
  ------  ---------  ---------  
  Slow    Yes        Yes        
  Fast    Yes        Yes        


------------------------------------------------------------------------------------------------
| Report Methodology
| ------------------
------------------------------------------------------------------------------------------------

Rule      Severity  Description                                 Violations  
--------  --------  ------------------------------------------  ----------  
DPIR-1    Warning   Asynchronous driver check                   623         
SYNTH-6   Warning   Timing of a RAM block might be sub-optimal  24          
SYNTH-10  Warning   Wide multiplier                             20          

Note: This report is based on the most recent report_methodology run and may not be up-to-date. Run report_methodology on the current design for the latest report.



check_timing report

Table of Contents
-----------------
1. checking no_clock (0)
2. checking constant_clock (0)
3. checking pulse_width_clock (0)
4. checking unconstrained_internal_endpoints (0)
5. checking no_input_delay (2)
6. checking no_output_delay (9)
7. checking multiple_clock (0)
8. checking generated_clocks (0)
9. checking loops (0)
10. checking partial_input_delay (0)
11. checking partial_output_delay (0)
12. checking latch_loops (0)

1. checking no_clock (0)
------------------------
 There are 0 register/latch pins with no clock.


2. checking constant_clock (0)
------------------------------
 There are 0 register/latch pins with constant_clock.


3. checking pulse_width_clock (0)
---------------------------------
 There are 0 register/latch pins which need pulse_width check


4. checking unconstrained_internal_endpoints (0)
------------------------------------------------
 There are 0 pins that are not constrained for maximum delay.

 There are 0 pins that are not constrained for maximum delay due to constant clock.


5. checking no_input_delay (2)
------------------------------
 There are 0 input ports with no input delay specified.

 There are 2 input ports with no input delay but user has a false path constraint. (MEDIUM)


6. checking no_output_delay (9)
-------------------------------
 There are 0 ports with no output delay specified.

 There are 9 ports with no output delay but user has a false path constraint (MEDIUM)

 There are 0 ports with no output delay but with a timing clock defined on it or propagating through it


7. checking multiple_clock (0)
------------------------------
 There are 0 register/latch pins with multiple clocks.


8. checking generated_clocks (0)
--------------------------------
 There are 0 generated clocks that are not connected to a clock source.


9. checking loops (0)
---------------------
 There are 0 combinational loops in the design.


10. checking partial_input_delay (0)
------------------------------------
 There are 0 input ports with partial input delay specified.


11. checking partial_output_delay (0)
-------------------------------------
 There are 0 ports with partial output delay specified.


12. checking latch_loops (0)
----------------------------
 There are 0 combinational latch loops in the design through latch input



------------------------------------------------------------------------------------------------
| Design Timing Summary
| ---------------------
------------------------------------------------------------------------------------------------

    WNS(ns)      TNS(ns)  TNS Failing Endpoints  TNS Total Endpoints      WHS(ns)      THS(ns)  THS Failing Endpoints  THS Total Endpoints     WPWS(ns)     TPWS(ns)  TPWS Failing Endpoints  TPWS Total Endpoints  
    -------      -------  ---------------------  -------------------      -------      -------  ---------------------  -------------------     --------     --------  ----------------------  --------------------  
      0.236        0.000                      0                15592        0.052        0.000                      0                15592        2.633        0.000                       0                  4617  


All user specified timing constraints are met.


------------------------------------------------------------------------------------------------
| Clock Summary
| -------------
------------------------------------------------------------------------------------------------

Clock                 Waveform(ns)       Period(ns)      Frequency(MHz)
-----                 ------------       ----------      --------------
clk                   {0.000 5.000}      10.000          100.000         
  clk_out1_clk_wiz_0  {0.000 8.929}      17.857          56.000          
  clkfbout_clk_wiz_0  {0.000 25.000}     50.000          20.000          


------------------------------------------------------------------------------------------------
| Intra Clock Table
| -----------------
------------------------------------------------------------------------------------------------

Clock                     WNS(ns)      TNS(ns)  TNS Failing Endpoints  TNS Total Endpoints      WHS(ns)      THS(ns)  THS Failing Endpoints  THS Total Endpoints     WPWS(ns)     TPWS(ns)  TPWS Failing Endpoints  TPWS Total Endpoints  
-----                     -------      -------  ---------------------  -------------------      -------      -------  ---------------------  -------------------     --------     --------  ----------------------  --------------------  
clk                                                                                                                                                                     3.000        0.000                       0                     1  
  clk_out1_clk_wiz_0        0.236        0.000                      0                13478        0.052        0.000                      0                13478        7.679        0.000                       0                  4613  
  clkfbout_clk_wiz_0                                                                                                                                                    2.633        0.000                       0                     3  


------------------------------------------------------------------------------------------------
| Inter Clock Table
| -----------------
------------------------------------------------------------------------------------------------

From Clock    To Clock          WNS(ns)      TNS(ns)  TNS Failing Endpoints  TNS Total Endpoints      WHS(ns)      THS(ns)  THS Failing Endpoints  THS Total Endpoints  
----------    --------          -------      -------  ---------------------  -------------------      -------      -------  ---------------------  -------------------  


------------------------------------------------------------------------------------------------
| Other Path Groups Table
| -----------------------
------------------------------------------------------------------------------------------------

Path Group          From Clock          To Clock                WNS(ns)      TNS(ns)  TNS Failing Endpoints  TNS Total Endpoints      WHS(ns)      THS(ns)  THS Failing Endpoints  THS Total Endpoints  
----------          ----------          --------                -------      -------  ---------------------  -------------------      -------      -------  ---------------------  -------------------  
**async_default**   clk_out1_clk_wiz_0  clk_out1_clk_wiz_0        9.215        0.000                      0                 2114        0.416        0.000                      0                 2114  


------------------------------------------------------------------------------------------------
| Timing Details
| --------------
------------------------------------------------------------------------------------------------


---------------------------------------------------------------------------------------------------
From Clock:  clk
  To Clock:  clk

Setup :           NA  Failing Endpoints,  Worst Slack           NA  ,  Total Violation           NA
Hold  :           NA  Failing Endpoints,  Worst Slack           NA  ,  Total Violation           NA
PW    :            0  Failing Endpoints,  Worst Slack        3.000ns,  Total Violation        0.000ns
---------------------------------------------------------------------------------------------------


Pulse Width Checks
--------------------------------------------------------------------------------------
Clock Name:         clk
Waveform(ns):       { 0.000 5.000 }
Period(ns):         10.000
Sources:            { clk }

Check Type        Corner  Lib Pin           Reference Pin  Required(ns)  Actual(ns)  Slack(ns)  Location        Pin
Min Period        n/a     PLLE2_ADV/CLKIN1  n/a            1.249         10.000      8.751      PLLE2_ADV_X1Y2  clk_gen/inst/plle2_adv_inst/CLKIN1
Max Period        n/a     PLLE2_ADV/CLKIN1  n/a            52.633        10.000      42.633     PLLE2_ADV_X1Y2  clk_gen/inst/plle2_adv_inst/CLKIN1
Low Pulse Width   Slow    PLLE2_ADV/CLKIN1  n/a            2.000         5.000       3.000      PLLE2_ADV_X1Y2  clk_gen/inst/plle2_adv_inst/CLKIN1
High Pulse Width  Slow    PLLE2_ADV/CLKIN1  n/a            2.000         5.000       3.000      PLLE2_ADV_X1Y2  clk_gen/inst/plle2_adv_inst/CLKIN1



---------------------------------------------------------------------------------------------------
From Clock:  clk_out1_clk_wiz_0
  To Clock:  clk_out1_clk_wiz_0

Setup :            0  Failing Endpoints,  Worst Slack        0.236ns,  Total Violation        0.000ns
Hold  :            0  Failing Endpoints,  Worst Slack        0.052ns,  Total Violation        0.000ns
PW    :            0  Failing Endpoints,  Worst Slack        7.679ns,  Total Violation        0.000ns
---------------------------------------------------------------------------------------------------


Max Delay Paths
--------------------------------------------------------------------------------------
Slack (MET) :             0.236ns  (required time - arrival time)
  Source:                 rv64im72f_6sp/ex_mem_register/MEM_alu_result_reg[4]/C
                            (rising edge-triggered cell FDRE clocked by clk_out1_clk_wiz_0  {rise@0.000ns fall@8.929ns period=17.857ns})
  Destination:            rv64im72f_6sp/exception_detector/trap_status_reg[0]/D
                            (rising edge-triggered cell FDCE clocked by clk_out1_clk_wiz_0  {rise@0.000ns fall@8.929ns period=17.857ns})
  Path Group:             clk_out1_clk_wiz_0
  Path Type:              Setup (Max at Slow Process Corner)
  Requirement:            17.857ns  (clk_out1_clk_wiz_0 rise@17.857ns - clk_out1_clk_wiz_0 rise@0.000ns)
  Data Path Delay:        17.455ns  (logic 4.304ns (24.658%)  route 13.151ns (75.342%))
  Logic Levels:           26  (CARRY4=6 LUT3=2 LUT4=2 LUT5=4 LUT6=12)
  Clock Path Skew:        -0.033ns (DCD - SCD + CPR)
    Destination Clock Delay (DCD):    -1.832ns = ( 16.025 - 17.857 ) 
    Source Clock Delay      (SCD):    -2.218ns
    Clock Pessimism Removal (CPR):    -0.418ns
  Clock Uncertainty:      0.162ns  ((TSJ^2 + DJ^2)^1/2) / 2 + PE
    Total System Jitter     (TSJ):    0.071ns
    Discrete Jitter          (DJ):    0.317ns
    Phase Error              (PE):    0.000ns

    Location             Delay type                Incr(ns)  Path(ns)    Netlist Resource(s)
  -------------------------------------------------------------------    -------------------
                         (clock clk_out1_clk_wiz_0 rise edge)
                                                      0.000     0.000 r  
    R4                                                0.000     0.000 r  clk (IN)
                         net (fo=0)                   0.000     0.000    clk_gen/inst/clk_in1
    R4                   IBUF (Prop_ibuf_I_O)         1.475     1.475 r  clk_gen/inst/clkin1_ibufg/O
                         net (fo=1, routed)           1.253     2.728    clk_gen/inst/clk_in1_clk_wiz_0
    PLLE2_ADV_X1Y2       PLLE2_ADV (Prop_plle2_adv_CLKIN1_CLKOUT0)
                                                     -8.953    -6.225 r  clk_gen/inst/plle2_adv_inst/CLKOUT0
                         net (fo=1, routed)           1.802    -4.422    clk_gen/inst/clk_out1_clk_wiz_0
    BUFGCTRL_X0Y0        BUFG (Prop_bufg_I_O)         0.096    -4.326 r  clk_gen/inst/clkout1_buf/O
                         net (fo=4611, routed)        2.108    -2.218    rv64im72f_6sp/ex_mem_register/clk_out1
    SLICE_X31Y20         FDRE                                         r  rv64im72f_6sp/ex_mem_register/MEM_alu_result_reg[4]/C
  -------------------------------------------------------------------    -------------------
    SLICE_X31Y20         FDRE (Prop_fdre_C_Q)         0.456    -1.762 f  rv64im72f_6sp/ex_mem_register/MEM_alu_result_reg[4]/Q
                         net (fo=6, routed)           0.829    -0.933    rv64im72f_6sp/ex_mem_register/Q[4]
    SLICE_X28Y20         LUT3 (Prop_lut3_I1_O)        0.124    -0.809 r  rv64im72f_6sp/ex_mem_register/pc_stall0_i_90/O
                         net (fo=1, routed)           0.000    -0.809    rv64im72f_6sp/ex_mem_register/pc_stall0_i_90_n_0
    SLICE_X28Y20         CARRY4 (Prop_carry4_S[1]_CO[3])
                                                      0.550    -0.259 r  rv64im72f_6sp/ex_mem_register/pc_stall0_i_83/CO[3]
                         net (fo=1, routed)           0.000    -0.259    rv64im72f_6sp/ex_mem_register/pc_stall0_i_83_n_0
    SLICE_X28Y21         CARRY4 (Prop_carry4_CI_CO[3])
                                                      0.114    -0.145 r  rv64im72f_6sp/ex_mem_register/pc_stall0_i_78/CO[3]
                         net (fo=1, routed)           0.000    -0.145    rv64im72f_6sp/ex_mem_register/pc_stall0_i_78_n_0
    SLICE_X28Y22         CARRY4 (Prop_carry4_CI_CO[3])
                                                      0.114    -0.031 r  rv64im72f_6sp/ex_mem_register/pc_stall0_i_72/CO[3]
                         net (fo=1, routed)           0.000    -0.031    rv64im72f_6sp/ex_mem_register/pc_stall0_i_72_n_0
    SLICE_X28Y23         CARRY4 (Prop_carry4_CI_CO[3])
                                                      0.114     0.083 r  rv64im72f_6sp/ex_mem_register/pc_stall0_i_45/CO[3]
                         net (fo=1, routed)           0.000     0.083    rv64im72f_6sp/ex_mem_register/pc_stall0_i_45_n_0
    SLICE_X28Y24         CARRY4 (Prop_carry4_CI_CO[3])
                                                      0.114     0.197 r  rv64im72f_6sp/ex_mem_register/pc_stall0_i_31/CO[3]
                         net (fo=1, routed)           0.009     0.206    rv64im72f_6sp/ex_mem_register/pc_stall0_i_31_n_0
    SLICE_X28Y25         CARRY4 (Prop_carry4_CI_CO[1])
                                                      0.157     0.363 f  rv64im72f_6sp/ex_mem_register/pc_stall0_i_15/CO[1]
                         net (fo=105, routed)         1.386     1.749    rv64im72f_6sp/data_memory/CO[0]
    SLICE_X20Y16         LUT5 (Prop_lut5_I4_O)        0.329     2.078 r  rv64im72f_6sp/data_memory/WB_byte_enable_logic_register_file_write_data[19]_i_2/O
                         net (fo=5, routed)           1.013     3.091    rv64im72f_6sp/data_memory/rom_read_data_reg[63][12]
    SLICE_X23Y18         LUT6 (Prop_lut6_I1_O)        0.124     3.215 r  rv64im72f_6sp/data_memory/WB_byte_enable_logic_register_file_write_data[3]_i_2/O
                         net (fo=1, routed)           0.573     3.788    rv64im72f_6sp/ex_mem_register/WB_byte_enable_logic_register_file_write_data_reg[3]
    SLICE_X23Y20         LUT6 (Prop_lut6_I1_O)        0.124     3.912 r  rv64im72f_6sp/ex_mem_register/WB_byte_enable_logic_register_file_write_data[3]_i_1/O
                         net (fo=2, routed)           0.303     4.215    rv64im72f_6sp/ex_mem_register/D[3]
    SLICE_X23Y21         LUT6 (Prop_lut6_I5_O)        0.124     4.339 r  rv64im72f_6sp/ex_mem_register/dividend_reg[3]_i_5/O
                         net (fo=3, routed)           0.684     5.023    rv64im72f_6sp/id_ex_register/MEM_forward_data_value[3]
    SLICE_X23Y23         LUT6 (Prop_lut6_I0_O)        0.124     5.147 r  rv64im72f_6sp/id_ex_register/divisor_latch[3]_i_2/O
                         net (fo=4, routed)           0.821     5.968    rv64im72f_6sp/id_ex_register/alu_forward_source_data_b[3]
    SLICE_X22Y28         LUT6 (Prop_lut6_I3_O)        0.124     6.092 r  rv64im72f_6sp/id_ex_register/EX2_alu_result[8]_i_40/O
                         net (fo=97, routed)          1.380     7.472    rv64im72f_6sp/id_ex_register/EX2_alu_result[8]_i_40_n_0
    SLICE_X18Y30         LUT6 (Prop_lut6_I2_O)        0.124     7.596 f  rv64im72f_6sp/id_ex_register/EX2_alu_result[0]_i_19/O
                         net (fo=5, routed)           1.065     8.660    rv64im72f_6sp/id_ex_register/EX2_alu_result[0]_i_19_n_0
    SLICE_X8Y29          LUT6 (Prop_lut6_I1_O)        0.124     8.784 f  rv64im72f_6sp/id_ex_register/EX2_alu_result[2]_i_15/O
                         net (fo=2, routed)           0.608     9.392    rv64im72f_6sp/id_ex_register/EX2_alu_result[2]_i_15_n_0
    SLICE_X10Y29         LUT4 (Prop_lut4_I0_O)        0.124     9.516 f  rv64im72f_6sp/id_ex_register/EX2_alu_result[1]_i_11/O
                         net (fo=1, routed)           0.466     9.982    rv64im72f_6sp/id_ex_register/EX2_alu_result[1]_i_11_n_0
    SLICE_X10Y29         LUT6 (Prop_lut6_I3_O)        0.124    10.106 f  rv64im72f_6sp/id_ex_register/EX2_alu_result[1]_i_6/O
                         net (fo=2, routed)           0.508    10.615    rv64im72f_6sp/id_ex_register/alu/alu_word_result[1]
    SLICE_X10Y29         LUT3 (Prop_lut3_I0_O)        0.124    10.739 f  rv64im72f_6sp/id_ex_register/EX2_alu_result[1]_i_2/O
                         net (fo=1, routed)           0.864    11.603    rv64im72f_6sp/id_ex_register/EX2_alu_result[1]_i_2_n_0
    SLICE_X17Y28         LUT6 (Prop_lut6_I0_O)        0.124    11.727 f  rv64im72f_6sp/id_ex_register/EX2_alu_result[1]_i_1/O
                         net (fo=5, routed)           0.613    12.339    rv64im72f_6sp/id_ex_register/dividend_reg_reg[63][1]
    SLICE_X15Y28         LUT5 (Prop_lut5_I0_O)        0.124    12.463 f  rv64im72f_6sp/id_ex_register/trap_status[0]_i_11/O
                         net (fo=1, routed)           0.282    12.746    rv64im72f_6sp/id_ex_register/trap_status[0]_i_11_n_0
    SLICE_X13Y28         LUT4 (Prop_lut4_I0_O)        0.124    12.870 f  rv64im72f_6sp/id_ex_register/trap_status[0]_i_8/O
                         net (fo=2, routed)           0.164    13.033    rv64im72f_6sp/id_ex_register/trap_status[0]_i_8_n_0
    SLICE_X13Y28         LUT6 (Prop_lut6_I0_O)        0.124    13.157 f  rv64im72f_6sp/id_ex_register/trap_status[2]_i_7/O
                         net (fo=2, routed)           0.489    13.646    rv64im72f_6sp/id_ex_register/trap_status[2]_i_7_n_0
    SLICE_X10Y28         LUT5 (Prop_lut5_I4_O)        0.124    13.770 r  rv64im72f_6sp/id_ex_register/trapped_i_8/O
                         net (fo=2, routed)           0.326    14.096    rv64im72f_6sp/id_ex_register/trapped_i_8_n_0
    SLICE_X9Y27          LUT5 (Prop_lut5_I4_O)        0.124    14.220 r  rv64im72f_6sp/id_ex_register/trapped_i_4/O
                         net (fo=6, routed)           0.366    14.586    rv64im72f_6sp/id_ex_register/EX_opcode_reg[0]_0
    SLICE_X8Y26          LUT6 (Prop_lut6_I0_O)        0.124    14.710 r  rv64im72f_6sp/id_ex_register/trap_status[0]_i_4/O
                         net (fo=1, routed)           0.403    15.113    rv64im72f_6sp/ex_mem_register/trap_status_reg[0]_0
    SLICE_X9Y26          LUT6 (Prop_lut6_I2_O)        0.124    15.237 r  rv64im72f_6sp/ex_mem_register/trap_status[0]_i_1/O
                         net (fo=1, routed)           0.000    15.237    rv64im72f_6sp/exception_detector/trap_status_reg[2]_3[0]
    SLICE_X9Y26          FDCE                                         r  rv64im72f_6sp/exception_detector/trap_status_reg[0]/D
  -------------------------------------------------------------------    -------------------

                         (clock clk_out1_clk_wiz_0 rise edge)
                                                     17.857    17.857 r  
    R4                                                0.000    17.857 r  clk (IN)
                         net (fo=0)                   0.000    17.857    clk_gen/inst/clk_in1
    R4                   IBUF (Prop_ibuf_I_O)         1.405    19.262 r  clk_gen/inst/clkin1_ibufg/O
                         net (fo=1, routed)           1.181    20.443    clk_gen/inst/clk_in1_clk_wiz_0
    PLLE2_ADV_X1Y2       PLLE2_ADV (Prop_plle2_adv_CLKIN1_CLKOUT0)
                                                     -8.206    12.237 r  clk_gen/inst/plle2_adv_inst/CLKOUT0
                         net (fo=1, routed)           1.718    13.955    clk_gen/inst/clk_out1_clk_wiz_0
    BUFGCTRL_X0Y0        BUFG (Prop_bufg_I_O)         0.091    14.046 r  clk_gen/inst/clkout1_buf/O
                         net (fo=4611, routed)        1.979    16.025    rv64im72f_6sp/exception_detector/clk_out1
    SLICE_X9Y26          FDCE                                         r  rv64im72f_6sp/exception_detector/trap_status_reg[0]/C
                         clock pessimism             -0.418    15.606    
                         clock uncertainty           -0.162    15.444    
    SLICE_X9Y26          FDCE (Setup_fdce_C_D)        0.029    15.473    rv64im72f_6sp/exception_detector/trap_status_reg[0]
  -------------------------------------------------------------------
                         required time                         15.473    
                         arrival time                         -15.237    
  -------------------------------------------------------------------
                         slack                                  0.236    





Min Delay Paths
--------------------------------------------------------------------------------------
Slack (MET) :             0.052ns  (arrival time - required time)
  Source:                 rv64im72f_6sp/ex_ex2_register/EX2_csr_read_data_reg[53]/C
                            (rising edge-triggered cell FDRE clocked by clk_out1_clk_wiz_0  {rise@0.000ns fall@8.929ns period=17.857ns})
  Destination:            rv64im72f_6sp/ex_mem_register/MEM_csr_read_data_reg[53]/D
                            (rising edge-triggered cell FDRE clocked by clk_out1_clk_wiz_0  {rise@0.000ns fall@8.929ns period=17.857ns})
  Path Group:             clk_out1_clk_wiz_0
  Path Type:              Hold (Min at Fast Process Corner)
  Requirement:            0.000ns  (clk_out1_clk_wiz_0 rise@0.000ns - clk_out1_clk_wiz_0 rise@0.000ns)
  Data Path Delay:        0.462ns  (logic 0.164ns (35.472%)  route 0.298ns (64.528%))
  Logic Levels:           0  
  Clock Path Skew:        0.340ns (DCD - SCD - CPR)
    Destination Clock Delay (DCD):    -0.291ns
    Source Clock Delay      (SCD):    -0.594ns
    Clock Pessimism Removal (CPR):    -0.037ns

    Location             Delay type                Incr(ns)  Path(ns)    Netlist Resource(s)
  -------------------------------------------------------------------    -------------------
                         (clock clk_out1_clk_wiz_0 rise edge)
                                                      0.000     0.000 r  
    R4                                                0.000     0.000 r  clk (IN)
                         net (fo=0)                   0.000     0.000    clk_gen/inst/clk_in1
    R4                   IBUF (Prop_ibuf_I_O)         0.243     0.243 r  clk_gen/inst/clkin1_ibufg/O
                         net (fo=1, routed)           0.440     0.683    clk_gen/inst/clk_in1_clk_wiz_0
    PLLE2_ADV_X1Y2       PLLE2_ADV (Prop_plle2_adv_CLKIN1_CLKOUT0)
                                                     -2.503    -1.819 r  clk_gen/inst/plle2_adv_inst/CLKOUT0
                         net (fo=1, routed)           0.546    -1.273    clk_gen/inst/clk_out1_clk_wiz_0
    BUFGCTRL_X0Y0        BUFG (Prop_bufg_I_O)         0.026    -1.247 r  clk_gen/inst/clkout1_buf/O
                         net (fo=4611, routed)        0.653    -0.594    rv64im72f_6sp/ex_ex2_register/clk_out1
    SLICE_X48Y52         FDRE                                         r  rv64im72f_6sp/ex_ex2_register/EX2_csr_read_data_reg[53]/C
  -------------------------------------------------------------------    -------------------
    SLICE_X48Y52         FDRE (Prop_fdre_C_Q)         0.164    -0.430 r  rv64im72f_6sp/ex_ex2_register/EX2_csr_read_data_reg[53]/Q
                         net (fo=2, routed)           0.298    -0.132    rv64im72f_6sp/ex_mem_register/MEM_csr_read_data_reg[63]_1[53]
    SLICE_X45Y41         FDRE                                         r  rv64im72f_6sp/ex_mem_register/MEM_csr_read_data_reg[53]/D
  -------------------------------------------------------------------    -------------------

                         (clock clk_out1_clk_wiz_0 rise edge)
                                                      0.000     0.000 r  
    R4                                                0.000     0.000 r  clk (IN)
                         net (fo=0)                   0.000     0.000    clk_gen/inst/clk_in1
    R4                   IBUF (Prop_ibuf_I_O)         0.431     0.431 r  clk_gen/inst/clkin1_ibufg/O
                         net (fo=1, routed)           0.481     0.912    clk_gen/inst/clk_in1_clk_wiz_0
    PLLE2_ADV_X1Y2       PLLE2_ADV (Prop_plle2_adv_CLKIN1_CLKOUT0)
                                                     -2.828    -1.916 r  clk_gen/inst/plle2_adv_inst/CLKOUT0
                         net (fo=1, routed)           0.595    -1.322    clk_gen/inst/clk_out1_clk_wiz_0
    BUFGCTRL_X0Y0        BUFG (Prop_bufg_I_O)         0.029    -1.293 r  clk_gen/inst/clkout1_buf/O
                         net (fo=4611, routed)        1.002    -0.291    rv64im72f_6sp/ex_mem_register/clk_out1
    SLICE_X45Y41         FDRE                                         r  rv64im72f_6sp/ex_mem_register/MEM_csr_read_data_reg[53]/C
                         clock pessimism              0.037    -0.254    
    SLICE_X45Y41         FDRE (Hold_fdre_C_D)         0.070    -0.184    rv64im72f_6sp/ex_mem_register/MEM_csr_read_data_reg[53]
  -------------------------------------------------------------------
                         required time                          0.184    
                         arrival time                          -0.132    
  -------------------------------------------------------------------
                         slack                                  0.052    





Pulse Width Checks
--------------------------------------------------------------------------------------
Clock Name:         clk_out1_clk_wiz_0
Waveform(ns):       { 0.000 8.929 }
Period(ns):         17.857
Sources:            { clk_gen/inst/plle2_adv_inst/CLKOUT0 }

Check Type        Corner  Lib Pin             Reference Pin  Required(ns)  Actual(ns)  Slack(ns)  Location        Pin
Min Period        n/a     RAMB36E1/CLKARDCLK  n/a            2.944         17.857      14.913     RAMB36_X2Y2     rv64im72f_6sp/data_memory/memory_bank0_reg_0/CLKARDCLK
Max Period        n/a     PLLE2_ADV/CLKOUT0   n/a            160.000       17.857      142.143    PLLE2_ADV_X1Y2  clk_gen/inst/plle2_adv_inst/CLKOUT0
Low Pulse Width   Slow    RAMD32/CLK          n/a            1.250         8.929       7.679      SLICE_X22Y15    rv64im72f_6sp/register_file/registers_reg_r1_0_31_0_5/RAMA/CLK
High Pulse Width  Slow    RAMD32/CLK          n/a            1.250         8.929       7.679      SLICE_X22Y15    rv64im72f_6sp/register_file/registers_reg_r1_0_31_0_5/RAMA/CLK



---------------------------------------------------------------------------------------------------
From Clock:  clkfbout_clk_wiz_0
  To Clock:  clkfbout_clk_wiz_0

Setup :           NA  Failing Endpoints,  Worst Slack           NA  ,  Total Violation           NA
Hold  :           NA  Failing Endpoints,  Worst Slack           NA  ,  Total Violation           NA
PW    :            0  Failing Endpoints,  Worst Slack        2.633ns,  Total Violation        0.000ns
---------------------------------------------------------------------------------------------------


Pulse Width Checks
--------------------------------------------------------------------------------------
Clock Name:         clkfbout_clk_wiz_0
Waveform(ns):       { 0.000 25.000 }
Period(ns):         50.000
Sources:            { clk_gen/inst/plle2_adv_inst/CLKFBOUT }

Check Type  Corner  Lib Pin            Reference Pin  Required(ns)  Actual(ns)  Slack(ns)  Location        Pin
Min Period  n/a     BUFG/I             n/a            2.155         50.000      47.845     BUFGCTRL_X0Y1   clk_gen/inst/clkf_buf/I
Max Period  n/a     PLLE2_ADV/CLKFBIN  n/a            52.633        50.000      2.633      PLLE2_ADV_X1Y2  clk_gen/inst/plle2_adv_inst/CLKFBIN



---------------------------------------------------------------------------------------------------
Path Group:  **async_default**
From Clock:  clk_out1_clk_wiz_0
  To Clock:  clk_out1_clk_wiz_0

Setup :            0  Failing Endpoints,  Worst Slack        9.215ns,  Total Violation        0.000ns
Hold  :            0  Failing Endpoints,  Worst Slack        0.416ns,  Total Violation        0.000ns
---------------------------------------------------------------------------------------------------


Max Delay Paths
--------------------------------------------------------------------------------------
Slack (MET) :             9.215ns  (required time - arrival time)
  Source:                 reset_sync_reg[2]/C
                            (rising edge-triggered cell FDPE clocked by clk_out1_clk_wiz_0  {rise@0.000ns fall@8.929ns period=17.857ns})
  Destination:            rv64im72f_6sp/csr_file/csr_read_out_reg[57]/CLR
                            (recovery check against rising-edge clock clk_out1_clk_wiz_0  {rise@0.000ns fall@8.929ns period=17.857ns})
  Path Group:             **async_default**
  Path Type:              Recovery (Max at Slow Process Corner)
  Requirement:            17.857ns  (clk_out1_clk_wiz_0 rise@17.857ns - clk_out1_clk_wiz_0 rise@0.000ns)
  Data Path Delay:        7.793ns  (logic 0.456ns (5.851%)  route 7.337ns (94.149%))
  Logic Levels:           0  
  Clock Path Skew:        -0.367ns (DCD - SCD + CPR)
    Destination Clock Delay (DCD):    -2.094ns = ( 15.763 - 17.857 ) 
    Source Clock Delay      (SCD):    -2.226ns
    Clock Pessimism Removal (CPR):    -0.499ns
  Clock Uncertainty:      0.162ns  ((TSJ^2 + DJ^2)^1/2) / 2 + PE
    Total System Jitter     (TSJ):    0.071ns
    Discrete Jitter          (DJ):    0.317ns
    Phase Error              (PE):    0.000ns

    Location             Delay type                Incr(ns)  Path(ns)    Netlist Resource(s)
  -------------------------------------------------------------------    -------------------
                         (clock clk_out1_clk_wiz_0 rise edge)
                                                      0.000     0.000 r  
    R4                                                0.000     0.000 r  clk (IN)
                         net (fo=0)                   0.000     0.000    clk_gen/inst/clk_in1
    R4                   IBUF (Prop_ibuf_I_O)         1.475     1.475 r  clk_gen/inst/clkin1_ibufg/O
                         net (fo=1, routed)           1.253     2.728    clk_gen/inst/clk_in1_clk_wiz_0
    PLLE2_ADV_X1Y2       PLLE2_ADV (Prop_plle2_adv_CLKIN1_CLKOUT0)
                                                     -8.953    -6.225 r  clk_gen/inst/plle2_adv_inst/CLKOUT0
                         net (fo=1, routed)           1.802    -4.422    clk_gen/inst/clk_out1_clk_wiz_0
    BUFGCTRL_X0Y0        BUFG (Prop_bufg_I_O)         0.096    -4.326 r  clk_gen/inst/clkout1_buf/O
                         net (fo=4611, routed)        2.100    -2.226    clk_cpu
    SLICE_X37Y22         FDPE                                         r  reset_sync_reg[2]/C
  -------------------------------------------------------------------    -------------------
    SLICE_X37Y22         FDPE (Prop_fdpe_C_Q)         0.456    -1.770 f  reset_sync_reg[2]/Q
                         net (fo=2125, routed)        7.337     5.568    rv64im72f_6sp/csr_file/Q[0]
    SLICE_X44Y50         FDCE                                         f  rv64im72f_6sp/csr_file/csr_read_out_reg[57]/CLR
  -------------------------------------------------------------------    -------------------

                         (clock clk_out1_clk_wiz_0 rise edge)
                                                     17.857    17.857 r  
    R4                                                0.000    17.857 r  clk (IN)
                         net (fo=0)                   0.000    17.857    clk_gen/inst/clk_in1
    R4                   IBUF (Prop_ibuf_I_O)         1.405    19.262 r  clk_gen/inst/clkin1_ibufg/O
                         net (fo=1, routed)           1.181    20.443    clk_gen/inst/clk_in1_clk_wiz_0
    PLLE2_ADV_X1Y2       PLLE2_ADV (Prop_plle2_adv_CLKIN1_CLKOUT0)
                                                     -8.206    12.237 r  clk_gen/inst/plle2_adv_inst/CLKOUT0
                         net (fo=1, routed)           1.718    13.955    clk_gen/inst/clk_out1_clk_wiz_0
    BUFGCTRL_X0Y0        BUFG (Prop_bufg_I_O)         0.091    14.046 r  clk_gen/inst/clkout1_buf/O
                         net (fo=4611, routed)        1.717    15.763    rv64im72f_6sp/csr_file/clk_out1
    SLICE_X44Y50         FDCE                                         r  rv64im72f_6sp/csr_file/csr_read_out_reg[57]/C
                         clock pessimism             -0.499    15.264    
                         clock uncertainty           -0.162    15.102    
    SLICE_X44Y50         FDCE (Recov_fdce_C_CLR)     -0.319    14.783    rv64im72f_6sp/csr_file/csr_read_out_reg[57]
  -------------------------------------------------------------------
                         required time                         14.783    
                         arrival time                          -5.568    
  -------------------------------------------------------------------
                         slack                                  9.215    





Min Delay Paths
--------------------------------------------------------------------------------------
Slack (MET) :             0.416ns  (arrival time - required time)
  Source:                 reset_sync_reg[2]/C
                            (rising edge-triggered cell FDPE clocked by clk_out1_clk_wiz_0  {rise@0.000ns fall@8.929ns period=17.857ns})
  Destination:            rv64im72f_6sp/csr_file/minstret_reg[10]/CLR
                            (removal check against rising-edge clock clk_out1_clk_wiz_0  {rise@0.000ns fall@8.929ns period=17.857ns})
  Path Group:             **async_default**
  Path Type:              Removal (Min at Fast Process Corner)
  Requirement:            0.000ns  (clk_out1_clk_wiz_0 rise@0.000ns - clk_out1_clk_wiz_0 rise@0.000ns)
  Data Path Delay:        0.358ns  (logic 0.141ns (39.388%)  route 0.217ns (60.612%))
  Logic Levels:           0  
  Clock Path Skew:        0.034ns (DCD - SCD - CPR)
    Destination Clock Delay (DCD):    -0.272ns
    Source Clock Delay      (SCD):    -0.502ns
    Clock Pessimism Removal (CPR):    0.196ns

    Location             Delay type                Incr(ns)  Path(ns)    Netlist Resource(s)
  -------------------------------------------------------------------    -------------------
                         (clock clk_out1_clk_wiz_0 rise edge)
                                                      0.000     0.000 r  
    R4                                                0.000     0.000 r  clk (IN)
                         net (fo=0)                   0.000     0.000    clk_gen/inst/clk_in1
    R4                   IBUF (Prop_ibuf_I_O)         0.243     0.243 r  clk_gen/inst/clkin1_ibufg/O
                         net (fo=1, routed)           0.440     0.683    clk_gen/inst/clk_in1_clk_wiz_0
    PLLE2_ADV_X1Y2       PLLE2_ADV (Prop_plle2_adv_CLKIN1_CLKOUT0)
                                                     -2.503    -1.819 r  clk_gen/inst/plle2_adv_inst/CLKOUT0
                         net (fo=1, routed)           0.546    -1.273    clk_gen/inst/clk_out1_clk_wiz_0
    BUFGCTRL_X0Y0        BUFG (Prop_bufg_I_O)         0.026    -1.247 r  clk_gen/inst/clkout1_buf/O
                         net (fo=4611, routed)        0.746    -0.502    clk_cpu
    SLICE_X37Y22         FDPE                                         r  reset_sync_reg[2]/C
  -------------------------------------------------------------------    -------------------
    SLICE_X37Y22         FDPE (Prop_fdpe_C_Q)         0.141    -0.361 f  reset_sync_reg[2]/Q
                         net (fo=2125, routed)        0.217    -0.144    rv64im72f_6sp/csr_file/Q[0]
    SLICE_X39Y21         FDCE                                         f  rv64im72f_6sp/csr_file/minstret_reg[10]/CLR
  -------------------------------------------------------------------    -------------------

                         (clock clk_out1_clk_wiz_0 rise edge)
                                                      0.000     0.000 r  
    R4                                                0.000     0.000 r  clk (IN)
                         net (fo=0)                   0.000     0.000    clk_gen/inst/clk_in1
    R4                   IBUF (Prop_ibuf_I_O)         0.431     0.431 r  clk_gen/inst/clkin1_ibufg/O
                         net (fo=1, routed)           0.481     0.912    clk_gen/inst/clk_in1_clk_wiz_0
    PLLE2_ADV_X1Y2       PLLE2_ADV (Prop_plle2_adv_CLKIN1_CLKOUT0)
                                                     -2.828    -1.916 r  clk_gen/inst/plle2_adv_inst/CLKOUT0
                         net (fo=1, routed)           0.595    -1.322    clk_gen/inst/clk_out1_clk_wiz_0
    BUFGCTRL_X0Y0        BUFG (Prop_bufg_I_O)         0.029    -1.293 r  clk_gen/inst/clkout1_buf/O
                         net (fo=4611, routed)        1.021    -0.272    rv64im72f_6sp/csr_file/clk_out1
    SLICE_X39Y21         FDCE                                         r  rv64im72f_6sp/csr_file/minstret_reg[10]/C
                         clock pessimism             -0.196    -0.468    
    SLICE_X39Y21         FDCE (Remov_fdce_C_CLR)     -0.092    -0.560    rv64im72f_6sp/csr_file/minstret_reg[10]
  -------------------------------------------------------------------
                         required time                          0.560    
                         arrival time                          -0.144    
  -------------------------------------------------------------------
                         slack                                  0.416    





