Copyright 1986-2022 Xilinx, Inc. All Rights Reserved. Copyright 2022-2025 Advanced Micro Devices, Inc. All Rights Reserved.
-------------------------------------------------------------------------------------------------------------------------------------------------------------------
| Tool Version     : Vivado v.2025.2 (lin64) Build 6299465 Fri Nov 14 12:34:56 MST 2025
| Date             : Tue Sep 22 17:24:55 2026
| Host             : khwl-ThinkPad-X1-Carbon-Gen-13 running 64-bit Ubuntu 24.04.4 LTS
| Command          : report_power -hier all -file /home/khwl/Desktop/RV-IM100/riscof-env/saif_recost/RV64IM_5SP_coremark/power_saif_hier.rpt
| Design           : RV64IM72F5SPSoCTOP
| Device           : xc7a200tsbg484-1
| Design State     : routed
| Grade            : commercial
| Process          : typical
| Characterization : Production
-------------------------------------------------------------------------------------------------------------------------------------------------------------------

Power Report

Table of Contents
-----------------
1. Summary
1.1 On-Chip Components
1.2 Power Supply Summary
1.3 Confidence Level
2. Settings
2.1 Environment
2.2 Clock Constraints
3. Detailed Reports
3.1 By Hierarchy

1. Summary
----------

+--------------------------+-------------------------------------------------------------------------------------------+
| Total On-Chip Power (W)  | 0.427                                                                                     |
| Design Power Budget (W)  | Unspecified*                                                                              |
| Power Budget Margin (W)  | NA                                                                                        |
| Dynamic (W)              | 0.274                                                                                     |
| Device Static (W)        | 0.152                                                                                     |
| Effective TJA (C/W)      | 3.3                                                                                       |
| Max Ambient (C)          | 83.6                                                                                      |
| Junction Temperature (C) | 26.4                                                                                      |
| Confidence Level         | High                                                                                      |
| Setting File             | ---                                                                                       |
| Simulation Activity File | /home/khwl/Desktop/RV-IM100/riscof-env/saif/RV64IM_5SP_coremark/kernel.saif |
| Design Nets Matched      | 79%   (35852/45254)                                                                       |
+--------------------------+-------------------------------------------------------------------------------------------+
* Specify Design Power Budget using, set_operating_conditions -design_power_budget <value in Watts>


1.1 On-Chip Components
----------------------

+--------------------------+-----------+----------+-----------+-----------------+
| On-Chip                  | Power (W) | Used     | Available | Utilization (%) |
+--------------------------+-----------+----------+-----------+-----------------+
| Clocks                   |     0.015 |        5 |       --- |             --- |
| Slice Logic              |     0.057 |    42381 |       --- |             --- |
|   LUT as Logic           |     0.053 |    18180 |    134600 |           13.51 |
|   F7/F8 Muxes            |     0.002 |    10608 |    134600 |            7.88 |
|   LUT as Distributed RAM |    <0.001 |     8280 |     46200 |           17.92 |
|   CARRY4                 |    <0.001 |      545 |     33650 |            1.62 |
|   Register               |    <0.001 |     3995 |    269200 |            1.48 |
|   Others                 |     0.000 |       37 |       --- |             --- |
| Signals                  |     0.095 |    19194 |       --- |             --- |
| PLL                      |     0.105 |        1 |        10 |           10.00 |
| DSPs                     |     0.000 |       20 |       740 |            2.70 |
| I/O                      |     0.002 |       12 |       285 |            4.21 |
| Static Power             |     0.152 |          |           |                 |
| Total                    |     0.427 |          |           |                 |
+--------------------------+-----------+----------+-----------+-----------------+


1.2 Power Supply Summary
------------------------

+-----------+-------------+-----------+-------------+------------+-------------+-------------+------------+
| Source    | Voltage (V) | Total (A) | Dynamic (A) | Static (A) | Powerup (A) | Budget (A)  | Margin (A) |
+-----------+-------------+-----------+-------------+------------+-------------+-------------+------------+
| Vccint    |       1.000 |     0.208 |       0.177 |      0.031 |       NA    | Unspecified | NA         |
| Vccaux    |       1.800 |     0.084 |       0.053 |      0.031 |       NA    | Unspecified | NA         |
| Vcco33    |       3.300 |     0.005 |       0.000 |      0.005 |       NA    | Unspecified | NA         |
| Vcco25    |       2.500 |     0.006 |       0.001 |      0.005 |       NA    | Unspecified | NA         |
| Vcco18    |       1.800 |     0.000 |       0.000 |      0.000 |       NA    | Unspecified | NA         |
| Vcco15    |       1.500 |     0.000 |       0.000 |      0.000 |       NA    | Unspecified | NA         |
| Vcco135   |       1.350 |     0.000 |       0.000 |      0.000 |       NA    | Unspecified | NA         |
| Vcco12    |       1.200 |     0.000 |       0.000 |      0.000 |       NA    | Unspecified | NA         |
| Vccaux_io |       1.800 |     0.000 |       0.000 |      0.000 |       NA    | Unspecified | NA         |
| Vccbram   |       1.000 |     0.001 |       0.000 |      0.001 |       NA    | Unspecified | NA         |
| MGTAVcc   |       1.000 |     0.000 |       0.000 |      0.000 |       NA    | Unspecified | NA         |
| MGTAVtt   |       1.200 |     0.000 |       0.000 |      0.000 |       NA    | Unspecified | NA         |
| Vccadc    |       1.800 |     0.020 |       0.000 |      0.020 |       NA    | Unspecified | NA         |
+-----------+-------------+-----------+-------------+------------+-------------+-------------+------------+


1.3 Confidence Level
--------------------

+-----------------------------+------------+------------------------------------------------+--------+
| User Input Data             | Confidence | Details                                        | Action |
+-----------------------------+------------+------------------------------------------------+--------+
| Design implementation state | High       | Design is routed                               |        |
| Clock nodes activity        | High       | User specified more than 95% of clocks         |        |
| I/O nodes activity          | High       | User specified more than 95% of inputs         |        |
| Internal nodes activity     | High       | User specified more than 25% of internal nodes |        |
| Device models               | High       | Device models are Production                   |        |
|                             |            |                                                |        |
| Overall confidence level    | High       |                                                |        |
+-----------------------------+------------+------------------------------------------------+--------+


2. Settings
-----------

2.1 Environment
---------------

+-----------------------+--------------------------+
| Ambient Temp (C)      | 25.0                     |
| ThetaJA (C/W)         | 3.3                      |
| Airflow (LFM)         | 250                      |
| Heat Sink             | medium (Medium Profile)  |
| ThetaSA (C/W)         | 4.6                      |
| Board Selection       | medium (10"x10")         |
| # of Board Layers     | 12to15 (12 to 15 Layers) |
| Board Temperature (C) | 25.0                     |
+-----------------------+--------------------------+


2.2 Clock Constraints
---------------------

+--------------------+---------------------------------+-----------------+
| Clock              | Domain                          | Constraint (ns) |
+--------------------+---------------------------------+-----------------+
| clk                | clk                             |            10.0 |
| clk_out1_clk_wiz_0 | clk_gen/inst/clk_out1_clk_wiz_0 |            26.3 |
| clkfbout_clk_wiz_0 | clk_gen/inst/clkfbout_clk_wiz_0 |            20.0 |
+--------------------+---------------------------------+-----------------+


3. Detailed Reports
-------------------

3.1 By Hierarchy
----------------

+------------------------+-----------+---------+-----------+------+--------+----------+------------+---------+-----------+-------+---------+------------+--------------+
| Name                   | Power (W) | Clock # | Clock (W) | Io # | Io (W) | Signal # | Signal (W) | Logic # | Logic (W) | Dsp # | Dsp (W) | Clock IP # | Clock IP (W) |
+------------------------+-----------+---------+-----------+------+--------+----------+------------+---------+-----------+-------+---------+------------+--------------+
| RV64IM72F5SPSoCTOP     |     0.274 |       5 |     0.015 |   12 |  0.002 |    19194 |      0.095 |   42381 |     0.057 |    20 |   0.000 |          1 |        0.105 |
|   clk_gen              |     0.106 |       5 |    <0.001 |    1 | <0.001 |        1 |      0.000 |       2 |     0.000 |     0 |   0.000 |          1 |        0.105 |
|     inst               |     0.106 |       5 |    <0.001 |    1 | <0.001 |        1 |      0.000 |       2 |     0.000 |     0 |   0.000 |          1 |        0.105 |
|   rv64im72f_5sp        |     0.166 |       5 |     0.014 |    0 |  0.000 |    19006 |      0.095 |   42216 |     0.057 |    20 |   0.000 |          0 |        0.000 |
|     alu                |     0.004 |       5 |     0.001 |    0 |  0.000 |     4334 |      0.002 |    4167 |     0.001 |    20 |   0.000 |          0 |        0.000 |
|       divider_dword    |     0.001 |       5 |    <0.001 |    0 |  0.000 |     1109 |     <0.001 |    1357 |    <0.001 |     0 |   0.000 |          0 |        0.000 |
|     data_memory        |     0.011 |       5 |     0.009 |    0 |  0.000 |     2368 |     <0.001 |   15168 |     0.001 |     0 |   0.000 |          0 |        0.000 |
|     ex_mem_register    |     0.076 |       5 |    <0.001 |    0 |  0.000 |     3300 |      0.067 |    5701 |     0.008 |     0 |   0.000 |          0 |        0.000 |
|     id_ex_register     |     0.018 |       5 |    <0.001 |    0 |  0.000 |     2838 |      0.012 |    3986 |     0.006 |     0 |   0.000 |          0 |        0.000 |
|     if_id_register     |     0.003 |       5 |    <0.001 |    0 |  0.000 |      358 |      0.002 |     704 |     0.001 |     0 |   0.000 |          0 |        0.000 |
|     instruction_memory |     0.036 |       5 |     0.000 |    0 |  0.000 |     2355 |      0.001 |    7608 |     0.035 |     0 |   0.000 |          0 |        0.000 |
|     mem_wb_register    |     0.004 |       5 |    <0.001 |    0 |  0.000 |      885 |      0.002 |     978 |     0.001 |     0 |   0.000 |          0 |        0.000 |
|     program_counter    |     0.012 |       5 |    <0.001 |    0 |  0.000 |     1342 |      0.009 |    2466 |     0.003 |     0 |   0.000 |          0 |        0.000 |
+------------------------+-----------+---------+-----------+------+--------+----------+------------+---------+-----------+-------+---------+------------+--------------+


