Copyright 1986-2022 Xilinx, Inc. All Rights Reserved. Copyright 2022-2025 Advanced Micro Devices, Inc. All Rights Reserved.
-------------------------------------------------------------------------------------------------------------------------------------------------------------------------------
| Tool Version     : Vivado v.2025.2 (lin64) Build 6299465 Fri Nov 14 12:34:56 MST 2025
| Date             : Tue Sep 22 17:29:00 2026
| Host             : khwl-ThinkPad-X1-Carbon-Gen-13 running 64-bit Ubuntu 24.04.4 LTS
| Command          : report_power -hier all -file /home/khwl/Desktop/RV-IM100/riscof-env/saif_recost/RV64IM_8SP_withoutOpt_dhrystone/power_saif_hier.rpt
| Design           : RV64IM72F8SPSoCTOP
| Device           : xc7a200tsbg484-1
| Design State     : routed
| Grade            : commercial
| Process          : typical
| Characterization : Production
-------------------------------------------------------------------------------------------------------------------------------------------------------------------------------

Power Report

Table of Contents
-----------------
1. Summary
1.1 On-Chip Components
1.2 Power Supply Summary
1.3 Confidence Level
2. Settings
2.1 Environment
2.2 Clock Constraints
3. Detailed Reports
3.1 By Hierarchy

1. Summary
----------

+--------------------------+-------------------------------------------------------------------------------------------------------+
| Total On-Chip Power (W)  | 0.410                                                                                                 |
| Design Power Budget (W)  | Unspecified*                                                                                          |
| Power Budget Margin (W)  | NA                                                                                                    |
| Dynamic (W)              | 0.257                                                                                                 |
| Device Static (W)        | 0.153                                                                                                 |
| Effective TJA (C/W)      | 3.3                                                                                                   |
| Max Ambient (C)          | 83.6                                                                                                  |
| Junction Temperature (C) | 26.4                                                                                                  |
| Confidence Level         | High                                                                                                  |
| Setting File             | ---                                                                                                   |
| Simulation Activity File | /home/khwl/Desktop/RV-IM100/riscof-env/saif/RV64IM_8SP_withoutOpt_dhrystone/kernel.saif |
| Design Nets Matched      | 69%   (13500/19617)                                                                                   |
+--------------------------+-------------------------------------------------------------------------------------------------------+
* Specify Design Power Budget using, set_operating_conditions -design_power_budget <value in Watts>


1.1 On-Chip Components
----------------------

+--------------------------+-----------+----------+-----------+-----------------+
| On-Chip                  | Power (W) | Used     | Available | Utilization (%) |
+--------------------------+-----------+----------+-----------+-----------------+
| Clocks                   |     0.021 |        8 |       --- |             --- |
| Slice Logic              |     0.034 |    16657 |       --- |             --- |
|   LUT as Logic           |     0.031 |     9253 |    134600 |            6.87 |
|   F7/F8 Muxes            |     0.001 |      905 |    134600 |            0.67 |
|   CARRY4                 |    <0.001 |      558 |     33650 |            1.66 |
|   Register               |    <0.001 |     5161 |    269200 |            1.92 |
|   LUT as Distributed RAM |    <0.001 |       88 |     46200 |            0.19 |
|   Others                 |     0.000 |       47 |       --- |             --- |
| Signals                  |     0.056 |    13825 |       --- |             --- |
| Block RAM                |     0.038 |       24 |       365 |            6.58 |
| PLL                      |     0.106 |        1 |        10 |           10.00 |
| DSPs                     |     0.000 |       20 |       740 |            2.70 |
| I/O                      |     0.003 |       12 |       285 |            4.21 |
| Static Power             |     0.153 |          |           |                 |
| Total                    |     0.410 |          |           |                 |
+--------------------------+-----------+----------+-----------+-----------------+


1.2 Power Supply Summary
------------------------

+-----------+-------------+-----------+-------------+------------+-------------+-------------+------------+
| Source    | Voltage (V) | Total (A) | Dynamic (A) | Static (A) | Powerup (A) | Budget (A)  | Margin (A) |
+-----------+-------------+-----------+-------------+------------+-------------+-------------+------------+
| Vccint    |       1.000 |     0.187 |       0.155 |      0.032 |       NA    | Unspecified | NA         |
| Vccaux    |       1.800 |     0.084 |       0.053 |      0.031 |       NA    | Unspecified | NA         |
| Vcco33    |       3.300 |     0.005 |       0.000 |      0.005 |       NA    | Unspecified | NA         |
| Vcco25    |       2.500 |     0.006 |       0.001 |      0.005 |       NA    | Unspecified | NA         |
| Vcco18    |       1.800 |     0.000 |       0.000 |      0.000 |       NA    | Unspecified | NA         |
| Vcco15    |       1.500 |     0.000 |       0.000 |      0.000 |       NA    | Unspecified | NA         |
| Vcco135   |       1.350 |     0.000 |       0.000 |      0.000 |       NA    | Unspecified | NA         |
| Vcco12    |       1.200 |     0.000 |       0.000 |      0.000 |       NA    | Unspecified | NA         |
| Vccaux_io |       1.800 |     0.000 |       0.000 |      0.000 |       NA    | Unspecified | NA         |
| Vccbram   |       1.000 |     0.005 |       0.003 |      0.001 |       NA    | Unspecified | NA         |
| MGTAVcc   |       1.000 |     0.000 |       0.000 |      0.000 |       NA    | Unspecified | NA         |
| MGTAVtt   |       1.200 |     0.000 |       0.000 |      0.000 |       NA    | Unspecified | NA         |
| Vccadc    |       1.800 |     0.020 |       0.000 |      0.020 |       NA    | Unspecified | NA         |
+-----------+-------------+-----------+-------------+------------+-------------+-------------+------------+


1.3 Confidence Level
--------------------

+-----------------------------+------------+------------------------------------------------+--------+
| User Input Data             | Confidence | Details                                        | Action |
+-----------------------------+------------+------------------------------------------------+--------+
| Design implementation state | High       | Design is routed                               |        |
| Clock nodes activity        | High       | User specified more than 95% of clocks         |        |
| I/O nodes activity          | High       | User specified more than 95% of inputs         |        |
| Internal nodes activity     | High       | User specified more than 25% of internal nodes |        |
| Device models               | High       | Device models are Production                   |        |
|                             |            |                                                |        |
| Overall confidence level    | High       |                                                |        |
+-----------------------------+------------+------------------------------------------------+--------+


2. Settings
-----------

2.1 Environment
---------------

+-----------------------+--------------------------+
| Ambient Temp (C)      | 25.0                     |
| ThetaJA (C/W)         | 3.3                      |
| Airflow (LFM)         | 250                      |
| Heat Sink             | medium (Medium Profile)  |
| ThetaSA (C/W)         | 4.6                      |
| Board Selection       | medium (10"x10")         |
| # of Board Layers     | 12to15 (12 to 15 Layers) |
| Board Temperature (C) | 25.0                     |
+-----------------------+--------------------------+


2.2 Clock Constraints
---------------------

+----------------------+---------------------------------+-----------------+
| Clock                | Domain                          | Constraint (ns) |
+----------------------+---------------------------------+-----------------+
| clk                  | clk                             |            10.0 |
| clk_out1_clk_wiz_0   | clk_gen/inst/clk_out1_clk_wiz_0 |            10.4 |
| clk_out1_clk_wiz_0_1 | clk_gen/inst/clk_out1_clk_wiz_0 |            10.4 |
| clkfbout_clk_wiz_0   | clk_gen/inst/clkfbout_clk_wiz_0 |            50.0 |
| clkfbout_clk_wiz_0_1 | clk_gen/inst/clkfbout_clk_wiz_0 |            50.0 |
| sys_clk_pin          | clk                             |            10.0 |
+----------------------+---------------------------------+-----------------+


3. Detailed Reports
-------------------

3.1 By Hierarchy
----------------

+------------------------+-----------+---------+-----------+------+--------+----------+------------+---------+-----------+--------+----------+-------+---------+------------+--------------+
| Name                   | Power (W) | Clock # | Clock (W) | Io # | Io (W) | Signal # | Signal (W) | Logic # | Logic (W) | Bram # | Bram (W) | Dsp # | Dsp (W) | Clock IP # | Clock IP (W) |
+------------------------+-----------+---------+-----------+------+--------+----------+------------+---------+-----------+--------+----------+-------+---------+------------+--------------+
| RV64IM72F8SPSoCTOP     |     0.257 |       8 |     0.021 |   12 |  0.003 |    13825 |      0.056 |   16657 |     0.034 |     24 |    0.038 |    20 |   0.000 |          1 |        0.106 |
|   clk_gen              |     0.106 |       8 |    <0.001 |    1 | <0.001 |        1 |      0.000 |       2 |     0.000 |      0 |    0.000 |     0 |   0.000 |          1 |        0.106 |
|     inst               |     0.106 |       8 |    <0.001 |    1 | <0.001 |        1 |      0.000 |       2 |     0.000 |      0 |    0.000 |     0 |   0.000 |          1 |        0.106 |
|   rv64im72f_6sp        |     0.147 |       8 |     0.020 |    0 |  0.000 |    13697 |      0.055 |   16493 |     0.034 |     24 |    0.038 |    20 |   0.000 |          0 |        0.000 |
|     alu                |     0.009 |       8 |     0.005 |    0 |  0.000 |     4423 |      0.003 |    4323 |     0.001 |      0 |    0.000 |    20 |   0.000 |          0 |        0.000 |
|       divider_dword    |     0.002 |       8 |     0.002 |    0 |  0.000 |     1039 |      0.000 |    1287 |    <0.001 |      0 |    0.000 |     0 |   0.000 |          0 |        0.000 |
|       multiplier_dword |     0.002 |       8 |     0.002 |    0 |  0.000 |     1838 |     <0.001 |    1157 |    <0.001 |      0 |    0.000 |    16 |   0.000 |          0 |        0.000 |
|       multiplier_word  |     0.002 |       8 |    <0.001 |    0 |  0.000 |      647 |     <0.001 |     244 |    <0.001 |      0 |    0.000 |     4 |   0.000 |          0 |        0.000 |
|     csr_file           |     0.002 |       8 |     0.001 |    0 |  0.000 |      611 |     <0.001 |     604 |    <0.001 |      0 |    0.000 |     0 |   0.000 |          0 |        0.000 |
|     data_memory        |     0.028 |       8 |    <0.001 |    0 |  0.000 |      154 |     <0.001 |     107 |    <0.001 |     16 |    0.027 |     0 |   0.000 |          0 |        0.000 |
|     ex_ex2_register    |     0.041 |       8 |     0.002 |    0 |  0.000 |     2015 |      0.021 |    4094 |     0.018 |      0 |    0.000 |     0 |   0.000 |          0 |        0.000 |
|     ex_mem_register    |     0.008 |       8 |     0.001 |    0 |  0.000 |      897 |      0.005 |     984 |     0.002 |      0 |    0.000 |     0 |   0.000 |          0 |        0.000 |
|     exception_detector |     0.001 |       8 |    <0.001 |    0 |  0.000 |      108 |     <0.001 |     114 |    <0.001 |      0 |    0.000 |     0 |   0.000 |          0 |        0.000 |
|     exr_ex_register    |     0.025 |       8 |     0.002 |    0 |  0.000 |     2385 |      0.014 |    2904 |     0.008 |      0 |    0.000 |     0 |   0.000 |          0 |        0.000 |
|     id_exr_register    |     0.004 |       8 |     0.002 |    0 |  0.000 |      629 |      0.002 |     629 |    <0.001 |      0 |    0.000 |     0 |   0.000 |          0 |        0.000 |
|     if_io_register     |     0.002 |       8 |    <0.001 |    0 |  0.000 |      405 |     <0.001 |     457 |    <0.001 |      0 |    0.000 |     0 |   0.000 |          0 |        0.000 |
|     instruction_memory |     0.012 |       8 |    <0.001 |    0 |  0.000 |      101 |     <0.001 |     103 |    <0.001 |      8 |    0.011 |     0 |   0.000 |          0 |        0.000 |
|     io_id_register     |     0.005 |       8 |    <0.001 |    0 |  0.000 |      327 |      0.003 |     499 |     0.001 |      0 |    0.000 |     0 |   0.000 |          0 |        0.000 |
|     mem_wb_register    |     0.006 |       8 |     0.001 |    0 |  0.000 |      799 |      0.003 |     805 |     0.001 |      0 |    0.000 |     0 |   0.000 |          0 |        0.000 |
|     register_file      |     0.001 |       8 |    <0.001 |    0 |  0.000 |      128 |     <0.001 |     177 |    <0.001 |      0 |    0.000 |     0 |   0.000 |          0 |        0.000 |
+------------------------+-----------+---------+-----------+------+--------+----------+------------+---------+-----------+--------+----------+-------+---------+------------+--------------+


