
*** Running vivado
    with args -log RV64IM72F8SPSoCTOP.vdi -applog -m64 -product Vivado -messageDb vivado.pb -mode batch -source RV64IM72F8SPSoCTOP.tcl -notrace


****** Vivado v2025.2 (64-bit)
  **** SW Build 6299465 on Fri Nov 14 12:34:56 MST 2025
  **** IP Build 6300035 on Fri Nov 14 10:48:45 MST 2025
  **** SharedData Build 6298862 on Thu Nov 13 04:50:51 MST 2025
  **** Start of session at: Fri Aug 21 18:08:20 2026
    ** Copyright 1986-2022 Xilinx, Inc. All Rights Reserved.
    ** Copyright 2022-2025 Advanced Micro Devices, Inc. All Rights Reserved.

source RV64IM72F8SPSoCTOP.tcl -notrace
Command: link_design -top RV64IM72F8SPSoCTOP -part xc7a200tsbg484-1
Design is defaulting to srcset: sources_1
Design is defaulting to constrset: constrs_1
INFO: [Device 21-403] Loading part xc7a200tsbg484-1
Netlist sorting complete. Time (s): cpu = 00:00:00.08 ; elapsed = 00:00:00.07 . Memory (MB): peak = 1791.238 ; gain = 0.000 ; free physical = 1618 ; free virtual = 26227
INFO: [Netlist 29-17] Analyzing 1640 Unisim elements for replacement
INFO: [Netlist 29-28] Unisim Transformation completed in 0 CPU seconds
INFO: [Project 1-479] Netlist was created with Vivado 2025.2
INFO: [Project 1-570] Preparing netlist for logic optimization
Parsing XDC File [/home/khwl/Desktop/claude_RV-IM100/RV64IM_8SP_withoutOpt/RV64IM_8SP_withoutOpt.srcs/constrs_1/imports/constraints/RV64IM72F_5SP_Debug_XDC.xdc]
Finished Parsing XDC File [/home/khwl/Desktop/claude_RV-IM100/RV64IM_8SP_withoutOpt/RV64IM_8SP_withoutOpt.srcs/constrs_1/imports/constraints/RV64IM72F_5SP_Debug_XDC.xdc]
INFO: [Opt 31-138] Pushed 0 inverter(s) to 0 load pin(s).
Netlist sorting complete. Time (s): cpu = 00:00:00 ; elapsed = 00:00:00 . Memory (MB): peak = 2004.656 ; gain = 0.000 ; free physical = 1489 ; free virtual = 26100
INFO: [Project 1-111] Unisim Transformation Summary:
  A total of 22 instances were transformed.
  RAM32M => RAM32M (RAMD32(x6), RAMS32(x2)): 22 instances

7 Infos, 0 Warnings, 0 Critical Warnings and 0 Errors encountered.
link_design completed successfully
link_design: Time (s): cpu = 00:00:06 ; elapsed = 00:00:06 . Memory (MB): peak = 2004.691 ; gain = 396.398 ; free physical = 1489 ; free virtual = 26100
Command: opt_design -directive Explore
INFO: [Vivado_Tcl 4-136] Directive used for opt_design is: Explore
Attempting to get a license for feature 'Implementation' and/or device 'xc7a200t'
INFO: [Common 17-349] Got license for feature 'Implementation' and/or device 'xc7a200t'
Running DRC as a precondition to command opt_design

Starting DRC Task
INFO: [DRC 23-27] Running DRC with 8 threads
INFO: [Project 1-461] DRC finished with 0 Errors
INFO: [Project 1-462] Please refer to the DRC report (report_drc) for more information.

Time (s): cpu = 00:00:02 ; elapsed = 00:00:00.56 . Memory (MB): peak = 2096.672 ; gain = 91.980 ; free physical = 1439 ; free virtual = 26050

Starting Logic Optimization Task

Phase 1 Initialization

Phase 1.1 Core Generation And Design Setup
Phase 1.1 Core Generation And Design Setup | Checksum: 23fd301d0

Time (s): cpu = 00:00:00.01 ; elapsed = 00:00:00.01 . Memory (MB): peak = 2403.484 ; gain = 0.000 ; free physical = 1100 ; free virtual = 25716

Phase 1.2 Setup Constraints And Sort Netlist
Phase 1.2 Setup Constraints And Sort Netlist | Checksum: 23fd301d0

Time (s): cpu = 00:00:00.02 ; elapsed = 00:00:00.02 . Memory (MB): peak = 2403.484 ; gain = 0.000 ; free physical = 1100 ; free virtual = 25716
Phase 1 Initialization | Checksum: 23fd301d0

Time (s): cpu = 00:00:00.02 ; elapsed = 00:00:00.02 . Memory (MB): peak = 2403.484 ; gain = 0.000 ; free physical = 1100 ; free virtual = 25716

Phase 2 Timer Update And Timing Data Collection

Phase 2.1 Detect if minReqCache needed
Phase 2.1 Detect if minReqCache needed | Checksum: 23fd301d0

Time (s): cpu = 00:00:00.03 ; elapsed = 00:00:00.03 . Memory (MB): peak = 2403.484 ; gain = 0.000 ; free physical = 1096 ; free virtual = 25712

Phase 2.2 Timer Update
INFO: [Timing 38-35] Done setting XDC timing constraints.
Phase 2.2 Timer Update | Checksum: 23fd301d0

Time (s): cpu = 00:00:07 ; elapsed = 00:00:06 . Memory (MB): peak = 2890.477 ; gain = 486.992 ; free physical = 677 ; free virtual = 25292

Phase 2.3 Timing Data Collection
Phase 2.3 Timing Data Collection | Checksum: 23fd301d0

Time (s): cpu = 00:00:07 ; elapsed = 00:00:06 . Memory (MB): peak = 2890.477 ; gain = 486.992 ; free physical = 677 ; free virtual = 25292
Phase 2 Timer Update And Timing Data Collection | Checksum: 23fd301d0

Time (s): cpu = 00:00:07 ; elapsed = 00:00:06 . Memory (MB): peak = 2890.477 ; gain = 486.992 ; free physical = 677 ; free virtual = 25292

Phase 3 Retarget
INFO: [Opt 31-1851] Number of loadless carry chains removed were: 0
INFO: [Opt 31-1834] Total Chains To Be Transformed Were: 0 AND Number of Transformed insts Created are: 0
INFO: [Opt 31-1566] Pulled 1 inverters resulting in an inversion of 2 pins
INFO: [Opt 31-138] Pushed 0 inverter(s) to 0 load pin(s).
INFO: [Opt 31-49] Retargeted 0 cell(s).
Phase 3 Retarget | Checksum: 1da164fff

Time (s): cpu = 00:00:08 ; elapsed = 00:00:06 . Memory (MB): peak = 2890.477 ; gain = 486.992 ; free physical = 677 ; free virtual = 25292
Retarget | Checksum: 1da164fff
INFO: [Opt 31-389] Phase Retarget created 0 cells and removed 3 cells

Phase 4 Constant propagation
INFO: [Opt 31-138] Pushed 0 inverter(s) to 0 load pin(s).
Phase 4 Constant propagation | Checksum: 21cfac488

Time (s): cpu = 00:00:08 ; elapsed = 00:00:06 . Memory (MB): peak = 2890.477 ; gain = 486.992 ; free physical = 677 ; free virtual = 25292
Constant propagation | Checksum: 21cfac488
INFO: [Opt 31-389] Phase Constant propagation created 0 cells and removed 0 cells

Phase 5 Sweep
INFO: [Constraints 18-11670] Building netlist checker database with flags, 0x8
Done building netlist checker database: Time (s): cpu = 00:00:00 ; elapsed = 00:00:00 . Memory (MB): peak = 2890.477 ; gain = 0.000 ; free physical = 677 ; free virtual = 25292
Phase 5 Sweep | Checksum: 178d91da0

Time (s): cpu = 00:00:08 ; elapsed = 00:00:06 . Memory (MB): peak = 2890.477 ; gain = 486.992 ; free physical = 677 ; free virtual = 25292
Sweep | Checksum: 178d91da0
INFO: [Opt 31-389] Phase Sweep created 7 cells and removed 0 cells

Phase 6 BUFG optimization
Phase 6 BUFG optimization | Checksum: 178d91da0

Time (s): cpu = 00:00:08 ; elapsed = 00:00:06 . Memory (MB): peak = 2922.492 ; gain = 519.008 ; free physical = 677 ; free virtual = 25292
BUFG optimization | Checksum: 178d91da0
INFO: [Opt 31-662] Phase BUFG optimization created 0 cells of which 0 are BUFGs and removed 0 cells.

Phase 7 Shift Register Optimization
INFO: [Opt 31-1064] SRL Remap converted 0 SRLs to 0 registers and converted 0 registers of register chains to 0 SRLs
Phase 7 Shift Register Optimization | Checksum: 178d91da0

Time (s): cpu = 00:00:08 ; elapsed = 00:00:06 . Memory (MB): peak = 2922.492 ; gain = 519.008 ; free physical = 677 ; free virtual = 25292
Shift Register Optimization | Checksum: 178d91da0
INFO: [Opt 31-389] Phase Shift Register Optimization created 0 cells and removed 0 cells
INFO: [Opt 31-1555] control_set_opt supports Versal devices only, and device 7a200t is unsupported

Phase 8 Post Processing Netlist
Phase 8 Post Processing Netlist | Checksum: 2175285e5

Time (s): cpu = 00:00:08 ; elapsed = 00:00:06 . Memory (MB): peak = 2922.492 ; gain = 519.008 ; free physical = 677 ; free virtual = 25292
Post Processing Netlist | Checksum: 2175285e5
INFO: [Opt 31-389] Phase Post Processing Netlist created 0 cells and removed 0 cells

Phase 9 Finalization

Phase 9.1 Finalizing Design Cores and Updating Shapes
Phase 9.1 Finalizing Design Cores and Updating Shapes | Checksum: 2973c1e9e

Time (s): cpu = 00:00:08 ; elapsed = 00:00:07 . Memory (MB): peak = 2922.492 ; gain = 519.008 ; free physical = 676 ; free virtual = 25292

Phase 9.2 Verifying Netlist Connectivity

Starting Connectivity Check Task

Time (s): cpu = 00:00:00.02 ; elapsed = 00:00:00.02 . Memory (MB): peak = 2922.492 ; gain = 0.000 ; free physical = 676 ; free virtual = 25292
Phase 9.2 Verifying Netlist Connectivity | Checksum: 2973c1e9e

Time (s): cpu = 00:00:08 ; elapsed = 00:00:07 . Memory (MB): peak = 2922.492 ; gain = 519.008 ; free physical = 676 ; free virtual = 25292
Phase 9 Finalization | Checksum: 2973c1e9e

Time (s): cpu = 00:00:08 ; elapsed = 00:00:07 . Memory (MB): peak = 2922.492 ; gain = 519.008 ; free physical = 676 ; free virtual = 25292
Opt_design Change Summary
=========================


-------------------------------------------------------------------------------------------------------------------------
|  Phase                        |  #Cells created  |  #Cells Removed  |  #Constrained objects preventing optimizations  |
-------------------------------------------------------------------------------------------------------------------------
|  Retarget                     |               0  |               3  |                                              0  |
|  Constant propagation         |               0  |               0  |                                              0  |
|  Sweep                        |               7  |               0  |                                              0  |
|  BUFG optimization            |               0  |               0  |                                              0  |
|  Shift Register Optimization  |               0  |               0  |                                              0  |
|  Post Processing Netlist      |               0  |               0  |                                              0  |
-------------------------------------------------------------------------------------------------------------------------


Ending Logic Optimization Task | Checksum: 2973c1e9e

Time (s): cpu = 00:00:08 ; elapsed = 00:00:07 . Memory (MB): peak = 2922.492 ; gain = 519.008 ; free physical = 676 ; free virtual = 25292
Netlist sorting complete. Time (s): cpu = 00:00:00.01 ; elapsed = 00:00:00 . Memory (MB): peak = 2922.492 ; gain = 0.000 ; free physical = 677 ; free virtual = 25292
INFO: [Common 17-83] Releasing license: Implementation
29 Infos, 0 Warnings, 0 Critical Warnings and 0 Errors encountered.
opt_design completed successfully
opt_design: Time (s): cpu = 00:00:13 ; elapsed = 00:00:10 . Memory (MB): peak = 2922.492 ; gain = 917.801 ; free physical = 677 ; free virtual = 25292
INFO: [Vivado 12-24828] Executing command : report_drc -file RV64IM72F8SPSoCTOP_drc_opted.rpt -pb RV64IM72F8SPSoCTOP_drc_opted.pb -rpx RV64IM72F8SPSoCTOP_drc_opted.rpx
Command: report_drc -file RV64IM72F8SPSoCTOP_drc_opted.rpt -pb RV64IM72F8SPSoCTOP_drc_opted.pb -rpx RV64IM72F8SPSoCTOP_drc_opted.rpx
INFO: [IP_Flow 19-234] Refreshing IP repositories
INFO: [IP_Flow 19-1704] No user IP repositories specified
INFO: [IP_Flow 19-2313] Loaded Vivado IP repository '/tools/Xilinx/2025.2/data/ip'.
INFO: [DRC 23-27] Running DRC with 8 threads
INFO: [Vivado_Tcl 2-168] The results of DRC are in file /home/khwl/Desktop/claude_RV-IM100/RV64IM_8SP_withoutOpt/RV64IM_8SP_withoutOpt.runs/impl_1/RV64IM72F8SPSoCTOP_drc_opted.rpt.
report_drc completed successfully
INFO: [Timing 38-480] Writing timing data to binary archive.
Wrote PlaceDB: Time (s): cpu = 00:00:00 ; elapsed = 00:00:00 . Memory (MB): peak = 2922.492 ; gain = 0.000 ; free physical = 667 ; free virtual = 25282
Wrote PulsedLatchDB: Time (s): cpu = 00:00:00 ; elapsed = 00:00:00 . Memory (MB): peak = 2922.492 ; gain = 0.000 ; free physical = 667 ; free virtual = 25282
Writing XDEF routing.
Write ShapeDB Complete: Time (s): cpu = 00:00:00.13 ; elapsed = 00:00:00.03 . Memory (MB): peak = 2922.492 ; gain = 0.000 ; free physical = 666 ; free virtual = 25282
Writing XDEF routing logical nets.
Writing XDEF routing special nets.
Wrote RouteStorage: Time (s): cpu = 00:00:00.2 ; elapsed = 00:00:00.05 . Memory (MB): peak = 2922.492 ; gain = 0.000 ; free physical = 666 ; free virtual = 25281
Wrote PlaceStorage: Time (s): cpu = 00:00:00.01 ; elapsed = 00:00:00 . Memory (MB): peak = 2922.492 ; gain = 0.000 ; free physical = 666 ; free virtual = 25281
Wrote Netlist Cache: Time (s): cpu = 00:00:00 ; elapsed = 00:00:00 . Memory (MB): peak = 2922.492 ; gain = 0.000 ; free physical = 666 ; free virtual = 25281
Wrote Device Cache: Time (s): cpu = 00:00:00.02 ; elapsed = 00:00:00.01 . Memory (MB): peak = 2922.492 ; gain = 0.000 ; free physical = 666 ; free virtual = 25282
Write Physdb Complete: Time (s): cpu = 00:00:00.25 ; elapsed = 00:00:00.06 . Memory (MB): peak = 2922.492 ; gain = 0.000 ; free physical = 666 ; free virtual = 25282
INFO: [Common 17-1381] The checkpoint '/home/khwl/Desktop/claude_RV-IM100/RV64IM_8SP_withoutOpt/RV64IM_8SP_withoutOpt.runs/impl_1/RV64IM72F8SPSoCTOP_opt.dcp' has been generated.
Command: place_design -directive Explore
Attempting to get a license for feature 'Implementation' and/or device 'xc7a200t'
INFO: [Common 17-349] Got license for feature 'Implementation' and/or device 'xc7a200t'
INFO: [Common 17-83] Releasing license: Implementation
INFO: [DRC 23-27] Running DRC with 8 threads
INFO: [Vivado_Tcl 4-198] DRC finished with 0 Errors
INFO: [Vivado_Tcl 4-199] Please refer to the DRC report (report_drc) for more information.
INFO: [Timing 38-35] Done setting XDC timing constraints.
INFO: [Vivado_Tcl 4-2302] The placer was invoked with the 'Explore' directive.
Running DRC as a precondition to command place_design
INFO: [DRC 23-27] Running DRC with 8 threads
INFO: [Vivado_Tcl 4-198] DRC finished with 0 Errors, 21 Warnings
INFO: [Vivado_Tcl 4-199] Please refer to the DRC report (report_drc) for more information.
INFO: [Place 30-611] Multithreading enabled for place_design using a maximum of 8 CPUs

Starting Placer Task

Phase 1 Placer Initialization

Phase 1.1 Placer Initialization Netlist Sorting
Netlist sorting complete. Time (s): cpu = 00:00:00 ; elapsed = 00:00:00.01 . Memory (MB): peak = 2922.492 ; gain = 0.000 ; free physical = 670 ; free virtual = 25282
Phase 1.1 Placer Initialization Netlist Sorting | Checksum: 1fc731d2b

Time (s): cpu = 00:00:00.01 ; elapsed = 00:00:00.01 . Memory (MB): peak = 2922.492 ; gain = 0.000 ; free physical = 670 ; free virtual = 25282
Netlist sorting complete. Time (s): cpu = 00:00:00 ; elapsed = 00:00:00 . Memory (MB): peak = 2922.492 ; gain = 0.000 ; free physical = 670 ; free virtual = 25282

Phase 1.2 IO Placement/ Clock Placement/ Build Placer Device
Phase 1.2 IO Placement/ Clock Placement/ Build Placer Device | Checksum: efb834e5

Time (s): cpu = 00:00:02 ; elapsed = 00:00:00.6 . Memory (MB): peak = 2922.492 ; gain = 0.000 ; free physical = 670 ; free virtual = 25282

Phase 1.3 Build Placer Netlist Model
Phase 1.3 Build Placer Netlist Model | Checksum: 14f79757b

Time (s): cpu = 00:00:09 ; elapsed = 00:00:03 . Memory (MB): peak = 2961.535 ; gain = 39.043 ; free physical = 669 ; free virtual = 25281

Phase 1.4 Constrain Clocks/Macros
Phase 1.4 Constrain Clocks/Macros | Checksum: 14f79757b

Time (s): cpu = 00:00:09 ; elapsed = 00:00:03 . Memory (MB): peak = 2961.535 ; gain = 39.043 ; free physical = 669 ; free virtual = 25281
Phase 1 Placer Initialization | Checksum: 14f79757b

Time (s): cpu = 00:00:10 ; elapsed = 00:00:03 . Memory (MB): peak = 2961.535 ; gain = 39.043 ; free physical = 669 ; free virtual = 25281

Phase 2 Global Placement

Phase 2.1 Floorplanning
Phase 2.1 Floorplanning | Checksum: 1e91c633c

Time (s): cpu = 00:00:14 ; elapsed = 00:00:04 . Memory (MB): peak = 2961.535 ; gain = 39.043 ; free physical = 683 ; free virtual = 25295

Phase 2.2 Update Timing before SLR Path Opt
Phase 2.2 Update Timing before SLR Path Opt | Checksum: 1aa7b5fcd

Time (s): cpu = 00:00:18 ; elapsed = 00:00:05 . Memory (MB): peak = 2961.535 ; gain = 39.043 ; free physical = 687 ; free virtual = 25299

Phase 2.3 Post-Processing in Floorplanning
Phase 2.3 Post-Processing in Floorplanning | Checksum: 12c5471af

Time (s): cpu = 00:00:18 ; elapsed = 00:00:05 . Memory (MB): peak = 2961.535 ; gain = 39.043 ; free physical = 687 ; free virtual = 25299

Phase 2.4 Global Place Phase1
Phase 2.4 Global Place Phase1 | Checksum: 18627e9be

Time (s): cpu = 00:00:59 ; elapsed = 00:00:17 . Memory (MB): peak = 2969.539 ; gain = 47.047 ; free physical = 668 ; free virtual = 25279

Phase 2.5 Global Place Phase2

Phase 2.5.1 UpdateTiming Before Physical Synthesis
Phase 2.5.1 UpdateTiming Before Physical Synthesis | Checksum: 2245fa7b5

Time (s): cpu = 00:01:04 ; elapsed = 00:00:18 . Memory (MB): peak = 2969.539 ; gain = 47.047 ; free physical = 668 ; free virtual = 25279

Phase 2.5.2 Physical Synthesis In Placer
INFO: [Physopt 32-1035] Found 0 LUTNM shape to break, 1436 LUT instances to create LUTNM shape
INFO: [Physopt 32-1044] Break lutnm for timing: one critical 0, two critical 0, total 0, new lutff created 0
INFO: [Physopt 32-1138] End 1 Pass. Optimized 588 nets or LUTs. Breaked 0 LUT, combined 588 existing LUTs and moved 0 existing LUT
INFO: [Physopt 32-1408] Pass 1. Identified 1 candidate net for high-fanout optimization.
INFO: [Physopt 32-81] Processed net internal_reset. Replicated 13 times.
INFO: [Physopt 32-232] Optimized 1 net. Created 13 new instances.
INFO: [Physopt 32-775] End 1 Pass. Optimized 1 net or cell. Created 13 new cells, deleted 0 existing cell and moved 0 existing cell
Netlist sorting complete. Time (s): cpu = 00:00:00.03 ; elapsed = 00:00:00.04 . Memory (MB): peak = 2969.539 ; gain = 0.000 ; free physical = 665 ; free virtual = 25277
INFO: [Physopt 32-457] Pass 1. Identified 4 candidate cells for DSP register optimization.
INFO: [Physopt 32-665] Processed cell rv64im72f_6sp/alu/multiplier_dword/mult_ALBL__2. 47 registers were pushed out.
INFO: [Physopt 32-665] Processed cell rv64im72f_6sp/alu/multiplier_dword/mult_ALBH__2. 47 registers were pushed out.
INFO: [Physopt 32-665] Processed cell rv64im72f_6sp/alu/multiplier_dword/mult_AHBL__2. 47 registers were pushed out.
INFO: [Physopt 32-665] Processed cell rv64im72f_6sp/alu/multiplier_dword/mult_ALBL__0. 30 registers were pushed out.
INFO: [Physopt 32-775] End 2 Pass. Optimized 4 nets or cells. Created 171 new cells, deleted 0 existing cell and moved 0 existing cell
Netlist sorting complete. Time (s): cpu = 00:00:00.02 ; elapsed = 00:00:00.01 . Memory (MB): peak = 2969.539 ; gain = 0.000 ; free physical = 665 ; free virtual = 25277
INFO: [Physopt 32-1123] No candidate cells found for Shift Register to Pipeline optimization
INFO: [Physopt 32-775] End 2 Pass. Optimized 0 net or cell. Created 0 new cell, deleted 0 existing cell and moved 0 existing cell
INFO: [Physopt 32-1401] No candidate cells found for Shift Register optimization.
INFO: [Physopt 32-677] No candidate cells for Shift Register optimization found in the design
INFO: [Physopt 32-775] End 1 Pass. Optimized 0 net or cell. Created 0 new cell, deleted 0 existing cell and moved 0 existing cell
INFO: [Physopt 32-526] No candidate cells for BRAM register optimization found in the design
INFO: [Physopt 32-775] End 1 Pass. Optimized 0 net or cell. Created 0 new cell, deleted 0 existing cell and moved 0 existing cell
INFO: [Physopt 32-846] No candidate cells for URAM register optimization found in the design
INFO: [Physopt 32-775] End 1 Pass. Optimized 0 net or cell. Created 0 new cell, deleted 0 existing cell and moved 0 existing cell
INFO: [Physopt 32-846] No candidate cells for URAM register optimization found in the design
INFO: [Physopt 32-775] End 1 Pass. Optimized 0 net or cell. Created 0 new cell, deleted 0 existing cell and moved 0 existing cell
INFO: [Physopt 32-949] No candidate nets found for dynamic/static region interface net replication
INFO: [Physopt 32-775] End 1 Pass. Optimized 0 net or cell. Created 0 new cell, deleted 0 existing cell and moved 0 existing cell
Netlist sorting complete. Time (s): cpu = 00:00:00 ; elapsed = 00:00:00 . Memory (MB): peak = 2969.539 ; gain = 0.000 ; free physical = 665 ; free virtual = 25277

Summary of Physical Synthesis Optimizations
============================================


-----------------------------------------------------------------------------------------------------------------------------------------------------------
|  Optimization                                     |  Added Cells  |  Removed Cells  |  Optimized Cells/Nets  |  Dont Touch  |  Iterations  |  Elapsed   |
-----------------------------------------------------------------------------------------------------------------------------------------------------------
|  LUT Combining                                    |            0  |            588  |                   588  |           0  |           1  |  00:00:01  |
|  Retime                                           |            0  |              0  |                     0  |           0  |           1  |  00:00:00  |
|  Very High Fanout                                 |           13  |              0  |                     1  |           0  |           1  |  00:00:00  |
|  DSP Register                                     |          171  |              0  |                     4  |           0  |           1  |  00:00:00  |
|  Shift Register to Pipeline                       |            0  |              0  |                     0  |           0  |           1  |  00:00:00  |
|  Shift Register                                   |            0  |              0  |                     0  |           0  |           1  |  00:00:00  |
|  BRAM Register                                    |            0  |              0  |                     0  |           0  |           1  |  00:00:00  |
|  URAM Register                                    |            0  |              0  |                     0  |           0  |           1  |  00:00:00  |
|  Dynamic/Static Region Interface Net Replication  |            0  |              0  |                     0  |           0  |           1  |  00:00:00  |
|  Total                                            |          184  |            588  |                   593  |           0  |           9  |  00:00:01  |
-----------------------------------------------------------------------------------------------------------------------------------------------------------


Phase 2.5.2 Physical Synthesis In Placer | Checksum: 1d256644e

Time (s): cpu = 00:01:10 ; elapsed = 00:00:21 . Memory (MB): peak = 2969.539 ; gain = 47.047 ; free physical = 664 ; free virtual = 25276
Phase 2.5 Global Place Phase2 | Checksum: ef691bea

Time (s): cpu = 00:01:12 ; elapsed = 00:00:22 . Memory (MB): peak = 2969.539 ; gain = 47.047 ; free physical = 665 ; free virtual = 25277
Phase 2 Global Placement | Checksum: ef691bea

Time (s): cpu = 00:01:12 ; elapsed = 00:00:22 . Memory (MB): peak = 2969.539 ; gain = 47.047 ; free physical = 665 ; free virtual = 25277

Phase 3 Detail Placement

Phase 3.1 Commit Multi Column Macros
Phase 3.1 Commit Multi Column Macros | Checksum: 14d12c845

Time (s): cpu = 00:01:17 ; elapsed = 00:00:23 . Memory (MB): peak = 2969.539 ; gain = 47.047 ; free physical = 666 ; free virtual = 25278

Phase 3.2 Commit Most Macros & LUTRAMs
Phase 3.2 Commit Most Macros & LUTRAMs | Checksum: 22867f44e

Time (s): cpu = 00:01:25 ; elapsed = 00:00:25 . Memory (MB): peak = 2969.539 ; gain = 47.047 ; free physical = 668 ; free virtual = 25280

Phase 3.3 Area Swap Optimization
Phase 3.3 Area Swap Optimization | Checksum: 1cd5af329

Time (s): cpu = 00:01:26 ; elapsed = 00:00:25 . Memory (MB): peak = 2969.539 ; gain = 47.047 ; free physical = 668 ; free virtual = 25280

Phase 3.4 Pipeline Register Optimization
Phase 3.4 Pipeline Register Optimization | Checksum: 188f7f3f5

Time (s): cpu = 00:01:26 ; elapsed = 00:00:25 . Memory (MB): peak = 2969.539 ; gain = 47.047 ; free physical = 668 ; free virtual = 25280

Phase 3.5 Fast Optimization
Phase 3.5 Fast Optimization | Checksum: 241794689

Time (s): cpu = 00:01:36 ; elapsed = 00:00:28 . Memory (MB): peak = 2969.539 ; gain = 47.047 ; free physical = 667 ; free virtual = 25279

Phase 3.6 Small Shape Detail Placement
Phase 3.6 Small Shape Detail Placement | Checksum: 1370b4e6b

Time (s): cpu = 00:01:45 ; elapsed = 00:00:35 . Memory (MB): peak = 2969.539 ; gain = 47.047 ; free physical = 667 ; free virtual = 25279

Phase 3.7 Re-assign LUT pins
Phase 3.7 Re-assign LUT pins | Checksum: 1965fef46

Time (s): cpu = 00:01:46 ; elapsed = 00:00:36 . Memory (MB): peak = 2969.539 ; gain = 47.047 ; free physical = 667 ; free virtual = 25278

Phase 3.8 Pipeline Register Optimization
Phase 3.8 Pipeline Register Optimization | Checksum: 16b661ee6

Time (s): cpu = 00:01:46 ; elapsed = 00:00:36 . Memory (MB): peak = 2969.539 ; gain = 47.047 ; free physical = 667 ; free virtual = 25278
Phase 3 Detail Placement | Checksum: 16b661ee6

Time (s): cpu = 00:01:46 ; elapsed = 00:00:36 . Memory (MB): peak = 2969.539 ; gain = 47.047 ; free physical = 666 ; free virtual = 25278

Phase 4 Post Placement Optimization and Clean-Up

Phase 4.1 Post Commit Optimization
INFO: [Timing 38-35] Done setting XDC timing constraints.

Phase 4.1.1 Post Placement Optimization
Post Placement Optimization Initialization | Checksum: 247a5701f

Phase 4.1.1.1 BUFG Insertion

Starting Physical Synthesis Task

Phase 1 Physical Synthesis Initialization
INFO: [Physopt 32-721] Multithreading enabled for phys_opt_design using a maximum of 8 CPUs
INFO: [Physopt 32-619] Estimated Timing Summary | WNS=-1.307 | TNS=-44.892 |
Phase 1 Physical Synthesis Initialization | Checksum: 170684b57

Time (s): cpu = 00:00:00.75 ; elapsed = 00:00:00.19 . Memory (MB): peak = 2969.539 ; gain = 0.000 ; free physical = 661 ; free virtual = 25273
INFO: [Place 46-56] BUFG insertion identified 0 candidate nets. Inserted BUFG: 0, Replicated BUFG Driver: 0, Skipped due to Placement/Routing Conflicts: 0, Skipped due to Timing Degradation: 0, Skipped due to netlist editing failed: 0.
Ending Physical Synthesis Task | Checksum: 1d0df1e4e

Time (s): cpu = 00:00:00.89 ; elapsed = 00:00:00.27 . Memory (MB): peak = 2969.539 ; gain = 0.000 ; free physical = 661 ; free virtual = 25273
Phase 4.1.1.1 BUFG Insertion | Checksum: 247a5701f

Time (s): cpu = 00:01:59 ; elapsed = 00:00:39 . Memory (MB): peak = 2969.539 ; gain = 47.047 ; free physical = 661 ; free virtual = 25273

Phase 4.1.1.2 Post Placement Timing Optimization
INFO: [Place 30-746] Post Placement Timing Summary WNS=0.298. For the most accurate timing information please run report_timing.
Phase 4.1.1.2 Post Placement Timing Optimization | Checksum: 1525981cd

Time (s): cpu = 00:03:30 ; elapsed = 00:01:53 . Memory (MB): peak = 2969.539 ; gain = 47.047 ; free physical = 642 ; free virtual = 25256

Time (s): cpu = 00:03:30 ; elapsed = 00:01:53 . Memory (MB): peak = 2969.539 ; gain = 47.047 ; free physical = 642 ; free virtual = 25256
Phase 4.1 Post Commit Optimization | Checksum: 1525981cd

Time (s): cpu = 00:03:30 ; elapsed = 00:01:53 . Memory (MB): peak = 2969.539 ; gain = 47.047 ; free physical = 642 ; free virtual = 25256

Phase 4.2 Post Placement Cleanup
Phase 4.2 Post Placement Cleanup | Checksum: 1525981cd

Time (s): cpu = 00:03:30 ; elapsed = 00:01:53 . Memory (MB): peak = 2969.539 ; gain = 47.047 ; free physical = 642 ; free virtual = 25256

Phase 4.3 Placer Reporting

Phase 4.3.1 Print Estimated Congestion
INFO: [Place 30-612] Post-Placement Estimated Congestion 
 ____________________________________________________
|           | Global Congestion | Short Congestion  |
| Direction | Region Size       | Region Size       |
|___________|___________________|___________________|
|      North|                1x1|                8x8|
|___________|___________________|___________________|
|      South|                1x1|                4x4|
|___________|___________________|___________________|
|       East|                8x8|              16x16|
|___________|___________________|___________________|
|       West|                1x1|                2x2|
|___________|___________________|___________________|

Phase 4.3.1 Print Estimated Congestion | Checksum: 1525981cd

Time (s): cpu = 00:03:31 ; elapsed = 00:01:53 . Memory (MB): peak = 2969.539 ; gain = 47.047 ; free physical = 642 ; free virtual = 25255
Phase 4.3 Placer Reporting | Checksum: 1525981cd

Time (s): cpu = 00:03:31 ; elapsed = 00:01:53 . Memory (MB): peak = 2969.539 ; gain = 47.047 ; free physical = 642 ; free virtual = 25255

Phase 4.4 Final Placement Cleanup
Netlist sorting complete. Time (s): cpu = 00:00:00 ; elapsed = 00:00:00 . Memory (MB): peak = 2969.539 ; gain = 0.000 ; free physical = 642 ; free virtual = 25255

Time (s): cpu = 00:03:31 ; elapsed = 00:01:53 . Memory (MB): peak = 2969.539 ; gain = 47.047 ; free physical = 642 ; free virtual = 25255
Phase 4 Post Placement Optimization and Clean-Up | Checksum: 20b531413

Time (s): cpu = 00:03:31 ; elapsed = 00:01:53 . Memory (MB): peak = 2969.539 ; gain = 47.047 ; free physical = 642 ; free virtual = 25255
Ending Placer Task | Checksum: 18264e1e9

Time (s): cpu = 00:03:31 ; elapsed = 00:01:53 . Memory (MB): peak = 2969.539 ; gain = 47.047 ; free physical = 643 ; free virtual = 25255
80 Infos, 0 Warnings, 0 Critical Warnings and 0 Errors encountered.
place_design completed successfully
place_design: Time (s): cpu = 00:03:35 ; elapsed = 00:01:54 . Memory (MB): peak = 2969.539 ; gain = 47.047 ; free physical = 643 ; free virtual = 25255
INFO: [Vivado 12-24838] Running report commands "report_control_sets, report_io, report_utilization" in parallel.
Running report generation with 3 threads.
INFO: [Vivado 12-24828] Executing command : report_control_sets -verbose -file RV64IM72F8SPSoCTOP_control_sets_placed.rpt
report_control_sets: Time (s): cpu = 00:00:00.3 ; elapsed = 00:00:00.17 . Memory (MB): peak = 2969.539 ; gain = 0.000 ; free physical = 626 ; free virtual = 25239
INFO: [Vivado 12-24828] Executing command : report_io -file RV64IM72F8SPSoCTOP_io_placed.rpt
report_io: Time (s): cpu = 00:00:00.45 ; elapsed = 00:00:00.28 . Memory (MB): peak = 2969.539 ; gain = 0.000 ; free physical = 614 ; free virtual = 25227
INFO: [Vivado 12-24828] Executing command : report_utilization -file RV64IM72F8SPSoCTOP_utilization_placed.rpt -pb RV64IM72F8SPSoCTOP_utilization_placed.pb
INFO: [Timing 38-480] Writing timing data to binary archive.
Wrote PlaceDB: Time (s): cpu = 00:00:00 ; elapsed = 00:00:00 . Memory (MB): peak = 2969.539 ; gain = 0.000 ; free physical = 601 ; free virtual = 25214
Wrote PulsedLatchDB: Time (s): cpu = 00:00:00 ; elapsed = 00:00:00 . Memory (MB): peak = 2969.539 ; gain = 0.000 ; free physical = 601 ; free virtual = 25214
Writing XDEF routing.
Writing XDEF routing logical nets.
Write ShapeDB Complete: Time (s): cpu = 00:00:00.24 ; elapsed = 00:00:00.05 . Memory (MB): peak = 2969.539 ; gain = 0.000 ; free physical = 599 ; free virtual = 25213
Writing XDEF routing special nets.
Wrote RouteStorage: Time (s): cpu = 00:00:00.23 ; elapsed = 00:00:00.05 . Memory (MB): peak = 2969.539 ; gain = 0.000 ; free physical = 599 ; free virtual = 25213
Wrote PlaceStorage: Time (s): cpu = 00:00:01 ; elapsed = 00:00:00.55 . Memory (MB): peak = 2969.539 ; gain = 0.000 ; free physical = 577 ; free virtual = 25205
Wrote Netlist Cache: Time (s): cpu = 00:00:00.02 ; elapsed = 00:00:00.02 . Memory (MB): peak = 2969.539 ; gain = 0.000 ; free physical = 577 ; free virtual = 25206
Wrote Device Cache: Time (s): cpu = 00:00:00.01 ; elapsed = 00:00:00.01 . Memory (MB): peak = 2969.539 ; gain = 0.000 ; free physical = 577 ; free virtual = 25207
Write Physdb Complete: Time (s): cpu = 00:00:02 ; elapsed = 00:00:00.63 . Memory (MB): peak = 2969.539 ; gain = 0.000 ; free physical = 577 ; free virtual = 25207
INFO: [Common 17-1381] The checkpoint '/home/khwl/Desktop/claude_RV-IM100/RV64IM_8SP_withoutOpt/RV64IM_8SP_withoutOpt.runs/impl_1/RV64IM72F8SPSoCTOP_placed.dcp' has been generated.
Command: phys_opt_design -directive Explore
Attempting to get a license for feature 'Implementation' and/or device 'xc7a200t'
INFO: [Common 17-349] Got license for feature 'Implementation' and/or device 'xc7a200t'
INFO: [Vivado_Tcl 4-137] Directive used for phys_opt_design is: Explore

Starting Initial Update Timing Task

Time (s): cpu = 00:00:13 ; elapsed = 00:00:02 . Memory (MB): peak = 2969.539 ; gain = 0.000 ; free physical = 553 ; free virtual = 25172
INFO: [Vivado_Tcl 4-2279] Estimated Timing Summary | WNS= 0.298 | TNS= 0.000 | 
INFO: [Vivado_Tcl 4-383] Design worst setup slack (WNS) is greater than or equal to 0.000 ns. All physical synthesis setup optimizations will be skipped.
INFO: [Vivado_Tcl 4-232] No setup violation found. The netlist was not modified.
INFO: [Common 17-83] Releasing license: Implementation
92 Infos, 0 Warnings, 0 Critical Warnings and 0 Errors encountered.
phys_opt_design completed successfully
INFO: [Timing 38-480] Writing timing data to binary archive.
Wrote PlaceDB: Time (s): cpu = 00:00:00 ; elapsed = 00:00:00 . Memory (MB): peak = 2969.539 ; gain = 0.000 ; free physical = 553 ; free virtual = 25172
Wrote PulsedLatchDB: Time (s): cpu = 00:00:00 ; elapsed = 00:00:00 . Memory (MB): peak = 2969.539 ; gain = 0.000 ; free physical = 553 ; free virtual = 25172
Writing XDEF routing.
Writing XDEF routing logical nets.
Write ShapeDB Complete: Time (s): cpu = 00:00:00.18 ; elapsed = 00:00:00.04 . Memory (MB): peak = 2969.539 ; gain = 0.000 ; free physical = 551 ; free virtual = 25170
Writing XDEF routing special nets.
Wrote RouteStorage: Time (s): cpu = 00:00:00.22 ; elapsed = 00:00:00.05 . Memory (MB): peak = 2969.539 ; gain = 0.000 ; free physical = 551 ; free virtual = 25170
Wrote PlaceStorage: Time (s): cpu = 00:00:01 ; elapsed = 00:00:00.52 . Memory (MB): peak = 2969.539 ; gain = 0.000 ; free physical = 546 ; free virtual = 25179
Wrote Netlist Cache: Time (s): cpu = 00:00:00.01 ; elapsed = 00:00:00.02 . Memory (MB): peak = 2969.539 ; gain = 0.000 ; free physical = 544 ; free virtual = 25179
Wrote Device Cache: Time (s): cpu = 00:00:00.01 ; elapsed = 00:00:00 . Memory (MB): peak = 2969.539 ; gain = 0.000 ; free physical = 542 ; free virtual = 25177
Write Physdb Complete: Time (s): cpu = 00:00:01 ; elapsed = 00:00:00.6 . Memory (MB): peak = 2969.539 ; gain = 0.000 ; free physical = 542 ; free virtual = 25177
INFO: [Common 17-1381] The checkpoint '/home/khwl/Desktop/claude_RV-IM100/RV64IM_8SP_withoutOpt/RV64IM_8SP_withoutOpt.runs/impl_1/RV64IM72F8SPSoCTOP_physopt.dcp' has been generated.
Command: route_design -directive Explore -tns_cleanup
Attempting to get a license for feature 'Implementation' and/or device 'xc7a200t'
INFO: [Common 17-349] Got license for feature 'Implementation' and/or device 'xc7a200t'


Starting Routing Task
INFO: [Route 35-270] Using Router directive 'Explore'.
INFO: [Route 35-254] Multithreading enabled for route_design using a maximum of 8 CPUs

Phase 1 Build RT Design
Checksum: PlaceDB: d607829 ConstDB: 0 ShapeSum: dce97e5c RouteDB: 981aeb64
Post Restoration Checksum: NetGraph: 2817a7da | NumContArr: 6274985c | Constraints: c2a8fa9d | Timing: c2a8fa9d
Phase 1 Build RT Design | Checksum: 20fde3570

Time (s): cpu = 00:01:03 ; elapsed = 00:00:41 . Memory (MB): peak = 3028.590 ; gain = 59.051 ; free physical = 437 ; free virtual = 25060

Phase 2 Router Initialization

Phase 2.1 Fix Topology Constraints
Phase 2.1 Fix Topology Constraints | Checksum: 20fde3570

Time (s): cpu = 00:01:04 ; elapsed = 00:00:42 . Memory (MB): peak = 3028.590 ; gain = 59.051 ; free physical = 443 ; free virtual = 25066

Phase 2.2 Pre Route Cleanup
Phase 2.2 Pre Route Cleanup | Checksum: 20fde3570

Time (s): cpu = 00:01:04 ; elapsed = 00:00:42 . Memory (MB): peak = 3028.590 ; gain = 59.051 ; free physical = 443 ; free virtual = 25066
 Number of Nodes with overlaps = 0

Phase 2.3 Update Timing
Phase 2.3 Update Timing | Checksum: 2f93f057e

Time (s): cpu = 00:01:23 ; elapsed = 00:00:47 . Memory (MB): peak = 3096.348 ; gain = 126.809 ; free physical = 447 ; free virtual = 25070
INFO: [Route 35-416] Intermediate Timing Summary | WNS=0.346  | TNS=0.000  | WHS=-0.203 | THS=-51.100|


Phase 2.4 Soft Constraint Pins - Fast Budgeting
Phase 2.4 Soft Constraint Pins - Fast Budgeting | Checksum: 2c15512c4

Time (s): cpu = 00:01:27 ; elapsed = 00:00:48 . Memory (MB): peak = 3096.348 ; gain = 126.809 ; free physical = 445 ; free virtual = 25068

Router Utilization Summary
  Global Vertical Routing Utilization    = 0 %
  Global Horizontal Routing Utilization  = 0 %
  Routable Net Status*
  *Does not include unroutable nets such as driverless and loadless.
  Run report_route_status for detailed report.
  Number of Failed Nets               = 14963
    (Failed Nets is the sum of unrouted and partially routed nets)
  Number of Unrouted Nets             = 14963
  Number of Partially Routed Nets     = 0
  Number of Node Overlaps             = 0

Phase 2 Router Initialization | Checksum: 2e4b83199

Time (s): cpu = 00:01:29 ; elapsed = 00:00:48 . Memory (MB): peak = 3114.824 ; gain = 145.285 ; free physical = 421 ; free virtual = 25043

Phase 3 Global Routing
Phase 3 Global Routing | Checksum: 2e4b83199

Time (s): cpu = 00:01:29 ; elapsed = 00:00:48 . Memory (MB): peak = 3114.824 ; gain = 145.285 ; free physical = 420 ; free virtual = 25043

Phase 4 Initial Routing

Phase 4.1 Initial Net Routing Pass
Phase 4.1 Initial Net Routing Pass | Checksum: 1b3d6eca5

Time (s): cpu = 00:01:37 ; elapsed = 00:00:50 . Memory (MB): peak = 3114.824 ; gain = 145.285 ; free physical = 418 ; free virtual = 25041
Phase 4 Initial Routing | Checksum: 1b3d6eca5

Time (s): cpu = 00:01:38 ; elapsed = 00:00:51 . Memory (MB): peak = 3114.824 ; gain = 145.285 ; free physical = 418 ; free virtual = 25041

Phase 5 Rip-up And Reroute

Phase 5.1 Global Iteration 0
 Number of Nodes with overlaps = 6790
 Number of Nodes with overlaps = 2594
 Number of Nodes with overlaps = 1244
 Number of Nodes with overlaps = 638
 Number of Nodes with overlaps = 328
 Number of Nodes with overlaps = 211
 Number of Nodes with overlaps = 95
 Number of Nodes with overlaps = 36
 Number of Nodes with overlaps = 20
 Number of Nodes with overlaps = 12
 Number of Nodes with overlaps = 6
 Number of Nodes with overlaps = 2
 Number of Nodes with overlaps = 4
 Number of Nodes with overlaps = 2
 Number of Nodes with overlaps = 0
INFO: [Route 35-416] Intermediate Timing Summary | WNS=-0.704 | TNS=-13.496| WHS=N/A    | THS=N/A    |

Phase 5.1 Global Iteration 0 | Checksum: 1c9ffc77b

Time (s): cpu = 00:04:32 ; elapsed = 00:02:01 . Memory (MB): peak = 3122.824 ; gain = 153.285 ; free physical = 399 ; free virtual = 25028

Phase 5.2 Global Iteration 1
 Number of Nodes with overlaps = 548
 Number of Nodes with overlaps = 351
 Number of Nodes with overlaps = 179
 Number of Nodes with overlaps = 93
 Number of Nodes with overlaps = 88
 Number of Nodes with overlaps = 65
 Number of Nodes with overlaps = 24
 Number of Nodes with overlaps = 25
 Number of Nodes with overlaps = 8
 Number of Nodes with overlaps = 6
 Number of Nodes with overlaps = 6
 Number of Nodes with overlaps = 13
 Number of Nodes with overlaps = 7
 Number of Nodes with overlaps = 5
 Number of Nodes with overlaps = 0
INFO: [Route 35-416] Intermediate Timing Summary | WNS=-0.350 | TNS=-3.196 | WHS=N/A    | THS=N/A    |

Phase 5.2 Global Iteration 1 | Checksum: 1c17eb202

Time (s): cpu = 00:05:41 ; elapsed = 00:02:38 . Memory (MB): peak = 3122.824 ; gain = 153.285 ; free physical = 403 ; free virtual = 25026

Phase 5.3 Global Iteration 2
 Number of Nodes with overlaps = 736
 Number of Nodes with overlaps = 245
 Number of Nodes with overlaps = 143
 Number of Nodes with overlaps = 97
 Number of Nodes with overlaps = 75
 Number of Nodes with overlaps = 28
 Number of Nodes with overlaps = 25
 Number of Nodes with overlaps = 27
 Number of Nodes with overlaps = 25
 Number of Nodes with overlaps = 10
 Number of Nodes with overlaps = 7
 Number of Nodes with overlaps = 6
 Number of Nodes with overlaps = 5
 Number of Nodes with overlaps = 8
 Number of Nodes with overlaps = 5
 Number of Nodes with overlaps = 4
 Number of Nodes with overlaps = 2
 Number of Nodes with overlaps = 0
INFO: [Route 35-416] Intermediate Timing Summary | WNS=-0.383 | TNS=-4.444 | WHS=N/A    | THS=N/A    |

Phase 5.3 Global Iteration 2 | Checksum: 20fb429ac

Time (s): cpu = 00:06:44 ; elapsed = 00:03:15 . Memory (MB): peak = 3122.824 ; gain = 153.285 ; free physical = 397 ; free virtual = 25020
Phase 5 Rip-up And Reroute | Checksum: 20fb429ac

Time (s): cpu = 00:06:44 ; elapsed = 00:03:15 . Memory (MB): peak = 3122.824 ; gain = 153.285 ; free physical = 397 ; free virtual = 25020

Phase 6 Delay and Skew Optimization

Phase 6.1 TNS Cleanup

Phase 6.1.1 Delay CleanUp

Phase 6.1.1.1 Update Timing
Phase 6.1.1.1 Update Timing | Checksum: 23e32d823

Time (s): cpu = 00:06:47 ; elapsed = 00:03:15 . Memory (MB): peak = 3122.824 ; gain = 153.285 ; free physical = 396 ; free virtual = 25019
INFO: [Route 35-416] Intermediate Timing Summary | WNS=-0.254 | TNS=-1.373 | WHS=N/A    | THS=N/A    |

 Number of Nodes with overlaps = 0

Phase 6.1.1.2 Update Timing
Phase 6.1.1.2 Update Timing | Checksum: 23248ae4b

Time (s): cpu = 00:06:49 ; elapsed = 00:03:16 . Memory (MB): peak = 3122.824 ; gain = 153.285 ; free physical = 391 ; free virtual = 25014
INFO: [Route 35-416] Intermediate Timing Summary | WNS=-0.254 | TNS=-1.357 | WHS=N/A    | THS=N/A    |

 Number of Nodes with overlaps = 0

Phase 6.1.1.3 Update Timing
Phase 6.1.1.3 Update Timing | Checksum: 1f2869483

Time (s): cpu = 00:06:50 ; elapsed = 00:03:16 . Memory (MB): peak = 3122.824 ; gain = 153.285 ; free physical = 391 ; free virtual = 25014
INFO: [Route 35-416] Intermediate Timing Summary | WNS=-0.254 | TNS=-1.357 | WHS=N/A    | THS=N/A    |

 Number of Nodes with overlaps = 0

Phase 6.1.1.4 Update Timing
Phase 6.1.1.4 Update Timing | Checksum: 1dc15ae26

Time (s): cpu = 00:06:51 ; elapsed = 00:03:17 . Memory (MB): peak = 3122.824 ; gain = 153.285 ; free physical = 375 ; free virtual = 24998
INFO: [Route 35-416] Intermediate Timing Summary | WNS=-0.254 | TNS=-1.357 | WHS=N/A    | THS=N/A    |

Phase 6.1.1 Delay CleanUp | Checksum: 26b5d6ade

Time (s): cpu = 00:06:52 ; elapsed = 00:03:17 . Memory (MB): peak = 3122.824 ; gain = 153.285 ; free physical = 367 ; free virtual = 24990
Phase 6.1 TNS Cleanup | Checksum: 26b5d6ade

Time (s): cpu = 00:06:52 ; elapsed = 00:03:17 . Memory (MB): peak = 3122.824 ; gain = 153.285 ; free physical = 367 ; free virtual = 24990

Phase 6.2 Clock Skew Optimization
Phase 6.2 Clock Skew Optimization | Checksum: 26b5d6ade

Time (s): cpu = 00:06:52 ; elapsed = 00:03:17 . Memory (MB): peak = 3122.824 ; gain = 153.285 ; free physical = 367 ; free virtual = 24990
Phase 6 Delay and Skew Optimization | Checksum: 26b5d6ade

Time (s): cpu = 00:06:52 ; elapsed = 00:03:17 . Memory (MB): peak = 3122.824 ; gain = 153.285 ; free physical = 367 ; free virtual = 24990

Phase 7 Post Hold Fix

Phase 7.1 Hold Fix Iter
INFO: [Route 35-416] Intermediate Timing Summary | WNS=-0.254 | TNS=-1.357 | WHS=0.080  | THS=0.000  |

Phase 7.1 Hold Fix Iter | Checksum: 2834142b6

Time (s): cpu = 00:06:54 ; elapsed = 00:03:17 . Memory (MB): peak = 3122.824 ; gain = 153.285 ; free physical = 367 ; free virtual = 24990
Phase 7 Post Hold Fix | Checksum: 2834142b6

Time (s): cpu = 00:06:54 ; elapsed = 00:03:17 . Memory (MB): peak = 3122.824 ; gain = 153.285 ; free physical = 367 ; free virtual = 24990

Phase 8 Timing Verification

Phase 8.1 Update Timing
Phase 8.1 Update Timing | Checksum: 2834142b6

Time (s): cpu = 00:06:57 ; elapsed = 00:03:18 . Memory (MB): peak = 3122.824 ; gain = 153.285 ; free physical = 367 ; free virtual = 24990
INFO: [Route 35-416] Intermediate Timing Summary | WNS=-0.254 | TNS=-1.357 | WHS=0.080  | THS=0.000  |

Phase 8 Timing Verification | Checksum: 2834142b6

Time (s): cpu = 00:06:57 ; elapsed = 00:03:18 . Memory (MB): peak = 3122.824 ; gain = 153.285 ; free physical = 367 ; free virtual = 24990

Phase 9 Route finalize

Router Utilization Summary
  Global Vertical Routing Utilization    = 2.63434 %
  Global Horizontal Routing Utilization  = 3.29838 %
  Routable Net Status*
  *Does not include unroutable nets such as driverless and loadless.
  Run report_route_status for detailed report.
  Number of Failed Nets               = 0
    (Failed Nets is the sum of unrouted and partially routed nets)
  Number of Unrouted Nets             = 0
  Number of Partially Routed Nets     = 0
  Number of Node Overlaps             = 0


--GLOBAL Congestion:
Utilization threshold used for congestion level computation: 0.85
Congestion Report
North Dir 1x1 Area, Max Cong = 96.3964%, Congestion bounded by tiles (Lower Left Tile -> Upper Right Tile):
   INT_R_X17Y44 -> INT_R_X17Y44
   INT_R_X19Y35 -> INT_R_X19Y35
South Dir 2x2 Area, Max Cong = 88.964%, Congestion bounded by tiles (Lower Left Tile -> Upper Right Tile):
   INT_L_X20Y36 -> INT_R_X21Y37
East Dir 8x8 Area, Max Cong = 85.4779%, Congestion bounded by tiles (Lower Left Tile -> Upper Right Tile):
   INT_L_X16Y26 -> INT_R_X23Y33
West Dir 1x1 Area, Max Cong = 97.0588%, Congestion bounded by tiles (Lower Left Tile -> Upper Right Tile):
   INT_L_X18Y46 -> INT_L_X18Y46
   INT_L_X22Y43 -> INT_L_X22Y43
   INT_R_X23Y42 -> INT_R_X23Y42
   INT_L_X24Y42 -> INT_L_X24Y42
   INT_R_X23Y41 -> INT_R_X23Y41

------------------------------
Reporting congestion hotspots
------------------------------
Direction: North
----------------
Congested clusters found at Level 0
Effective congestion level: 0 Aspect Ratio: 1 Sparse Ratio: 1
Direction: South
----------------
Congested clusters found at Level 1
Effective congestion level: 2 Aspect Ratio: 0.5 Sparse Ratio: 0.5
Direction: East
----------------
Congested clusters found at Level 2
Effective congestion level: 3 Aspect Ratio: 0.666667 Sparse Ratio: 1.25
Direction: West
----------------
Congested clusters found at Level 0
Effective congestion level: 1 Aspect Ratio: 0.666667 Sparse Ratio: 1

Phase 9 Route finalize | Checksum: 2834142b6

Time (s): cpu = 00:06:57 ; elapsed = 00:03:18 . Memory (MB): peak = 3122.824 ; gain = 153.285 ; free physical = 367 ; free virtual = 24990

Phase 10 Verifying routed nets

 Verification completed successfully
Phase 10 Verifying routed nets | Checksum: 2834142b6

Time (s): cpu = 00:06:57 ; elapsed = 00:03:18 . Memory (MB): peak = 3122.824 ; gain = 153.285 ; free physical = 359 ; free virtual = 24982

Phase 11 Depositing Routes
Phase 11 Depositing Routes | Checksum: 2012a8bba

Time (s): cpu = 00:06:59 ; elapsed = 00:03:19 . Memory (MB): peak = 3122.824 ; gain = 153.285 ; free physical = 358 ; free virtual = 24981

Phase 12 Incr Placement Change
Netlist sorting complete. Time (s): cpu = 00:00:00 ; elapsed = 00:00:00.01 . Memory (MB): peak = 3122.824 ; gain = 0.000 ; free physical = 358 ; free virtual = 24981
INFO: [Place 30-746] Post Placement Timing Summary WNS=-0.154. For the most accurate timing information please run report_timing.
Ending IncrPlace Task | Checksum: 2a8bcf260

Time (s): cpu = 00:00:41 ; elapsed = 00:00:18 . Memory (MB): peak = 3122.824 ; gain = 0.000 ; free physical = 471 ; free virtual = 24993
Phase 12 Incr Placement Change | Checksum: 2a8bcf260

Time (s): cpu = 00:07:40 ; elapsed = 00:03:37 . Memory (MB): peak = 3122.824 ; gain = 153.285 ; free physical = 471 ; free virtual = 24993

Phase 13 Build RT Design
Checksum: PlaceDB: fa4e5d58 ConstDB: 0 ShapeSum: fb147940 RouteDB: b35a1bc8
Post Restoration Checksum: NetGraph: 8ae2265d | NumContArr: 70bb5bcd | Constraints: c2a8fa9d | Timing: c2a8fa9d
Phase 13 Build RT Design | Checksum: 280ef7764

Time (s): cpu = 00:07:57 ; elapsed = 00:03:40 . Memory (MB): peak = 3122.824 ; gain = 153.285 ; free physical = 471 ; free virtual = 24993

Phase 14 Router Initialization

Phase 14.1 Fix Topology Constraints
Phase 14.1 Fix Topology Constraints | Checksum: 280ef7764

Time (s): cpu = 00:07:57 ; elapsed = 00:03:40 . Memory (MB): peak = 3122.824 ; gain = 153.285 ; free physical = 471 ; free virtual = 24993

Phase 14.2 Pre Route Cleanup
Phase 14.2 Pre Route Cleanup | Checksum: 2c89d2cb8

Time (s): cpu = 00:07:57 ; elapsed = 00:03:40 . Memory (MB): peak = 3122.824 ; gain = 153.285 ; free physical = 471 ; free virtual = 24993
 Number of Nodes with overlaps = 0

Phase 14.3 Update Timing
Phase 14.3 Update Timing | Checksum: 3414d5d25

Time (s): cpu = 00:08:18 ; elapsed = 00:03:45 . Memory (MB): peak = 3122.824 ; gain = 153.285 ; free physical = 485 ; free virtual = 25007
INFO: [Route 35-416] Intermediate Timing Summary | WNS=-0.242 | TNS=-0.549 | WHS=-0.203 | THS=-50.933|


Phase 14.4 Soft Constraint Pins - Fast Budgeting
Phase 14.4 Soft Constraint Pins - Fast Budgeting | Checksum: 2f5cd9bef

Time (s): cpu = 00:08:23 ; elapsed = 00:03:46 . Memory (MB): peak = 3122.824 ; gain = 153.285 ; free physical = 487 ; free virtual = 25009

Router Utilization Summary
  Global Vertical Routing Utilization    = 2.62446 %
  Global Horizontal Routing Utilization  = 3.28579 %
  Routable Net Status*
  *Does not include unroutable nets such as driverless and loadless.
  Run report_route_status for detailed report.
  Number of Failed Nets               = 200
    (Failed Nets is the sum of unrouted and partially routed nets)
  Number of Unrouted Nets             = 97
  Number of Partially Routed Nets     = 103
  Number of Node Overlaps             = 0

Phase 14 Router Initialization | Checksum: 2f5cd9bef

Time (s): cpu = 00:08:25 ; elapsed = 00:03:46 . Memory (MB): peak = 3122.824 ; gain = 153.285 ; free physical = 483 ; free virtual = 25005

Phase 15 Global Routing
Phase 15 Global Routing | Checksum: 2f5cd9bef

Time (s): cpu = 00:08:25 ; elapsed = 00:03:46 . Memory (MB): peak = 3122.824 ; gain = 153.285 ; free physical = 483 ; free virtual = 25005

Phase 16 Initial Routing

Phase 16.1 Initial Net Routing Pass
Phase 16.1 Initial Net Routing Pass | Checksum: 20d072f5f

Time (s): cpu = 00:08:26 ; elapsed = 00:03:47 . Memory (MB): peak = 3122.824 ; gain = 153.285 ; free physical = 486 ; free virtual = 25007
Phase 16 Initial Routing | Checksum: 20d072f5f

Time (s): cpu = 00:08:26 ; elapsed = 00:03:47 . Memory (MB): peak = 3122.824 ; gain = 153.285 ; free physical = 486 ; free virtual = 25007
INFO: [Route 35-580] Design has 26 pins with tight setup and hold constraints.

The top 5 pins with tight setup and hold constraints:

+====================+===================+============================================+
| Launch Setup Clock | Launch Hold Clock | Pin                                        |
+====================+===================+============================================+
| sys_clk_pin        | sys_clk_pin       | rv64im72f_6sp/program_counter/pc_reg[21]/D |
| sys_clk_pin        | sys_clk_pin       | rv64im72f_6sp/program_counter/pc_reg[15]/D |
| sys_clk_pin        | sys_clk_pin       | rv64im72f_6sp/program_counter/pc_reg[16]/D |
| sys_clk_pin        | sys_clk_pin       | rv64im72f_6sp/program_counter/pc_reg[30]/D |
| sys_clk_pin        | sys_clk_pin       | rv64im72f_6sp/program_counter/pc_reg[27]/D |
+--------------------+-------------------+--------------------------------------------+

File with complete list of pins: tight_setup_hold_pins.txt


Phase 17 Rip-up And Reroute

Phase 17.1 Global Iteration 0
 Number of Nodes with overlaps = 1211
 Number of Nodes with overlaps = 1168
 Number of Nodes with overlaps = 795
 Number of Nodes with overlaps = 438
 Number of Nodes with overlaps = 240
 Number of Nodes with overlaps = 118
 Number of Nodes with overlaps = 89
 Number of Nodes with overlaps = 54
 Number of Nodes with overlaps = 25
 Number of Nodes with overlaps = 20
 Number of Nodes with overlaps = 12
 Number of Nodes with overlaps = 5
 Number of Nodes with overlaps = 7
 Number of Nodes with overlaps = 7
 Number of Nodes with overlaps = 3
 Number of Nodes with overlaps = 3
 Number of Nodes with overlaps = 0
INFO: [Route 35-416] Intermediate Timing Summary | WNS=-0.773 | TNS=-2.102 | WHS=N/A    | THS=N/A    |

Phase 17.1 Global Iteration 0 | Checksum: 2080ae589

Time (s): cpu = 00:10:30 ; elapsed = 00:04:56 . Memory (MB): peak = 3122.824 ; gain = 153.285 ; free physical = 489 ; free virtual = 25011

Phase 17.2 Global Iteration 1
 Number of Nodes with overlaps = 513
 Number of Nodes with overlaps = 338
 Number of Nodes with overlaps = 106
 Number of Nodes with overlaps = 69
 Number of Nodes with overlaps = 24
 Number of Nodes with overlaps = 19
 Number of Nodes with overlaps = 14
 Number of Nodes with overlaps = 7
 Number of Nodes with overlaps = 9
 Number of Nodes with overlaps = 6
 Number of Nodes with overlaps = 10
 Number of Nodes with overlaps = 3
 Number of Nodes with overlaps = 0
INFO: [Route 35-416] Intermediate Timing Summary | WNS=-0.546 | TNS=-3.411 | WHS=N/A    | THS=N/A    |

Phase 17.2 Global Iteration 1 | Checksum: 1e99cafc1

Time (s): cpu = 00:11:02 ; elapsed = 00:05:12 . Memory (MB): peak = 3122.824 ; gain = 153.285 ; free physical = 489 ; free virtual = 25011

Phase 17.3 Global Iteration 2
 Number of Nodes with overlaps = 477
 Number of Nodes with overlaps = 321
 Number of Nodes with overlaps = 163
 Number of Nodes with overlaps = 123
 Number of Nodes with overlaps = 81
 Number of Nodes with overlaps = 51
 Number of Nodes with overlaps = 44
 Number of Nodes with overlaps = 28
 Number of Nodes with overlaps = 17
 Number of Nodes with overlaps = 19
 Number of Nodes with overlaps = 6
 Number of Nodes with overlaps = 5
 Number of Nodes with overlaps = 2
 Number of Nodes with overlaps = 1
 Number of Nodes with overlaps = 1
 Number of Nodes with overlaps = 0
INFO: [Route 35-416] Intermediate Timing Summary | WNS=-0.566 | TNS=-1.061 | WHS=N/A    | THS=N/A    |

Phase 17.3 Global Iteration 2 | Checksum: 2a0c2bdf5

Time (s): cpu = 00:12:05 ; elapsed = 00:05:49 . Memory (MB): peak = 3122.824 ; gain = 153.285 ; free physical = 483 ; free virtual = 25005
Phase 17 Rip-up And Reroute | Checksum: 2a0c2bdf5

Time (s): cpu = 00:12:05 ; elapsed = 00:05:49 . Memory (MB): peak = 3122.824 ; gain = 153.285 ; free physical = 483 ; free virtual = 25005

Phase 18 Delay and Skew Optimization

Phase 18.1 TNS Cleanup

Phase 18.1.1 Delay CleanUp

Phase 18.1.1.1 Update Timing
Phase 18.1.1.1 Update Timing | Checksum: 1eb5e9d54

Time (s): cpu = 00:12:06 ; elapsed = 00:05:49 . Memory (MB): peak = 3122.824 ; gain = 153.285 ; free physical = 483 ; free virtual = 25005
INFO: [Route 35-416] Intermediate Timing Summary | WNS=-0.450 | TNS=-1.624 | WHS=N/A    | THS=N/A    |

 Number of Nodes with overlaps = 0

Phase 18.1.1.2 Update Timing
Phase 18.1.1.2 Update Timing | Checksum: 1c549fbbd

Time (s): cpu = 00:12:08 ; elapsed = 00:05:50 . Memory (MB): peak = 3122.824 ; gain = 153.285 ; free physical = 483 ; free virtual = 25005
INFO: [Route 35-416] Intermediate Timing Summary | WNS=-0.450 | TNS=-1.556 | WHS=N/A    | THS=N/A    |

 Number of Nodes with overlaps = 0

Phase 18.1.1.3 Update Timing
Phase 18.1.1.3 Update Timing | Checksum: 1f6488ed6

Time (s): cpu = 00:12:09 ; elapsed = 00:05:50 . Memory (MB): peak = 3122.824 ; gain = 153.285 ; free physical = 483 ; free virtual = 25005
INFO: [Route 35-416] Intermediate Timing Summary | WNS=-0.450 | TNS=-1.556 | WHS=N/A    | THS=N/A    |

Phase 18.1.1 Delay CleanUp | Checksum: 1e2579098

Time (s): cpu = 00:12:09 ; elapsed = 00:05:50 . Memory (MB): peak = 3122.824 ; gain = 153.285 ; free physical = 483 ; free virtual = 25005
Phase 18.1 TNS Cleanup | Checksum: 1e2579098

Time (s): cpu = 00:12:10 ; elapsed = 00:05:50 . Memory (MB): peak = 3122.824 ; gain = 153.285 ; free physical = 483 ; free virtual = 25005

Phase 18.2 Clock Skew Optimization
Phase 18.2 Clock Skew Optimization | Checksum: 1e2579098

Time (s): cpu = 00:12:10 ; elapsed = 00:05:50 . Memory (MB): peak = 3122.824 ; gain = 153.285 ; free physical = 483 ; free virtual = 25005
Phase 18 Delay and Skew Optimization | Checksum: 1e2579098

Time (s): cpu = 00:12:10 ; elapsed = 00:05:50 . Memory (MB): peak = 3122.824 ; gain = 153.285 ; free physical = 483 ; free virtual = 25005

Phase 19 Post Hold Fix

Phase 19.1 Hold Fix Iter
INFO: [Route 35-416] Intermediate Timing Summary | WNS=-0.450 | TNS=-1.556 | WHS=0.080  | THS=0.000  |

Phase 19.1 Hold Fix Iter | Checksum: 2555b3750

Time (s): cpu = 00:12:12 ; elapsed = 00:05:51 . Memory (MB): peak = 3122.824 ; gain = 153.285 ; free physical = 483 ; free virtual = 25005
Phase 19 Post Hold Fix | Checksum: 2555b3750

Time (s): cpu = 00:12:12 ; elapsed = 00:05:51 . Memory (MB): peak = 3122.824 ; gain = 153.285 ; free physical = 483 ; free virtual = 25005

Phase 20 Timing Verification

Phase 20.1 Update Timing
Phase 20.1 Update Timing | Checksum: 2555b3750

Time (s): cpu = 00:12:14 ; elapsed = 00:05:51 . Memory (MB): peak = 3122.824 ; gain = 153.285 ; free physical = 483 ; free virtual = 25005
INFO: [Route 35-416] Intermediate Timing Summary | WNS=-0.450 | TNS=-1.556 | WHS=0.080  | THS=0.000  |

Phase 20 Timing Verification | Checksum: 2555b3750

Time (s): cpu = 00:12:14 ; elapsed = 00:05:51 . Memory (MB): peak = 3122.824 ; gain = 153.285 ; free physical = 483 ; free virtual = 25005

Phase 21 Reset Design
INFO: [Route 35-307] 14967 nets already restored were skipped.
Post Restoration Checksum: NetGraph: e79526d7 | NumContArr: 65a58c26 | Constraints: c2a8fa9d | Timing: b27e9791

Phase 21.1 Create Timer
Phase 21.1 Create Timer | Checksum: 2c262452b

Time (s): cpu = 00:12:14 ; elapsed = 00:05:51 . Memory (MB): peak = 3122.824 ; gain = 153.285 ; free physical = 483 ; free virtual = 25005
Phase 21 Reset Design | Checksum: 2c262452b

Time (s): cpu = 00:12:26 ; elapsed = 00:05:53 . Memory (MB): peak = 3122.824 ; gain = 153.285 ; free physical = 481 ; free virtual = 25003

Phase 22 Post Process Routing
Phase 22 Post Process Routing | Checksum: 2c262452b

Time (s): cpu = 00:12:26 ; elapsed = 00:05:53 . Memory (MB): peak = 3122.824 ; gain = 153.285 ; free physical = 480 ; free virtual = 25002

Phase 23 Post Router Timing
INFO: [Route 35-20] Post Routing Timing Summary | WNS=-0.246 | TNS=-1.239 | WHS=0.080  | THS=0.000  |

Phase 23 Post Router Timing | Checksum: 25a726264

Time (s): cpu = 00:12:41 ; elapsed = 00:05:55 . Memory (MB): peak = 3122.824 ; gain = 153.285 ; free physical = 479 ; free virtual = 25001
WARNING: [Route 35-39] The design did not meet timing requirements. Please run report_timing_summary for detailed reports.
Resolution: Verify that the timing was met or had small violations at all previous steps (synthesis, placement, power_opt, and phys_opt). Run report_timing_summary and analyze individual timing paths.
INFO: [Route 35-253] TNS is the sum of the worst slack violation on every endpoint in the design. Review the paths with the biggest WNS violations in the timing reports and modify your constraints or your design to improve both WNS and TNS.
Total Elapsed time in route_design: 355.47 secs

Phase 24 Post-Route Event Processing
Phase 24 Post-Route Event Processing | Checksum: 1f2c67f4c

Time (s): cpu = 00:12:41 ; elapsed = 00:05:56 . Memory (MB): peak = 3122.824 ; gain = 153.285 ; free physical = 478 ; free virtual = 25001
INFO: [Route 35-16] Router Completed Successfully
Ending Routing Task | Checksum: 1f2c67f4c

Time (s): cpu = 00:12:41 ; elapsed = 00:05:56 . Memory (MB): peak = 3122.824 ; gain = 153.285 ; free physical = 478 ; free virtual = 25001

Routing Is Done.
INFO: [Common 17-83] Releasing license: Implementation
123 Infos, 1 Warnings, 0 Critical Warnings and 0 Errors encountered.
route_design completed successfully
route_design: Time (s): cpu = 00:12:42 ; elapsed = 00:05:56 . Memory (MB): peak = 3122.824 ; gain = 153.285 ; free physical = 477 ; free virtual = 24999
INFO: [Vivado 12-24828] Executing command : report_drc -file RV64IM72F8SPSoCTOP_drc_routed.rpt -pb RV64IM72F8SPSoCTOP_drc_routed.pb -rpx RV64IM72F8SPSoCTOP_drc_routed.rpx
Command: report_drc -file RV64IM72F8SPSoCTOP_drc_routed.rpt -pb RV64IM72F8SPSoCTOP_drc_routed.pb -rpx RV64IM72F8SPSoCTOP_drc_routed.rpx
INFO: [IP_Flow 19-1839] IP Catalog is up to date.
INFO: [DRC 23-27] Running DRC with 8 threads
INFO: [Vivado_Tcl 2-168] The results of DRC are in file /home/khwl/Desktop/claude_RV-IM100/RV64IM_8SP_withoutOpt/RV64IM_8SP_withoutOpt.runs/impl_1/RV64IM72F8SPSoCTOP_drc_routed.rpt.
report_drc completed successfully
INFO: [Vivado 12-24828] Executing command : report_methodology -file RV64IM72F8SPSoCTOP_methodology_drc_routed.rpt -pb RV64IM72F8SPSoCTOP_methodology_drc_routed.pb -rpx RV64IM72F8SPSoCTOP_methodology_drc_routed.rpx
Command: report_methodology -file RV64IM72F8SPSoCTOP_methodology_drc_routed.rpt -pb RV64IM72F8SPSoCTOP_methodology_drc_routed.pb -rpx RV64IM72F8SPSoCTOP_methodology_drc_routed.rpx
INFO: [Timing 38-35] Done setting XDC timing constraints.
INFO: [DRC 23-133] Running Methodology with 8 threads
INFO: [Vivado_Tcl 2-1520] The results of Report Methodology are in file /home/khwl/Desktop/claude_RV-IM100/RV64IM_8SP_withoutOpt/RV64IM_8SP_withoutOpt.runs/impl_1/RV64IM72F8SPSoCTOP_methodology_drc_routed.rpt.
report_methodology completed successfully
INFO: [Vivado 12-24828] Executing command : report_timing_summary -max_paths 10 -routable_nets -report_unconstrained -file RV64IM72F8SPSoCTOP_timing_summary_routed.rpt -pb RV64IM72F8SPSoCTOP_timing_summary_routed.pb -rpx RV64IM72F8SPSoCTOP_timing_summary_routed.rpx
INFO: [Timing 38-35] Done setting XDC timing constraints.
INFO: [Timing 38-91] UpdateTimingParams: Speed grade: -1, Delay Type: min_max.
INFO: [Timing 38-191] Multithreading enabled for timing update using a maximum of 8 CPUs
INFO: [Vivado 12-24838] Running report commands "report_bus_skew, report_incremental_reuse, report_route_status" in parallel.
Running report generation with 3 threads.
INFO: [Vivado 12-24828] Executing command : report_incremental_reuse -file RV64IM72F8SPSoCTOP_incremental_reuse_routed.rpt
INFO: [Vivado_Tcl 4-1062] Incremental flow is disabled. No incremental reuse Info to report.
INFO: [Vivado 12-24828] Executing command : report_bus_skew -warn_on_violation -file RV64IM72F8SPSoCTOP_bus_skew_routed.rpt -pb RV64IM72F8SPSoCTOP_bus_skew_routed.pb -rpx RV64IM72F8SPSoCTOP_bus_skew_routed.rpx
INFO: [Timing 38-91] UpdateTimingParams: Speed grade: -1, Delay Type: min_max.
INFO: [Timing 38-191] Multithreading enabled for timing update using a maximum of 8 CPUs
INFO: [Vivado 12-24828] Executing command : report_route_status -file RV64IM72F8SPSoCTOP_route_status.rpt -pb RV64IM72F8SPSoCTOP_route_status.pb
INFO: [Vivado 12-24828] Executing command : report_power -file RV64IM72F8SPSoCTOP_power_routed.rpt -pb RV64IM72F8SPSoCTOP_power_summary_routed.pb -rpx RV64IM72F8SPSoCTOP_power_routed.rpx
Command: report_power -file RV64IM72F8SPSoCTOP_power_routed.rpt -pb RV64IM72F8SPSoCTOP_power_summary_routed.pb -rpx RV64IM72F8SPSoCTOP_power_routed.rpx
Running Vector-less Activity Propagation...

Finished Running Vector-less Activity Propagation
143 Infos, 1 Warnings, 0 Critical Warnings and 0 Errors encountered.
report_power completed successfully
INFO: [Vivado 12-24828] Executing command : report_clock_utilization -file RV64IM72F8SPSoCTOP_clock_utilization_routed.rpt
generate_parallel_reports: Time (s): cpu = 00:00:40 ; elapsed = 00:00:11 . Memory (MB): peak = 3224.762 ; gain = 101.938 ; free physical = 426 ; free virtual = 24956
INFO: [Timing 38-480] Writing timing data to binary archive.
Wrote PlaceDB: Time (s): cpu = 00:00:00 ; elapsed = 00:00:00 . Memory (MB): peak = 3224.762 ; gain = 0.000 ; free physical = 426 ; free virtual = 24956
Wrote PulsedLatchDB: Time (s): cpu = 00:00:00 ; elapsed = 00:00:00 . Memory (MB): peak = 3224.762 ; gain = 0.000 ; free physical = 426 ; free virtual = 24956
Writing XDEF routing.
Writing XDEF routing logical nets.
Write ShapeDB Complete: Time (s): cpu = 00:00:00.28 ; elapsed = 00:00:00.06 . Memory (MB): peak = 3224.762 ; gain = 0.000 ; free physical = 425 ; free virtual = 24957
Writing XDEF routing special nets.
Wrote RouteStorage: Time (s): cpu = 00:00:02 ; elapsed = 00:00:00.38 . Memory (MB): peak = 3224.762 ; gain = 0.000 ; free physical = 421 ; free virtual = 24958
Wrote PlaceStorage: Time (s): cpu = 00:00:00.57 ; elapsed = 00:00:00.53 . Memory (MB): peak = 3224.762 ; gain = 0.000 ; free physical = 412 ; free virtual = 24960
Wrote Netlist Cache: Time (s): cpu = 00:00:00.02 ; elapsed = 00:00:00.02 . Memory (MB): peak = 3224.762 ; gain = 0.000 ; free physical = 410 ; free virtual = 24960
Wrote Device Cache: Time (s): cpu = 00:00:00 ; elapsed = 00:00:00.01 . Memory (MB): peak = 3224.762 ; gain = 0.000 ; free physical = 410 ; free virtual = 24960
Write Physdb Complete: Time (s): cpu = 00:00:02 ; elapsed = 00:00:00.94 . Memory (MB): peak = 3224.762 ; gain = 0.000 ; free physical = 410 ; free virtual = 24960
INFO: [Common 17-1381] The checkpoint '/home/khwl/Desktop/claude_RV-IM100/RV64IM_8SP_withoutOpt/RV64IM_8SP_withoutOpt.runs/impl_1/RV64IM72F8SPSoCTOP_routed.dcp' has been generated.
Command: phys_opt_design -directive Explore
Attempting to get a license for feature 'Implementation' and/or device 'xc7a200t'
INFO: [Common 17-349] Got license for feature 'Implementation' and/or device 'xc7a200t'
INFO: [Vivado_Tcl 4-241] Physical synthesis in post route mode 
INFO: [Vivado_Tcl 4-137] Directive used for phys_opt_design is: Explore
INFO: [Vivado_Tcl 4-1435] PhysOpt_Tcl_Interface Runtime Before Starting Physical Synthesis Task | CPU: 0.39s |  WALL: 0.39s
Netlist sorting complete. Time (s): cpu = 00:00:00 ; elapsed = 00:00:00 . Memory (MB): peak = 3224.762 ; gain = 0.000 ; free physical = 426 ; free virtual = 24962

Starting Physical Synthesis Task

Phase 1 Physical Synthesis Initialization
INFO: [Physopt 32-721] Multithreading enabled for phys_opt_design using a maximum of 8 CPUs
INFO: [Physopt 32-668] Current Timing Summary | WNS=-0.246 | TNS=-1.239 | WHS=0.080 | THS=0.000 |
Phase 1 Physical Synthesis Initialization | Checksum: 214a38cd4

Time (s): cpu = 00:00:10 ; elapsed = 00:00:02 . Memory (MB): peak = 3224.762 ; gain = 0.000 ; free physical = 426 ; free virtual = 24962

Phase 2 Critical Path Optimization
INFO: [Physopt 32-668] Current Timing Summary | WNS=-0.246 | TNS=-1.239 | WHS=0.080 | THS=0.000 |
INFO: [Physopt 32-953] Path group WNS did not improve. Path group: sys_clk_pin. Processed net: rv64im72f_6sp/ex_ex2_register/EX2_alu_zero.
INFO: [Physopt 32-703] Processed net rv64im72f_6sp/exr_ex_register/EX_opcode_reg[6]_0[2]. Clock skew was adjusted for instance rv64im72f_6sp/exr_ex_register/EX_opcode_reg[2].
INFO: [Physopt 32-952] Improved path group WNS = -0.195. Path group: sys_clk_pin. Processed net: rv64im72f_6sp/exr_ex_register/EX_opcode_reg[6]_0[2].
INFO: [Physopt 32-953] Path group WNS did not improve. Path group: sys_clk_pin. Processed net: rv64im72f_6sp/data_memory/memory_bank6_reg_1_0[17].
INFO: [Physopt 32-953] Path group WNS did not improve. Path group: sys_clk_pin. Processed net: rv64im72f_6sp/io_id_register/ID_instruction_reg[31]_0[1].
INFO: [Physopt 32-710] Processed net rv64im72f_6sp/exception_detector/cpu_clk_enable_reg_0. Critical path length was reduced through logic transformation on cell rv64im72f_6sp/exception_detector/memory_bank0_reg_0_i_2_comp.
INFO: [Physopt 32-952] Improved path group WNS = -0.154. Path group: sys_clk_pin. Processed net: rv64im72f_6sp/exception_detector/FSM_onehot_trap_handle_state_reg[0].
INFO: [Physopt 32-953] Path group WNS did not improve. Path group: sys_clk_pin. Processed net: rv64im72f_6sp/exr_ex_register/EX_opcode_reg[6]_0[1].
INFO: [Physopt 32-953] Path group WNS did not improve. Path group: sys_clk_pin. Processed net: rv64im72f_6sp/exr_ex_register/EX2_alu_zero_i_3_n_0.
INFO: [Physopt 32-953] Path group WNS did not improve. Path group: sys_clk_pin. Processed net: rv64im72f_6sp/alu/i___62_0[0].
INFO: [Physopt 32-953] Path group WNS did not improve. Path group: sys_clk_pin. Processed net: rv64im72f_6sp/alu/i___46_n_0.
INFO: [Physopt 32-953] Path group WNS did not improve. Path group: sys_clk_pin. Processed net: rv64im72f_6sp/exr_ex_register/EX_src_B_reg[0]_rep__1_0[18].
INFO: [Physopt 32-953] Path group WNS did not improve. Path group: sys_clk_pin. Processed net: rv64im72f_6sp/exr_ex_register/i___46_i_12_n_0.
INFO: [Physopt 32-953] Path group WNS did not improve. Path group: sys_clk_pin. Processed net: rv64im72f_6sp/exr_ex_register/i___46_i_25_n_0.
INFO: [Physopt 32-953] Path group WNS did not improve. Path group: sys_clk_pin. Processed net: rv64im72f_6sp/exr_ex_register/i___41_i_17_n_0.
INFO: [Physopt 32-952] Improved path group WNS = -0.138. Path group: sys_clk_pin. Processed net: rv64im72f_6sp/exr_ex_register/EX_funct3_reg[0]_4.
INFO: [Physopt 32-608] Optimized 1 net.  Swapped 19 pins.
INFO: [Physopt 32-952] Improved path group WNS = -0.103. Path group: sys_clk_pin. Processed net: rv64im72f_6sp/exr_ex_register/EX_funct3_reg[0]_5.
INFO: [Physopt 32-953] Path group WNS did not improve. Path group: sys_clk_pin. Processed net: rv64im72f_6sp/exr_ex_register/EX_funct3_reg[0]_4.
INFO: [Physopt 32-952] Improved path group WNS = -0.103. Path group: sys_clk_pin. Processed net: rv64im72f_6sp/exr_ex_register/alu_op[0].
INFO: [Physopt 32-953] Path group WNS did not improve. Path group: sys_clk_pin. Processed net: rv64im72f_6sp/exr_ex_register/alu_op[0].
INFO: [Physopt 32-953] Path group WNS did not improve. Path group: sys_clk_pin. Processed net: rv64im72f_6sp/exr_ex_register/i___66_i_12_n_0.
INFO: [Physopt 32-953] Path group WNS did not improve. Path group: sys_clk_pin. Processed net: rv64im72f_6sp/exr_ex_register/i___66_i_15_n_0.
INFO: [Physopt 32-953] Path group WNS did not improve. Path group: sys_clk_pin. Processed net: rv64im72f_6sp/exr_ex_register/EX_opcode_reg[1]_0.
INFO: [Physopt 32-953] Path group WNS did not improve. Path group: sys_clk_pin. Processed net: rv64im72f_6sp/exr_ex_register/alu_zero.
INFO: [Physopt 32-953] Path group WNS did not improve. Path group: sys_clk_pin. Processed net: clk_IBUF.
INFO: [Physopt 32-953] Path group WNS did not improve. Path group: sys_clk_pin. Processed net: rv64im72f_6sp/ex_ex2_register/EX2_alu_zero.
INFO: [Physopt 32-953] Path group WNS did not improve. Path group: sys_clk_pin. Processed net: rv64im72f_6sp/exr_ex_register/EX_opcode_reg[6]_0[1].
INFO: [Physopt 32-953] Path group WNS did not improve. Path group: sys_clk_pin. Processed net: rv64im72f_6sp/exr_ex_register/EX2_alu_zero_i_3_n_0.
INFO: [Physopt 32-953] Path group WNS did not improve. Path group: sys_clk_pin. Processed net: rv64im72f_6sp/alu/i___62_0[0].
INFO: [Physopt 32-953] Path group WNS did not improve. Path group: sys_clk_pin. Processed net: rv64im72f_6sp/alu/i___46_n_0.
INFO: [Physopt 32-953] Path group WNS did not improve. Path group: sys_clk_pin. Processed net: rv64im72f_6sp/exr_ex_register/EX_src_B_reg[0]_rep__1_0[18].
INFO: [Physopt 32-953] Path group WNS did not improve. Path group: sys_clk_pin. Processed net: rv64im72f_6sp/exr_ex_register/i___46_i_12_n_0.
INFO: [Physopt 32-953] Path group WNS did not improve. Path group: sys_clk_pin. Processed net: rv64im72f_6sp/exr_ex_register/i___46_i_25_n_0.
INFO: [Physopt 32-953] Path group WNS did not improve. Path group: sys_clk_pin. Processed net: rv64im72f_6sp/exr_ex_register/i___41_i_17_n_0.
INFO: [Physopt 32-953] Path group WNS did not improve. Path group: sys_clk_pin. Processed net: rv64im72f_6sp/exr_ex_register/EX_funct3_reg[0]_4.
INFO: [Physopt 32-953] Path group WNS did not improve. Path group: sys_clk_pin. Processed net: rv64im72f_6sp/exr_ex_register/alu_op[0].
INFO: [Physopt 32-953] Path group WNS did not improve. Path group: sys_clk_pin. Processed net: rv64im72f_6sp/exr_ex_register/i___66_i_12_n_0.
INFO: [Physopt 32-953] Path group WNS did not improve. Path group: sys_clk_pin. Processed net: rv64im72f_6sp/exr_ex_register/i___66_i_15_n_0.
INFO: [Physopt 32-953] Path group WNS did not improve. Path group: sys_clk_pin. Processed net: rv64im72f_6sp/exr_ex_register/EX_opcode_reg[1]_0.
INFO: [Physopt 32-953] Path group WNS did not improve. Path group: sys_clk_pin. Processed net: rv64im72f_6sp/exr_ex_register/alu_zero.
INFO: [Physopt 32-953] Path group WNS did not improve. Path group: sys_clk_pin. Processed net: clk_IBUF.
INFO: [Physopt 32-668] Current Timing Summary | WNS=-0.103 | TNS=-0.137 | WHS=0.080 | THS=0.000 |
Netlist sorting complete. Time (s): cpu = 00:00:00.01 ; elapsed = 00:00:00.01 . Memory (MB): peak = 3224.762 ; gain = 0.000 ; free physical = 405 ; free virtual = 24942
Phase 2 Critical Path Optimization | Checksum: 214a38cd4

Time (s): cpu = 00:03:32 ; elapsed = 00:02:07 . Memory (MB): peak = 3224.762 ; gain = 0.000 ; free physical = 405 ; free virtual = 24942
Netlist sorting complete. Time (s): cpu = 00:00:00 ; elapsed = 00:00:00 . Memory (MB): peak = 3224.762 ; gain = 0.000 ; free physical = 405 ; free virtual = 24942
INFO: [Physopt 32-669] Post Physical Optimization Timing Summary | WNS=-0.103 | TNS=-0.137 | WHS=0.080 | THS=0.000 |

Summary of Physical Synthesis Optimizations
============================================


-------------------------------------------------------------------------------------------------------------------------------------------------------------
|  Optimization   |  WNS Gain (ns)  |  TNS Gain (ns)  |  Added Cells  |  Removed Cells  |  Optimized Cells/Nets  |  Dont Touch  |  Iterations  |  Elapsed   |
-------------------------------------------------------------------------------------------------------------------------------------------------------------
|  Critical Path  |          0.144  |          1.102  |            0  |              0  |                     5  |           0  |           1  |  00:02:05  |
-------------------------------------------------------------------------------------------------------------------------------------------------------------


Netlist sorting complete. Time (s): cpu = 00:00:00 ; elapsed = 00:00:00.01 . Memory (MB): peak = 3224.762 ; gain = 0.000 ; free physical = 405 ; free virtual = 24942
Ending Physical Synthesis Task | Checksum: 11d8ff4b0

Time (s): cpu = 00:03:32 ; elapsed = 00:02:07 . Memory (MB): peak = 3224.762 ; gain = 0.000 ; free physical = 405 ; free virtual = 24942
INFO: [Common 17-83] Releasing license: Implementation
198 Infos, 1 Warnings, 0 Critical Warnings and 0 Errors encountered.
phys_opt_design completed successfully
phys_opt_design: Time (s): cpu = 00:03:32 ; elapsed = 00:02:07 . Memory (MB): peak = 3224.762 ; gain = 0.000 ; free physical = 405 ; free virtual = 24942
INFO: [Vivado 12-24828] Executing command : report_timing_summary -max_paths 10 -report_unconstrained -warn_on_violation -file RV64IM72F8SPSoCTOP_timing_summary_postroute_physopted.rpt -pb RV64IM72F8SPSoCTOP_timing_summary_postroute_physopted.pb -rpx RV64IM72F8SPSoCTOP_timing_summary_postroute_physopted.rpx
INFO: [Timing 38-91] UpdateTimingParams: Speed grade: -1, Delay Type: min_max.
INFO: [Timing 38-191] Multithreading enabled for timing update using a maximum of 8 CPUs
CRITICAL WARNING: [Timing 38-282] The design failed to meet the timing requirements. Please see the timing summary report for details on the timing violations.
INFO: [Vivado 12-24828] Executing command : report_bus_skew -warn_on_violation -file RV64IM72F8SPSoCTOP_bus_skew_postroute_physopted.rpt -pb RV64IM72F8SPSoCTOP_bus_skew_postroute_physopted.pb -rpx RV64IM72F8SPSoCTOP_bus_skew_postroute_physopted.rpx
INFO: [Timing 38-91] UpdateTimingParams: Speed grade: -1, Delay Type: min_max.
INFO: [Timing 38-191] Multithreading enabled for timing update using a maximum of 8 CPUs
INFO: [Timing 38-480] Writing timing data to binary archive.
Wrote PlaceDB: Time (s): cpu = 00:00:00 ; elapsed = 00:00:00 . Memory (MB): peak = 3224.762 ; gain = 0.000 ; free physical = 395 ; free virtual = 24933
Wrote PulsedLatchDB: Time (s): cpu = 00:00:00 ; elapsed = 00:00:00 . Memory (MB): peak = 3224.762 ; gain = 0.000 ; free physical = 395 ; free virtual = 24933
Writing XDEF routing.
Write ShapeDB Complete: Time (s): cpu = 00:00:00.17 ; elapsed = 00:00:00.04 . Memory (MB): peak = 3224.762 ; gain = 0.000 ; free physical = 395 ; free virtual = 24934
Writing XDEF routing logical nets.
Writing XDEF routing special nets.
Wrote RouteStorage: Time (s): cpu = 00:00:02 ; elapsed = 00:00:00.45 . Memory (MB): peak = 3224.762 ; gain = 0.000 ; free physical = 390 ; free virtual = 24936
Wrote PlaceStorage: Time (s): cpu = 00:00:00.53 ; elapsed = 00:00:00.54 . Memory (MB): peak = 3224.762 ; gain = 0.000 ; free physical = 376 ; free virtual = 24931
Wrote Netlist Cache: Time (s): cpu = 00:00:00.01 ; elapsed = 00:00:00.02 . Memory (MB): peak = 3224.762 ; gain = 0.000 ; free physical = 376 ; free virtual = 24933
Wrote Device Cache: Time (s): cpu = 00:00:00.01 ; elapsed = 00:00:00.01 . Memory (MB): peak = 3224.762 ; gain = 0.000 ; free physical = 376 ; free virtual = 24933
Write Physdb Complete: Time (s): cpu = 00:00:02 ; elapsed = 00:00:01 . Memory (MB): peak = 3224.762 ; gain = 0.000 ; free physical = 376 ; free virtual = 24933
INFO: [Common 17-1381] The checkpoint '/home/khwl/Desktop/claude_RV-IM100/RV64IM_8SP_withoutOpt/RV64IM_8SP_withoutOpt.runs/impl_1/RV64IM72F8SPSoCTOP_postroute_physopt.dcp' has been generated.
INFO: [Common 17-206] Exiting Vivado at Fri Aug 21 18:19:02 2026...
