Copyright 1986-2022 Xilinx, Inc. All Rights Reserved. Copyright 2022-2025 Advanced Micro Devices, Inc. All Rights Reserved.
---------------------------------------------------------------------------------------------------------------------------------------------
| Tool Version : Vivado v.2025.2 (lin64) Build 6299465 Fri Nov 14 12:34:56 MST 2025
| Date         : Tue Sep  8 07:19:19 2026
| Host         : khwl-ThinkPad-X1-Carbon-Gen-13 running 64-bit Ubuntu 24.04.4 LTS
| Command      : report_control_sets -verbose -file RV64IM72F8SPSoCTOP_control_sets_placed.rpt
| Design       : RV64IM72F8SPSoCTOP
| Device       : xc7a200t
---------------------------------------------------------------------------------------------------------------------------------------------

Control Set Information

Table of Contents
-----------------
1. Summary
2. Histogram
3. Flip-Flop Distribution
4. Detailed Control Set Information

1. Summary
----------

+----------------------------------------------------------+-------+
|                          Status                          | Count |
+----------------------------------------------------------+-------+
| Total control sets                                       |   120 |
|    Minimum number of control sets                        |    15 |
|    Addition due to synthesis replication                 |     0 |
|    Addition due to physical synthesis replication        |   105 |
| Unused register locations in slices containing registers |   471 |
+----------------------------------------------------------+-------+
* Control sets can be merged at opt_design using control_set_merge or merge_equivalent_drivers
** Run report_qor_suggestions for automated merging and remapping suggestions


2. Histogram
------------

+--------------------+-------+
|       Fanout       | Count |
+--------------------+-------+
| Total control sets |   120 |
| >= 0 to < 4        |    25 |
| >= 4 to < 6        |    10 |
| >= 6 to < 8        |     3 |
| >= 8 to < 10       |     9 |
| >= 10 to < 12      |     4 |
| >= 12 to < 14      |     3 |
| >= 14 to < 16      |     0 |
| >= 16              |    66 |
+--------------------+-------+
* Control sets can be remapped at either synth_design or opt_design


3. Flip-Flop Distribution
-------------------------

+--------------+-----------------------+------------------------+-----------------+--------------+
| Clock Enable | Synchronous Set/Reset | Asynchronous Set/Reset | Total Registers | Total Slices |
+--------------+-----------------------+------------------------+-----------------+--------------+
| No           | No                    | No                     |               8 |            6 |
| No           | No                    | Yes                    |              65 |           32 |
| No           | Yes                   | No                     |               0 |            0 |
| Yes          | No                    | No                     |              96 |           30 |
| Yes          | No                    | Yes                    |            2196 |          863 |
| Yes          | Yes                   | No                     |            2988 |          863 |
+--------------+-----------------------+------------------------+-----------------+--------------+


4. Detailed Control Set Information
-----------------------------------

+------------------------+------------------------------------------------------------------+-----------------------------------------------------------------+------------------+----------------+--------------+
|      Clock Signal      |                           Enable Signal                          |                         Set/Reset Signal                        | Slice Load Count | Bel Load Count | Bels / Slice |
+------------------------+------------------------------------------------------------------+-----------------------------------------------------------------+------------------+----------------+--------------+
|  clk_gen/inst/clk_out1 | rv64im72f_6sp/alu/divider_word/FSM_onehot_state[3]_i_1_n_0       | internal_reset_repN_4                                           |                1 |              1 |         1.00 |
|  clk_gen/inst/clk_out1 | rv64im72f_6sp/exr_ex_register/cpu_clk_enable_reg_2[0]            | internal_reset_repN_6                                           |                1 |              1 |         1.00 |
|  clk_gen/inst/clk_out1 | rv64im72f_6sp/exr_ex_register/cpu_clk_enable_reg_2[0]            | internal_reset_repN_8                                           |                1 |              1 |         1.00 |
|  clk_gen/inst/clk_out1 | rv64im72f_6sp/alu/multiplier_word/result_sign_s22_out            | internal_reset_repN_7                                           |                1 |              1 |         1.00 |
|  clk_gen/inst/clk_out1 | rv64im72f_6sp/csr_file/minstret[0]                               | internal_reset_repN_12                                          |                1 |              1 |         1.00 |
|  clk_gen/inst/clk_out1 | rv64im72f_6sp/exr_ex_register/cpu_clk_enable_reg_0[0]            | internal_reset_repN_9                                           |                1 |              1 |         1.00 |
|  clk_gen/inst/clk_out1 | rv64im72f_6sp/alu/divider_word/quotient_sign4_out                | internal_reset_repN_7                                           |                1 |              1 |         1.00 |
|  clk_gen/inst/clk_out1 | uart_tx/tx_i_1_n_0                                               | internal_reset_repN_13                                          |                1 |              1 |         1.00 |
|  clk_gen/inst/clk_out1 | rv64im72f_6sp/exr_ex_register/cpu_clk_enable_reg_0[0]            | internal_reset_repN_6                                           |                1 |              1 |         1.00 |
|  clk_gen/inst/clk_out1 | rv64im72f_6sp/alu/multiplier_dword/prod_high[63]_i_1_n_0         | internal_reset_repN_3                                           |                1 |              1 |         1.00 |
|  clk_gen/inst/clk_out1 |                                                                  | internal_reset_repN_1                                           |                1 |              1 |         1.00 |
|  clk_gen/inst/clk_out1 | rv64im72f_6sp/alu/multiplier_dword/FSM_onehot_stage[3]_i_1_n_0   | internal_reset_repN_3                                           |                1 |              1 |         1.00 |
|  clk_gen/inst/clk_out1 | rv64im72f_6sp/trap_controller/E[0]                               | internal_reset                                                  |                1 |              1 |         1.00 |
|  clk_gen/inst/clk_out1 |                                                                  | internal_reset_repN_11                                          |                1 |              1 |         1.00 |
|  clk_gen/inst/clk_out1 | rv64im72f_6sp/exr_ex_register/cpu_clk_enable_reg_0[0]            | internal_reset_repN_2                                           |                1 |              1 |         1.00 |
|  clk_gen/inst/clk_out1 | rv64im72f_6sp/alu/divider_word/bit_counter[5]_i_1_n_0            | internal_reset_repN_9                                           |                1 |              1 |         1.00 |
|  clk_gen/inst/clk_out1 | rv64im72f_6sp/exr_ex_register/cpu_clk_enable_reg_0[0]            | internal_reset_repN                                             |                1 |              2 |         2.00 |
|  clk_gen/inst/clk_out1 | rv64im72f_6sp/exr_ex_register/cpu_clk_enable_reg_2[0]            | internal_reset_repN                                             |                2 |              2 |         1.00 |
|  clk_gen/inst/clk_out1 | rv64im72f_6sp/alu/multiplier_word/result_sign_s22_out            | internal_reset_repN_2                                           |                1 |              2 |         2.00 |
|  clk_gen/inst/clk_out1 | rv64im72f_6sp/alu/divider_word/quotient_sign4_out                | internal_reset_repN_3                                           |                1 |              2 |         2.00 |
|  clk_gen/inst/clk_out1 | cpu_clk_enable                                                   | internal_reset_repN_13                                          |                1 |              2 |         2.00 |
|  clk_gen/inst/clk_out1 | rv64im72f_6sp/alu/multiplier_word/prod_low[31]_i_1__0_n_0        | internal_reset_repN_1                                           |                1 |              3 |         3.00 |
|  clk_gen/inst/clk_out1 | rv64im72f_6sp/alu/divider_word/FSM_onehot_state[3]_i_1_n_0       | internal_reset_repN_7                                           |                1 |              3 |         3.00 |
|  clk_gen/inst/clk_out1 | rv64im72f_6sp/alu/multiplier_dword/FSM_onehot_stage[3]_i_1_n_0   | internal_reset_repN_6                                           |                1 |              3 |         3.00 |
|  clk_gen/inst/clk_out1 |                                                                  | internal_reset_repN_12                                          |                2 |              3 |         1.50 |
|  clk_gen/inst/clk_out1 | rv64im72f_6sp/exr_ex_register/cpu_clk_enable_reg_0[0]            | internal_reset_repN_8                                           |                3 |              4 |         1.33 |
|  clk_gen/inst/clk_out1 | rv64im72f_6sp/alu/divider_word/quotient_reg[31]_i_1_n_0          | internal_reset_repN_9                                           |                2 |              4 |         2.00 |
|  clk_gen/inst/clk_out1 | rv64im72f_6sp/alu/multiplier_dword/prod_high[63]_i_1_n_0         | internal_reset_repN_2                                           |                2 |              4 |         2.00 |
|  clk_gen/inst/clk_out1 | rv64im72f_6sp/alu/multiplier_word/FSM_onehot_stage[3]_i_1__0_n_0 | internal_reset_repN_2                                           |                1 |              4 |         4.00 |
|  clk_gen/inst/clk_out1 | rv64im72f_6sp/alu/divider_word/quotient_sign4_out                | internal_reset_repN_8                                           |                4 |              4 |         1.00 |
|  clk_gen/inst/clk_out1 | rv64im72f_6sp/alu/multiplier_word/prod_low[31]_i_1__0_n_0        | internal_reset_repN_2                                           |                3 |              4 |         1.33 |
|  clk_gen/inst/clk_out1 | uart_tx/bit_counter[3]_i_1__1_n_0                                | internal_reset_repN_13                                          |                1 |              4 |         4.00 |
|  clk_gen/inst/clk_out1 | rv64im72f_6sp/alu/divider_dword/FSM_onehot_state[3]_i_1__0_n_0   | internal_reset_repN_3                                           |                1 |              4 |         4.00 |
|  clk_gen/inst/clk_out1 | rv64im72f_6sp/alu/multiplier_dword/result_sign_s22_out           | internal_reset_repN_9                                           |                2 |              5 |         2.50 |
|  clk_gen/inst/clk_out1 | rv64im72f_6sp/exception_detector/cpu_clk_enable_reg[0]           | internal_reset_repN_1                                           |                4 |              5 |         1.25 |
|  clk_gen/inst/clk_out1 | rv64im72f_6sp/alu/multiplier_word/result_sign_s22_out            | internal_reset_repN_8                                           |                3 |              6 |         2.00 |
|  clk_gen/inst/clk_out1 | rv64im72f_6sp/alu/divider_word/bit_counter[5]_i_1_n_0            | internal_reset_repN_4                                           |                2 |              6 |         3.00 |
|  clk_gen/inst/clk_out1 | rv64im72f_6sp/exception_detector/WB_raw_imm_reg[11][0]           | internal_reset_repN_1                                           |                4 |              7 |         1.75 |
|  clk_gen/inst/clk_out1 | rv64im72f_6sp/alu/multiplier_dword/prod_high[63]_i_1_n_0         | internal_reset_repN_9                                           |                3 |              8 |         2.67 |
|  clk_gen/inst/clk_out1 | rv64im72f_6sp/exr_ex_register/cpu_clk_enable_reg_3[0]            | internal_reset_repN_7                                           |                4 |              8 |         2.00 |
|  clk_gen/inst/clk_out1 | rv64im72f_6sp/mem_wb_register/E[0]                               | internal_reset_repN_1                                           |                6 |              8 |         1.33 |
|  clk_gen/inst/clk_out1 |                                                                  | internal_reset_repN                                             |                6 |              8 |         1.33 |
|  clk_gen/inst/clk_out1 |                                                                  |                                                                 |                6 |              8 |         1.33 |
|  clk_gen/inst/clk_out1 | rv64im72f_6sp/alu/divider_word/bit_counter[5]_i_1_n_0            | internal_reset_repN_8                                           |                4 |              9 |         2.25 |
|  clk_gen/inst/clk_out1 | rv64im72f_6sp/alu/multiplier_dword/result_sign_s22_out           | internal_reset_repN_7                                           |                3 |              9 |         3.00 |
|  clk_gen/inst/clk_out1 | rv64im72f_6sp/exception_detector/WB_csr_write_enable_reg[0]      | internal_reset_repN_1                                           |                7 |              9 |         1.29 |
|  clk_gen/inst/clk_out1 | uart_tx/shift_reg[8]_i_1_n_0                                     | internal_reset_repN_13                                          |                4 |              9 |         2.25 |
|  clk_gen/inst/clk_out1 | rv64im72f_6sp/alu/divider_dword/quotient_sign4_out               | internal_reset_repN_2                                           |                3 |             10 |         3.33 |
|  clk_gen/inst/clk_out1 | mmio_interface/E[0]                                              | internal_reset_repN_13                                          |                4 |             10 |         2.50 |
|  clk_gen/inst/clk_out1 |                                                                  | internal_reset_repN_13                                          |                4 |             10 |         2.50 |
|  clk_gen/inst/clk_out1 | rv64im72f_6sp/exr_ex_register/cpu_clk_enable_reg_2[0]            | internal_reset_repN_5                                           |                5 |             11 |         2.20 |
|  clk_gen/inst/clk_out1 | rv64im72f_6sp/alu/divider_dword/quotient_reg[63]_i_1_n_0         | internal_reset_repN_5                                           |                6 |             12 |         2.00 |
|  clk_gen/inst/clk_out1 | rv64im72f_6sp/trap_controller/cpu_clk_enable_reg_1[0]            | internal_reset_repN                                             |                5 |             13 |         2.60 |
|  clk_gen/inst/clk_out1 | rv64im72f_6sp/alu/divider_dword/quotient_sign4_out               | internal_reset_repN_3                                           |                5 |             13 |         2.60 |
|  clk_gen/inst/clk_out1 | rv64im72f_6sp/mem_wb_register/E[0]                               | internal_reset_repN_12                                          |                7 |             16 |         2.29 |
|  clk_gen/inst/clk_out1 | rv64im72f_6sp/exception_detector/WB_raw_imm_reg[11][0]           | internal_reset_repN_12                                          |                6 |             16 |         2.67 |
|  clk_gen/inst/clk_out1 |                                                                  | reset                                                           |               11 |             17 |         1.55 |
|  clk_gen/inst/clk_out1 | rv64im72f_6sp/trap_controller/E[0]                               | internal_reset_repN                                             |                8 |             17 |         2.12 |
|  clk_gen/inst/clk_out1 | rv64im72f_6sp/alu/multiplier_word/prod_low[31]_i_1__0_n_0        | internal_reset_repN_8                                           |                6 |             17 |         2.83 |
|  clk_gen/inst/clk_out1 | rv64im72f_6sp/exr_ex_register/cpu_clk_enable_reg_3[0]            | internal_reset_repN_8                                           |                6 |             18 |         3.00 |
|  clk_gen/inst/clk_out1 | rv64im72f_6sp/exception_detector/WB_csr_write_enable_reg[0]      | internal_reset_repN_12                                          |                8 |             18 |         2.25 |
|  clk_gen/inst/clk_out1 | rv64im72f_6sp/exception_detector/WB_csr_write_enable_reg[0]      | internal_reset_repN                                             |               12 |             18 |         1.50 |
|  clk_gen/inst/clk_out1 | rv64im72f_6sp/exception_detector/cpu_clk_enable_reg[0]           | internal_reset_repN_12                                          |                6 |             18 |         3.00 |
|  clk_gen/inst/clk_out1 | rv64im72f_6sp/mem_wb_register/E[0]                               | internal_reset_repN                                             |                7 |             19 |         2.71 |
|  clk_gen/inst/clk_out1 | rv64im72f_6sp/alu/multiplier_dword/result_sign_s22_out           | internal_reset_repN_8                                           |                6 |             19 |         3.17 |
|  clk_gen/inst/clk_out1 | rv64im72f_6sp/exception_detector/WB_csr_write_enable_reg[0]      | internal_reset_repN_13                                          |               11 |             19 |         1.73 |
|  clk_gen/inst/clk_out1 | rv64im72f_6sp/exception_detector/cpu_clk_enable_reg[0]           | internal_reset_repN_13                                          |                8 |             19 |         2.38 |
|  clk_gen/inst/clk_out1 | rv64im72f_6sp/trap_controller/E[0]                               | internal_reset_repN_11                                          |                7 |             20 |         2.86 |
|  clk_gen/inst/clk_out1 | rv64im72f_6sp/exception_detector/WB_raw_imm_reg[11][0]           | internal_reset_repN                                             |                7 |             20 |         2.86 |
|  clk_gen/inst/clk_out1 | rv64im72f_6sp/mem_wb_register/E[0]                               | internal_reset_repN_13                                          |                8 |             21 |         2.62 |
|  clk_gen/inst/clk_out1 | rv64im72f_6sp/exception_detector/WB_raw_imm_reg[11][0]           | internal_reset_repN_13                                          |               11 |             21 |         1.91 |
|  clk_gen/inst/clk_out1 | rv64im72f_6sp/alu/divider_word/bit_counter[5]_i_1_n_0            | internal_reset_repN_2                                           |                7 |             22 |         3.14 |
|  clk_gen/inst/clk_out1 | rv64im72f_6sp/exception_detector/cpu_clk_enable_reg[0]           | internal_reset_repN                                             |               10 |             22 |         2.20 |
|  clk_gen/inst/clk_out1 | rv64im72f_6sp/exr_ex_register/E[0]                               | internal_reset_repN_7                                           |                7 |             23 |         3.29 |
|  clk_gen/inst/clk_out1 | cpu_clk_enable                                                   | internal_reset_repN                                             |               11 |             24 |         2.18 |
|  clk_gen/inst/clk_out1 | rv64im72f_6sp/exr_ex_register/cpu_clk_enable_reg_2[0]            | internal_reset_repN_3                                           |               12 |             24 |         2.00 |
|  clk_gen/inst/clk_out1 | rv64im72f_6sp/trap_controller/cpu_clk_enable_reg_1[0]            | internal_reset_repN_10                                          |               15 |             25 |         1.67 |
|  clk_gen/inst/clk_out1 |                                                                  | internal_reset_repN_4                                           |                7 |             25 |         3.57 |
|  clk_gen/inst/clk_out1 | rv64im72f_6sp/exr_ex_register/cpu_clk_enable_reg_0[0]            | internal_reset_repN_7                                           |               12 |             25 |         2.08 |
|  clk_gen/inst/clk_out1 | rv64im72f_6sp/trap_controller/cpu_clk_enable_reg_1[0]            | internal_reset_repN_11                                          |                9 |             26 |         2.89 |
|  clk_gen/inst/clk_out1 | rv64im72f_6sp/alu/divider_word/quotient_reg[31]_i_1_n_0          | internal_reset_repN_8                                           |               10 |             26 |         2.60 |
|  clk_gen/inst/clk_out1 | rv64im72f_6sp/trap_controller/E[0]                               | internal_reset_repN_10                                          |               15 |             26 |         1.73 |
|  clk_gen/inst/clk_out1 | rv64im72f_6sp/alu/divider_word/quotient_sign4_out                | internal_reset_repN_2                                           |               11 |             27 |         2.45 |
|  clk_gen/inst/clk_out1 | rv64im72f_6sp/alu/multiplier_word/result_sign_s22_out            | internal_reset_repN_9                                           |               11 |             28 |         2.55 |
|  clk_gen/inst/clk_out1 | rv64im72f_6sp/exr_ex_register/cpu_clk_enable_reg_2[0]            | internal_reset_repN_2                                           |               16 |             29 |         1.81 |
|  clk_gen/inst/clk_out1 | rv64im72f_6sp/exr_ex_register/cpu_clk_enable_reg[0]              |                                                                 |               10 |             32 |         3.20 |
|  clk_gen/inst/clk_out1 | rv64im72f_6sp/alu/divider_dword/quotient_reg[63]_i_1_n_0         | internal_reset_repN_3                                           |                9 |             32 |         3.56 |
|  clk_gen/inst/clk_out1 | rv64im72f_6sp/exr_ex_register/E[0]                               | internal_reset_repN_4                                           |               12 |             32 |         2.67 |
|  clk_gen/inst/clk_out1 | rv64im72f_6sp/alu/divider_word/bit_counter[5]_i_1_n_0            | internal_reset_repN_7                                           |               16 |             32 |         2.00 |
|  clk_gen/inst/clk_out1 | rv64im72f_6sp/alu/divider_word/quotient_reg[31]_i_1_n_0          | internal_reset_repN_7                                           |                9 |             34 |         3.78 |
|  clk_gen/inst/clk_out1 | rv64im72f_6sp/alu/divider_dword/bit_counter[6]_i_1_n_0           | internal_reset_repN_5                                           |               16 |             36 |         2.25 |
|  clk_gen/inst/clk_out1 | rv64im72f_6sp/exr_ex_register/E[0]                               | internal_reset_repN_6                                           |               10 |             36 |         3.60 |
|  clk_gen/inst/clk_out1 | rv64im72f_6sp/alu/divider_dword/bit_counter[6]_i_1_n_0           | internal_reset_repN_2                                           |               15 |             36 |         2.40 |
|  clk_gen/inst/clk_out1 | rv64im72f_6sp/exr_ex_register/E[0]                               | internal_reset_repN_8                                           |               13 |             38 |         2.92 |
|  clk_gen/inst/clk_out1 | rv64im72f_6sp/alu/multiplier_dword/prod_high[63]_i_1_n_0         | internal_reset_repN_8                                           |               13 |             38 |         2.92 |
|  clk_gen/inst/clk_out1 | rv64im72f_6sp/exr_ex_register/cpu_clk_enable_reg_3[0]            | internal_reset_repN_9                                           |               15 |             39 |         2.60 |
|  clk_gen/inst/clk_out1 | rv64im72f_6sp/alu/multiplier_word/prod_low[31]_i_1__0_n_0        | internal_reset_repN_9                                           |               17 |             40 |         2.35 |
|  clk_gen/inst/clk_out1 | rv64im72f_6sp/alu/divider_dword/quotient_sign4_out               | internal_reset_repN_5                                           |               13 |             43 |         3.31 |
|  clk_gen/inst/clk_out1 | rv64im72f_6sp/alu/multiplier_dword/result_sign_s22_out           | internal_reset_repN_4                                           |               23 |             47 |         2.04 |
|  clk_gen/inst/clk_out1 | rv64im72f_6sp/csr_file/minstret[0]                               | internal_reset_repN_1                                           |               16 |             63 |         3.94 |
|  clk_gen/inst/clk_out1 | rv64im72f_6sp/alu/divider_dword/bit_counter[6]_i_1_n_0           | internal_reset_repN_3                                           |               28 |             63 |         2.25 |
|  clk_gen/inst/clk_out1 | rv64im72f_6sp/io_id_register/E[0]                                | internal_reset_repN_1                                           |               19 |             64 |         3.37 |
|  clk_gen/inst/clk_out1 | rv64im72f_6sp/alu/multiplier_word/est_target[0]                  | rv64im72f_6sp/alu/multiplier_word/cpu_clk_enable_reg_2          |               17 |             64 |         3.76 |
|  clk_gen/inst/clk_out1 | rv64im72f_6sp/exr_ex_register/cpu_clk_enable_reg_1[0]            |                                                                 |               20 |             64 |         3.20 |
|  clk_gen/inst/clk_out1 | rv64im72f_6sp/exception_detector/cpu_clk_enable_reg_1            | rv64im72f_6sp/instruction_memory/rom_read_data[63]_i_1_n_0      |               45 |             64 |         1.42 |
|  clk_gen/inst/clk_out1 | rv64im72f_6sp/alu/multiplier_dword/result_sign_s22_out           | internal_reset_repN_6                                           |               31 |             65 |         2.10 |
|  clk_gen/inst/clk_out1 | rv64im72f_6sp/alu/multiplier_dword/prod_high[63]_i_1_n_0         | internal_reset_repN_6                                           |               20 |             77 |         3.85 |
|  clk_gen/inst/clk_out1 | rv64im72f_6sp/alu/divider_dword/quotient_reg[63]_i_1_n_0         | internal_reset_repN_2                                           |               22 |             84 |         3.82 |
|  clk_gen/inst/clk_out1 | cpu_clk_enable                                                   | internal_reset_repN_10                                          |               39 |             95 |         2.44 |
|  clk_gen/inst/clk_out1 | cpu_clk_enable                                                   | internal_reset_repN_12                                          |               37 |            112 |         3.03 |
|  clk_gen/inst/clk_out1 | cpu_clk_enable                                                   | internal_reset_repN_11                                          |               32 |            113 |         3.53 |
|  clk_gen/inst/clk_out1 | cpu_clk_enable                                                   | internal_reset_repN_1                                           |               54 |            131 |         2.43 |
|  clk_gen/inst/clk_out1 | rv64im72f_6sp/alu/multiplier_word/cpu_clk_enable_reg_0[0]        | rv64im72f_6sp/if_io_register/IO_pc[63]_i_1_n_0                  |               33 |            160 |         4.85 |
|  clk_gen/inst/clk_out1 | rv64im72f_6sp/alu/multiplier_word/cpu_clk_enable_reg_3[0]        | rv64im72f_6sp/ex_ex2_register/SR[0]                             |               40 |            160 |         4.00 |
|  clk_gen/inst/clk_out1 | rv64im72f_6sp/mem_wb_register/p_0_in2_out                        |                                                                 |               22 |            176 |         8.00 |
|  clk_gen/inst/clk_out1 | rv64im72f_6sp/exception_detector/cpu_clk_enable_reg_1            | rv64im72f_6sp/mem_wb_register/WB_pc_plus_4[63]_i_1_n_0          |              112 |            388 |         3.46 |
|  clk_gen/inst/clk_out1 | rv64im72f_6sp/exception_detector/cpu_clk_enable_reg_1            | rv64im72f_6sp/trap_controller/cpu_clk_enable_reg_3              |              103 |            391 |         3.80 |
|  clk_gen/inst/clk_out1 | rv64im72f_6sp/alu/multiplier_word/cpu_clk_enable_reg_3[0]        | rv64im72f_6sp/trap_controller/SR[0]                             |              135 |            470 |         3.48 |
|  clk_gen/inst/clk_out1 | rv64im72f_6sp/exception_detector/cpu_clk_enable_reg_1            | rv64im72f_6sp/id_exr_register/cpu_clk_enable_reg                |              130 |            541 |         4.16 |
|  clk_gen/inst/clk_out1 | rv64im72f_6sp/exception_detector/cpu_clk_enable_reg_1            | rv64im72f_6sp/exception_detector/EX2_register_write_enable0_out |              248 |            750 |         3.02 |
+------------------------+------------------------------------------------------------------+-----------------------------------------------------------------+------------------+----------------+--------------+


