Copyright 1986-2022 Xilinx, Inc. All Rights Reserved. Copyright 2022-2025 Advanced Micro Devices, Inc. All Rights Reserved.
---------------------------------------------------------------------------------------------------------------------------------------------
| Tool Version : Vivado v.2025.2 (lin64) Build 6299465 Fri Nov 14 12:34:56 MST 2025
| Date         : Tue Sep  1 10:11:39 2026
| Host         : khwl-ThinkPad-X1-Carbon-Gen-13 running 64-bit Ubuntu 24.04.4 LTS
| Command      : report_timing_summary -file /home/khwl/Desktop/RV-IM100/riscof-env/logs/core_reports/RV32IM_8SP/timing.rpt
| Design       : RV32IM72F8SP_CORE
| Device       : 7a200t-sbg484
| Speed File   : -1  PRODUCTION 1.23 2018-06-13
| Design State : Synthesized
---------------------------------------------------------------------------------------------------------------------------------------------

Timing Summary Report

------------------------------------------------------------------------------------------------
| Timer Settings
| --------------
------------------------------------------------------------------------------------------------

  Enable Multi Corner Analysis               :  Yes
  Enable Pessimism Removal                   :  Yes
  Pessimism Removal Resolution               :  Nearest Common Node
  Enable Input Delay Default Clock           :  No
  Enable Preset / Clear Arcs                 :  No
  Disable Flight Delays                      :  No
  Ignore I/O Paths                           :  No
  Timing Early Launch at Borrowing Latches   :  No
  Borrow Time for Max Delay Exceptions       :  Yes
  Merge Timing Exceptions                    :  Yes
  Inter-SLR Compensation                     :  Conservative

  Corner  Analyze    Analyze    
  Name    Max Paths  Min Paths  
  ------  ---------  ---------  
  Slow    Yes        Yes        
  Fast    Yes        Yes        


------------------------------------------------------------------------------------------------
| Report Methodology
| ------------------
------------------------------------------------------------------------------------------------

No report available as report_methodology has not been run prior. Run report_methodology on the current design for the summary of methodology violations.



check_timing report

Table of Contents
-----------------
1. checking no_clock (0)
2. checking constant_clock (0)
3. checking pulse_width_clock (0)
4. checking unconstrained_internal_endpoints (0)
5. checking no_input_delay (68)
6. checking no_output_delay (233)
7. checking multiple_clock (0)
8. checking generated_clocks (0)
9. checking loops (0)
10. checking partial_input_delay (0)
11. checking partial_output_delay (0)
12. checking latch_loops (0)

1. checking no_clock (0)
------------------------
 There are 0 register/latch pins with no clock.


2. checking constant_clock (0)
------------------------------
 There are 0 register/latch pins with constant_clock.


3. checking pulse_width_clock (0)
---------------------------------
 There are 0 register/latch pins which need pulse_width check


4. checking unconstrained_internal_endpoints (0)
------------------------------------------------
 There are 0 pins that are not constrained for maximum delay.

 There are 0 pins that are not constrained for maximum delay due to constant clock.


5. checking no_input_delay (68)
-------------------------------
 There are 68 input ports with no input delay specified. (HIGH)

 There are 0 input ports with no input delay but user has a false path constraint.


6. checking no_output_delay (233)
---------------------------------
 There are 233 ports with no output delay specified. (HIGH)

 There are 0 ports with no output delay but user has a false path constraint

 There are 0 ports with no output delay but with a timing clock defined on it or propagating through it


7. checking multiple_clock (0)
------------------------------
 There are 0 register/latch pins with multiple clocks.


8. checking generated_clocks (0)
--------------------------------
 There are 0 generated clocks that are not connected to a clock source.


9. checking loops (0)
---------------------
 There are 0 combinational loops in the design.


10. checking partial_input_delay (0)
------------------------------------
 There are 0 input ports with partial input delay specified.


11. checking partial_output_delay (0)
-------------------------------------
 There are 0 ports with partial output delay specified.


12. checking latch_loops (0)
----------------------------
 There are 0 combinational latch loops in the design through latch input



------------------------------------------------------------------------------------------------
| Design Timing Summary
| ---------------------
------------------------------------------------------------------------------------------------

    WNS(ns)      TNS(ns)  TNS Failing Endpoints  TNS Total Endpoints      WHS(ns)      THS(ns)  THS Failing Endpoints  THS Total Endpoints     WPWS(ns)     TPWS(ns)  TPWS Failing Endpoints  TPWS Total Endpoints  
    -------      -------  ---------------------  -------------------      -------      -------  ---------------------  -------------------     --------     --------  ----------------------  --------------------  
     -4.507    -7280.896                   3155                 6183        0.183        0.000                      0                 6183        1.250        0.000                       0                  2237  


Timing constraints are not met.


------------------------------------------------------------------------------------------------
| Clock Summary
| -------------
------------------------------------------------------------------------------------------------

Clock  Waveform(ns)         Period(ns)      Frequency(MHz)
-----  ------------         ----------      --------------
clk    {0.000 2.500}        5.000           200.000         


------------------------------------------------------------------------------------------------
| Intra Clock Table
| -----------------
------------------------------------------------------------------------------------------------

Clock             WNS(ns)      TNS(ns)  TNS Failing Endpoints  TNS Total Endpoints      WHS(ns)      THS(ns)  THS Failing Endpoints  THS Total Endpoints     WPWS(ns)     TPWS(ns)  TPWS Failing Endpoints  TPWS Total Endpoints  
-----             -------      -------  ---------------------  -------------------      -------      -------  ---------------------  -------------------     --------     --------  ----------------------  --------------------  
clk                -4.507    -7280.896                   3155                 6183        0.183        0.000                      0                 6183        1.250        0.000                       0                  2237  


------------------------------------------------------------------------------------------------
| Inter Clock Table
| -----------------
------------------------------------------------------------------------------------------------

From Clock    To Clock          WNS(ns)      TNS(ns)  TNS Failing Endpoints  TNS Total Endpoints      WHS(ns)      THS(ns)  THS Failing Endpoints  THS Total Endpoints  
----------    --------          -------      -------  ---------------------  -------------------      -------      -------  ---------------------  -------------------  


------------------------------------------------------------------------------------------------
| Other Path Groups Table
| -----------------------
------------------------------------------------------------------------------------------------

Path Group    From Clock    To Clock          WNS(ns)      TNS(ns)  TNS Failing Endpoints  TNS Total Endpoints      WHS(ns)      THS(ns)  THS Failing Endpoints  THS Total Endpoints  
----------    ----------    --------          -------      -------  ---------------------  -------------------      -------      -------  ---------------------  -------------------  


------------------------------------------------------------------------------------------------
| Timing Details
| --------------
------------------------------------------------------------------------------------------------


---------------------------------------------------------------------------------------------------
From Clock:  clk
  To Clock:  clk

Setup :         3155  Failing Endpoints,  Worst Slack       -4.507ns,  Total Violation    -7280.896ns
Hold  :            0  Failing Endpoints,  Worst Slack        0.183ns,  Total Violation        0.000ns
PW    :            0  Failing Endpoints,  Worst Slack        1.250ns,  Total Violation        0.000ns
---------------------------------------------------------------------------------------------------


Max Delay Paths
--------------------------------------------------------------------------------------
Slack (VIOLATED) :        -4.507ns  (required time - arrival time)
  Source:                 exr_ex_register/EX_opcode_reg[3]/C
                            (rising edge-triggered cell FDRE clocked by clk  {rise@0.000ns fall@2.500ns period=5.000ns})
  Destination:            exception_detector/trap_status_reg[0]/D
                            (rising edge-triggered cell FDCE clocked by clk  {rise@0.000ns fall@2.500ns period=5.000ns})
  Path Group:             clk
  Path Type:              Setup (Max at Slow Process Corner)
  Requirement:            5.000ns  (clk rise@5.000ns - clk rise@0.000ns)
  Data Path Delay:        9.452ns  (logic 2.164ns (22.895%)  route 7.288ns (77.105%))
  Logic Levels:           10  (LUT3=1 LUT5=2 LUT6=6 MUXF7=1)
  Clock Path Skew:        -0.049ns (DCD - SCD + CPR)
    Destination Clock Delay (DCD):    0.924ns = ( 5.924 - 5.000 ) 
    Source Clock Delay      (SCD):    0.973ns
    Clock Pessimism Removal (CPR):    0.000ns
  Clock Uncertainty:      0.035ns  ((TSJ^2 + TIJ^2)^1/2 + DJ) / 2 + PE
    Total System Jitter     (TSJ):    0.071ns
    Total Input Jitter      (TIJ):    0.000ns
    Discrete Jitter          (DJ):    0.000ns
    Phase Error              (PE):    0.000ns

    Location             Delay type                Incr(ns)  Path(ns)    Netlist Resource(s)
  -------------------------------------------------------------------    -------------------
                         (clock clk rise edge)        0.000     0.000 r  
                                                      0.000     0.000 r  clk (IN)
                         net (fo=2236, unset)         0.973     0.973    exr_ex_register/clk
                         FDRE                                         r  exr_ex_register/EX_opcode_reg[3]/C
  -------------------------------------------------------------------    -------------------
                         FDRE (Prop_fdre_C_Q)         0.456     1.429 r  exr_ex_register/EX_opcode_reg[3]/Q
                         net (fo=10, unplaced)        0.784     2.213    exr_ex_register/EX_opcode_reg[6]_0[3]
                         LUT3 (Prop_lut3_I0_O)        0.295     2.508 r  exr_ex_register/EX2_alu_result[31]_i_56/O
                         net (fo=1, unplaced)         0.902     3.410    exr_ex_register/EX2_alu_result[31]_i_56_n_0
                         LUT6 (Prop_lut6_I3_O)        0.124     3.534 r  exr_ex_register/EX2_alu_result[31]_i_33/O
                         net (fo=1, unplaced)         0.902     4.436    exr_ex_register/EX2_alu_result[31]_i_33_n_0
                         LUT6 (Prop_lut6_I1_O)        0.124     4.560 r  exr_ex_register/EX2_alu_result[31]_i_14/O
                         net (fo=16, unplaced)        1.165     5.725    exr_ex_register/alu_op[0]
                         LUT5 (Prop_lut5_I0_O)        0.124     5.849 f  exr_ex_register/EX2_alu_result[31]_i_27/O
                         net (fo=95, unplaced)        1.000     6.849    exr_ex_register/EX2_alu_result[31]_i_27_n_0
                         LUT5 (Prop_lut5_I0_O)        0.124     6.973 r  exr_ex_register/EX2_alu_result[1]_i_6/O
                         net (fo=1, unplaced)         0.665     7.638    exr_ex_register/EX2_alu_result[1]_i_6_n_0
                         LUT6 (Prop_lut6_I1_O)        0.124     7.762 r  exr_ex_register/EX2_alu_result[1]_i_3/O
                         net (fo=1, unplaced)         0.000     7.762    exr_ex_register/alu/alu_word_result[1]
                         MUXF7 (Prop_muxf7_I1_O)      0.247     8.009 r  exr_ex_register/EX2_alu_result_reg[1]_i_1/O
                         net (fo=6, unplaced)         0.484     8.493    exr_ex_register/prod_low_reg[31][1]
                         LUT6 (Prop_lut6_I3_O)        0.298     8.791 r  exr_ex_register/trap_status[1]_i_3/O
                         net (fo=2, unplaced)         0.913     9.704    exr_ex_register/trap_status[1]_i_3_n_0
                         LUT6 (Prop_lut6_I1_O)        0.124     9.828 r  exr_ex_register/trapped_i_5/O
                         net (fo=4, unplaced)         0.473    10.301    exr_ex_register/EX_funct3_reg[0]_2
                         LUT6 (Prop_lut6_I2_O)        0.124    10.425 r  exr_ex_register/trap_status[0]_i_1/O
                         net (fo=1, unplaced)         0.000    10.425    exception_detector/trap_status_reg[2]_3[0]
                         FDCE                                         r  exception_detector/trap_status_reg[0]/D
  -------------------------------------------------------------------    -------------------

                         (clock clk rise edge)        5.000     5.000 r  
                                                      0.000     5.000 r  clk (IN)
                         net (fo=2236, unset)         0.924     5.924    exception_detector/clk
                         FDCE                                         r  exception_detector/trap_status_reg[0]/C
                         clock pessimism              0.000     5.924    
                         clock uncertainty           -0.035     5.889    
                         FDCE (Setup_fdce_C_D)        0.029     5.918    exception_detector/trap_status_reg[0]
  -------------------------------------------------------------------
                         required time                          5.918    
                         arrival time                         -10.425    
  -------------------------------------------------------------------
                         slack                                 -4.507    





Min Delay Paths
--------------------------------------------------------------------------------------
Slack (MET) :             0.183ns  (arrival time - required time)
  Source:                 mem_wb_register/WB_forward_data_value_reg[18]/C
                            (rising edge-triggered cell FDRE clocked by clk  {rise@0.000ns fall@2.500ns period=5.000ns})
  Destination:            register_file/registers_reg_r1_0_31_18_23/RAMA/I
                            (rising edge-triggered cell RAMD32 clocked by clk  {rise@0.000ns fall@2.500ns period=5.000ns})
  Path Group:             clk
  Path Type:              Hold (Min at Fast Process Corner)
  Requirement:            0.000ns  (clk rise@0.000ns - clk rise@0.000ns)
  Data Path Delay:        0.299ns  (logic 0.141ns (47.146%)  route 0.158ns (52.854%))
  Logic Levels:           0  
  Clock Path Skew:        0.022ns (DCD - SCD - CPR)
    Destination Clock Delay (DCD):    0.432ns
    Source Clock Delay      (SCD):    0.410ns
    Clock Pessimism Removal (CPR):    -0.000ns

    Location             Delay type                Incr(ns)  Path(ns)    Netlist Resource(s)
  -------------------------------------------------------------------    -------------------
                         (clock clk rise edge)        0.000     0.000 r  
                                                      0.000     0.000 r  clk (IN)
                         net (fo=2236, unset)         0.410     0.410    mem_wb_register/clk
                         FDRE                                         r  mem_wb_register/WB_forward_data_value_reg[18]/C
  -------------------------------------------------------------------    -------------------
                         FDRE (Prop_fdre_C_Q)         0.141     0.551 r  mem_wb_register/WB_forward_data_value_reg[18]/Q
                         net (fo=9, unplaced)         0.158     0.709    register_file/registers_reg_r1_0_31_18_23/DIA0
                         RAMD32                                       r  register_file/registers_reg_r1_0_31_18_23/RAMA/I
  -------------------------------------------------------------------    -------------------

                         (clock clk rise edge)        0.000     0.000 r  
                                                      0.000     0.000 r  clk (IN)
                         net (fo=2236, unset)         0.432     0.432    register_file/registers_reg_r1_0_31_18_23/WCLK
                         RAMD32                                       r  register_file/registers_reg_r1_0_31_18_23/RAMA/CLK
                         clock pessimism              0.000     0.432    
                         RAMD32 (Hold_ramd32_CLK_I)
                                                      0.094     0.526    register_file/registers_reg_r1_0_31_18_23/RAMA
  -------------------------------------------------------------------
                         required time                         -0.526    
                         arrival time                           0.709    
  -------------------------------------------------------------------
                         slack                                  0.183    





Pulse Width Checks
--------------------------------------------------------------------------------------
Clock Name:         clk
Waveform(ns):       { 0.000 2.500 }
Period(ns):         5.000
Sources:            { clk }

Check Type        Corner  Lib Pin      Reference Pin  Required(ns)  Actual(ns)  Slack(ns)  Location  Pin
Min Period        n/a     DSP48E1/CLK  n/a            2.154         5.000       2.846                alu/multiplier_word/mult_result__0/CLK
Low Pulse Width   Slow    RAMD32/CLK   n/a            1.250         2.500       1.250                register_file/registers_reg_r1_0_31_0_5/RAMA/CLK
High Pulse Width  Slow    RAMD32/CLK   n/a            1.250         2.500       1.250                register_file/registers_reg_r1_0_31_0_5/RAMA/CLK



