Copyright 1986-2022 Xilinx, Inc. All Rights Reserved. Copyright 2022-2025 Advanced Micro Devices, Inc. All Rights Reserved.
--------------------------------------------------------------------------------------------------------------------------------------------------------
| Tool Version     : Vivado v.2025.2 (lin64) Build 6299465 Fri Nov 14 12:34:56 MST 2025
| Date             : Mon Sep 14 15:32:04 2026
| Host             : khwl-ThinkPad-X1-Carbon-Gen-13 running 64-bit Ubuntu 24.04.4 LTS
| Command          : report_power -file /home/khwl/Desktop/RV-IM100/riscof-env/saif/RV64IM_8SP_withoutOpt_coremark/power_saif.rpt
| Design           : RV64IM72F8SPSoCTOP
| Device           : xc7a200tsbg484-1
| Design State     : routed
| Grade            : commercial
| Process          : typical
| Characterization : Production
--------------------------------------------------------------------------------------------------------------------------------------------------------

Power Report

Table of Contents
-----------------
1. Summary
1.1 On-Chip Components
1.2 Power Supply Summary
1.3 Confidence Level
2. Settings
2.1 Environment
2.2 Clock Constraints
3. Detailed Reports
3.1 By Hierarchy

1. Summary
----------

+--------------------------+------------------------------------------------------------------------------------------------------+
| Total On-Chip Power (W)  | 0.420                                                                                                |
| Design Power Budget (W)  | Unspecified*                                                                                         |
| Power Budget Margin (W)  | NA                                                                                                   |
| Dynamic (W)              | 0.267                                                                                                |
| Device Static (W)        | 0.153                                                                                                |
| Effective TJA (C/W)      | 3.3                                                                                                  |
| Max Ambient (C)          | 83.6                                                                                                 |
| Junction Temperature (C) | 26.4                                                                                                 |
| Confidence Level         | High                                                                                                 |
| Setting File             | ---                                                                                                  |
| Simulation Activity File | /home/khwl/Desktop/RV-IM100/riscof-env/saif/RV64IM_8SP_withoutOpt_coremark/kernel.saif |
| Design Nets Matched      | 68%   (13426/19617)                                                                                  |
+--------------------------+------------------------------------------------------------------------------------------------------+
* Specify Design Power Budget using, set_operating_conditions -design_power_budget <value in Watts>


1.1 On-Chip Components
----------------------

+--------------------------+-----------+----------+-----------+-----------------+
| On-Chip                  | Power (W) | Used     | Available | Utilization (%) |
+--------------------------+-----------+----------+-----------+-----------------+
| Clocks                   |     0.022 |        8 |       --- |             --- |
| Slice Logic              |     0.037 |    16657 |       --- |             --- |
|   LUT as Logic           |     0.034 |     9253 |    134600 |            6.87 |
|   F7/F8 Muxes            |     0.001 |      905 |    134600 |            0.67 |
|   CARRY4                 |    <0.001 |      558 |     33650 |            1.66 |
|   Register               |    <0.001 |     5161 |    269200 |            1.92 |
|   LUT as Distributed RAM |    <0.001 |       88 |     46200 |            0.19 |
|   Others                 |     0.000 |       47 |       --- |             --- |
| Signals                  |     0.057 |    13825 |       --- |             --- |
| Block RAM                |     0.041 |       24 |       365 |            6.58 |
| PLL                      |     0.106 |        1 |        10 |           10.00 |
| DSPs                     |     0.000 |       20 |       740 |            2.70 |
| I/O                      |     0.004 |       12 |       285 |            4.21 |
| Static Power             |     0.153 |          |           |                 |
| Total                    |     0.420 |          |           |                 |
+--------------------------+-----------+----------+-----------+-----------------+


1.2 Power Supply Summary
------------------------

+-----------+-------------+-----------+-------------+------------+-------------+-------------+------------+
| Source    | Voltage (V) | Total (A) | Dynamic (A) | Static (A) | Powerup (A) | Budget (A)  | Margin (A) |
+-----------+-------------+-----------+-------------+------------+-------------+-------------+------------+
| Vccint    |       1.000 |     0.195 |       0.163 |      0.032 |       NA    | Unspecified | NA         |
| Vccaux    |       1.800 |     0.084 |       0.053 |      0.031 |       NA    | Unspecified | NA         |
| Vcco33    |       3.300 |     0.005 |       0.000 |      0.005 |       NA    | Unspecified | NA         |
| Vcco25    |       2.500 |     0.007 |       0.002 |      0.005 |       NA    | Unspecified | NA         |
| Vcco18    |       1.800 |     0.000 |       0.000 |      0.000 |       NA    | Unspecified | NA         |
| Vcco15    |       1.500 |     0.000 |       0.000 |      0.000 |       NA    | Unspecified | NA         |
| Vcco135   |       1.350 |     0.000 |       0.000 |      0.000 |       NA    | Unspecified | NA         |
| Vcco12    |       1.200 |     0.000 |       0.000 |      0.000 |       NA    | Unspecified | NA         |
| Vccaux_io |       1.800 |     0.000 |       0.000 |      0.000 |       NA    | Unspecified | NA         |
| Vccbram   |       1.000 |     0.005 |       0.004 |      0.001 |       NA    | Unspecified | NA         |
| MGTAVcc   |       1.000 |     0.000 |       0.000 |      0.000 |       NA    | Unspecified | NA         |
| MGTAVtt   |       1.200 |     0.000 |       0.000 |      0.000 |       NA    | Unspecified | NA         |
| Vccadc    |       1.800 |     0.020 |       0.000 |      0.020 |       NA    | Unspecified | NA         |
+-----------+-------------+-----------+-------------+------------+-------------+-------------+------------+


1.3 Confidence Level
--------------------

+-----------------------------+------------+------------------------------------------------+--------+
| User Input Data             | Confidence | Details                                        | Action |
+-----------------------------+------------+------------------------------------------------+--------+
| Design implementation state | High       | Design is routed                               |        |
| Clock nodes activity        | High       | User specified more than 95% of clocks         |        |
| I/O nodes activity          | High       | User specified more than 95% of inputs         |        |
| Internal nodes activity     | High       | User specified more than 25% of internal nodes |        |
| Device models               | High       | Device models are Production                   |        |
|                             |            |                                                |        |
| Overall confidence level    | High       |                                                |        |
+-----------------------------+------------+------------------------------------------------+--------+


2. Settings
-----------

2.1 Environment
---------------

+-----------------------+--------------------------+
| Ambient Temp (C)      | 25.0                     |
| ThetaJA (C/W)         | 3.3                      |
| Airflow (LFM)         | 250                      |
| Heat Sink             | medium (Medium Profile)  |
| ThetaSA (C/W)         | 4.6                      |
| Board Selection       | medium (10"x10")         |
| # of Board Layers     | 12to15 (12 to 15 Layers) |
| Board Temperature (C) | 25.0                     |
+-----------------------+--------------------------+


2.2 Clock Constraints
---------------------

+----------------------+---------------------------------+-----------------+
| Clock                | Domain                          | Constraint (ns) |
+----------------------+---------------------------------+-----------------+
| clk                  | clk                             |            10.0 |
| clk_out1_clk_wiz_0   | clk_gen/inst/clk_out1_clk_wiz_0 |            10.4 |
| clk_out1_clk_wiz_0_1 | clk_gen/inst/clk_out1_clk_wiz_0 |            10.4 |
| clkfbout_clk_wiz_0   | clk_gen/inst/clkfbout_clk_wiz_0 |            50.0 |
| clkfbout_clk_wiz_0_1 | clk_gen/inst/clkfbout_clk_wiz_0 |            50.0 |
| sys_clk_pin          | clk                             |            10.0 |
+----------------------+---------------------------------+-----------------+


3. Detailed Reports
-------------------

3.1 By Hierarchy
----------------

+------------------------+-----------+
| Name                   | Power (W) |
+------------------------+-----------+
| RV64IM72F8SPSoCTOP     |     0.267 |
|   clk_gen              |     0.106 |
|     inst               |     0.106 |
|   rv64im72f_6sp        |     0.156 |
|     alu                |     0.009 |
|       divider_dword    |     0.002 |
|       multiplier_dword |     0.002 |
|       multiplier_word  |     0.002 |
|     csr_file           |     0.002 |
|     data_memory        |     0.031 |
|     ex_ex2_register    |     0.043 |
|     ex_mem_register    |     0.008 |
|     exr_ex_register    |     0.024 |
|     id_exr_register    |     0.005 |
|     if_io_register     |     0.003 |
|     instruction_memory |     0.014 |
|     io_id_register     |     0.006 |
|     mem_wb_register    |     0.007 |
|     register_file      |     0.001 |
+------------------------+-----------+


