Copyright 1986-2022 Xilinx, Inc. All Rights Reserved. Copyright 2022-2025 Advanced Micro Devices, Inc. All Rights Reserved.
---------------------------------------------------------------------------------------------------------------------------------------------
| Tool Version : Vivado v.2025.2 (lin64) Build 6299465 Fri Nov 14 12:34:56 MST 2025
| Date         : Tue Sep  1 09:37:28 2026
| Host         : khwl-ThinkPad-X1-Carbon-Gen-13 running 64-bit Ubuntu 24.04.4 LTS
| Command      : report_timing_summary -file /home/khwl/Desktop/RV-IM100/riscof-env/logs/impl_reports/RV64IM_8SP/timing.rpt
| Design       : RV64IM72F8SPSoCTOP
| Device       : 7a200t-sbg484
| Speed File   : -1  PRODUCTION 1.23 2018-06-13
| Design State : Physopt postRoute
---------------------------------------------------------------------------------------------------------------------------------------------

Timing Summary Report

------------------------------------------------------------------------------------------------
| Timer Settings
| --------------
------------------------------------------------------------------------------------------------

  Enable Multi Corner Analysis               :  Yes
  Enable Pessimism Removal                   :  Yes
  Pessimism Removal Resolution               :  Nearest Common Node
  Enable Input Delay Default Clock           :  No
  Enable Preset / Clear Arcs                 :  No
  Disable Flight Delays                      :  No
  Ignore I/O Paths                           :  No
  Timing Early Launch at Borrowing Latches   :  No
  Borrow Time for Max Delay Exceptions       :  Yes
  Merge Timing Exceptions                    :  Yes
  Inter-SLR Compensation                     :  Conservative

  Corner  Analyze    Analyze    
  Name    Max Paths  Min Paths  
  ------  ---------  ---------  
  Slow    Yes        Yes        
  Fast    Yes        Yes        


------------------------------------------------------------------------------------------------
| Report Methodology
| ------------------
------------------------------------------------------------------------------------------------

Rule       Severity  Description                                 Violations  
---------  --------  ------------------------------------------  ----------  
DPIR-1     Warning   Asynchronous driver check                   623         
SYNTH-6    Warning   Timing of a RAM block might be sub-optimal  24          
SYNTH-10   Warning   Wide multiplier                             20          
TIMING-18  Warning   Missing input or output delay               1           

Note: This report is based on the most recent report_methodology run and may not be up-to-date. Run report_methodology on the current design for the latest report.



check_timing report

Table of Contents
-----------------
1. checking no_clock (0)
2. checking constant_clock (0)
3. checking pulse_width_clock (0)
4. checking unconstrained_internal_endpoints (0)
5. checking no_input_delay (1)
6. checking no_output_delay (9)
7. checking multiple_clock (0)
8. checking generated_clocks (0)
9. checking loops (0)
10. checking partial_input_delay (0)
11. checking partial_output_delay (0)
12. checking latch_loops (0)

1. checking no_clock (0)
------------------------
 There are 0 register/latch pins with no clock.


2. checking constant_clock (0)
------------------------------
 There are 0 register/latch pins with constant_clock.


3. checking pulse_width_clock (0)
---------------------------------
 There are 0 register/latch pins which need pulse_width check


4. checking unconstrained_internal_endpoints (0)
------------------------------------------------
 There are 0 pins that are not constrained for maximum delay.

 There are 0 pins that are not constrained for maximum delay due to constant clock.


5. checking no_input_delay (1)
------------------------------
 There are 0 input ports with no input delay specified.

 There is 1 input port with no input delay but user has a false path constraint. (MEDIUM)


6. checking no_output_delay (9)
-------------------------------
 There is 1 port with no output delay specified. (HIGH)

 There are 8 ports with no output delay but user has a false path constraint (MEDIUM)

 There are 0 ports with no output delay but with a timing clock defined on it or propagating through it


7. checking multiple_clock (0)
------------------------------
 There are 0 register/latch pins with multiple clocks.


8. checking generated_clocks (0)
--------------------------------
 There are 0 generated clocks that are not connected to a clock source.


9. checking loops (0)
---------------------
 There are 0 combinational loops in the design.


10. checking partial_input_delay (0)
------------------------------------
 There are 0 input ports with partial input delay specified.


11. checking partial_output_delay (0)
-------------------------------------
 There are 0 ports with partial output delay specified.


12. checking latch_loops (0)
----------------------------
 There are 0 combinational latch loops in the design through latch input



------------------------------------------------------------------------------------------------
| Design Timing Summary
| ---------------------
------------------------------------------------------------------------------------------------

    WNS(ns)      TNS(ns)  TNS Failing Endpoints  TNS Total Endpoints      WHS(ns)      THS(ns)  THS Failing Endpoints  THS Total Endpoints     WPWS(ns)     TPWS(ns)  TPWS Failing Endpoints  TPWS Total Endpoints  
    -------      -------  ---------------------  -------------------      -------      -------  ---------------------  -------------------     --------     --------  ----------------------  --------------------  
      0.067        0.000                      0                16587        0.119        0.000                      0                16587        3.750        0.000                       0                  4970  


All user specified timing constraints are met.


------------------------------------------------------------------------------------------------
| Clock Summary
| -------------
------------------------------------------------------------------------------------------------

Clock        Waveform(ns)       Period(ns)      Frequency(MHz)
-----        ------------       ----------      --------------
sys_clk_pin  {0.000 5.000}      10.000          100.000         


------------------------------------------------------------------------------------------------
| Intra Clock Table
| -----------------
------------------------------------------------------------------------------------------------

Clock             WNS(ns)      TNS(ns)  TNS Failing Endpoints  TNS Total Endpoints      WHS(ns)      THS(ns)  THS Failing Endpoints  THS Total Endpoints     WPWS(ns)     TPWS(ns)  TPWS Failing Endpoints  TPWS Total Endpoints  
-----             -------      -------  ---------------------  -------------------      -------      -------  ---------------------  -------------------     --------     --------  ----------------------  --------------------  
sys_clk_pin         0.067        0.000                      0                14671        0.119        0.000                      0                14671        3.750        0.000                       0                  4970  


------------------------------------------------------------------------------------------------
| Inter Clock Table
| -----------------
------------------------------------------------------------------------------------------------

From Clock    To Clock          WNS(ns)      TNS(ns)  TNS Failing Endpoints  TNS Total Endpoints      WHS(ns)      THS(ns)  THS Failing Endpoints  THS Total Endpoints  
----------    --------          -------      -------  ---------------------  -------------------      -------      -------  ---------------------  -------------------  


------------------------------------------------------------------------------------------------
| Other Path Groups Table
| -----------------------
------------------------------------------------------------------------------------------------

Path Group         From Clock         To Clock               WNS(ns)      TNS(ns)  TNS Failing Endpoints  TNS Total Endpoints      WHS(ns)      THS(ns)  THS Failing Endpoints  THS Total Endpoints  
----------         ----------         --------               -------      -------  ---------------------  -------------------      -------      -------  ---------------------  -------------------  
**async_default**  sys_clk_pin        sys_clk_pin              3.667        0.000                      0                 1916        0.365        0.000                      0                 1916  


------------------------------------------------------------------------------------------------
| Timing Details
| --------------
------------------------------------------------------------------------------------------------


---------------------------------------------------------------------------------------------------
From Clock:  sys_clk_pin
  To Clock:  sys_clk_pin

Setup :            0  Failing Endpoints,  Worst Slack        0.067ns,  Total Violation        0.000ns
Hold  :            0  Failing Endpoints,  Worst Slack        0.119ns,  Total Violation        0.000ns
PW    :            0  Failing Endpoints,  Worst Slack        3.750ns,  Total Violation        0.000ns
---------------------------------------------------------------------------------------------------


Max Delay Paths
--------------------------------------------------------------------------------------
Slack (MET) :             0.067ns  (required time - arrival time)
  Source:                 rv64im72f_6sp/alu/i___511_psdsp/C
                            (rising edge-triggered cell FDRE clocked by sys_clk_pin  {rise@0.000ns fall@5.000ns period=10.000ns})
  Destination:            rv64im72f_6sp/alu/multiplier_dword/prod_high_reg[61]/D
                            (rising edge-triggered cell FDCE clocked by sys_clk_pin  {rise@0.000ns fall@5.000ns period=10.000ns})
  Path Group:             sys_clk_pin
  Path Type:              Setup (Max at Slow Process Corner)
  Requirement:            10.000ns  (sys_clk_pin rise@10.000ns - sys_clk_pin rise@0.000ns)
  Data Path Delay:        9.636ns  (logic 6.620ns (68.703%)  route 3.016ns (31.297%))
  Logic Levels:           33  (CARRY4=28 LUT1=1 LUT3=3 LUT4=1)
  Clock Path Skew:        -0.293ns (DCD - SCD + CPR)
    Destination Clock Delay (DCD):    5.143ns = ( 15.143 - 10.000 ) 
    Source Clock Delay      (SCD):    5.629ns
    Clock Pessimism Removal (CPR):    0.193ns
  Clock Uncertainty:      0.035ns  ((TSJ^2 + TIJ^2)^1/2 + DJ) / 2 + PE
    Total System Jitter     (TSJ):    0.071ns
    Total Input Jitter      (TIJ):    0.000ns
    Discrete Jitter          (DJ):    0.000ns
    Phase Error              (PE):    0.000ns

    Location             Delay type                Incr(ns)  Path(ns)    Netlist Resource(s)
  -------------------------------------------------------------------    -------------------
                         (clock sys_clk_pin rise edge)
                                                      0.000     0.000 r  
    R4                                                0.000     0.000 r  clk (IN)
                         net (fo=0)                   0.000     0.000    clk
    R4                   IBUF (Prop_ibuf_I_O)         1.475     1.475 r  clk_IBUF_inst/O
                         net (fo=1, routed)           2.114     3.589    clk_IBUF
    BUFGCTRL_X0Y0        BUFG (Prop_bufg_I_O)         0.096     3.685 r  clk_IBUF_BUFG_inst/O
                         net (fo=4970, routed)        1.944     5.629    rv64im72f_6sp/alu/clk_IBUF_BUFG
    SLICE_X13Y92         FDRE                                         r  rv64im72f_6sp/alu/i___511_psdsp/C
  -------------------------------------------------------------------    -------------------
    SLICE_X13Y92         FDRE (Prop_fdre_C_Q)         0.456     6.085 r  rv64im72f_6sp/alu/i___511_psdsp/Q
                         net (fo=2, routed)           0.810     6.895    rv64im72f_6sp/alu/multiplier_dword/mult_ALBL__2_0[4]
    SLICE_X10Y92         LUT3 (Prop_lut3_I1_O)        0.124     7.019 r  rv64im72f_6sp/alu/multiplier_dword/prod_low[23]_i_10/O
                         net (fo=1, routed)           0.000     7.019    rv64im72f_6sp/alu/multiplier_dword/prod_low[23]_i_10_n_0
    SLICE_X10Y92         CARRY4 (Prop_carry4_S[1]_CO[3])
                                                      0.533     7.552 r  rv64im72f_6sp/alu/multiplier_dword/prod_low_reg[23]_i_3/CO[3]
                         net (fo=1, routed)           0.000     7.552    rv64im72f_6sp/alu/multiplier_dword/prod_low_reg[23]_i_3_n_0
    SLICE_X10Y93         CARRY4 (Prop_carry4_CI_CO[3])
                                                      0.117     7.669 r  rv64im72f_6sp/alu/multiplier_dword/prod_low_reg[27]_i_3/CO[3]
                         net (fo=1, routed)           0.000     7.669    rv64im72f_6sp/alu/multiplier_dword/prod_low_reg[27]_i_3_n_0
    SLICE_X10Y94         CARRY4 (Prop_carry4_CI_CO[3])
                                                      0.117     7.786 r  rv64im72f_6sp/alu/multiplier_dword/prod_low_reg[31]_i_3/CO[3]
                         net (fo=1, routed)           0.000     7.786    rv64im72f_6sp/alu/multiplier_dword/prod_low_reg[31]_i_3_n_0
    SLICE_X10Y95         CARRY4 (Prop_carry4_CI_CO[3])
                                                      0.117     7.903 r  rv64im72f_6sp/alu/multiplier_dword/prod_low_reg[39]_i_16/CO[3]
                         net (fo=1, routed)           0.000     7.903    rv64im72f_6sp/alu/multiplier_dword/prod_low_reg[39]_i_16_n_0
    SLICE_X10Y96         CARRY4 (Prop_carry4_CI_CO[3])
                                                      0.117     8.020 r  rv64im72f_6sp/alu/multiplier_dword/prod_low_reg[43]_i_16/CO[3]
                         net (fo=1, routed)           0.000     8.020    rv64im72f_6sp/alu/multiplier_dword/prod_low_reg[43]_i_16_n_0
    SLICE_X10Y97         CARRY4 (Prop_carry4_CI_CO[3])
                                                      0.117     8.137 r  rv64im72f_6sp/alu/multiplier_dword/prod_low_reg[47]_i_16/CO[3]
                         net (fo=1, routed)           0.000     8.137    rv64im72f_6sp/alu/multiplier_dword/prod_low_reg[47]_i_16_n_0
    SLICE_X10Y98         CARRY4 (Prop_carry4_CI_CO[3])
                                                      0.117     8.254 r  rv64im72f_6sp/alu/multiplier_dword/prod_low_reg[51]_i_16/CO[3]
                         net (fo=1, routed)           0.000     8.254    rv64im72f_6sp/alu/multiplier_dword/prod_low_reg[51]_i_16_n_0
    SLICE_X10Y99         CARRY4 (Prop_carry4_CI_O[3])
                                                      0.315     8.569 r  rv64im72f_6sp/alu/multiplier_dword/prod_low_reg[55]_i_18/O[3]
                         net (fo=2, routed)           0.518     9.088    rv64im72f_6sp/alu/multiplier_dword/prod_ALBL_s2_reg[51]
    SLICE_X8Y99          LUT3 (Prop_lut3_I2_O)        0.307     9.395 r  rv64im72f_6sp/alu/multiplier_dword/prod_low[55]_i_11/O
                         net (fo=2, routed)           0.737    10.132    rv64im72f_6sp/alu/multiplier_dword/prod_low[55]_i_11_n_0
    SLICE_X12Y100        LUT4 (Prop_lut4_I3_O)        0.124    10.256 r  rv64im72f_6sp/alu/multiplier_dword/prod_low[55]_i_15/O
                         net (fo=1, routed)           0.000    10.256    rv64im72f_6sp/alu/multiplier_dword/prod_low[55]_i_15_n_0
    SLICE_X12Y100        CARRY4 (Prop_carry4_S[0]_CO[3])
                                                      0.513    10.769 r  rv64im72f_6sp/alu/multiplier_dword/prod_low_reg[55]_i_3/CO[3]
                         net (fo=1, routed)           0.000    10.769    rv64im72f_6sp/alu/multiplier_dword/prod_low_reg[55]_i_3_n_0
    SLICE_X12Y101        CARRY4 (Prop_carry4_CI_CO[3])
                                                      0.117    10.886 r  rv64im72f_6sp/alu/multiplier_dword/prod_low_reg[59]_i_3/CO[3]
                         net (fo=1, routed)           0.000    10.886    rv64im72f_6sp/alu/multiplier_dword/prod_low_reg[59]_i_3_n_0
    SLICE_X12Y102        CARRY4 (Prop_carry4_CI_CO[3])
                                                      0.117    11.003 r  rv64im72f_6sp/alu/multiplier_dword/prod_low_reg[63]_i_3/CO[3]
                         net (fo=1, routed)           0.000    11.003    rv64im72f_6sp/alu/multiplier_dword/prod_low_reg[63]_i_3_n_0
    SLICE_X12Y103        CARRY4 (Prop_carry4_CI_CO[3])
                                                      0.117    11.120 r  rv64im72f_6sp/alu/multiplier_dword/prod_high_reg[3]_i_3/CO[3]
                         net (fo=1, routed)           0.000    11.120    rv64im72f_6sp/alu/multiplier_dword/prod_high_reg[3]_i_3_n_0
    SLICE_X12Y104        CARRY4 (Prop_carry4_CI_CO[3])
                                                      0.117    11.237 r  rv64im72f_6sp/alu/multiplier_dword/prod_high_reg[7]_i_3/CO[3]
                         net (fo=1, routed)           0.000    11.237    rv64im72f_6sp/alu/multiplier_dword/prod_high_reg[7]_i_3_n_0
    SLICE_X12Y105        CARRY4 (Prop_carry4_CI_CO[3])
                                                      0.117    11.354 r  rv64im72f_6sp/alu/multiplier_dword/prod_high_reg[11]_i_3/CO[3]
                         net (fo=1, routed)           0.000    11.354    rv64im72f_6sp/alu/multiplier_dword/prod_high_reg[11]_i_3_n_0
    SLICE_X12Y106        CARRY4 (Prop_carry4_CI_CO[3])
                                                      0.117    11.471 r  rv64im72f_6sp/alu/multiplier_dword/prod_high_reg[15]_i_3/CO[3]
                         net (fo=1, routed)           0.000    11.471    rv64im72f_6sp/alu/multiplier_dword/prod_high_reg[15]_i_3_n_0
    SLICE_X12Y107        CARRY4 (Prop_carry4_CI_CO[3])
                                                      0.117    11.588 r  rv64im72f_6sp/alu/multiplier_dword/prod_high_reg[19]_i_3/CO[3]
                         net (fo=1, routed)           0.000    11.588    rv64im72f_6sp/alu/multiplier_dword/prod_high_reg[19]_i_3_n_0
    SLICE_X12Y108        CARRY4 (Prop_carry4_CI_CO[3])
                                                      0.117    11.705 r  rv64im72f_6sp/alu/multiplier_dword/prod_high_reg[23]_i_3/CO[3]
                         net (fo=1, routed)           0.000    11.705    rv64im72f_6sp/alu/multiplier_dword/prod_high_reg[23]_i_3_n_0
    SLICE_X12Y109        CARRY4 (Prop_carry4_CI_CO[3])
                                                      0.117    11.822 r  rv64im72f_6sp/alu/multiplier_dword/prod_high_reg[27]_i_3/CO[3]
                         net (fo=1, routed)           0.000    11.822    rv64im72f_6sp/alu/multiplier_dword/prod_high_reg[27]_i_3_n_0
    SLICE_X12Y110        CARRY4 (Prop_carry4_CI_CO[3])
                                                      0.117    11.939 r  rv64im72f_6sp/alu/multiplier_dword/prod_high_reg[31]_i_3/CO[3]
                         net (fo=1, routed)           0.000    11.939    rv64im72f_6sp/alu/multiplier_dword/prod_high_reg[31]_i_3_n_0
    SLICE_X12Y111        CARRY4 (Prop_carry4_CI_CO[3])
                                                      0.117    12.056 r  rv64im72f_6sp/alu/multiplier_dword/prod_high_reg[35]_i_3/CO[3]
                         net (fo=1, routed)           0.000    12.056    rv64im72f_6sp/alu/multiplier_dword/prod_high_reg[35]_i_3_n_0
    SLICE_X12Y112        CARRY4 (Prop_carry4_CI_CO[3])
                                                      0.117    12.173 r  rv64im72f_6sp/alu/multiplier_dword/prod_high_reg[39]_i_3/CO[3]
                         net (fo=1, routed)           0.000    12.173    rv64im72f_6sp/alu/multiplier_dword/prod_high_reg[39]_i_3_n_0
    SLICE_X12Y113        CARRY4 (Prop_carry4_CI_CO[3])
                                                      0.117    12.290 r  rv64im72f_6sp/alu/multiplier_dword/prod_high_reg[43]_i_3/CO[3]
                         net (fo=1, routed)           0.000    12.290    rv64im72f_6sp/alu/multiplier_dword/prod_high_reg[43]_i_3_n_0
    SLICE_X12Y114        CARRY4 (Prop_carry4_CI_O[0])
                                                      0.219    12.509 f  rv64im72f_6sp/alu/multiplier_dword/prod_high_reg[47]_i_3/O[0]
                         net (fo=2, routed)           0.662    13.171    rv64im72f_6sp/alu/multiplier_dword/in[108]
    SLICE_X13Y114        LUT1 (Prop_lut1_I0_O)        0.295    13.466 r  rv64im72f_6sp/alu/multiplier_dword/prod_high[47]_i_7/O
                         net (fo=1, routed)           0.000    13.466    rv64im72f_6sp/alu/multiplier_dword/prod_high[47]_i_7_n_0
    SLICE_X13Y114        CARRY4 (Prop_carry4_S[0]_CO[3])
                                                      0.532    13.998 r  rv64im72f_6sp/alu/multiplier_dword/prod_high_reg[47]_i_2/CO[3]
                         net (fo=1, routed)           0.000    13.998    rv64im72f_6sp/alu/multiplier_dword/prod_high_reg[47]_i_2_n_0
    SLICE_X13Y115        CARRY4 (Prop_carry4_CI_CO[3])
                                                      0.114    14.112 r  rv64im72f_6sp/alu/multiplier_dword/prod_high_reg[51]_i_2/CO[3]
                         net (fo=1, routed)           0.000    14.112    rv64im72f_6sp/alu/multiplier_dword/prod_high_reg[51]_i_2_n_0
    SLICE_X13Y116        CARRY4 (Prop_carry4_CI_CO[3])
                                                      0.114    14.226 r  rv64im72f_6sp/alu/multiplier_dword/prod_high_reg[55]_i_2/CO[3]
                         net (fo=1, routed)           0.000    14.226    rv64im72f_6sp/alu/multiplier_dword/prod_high_reg[55]_i_2_n_0
    SLICE_X13Y117        CARRY4 (Prop_carry4_CI_CO[3])
                                                      0.114    14.340 r  rv64im72f_6sp/alu/multiplier_dword/prod_high_reg[59]_i_2/CO[3]
                         net (fo=1, routed)           0.000    14.340    rv64im72f_6sp/alu/multiplier_dword/prod_high_reg[59]_i_2_n_0
    SLICE_X13Y118        CARRY4 (Prop_carry4_CI_O[1])
                                                      0.334    14.674 r  rv64im72f_6sp/alu/multiplier_dword/prod_high_reg[63]_i_3/O[1]
                         net (fo=1, routed)           0.288    14.962    rv64im72f_6sp/alu/multiplier_dword/prod_corrected0[125]
    SLICE_X15Y118        LUT3 (Prop_lut3_I0_O)        0.303    15.265 r  rv64im72f_6sp/alu/multiplier_dword/prod_high[61]_i_1/O
                         net (fo=1, routed)           0.000    15.265    rv64im72f_6sp/alu/multiplier_dword/prod_high[61]_i_1_n_0
    SLICE_X15Y118        FDCE                                         r  rv64im72f_6sp/alu/multiplier_dword/prod_high_reg[61]/D
  -------------------------------------------------------------------    -------------------

                         (clock sys_clk_pin rise edge)
                                                     10.000    10.000 r  
    R4                                                0.000    10.000 r  clk (IN)
                         net (fo=0)                   0.000    10.000    clk
    R4                   IBUF (Prop_ibuf_I_O)         1.405    11.405 r  clk_IBUF_inst/O
                         net (fo=1, routed)           2.004    13.409    clk_IBUF
    BUFGCTRL_X0Y0        BUFG (Prop_bufg_I_O)         0.091    13.500 r  clk_IBUF_BUFG_inst/O
                         net (fo=4970, routed)        1.643    15.143    rv64im72f_6sp/alu/multiplier_dword/clk_IBUF_BUFG
    SLICE_X15Y118        FDCE                                         r  rv64im72f_6sp/alu/multiplier_dword/prod_high_reg[61]/C
                         clock pessimism              0.193    15.336    
                         clock uncertainty           -0.035    15.301    
    SLICE_X15Y118        FDCE (Setup_fdce_C_D)        0.031    15.332    rv64im72f_6sp/alu/multiplier_dword/prod_high_reg[61]
  -------------------------------------------------------------------
                         required time                         15.332    
                         arrival time                         -15.265    
  -------------------------------------------------------------------
                         slack                                  0.067    





Min Delay Paths
--------------------------------------------------------------------------------------
Slack (MET) :             0.119ns  (arrival time - required time)
  Source:                 rv64im72f_6sp/mem_wb_register/WB_forward_data_value_reg[18]/C
                            (rising edge-triggered cell FDRE clocked by sys_clk_pin  {rise@0.000ns fall@5.000ns period=10.000ns})
  Destination:            rv64im72f_6sp/register_file/registers_reg_r1_0_31_18_23/RAMA/I
                            (rising edge-triggered cell RAMD32 clocked by sys_clk_pin  {rise@0.000ns fall@5.000ns period=10.000ns})
  Path Group:             sys_clk_pin
  Path Type:              Hold (Min at Fast Process Corner)
  Requirement:            0.000ns  (sys_clk_pin rise@0.000ns - sys_clk_pin rise@0.000ns)
  Data Path Delay:        0.279ns  (logic 0.141ns (50.474%)  route 0.138ns (49.526%))
  Logic Levels:           0  
  Clock Path Skew:        0.013ns (DCD - SCD - CPR)
    Destination Clock Delay (DCD):    2.139ns
    Source Clock Delay      (SCD):    1.618ns
    Clock Pessimism Removal (CPR):    0.508ns

    Location             Delay type                Incr(ns)  Path(ns)    Netlist Resource(s)
  -------------------------------------------------------------------    -------------------
                         (clock sys_clk_pin rise edge)
                                                      0.000     0.000 r  
    R4                                                0.000     0.000 r  clk (IN)
                         net (fo=0)                   0.000     0.000    clk
    R4                   IBUF (Prop_ibuf_I_O)         0.243     0.243 r  clk_IBUF_inst/O
                         net (fo=1, routed)           0.676     0.919    clk_IBUF
    BUFGCTRL_X0Y0        BUFG (Prop_bufg_I_O)         0.026     0.945 r  clk_IBUF_BUFG_inst/O
                         net (fo=4970, routed)        0.673     1.618    rv64im72f_6sp/mem_wb_register/clk_IBUF_BUFG
    SLICE_X38Y79         FDRE                                         r  rv64im72f_6sp/mem_wb_register/WB_forward_data_value_reg[18]/C
  -------------------------------------------------------------------    -------------------
    SLICE_X38Y79         FDRE (Prop_fdre_C_Q)         0.141     1.759 r  rv64im72f_6sp/mem_wb_register/WB_forward_data_value_reg[18]/Q
                         net (fo=9, routed)           0.138     1.898    rv64im72f_6sp/register_file/registers_reg_r1_0_31_18_23/DIA0
    SLICE_X40Y78         RAMD32                                       r  rv64im72f_6sp/register_file/registers_reg_r1_0_31_18_23/RAMA/I
  -------------------------------------------------------------------    -------------------

                         (clock sys_clk_pin rise edge)
                                                      0.000     0.000 r  
    R4                                                0.000     0.000 r  clk (IN)
                         net (fo=0)                   0.000     0.000    clk
    R4                   IBUF (Prop_ibuf_I_O)         0.431     0.431 r  clk_IBUF_inst/O
                         net (fo=1, routed)           0.734     1.165    clk_IBUF
    BUFGCTRL_X0Y0        BUFG (Prop_bufg_I_O)         0.029     1.194 r  clk_IBUF_BUFG_inst/O
                         net (fo=4970, routed)        0.946     2.139    rv64im72f_6sp/register_file/registers_reg_r1_0_31_18_23/WCLK
    SLICE_X40Y78         RAMD32                                       r  rv64im72f_6sp/register_file/registers_reg_r1_0_31_18_23/RAMA/CLK
                         clock pessimism             -0.508     1.631    
    SLICE_X40Y78         RAMD32 (Hold_ramd32_CLK_I)
                                                      0.147     1.778    rv64im72f_6sp/register_file/registers_reg_r1_0_31_18_23/RAMA
  -------------------------------------------------------------------
                         required time                         -1.778    
                         arrival time                           1.898    
  -------------------------------------------------------------------
                         slack                                  0.119    





Pulse Width Checks
--------------------------------------------------------------------------------------
Clock Name:         sys_clk_pin
Waveform(ns):       { 0.000 5.000 }
Period(ns):         10.000
Sources:            { clk }

Check Type        Corner  Lib Pin             Reference Pin  Required(ns)  Actual(ns)  Slack(ns)  Location      Pin
Min Period        n/a     RAMB36E1/CLKARDCLK  n/a            2.944         10.000      7.056      RAMB36_X1Y13  rv64im72f_6sp/data_memory/memory_bank0_reg_0/CLKARDCLK
Low Pulse Width   Slow    RAMD32/CLK          n/a            1.250         5.000       3.750      SLICE_X36Y69  rv64im72f_6sp/register_file/registers_reg_r1_0_31_0_5/RAMA/CLK
High Pulse Width  Slow    RAMD32/CLK          n/a            1.250         5.000       3.750      SLICE_X36Y69  rv64im72f_6sp/register_file/registers_reg_r1_0_31_0_5/RAMA/CLK



---------------------------------------------------------------------------------------------------
Path Group:  **async_default**
From Clock:  sys_clk_pin
  To Clock:  sys_clk_pin

Setup :            0  Failing Endpoints,  Worst Slack        3.667ns,  Total Violation        0.000ns
Hold  :            0  Failing Endpoints,  Worst Slack        0.365ns,  Total Violation        0.000ns
---------------------------------------------------------------------------------------------------


Max Delay Paths
--------------------------------------------------------------------------------------
Slack (MET) :             3.667ns  (required time - arrival time)
  Source:                 reset_sync_reg[2]_replica_1/C
                            (rising edge-triggered cell FDPE clocked by sys_clk_pin  {rise@0.000ns fall@5.000ns period=10.000ns})
  Destination:            rv64im72f_6sp/EXR_store_data_hold_reg[34]/CLR
                            (recovery check against rising-edge clock sys_clk_pin  {rise@0.000ns fall@5.000ns period=10.000ns})
  Path Group:             **async_default**
  Path Type:              Recovery (Max at Slow Process Corner)
  Requirement:            10.000ns  (sys_clk_pin rise@10.000ns - sys_clk_pin rise@0.000ns)
  Data Path Delay:        5.804ns  (logic 0.456ns (7.856%)  route 5.348ns (92.144%))
  Logic Levels:           0  
  Clock Path Skew:        -0.132ns (DCD - SCD + CPR)
    Destination Clock Delay (DCD):    5.210ns = ( 15.210 - 10.000 ) 
    Source Clock Delay      (SCD):    5.615ns
    Clock Pessimism Removal (CPR):    0.273ns
  Clock Uncertainty:      0.035ns  ((TSJ^2 + TIJ^2)^1/2 + DJ) / 2 + PE
    Total System Jitter     (TSJ):    0.071ns
    Total Input Jitter      (TIJ):    0.000ns
    Discrete Jitter          (DJ):    0.000ns
    Phase Error              (PE):    0.000ns

    Location             Delay type                Incr(ns)  Path(ns)    Netlist Resource(s)
  -------------------------------------------------------------------    -------------------
                         (clock sys_clk_pin rise edge)
                                                      0.000     0.000 r  
    R4                                                0.000     0.000 r  clk (IN)
                         net (fo=0)                   0.000     0.000    clk
    R4                   IBUF (Prop_ibuf_I_O)         1.475     1.475 r  clk_IBUF_inst/O
                         net (fo=1, routed)           2.114     3.589    clk_IBUF
    BUFGCTRL_X0Y0        BUFG (Prop_bufg_I_O)         0.096     3.685 r  clk_IBUF_BUFG_inst/O
                         net (fo=4970, routed)        1.930     5.615    clk_IBUF_BUFG
    SLICE_X33Y85         FDPE                                         r  reset_sync_reg[2]_replica_1/C
  -------------------------------------------------------------------    -------------------
    SLICE_X33Y85         FDPE (Prop_fdpe_C_Q)         0.456     6.071 f  reset_sync_reg[2]_replica_1/Q
                         net (fo=168, routed)         5.348    11.419    rv64im72f_6sp/internal_reset_repN_1_alias
    SLICE_X46Y84         FDCE                                         f  rv64im72f_6sp/EXR_store_data_hold_reg[34]/CLR
  -------------------------------------------------------------------    -------------------

                         (clock sys_clk_pin rise edge)
                                                     10.000    10.000 r  
    R4                                                0.000    10.000 r  clk (IN)
                         net (fo=0)                   0.000    10.000    clk
    R4                   IBUF (Prop_ibuf_I_O)         1.405    11.405 r  clk_IBUF_inst/O
                         net (fo=1, routed)           2.004    13.409    clk_IBUF
    BUFGCTRL_X0Y0        BUFG (Prop_bufg_I_O)         0.091    13.500 r  clk_IBUF_BUFG_inst/O
                         net (fo=4970, routed)        1.710    15.210    rv64im72f_6sp/clk_IBUF_BUFG
    SLICE_X46Y84         FDCE                                         r  rv64im72f_6sp/EXR_store_data_hold_reg[34]/C
                         clock pessimism              0.273    15.483    
                         clock uncertainty           -0.035    15.448    
    SLICE_X46Y84         FDCE (Recov_fdce_C_CLR)     -0.361    15.087    rv64im72f_6sp/EXR_store_data_hold_reg[34]
  -------------------------------------------------------------------
                         required time                         15.087    
                         arrival time                         -11.419    
  -------------------------------------------------------------------
                         slack                                  3.667    





Min Delay Paths
--------------------------------------------------------------------------------------
Slack (MET) :             0.365ns  (arrival time - required time)
  Source:                 reset_sync_reg[2]_replica_4/C
                            (rising edge-triggered cell FDPE clocked by sys_clk_pin  {rise@0.000ns fall@5.000ns period=10.000ns})
  Destination:            rv64im72f_6sp/alu/divider_dword/dividend_reg_reg[18]/CLR
                            (removal check against rising-edge clock sys_clk_pin  {rise@0.000ns fall@5.000ns period=10.000ns})
  Path Group:             **async_default**
  Path Type:              Removal (Min at Fast Process Corner)
  Requirement:            0.000ns  (sys_clk_pin rise@0.000ns - sys_clk_pin rise@0.000ns)
  Data Path Delay:        0.638ns  (logic 0.164ns (25.693%)  route 0.474ns (74.307%))
  Logic Levels:           0  
  Clock Path Skew:        0.365ns (DCD - SCD - CPR)
    Destination Clock Delay (DCD):    2.191ns
    Source Clock Delay      (SCD):    1.573ns
    Clock Pessimism Removal (CPR):    0.253ns

    Location             Delay type                Incr(ns)  Path(ns)    Netlist Resource(s)
  -------------------------------------------------------------------    -------------------
                         (clock sys_clk_pin rise edge)
                                                      0.000     0.000 r  
    R4                                                0.000     0.000 r  clk (IN)
                         net (fo=0)                   0.000     0.000    clk
    R4                   IBUF (Prop_ibuf_I_O)         0.243     0.243 r  clk_IBUF_inst/O
                         net (fo=1, routed)           0.676     0.919    clk_IBUF
    BUFGCTRL_X0Y0        BUFG (Prop_bufg_I_O)         0.026     0.945 r  clk_IBUF_BUFG_inst/O
                         net (fo=4970, routed)        0.628     1.573    clk_IBUF_BUFG
    SLICE_X10Y102        FDPE                                         r  reset_sync_reg[2]_replica_4/C
  -------------------------------------------------------------------    -------------------
    SLICE_X10Y102        FDPE (Prop_fdpe_C_Q)         0.164     1.737 f  reset_sync_reg[2]_replica_4/Q
                         net (fo=170, routed)         0.474     2.211    rv64im72f_6sp/alu/divider_dword/internal_reset_repN_4_alias
    SLICE_X5Y95          FDCE                                         f  rv64im72f_6sp/alu/divider_dword/dividend_reg_reg[18]/CLR
  -------------------------------------------------------------------    -------------------

                         (clock sys_clk_pin rise edge)
                                                      0.000     0.000 r  
    R4                                                0.000     0.000 r  clk (IN)
                         net (fo=0)                   0.000     0.000    clk
    R4                   IBUF (Prop_ibuf_I_O)         0.431     0.431 r  clk_IBUF_inst/O
                         net (fo=1, routed)           0.734     1.165    clk_IBUF
    BUFGCTRL_X0Y0        BUFG (Prop_bufg_I_O)         0.029     1.194 r  clk_IBUF_BUFG_inst/O
                         net (fo=4970, routed)        0.998     2.191    rv64im72f_6sp/alu/divider_dword/clk_IBUF_BUFG
    SLICE_X5Y95          FDCE                                         r  rv64im72f_6sp/alu/divider_dword/dividend_reg_reg[18]/C
                         clock pessimism             -0.253     1.938    
    SLICE_X5Y95          FDCE (Remov_fdce_C_CLR)     -0.092     1.846    rv64im72f_6sp/alu/divider_dword/dividend_reg_reg[18]
  -------------------------------------------------------------------
                         required time                         -1.846    
                         arrival time                           2.211    
  -------------------------------------------------------------------
                         slack                                  0.365    





