Copyright 1986-2022 Xilinx, Inc. All Rights Reserved. Copyright 2022-2025 Advanced Micro Devices, Inc. All Rights Reserved.
-------------------------------------------------------------------------------------------------------------------------------------------------------
| Tool Version : Vivado v.2025.2 (lin64) Build 6299465 Fri Nov 14 12:34:56 MST 2025
| Date         : Wed Sep  9 17:35:25 2026
| Host         : khwl-ThinkPad-X1-Carbon-Gen-13 running 64-bit Ubuntu 24.04.4 LTS
| Command      : report_timing_summary -file /home/khwl/Desktop/RV-IM100/riscof-env/logs/reimage_reports/RV32IM_8SP_dhrystone/timing.rpt
| Design       : RV32IM72F8SPSoCTOP
| Device       : 7a200t-sbg484
| Speed File   : -1  PRODUCTION 1.23 2018-06-13
| Design State : Physopt postRoute
-------------------------------------------------------------------------------------------------------------------------------------------------------

Timing Summary Report

------------------------------------------------------------------------------------------------
| Timer Settings
| --------------
------------------------------------------------------------------------------------------------

  Enable Multi Corner Analysis               :  Yes
  Enable Pessimism Removal                   :  Yes
  Pessimism Removal Resolution               :  Nearest Common Node
  Enable Input Delay Default Clock           :  No
  Enable Preset / Clear Arcs                 :  No
  Disable Flight Delays                      :  No
  Ignore I/O Paths                           :  No
  Timing Early Launch at Borrowing Latches   :  No
  Borrow Time for Max Delay Exceptions       :  Yes
  Merge Timing Exceptions                    :  Yes
  Inter-SLR Compensation                     :  Conservative

  Corner  Analyze    Analyze    
  Name    Max Paths  Min Paths  
  ------  ---------  ---------  
  Slow    Yes        Yes        
  Fast    Yes        Yes        


------------------------------------------------------------------------------------------------
| Report Methodology
| ------------------
------------------------------------------------------------------------------------------------

Rule      Severity  Description                                 Violations  
--------  --------  ------------------------------------------  ----------  
DPIR-1    Warning   Asynchronous driver check                   111         
SYNTH-6   Warning   Timing of a RAM block might be sub-optimal  16          
SYNTH-10  Warning   Wide multiplier                             4           

Note: This report is based on the most recent report_methodology run and may not be up-to-date. Run report_methodology on the current design for the latest report.



check_timing report

Table of Contents
-----------------
1. checking no_clock (0)
2. checking constant_clock (0)
3. checking pulse_width_clock (0)
4. checking unconstrained_internal_endpoints (0)
5. checking no_input_delay (2)
6. checking no_output_delay (9)
7. checking multiple_clock (0)
8. checking generated_clocks (0)
9. checking loops (0)
10. checking partial_input_delay (0)
11. checking partial_output_delay (0)
12. checking latch_loops (0)

1. checking no_clock (0)
------------------------
 There are 0 register/latch pins with no clock.


2. checking constant_clock (0)
------------------------------
 There are 0 register/latch pins with constant_clock.


3. checking pulse_width_clock (0)
---------------------------------
 There are 0 register/latch pins which need pulse_width check


4. checking unconstrained_internal_endpoints (0)
------------------------------------------------
 There are 0 pins that are not constrained for maximum delay.

 There are 0 pins that are not constrained for maximum delay due to constant clock.


5. checking no_input_delay (2)
------------------------------
 There are 0 input ports with no input delay specified.

 There are 2 input ports with no input delay but user has a false path constraint. (MEDIUM)


6. checking no_output_delay (9)
-------------------------------
 There are 0 ports with no output delay specified.

 There are 9 ports with no output delay but user has a false path constraint (MEDIUM)

 There are 0 ports with no output delay but with a timing clock defined on it or propagating through it


7. checking multiple_clock (0)
------------------------------
 There are 0 register/latch pins with multiple clocks.


8. checking generated_clocks (0)
--------------------------------
 There are 0 generated clocks that are not connected to a clock source.


9. checking loops (0)
---------------------
 There are 0 combinational loops in the design.


10. checking partial_input_delay (0)
------------------------------------
 There are 0 input ports with partial input delay specified.


11. checking partial_output_delay (0)
-------------------------------------
 There are 0 ports with partial output delay specified.


12. checking latch_loops (0)
----------------------------
 There are 0 combinational latch loops in the design through latch input



------------------------------------------------------------------------------------------------
| Design Timing Summary
| ---------------------
------------------------------------------------------------------------------------------------

    WNS(ns)      TNS(ns)  TNS Failing Endpoints  TNS Total Endpoints      WHS(ns)      THS(ns)  THS Failing Endpoints  THS Total Endpoints     WPWS(ns)     TPWS(ns)  TPWS Failing Endpoints  TPWS Total Endpoints  
    -------      -------  ---------------------  -------------------      -------      -------  ---------------------  -------------------     --------     --------  ----------------------  --------------------  
     -0.125       -2.291                     55                 8172        0.098        0.000                      0                 8172        2.888        0.000                       0                  2480  


Timing constraints are not met.


------------------------------------------------------------------------------------------------
| Clock Summary
| -------------
------------------------------------------------------------------------------------------------

Clock                 Waveform(ns)         Period(ns)      Frequency(MHz)
-----                 ------------         ----------      --------------
clk                   {0.000 5.000}        10.000          100.000         
  clk_out1_clk_wiz_0  {0.000 4.138}        8.276           120.833         
  clkfbout_clk_wiz_0  {0.000 10.000}       20.000          50.000          


------------------------------------------------------------------------------------------------
| Intra Clock Table
| -----------------
------------------------------------------------------------------------------------------------

Clock                     WNS(ns)      TNS(ns)  TNS Failing Endpoints  TNS Total Endpoints      WHS(ns)      THS(ns)  THS Failing Endpoints  THS Total Endpoints     WPWS(ns)     TPWS(ns)  TPWS Failing Endpoints  TPWS Total Endpoints  
-----                     -------      -------  ---------------------  -------------------      -------      -------  ---------------------  -------------------     --------     --------  ----------------------  --------------------  
clk                                                                                                                                                                     3.000        0.000                       0                     1  
  clk_out1_clk_wiz_0       -0.125       -2.291                     55                 7253        0.098        0.000                      0                 7253        2.888        0.000                       0                  2476  
  clkfbout_clk_wiz_0                                                                                                                                                   17.845        0.000                       0                     3  


------------------------------------------------------------------------------------------------
| Inter Clock Table
| -----------------
------------------------------------------------------------------------------------------------

From Clock    To Clock          WNS(ns)      TNS(ns)  TNS Failing Endpoints  TNS Total Endpoints      WHS(ns)      THS(ns)  THS Failing Endpoints  THS Total Endpoints  
----------    --------          -------      -------  ---------------------  -------------------      -------      -------  ---------------------  -------------------  


------------------------------------------------------------------------------------------------
| Other Path Groups Table
| -----------------------
------------------------------------------------------------------------------------------------

Path Group          From Clock          To Clock                WNS(ns)      TNS(ns)  TNS Failing Endpoints  TNS Total Endpoints      WHS(ns)      THS(ns)  THS Failing Endpoints  THS Total Endpoints  
----------          ----------          --------                -------      -------  ---------------------  -------------------      -------      -------  ---------------------  -------------------  
**async_default**   clk_out1_clk_wiz_0  clk_out1_clk_wiz_0        1.141        0.000                      0                  919        0.526        0.000                      0                  919  


------------------------------------------------------------------------------------------------
| Timing Details
| --------------
------------------------------------------------------------------------------------------------


---------------------------------------------------------------------------------------------------
From Clock:  clk
  To Clock:  clk

Setup :           NA  Failing Endpoints,  Worst Slack           NA  ,  Total Violation           NA
Hold  :           NA  Failing Endpoints,  Worst Slack           NA  ,  Total Violation           NA
PW    :            0  Failing Endpoints,  Worst Slack        3.000ns,  Total Violation        0.000ns
---------------------------------------------------------------------------------------------------


Pulse Width Checks
--------------------------------------------------------------------------------------
Clock Name:         clk
Waveform(ns):       { 0.000 5.000 }
Period(ns):         10.000
Sources:            { clk }

Check Type        Corner  Lib Pin           Reference Pin  Required(ns)  Actual(ns)  Slack(ns)  Location        Pin
Min Period        n/a     PLLE2_ADV/CLKIN1  n/a            1.249         10.000      8.751      PLLE2_ADV_X1Y2  clk_gen/inst/plle2_adv_inst/CLKIN1
Max Period        n/a     PLLE2_ADV/CLKIN1  n/a            52.633        10.000      42.633     PLLE2_ADV_X1Y2  clk_gen/inst/plle2_adv_inst/CLKIN1
Low Pulse Width   Slow    PLLE2_ADV/CLKIN1  n/a            2.000         5.000       3.000      PLLE2_ADV_X1Y2  clk_gen/inst/plle2_adv_inst/CLKIN1
High Pulse Width  Slow    PLLE2_ADV/CLKIN1  n/a            2.000         5.000       3.000      PLLE2_ADV_X1Y2  clk_gen/inst/plle2_adv_inst/CLKIN1



---------------------------------------------------------------------------------------------------
From Clock:  clk_out1_clk_wiz_0
  To Clock:  clk_out1_clk_wiz_0

Setup :           55  Failing Endpoints,  Worst Slack       -0.125ns,  Total Violation       -2.291ns
Hold  :            0  Failing Endpoints,  Worst Slack        0.098ns,  Total Violation        0.000ns
PW    :            0  Failing Endpoints,  Worst Slack        2.888ns,  Total Violation        0.000ns
---------------------------------------------------------------------------------------------------


Max Delay Paths
--------------------------------------------------------------------------------------
Slack (VIOLATED) :        -0.125ns  (required time - arrival time)
  Source:                 rv32im72f_8sp/ex_ex2_register/EX2_alu_result_reg[22]/C
                            (rising edge-triggered cell FDRE clocked by clk_out1_clk_wiz_0  {rise@0.000ns fall@4.138ns period=8.276ns})
  Destination:            rv32im72f_8sp/instruction_memory/instruction_reg_0/ENBWREN
                            (rising edge-triggered cell RAMB36E1 clocked by clk_out1_clk_wiz_0  {rise@0.000ns fall@4.138ns period=8.276ns})
  Path Group:             clk_out1_clk_wiz_0
  Path Type:              Setup (Max at Slow Process Corner)
  Requirement:            8.276ns  (clk_out1_clk_wiz_0 rise@8.276ns - clk_out1_clk_wiz_0 rise@0.000ns)
  Data Path Delay:        7.893ns  (logic 1.897ns (24.032%)  route 5.996ns (75.968%))
  Logic Levels:           9  (LUT2=1 LUT3=1 LUT4=1 LUT6=5 MUXF7=1)
  Clock Path Skew:        0.001ns (DCD - SCD + CPR)
    Destination Clock Delay (DCD):    -1.546ns = ( 6.730 - 8.276 ) 
    Source Clock Delay      (SCD):    -1.954ns
    Clock Pessimism Removal (CPR):    -0.406ns
  Clock Uncertainty:      0.066ns  ((TSJ^2 + DJ^2)^1/2) / 2 + PE
    Total System Jitter     (TSJ):    0.071ns
    Discrete Jitter          (DJ):    0.111ns
    Phase Error              (PE):    0.000ns

    Location             Delay type                Incr(ns)  Path(ns)    Netlist Resource(s)
  -------------------------------------------------------------------    -------------------
                         (clock clk_out1_clk_wiz_0 rise edge)
                                                      0.000     0.000 r  
    R4                                                0.000     0.000 r  clk (IN)
                         net (fo=0)                   0.000     0.000    clk_gen/inst/clk_in1
    R4                   IBUF (Prop_ibuf_I_O)         1.475     1.475 r  clk_gen/inst/clkin1_ibufg/O
                         net (fo=1, routed)           1.253     2.728    clk_gen/inst/clk_in1_clk_wiz_0
    PLLE2_ADV_X1Y2       PLLE2_ADV (Prop_plle2_adv_CLKIN1_CLKOUT0)
                                                     -8.953    -6.225 r  clk_gen/inst/plle2_adv_inst/CLKOUT0
                         net (fo=1, routed)           1.802    -4.422    clk_gen/inst/clk_out1_clk_wiz_0
    BUFGCTRL_X0Y15       BUFG (Prop_bufg_I_O)         0.096    -4.326 r  clk_gen/inst/clkout1_buf_replica/O
                         net (fo=5, routed)           0.154    -4.172    clk_gen/inst/clk_out1_repN
    BUFGCTRL_X0Y0        BUFG (Prop_bufg_I_O)         0.096    -4.076 r  clk_gen/inst/clkout1_buf/O
                         net (fo=2469, routed)        2.122    -1.954    rv32im72f_8sp/ex_ex2_register/clk_out1
    SLICE_X16Y34         FDRE                                         r  rv32im72f_8sp/ex_ex2_register/EX2_alu_result_reg[22]/C
  -------------------------------------------------------------------    -------------------
    SLICE_X16Y34         FDRE (Prop_fdre_C_Q)         0.518    -1.436 f  rv32im72f_8sp/ex_ex2_register/EX2_alu_result_reg[22]/Q
                         net (fo=6, routed)           0.444    -0.991    rv32im72f_8sp/ex_ex2_register/EX2_alu_result_reg[31]_0[22]
    SLICE_X17Y34         LUT4 (Prop_lut4_I3_O)        0.124    -0.867 r  rv32im72f_8sp/ex_ex2_register/instruction_reg_0_i_7/O
                         net (fo=2, routed)           0.799    -0.068    rv32im72f_8sp/ex_ex2_register/instruction_reg_0_i_7_n_0
    SLICE_X19Y34         LUT6 (Prop_lut6_I4_O)        0.124     0.056 r  rv32im72f_8sp/ex_ex2_register/instruction_reg_0_i_4/O
                         net (fo=2, routed)           0.596     0.652    rv32im72f_8sp/ex_ex2_register/EX2_alu_result_reg[28]_0
    SLICE_X21Y34         LUT6 (Prop_lut6_I0_O)        0.124     0.776 r  rv32im72f_8sp/ex_ex2_register/prediction_counter[1]_i_3/O
                         net (fo=1, routed)           0.000     0.776    rv32im72f_8sp/ex_ex2_register/prediction_counter[1]_i_3_n_0
    SLICE_X21Y34         MUXF7 (Prop_muxf7_I0_O)      0.212     0.988 r  rv32im72f_8sp/ex_ex2_register/prediction_counter_reg[1]_i_2/O
                         net (fo=37, routed)          0.653     1.641    rv32im72f_8sp/ex_ex2_register/EX2_funct3_reg[2]_0
    SLICE_X19Y35         LUT6 (Prop_lut6_I1_O)        0.299     1.940 r  rv32im72f_8sp/ex_ex2_register/div_inflight_i_3/O
                         net (fo=27, routed)          0.469     2.409    rv32im72f_8sp/exr_ex_register/ID_EXR_flush
    SLICE_X19Y34         LUT3 (Prop_lut3_I2_O)        0.124     2.533 f  rv32im72f_8sp/exr_ex_register/div_overflow_flag_i_3/O
                         net (fo=6, routed)           0.631     3.163    rv32im72f_8sp/exr_ex_register/div_start
    SLICE_X20Y32         LUT6 (Prop_lut6_I5_O)        0.124     3.287 r  rv32im72f_8sp/exr_ex_register/memory_bank0_reg_0_i_28/O
                         net (fo=1, routed)           0.162     3.449    rv32im72f_8sp/exception_detector/WB_alu_result_reg[0]_0
    SLICE_X20Y32         LUT6 (Prop_lut6_I5_O)        0.124     3.573 f  rv32im72f_8sp/exception_detector/memory_bank0_reg_0_i_23/O
                         net (fo=9, routed)           0.906     4.479    rv32im72f_8sp/exception_detector/MEM_WB_stall
    SLICE_X31Y36         LUT2 (Prop_lut2_I1_O)        0.124     4.603 r  rv32im72f_8sp/exception_detector/instruction_reg_0_i_2/O
                         net (fo=8, routed)           1.337     5.940    rv32im72f_8sp/instruction_memory/instruction_reg_0_0
    RAMB36_X1Y3          RAMB36E1                                     r  rv32im72f_8sp/instruction_memory/instruction_reg_0/ENBWREN
  -------------------------------------------------------------------    -------------------

                         (clock clk_out1_clk_wiz_0 rise edge)
                                                      8.276     8.276 r  
    R4                                                0.000     8.276 r  clk (IN)
                         net (fo=0)                   0.000     8.276    clk_gen/inst/clk_in1
    R4                   IBUF (Prop_ibuf_I_O)         1.405     9.680 r  clk_gen/inst/clkin1_ibufg/O
                         net (fo=1, routed)           1.181    10.861    clk_gen/inst/clk_in1_clk_wiz_0
    PLLE2_ADV_X1Y2       PLLE2_ADV (Prop_plle2_adv_CLKIN1_CLKOUT0)
                                                     -8.206     2.656 r  clk_gen/inst/plle2_adv_inst/CLKOUT0
                         net (fo=1, routed)           1.718     4.374    clk_gen/inst/clk_out1_clk_wiz_0
    BUFGCTRL_X0Y15       BUFG (Prop_bufg_I_O)         0.091     4.465 r  clk_gen/inst/clkout1_buf_replica/O
                         net (fo=5, routed)           0.147     4.612    clk_gen/inst/clk_out1_repN
    BUFGCTRL_X0Y0        BUFG (Prop_bufg_I_O)         0.091     4.703 r  clk_gen/inst/clkout1_buf/O
                         net (fo=2469, routed)        2.027     6.730    rv32im72f_8sp/instruction_memory/clk_out1
    RAMB36_X1Y3          RAMB36E1                                     r  rv32im72f_8sp/instruction_memory/instruction_reg_0/CLKBWRCLK
                         clock pessimism             -0.406     6.324    
                         clock uncertainty           -0.066     6.258    
    RAMB36_X1Y3          RAMB36E1 (Setup_ramb36e1_CLKBWRCLK_ENBWREN)
                                                     -0.443     5.815    rv32im72f_8sp/instruction_memory/instruction_reg_0
  -------------------------------------------------------------------
                         required time                          5.815    
                         arrival time                          -5.940    
  -------------------------------------------------------------------
                         slack                                 -0.125    





Min Delay Paths
--------------------------------------------------------------------------------------
Slack (MET) :             0.098ns  (arrival time - required time)
  Source:                 rv32im72f_8sp/ex_ex2_register/EX2_alu_result_reg[21]/C
                            (rising edge-triggered cell FDRE clocked by clk_out1_clk_wiz_0  {rise@0.000ns fall@4.138ns period=8.276ns})
  Destination:            rv32im72f_8sp/ex_mem_register/MEM_alu_result_reg[21]/D
                            (rising edge-triggered cell FDRE clocked by clk_out1_clk_wiz_0  {rise@0.000ns fall@4.138ns period=8.276ns})
  Path Group:             clk_out1_clk_wiz_0
  Path Type:              Hold (Min at Fast Process Corner)
  Requirement:            0.000ns  (clk_out1_clk_wiz_0 rise@0.000ns - clk_out1_clk_wiz_0 rise@0.000ns)
  Data Path Delay:        0.515ns  (logic 0.141ns (27.373%)  route 0.374ns (72.627%))
  Logic Levels:           0  
  Clock Path Skew:        0.342ns (DCD - SCD - CPR)
    Destination Clock Delay (DCD):    -0.191ns
    Source Clock Delay      (SCD):    -0.488ns
    Clock Pessimism Removal (CPR):    -0.045ns

    Location             Delay type                Incr(ns)  Path(ns)    Netlist Resource(s)
  -------------------------------------------------------------------    -------------------
                         (clock clk_out1_clk_wiz_0 rise edge)
                                                      0.000     0.000 r  
    R4                                                0.000     0.000 r  clk (IN)
                         net (fo=0)                   0.000     0.000    clk_gen/inst/clk_in1
    R4                   IBUF (Prop_ibuf_I_O)         0.243     0.243 r  clk_gen/inst/clkin1_ibufg/O
                         net (fo=1, routed)           0.440     0.683    clk_gen/inst/clk_in1_clk_wiz_0
    PLLE2_ADV_X1Y2       PLLE2_ADV (Prop_plle2_adv_CLKIN1_CLKOUT0)
                                                     -2.503    -1.819 r  clk_gen/inst/plle2_adv_inst/CLKOUT0
                         net (fo=1, routed)           0.546    -1.273    clk_gen/inst/clk_out1_clk_wiz_0
    BUFGCTRL_X0Y15       BUFG (Prop_bufg_I_O)         0.026    -1.247 r  clk_gen/inst/clkout1_buf_replica/O
                         net (fo=5, routed)           0.760    -0.488    rv32im72f_8sp/ex_ex2_register/clk_out1_repN_alias
    SLICE_X17Y34         FDRE                                         r  rv32im72f_8sp/ex_ex2_register/EX2_alu_result_reg[21]/C
  -------------------------------------------------------------------    -------------------
    SLICE_X17Y34         FDRE (Prop_fdre_C_Q)         0.141    -0.347 r  rv32im72f_8sp/ex_ex2_register/EX2_alu_result_reg[21]/Q
                         net (fo=6, routed)           0.374     0.028    rv32im72f_8sp/ex_mem_register/MEM_alu_result_reg[31]_1[21]
    SLICE_X20Y24         FDRE                                         r  rv32im72f_8sp/ex_mem_register/MEM_alu_result_reg[21]/D
  -------------------------------------------------------------------    -------------------

                         (clock clk_out1_clk_wiz_0 rise edge)
                                                      0.000     0.000 r  
    R4                                                0.000     0.000 r  clk (IN)
                         net (fo=0)                   0.000     0.000    clk_gen/inst/clk_in1
    R4                   IBUF (Prop_ibuf_I_O)         0.431     0.431 r  clk_gen/inst/clkin1_ibufg/O
                         net (fo=1, routed)           0.481     0.912    clk_gen/inst/clk_in1_clk_wiz_0
    PLLE2_ADV_X1Y2       PLLE2_ADV (Prop_plle2_adv_CLKIN1_CLKOUT0)
                                                     -2.828    -1.916 r  clk_gen/inst/plle2_adv_inst/CLKOUT0
                         net (fo=1, routed)           0.595    -1.322    clk_gen/inst/clk_out1_clk_wiz_0
    BUFGCTRL_X0Y15       BUFG (Prop_bufg_I_O)         0.029    -1.293 r  clk_gen/inst/clkout1_buf_replica/O
                         net (fo=5, routed)           0.046    -1.247    clk_gen/inst/clk_out1_repN
    BUFGCTRL_X0Y0        BUFG (Prop_bufg_I_O)         0.029    -1.218 r  clk_gen/inst/clkout1_buf/O
                         net (fo=2469, routed)        1.027    -0.191    rv32im72f_8sp/ex_mem_register/clk_out1
    SLICE_X20Y24         FDRE                                         r  rv32im72f_8sp/ex_mem_register/MEM_alu_result_reg[21]/C
                         clock pessimism              0.045    -0.146    
    SLICE_X20Y24         FDRE (Hold_fdre_C_D)         0.075    -0.071    rv32im72f_8sp/ex_mem_register/MEM_alu_result_reg[21]
  -------------------------------------------------------------------
                         required time                          0.071    
                         arrival time                           0.028    
  -------------------------------------------------------------------
                         slack                                  0.098    





Pulse Width Checks
--------------------------------------------------------------------------------------
Clock Name:         clk_out1_clk_wiz_0
Waveform(ns):       { 0.000 4.138 }
Period(ns):         8.276
Sources:            { clk_gen/inst/plle2_adv_inst/CLKOUT0 }

Check Type        Corner  Lib Pin             Reference Pin  Required(ns)  Actual(ns)  Slack(ns)  Location        Pin
Min Period        n/a     RAMB36E1/CLKARDCLK  n/a            2.944         8.276       5.332      RAMB36_X2Y4     rv32im72f_8sp/data_memory/memory_bank0_reg_0/CLKARDCLK
Max Period        n/a     PLLE2_ADV/CLKOUT0   n/a            160.000       8.276       151.724    PLLE2_ADV_X1Y2  clk_gen/inst/plle2_adv_inst/CLKOUT0
Low Pulse Width   Slow    RAMD32/CLK          n/a            1.250         4.138       2.888      SLICE_X36Y33    rv32im72f_8sp/register_file/registers_reg_r1_0_31_0_5/RAMA/CLK
High Pulse Width  Slow    RAMD32/CLK          n/a            1.250         4.138       2.888      SLICE_X36Y33    rv32im72f_8sp/register_file/registers_reg_r1_0_31_0_5/RAMA/CLK



---------------------------------------------------------------------------------------------------
From Clock:  clkfbout_clk_wiz_0
  To Clock:  clkfbout_clk_wiz_0

Setup :           NA  Failing Endpoints,  Worst Slack           NA  ,  Total Violation           NA
Hold  :           NA  Failing Endpoints,  Worst Slack           NA  ,  Total Violation           NA
PW    :            0  Failing Endpoints,  Worst Slack       17.845ns,  Total Violation        0.000ns
---------------------------------------------------------------------------------------------------


Pulse Width Checks
--------------------------------------------------------------------------------------
Clock Name:         clkfbout_clk_wiz_0
Waveform(ns):       { 0.000 10.000 }
Period(ns):         20.000
Sources:            { clk_gen/inst/plle2_adv_inst/CLKFBOUT }

Check Type  Corner  Lib Pin            Reference Pin  Required(ns)  Actual(ns)  Slack(ns)  Location        Pin
Min Period  n/a     BUFG/I             n/a            2.155         20.000      17.845     BUFGCTRL_X0Y1   clk_gen/inst/clkf_buf/I
Max Period  n/a     PLLE2_ADV/CLKFBIN  n/a            52.633        20.000      32.633     PLLE2_ADV_X1Y2  clk_gen/inst/plle2_adv_inst/CLKFBIN



---------------------------------------------------------------------------------------------------
Path Group:  **async_default**
From Clock:  clk_out1_clk_wiz_0
  To Clock:  clk_out1_clk_wiz_0

Setup :            0  Failing Endpoints,  Worst Slack        1.141ns,  Total Violation        0.000ns
Hold  :            0  Failing Endpoints,  Worst Slack        0.526ns,  Total Violation        0.000ns
---------------------------------------------------------------------------------------------------


Max Delay Paths
--------------------------------------------------------------------------------------
Slack (MET) :             1.141ns  (required time - arrival time)
  Source:                 reset_sync_reg[2]/C
                            (rising edge-triggered cell FDPE clocked by clk_out1_clk_wiz_0  {rise@0.000ns fall@4.138ns period=8.276ns})
  Destination:            unified_uart_controller/debounce_counter_reg[17]/CLR
                            (recovery check against rising-edge clock clk_out1_clk_wiz_0  {rise@0.000ns fall@4.138ns period=8.276ns})
  Path Group:             **async_default**
  Path Type:              Recovery (Max at Slow Process Corner)
  Requirement:            8.276ns  (clk_out1_clk_wiz_0 rise@8.276ns - clk_out1_clk_wiz_0 rise@0.000ns)
  Data Path Delay:        6.372ns  (logic 0.456ns (7.156%)  route 5.916ns (92.844%))
  Logic Levels:           0  
  Clock Path Skew:        -0.292ns (DCD - SCD + CPR)
    Destination Clock Delay (DCD):    -1.761ns = ( 6.515 - 8.276 ) 
    Source Clock Delay      (SCD):    -1.956ns
    Clock Pessimism Removal (CPR):    -0.487ns
  Clock Uncertainty:      0.066ns  ((TSJ^2 + DJ^2)^1/2) / 2 + PE
    Total System Jitter     (TSJ):    0.071ns
    Discrete Jitter          (DJ):    0.111ns
    Phase Error              (PE):    0.000ns

    Location             Delay type                Incr(ns)  Path(ns)    Netlist Resource(s)
  -------------------------------------------------------------------    -------------------
                         (clock clk_out1_clk_wiz_0 rise edge)
                                                      0.000     0.000 r  
    R4                                                0.000     0.000 r  clk (IN)
                         net (fo=0)                   0.000     0.000    clk_gen/inst/clk_in1
    R4                   IBUF (Prop_ibuf_I_O)         1.475     1.475 r  clk_gen/inst/clkin1_ibufg/O
                         net (fo=1, routed)           1.253     2.728    clk_gen/inst/clk_in1_clk_wiz_0
    PLLE2_ADV_X1Y2       PLLE2_ADV (Prop_plle2_adv_CLKIN1_CLKOUT0)
                                                     -8.953    -6.225 r  clk_gen/inst/plle2_adv_inst/CLKOUT0
                         net (fo=1, routed)           1.802    -4.422    clk_gen/inst/clk_out1_clk_wiz_0
    BUFGCTRL_X0Y15       BUFG (Prop_bufg_I_O)         0.096    -4.326 r  clk_gen/inst/clkout1_buf_replica/O
                         net (fo=5, routed)           0.154    -4.172    clk_gen/inst/clk_out1_repN
    BUFGCTRL_X0Y0        BUFG (Prop_bufg_I_O)         0.096    -4.076 r  clk_gen/inst/clkout1_buf/O
                         net (fo=2469, routed)        2.120    -1.956    clk_cpu
    SLICE_X15Y31         FDPE                                         r  reset_sync_reg[2]/C
  -------------------------------------------------------------------    -------------------
    SLICE_X15Y31         FDPE (Prop_fdpe_C_Q)         0.456    -1.500 f  reset_sync_reg[2]/Q
                         net (fo=923, routed)         5.916     4.416    unified_uart_controller/Q[0]
    SLICE_X17Y84         FDCE                                         f  unified_uart_controller/debounce_counter_reg[17]/CLR
  -------------------------------------------------------------------    -------------------

                         (clock clk_out1_clk_wiz_0 rise edge)
                                                      8.276     8.276 r  
    R4                                                0.000     8.276 r  clk (IN)
                         net (fo=0)                   0.000     8.276    clk_gen/inst/clk_in1
    R4                   IBUF (Prop_ibuf_I_O)         1.405     9.680 r  clk_gen/inst/clkin1_ibufg/O
                         net (fo=1, routed)           1.181    10.861    clk_gen/inst/clk_in1_clk_wiz_0
    PLLE2_ADV_X1Y2       PLLE2_ADV (Prop_plle2_adv_CLKIN1_CLKOUT0)
                                                     -8.206     2.656 r  clk_gen/inst/plle2_adv_inst/CLKOUT0
                         net (fo=1, routed)           1.718     4.374    clk_gen/inst/clk_out1_clk_wiz_0
    BUFGCTRL_X0Y15       BUFG (Prop_bufg_I_O)         0.091     4.465 r  clk_gen/inst/clkout1_buf_replica/O
                         net (fo=5, routed)           0.147     4.612    clk_gen/inst/clk_out1_repN
    BUFGCTRL_X0Y0        BUFG (Prop_bufg_I_O)         0.091     4.703 r  clk_gen/inst/clkout1_buf/O
                         net (fo=2469, routed)        1.812     6.515    unified_uart_controller/clk_out1
    SLICE_X17Y84         FDCE                                         r  unified_uart_controller/debounce_counter_reg[17]/C
                         clock pessimism             -0.487     6.028    
                         clock uncertainty           -0.066     5.962    
    SLICE_X17Y84         FDCE (Recov_fdce_C_CLR)     -0.405     5.557    unified_uart_controller/debounce_counter_reg[17]
  -------------------------------------------------------------------
                         required time                          5.557    
                         arrival time                          -4.416    
  -------------------------------------------------------------------
                         slack                                  1.141    





Min Delay Paths
--------------------------------------------------------------------------------------
Slack (MET) :             0.526ns  (arrival time - required time)
  Source:                 reset_sync_reg[2]/C
                            (rising edge-triggered cell FDPE clocked by clk_out1_clk_wiz_0  {rise@0.000ns fall@4.138ns period=8.276ns})
  Destination:            rv32im72f_8sp/csr_file/csr_processing_reg/CLR
                            (removal check against rising-edge clock clk_out1_clk_wiz_0  {rise@0.000ns fall@4.138ns period=8.276ns})
  Path Group:             **async_default**
  Path Type:              Removal (Min at Fast Process Corner)
  Requirement:            0.000ns  (clk_out1_clk_wiz_0 rise@0.000ns - clk_out1_clk_wiz_0 rise@0.000ns)
  Data Path Delay:        0.472ns  (logic 0.141ns (29.856%)  route 0.331ns (70.144%))
  Logic Levels:           0  
  Clock Path Skew:        0.013ns (DCD - SCD - CPR)
    Destination Clock Delay (DCD):    -0.183ns
    Source Clock Delay      (SCD):    -0.421ns
    Clock Pessimism Removal (CPR):    0.225ns

    Location             Delay type                Incr(ns)  Path(ns)    Netlist Resource(s)
  -------------------------------------------------------------------    -------------------
                         (clock clk_out1_clk_wiz_0 rise edge)
                                                      0.000     0.000 r  
    R4                                                0.000     0.000 r  clk (IN)
                         net (fo=0)                   0.000     0.000    clk_gen/inst/clk_in1
    R4                   IBUF (Prop_ibuf_I_O)         0.243     0.243 r  clk_gen/inst/clkin1_ibufg/O
                         net (fo=1, routed)           0.440     0.683    clk_gen/inst/clk_in1_clk_wiz_0
    PLLE2_ADV_X1Y2       PLLE2_ADV (Prop_plle2_adv_CLKIN1_CLKOUT0)
                                                     -2.503    -1.819 r  clk_gen/inst/plle2_adv_inst/CLKOUT0
                         net (fo=1, routed)           0.546    -1.273    clk_gen/inst/clk_out1_clk_wiz_0
    BUFGCTRL_X0Y15       BUFG (Prop_bufg_I_O)         0.026    -1.247 r  clk_gen/inst/clkout1_buf_replica/O
                         net (fo=5, routed)           0.042    -1.205    clk_gen/inst/clk_out1_repN
    BUFGCTRL_X0Y0        BUFG (Prop_bufg_I_O)         0.026    -1.179 r  clk_gen/inst/clkout1_buf/O
                         net (fo=2469, routed)        0.759    -0.421    clk_cpu
    SLICE_X15Y31         FDPE                                         r  reset_sync_reg[2]/C
  -------------------------------------------------------------------    -------------------
    SLICE_X15Y31         FDPE (Prop_fdpe_C_Q)         0.141    -0.280 f  reset_sync_reg[2]/Q
                         net (fo=923, routed)         0.331     0.052    rv32im72f_8sp/csr_file/Q[0]
    SLICE_X12Y30         FDCE                                         f  rv32im72f_8sp/csr_file/csr_processing_reg/CLR
  -------------------------------------------------------------------    -------------------

                         (clock clk_out1_clk_wiz_0 rise edge)
                                                      0.000     0.000 r  
    R4                                                0.000     0.000 r  clk (IN)
                         net (fo=0)                   0.000     0.000    clk_gen/inst/clk_in1
    R4                   IBUF (Prop_ibuf_I_O)         0.431     0.431 r  clk_gen/inst/clkin1_ibufg/O
                         net (fo=1, routed)           0.481     0.912    clk_gen/inst/clk_in1_clk_wiz_0
    PLLE2_ADV_X1Y2       PLLE2_ADV (Prop_plle2_adv_CLKIN1_CLKOUT0)
                                                     -2.828    -1.916 r  clk_gen/inst/plle2_adv_inst/CLKOUT0
                         net (fo=1, routed)           0.595    -1.322    clk_gen/inst/clk_out1_clk_wiz_0
    BUFGCTRL_X0Y15       BUFG (Prop_bufg_I_O)         0.029    -1.293 r  clk_gen/inst/clkout1_buf_replica/O
                         net (fo=5, routed)           0.046    -1.247    clk_gen/inst/clk_out1_repN
    BUFGCTRL_X0Y0        BUFG (Prop_bufg_I_O)         0.029    -1.218 r  clk_gen/inst/clkout1_buf/O
                         net (fo=2469, routed)        1.035    -0.183    rv32im72f_8sp/csr_file/clk_out1
    SLICE_X12Y30         FDCE                                         r  rv32im72f_8sp/csr_file/csr_processing_reg/C
                         clock pessimism             -0.225    -0.408    
    SLICE_X12Y30         FDCE (Remov_fdce_C_CLR)     -0.067    -0.475    rv32im72f_8sp/csr_file/csr_processing_reg
  -------------------------------------------------------------------
                         required time                          0.475    
                         arrival time                           0.052    
  -------------------------------------------------------------------
                         slack                                  0.526    





